MigrationStrategy=SOTA-Lock (Stop=false Lock=true NotLock=false)
客户端开启监听，地址：127.0.0.1:8800
MVSS测试格式文件 D:\Desktop\实验室\MVSS+\MVSS-main\selectedTxs_300K.csv
300K交易处理 [   0x147184ef469ce9bba3d08af16f0b6d31cac35ac8 0x695055f1ea55c36ec7e3bd43d1736511ac8dab61  0 0 110000000000000000000         ]
300K交易处理 [   0x32be343b94f860124dc4fee278fdcbd38c102d88 0x06c69f734a0240cb31678412f04eb0ce8f39258b  0 0 49990000000000000000         ]
300K交易处理 [   0x5410c4c59a719eef345869c204ec8dcac2dfd718 0xa795b4ddbf17570f2c8f5e75a13ef94db6757f32  0 0 100094510999899995340         ]
成功读取 299999 笔交易
[RunClient] InjectStartTx=0 MaxInjectTxs=20000，实际注入区间=[0,20000)，共 20000 笔交易
客户端发送初始时间：1780065759
客户端发送初始时间：1780065759
客户端发送初始时间：1780065759
客户端发送初始时间：1780065759

所有迁移都完成啦！
距离下一次迁移长度：40

所有迁移都完成啦！
距离下一次迁移长度：39

所有迁移都完成啦！
距离下一次迁移长度：38

所有迁移都完成啦！
距离下一次迁移长度：37

所有迁移都完成啦！
距离下一次迁移长度：36

所有迁移都完成啦！
距离下一次迁移长度：35

所有迁移都完成啦！
距离下一次迁移长度：34

所有迁移都完成啦！
距离下一次迁移长度：33

所有迁移都完成啦！
距离下一次迁移长度：32

所有迁移都完成啦！
距离下一次迁移长度：31

所有迁移都完成啦！
距离下一次迁移长度：30

所有迁移都完成啦！
距离下一次迁移长度：29

所有迁移都完成啦！
距离下一次迁移长度：28

所有迁移都完成啦！
距离下一次迁移长度：27

所有迁移都完成啦！
距离下一次迁移长度：26

所有迁移都完成啦！
距离下一次迁移长度：25

所有迁移都完成啦！
距离下一次迁移长度：24

所有迁移都完成啦！
距离下一次迁移长度：23

所有迁移都完成啦！
距离下一次迁移长度：22

所有迁移都完成啦！
距离下一次迁移长度：21

所有迁移都完成啦！
距离下一次迁移长度：20

所有迁移都完成啦！
距离下一次迁移长度：19

所有迁移都完成啦！
距离下一次迁移长度：18

所有迁移都完成啦！
距离下一次迁移长度：17

所有迁移都完成啦！
距离下一次迁移长度：16

所有迁移都完成啦！
距离下一次迁移长度：15

所有迁移都完成啦！
距离下一次迁移长度：14

所有迁移都完成啦！
距离下一次迁移长度：13

所有迁移都完成啦！
距离下一次迁移长度：12

所有迁移都完成啦！
距离下一次迁移长度：11

所有迁移都完成啦！
距离下一次迁移长度：10

所有迁移都完成啦！
距离下一次迁移长度：9

所有迁移都完成啦！
距离下一次迁移长度：8

所有迁移都完成啦！
距离下一次迁移长度：7

所有迁移都完成啦！
距离下一次迁移长度：6

所有迁移都完成啦！
距离下一次迁移长度：5

所有迁移都完成啦！
距离下一次迁移长度：4

所有迁移都完成啦！
距离下一次迁移长度：3

所有迁移都完成啦！
距离下一次迁移长度：2

所有迁移都完成啦！
距离下一次迁移长度：1

所有迁移都完成啦！
距离下一次迁移长度：0


 每个分片出20啦！ 
正在向分片S0的主节点发送MigrateWanted消息
正在向分片S1的主节点发送MigrateWanted消息
距离下一次迁移长度：-1

所有分片都发送了pending！


次数：1  时间：44
正在向分片S0的主节点发送新的映射
正在向分片S1的主节点发送新的映射
距离下一次迁移长度：-2

距离下一次迁移长度：-3

距离下一次迁移长度：-4

距离下一次迁移长度：-5

client已接收到分片S0发来通知 
client已接收到分片S1发来通知 
距离下一次迁移长度：-6

距离下一次迁移长度：-7

距离下一次迁移长度：-8

距离下一次迁移长度：-9


注入20000

client已接收到分片S1发来通知 
client已接收到分片S0发来通知 
距离下一次迁移长度：-10

距离下一次迁移长度：-11

距离下一次迁移长度：-12

距离下一次迁移长度：-13

距离下一次迁移长度：-14

距离下一次迁移长度：-15

距离下一次迁移长度：-16

距离下一次迁移长度：-17

距离下一次迁移长度：-18

距离下一次迁移长度：-19

距离下一次迁移长度：-20

距离下一次迁移长度：-21

距离下一次迁移长度：-22

距离下一次迁移长度：-23

距离下一次迁移长度：-24

距离下一次迁移长度：-25

距离下一次迁移长度：-26

距离下一次迁移长度：-27

距离下一次迁移长度：-28

距离下一次迁移长度：-29

距离下一次迁移长度：-30

距离下一次迁移长度：-31

距离下一次迁移长度：-32

距离下一次迁移长度：-33

距离下一次迁移长度：-34

距离下一次迁移长度：-35

距离下一次迁移长度：-36

距离下一次迁移长度：-37

距离下一次迁移长度：-38

距离下一次迁移长度：-39

距离下一次迁移长度：-40

距离下一次迁移长度：-41

距离下一次迁移长度：-42

每个活跃分片已连续 5 个空块（inject 已完成），停止系统运行。emptyStreakByShard=map[S0:5 S1:5]
客户端向分片S0的节点N0发送终止运行消息
距离下一次迁移长度：-43

客户端向分片S0的节点N1发送终止运行消息
每个活跃分片已连续 5 个空块（inject 已完成），停止系统运行。emptyStreakByShard=map[S0:5 S1:6]
客户端向分片S1的节点N0发送终止运行消息
客户端向分片S1的节点N1发送终止运行消息
停止时间：86
