MigrationStrategy=SOTA-Lock (Stop=false Lock=true NotLock=false)
&{77 N0 S0 2 0 D:\Desktop\实验室\MVSS+\MVSS-main\selectedTxs_300K.csv 2 500 300 150 150 150 150 1000 10 1 400 20000 0 50000 20 true SOTA-Lock false true false false true false 3 false 8 false false false PageRank false 100 true false}
&{77 N0 S0 2 0 D:\Desktop\实验室\MVSS+\MVSS-main\selectedTxs_300K.csv 2 500 300 150 150 150 150 1000 10 1 400 20000 0 50000 20 true SOTA-Lock false true false false true false 3 false 8 false false false PageRank false 100 true false}
交易将由外部客户端发送
节点 N0 已启动，所属分片: S0
[Propose wait-first-tx] S0 N0 seq=1 Queue_len=0，首块等待交易注入后再出块
节点开启监听，地址：127.0.0.1:8010
[Propose wait-first-tx] S0 N0 seq=1 Queue_len=0，首块等待交易注入后再出块
[Propose wait-first-tx] S0 N0 seq=1 Queue_len=0，首块等待交易注入后再出块
[Propose wait-first-tx] S0 N0 seq=1 Queue_len=0，首块等待交易注入后再出块
[Propose wait-first-tx] S0 N0 seq=1 Queue_len=0，首块等待交易注入后再出块
[Propose wait-first-tx] S0 N0 seq=1 Queue_len=0，首块等待交易注入后再出块
[Propose wait-first-tx] S0 N0 seq=1 Queue_len=0，首块等待交易注入后再出块
[Propose wait-first-tx] S0 N0 seq=1 Queue_len=0，首块等待交易注入后再出块
[Propose wait-first-tx] S0 N0 seq=1 Queue_len=0，首块等待交易注入后再出块
[Propose wait-first-tx] S0 N0 seq=1 Queue_len=0，首块等待交易注入后再出块
[Propose wait-first-tx] S0 N0 seq=1 Queue_len=0，首块等待交易注入后再出块
[Propose wait-first-tx] S0 N0 seq=1 Queue_len=0，首块等待交易注入后再出块
[Propose wait-first-tx] S0 N0 seq=1 Queue_len=0，首块等待交易注入后再出块
[Propose wait-first-tx] S0 N0 seq=1 Queue_len=0，首块等待交易注入后再出块
[Propose wait-first-tx] S0 N0 seq=1 Queue_len=0，首块等待交易注入后再出块
[Propose wait-first-tx] S0 N0 seq=1 Queue_len=0，首块等待交易注入后再出块
[Propose wait-first-tx] S0 N0 seq=1 Queue_len=0，首块等待交易注入后再出块
本节点已接收到客户端发送的初始时间：1780065759（锚定 InitTime=1780065759，已重置 epoch=1）
[Propose wait-first-tx] S0 N0 seq=1 Queue_len=0，首块等待交易注入后再出块
[Propose wait-first-tx] S0 N0 seq=1 Queue_len=0，首块等待交易注入后再出块
[Propose wait-first-tx] S0 N0 seq=1 Queue_len=0，首块等待交易注入后再出块
[handleTxFromClient] S0 N0 recv client batch, tx_count=531
[handleTxFromClient] S0 N0 append to Tx_pool.Queue: local_queued=531 forward_other_shard=0 Queue_total_len=531
[Propose wait-first-tx] S0 N0 首块已检测到交易，结束等待，Queue_len=531
[Propose] S0 N0 时间条件满足: epoch=1->2 now=1780065763 InitTime=1780065759 lastpropose=1780065759 wallGap=4>=0 lastGap=4>=2 → propose1
[Propose] S0 N0 等待 sequenceLock…
[Propose] S0 N0 已持有 sequenceLock，seqID=1 即将 propose1
[propose1] S0 N0 seq=1 Tx_pool.Queue_len=531
left_count: 500
更新树花时间为: 93
写数据库IO花时间为: 103
编号为 1 的区块已加入本地区块链！curBlock: 
blockHeader: 
[1add38160db0458a48072f3ade543ffb4af4e9cfdf8f76549b9568e046a6a3ff 6bacc0654ede3ca193faa2d6f5ed73ef6c776996acf7adf25bc05e611a7fc3c5 3a943ee5b0370f5f722a9dbb599f4c6263d068e912167b21a690a9203ceaed7b 1 1780065763]
# of transactions: 500
# of TXmig1s: 0
# of In1s: 0
# of Anns: 0
# of NSs: 0
blockHash: 
0a063cc305eda7597e25a48c12cbc54b198f8195b094d50491fc0505999aaea5

第1个块开始准备relay

[Propose wait] S0 N0 spin=1 epoch=2 now=1780065763 InitTime=1780065759 lastpropose=1780065763 wallGap=4 need>=2 ok1=true lastGap=0 need>=2 ok2=false

第1个块结束relay

[Propose wait] S0 N0 spin=50 epoch=2 now=1780065764 InitTime=1780065759 lastpropose=1780065763 wallGap=5 need>=2 ok1=true lastGap=1 need>=2 ok2=false
[Propose] S0 N0 时间条件满足: epoch=2->3 now=1780065765 InitTime=1780065759 lastpropose=1780065763 wallGap=6>=2 lastGap=2>=2 → propose1
[Propose] S0 N0 等待 sequenceLock…
[Propose] S0 N0 已持有 sequenceLock，seqID=2 即将 propose1
[propose1] S0 N0 seq=2 Tx_pool.Queue_len=175
left_count: 500
[handleTxFromClient] S0 N0 recv client batch, tx_count=528
[handleTxFromClient] S0 N0 append to Tx_pool.Queue: local_queued=528 forward_other_shard=0 Queue_total_len=528
更新树花时间为: 17
写数据库IO花时间为: 26
编号为 2 的区块已加入本地区块链！curBlock: 
blockHeader: 
[0a063cc305eda7597e25a48c12cbc54b198f8195b094d50491fc0505999aaea5 ba710042886d3d5ef28632ab848d5375dbbf6347e08a56e657511840d242004a 5650fafaf7ac50cc233f04697fba326aac6652a75f15e0614b744b117443811f 2 1780065765]
# of transactions: 175
# of TXmig1s: 0
# of In1s: 0
# of Anns: 0
# of NSs: 0
blockHash: 
72c2f6511e2f6721e6eaf5f3a5b66d129e6e33b4aaba4717f1116cdbefcf7709

第2个块开始准备relay

[Propose wait] S0 N0 spin=1 epoch=3 now=1780065765 InitTime=1780065759 lastpropose=1780065765 wallGap=6 need>=4 ok1=true lastGap=0 need>=2 ok2=false

第2个块结束relay

[Propose wait] S0 N0 spin=50 epoch=3 now=1780065766 InitTime=1780065759 lastpropose=1780065765 wallGap=7 need>=4 ok1=true lastGap=1 need>=2 ok2=false
[Propose] S0 N0 时间条件满足: epoch=3->4 now=1780065767 InitTime=1780065759 lastpropose=1780065765 wallGap=8>=4 lastGap=2>=2 → propose1
[Propose] S0 N0 等待 sequenceLock…
[Propose] S0 N0 已持有 sequenceLock，seqID=3 即将 propose1
[propose1] S0 N0 seq=3 Tx_pool.Queue_len=528
left_count: 500
[handleTxFromClient] S0 N0 recv client batch, tx_count=623
[handleTxFromClient] S0 N0 append to Tx_pool.Queue: local_queued=623 forward_other_shard=0 Queue_total_len=651
更新树花时间为: 70
写数据库IO花时间为: 75
编号为 3 的区块已加入本地区块链！curBlock: 
blockHeader: 
[72c2f6511e2f6721e6eaf5f3a5b66d129e6e33b4aaba4717f1116cdbefcf7709 4eb67029d3985e4d1e06c393762a643aec8e3fe9725b2c662653af2c90a42b3e 1d5dfc345a1c0c5679ab034b87c8aea1978b369dc9919263867c81858e215bce 3 1780065767]
# of transactions: 500
# of TXmig1s: 0
# of In1s: 0
# of Anns: 0
# of NSs: 0
blockHash: 
1e7892b1ee10a6fd3dd28c02309982b9c97ca1cf6f76941f793c6f7a829d45b2

第3个块开始准备relay

[Propose wait] S0 N0 spin=1 epoch=4 now=1780065767 InitTime=1780065759 lastpropose=1780065767 wallGap=8 need>=6 ok1=true lastGap=0 need>=2 ok2=false

第3个块结束relay

[Propose wait] S0 N0 spin=50 epoch=4 now=1780065768 InitTime=1780065759 lastpropose=1780065767 wallGap=9 need>=6 ok1=true lastGap=1 need>=2 ok2=false
[Propose] S0 N0 时间条件满足: epoch=4->5 now=1780065769 InitTime=1780065759 lastpropose=1780065767 wallGap=10>=6 lastGap=2>=2 → propose1
[Propose] S0 N0 等待 sequenceLock…
[Propose] S0 N0 已持有 sequenceLock，seqID=4 即将 propose1
[propose1] S0 N0 seq=4 Tx_pool.Queue_len=844
left_count: 500
[handleTxFromClient] S0 N0 recv client batch, tx_count=637
[handleTxFromClient] S0 N0 append to Tx_pool.Queue: local_queued=637 forward_other_shard=0 Queue_total_len=981
更新树花时间为: 72
写数据库IO花时间为: 83
编号为 4 的区块已加入本地区块链！curBlock: 
blockHeader: 
[1e7892b1ee10a6fd3dd28c02309982b9c97ca1cf6f76941f793c6f7a829d45b2 b5d4029c59f314b5f646189ad677da317094c20e4873d6d4b13e7ce19e544eda 223881f69662496577add6ef89208b7ca9481a3a59bf44ab3f9bf3eae2e2e38d 4 1780065769]
# of transactions: 500
# of TXmig1s: 0
# of In1s: 0
# of Anns: 0
# of NSs: 0
blockHash: 
6ae27e6d56b72066b7d283cc0337f8749330a8bc72f42ea1f248e87e6e6ea76b

第4个块开始准备relay

[Propose wait] S0 N0 spin=1 epoch=5 now=1780065769 InitTime=1780065759 lastpropose=1780065769 wallGap=10 need>=8 ok1=true lastGap=0 need>=2 ok2=false

第4个块结束relay

[Propose wait] S0 N0 spin=50 epoch=5 now=1780065770 InitTime=1780065759 lastpropose=1780065769 wallGap=11 need>=8 ok1=true lastGap=1 need>=2 ok2=false
[Propose] S0 N0 时间条件满足: epoch=5->6 now=1780065771 InitTime=1780065759 lastpropose=1780065769 wallGap=12>=8 lastGap=2>=2 → propose1
[Propose] S0 N0 等待 sequenceLock…
[Propose] S0 N0 已持有 sequenceLock，seqID=5 即将 propose1
[propose1] S0 N0 seq=5 Tx_pool.Queue_len=1072
left_count: 500
[handleTxFromClient] S0 N0 recv client batch, tx_count=641
[handleTxFromClient] S0 N0 append to Tx_pool.Queue: local_queued=641 forward_other_shard=0 Queue_total_len=1213
更新树花时间为: 62
写数据库IO花时间为: 67
编号为 5 的区块已加入本地区块链！curBlock: 
blockHeader: 
[6ae27e6d56b72066b7d283cc0337f8749330a8bc72f42ea1f248e87e6e6ea76b caecaeab9897c3714b51f6f2ec7f8dcd2cb64aabb25af5e15c1e05b5724632fc 2485acf713ae2f18f88698bceef934b69ea302c84aa3bfa14ea9fb6cad23ef6f 5 1780065771]
# of transactions: 500
# of TXmig1s: 0
# of In1s: 0
# of Anns: 0
# of NSs: 0
blockHash: 
6689efbea5f99bc1b091256ec62a99cb1fdef897632499ff7364ea4484b7f1ff

第5个块开始准备relay

[Propose wait] S0 N0 spin=1 epoch=6 now=1780065771 InitTime=1780065759 lastpropose=1780065771 wallGap=12 need>=10 ok1=true lastGap=0 need>=2 ok2=false

第5个块结束relay

[Propose wait] S0 N0 spin=50 epoch=6 now=1780065772 InitTime=1780065759 lastpropose=1780065771 wallGap=13 need>=10 ok1=true lastGap=1 need>=2 ok2=false
[Propose] S0 N0 时间条件满足: epoch=6->7 now=1780065773 InitTime=1780065759 lastpropose=1780065771 wallGap=14>=10 lastGap=2>=2 → propose1
[Propose] S0 N0 等待 sequenceLock…
[Propose] S0 N0 已持有 sequenceLock，seqID=6 即将 propose1
[propose1] S0 N0 seq=6 Tx_pool.Queue_len=1285
left_count: 500
[handleTxFromClient] S0 N0 recv client batch, tx_count=409
[handleTxFromClient] S0 N0 append to Tx_pool.Queue: local_queued=409 forward_other_shard=0 Queue_total_len=1194
更新树花时间为: 74
写数据库IO花时间为: 81
编号为 6 的区块已加入本地区块链！curBlock: 
blockHeader: 
[6689efbea5f99bc1b091256ec62a99cb1fdef897632499ff7364ea4484b7f1ff 3ec630ba388a7ac672277767732741dc9e9f704513929040d4ff5170089b97d0 c0fd64299785b5fd68b4d56fb3941b579d41ed1f98f83e58ba6dc79210e1d50a 6 1780065773]
# of transactions: 500
# of TXmig1s: 0
# of In1s: 0
# of Anns: 0
# of NSs: 0
blockHash: 
98eb1116d866bb046eb8eec89f473b7a3a914f1c54c621b9ce824854a0e057c2

第6个块开始准备relay

[Propose wait] S0 N0 spin=1 epoch=7 now=1780065773 InitTime=1780065759 lastpropose=1780065773 wallGap=14 need>=12 ok1=true lastGap=0 need>=2 ok2=false

第6个块结束relay

[Propose wait] S0 N0 spin=50 epoch=7 now=1780065774 InitTime=1780065759 lastpropose=1780065773 wallGap=15 need>=12 ok1=true lastGap=1 need>=2 ok2=false
[Propose] S0 N0 时间条件满足: epoch=7->8 now=1780065775 InitTime=1780065759 lastpropose=1780065773 wallGap=16>=12 lastGap=2>=2 → propose1
[Propose] S0 N0 等待 sequenceLock…
[Propose] S0 N0 已持有 sequenceLock，seqID=7 即将 propose1
[propose1] S0 N0 seq=7 Tx_pool.Queue_len=1269
left_count: 500
[handleTxFromClient] S0 N0 recv client batch, tx_count=55
[handleTxFromClient] S0 N0 append to Tx_pool.Queue: local_queued=55 forward_other_shard=0 Queue_total_len=824
更新树花时间为: 81
写数据库IO花时间为: 97
编号为 7 的区块已加入本地区块链！curBlock: 
blockHeader: 
[98eb1116d866bb046eb8eec89f473b7a3a914f1c54c621b9ce824854a0e057c2 2f053adbd1ae38c9cebff02c1311d3a0033a099d7e72b42d7aaa13209080579d 6369c1bebd1a0c475283852f630488d069f3892bcf27db76efc1a2f0798f1ab7 7 1780065775]
# of transactions: 500
# of TXmig1s: 0
# of In1s: 0
# of Anns: 0
# of NSs: 0
blockHash: 
242f9d14a803d02e69423d9d253535957fde7bb8c6d7ed925f5ca501414d9669

第7个块开始准备relay

[Propose wait] S0 N0 spin=1 epoch=8 now=1780065775 InitTime=1780065759 lastpropose=1780065775 wallGap=16 need>=14 ok1=true lastGap=0 need>=2 ok2=false

第7个块结束relay

[Propose wait] S0 N0 spin=50 epoch=8 now=1780065776 InitTime=1780065759 lastpropose=1780065775 wallGap=17 need>=14 ok1=true lastGap=1 need>=2 ok2=false
[Propose] S0 N0 时间条件满足: epoch=8->9 now=1780065777 InitTime=1780065759 lastpropose=1780065775 wallGap=18>=14 lastGap=2>=2 → propose1
[Propose] S0 N0 等待 sequenceLock…
[Propose] S0 N0 已持有 sequenceLock，seqID=8 即将 propose1
[propose1] S0 N0 seq=8 Tx_pool.Queue_len=1039
left_count: 500
[handleTxFromClient] S0 N0 recv client batch, tx_count=278
[handleTxFromClient] S0 N0 append to Tx_pool.Queue: local_queued=278 forward_other_shard=0 Queue_total_len=817
更新树花时间为: 74
写数据库IO花时间为: 85
编号为 8 的区块已加入本地区块链！curBlock: 
blockHeader: 
[242f9d14a803d02e69423d9d253535957fde7bb8c6d7ed925f5ca501414d9669 2840b30ba970f6c2d4be60cacfcdc11a1828d4354bb789e23eeac1bc5dea15b0 8ea3a0d04e173caddc07e8f8f7918cc3dcb999a8582f1d625429e5486a7b8753 8 1780065777]
# of transactions: 500
# of TXmig1s: 0
# of In1s: 0
# of Anns: 0
# of NSs: 0
blockHash: 
ec172197c531deeb1b3bf96647112d9141e39ea09c64c1a46e597bb55e8eb59d

第8个块开始准备relay

[Propose wait] S0 N0 spin=1 epoch=9 now=1780065777 InitTime=1780065759 lastpropose=1780065777 wallGap=18 need>=16 ok1=true lastGap=0 need>=2 ok2=false

第8个块结束relay

[Propose wait] S0 N0 spin=50 epoch=9 now=1780065778 InitTime=1780065759 lastpropose=1780065777 wallGap=19 need>=16 ok1=true lastGap=1 need>=2 ok2=false
[Propose] S0 N0 时间条件满足: epoch=9->10 now=1780065779 InitTime=1780065759 lastpropose=1780065777 wallGap=20>=16 lastGap=2>=2 → propose1
[Propose] S0 N0 等待 sequenceLock…
[Propose] S0 N0 已持有 sequenceLock，seqID=9 即将 propose1
[propose1] S0 N0 seq=9 Tx_pool.Queue_len=983
left_count: 500
更新树花时间为: 55
写数据库IO花时间为: 61
编号为 9 的区块已加入本地区块链！curBlock: 
blockHeader: 
[ec172197c531deeb1b3bf96647112d9141e39ea09c64c1a46e597bb55e8eb59d d48c0b038582ee826d9d811b73c1036911897286d104cf17a42bcec119e77811 57ad5bf3924948971afda1548141fe927b3f9a3876977375054a5959ae7e5c2d 9 1780065779]
# of transactions: 500
# of TXmig1s: 0
# of In1s: 0
# of Anns: 0
# of NSs: 0
blockHash: 
a444888ffd98871667caafb66854cedd318cce3388fe9e7790c8a9772b48f4d5

第9个块开始准备relay

[Propose wait] S0 N0 spin=1 epoch=10 now=1780065779 InitTime=1780065759 lastpropose=1780065779 wallGap=20 need>=18 ok1=true lastGap=0 need>=2 ok2=false
[handleTxFromClient] S0 N0 recv client batch, tx_count=407
[handleTxFromClient] S0 N0 append to Tx_pool.Queue: local_queued=407 forward_other_shard=0 Queue_total_len=890

第9个块结束relay

[Propose wait] S0 N0 spin=50 epoch=10 now=1780065780 InitTime=1780065759 lastpropose=1780065779 wallGap=21 need>=18 ok1=true lastGap=1 need>=2 ok2=false
[Propose] S0 N0 时间条件满足: epoch=10->11 now=1780065781 InitTime=1780065759 lastpropose=1780065779 wallGap=22>=18 lastGap=2>=2 → propose1
[Propose] S0 N0 等待 sequenceLock…
[Propose] S0 N0 已持有 sequenceLock，seqID=10 即将 propose1
[propose1] S0 N0 seq=10 Tx_pool.Queue_len=1076
left_count: 500
更新树花时间为: 72
写数据库IO花时间为: 82
编号为 10 的区块已加入本地区块链！curBlock: 
blockHeader: 
[a444888ffd98871667caafb66854cedd318cce3388fe9e7790c8a9772b48f4d5 5cff64109a011b60e15d7366b4304f2ea36100063174254766b18861a5e24704 a2db135cac5c250c98b605297961f64426902460017086e27fd76ea3fdbd5f09 10 1780065781]
# of transactions: 500
# of TXmig1s: 0
# of In1s: 0
# of Anns: 0
# of NSs: 0
blockHash: 
4ab575b291988915fbb3860337098137c533603dbf611cecdd29838309d5e4d6

第10个块开始准备relay

[Propose wait] S0 N0 spin=1 epoch=11 now=1780065781 InitTime=1780065759 lastpropose=1780065781 wallGap=22 need>=20 ok1=true lastGap=0 need>=2 ok2=false
[handleTxFromClient] S0 N0 recv client batch, tx_count=277
[handleTxFromClient] S0 N0 append to Tx_pool.Queue: local_queued=277 forward_other_shard=0 Queue_total_len=853

第10个块结束relay

[Propose wait] S0 N0 spin=50 epoch=11 now=1780065782 InitTime=1780065759 lastpropose=1780065781 wallGap=23 need>=20 ok1=true lastGap=1 need>=2 ok2=false
[Propose] S0 N0 时间条件满足: epoch=11->12 now=1780065783 InitTime=1780065759 lastpropose=1780065781 wallGap=24>=20 lastGap=2>=2 → propose1
[Propose] S0 N0 等待 sequenceLock…
[Propose] S0 N0 已持有 sequenceLock，seqID=11 即将 propose1
[propose1] S0 N0 seq=11 Tx_pool.Queue_len=1054
left_count: 500
更新树花时间为: 79
写数据库IO花时间为: 87
编号为 11 的区块已加入本地区块链！curBlock: 
blockHeader: 
[4ab575b291988915fbb3860337098137c533603dbf611cecdd29838309d5e4d6 5c6318750a9a8d05408b82d4afa447dc417923744128c140f2515a6f41f676e6 ea39a183441682dc62537f4a5ea657ae9cc8919018a4ee7e578636e7c15c2a4a 11 1780065783]
# of transactions: 500
# of TXmig1s: 0
# of In1s: 0
# of Anns: 0
# of NSs: 0
blockHash: 
eaa80ac7ef4906b0b4d70abb0676d82bfb342f3e49ee0ccc69ba7250c83aec0e

第11个块开始准备relay

[Propose wait] S0 N0 spin=1 epoch=12 now=1780065783 InitTime=1780065759 lastpropose=1780065783 wallGap=24 need>=22 ok1=true lastGap=0 need>=2 ok2=false
[handleTxFromClient] S0 N0 recv client batch, tx_count=551
[handleTxFromClient] S0 N0 append to Tx_pool.Queue: local_queued=551 forward_other_shard=0 Queue_total_len=1105

第11个块结束relay

[Propose wait] S0 N0 spin=50 epoch=12 now=1780065784 InitTime=1780065759 lastpropose=1780065783 wallGap=25 need>=22 ok1=true lastGap=1 need>=2 ok2=false
[Propose] S0 N0 时间条件满足: epoch=12->13 now=1780065785 InitTime=1780065759 lastpropose=1780065783 wallGap=26>=22 lastGap=2>=2 → propose1
[Propose] S0 N0 等待 sequenceLock…
[Propose] S0 N0 已持有 sequenceLock，seqID=12 即将 propose1
[propose1] S0 N0 seq=12 Tx_pool.Queue_len=1212
left_count: 500
更新树花时间为: 75
写数据库IO花时间为: 84
编号为 12 的区块已加入本地区块链！curBlock: 
blockHeader: 
[eaa80ac7ef4906b0b4d70abb0676d82bfb342f3e49ee0ccc69ba7250c83aec0e 5ef00a52b7a3a3380068955a05b8e1004e8f444d2a3205e7597b91e316d30118 7ebe70c0948a4722af38549e12bc9f7a1cb763c75fdc2fd4a3ed4a927aaf7db8 12 1780065785]
# of transactions: 500
# of TXmig1s: 0
# of In1s: 0
# of Anns: 0
# of NSs: 0
blockHash: 
83522f820946b098fb80ecb1434dadb4d781cb23a2252c5baa2ab58888a7ba22

第12个块开始准备relay

[Propose wait] S0 N0 spin=1 epoch=13 now=1780065785 InitTime=1780065759 lastpropose=1780065785 wallGap=26 need>=24 ok1=true lastGap=0 need>=2 ok2=false
[handleTxFromClient] S0 N0 recv client batch, tx_count=633
[handleTxFromClient] S0 N0 append to Tx_pool.Queue: local_queued=633 forward_other_shard=0 Queue_total_len=1345

第12个块结束relay

[Propose wait] S0 N0 spin=50 epoch=13 now=1780065786 InitTime=1780065759 lastpropose=1780065785 wallGap=27 need>=24 ok1=true lastGap=1 need>=2 ok2=false
[Propose] S0 N0 时间条件满足: epoch=13->14 now=1780065787 InitTime=1780065759 lastpropose=1780065785 wallGap=28>=24 lastGap=2>=2 → propose1
[Propose] S0 N0 等待 sequenceLock…
[Propose] S0 N0 已持有 sequenceLock，seqID=13 即将 propose1
[propose1] S0 N0 seq=13 Tx_pool.Queue_len=1540
left_count: 500
更新树花时间为: 78
写数据库IO花时间为: 105
编号为 13 的区块已加入本地区块链！curBlock: 
blockHeader: 
[83522f820946b098fb80ecb1434dadb4d781cb23a2252c5baa2ab58888a7ba22 e76051be3c49bfe63d86981fbd7fb808ad8dc428f178c51a1976c9530e9d54b4 b6ba7f8225472e8ea4ec2199b8944fb3adf4567d2699f4cc23facc06475eb351 13 1780065787]
# of transactions: 500
# of TXmig1s: 0
# of In1s: 0
# of Anns: 0
# of NSs: 0
blockHash: 
a2a4b6c8a6b4cc87e1da1e9b199efcf80f38f1946e1ec3beef1417256850cbc0

第13个块开始准备relay

[Propose wait] S0 N0 spin=1 epoch=14 now=1780065787 InitTime=1780065759 lastpropose=1780065787 wallGap=28 need>=26 ok1=true lastGap=0 need>=2 ok2=false
[handleTxFromClient] S0 N0 recv client batch, tx_count=489
[handleTxFromClient] S0 N0 append to Tx_pool.Queue: local_queued=489 forward_other_shard=0 Queue_total_len=1529

第13个块结束relay

[Propose wait] S0 N0 spin=50 epoch=14 now=1780065788 InitTime=1780065759 lastpropose=1780065787 wallGap=29 need>=26 ok1=true lastGap=1 need>=2 ok2=false
[Propose] S0 N0 时间条件满足: epoch=14->15 now=1780065789 InitTime=1780065759 lastpropose=1780065787 wallGap=30>=26 lastGap=2>=2 → propose1
[Propose] S0 N0 等待 sequenceLock…
[Propose] S0 N0 已持有 sequenceLock，seqID=14 即将 propose1
[propose1] S0 N0 seq=14 Tx_pool.Queue_len=1704
left_count: 500
更新树花时间为: 78
写数据库IO花时间为: 99
编号为 14 的区块已加入本地区块链！curBlock: 
blockHeader: 
[a2a4b6c8a6b4cc87e1da1e9b199efcf80f38f1946e1ec3beef1417256850cbc0 b1fbb1bf89ed6c829199ef7ec6cdefbe0df6af1da25eb58df18b533aef31b508 7787d2ce3c8d7ff7591d7090aa7438a5158cda6f6543daf3e40df88f59370619 14 1780065789]
# of transactions: 500
# of TXmig1s: 0
# of In1s: 0
# of Anns: 0
# of NSs: 0
blockHash: 
b580a703e26b26862220bc868f72d3e5e35aa70b631075d4fc98e104366b9546

第14个块开始准备relay

[Propose wait] S0 N0 spin=1 epoch=15 now=1780065789 InitTime=1780065759 lastpropose=1780065789 wallGap=30 need>=28 ok1=true lastGap=0 need>=2 ok2=false
[handleTxFromClient] S0 N0 recv client batch, tx_count=496
[handleTxFromClient] S0 N0 append to Tx_pool.Queue: local_queued=496 forward_other_shard=0 Queue_total_len=1700

第14个块结束relay

[Propose wait] S0 N0 spin=50 epoch=15 now=1780065790 InitTime=1780065759 lastpropose=1780065789 wallGap=31 need>=28 ok1=true lastGap=1 need>=2 ok2=false
[Propose] S0 N0 时间条件满足: epoch=15->16 now=1780065791 InitTime=1780065759 lastpropose=1780065789 wallGap=32>=28 lastGap=2>=2 → propose1
[Propose] S0 N0 等待 sequenceLock…
[Propose] S0 N0 已持有 sequenceLock，seqID=15 即将 propose1
[propose1] S0 N0 seq=15 Tx_pool.Queue_len=1861
left_count: 500
更新树花时间为: 96
写数据库IO花时间为: 106
编号为 15 的区块已加入本地区块链！curBlock: 
blockHeader: 
[b580a703e26b26862220bc868f72d3e5e35aa70b631075d4fc98e104366b9546 cbd5518827506f8a3b78f40d4bc6c1236c7ccb0e8d8df9d4d32e257089ecaf00 854d91c5ce208e8570702a8af14a4458d80e58c73e8c1358186e5933684d8c4b 15 1780065791]
# of transactions: 500
# of TXmig1s: 0
# of In1s: 0
# of Anns: 0
# of NSs: 0
blockHash: 
47818ab88fa52f383b214922b93b48df2658058af306a13604f8ebcf189e28a4

第15个块开始准备relay

[Propose wait] S0 N0 spin=1 epoch=16 now=1780065791 InitTime=1780065759 lastpropose=1780065791 wallGap=32 need>=30 ok1=true lastGap=0 need>=2 ok2=false
[handleTxFromClient] S0 N0 recv client batch, tx_count=468
[handleTxFromClient] S0 N0 append to Tx_pool.Queue: local_queued=468 forward_other_shard=0 Queue_total_len=1829

第15个块结束relay

[Propose wait] S0 N0 spin=50 epoch=16 now=1780065792 InitTime=1780065759 lastpropose=1780065791 wallGap=33 need>=30 ok1=true lastGap=1 need>=2 ok2=false
[Propose] S0 N0 时间条件满足: epoch=16->17 now=1780065793 InitTime=1780065759 lastpropose=1780065791 wallGap=34>=30 lastGap=2>=2 → propose1
[Propose] S0 N0 等待 sequenceLock…
[Propose] S0 N0 已持有 sequenceLock，seqID=16 即将 propose1
[propose1] S0 N0 seq=16 Tx_pool.Queue_len=1988
left_count: 500
更新树花时间为: 76
写数据库IO花时间为: 82
编号为 16 的区块已加入本地区块链！curBlock: 
blockHeader: 
[47818ab88fa52f383b214922b93b48df2658058af306a13604f8ebcf189e28a4 ce98c2957152bfcddd11ce4435eee7f1a0e404b0380261d8732514368f377f71 83781e34bfa598e36dd2ed780b0164cfcaa9aa0be31b3e10e3c03f857af5bc13 16 1780065793]
# of transactions: 500
# of TXmig1s: 0
# of In1s: 0
# of Anns: 0
# of NSs: 0
blockHash: 
01a8b5a92daed50d3d2573ca33a6e06fbab1b88b150de99fcbb69283d1dfa379

第16个块开始准备relay

[Propose wait] S0 N0 spin=1 epoch=17 now=1780065793 InitTime=1780065759 lastpropose=1780065793 wallGap=34 need>=32 ok1=true lastGap=0 need>=2 ok2=false
[handleTxFromClient] S0 N0 recv client batch, tx_count=489
[handleTxFromClient] S0 N0 append to Tx_pool.Queue: local_queued=489 forward_other_shard=0 Queue_total_len=1977

第16个块结束relay

[Propose wait] S0 N0 spin=50 epoch=17 now=1780065794 InitTime=1780065759 lastpropose=1780065793 wallGap=35 need>=32 ok1=true lastGap=1 need>=2 ok2=false
[Propose] S0 N0 时间条件满足: epoch=17->18 now=1780065795 InitTime=1780065759 lastpropose=1780065793 wallGap=36>=32 lastGap=2>=2 → propose1
[Propose] S0 N0 等待 sequenceLock…
[Propose] S0 N0 已持有 sequenceLock，seqID=17 即将 propose1
[propose1] S0 N0 seq=17 Tx_pool.Queue_len=2128
left_count: 500
更新树花时间为: 87
写数据库IO花时间为: 97
编号为 17 的区块已加入本地区块链！curBlock: 
blockHeader: 
[01a8b5a92daed50d3d2573ca33a6e06fbab1b88b150de99fcbb69283d1dfa379 6cf76d261a50b2c7bf4c12b9a042a9c819c1ff85e9cba8e3a10d76c30055f475 45da38011d4a13de7b474e98eb31c29ddbf7bfb86b1bafde787fdc1e060e88a5 17 1780065795]
# of transactions: 500
# of TXmig1s: 0
# of In1s: 0
# of Anns: 0
# of NSs: 0
blockHash: 
02a120acb486996a4a17bb590a43457efb5ecb27664ce8ad766d70b973a3217f

第17个块开始准备relay

[Propose wait] S0 N0 spin=1 epoch=18 now=1780065795 InitTime=1780065759 lastpropose=1780065795 wallGap=36 need>=34 ok1=true lastGap=0 need>=2 ok2=false
[handleTxFromClient] S0 N0 recv client batch, tx_count=166
[handleTxFromClient] S0 N0 append to Tx_pool.Queue: local_queued=166 forward_other_shard=0 Queue_total_len=1794

第17个块结束relay

[Propose wait] S0 N0 spin=50 epoch=18 now=1780065796 InitTime=1780065759 lastpropose=1780065795 wallGap=37 need>=34 ok1=true lastGap=1 need>=2 ok2=false
[Propose] S0 N0 时间条件满足: epoch=18->19 now=1780065797 InitTime=1780065759 lastpropose=1780065795 wallGap=38>=34 lastGap=2>=2 → propose1
[Propose] S0 N0 等待 sequenceLock…
[Propose] S0 N0 已持有 sequenceLock，seqID=18 即将 propose1
[propose1] S0 N0 seq=18 Tx_pool.Queue_len=1932
left_count: 500
更新树花时间为: 54
写数据库IO花时间为: 73
编号为 18 的区块已加入本地区块链！curBlock: 
blockHeader: 
[02a120acb486996a4a17bb590a43457efb5ecb27664ce8ad766d70b973a3217f aa159770d254bb2c045764034c2594ec4b5e6229029c89f1b613d906ef08c760 fb0dac9958068964be83d4fd52db5c2a147a1297e1ce936a4e62638a97e25eba 18 1780065797]
# of transactions: 500
# of TXmig1s: 0
# of In1s: 0
# of Anns: 0
# of NSs: 0
blockHash: 
0b3cc320b92bc6d8c1d457cc314dcaa55c19a47bcc6e703ebfe3018e42f4dcd5

第18个块开始准备relay

[Propose wait] S0 N0 spin=1 epoch=19 now=1780065797 InitTime=1780065759 lastpropose=1780065797 wallGap=38 need>=36 ok1=true lastGap=0 need>=2 ok2=false
[handleTxFromClient] S0 N0 recv client batch, tx_count=167
[handleTxFromClient] S0 N0 append to Tx_pool.Queue: local_queued=167 forward_other_shard=0 Queue_total_len=1599

第18个块结束relay

[Propose wait] S0 N0 spin=50 epoch=19 now=1780065798 InitTime=1780065759 lastpropose=1780065797 wallGap=39 need>=36 ok1=true lastGap=1 need>=2 ok2=false
[Propose] S0 N0 时间条件满足: epoch=19->20 now=1780065799 InitTime=1780065759 lastpropose=1780065797 wallGap=40>=36 lastGap=2>=2 → propose1
[Propose] S0 N0 等待 sequenceLock…
[Propose] S0 N0 已持有 sequenceLock，seqID=19 即将 propose1
[propose1] S0 N0 seq=19 Tx_pool.Queue_len=1757
left_count: 500
更新树花时间为: 65
写数据库IO花时间为: 73
编号为 19 的区块已加入本地区块链！curBlock: 
blockHeader: 
[0b3cc320b92bc6d8c1d457cc314dcaa55c19a47bcc6e703ebfe3018e42f4dcd5 1568dfb40875f6d96e42ac8051140b94102d7fcc5c0461270ce3bfa0c7b62dbf d1f02be0c3c9b93680a5745b8b98be7165b2f795aa998bf378b7095f39e7e8b0 19 1780065799]
# of transactions: 500
# of TXmig1s: 0
# of In1s: 0
# of Anns: 0
# of NSs: 0
blockHash: 
b5c0d89ffc14c257d6a17bc37af66652ece327e0e1c1b28bc5fb22d30a55644c

第19个块开始准备relay

[Propose wait] S0 N0 spin=1 epoch=20 now=1780065799 InitTime=1780065759 lastpropose=1780065799 wallGap=40 need>=38 ok1=true lastGap=0 need>=2 ok2=false
[handleTxFromClient] S0 N0 recv client batch, tx_count=555
[handleTxFromClient] S0 N0 append to Tx_pool.Queue: local_queued=555 forward_other_shard=0 Queue_total_len=1812

第19个块结束relay

[Propose wait] S0 N0 spin=50 epoch=20 now=1780065800 InitTime=1780065759 lastpropose=1780065799 wallGap=41 need>=38 ok1=true lastGap=1 need>=2 ok2=false
[Propose] S0 N0 时间条件满足: epoch=20->21 now=1780065801 InitTime=1780065759 lastpropose=1780065799 wallGap=42>=38 lastGap=2>=2 → propose1
[Propose] S0 N0 等待 sequenceLock…
[Propose] S0 N0 已持有 sequenceLock，seqID=20 即将 propose1
[propose1] S0 N0 seq=20 Tx_pool.Queue_len=1918
left_count: 500
更新树花时间为: 85
写数据库IO花时间为: 95
编号为 20 的区块已加入本地区块链！curBlock: 
blockHeader: 
[b5c0d89ffc14c257d6a17bc37af66652ece327e0e1c1b28bc5fb22d30a55644c 368436b47f8bc0c9070c9f9cfb195501f0f52a90f52667cc7cf877adf85568a1 4b2c626a0d96ce722cb995ccb595642d28e9d92264d7e680235eab639053dcc2 20 1780065801]
# of transactions: 500
# of TXmig1s: 0
# of In1s: 0
# of Anns: 0
# of NSs: 0
blockHash: 
4e69f678d80dacca8eb9533726b4bb7d60d8ef957bc939558d76b2be83cedf90

第20个块开始准备relay

[Propose wait] S0 N0 spin=1 epoch=21 now=1780065801 InitTime=1780065759 lastpropose=1780065801 wallGap=42 need>=40 ok1=true lastGap=0 need>=2 ok2=false
[handleTxFromClient] S0 N0 recv client batch, tx_count=47
[handleTxFromClient] S0 N0 append to Tx_pool.Queue: local_queued=47 forward_other_shard=0 Queue_total_len=1465

第20个块结束relay

[Propose wait] S0 N0 spin=50 epoch=21 now=1780065802 InitTime=1780065759 lastpropose=1780065801 wallGap=43 need>=40 ok1=true lastGap=1 need>=2 ok2=false
[Propose] S0 N0 时间条件满足: epoch=21->22 now=1780065803 InitTime=1780065759 lastpropose=1780065801 wallGap=44>=40 lastGap=2>=2 → propose1
[Propose] S0 N0 等待 sequenceLock…
[Propose] S0 N0 已持有 sequenceLock，seqID=21 即将 propose1
[propose1] S0 N0 seq=21 Tx_pool.Queue_len=1715
left_count: 500
更新树花时间为: 60
写数据库IO花时间为: 66
编号为 21 的区块已加入本地区块链！curBlock: 
blockHeader: 
[4e69f678d80dacca8eb9533726b4bb7d60d8ef957bc939558d76b2be83cedf90 3ef8fdf5ca639900936efc37ba5bd266a4b1782996c22d9a17d66463b54442e8 ad83a93e3bd41e541ecd6c94050831ec73a2dad46f001abc36d806854d58564f 21 1780065803]
# of transactions: 500
# of TXmig1s: 0
# of In1s: 0
# of Anns: 0
# of NSs: 0
blockHash: 
362478663658179786424e4b87a8444e47f5b14bfaa43dd63b405be8b4bde0f1

第21个块开始准备relay

[Propose wait] S0 N0 spin=1 epoch=22 now=1780065803 InitTime=1780065759 lastpropose=1780065803 wallGap=44 need>=42 ok1=true lastGap=0 need>=2 ok2=false
本节点已接收到client发来准备迁移通知
本节点已将 pending 发送到 client（1215 笔）
本节点已接收到客户端发送的新映射
[handleTxFromClient] S0 N0 recv client batch, tx_count=25
[handleTxFromClient] S0 N0 append to Tx_pool.Queue: local_queued=25 forward_other_shard=0 Queue_total_len=1240

第21个块结束relay

[Propose wait] S0 N0 spin=50 epoch=22 now=1780065804 InitTime=1780065759 lastpropose=1780065803 wallGap=45 need>=42 ok1=true lastGap=1 need>=2 ok2=false
[Propose] S0 N0 时间条件满足: epoch=22->23 now=1780065805 InitTime=1780065759 lastpropose=1780065803 wallGap=46>=42 lastGap=2>=2 → propose1
[Propose] S0 N0 等待 sequenceLock…
[Propose] S0 N0 已持有 sequenceLock，seqID=22 即将 propose1
[propose1] S0 N0 seq=22 Tx_pool.Queue_len=1417
left_count: 200
更新树花时间为: 52
写数据库IO花时间为: 67
编号为 22 的区块已加入本地区块链！curBlock: 
blockHeader: 
[362478663658179786424e4b87a8444e47f5b14bfaa43dd63b405be8b4bde0f1 ba32dfc874ae0c748d171b793e35dfee765a74438fd42029a37a2920f45c657a ffec2354f2de0d4a2962f1b2e3b4ae79abaf38f4349bb945a4ecced337645b33 22 1780065805]
# of transactions: 200
# of TXmig1s: 300
# of In1s: 0
# of Anns: 0
# of NSs: 0
blockHash: 
ca84cd6fb0dfeaf1b482a8318cc1c5693b04921c1fec0f4e9cb9f2a6b4c1a98e

第22个块开始准备relay

[Propose wait] S0 N0 spin=1 epoch=23 now=1780065805 InitTime=1780065759 lastpropose=1780065805 wallGap=46 need>=44 ok1=true lastGap=0 need>=2 ok2=false

第22个块结束relay

[handleTxFromClient] S0 N0 recv client batch, tx_count=30
[handleTxFromClient] S0 N0 append to Tx_pool.Queue: local_queued=30 forward_other_shard=0 Queue_total_len=1331

本节点已接收到分片S1发来的迁移请求 
10000000000000000000000001680000000000000

[Propose wait] S0 N0 spin=50 epoch=23 now=1780065806 InitTime=1780065759 lastpropose=1780065805 wallGap=47 need>=44 ok1=true lastGap=1 need>=2 ok2=false
[Propose] S0 N0 时间条件满足: epoch=23->24 now=1780065807 InitTime=1780065759 lastpropose=1780065805 wallGap=48>=44 lastGap=2>=2 → propose1
[Propose] S0 N0 等待 sequenceLock…
[Propose] S0 N0 已持有 sequenceLock，seqID=23 即将 propose1
[propose1] S0 N0 seq=23 Tx_pool.Queue_len=1331
left_count: 200
更新树花时间为: 51
写数据库IO花时间为: 66
编号为 23 的区块已加入本地区块链！curBlock: 
blockHeader: 
[ca84cd6fb0dfeaf1b482a8318cc1c5693b04921c1fec0f4e9cb9f2a6b4c1a98e c4a7b40356cc3806f9ea43d25fd2103ef9339134c51b0f8508b6089d178dc8c7 10a0f4284b8708acbaacff4690834162e6a725cd464c08b12d33d0d9475c474c 23 1780065807]
# of transactions: 200
# of TXmig1s: 219
# of In1s: 81
# of Anns: 0
# of NSs: 0
blockHash: 
68add5cec9fe478364701d1f177043a94edee9dbc5e1508d818148feb46d204d

第23个块开始准备relay

[Propose wait] S0 N0 spin=1 epoch=24 now=1780065807 InitTime=1780065759 lastpropose=1780065807 wallGap=48 need>=46 ok1=true lastGap=0 need>=2 ok2=false

第23个块结束relay

[handleTxFromClient] S0 N0 recv client batch, tx_count=19
[handleTxFromClient] S0 N0 append to Tx_pool.Queue: local_queued=19 forward_other_shard=0 Queue_total_len=1157

本节点已接收到分片S1发来的迁移请求 
10000000000000000000000000000000000000000

[Propose wait] S0 N0 spin=50 epoch=24 now=1780065808 InitTime=1780065759 lastpropose=1780065807 wallGap=49 need>=46 ok1=true lastGap=1 need>=2 ok2=false
本节点已接收到分片S1发来通知 
1
2
3
[Propose] S0 N0 时间条件满足: epoch=24->25 now=1780065809 InitTime=1780065759 lastpropose=1780065807 wallGap=50>=46 lastGap=2>=2 → propose1
[Propose] S0 N0 等待 sequenceLock…
[Propose] S0 N0 已持有 sequenceLock，seqID=24 即将 propose1
[propose1] S0 N0 seq=24 Tx_pool.Queue_len=1157
left_count: 200
更新树花时间为: 85
写数据库IO花时间为: 121
编号为 24 的区块已加入本地区块链！curBlock: 
blockHeader: 
[68add5cec9fe478364701d1f177043a94edee9dbc5e1508d818148feb46d204d 2352b8a86f58ad4bccaaa290b5e49c43cd322d094a3f18632927d86d592f4dd6 080282802eb2fea564158f303727525dc24082fa02a0c6b86c511e279cefe11e 24 1780065809]
# of transactions: 200
# of TXmig1s: 0
# of In1s: 299
# of Anns: 1
# of NSs: 0
blockHash: 
9e0a6575a021be6d081516e233560d0bede6cca8cdf9bc035d3788c32025ffc0
时间：1780065809249  本节点已接收到新
本节点已将迁移过来的pending交易的账户数量发送到client

handleAnns时是第24个块

handleannounce交易池操作时差为：554
handleannounce两锁时差为：554


第24个块开始准备relay

时间：50252  正在向分片S1的主节点发送新
[Propose wait] S0 N0 spin=1 epoch=25 now=1780065809 InitTime=1780065759 lastpropose=1780065809 wallGap=50 need>=48 ok1=true lastGap=0 need>=2 ok2=false
本节点已将不变的账户数量发送到client


第24个块结束relay

[handleTxFromClient] S0 N0 recv client batch, tx_count=27
[handleTxFromClient] S0 N0 append to Tx_pool.Queue: local_queued=27 forward_other_shard=0 Queue_total_len=1035
[Propose wait] S0 N0 spin=50 epoch=25 now=1780065810 InitTime=1780065759 lastpropose=1780065809 wallGap=51 need>=48 ok1=true lastGap=1 need>=2 ok2=false
[Propose] S0 N0 时间条件满足: epoch=25->26 now=1780065811 InitTime=1780065759 lastpropose=1780065809 wallGap=52>=48 lastGap=2>=2 → propose1
[Propose] S0 N0 等待 sequenceLock…
[Propose] S0 N0 已持有 sequenceLock，seqID=25 即将 propose1
[propose1] S0 N0 seq=25 Tx_pool.Queue_len=1035
left_count: 281
更新树花时间为: 50
写数据库IO花时间为: 80
编号为 25 的区块已加入本地区块链！curBlock: 
blockHeader: 
[9e0a6575a021be6d081516e233560d0bede6cca8cdf9bc035d3788c32025ffc0 6ca8c5e8a7aef57c42920913168a918b5b212e011b21d92abdecabab1ef19f35 be7d47d9e1394222dea594039574b234364bb66e375a40888530a508750e8db0 25 1780065811]
# of transactions: 281
# of TXmig1s: 0
# of In1s: 0
# of Anns: 219
# of NSs: 0
blockHash: 
29a23c7bb3671871ed5d565dad0da493ac10e2a90ced4cd3109b682c63257568
时间：1780065811188  本节点已接收到新
本节点已将迁移过来的pending交易的账户数量发送到client

handleAnns时是第25个块

handleannounce交易池操作时差为：0
handleannounce两锁时差为：0


第25个块开始准备relay

[Propose wait] S0 N0 spin=1 epoch=26 now=1780065811 InitTime=1780065759 lastpropose=1780065811 wallGap=52 need>=50 ok1=true lastGap=0 need>=2 ok2=false
时间：52216  正在向分片S1的主节点发送新
本节点已将不变的账户数量发送到client


第25个块结束relay

[handleTxFromClient] S0 N0 recv client batch, tx_count=29
[handleTxFromClient] S0 N0 append to Tx_pool.Queue: local_queued=29 forward_other_shard=0 Queue_total_len=523
本节点已接收到分片S1发来通知 
1
2
3
[Propose wait] S0 N0 spin=50 epoch=26 now=1780065812 InitTime=1780065759 lastpropose=1780065811 wallGap=53 need>=50 ok1=true lastGap=1 need>=2 ok2=false
[Propose] S0 N0 时间条件满足: epoch=26->27 now=1780065813 InitTime=1780065759 lastpropose=1780065811 wallGap=54>=50 lastGap=2>=2 → propose1
[Propose] S0 N0 等待 sequenceLock…
[Propose] S0 N0 已持有 sequenceLock，seqID=26 即将 propose1
[propose1] S0 N0 seq=26 Tx_pool.Queue_len=674
left_count: 201
更新树花时间为: 59
写数据库IO花时间为: 100
编号为 26 的区块已加入本地区块链！curBlock: 
blockHeader: 
[29a23c7bb3671871ed5d565dad0da493ac10e2a90ced4cd3109b682c63257568 15e6b73c44adc27aacb7498cddeb16a6f5559610f5e3e6eaeb797fdd6eb9219d 8a59a64cbfc2b4b08d3ba762bf40d2148e1d409a141f4b4cc5277df18ca357ac 26 1780065813]
# of transactions: 201
# of TXmig1s: 0
# of In1s: 0
# of Anns: 299
# of NSs: 0
blockHash: 
06b7e4b3bd757a10fbe47f55a6df93eccdf2fc739a25a67bc3637a5468134c12
handleAnns时是第26个块

handleannounce交易池操作时差为：1519
handleannounce两锁时差为：1519


第26个块开始准备relay

[Propose wait] S0 N0 spin=1 epoch=27 now=1780065813 InitTime=1780065759 lastpropose=1780065813 wallGap=54 need>=52 ok1=true lastGap=0 need>=2 ok2=false

第26个块结束relay

时间：1780065813345  本节点已接收到新
时间：54345  正在向分片S1的主节点发送新
本节点已将不变的账户数量发送到client

本节点已将迁移过来的pending交易的账户数量发送到client

[Propose wait] S0 N0 spin=50 epoch=27 now=1780065814 InitTime=1780065759 lastpropose=1780065813 wallGap=55 need>=52 ok1=true lastGap=1 need>=2 ok2=false
[Propose] S0 N0 时间条件满足: epoch=27->28 now=1780065815 InitTime=1780065759 lastpropose=1780065813 wallGap=56>=52 lastGap=2>=2 → propose1
[Propose] S0 N0 等待 sequenceLock…
[Propose] S0 N0 已持有 sequenceLock，seqID=27 即将 propose1
[propose1] S0 N0 seq=27 Tx_pool.Queue_len=812
left_count: 500
更新树花时间为: 62
写数据库IO花时间为: 90
编号为 27 的区块已加入本地区块链！curBlock: 
blockHeader: 
[06b7e4b3bd757a10fbe47f55a6df93eccdf2fc739a25a67bc3637a5468134c12 a64d4bacf6f55993d5aea9386453c961a2cb63bd6df161e0dd3f0d0bfeac6e65 d4349edd2b823caeca2cee534fe2076f3765bf0f6a1a6a0b3558202e917dd827 27 1780065815]
# of transactions: 500
# of TXmig1s: 0
# of In1s: 0
# of Anns: 0
# of NSs: 0
blockHash: 
1d14c922799b89855fe3cf01d03cb20531f1a4d238ff46a01a5d213477c2d435

第27个块开始准备relay

[Propose wait] S0 N0 spin=1 epoch=28 now=1780065815 InitTime=1780065759 lastpropose=1780065815 wallGap=56 need>=54 ok1=true lastGap=0 need>=2 ok2=false

第27个块结束relay

[Propose wait] S0 N0 spin=50 epoch=28 now=1780065816 InitTime=1780065759 lastpropose=1780065815 wallGap=57 need>=54 ok1=true lastGap=1 need>=2 ok2=false
[Propose] S0 N0 时间条件满足: epoch=28->29 now=1780065817 InitTime=1780065759 lastpropose=1780065815 wallGap=58>=54 lastGap=2>=2 → propose1
[Propose] S0 N0 等待 sequenceLock…
[Propose] S0 N0 已持有 sequenceLock，seqID=28 即将 propose1
[propose1] S0 N0 seq=28 Tx_pool.Queue_len=513
left_count: 500
更新树花时间为: 67
写数据库IO花时间为: 80
编号为 28 的区块已加入本地区块链！curBlock: 
blockHeader: 
[1d14c922799b89855fe3cf01d03cb20531f1a4d238ff46a01a5d213477c2d435 dab45df27911626f7477a91f809268149f53e11d83ffa74702509b8cc2985733 047424026751fc668e6a6ed9d57b7c760796365fec470ca87cdfc6990667c057 28 1780065817]
# of transactions: 500
# of TXmig1s: 0
# of In1s: 0
# of Anns: 0
# of NSs: 0
blockHash: 
fbb2fcc1b2b67718cdab07cf7edeb197adde8b2ca23ce97a3129c17f2362db71

第28个块开始准备relay

[Propose wait] S0 N0 spin=1 epoch=29 now=1780065817 InitTime=1780065759 lastpropose=1780065817 wallGap=58 need>=56 ok1=true lastGap=0 need>=2 ok2=false

第28个块结束relay

[Propose wait] S0 N0 spin=50 epoch=29 now=1780065818 InitTime=1780065759 lastpropose=1780065817 wallGap=59 need>=56 ok1=true lastGap=1 need>=2 ok2=false
[Propose] S0 N0 时间条件满足: epoch=29->30 now=1780065819 InitTime=1780065759 lastpropose=1780065817 wallGap=60>=56 lastGap=2>=2 → propose1
[Propose] S0 N0 等待 sequenceLock…
[Propose] S0 N0 已持有 sequenceLock，seqID=29 即将 propose1
[propose1] S0 N0 seq=29 Tx_pool.Queue_len=256
left_count: 500
更新树花时间为: 30
写数据库IO花时间为: 40
编号为 29 的区块已加入本地区块链！curBlock: 
blockHeader: 
[fbb2fcc1b2b67718cdab07cf7edeb197adde8b2ca23ce97a3129c17f2362db71 a8178941df4e6d174a7d976cfd58915d1863f4efef368ca0a5abf65618a9dc70 a6a87c2e41e905d389b44a414d76eaafdd6041d08cd14cf3465d24e466f40b60 29 1780065819]
# of transactions: 256
# of TXmig1s: 0
# of In1s: 0
# of Anns: 0
# of NSs: 0
blockHash: 
463eee7835688adcb1d2881b591136b76de2639db6f328c38633963eb58faa0d
[Propose wait] S0 N0 spin=1 epoch=30 now=1780065819 InitTime=1780065759 lastpropose=1780065819 wallGap=60 need>=58 ok1=true lastGap=0 need>=2 ok2=false
[Propose wait] S0 N0 spin=50 epoch=30 now=1780065820 InitTime=1780065759 lastpropose=1780065819 wallGap=61 need>=58 ok1=true lastGap=1 need>=2 ok2=false
[Propose] S0 N0 时间条件满足: epoch=30->31 now=1780065821 InitTime=1780065759 lastpropose=1780065819 wallGap=62>=58 lastGap=2>=2 → propose1
[Propose] S0 N0 等待 sequenceLock…
[Propose] S0 N0 已持有 sequenceLock，seqID=30 即将 propose1
[propose1] S0 N0 seq=30 Tx_pool.Queue_len=181
left_count: 500
更新树花时间为: 18
写数据库IO花时间为: 23
编号为 30 的区块已加入本地区块链！curBlock: 
blockHeader: 
[463eee7835688adcb1d2881b591136b76de2639db6f328c38633963eb58faa0d 907efc20dfb271e9dc124758758a0a1d82fd31e5123b6c85555857ce9bbbe04d 3d5c4053d3549cc6e45752bce0593faab126473a4e52ffc8d6a740c8d54e8081 30 1780065821]
# of transactions: 181
# of TXmig1s: 0
# of In1s: 0
# of Anns: 0
# of NSs: 0
blockHash: 
ce6134342d467aa7df0521876667c0043f0e4a8de7de399b275e5d743a748fe9
[Propose wait] S0 N0 spin=1 epoch=31 now=1780065821 InitTime=1780065759 lastpropose=1780065821 wallGap=62 need>=60 ok1=true lastGap=0 need>=2 ok2=false
[Propose wait] S0 N0 spin=50 epoch=31 now=1780065822 InitTime=1780065759 lastpropose=1780065821 wallGap=63 need>=60 ok1=true lastGap=1 need>=2 ok2=false
[Propose] S0 N0 时间条件满足: epoch=31->32 now=1780065823 InitTime=1780065759 lastpropose=1780065821 wallGap=64>=60 lastGap=2>=2 → propose1
[Propose] S0 N0 等待 sequenceLock…
[Propose] S0 N0 已持有 sequenceLock，seqID=31 即将 propose1
[propose1] S0 N0 seq=31 Tx_pool.Queue_len=203
left_count: 500
更新树花时间为: 31
写数据库IO花时间为: 61
编号为 31 的区块已加入本地区块链！curBlock: 
blockHeader: 
[ce6134342d467aa7df0521876667c0043f0e4a8de7de399b275e5d743a748fe9 c520249d04a64c28b4e1e3885b6f79222191223f98a46f1c895e3a205972e77a ddc099d31b4532071468fa0a147345f2d11fe54409d421adbdcf70efbe27e583 31 1780065823]
# of transactions: 203
# of TXmig1s: 0
# of In1s: 0
# of Anns: 0
# of NSs: 0
blockHash: 
c76deee2e2ddb25590a76b3d1ffda9e4cb67005e2f5a77296d76f84f6bb7be56
[Propose wait] S0 N0 spin=1 epoch=32 now=1780065823 InitTime=1780065759 lastpropose=1780065823 wallGap=64 need>=62 ok1=true lastGap=0 need>=2 ok2=false
[Propose wait] S0 N0 spin=50 epoch=32 now=1780065824 InitTime=1780065759 lastpropose=1780065823 wallGap=65 need>=62 ok1=true lastGap=1 need>=2 ok2=false
[Propose] S0 N0 时间条件满足: epoch=32->33 now=1780065825 InitTime=1780065759 lastpropose=1780065823 wallGap=66>=62 lastGap=2>=2 → propose1
[Propose] S0 N0 等待 sequenceLock…
[Propose] S0 N0 已持有 sequenceLock，seqID=32 即将 propose1
[propose1] S0 N0 seq=32 Tx_pool.Queue_len=233
left_count: 500
更新树花时间为: 30
写数据库IO花时间为: 38
编号为 32 的区块已加入本地区块链！curBlock: 
blockHeader: 
[c76deee2e2ddb25590a76b3d1ffda9e4cb67005e2f5a77296d76f84f6bb7be56 6af0909d9548ae80391586eb9303ddbfaa7f25d79c3ca6e0c9e03adafd0f487c 4c1f540a7b84adbbbd19831bb6af989f312876e9a6041339f899f07de09c8cd6 32 1780065825]
# of transactions: 233
# of TXmig1s: 0
# of In1s: 0
# of Anns: 0
# of NSs: 0
blockHash: 
262af8f837fd4b7d276199fb87208ac15b460e9ae2f7c7434de54990ffe35a3f
[Propose wait] S0 N0 spin=1 epoch=33 now=1780065825 InitTime=1780065759 lastpropose=1780065825 wallGap=66 need>=64 ok1=true lastGap=0 need>=2 ok2=false
[Propose wait] S0 N0 spin=50 epoch=33 now=1780065826 InitTime=1780065759 lastpropose=1780065825 wallGap=67 need>=64 ok1=true lastGap=1 need>=2 ok2=false
[Propose] S0 N0 时间条件满足: epoch=33->34 now=1780065827 InitTime=1780065759 lastpropose=1780065825 wallGap=68>=64 lastGap=2>=2 → propose1
[Propose] S0 N0 等待 sequenceLock…
[Propose] S0 N0 已持有 sequenceLock，seqID=33 即将 propose1
[propose1] S0 N0 seq=33 Tx_pool.Queue_len=222
left_count: 500
更新树花时间为: 30
写数据库IO花时间为: 38
编号为 33 的区块已加入本地区块链！curBlock: 
blockHeader: 
[262af8f837fd4b7d276199fb87208ac15b460e9ae2f7c7434de54990ffe35a3f 47f2701cd1a815dc889f7c133b74698079996995615a12ca0868d0e31d75120f 6c773ef1092fc24460e83bb85e3c7a9364a4b0398e1122fb48a3bf02c9720ba3 33 1780065827]
# of transactions: 222
# of TXmig1s: 0
# of In1s: 0
# of Anns: 0
# of NSs: 0
blockHash: 
0e826f9de8c4e63704f319f1405777b4c401d59be74d4e1bc49f3d2064001652
[Propose wait] S0 N0 spin=1 epoch=34 now=1780065827 InitTime=1780065759 lastpropose=1780065827 wallGap=68 need>=66 ok1=true lastGap=0 need>=2 ok2=false
[Propose wait] S0 N0 spin=50 epoch=34 now=1780065828 InitTime=1780065759 lastpropose=1780065827 wallGap=69 need>=66 ok1=true lastGap=1 need>=2 ok2=false
[Propose] S0 N0 时间条件满足: epoch=34->35 now=1780065829 InitTime=1780065759 lastpropose=1780065827 wallGap=70>=66 lastGap=2>=2 → propose1
[Propose] S0 N0 等待 sequenceLock…
[Propose] S0 N0 已持有 sequenceLock，seqID=34 即将 propose1
[propose1] S0 N0 seq=34 Tx_pool.Queue_len=256
left_count: 500
更新树花时间为: 31
写数据库IO花时间为: 48
编号为 34 的区块已加入本地区块链！curBlock: 
blockHeader: 
[0e826f9de8c4e63704f319f1405777b4c401d59be74d4e1bc49f3d2064001652 647faf592695cafb3db261d4e037f8ef7a3ce6b7d8915f249d57afd681939b5b 07dba332db94277fbcce5ca41c7e8aa02263f996dc2a9474367247c8f901ed10 34 1780065829]
# of transactions: 256
# of TXmig1s: 0
# of In1s: 0
# of Anns: 0
# of NSs: 0
blockHash: 
2a7f8674c8e4aabfb5a8fbbed4b517bff6c41f1c748cf2c9c9bfdf224a5443df
[Propose wait] S0 N0 spin=1 epoch=35 now=1780065829 InitTime=1780065759 lastpropose=1780065829 wallGap=70 need>=68 ok1=true lastGap=0 need>=2 ok2=false
[Propose wait] S0 N0 spin=50 epoch=35 now=1780065830 InitTime=1780065759 lastpropose=1780065829 wallGap=71 need>=68 ok1=true lastGap=1 need>=2 ok2=false
[Propose] S0 N0 时间条件满足: epoch=35->36 now=1780065831 InitTime=1780065759 lastpropose=1780065829 wallGap=72>=68 lastGap=2>=2 → propose1
[Propose] S0 N0 等待 sequenceLock…
[Propose] S0 N0 已持有 sequenceLock，seqID=35 即将 propose1
[propose1] S0 N0 seq=35 Tx_pool.Queue_len=97
left_count: 500
更新树花时间为: 12
写数据库IO花时间为: 19
编号为 35 的区块已加入本地区块链！curBlock: 
blockHeader: 
[2a7f8674c8e4aabfb5a8fbbed4b517bff6c41f1c748cf2c9c9bfdf224a5443df a667939695ad98892a3599441baebd1e6fcbba2021031f77cebdc003170b949f cd4c2802f0e4d60f98b57489869f7bb0e3f2246c41030a669db38ab67b8372b3 35 1780065831]
# of transactions: 97
# of TXmig1s: 0
# of In1s: 0
# of Anns: 0
# of NSs: 0
blockHash: 
d4c168b73c9257029bedb281a6764fe1152c6fd1e7993724e5da47ef226ffe0f
[Propose wait] S0 N0 spin=1 epoch=36 now=1780065831 InitTime=1780065759 lastpropose=1780065831 wallGap=72 need>=70 ok1=true lastGap=0 need>=2 ok2=false
[Propose wait] S0 N0 spin=50 epoch=36 now=1780065832 InitTime=1780065759 lastpropose=1780065831 wallGap=73 need>=70 ok1=true lastGap=1 need>=2 ok2=false
[Propose] S0 N0 时间条件满足: epoch=36->37 now=1780065833 InitTime=1780065759 lastpropose=1780065831 wallGap=74>=70 lastGap=2>=2 → propose1
[Propose] S0 N0 等待 sequenceLock…
[Propose] S0 N0 已持有 sequenceLock，seqID=36 即将 propose1
[propose1] S0 N0 seq=36 Tx_pool.Queue_len=249
left_count: 500
更新树花时间为: 31
写数据库IO花时间为: 62
编号为 36 的区块已加入本地区块链！curBlock: 
blockHeader: 
[d4c168b73c9257029bedb281a6764fe1152c6fd1e7993724e5da47ef226ffe0f a5d9368e835a4cd65e9c6c0c96b52cab23e6045a5a76c9d6e8473a2834dbfdc8 d3e0df8a5e5f3a0443a2f4c46555f2c1a189d284298c96167bbcaf6846bb92f7 36 1780065833]
# of transactions: 249
# of TXmig1s: 0
# of In1s: 0
# of Anns: 0
# of NSs: 0
blockHash: 
60e4dca626c384734a8f0822c821b9cd1441552f06b1c52b4f2d959ad2cbe0ee
[Propose wait] S0 N0 spin=1 epoch=37 now=1780065833 InitTime=1780065759 lastpropose=1780065833 wallGap=74 need>=72 ok1=true lastGap=0 need>=2 ok2=false
[Propose wait] S0 N0 spin=50 epoch=37 now=1780065834 InitTime=1780065759 lastpropose=1780065833 wallGap=75 need>=72 ok1=true lastGap=1 need>=2 ok2=false
[Propose] S0 N0 时间条件满足: epoch=37->38 now=1780065835 InitTime=1780065759 lastpropose=1780065833 wallGap=76>=72 lastGap=2>=2 → propose1
[Propose] S0 N0 等待 sequenceLock…
[Propose] S0 N0 已持有 sequenceLock，seqID=37 即将 propose1
[propose1] S0 N0 seq=37 Tx_pool.Queue_len=75
left_count: 500
更新树花时间为: 10
写数据库IO花时间为: 29
编号为 37 的区块已加入本地区块链！curBlock: 
blockHeader: 
[60e4dca626c384734a8f0822c821b9cd1441552f06b1c52b4f2d959ad2cbe0ee 2aa47eeb9e562f44493bced4c26d9ac5dab0479e54e05f8a4a0ce14a1c4916b4 39bdc7ddf13b7b0a3ae46b95df29bc48eaf10327a93c73e1770ec002619de766 37 1780065835]
# of transactions: 75
# of TXmig1s: 0
# of In1s: 0
# of Anns: 0
# of NSs: 0
blockHash: 
85fb5ff28ad24a460304ed10036019e129498afdfa93124886dabd1e2516bb01
[Propose wait] S0 N0 spin=1 epoch=38 now=1780065835 InitTime=1780065759 lastpropose=1780065835 wallGap=76 need>=74 ok1=true lastGap=0 need>=2 ok2=false
[Propose wait] S0 N0 spin=50 epoch=38 now=1780065836 InitTime=1780065759 lastpropose=1780065835 wallGap=77 need>=74 ok1=true lastGap=1 need>=2 ok2=false
[Propose] S0 N0 时间条件满足: epoch=38->39 now=1780065837 InitTime=1780065759 lastpropose=1780065835 wallGap=78>=74 lastGap=2>=2 → propose1
[Propose] S0 N0 等待 sequenceLock…
[Propose] S0 N0 已持有 sequenceLock，seqID=38 即将 propose1
[propose1] S0 N0 seq=38 Tx_pool.Queue_len=0
left_count: 500
更新树花时间为: 0
写数据库IO花时间为: 31
编号为 38 的区块已加入本地区块链！curBlock: 
blockHeader: 
[85fb5ff28ad24a460304ed10036019e129498afdfa93124886dabd1e2516bb01 2aa47eeb9e562f44493bced4c26d9ac5dab0479e54e05f8a4a0ce14a1c4916b4 56e81f171bcc55a6ff8345e692c0f86e5b48e01b996cadc001622fb5e363b421 38 1780065837]
# of transactions: 0
# of TXmig1s: 0
# of In1s: 0
# of Anns: 0
# of NSs: 0
blockHash: 
4c14cef6d55e811f2a049d23029add8a99cfde896c1bd2957a416adf695ca677
[Propose wait] S0 N0 spin=1 epoch=39 now=1780065837 InitTime=1780065759 lastpropose=1780065837 wallGap=78 need>=76 ok1=true lastGap=0 need>=2 ok2=false
[Propose wait] S0 N0 spin=50 epoch=39 now=1780065838 InitTime=1780065759 lastpropose=1780065837 wallGap=79 need>=76 ok1=true lastGap=1 need>=2 ok2=false
[Propose] S0 N0 时间条件满足: epoch=39->40 now=1780065839 InitTime=1780065759 lastpropose=1780065837 wallGap=80>=76 lastGap=2>=2 → propose1
[Propose] S0 N0 等待 sequenceLock…
[Propose] S0 N0 已持有 sequenceLock，seqID=39 即将 propose1
[propose1] S0 N0 seq=39 Tx_pool.Queue_len=0
left_count: 500
更新树花时间为: 0
写数据库IO花时间为: 9
编号为 39 的区块已加入本地区块链！curBlock: 
blockHeader: 
[4c14cef6d55e811f2a049d23029add8a99cfde896c1bd2957a416adf695ca677 2aa47eeb9e562f44493bced4c26d9ac5dab0479e54e05f8a4a0ce14a1c4916b4 56e81f171bcc55a6ff8345e692c0f86e5b48e01b996cadc001622fb5e363b421 39 1780065839]
# of transactions: 0
# of TXmig1s: 0
# of In1s: 0
# of Anns: 0
# of NSs: 0
blockHash: 
d21b6c594a846640e14141e455c8c9a6afd5b12f0d347579da8656a892f71302
[Propose wait] S0 N0 spin=1 epoch=40 now=1780065839 InitTime=1780065759 lastpropose=1780065839 wallGap=80 need>=78 ok1=true lastGap=0 need>=2 ok2=false
[Propose wait] S0 N0 spin=50 epoch=40 now=1780065840 InitTime=1780065759 lastpropose=1780065839 wallGap=81 need>=78 ok1=true lastGap=1 need>=2 ok2=false
[Propose] S0 N0 时间条件满足: epoch=40->41 now=1780065841 InitTime=1780065759 lastpropose=1780065839 wallGap=82>=78 lastGap=2>=2 → propose1
[Propose] S0 N0 等待 sequenceLock…
[Propose] S0 N0 已持有 sequenceLock，seqID=40 即将 propose1
[propose1] S0 N0 seq=40 Tx_pool.Queue_len=0
left_count: 500
更新树花时间为: 0
写数据库IO花时间为: 15
编号为 40 的区块已加入本地区块链！curBlock: 
blockHeader: 
[d21b6c594a846640e14141e455c8c9a6afd5b12f0d347579da8656a892f71302 2aa47eeb9e562f44493bced4c26d9ac5dab0479e54e05f8a4a0ce14a1c4916b4 56e81f171bcc55a6ff8345e692c0f86e5b48e01b996cadc001622fb5e363b421 40 1780065841]
# of transactions: 0
# of TXmig1s: 0
# of In1s: 0
# of Anns: 0
# of NSs: 0
blockHash: 
90fbd5534589037792e8fa759be8df17e112d30987d7e26515c013b3298d2430
[Propose wait] S0 N0 spin=1 epoch=41 now=1780065841 InitTime=1780065759 lastpropose=1780065841 wallGap=82 need>=80 ok1=true lastGap=0 need>=2 ok2=false
[Propose wait] S0 N0 spin=50 epoch=41 now=1780065842 InitTime=1780065759 lastpropose=1780065841 wallGap=83 need>=80 ok1=true lastGap=1 need>=2 ok2=false
[Propose] S0 N0 时间条件满足: epoch=41->42 now=1780065843 InitTime=1780065759 lastpropose=1780065841 wallGap=84>=80 lastGap=2>=2 → propose1
[Propose] S0 N0 等待 sequenceLock…
[Propose] S0 N0 已持有 sequenceLock，seqID=41 即将 propose1
[propose1] S0 N0 seq=41 Tx_pool.Queue_len=0
left_count: 500
更新树花时间为: 0
写数据库IO花时间为: 7
编号为 41 的区块已加入本地区块链！curBlock: 
blockHeader: 
[90fbd5534589037792e8fa759be8df17e112d30987d7e26515c013b3298d2430 2aa47eeb9e562f44493bced4c26d9ac5dab0479e54e05f8a4a0ce14a1c4916b4 56e81f171bcc55a6ff8345e692c0f86e5b48e01b996cadc001622fb5e363b421 41 1780065843]
# of transactions: 0
# of TXmig1s: 0
# of In1s: 0
# of Anns: 0
# of NSs: 0
blockHash: 
16709df88afadd92f83ba830a7fd1163c5e27069c9ad91c4f4bd2808d19cff55
[Propose wait] S0 N0 spin=1 epoch=42 now=1780065843 InitTime=1780065759 lastpropose=1780065843 wallGap=84 need>=82 ok1=true lastGap=0 need>=2 ok2=false
[Propose wait] S0 N0 spin=50 epoch=42 now=1780065844 InitTime=1780065759 lastpropose=1780065843 wallGap=85 need>=82 ok1=true lastGap=1 need>=2 ok2=false
[Propose] S0 N0 时间条件满足: epoch=42->43 now=1780065845 InitTime=1780065759 lastpropose=1780065843 wallGap=86>=82 lastGap=2>=2 → propose1
[Propose] S0 N0 等待 sequenceLock…
[Propose] S0 N0 已持有 sequenceLock，seqID=42 即将 propose1
[propose1] S0 N0 seq=42 Tx_pool.Queue_len=0
left_count: 500
更新树花时间为: 0
写数据库IO花时间为: 21
编号为 42 的区块已加入本地区块链！curBlock: 
blockHeader: 
[16709df88afadd92f83ba830a7fd1163c5e27069c9ad91c4f4bd2808d19cff55 2aa47eeb9e562f44493bced4c26d9ac5dab0479e54e05f8a4a0ce14a1c4916b4 56e81f171bcc55a6ff8345e692c0f86e5b48e01b996cadc001622fb5e363b421 42 1780065845]
# of transactions: 0
# of TXmig1s: 0
# of In1s: 0
# of Anns: 0
# of NSs: 0
blockHash: 
c4d9feefa46753a2dbebfaa99f422b1d33cc79720b9b8f890b58e58018b32d26
[Propose wait] S0 N0 spin=1 epoch=43 now=1780065845 InitTime=1780065759 lastpropose=1780065845 wallGap=86 need>=84 ok1=true lastGap=0 need>=2 ok2=false
节点收到终止节点消息，停止运行
