MigrationStrategy=SOTA-Lock (Stop=false Lock=true NotLock=false)
&{77 N0 S1 2 0 D:\Desktop\实验室\MVSS+\MVSS-main\selectedTxs_300K.csv 2 500 300 150 150 150 150 1000 10 1 400 20000 0 50000 20 true SOTA-Lock false true false false true false 3 false 8 false false false PageRank false 100 true false}
&{77 N0 S1 2 0 D:\Desktop\实验室\MVSS+\MVSS-main\selectedTxs_300K.csv 2 500 300 150 150 150 150 1000 10 1 400 20000 0 50000 20 true SOTA-Lock false true false false true false 3 false 8 false false false PageRank false 100 true false}
交易将由外部客户端发送
节点 N0 已启动，所属分片: S1
[Propose wait-first-tx] S1 N0 seq=1 Queue_len=0，首块等待交易注入后再出块
节点开启监听，地址：127.0.0.1:8020
[Propose wait-first-tx] S1 N0 seq=1 Queue_len=0，首块等待交易注入后再出块
[Propose wait-first-tx] S1 N0 seq=1 Queue_len=0，首块等待交易注入后再出块
[Propose wait-first-tx] S1 N0 seq=1 Queue_len=0，首块等待交易注入后再出块
[Propose wait-first-tx] S1 N0 seq=1 Queue_len=0，首块等待交易注入后再出块
[Propose wait-first-tx] S1 N0 seq=1 Queue_len=0，首块等待交易注入后再出块
[Propose wait-first-tx] S1 N0 seq=1 Queue_len=0，首块等待交易注入后再出块
[Propose wait-first-tx] S1 N0 seq=1 Queue_len=0，首块等待交易注入后再出块
[Propose wait-first-tx] S1 N0 seq=1 Queue_len=0，首块等待交易注入后再出块
[Propose wait-first-tx] S1 N0 seq=1 Queue_len=0，首块等待交易注入后再出块
[Propose wait-first-tx] S1 N0 seq=1 Queue_len=0，首块等待交易注入后再出块
[Propose wait-first-tx] S1 N0 seq=1 Queue_len=0，首块等待交易注入后再出块
[Propose wait-first-tx] S1 N0 seq=1 Queue_len=0，首块等待交易注入后再出块
[Propose wait-first-tx] S1 N0 seq=1 Queue_len=0，首块等待交易注入后再出块
[Propose wait-first-tx] S1 N0 seq=1 Queue_len=0，首块等待交易注入后再出块
[Propose wait-first-tx] S1 N0 seq=1 Queue_len=0，首块等待交易注入后再出块
[Propose wait-first-tx] S1 N0 seq=1 Queue_len=0，首块等待交易注入后再出块
本节点已接收到客户端发送的初始时间：1780065759（锚定 InitTime=1780065759，已重置 epoch=1）
[Propose wait-first-tx] S1 N0 seq=1 Queue_len=0，首块等待交易注入后再出块
[Propose wait-first-tx] S1 N0 seq=1 Queue_len=0，首块等待交易注入后再出块
[Propose wait-first-tx] S1 N0 seq=1 Queue_len=0，首块等待交易注入后再出块
[handleTxFromClient] S1 N0 recv client batch, tx_count=269
[handleTxFromClient] S1 N0 append to Tx_pool.Queue: local_queued=269 forward_other_shard=0 Queue_total_len=269
[Propose wait-first-tx] S1 N0 首块已检测到交易，结束等待，Queue_len=269
[Propose] S1 N0 时间条件满足: epoch=1->2 now=1780065763 InitTime=1780065759 lastpropose=1780065759 wallGap=4>=0 lastGap=4>=2 → propose1
[Propose] S1 N0 等待 sequenceLock…
[Propose] S1 N0 已持有 sequenceLock，seqID=1 即将 propose1
[propose1] S1 N0 seq=1 Tx_pool.Queue_len=269
left_count: 500
更新树花时间为: 48
写数据库IO花时间为: 53
编号为 1 的区块已加入本地区块链！curBlock: 
blockHeader: 
[1add38160db0458a48072f3ade543ffb4af4e9cfdf8f76549b9568e046a6a3ff 6c3648ad7d96904e827c426c7c5c217e89a5ffd58aaa49784b728136516fa326 458eef3028e523199b1ed939219c6796289704e20ea69d5af9b752e40150640c 1 1780065763]
# of transactions: 269
# of TXmig1s: 0
# of In1s: 0
# of Anns: 0
# of NSs: 0
blockHash: 
f5fb2323ce44b2342f9aacf7bc6bcff7b13b57da058c2761c029e7a1699da87b

第1个块开始准备relay

[Propose wait] S1 N0 spin=1 epoch=2 now=1780065763 InitTime=1780065759 lastpropose=1780065763 wallGap=4 need>=2 ok1=true lastGap=0 need>=2 ok2=false

第1个块结束relay

[Propose wait] S1 N0 spin=50 epoch=2 now=1780065764 InitTime=1780065759 lastpropose=1780065763 wallGap=5 need>=2 ok1=true lastGap=1 need>=2 ok2=false
[Propose] S1 N0 时间条件满足: epoch=2->3 now=1780065765 InitTime=1780065759 lastpropose=1780065763 wallGap=6>=2 lastGap=2>=2 → propose1
[Propose] S1 N0 等待 sequenceLock…
[Propose] S1 N0 已持有 sequenceLock，seqID=2 即将 propose1
[propose1] S1 N0 seq=2 Tx_pool.Queue_len=226
left_count: 500
[handleTxFromClient] S1 N0 recv client batch, tx_count=272
[handleTxFromClient] S1 N0 append to Tx_pool.Queue: local_queued=272 forward_other_shard=0 Queue_total_len=272
更新树花时间为: 26
写数据库IO花时间为: 33
编号为 2 的区块已加入本地区块链！curBlock: 
blockHeader: 
[f5fb2323ce44b2342f9aacf7bc6bcff7b13b57da058c2761c029e7a1699da87b 5097eabf9f624187d57ae68c8fb6e826bb08f766308849399cb2b005f2d227bc 2c03a9eafac8849898644f051142bd2991bcd6afabc8a8f2f8dfac96f81ac3a7 2 1780065765]
# of transactions: 226
# of TXmig1s: 0
# of In1s: 0
# of Anns: 0
# of NSs: 0
blockHash: 
2e931c180d639cc67e3cc60cf243e8d7d5b9809a3c6c174a2272db3f05f2f70e
[Propose wait] S1 N0 spin=1 epoch=3 now=1780065765 InitTime=1780065759 lastpropose=1780065765 wallGap=6 need>=4 ok1=true lastGap=0 need>=2 ok2=false
[Propose wait] S1 N0 spin=50 epoch=3 now=1780065766 InitTime=1780065759 lastpropose=1780065765 wallGap=7 need>=4 ok1=true lastGap=1 need>=2 ok2=false
[Propose] S1 N0 时间条件满足: epoch=3->4 now=1780065767 InitTime=1780065759 lastpropose=1780065765 wallGap=8>=4 lastGap=2>=2 → propose1
[Propose] S1 N0 等待 sequenceLock…
[Propose] S1 N0 已持有 sequenceLock，seqID=3 即将 propose1
[propose1] S1 N0 seq=3 Tx_pool.Queue_len=285
left_count: 500
[handleTxFromClient] S1 N0 recv client batch, tx_count=177
[handleTxFromClient] S1 N0 append to Tx_pool.Queue: local_queued=177 forward_other_shard=0 Queue_total_len=177
更新树花时间为: 51
写数据库IO花时间为: 61
编号为 3 的区块已加入本地区块链！curBlock: 
blockHeader: 
[2e931c180d639cc67e3cc60cf243e8d7d5b9809a3c6c174a2272db3f05f2f70e f88c8aa528ac3cba7b951bd5ef9dbebe5324fd8879f7641585c1d11de02e70ee 2d2012a88af851f5b3aa69edb909d92874afe305ae917dca6b4a72f2eaee425d 3 1780065767]
# of transactions: 285
# of TXmig1s: 0
# of In1s: 0
# of Anns: 0
# of NSs: 0
blockHash: 
cf7b3e3eab2c9c2ccac45ebb9c4818f3f99c3b631841b575b92d99636e267d3f

第3个块开始准备relay

[Propose wait] S1 N0 spin=1 epoch=4 now=1780065767 InitTime=1780065759 lastpropose=1780065767 wallGap=8 need>=6 ok1=true lastGap=0 need>=2 ok2=false

第3个块结束relay

[Propose wait] S1 N0 spin=50 epoch=4 now=1780065768 InitTime=1780065759 lastpropose=1780065767 wallGap=9 need>=6 ok1=true lastGap=1 need>=2 ok2=false
[Propose] S1 N0 时间条件满足: epoch=4->5 now=1780065769 InitTime=1780065759 lastpropose=1780065767 wallGap=10>=6 lastGap=2>=2 → propose1
[Propose] S1 N0 等待 sequenceLock…
[Propose] S1 N0 已持有 sequenceLock，seqID=4 即将 propose1
[propose1] S1 N0 seq=4 Tx_pool.Queue_len=393
left_count: 500
[handleTxFromClient] S1 N0 recv client batch, tx_count=163
[handleTxFromClient] S1 N0 append to Tx_pool.Queue: local_queued=163 forward_other_shard=0 Queue_total_len=163
更新树花时间为: 48
写数据库IO花时间为: 77
编号为 4 的区块已加入本地区块链！curBlock: 
blockHeader: 
[cf7b3e3eab2c9c2ccac45ebb9c4818f3f99c3b631841b575b92d99636e267d3f 11916a56d82d6d5fbf5f44166890a71ab964f6cada9d18617a202f2f8ff8caf2 803db5f0a14581891f71689af8f9a3e706b7ad9a94149407c28e203bdf0061da 4 1780065769]
# of transactions: 393
# of TXmig1s: 0
# of In1s: 0
# of Anns: 0
# of NSs: 0
blockHash: 
fdf052803df39f472c73ac42f3f5b0012e590bfebc648c19bc70b1417f2ce676

第4个块开始准备relay

[Propose wait] S1 N0 spin=1 epoch=5 now=1780065769 InitTime=1780065759 lastpropose=1780065769 wallGap=10 need>=8 ok1=true lastGap=0 need>=2 ok2=false

第4个块结束relay

[Propose wait] S1 N0 spin=50 epoch=5 now=1780065770 InitTime=1780065759 lastpropose=1780065769 wallGap=11 need>=8 ok1=true lastGap=1 need>=2 ok2=false
[Propose] S1 N0 时间条件满足: epoch=5->6 now=1780065771 InitTime=1780065759 lastpropose=1780065769 wallGap=12>=8 lastGap=2>=2 → propose1
[Propose] S1 N0 等待 sequenceLock…
[Propose] S1 N0 已持有 sequenceLock，seqID=5 即将 propose1
[propose1] S1 N0 seq=5 Tx_pool.Queue_len=396
left_count: 500
[handleTxFromClient] S1 N0 recv client batch, tx_count=159
[handleTxFromClient] S1 N0 append to Tx_pool.Queue: local_queued=159 forward_other_shard=0 Queue_total_len=159
更新树花时间为: 51
写数据库IO花时间为: 55
编号为 5 的区块已加入本地区块链！curBlock: 
blockHeader: 
[fdf052803df39f472c73ac42f3f5b0012e590bfebc648c19bc70b1417f2ce676 fb9583b98d84fd2ca39c9540e96f7ed3f482cc6ff3745211ec2abb3953175382 eeecc56a1c6e10c8a3dd018167d56006121141fcab88b5adeb4d9c87b98180e2 5 1780065771]
# of transactions: 396
# of TXmig1s: 0
# of In1s: 0
# of Anns: 0
# of NSs: 0
blockHash: 
cf37634fbda0c70792d7a63dac72b017866b1eb6b96f04f1feda77e31f13ca85

第5个块开始准备relay

[Propose wait] S1 N0 spin=1 epoch=6 now=1780065771 InitTime=1780065759 lastpropose=1780065771 wallGap=12 need>=10 ok1=true lastGap=0 need>=2 ok2=false

第5个块结束relay

[Propose wait] S1 N0 spin=50 epoch=6 now=1780065772 InitTime=1780065759 lastpropose=1780065771 wallGap=13 need>=10 ok1=true lastGap=1 need>=2 ok2=false
[Propose] S1 N0 时间条件满足: epoch=6->7 now=1780065773 InitTime=1780065759 lastpropose=1780065771 wallGap=14>=10 lastGap=2>=2 → propose1
[Propose] S1 N0 等待 sequenceLock…
[Propose] S1 N0 已持有 sequenceLock，seqID=6 即将 propose1
[propose1] S1 N0 seq=6 Tx_pool.Queue_len=310
left_count: 500
[handleTxFromClient] S1 N0 recv client batch, tx_count=391
[handleTxFromClient] S1 N0 append to Tx_pool.Queue: local_queued=391 forward_other_shard=0 Queue_total_len=391
更新树花时间为: 47
写数据库IO花时间为: 58
编号为 6 的区块已加入本地区块链！curBlock: 
blockHeader: 
[cf37634fbda0c70792d7a63dac72b017866b1eb6b96f04f1feda77e31f13ca85 7088df601457e016bf0b2721f9b0b9f6f5fc496dc4bc1751727c7025a3ee3633 5a107ef876bc87521f876653da29406a19fbae748968c19780dfbd7a9dec8089 6 1780065773]
# of transactions: 310
# of TXmig1s: 0
# of In1s: 0
# of Anns: 0
# of NSs: 0
blockHash: 
0dfdf2878a7741cabbc7681deb98186d30a162a182dfc019334d87b508788265

第6个块开始准备relay

[Propose wait] S1 N0 spin=1 epoch=7 now=1780065773 InitTime=1780065759 lastpropose=1780065773 wallGap=14 need>=12 ok1=true lastGap=0 need>=2 ok2=false

第6个块结束relay

[Propose wait] S1 N0 spin=50 epoch=7 now=1780065774 InitTime=1780065759 lastpropose=1780065773 wallGap=15 need>=12 ok1=true lastGap=1 need>=2 ok2=false
[Propose] S1 N0 时间条件满足: epoch=7->8 now=1780065775 InitTime=1780065759 lastpropose=1780065773 wallGap=16>=12 lastGap=2>=2 → propose1
[Propose] S1 N0 等待 sequenceLock…
[Propose] S1 N0 已持有 sequenceLock，seqID=7 即将 propose1
[propose1] S1 N0 seq=7 Tx_pool.Queue_len=630
left_count: 500
[handleTxFromClient] S1 N0 recv client batch, tx_count=745
[handleTxFromClient] S1 N0 append to Tx_pool.Queue: local_queued=745 forward_other_shard=0 Queue_total_len=875
更新树花时间为: 84
写数据库IO花时间为: 91
编号为 7 的区块已加入本地区块链！curBlock: 
blockHeader: 
[0dfdf2878a7741cabbc7681deb98186d30a162a182dfc019334d87b508788265 41a404f7551a1898f7ff61094e592494e4931228ac30c7beec1115f0f3e22374 378010990de9c5b9fbfc7b81c6ad94f62ab4e777862ca4c4485da0daef2c7170 7 1780065775]
# of transactions: 500
# of TXmig1s: 0
# of In1s: 0
# of Anns: 0
# of NSs: 0
blockHash: 
273f265c1ecf623c039350276a1841d49b6dfad4f7e46757bb62d216e28023d7

第7个块开始准备relay

[Propose wait] S1 N0 spin=1 epoch=8 now=1780065775 InitTime=1780065759 lastpropose=1780065775 wallGap=16 need>=14 ok1=true lastGap=0 need>=2 ok2=false

第7个块结束relay

[Propose wait] S1 N0 spin=50 epoch=8 now=1780065776 InitTime=1780065759 lastpropose=1780065775 wallGap=17 need>=14 ok1=true lastGap=1 need>=2 ok2=false
[Propose] S1 N0 时间条件满足: epoch=8->9 now=1780065777 InitTime=1780065759 lastpropose=1780065775 wallGap=18>=14 lastGap=2>=2 → propose1
[Propose] S1 N0 等待 sequenceLock…
[Propose] S1 N0 已持有 sequenceLock，seqID=8 即将 propose1
[propose1] S1 N0 seq=8 Tx_pool.Queue_len=1101
left_count: 500
[handleTxFromClient] S1 N0 recv client batch, tx_count=522
[handleTxFromClient] S1 N0 append to Tx_pool.Queue: local_queued=522 forward_other_shard=0 Queue_total_len=1123
更新树花时间为: 79
写数据库IO花时间为: 90
编号为 8 的区块已加入本地区块链！curBlock: 
blockHeader: 
[273f265c1ecf623c039350276a1841d49b6dfad4f7e46757bb62d216e28023d7 f19d6327bb512bfc7068d34c93d6570f799fef44a40948af02b2f251f7fa63ed 8da2f2ce6b9c2149882847e7a0376f8b79cde5db9e3c9528c25dbe4237fbe509 8 1780065777]
# of transactions: 500
# of TXmig1s: 0
# of In1s: 0
# of Anns: 0
# of NSs: 0
blockHash: 
0710a8838d1c8ec558922af70565257c112d8c809450a9b37e95bb6b313c6dce

第8个块开始准备relay

[Propose wait] S1 N0 spin=1 epoch=9 now=1780065777 InitTime=1780065759 lastpropose=1780065777 wallGap=18 need>=16 ok1=true lastGap=0 need>=2 ok2=false

第8个块结束relay

[Propose wait] S1 N0 spin=50 epoch=9 now=1780065778 InitTime=1780065759 lastpropose=1780065777 wallGap=19 need>=16 ok1=true lastGap=1 need>=2 ok2=false
[Propose] S1 N0 时间条件满足: epoch=9->10 now=1780065779 InitTime=1780065759 lastpropose=1780065777 wallGap=20>=16 lastGap=2>=2 → propose1
[Propose] S1 N0 等待 sequenceLock…
[Propose] S1 N0 已持有 sequenceLock，seqID=9 即将 propose1
[propose1] S1 N0 seq=9 Tx_pool.Queue_len=1337
left_count: 500
[handleTxFromClient] S1 N0 recv client batch, tx_count=393
[handleTxFromClient] S1 N0 append to Tx_pool.Queue: local_queued=393 forward_other_shard=0 Queue_total_len=1230
更新树花时间为: 75
写数据库IO花时间为: 80
编号为 9 的区块已加入本地区块链！curBlock: 
blockHeader: 
[0710a8838d1c8ec558922af70565257c112d8c809450a9b37e95bb6b313c6dce d312be8228a9499b51203d8d8fb463597cd498e277177abc63d3ea1a1f0adbfc 8c95bc8305cf0ce9787d4a9dddd3de57db002e7371a703b2f0a86542ca7aaeb4 9 1780065779]
# of transactions: 500
# of TXmig1s: 0
# of In1s: 0
# of Anns: 0
# of NSs: 0
blockHash: 
87e47ec76d0e472022d700ebcfe6a28fab976a4f225ae09034ab8612e053b873

第9个块开始准备relay

[Propose wait] S1 N0 spin=1 epoch=10 now=1780065779 InitTime=1780065759 lastpropose=1780065779 wallGap=20 need>=18 ok1=true lastGap=0 need>=2 ok2=false

第9个块结束relay

[Propose wait] S1 N0 spin=50 epoch=10 now=1780065780 InitTime=1780065759 lastpropose=1780065779 wallGap=21 need>=18 ok1=true lastGap=1 need>=2 ok2=false
[Propose] S1 N0 时间条件满足: epoch=10->11 now=1780065781 InitTime=1780065759 lastpropose=1780065779 wallGap=22>=18 lastGap=2>=2 → propose1
[Propose] S1 N0 等待 sequenceLock…
[Propose] S1 N0 已持有 sequenceLock，seqID=10 即将 propose1
[propose1] S1 N0 seq=10 Tx_pool.Queue_len=1335
left_count: 500
更新树花时间为: 72
写数据库IO花时间为: 77
编号为 10 的区块已加入本地区块链！curBlock: 
blockHeader: 
[87e47ec76d0e472022d700ebcfe6a28fab976a4f225ae09034ab8612e053b873 a02c7d48c727d1f74c72c8d00f0ca07fc9f32924e13076ee164744fba268117e 126cfb18249a43caaaa7b33854c867d18aeb947851f5c0d609507dc15bed9b30 10 1780065781]
# of transactions: 500
# of TXmig1s: 0
# of In1s: 0
# of Anns: 0
# of NSs: 0
blockHash: 
2d314767f9ef5fc0ad06322714ffe0847bd54e6813d5c64f25709a904574ed4b

第10个块开始准备relay

[Propose wait] S1 N0 spin=1 epoch=11 now=1780065781 InitTime=1780065759 lastpropose=1780065781 wallGap=22 need>=20 ok1=true lastGap=0 need>=2 ok2=false
[handleTxFromClient] S1 N0 recv client batch, tx_count=523
[handleTxFromClient] S1 N0 append to Tx_pool.Queue: local_queued=523 forward_other_shard=0 Queue_total_len=1358

第10个块结束relay

[Propose wait] S1 N0 spin=50 epoch=11 now=1780065782 InitTime=1780065759 lastpropose=1780065781 wallGap=23 need>=20 ok1=true lastGap=1 need>=2 ok2=false
[Propose] S1 N0 时间条件满足: epoch=11->12 now=1780065783 InitTime=1780065759 lastpropose=1780065781 wallGap=24>=20 lastGap=2>=2 → propose1
[Propose] S1 N0 等待 sequenceLock…
[Propose] S1 N0 已持有 sequenceLock，seqID=11 即将 propose1
[propose1] S1 N0 seq=11 Tx_pool.Queue_len=1524
left_count: 500
更新树花时间为: 64
写数据库IO花时间为: 71
编号为 11 的区块已加入本地区块链！curBlock: 
blockHeader: 
[2d314767f9ef5fc0ad06322714ffe0847bd54e6813d5c64f25709a904574ed4b 9d785b05ea15549b4a046433775521438d62ba540dadce98e3d7719ad26757c1 fd3b2afa8c4a4384ccee625b88482703628f8a7249b5b0998b43d3df73dbf8df 11 1780065783]
# of transactions: 500
# of TXmig1s: 0
# of In1s: 0
# of Anns: 0
# of NSs: 0
blockHash: 
6218616d2104c724d587f5c86c89148ebec4ca7135c3dc1915e1cafb4beeb08d

第11个块开始准备relay

[Propose wait] S1 N0 spin=1 epoch=12 now=1780065783 InitTime=1780065759 lastpropose=1780065783 wallGap=24 need>=22 ok1=true lastGap=0 need>=2 ok2=false
[handleTxFromClient] S1 N0 recv client batch, tx_count=249
[handleTxFromClient] S1 N0 append to Tx_pool.Queue: local_queued=249 forward_other_shard=0 Queue_total_len=1273

第11个块结束relay

[Propose wait] S1 N0 spin=50 epoch=12 now=1780065784 InitTime=1780065759 lastpropose=1780065783 wallGap=25 need>=22 ok1=true lastGap=1 need>=2 ok2=false
[Propose] S1 N0 时间条件满足: epoch=12->13 now=1780065785 InitTime=1780065759 lastpropose=1780065783 wallGap=26>=22 lastGap=2>=2 → propose1
[Propose] S1 N0 等待 sequenceLock…
[Propose] S1 N0 已持有 sequenceLock，seqID=12 即将 propose1
[propose1] S1 N0 seq=12 Tx_pool.Queue_len=1450
left_count: 500
更新树花时间为: 77
写数据库IO花时间为: 82
编号为 12 的区块已加入本地区块链！curBlock: 
blockHeader: 
[6218616d2104c724d587f5c86c89148ebec4ca7135c3dc1915e1cafb4beeb08d 747b4204c72b90a4d81c3a0297bdb7b9d0a20f698c3539d8680be6b0032fe87d 6d77ebfbf94752bde1406ed61d89f7154452b5c42a5efebc141be5f6fc3c3bb7 12 1780065785]
# of transactions: 500
# of TXmig1s: 0
# of In1s: 0
# of Anns: 0
# of NSs: 0
blockHash: 
a5fe2ac5b8673be7d8a73e6470e135327a6ce34962dc1351294abf884add6cac

第12个块开始准备relay

[Propose wait] S1 N0 spin=1 epoch=13 now=1780065785 InitTime=1780065759 lastpropose=1780065785 wallGap=26 need>=24 ok1=true lastGap=0 need>=2 ok2=false
[handleTxFromClient] S1 N0 recv client batch, tx_count=167
[handleTxFromClient] S1 N0 append to Tx_pool.Queue: local_queued=167 forward_other_shard=0 Queue_total_len=1117

第12个块结束relay

[Propose wait] S1 N0 spin=50 epoch=13 now=1780065786 InitTime=1780065759 lastpropose=1780065785 wallGap=27 need>=24 ok1=true lastGap=1 need>=2 ok2=false
[Propose] S1 N0 时间条件满足: epoch=13->14 now=1780065787 InitTime=1780065759 lastpropose=1780065785 wallGap=28>=24 lastGap=2>=2 → propose1
[Propose] S1 N0 等待 sequenceLock…
[Propose] S1 N0 已持有 sequenceLock，seqID=13 即将 propose1
[propose1] S1 N0 seq=13 Tx_pool.Queue_len=1257
left_count: 500
更新树花时间为: 64
写数据库IO花时间为: 86
编号为 13 的区块已加入本地区块链！curBlock: 
blockHeader: 
[a5fe2ac5b8673be7d8a73e6470e135327a6ce34962dc1351294abf884add6cac 5a5f9bf903b609ae4d0ea2df224ce2883971b1069f8f1b7bba4a1450d8d60def 3502c5895563fb428f774c42bc6619a3377d848cd7debe6d71dd3a41d3eb2cde 13 1780065787]
# of transactions: 500
# of TXmig1s: 0
# of In1s: 0
# of Anns: 0
# of NSs: 0
blockHash: 
6a21d52119a2da4b3a678265a55bfec99afdfbdb6a0c26599d87ee1916d7e8d1

第13个块开始准备relay

[Propose wait] S1 N0 spin=1 epoch=14 now=1780065787 InitTime=1780065759 lastpropose=1780065787 wallGap=28 need>=26 ok1=true lastGap=0 need>=2 ok2=false
[handleTxFromClient] S1 N0 recv client batch, tx_count=311
[handleTxFromClient] S1 N0 append to Tx_pool.Queue: local_queued=311 forward_other_shard=0 Queue_total_len=1068

第13个块结束relay

[Propose wait] S1 N0 spin=50 epoch=14 now=1780065788 InitTime=1780065759 lastpropose=1780065787 wallGap=29 need>=26 ok1=true lastGap=1 need>=2 ok2=false
[Propose] S1 N0 时间条件满足: epoch=14->15 now=1780065789 InitTime=1780065759 lastpropose=1780065787 wallGap=30>=26 lastGap=2>=2 → propose1
[Propose] S1 N0 等待 sequenceLock…
[Propose] S1 N0 已持有 sequenceLock，seqID=14 即将 propose1
[propose1] S1 N0 seq=14 Tx_pool.Queue_len=1275
left_count: 500
更新树花时间为: 83
写数据库IO花时间为: 100
编号为 14 的区块已加入本地区块链！curBlock: 
blockHeader: 
[6a21d52119a2da4b3a678265a55bfec99afdfbdb6a0c26599d87ee1916d7e8d1 3c70cdd47d44b84d0af0f2cc16de56483f9ba07bdf65b18ee4d8df0d4937cda5 443279ad3636f2cdccc5be35faa01c540a5edba139496e45ae801c85225eab45 14 1780065789]
# of transactions: 500
# of TXmig1s: 0
# of In1s: 0
# of Anns: 0
# of NSs: 0
blockHash: 
ca6259525f49a755a065e9944270019a1fce935d5fce011d21d53f699179c5e0

第14个块开始准备relay

[Propose wait] S1 N0 spin=1 epoch=15 now=1780065789 InitTime=1780065759 lastpropose=1780065789 wallGap=30 need>=28 ok1=true lastGap=0 need>=2 ok2=false
[handleTxFromClient] S1 N0 recv client batch, tx_count=304
[handleTxFromClient] S1 N0 append to Tx_pool.Queue: local_queued=304 forward_other_shard=0 Queue_total_len=1079

第14个块结束relay

[Propose wait] S1 N0 spin=50 epoch=15 now=1780065790 InitTime=1780065759 lastpropose=1780065789 wallGap=31 need>=28 ok1=true lastGap=1 need>=2 ok2=false
[Propose] S1 N0 时间条件满足: epoch=15->16 now=1780065791 InitTime=1780065759 lastpropose=1780065789 wallGap=32>=28 lastGap=2>=2 → propose1
[Propose] S1 N0 等待 sequenceLock…
[Propose] S1 N0 已持有 sequenceLock，seqID=15 即将 propose1
[propose1] S1 N0 seq=15 Tx_pool.Queue_len=1281
left_count: 500
更新树花时间为: 93
写数据库IO花时间为: 99
编号为 15 的区块已加入本地区块链！curBlock: 
blockHeader: 
[ca6259525f49a755a065e9944270019a1fce935d5fce011d21d53f699179c5e0 2939c4d584b815bc046310d9272a4134fb36762d0906551e07e1905ff214ddb8 f4f582ceb2156c6e00acaa7238dcc7442d8cd151a55aaa0a5983be682682e020 15 1780065791]
# of transactions: 500
# of TXmig1s: 0
# of In1s: 0
# of Anns: 0
# of NSs: 0
blockHash: 
9493e0eed2909cefdcf765153d0309e726c458aa3cd176023713ac2b0754f39a

第15个块开始准备relay

[Propose wait] S1 N0 spin=1 epoch=16 now=1780065791 InitTime=1780065759 lastpropose=1780065791 wallGap=32 need>=30 ok1=true lastGap=0 need>=2 ok2=false
[handleTxFromClient] S1 N0 recv client batch, tx_count=332
[handleTxFromClient] S1 N0 append to Tx_pool.Queue: local_queued=332 forward_other_shard=0 Queue_total_len=1113

第15个块结束relay

[Propose wait] S1 N0 spin=50 epoch=16 now=1780065792 InitTime=1780065759 lastpropose=1780065791 wallGap=33 need>=30 ok1=true lastGap=1 need>=2 ok2=false
[Propose] S1 N0 时间条件满足: epoch=16->17 now=1780065793 InitTime=1780065759 lastpropose=1780065791 wallGap=34>=30 lastGap=2>=2 → propose1
[Propose] S1 N0 等待 sequenceLock…
[Propose] S1 N0 已持有 sequenceLock，seqID=16 即将 propose1
[propose1] S1 N0 seq=16 Tx_pool.Queue_len=1285
left_count: 500
更新树花时间为: 65
写数据库IO花时间为: 72
编号为 16 的区块已加入本地区块链！curBlock: 
blockHeader: 
[9493e0eed2909cefdcf765153d0309e726c458aa3cd176023713ac2b0754f39a 694ec6f013888ffc862786219b886e31317545b4f47b551088b88601bb7a1dc2 3121d19fb4c61f980d1437405b5f1e6e799b920a2bea0a848a43dbd14426372d 16 1780065793]
# of transactions: 500
# of TXmig1s: 0
# of In1s: 0
# of Anns: 0
# of NSs: 0
blockHash: 
5d5e269c6f080360a00411e70e812e2be4b0303b791c698f210ae05d8533467c

第16个块开始准备relay

[Propose wait] S1 N0 spin=1 epoch=17 now=1780065793 InitTime=1780065759 lastpropose=1780065793 wallGap=34 need>=32 ok1=true lastGap=0 need>=2 ok2=false
[handleTxFromClient] S1 N0 recv client batch, tx_count=311
[handleTxFromClient] S1 N0 append to Tx_pool.Queue: local_queued=311 forward_other_shard=0 Queue_total_len=1096

第16个块结束relay

[Propose wait] S1 N0 spin=50 epoch=17 now=1780065794 InitTime=1780065759 lastpropose=1780065793 wallGap=35 need>=32 ok1=true lastGap=1 need>=2 ok2=false
[Propose] S1 N0 时间条件满足: epoch=17->18 now=1780065795 InitTime=1780065759 lastpropose=1780065793 wallGap=36>=32 lastGap=2>=2 → propose1
[Propose] S1 N0 等待 sequenceLock…
[Propose] S1 N0 已持有 sequenceLock，seqID=17 即将 propose1
[propose1] S1 N0 seq=17 Tx_pool.Queue_len=1337
left_count: 500
更新树花时间为: 73
写数据库IO花时间为: 83
编号为 17 的区块已加入本地区块链！curBlock: 
blockHeader: 
[5d5e269c6f080360a00411e70e812e2be4b0303b791c698f210ae05d8533467c 606e8719e7057eaa7c60d1ab6db39efb9c933a5cf4bf5a926179431931f5dc08 192ff2e8273ce5718d83c4c44841bd1dc611d3540138552d5c379a24913f34fa 17 1780065795]
# of transactions: 500
# of TXmig1s: 0
# of In1s: 0
# of Anns: 0
# of NSs: 0
blockHash: 
6be7215000e0817e891ce01aae3e2389057c84e5d5e41eb13234e5d41fe92808

第17个块开始准备relay

[Propose wait] S1 N0 spin=1 epoch=18 now=1780065795 InitTime=1780065759 lastpropose=1780065795 wallGap=36 need>=34 ok1=true lastGap=0 need>=2 ok2=false
[handleTxFromClient] S1 N0 recv client batch, tx_count=634
[handleTxFromClient] S1 N0 append to Tx_pool.Queue: local_queued=634 forward_other_shard=0 Queue_total_len=1471

第17个块结束relay

[Propose wait] S1 N0 spin=50 epoch=18 now=1780065796 InitTime=1780065759 lastpropose=1780065795 wallGap=37 need>=34 ok1=true lastGap=1 need>=2 ok2=false
[Propose] S1 N0 时间条件满足: epoch=18->19 now=1780065797 InitTime=1780065759 lastpropose=1780065795 wallGap=38>=34 lastGap=2>=2 → propose1
[Propose] S1 N0 等待 sequenceLock…
[Propose] S1 N0 已持有 sequenceLock，seqID=18 即将 propose1
[propose1] S1 N0 seq=18 Tx_pool.Queue_len=1627
left_count: 500
更新树花时间为: 58
写数据库IO花时间为: 68
编号为 18 的区块已加入本地区块链！curBlock: 
blockHeader: 
[6be7215000e0817e891ce01aae3e2389057c84e5d5e41eb13234e5d41fe92808 5fce7e7c4cc037b24fdcc8a556877e46a305b476163b2d189247fa20207d1d04 a3dca5a2026225489d8d2920f273b23e9861b126854e1bd900e6d3a58301659c 18 1780065797]
# of transactions: 500
# of TXmig1s: 0
# of In1s: 0
# of Anns: 0
# of NSs: 0
blockHash: 
46a52d5a67c12ec913a1fb77221bb2cbcdecd831df8903c5ecb5593d394f3741

第18个块开始准备relay

[Propose wait] S1 N0 spin=1 epoch=19 now=1780065797 InitTime=1780065759 lastpropose=1780065797 wallGap=38 need>=36 ok1=true lastGap=0 need>=2 ok2=false
[handleTxFromClient] S1 N0 recv client batch, tx_count=633
[handleTxFromClient] S1 N0 append to Tx_pool.Queue: local_queued=633 forward_other_shard=0 Queue_total_len=1760

第18个块结束relay

[Propose wait] S1 N0 spin=50 epoch=19 now=1780065798 InitTime=1780065759 lastpropose=1780065797 wallGap=39 need>=36 ok1=true lastGap=1 need>=2 ok2=false
[Propose] S1 N0 时间条件满足: epoch=19->20 now=1780065799 InitTime=1780065759 lastpropose=1780065797 wallGap=40>=36 lastGap=2>=2 → propose1
[Propose] S1 N0 等待 sequenceLock…
[Propose] S1 N0 已持有 sequenceLock，seqID=19 即将 propose1
[propose1] S1 N0 seq=19 Tx_pool.Queue_len=1935
left_count: 500
更新树花时间为: 57
写数据库IO花时间为: 64
编号为 19 的区块已加入本地区块链！curBlock: 
blockHeader: 
[46a52d5a67c12ec913a1fb77221bb2cbcdecd831df8903c5ecb5593d394f3741 6cf21997bdf01e44cd3f04928ebaaf115586459589de58868d8f5af9e12bd7a9 58fb198c98edc002186bd107179fcf63193124ca1b76a6ccb5c127ec3511fc7b 19 1780065799]
# of transactions: 500
# of TXmig1s: 0
# of In1s: 0
# of Anns: 0
# of NSs: 0
blockHash: 
97507a6ffa3b5366beae7b405e5374b3354e544dfd3930cae85f051c8fc048d0

第19个块开始准备relay

[Propose wait] S1 N0 spin=1 epoch=20 now=1780065799 InitTime=1780065759 lastpropose=1780065799 wallGap=40 need>=38 ok1=true lastGap=0 need>=2 ok2=false
[handleTxFromClient] S1 N0 recv client batch, tx_count=245
[handleTxFromClient] S1 N0 append to Tx_pool.Queue: local_queued=245 forward_other_shard=0 Queue_total_len=1680

第19个块结束relay

[Propose wait] S1 N0 spin=50 epoch=20 now=1780065800 InitTime=1780065759 lastpropose=1780065799 wallGap=41 need>=38 ok1=true lastGap=1 need>=2 ok2=false
[Propose] S1 N0 时间条件满足: epoch=20->21 now=1780065801 InitTime=1780065759 lastpropose=1780065799 wallGap=42>=38 lastGap=2>=2 → propose1
[Propose] S1 N0 等待 sequenceLock…
[Propose] S1 N0 已持有 sequenceLock，seqID=20 即将 propose1
[propose1] S1 N0 seq=20 Tx_pool.Queue_len=1843
left_count: 500
更新树花时间为: 94
写数据库IO花时间为: 99
编号为 20 的区块已加入本地区块链！curBlock: 
blockHeader: 
[97507a6ffa3b5366beae7b405e5374b3354e544dfd3930cae85f051c8fc048d0 35c38d405743f34dd5635bbfb4381262a60cd241ff315940efb6be921ceed7c9 bac77e5824175958a055a5e9e1054f56c99aa2f9bd3bb73effec796335f2383f 20 1780065801]
# of transactions: 500
# of TXmig1s: 0
# of In1s: 0
# of Anns: 0
# of NSs: 0
blockHash: 
8abcde4d8271b3d647533ea8e392d9534625e2bedac265c072171b1d44ff428f

第20个块开始准备relay

[Propose wait] S1 N0 spin=1 epoch=21 now=1780065801 InitTime=1780065759 lastpropose=1780065801 wallGap=42 need>=40 ok1=true lastGap=0 need>=2 ok2=false
[handleTxFromClient] S1 N0 recv client batch, tx_count=753
[handleTxFromClient] S1 N0 append to Tx_pool.Queue: local_queued=753 forward_other_shard=0 Queue_total_len=2096

第20个块结束relay

[Propose wait] S1 N0 spin=50 epoch=21 now=1780065802 InitTime=1780065759 lastpropose=1780065801 wallGap=43 need>=40 ok1=true lastGap=1 need>=2 ok2=false
[Propose] S1 N0 时间条件满足: epoch=21->22 now=1780065803 InitTime=1780065759 lastpropose=1780065801 wallGap=44>=40 lastGap=2>=2 → propose1
[Propose] S1 N0 等待 sequenceLock…
[Propose] S1 N0 已持有 sequenceLock，seqID=21 即将 propose1
[propose1] S1 N0 seq=21 Tx_pool.Queue_len=2356
left_count: 500
本节点已接收到client发来准备迁移通知
更新树花时间为: 90
写数据库IO花时间为: 95
编号为 21 的区块已加入本地区块链！curBlock: 
blockHeader: 
[8abcde4d8271b3d647533ea8e392d9534625e2bedac265c072171b1d44ff428f e865dce434af0c81e2526ffd4c42616d84678154ef1ecbf54584e724b10c30f6 a5110f868a79532191ee60ea56e1426854833db939422f3dff5bb8b4074b7332 21 1780065803]
# of transactions: 500
# of TXmig1s: 0
# of In1s: 0
# of Anns: 0
# of NSs: 0
blockHash: 
9ea2699bf79daf43837a553edce24626ac896a50a71a1f968b37f795bffa3d32

第21个块开始准备relay

[Propose wait] S1 N0 spin=1 epoch=22 now=1780065803 InitTime=1780065759 lastpropose=1780065803 wallGap=44 need>=42 ok1=true lastGap=0 need>=2 ok2=false
本节点已将 pending 发送到 client（1856 笔）
本节点已接收到客户端发送的新映射
[handleTxFromClient] S1 N0 recv client batch, tx_count=775
[handleTxFromClient] S1 N0 append to Tx_pool.Queue: local_queued=775 forward_other_shard=0 Queue_total_len=2631

第21个块结束relay

[Propose wait] S1 N0 spin=50 epoch=22 now=1780065804 InitTime=1780065759 lastpropose=1780065803 wallGap=45 need>=42 ok1=true lastGap=1 need>=2 ok2=false
[Propose] S1 N0 时间条件满足: epoch=22->23 now=1780065805 InitTime=1780065759 lastpropose=1780065803 wallGap=46>=42 lastGap=2>=2 → propose1
[Propose] S1 N0 等待 sequenceLock…
[Propose] S1 N0 已持有 sequenceLock，seqID=22 即将 propose1
[propose1] S1 N0 seq=22 Tx_pool.Queue_len=2757
left_count: 200
更新树花时间为: 56
写数据库IO花时间为: 68
编号为 22 的区块已加入本地区块链！curBlock: 
blockHeader: 
[9ea2699bf79daf43837a553edce24626ac896a50a71a1f968b37f795bffa3d32 c4d1d51a97f98d5c3a20dd1c8fdb1db99d961c2169c7941fb95bfafa5c206a48 c07cf404acb90c8b6db1aef87db030fa9fe066041995ad3a73ed441802c118e2 22 1780065805]
# of transactions: 200
# of TXmig1s: 300
# of In1s: 0
# of Anns: 0
# of NSs: 0
blockHash: 
d3f2313a8cc95d1b587fd413e989e46e031518d3af6c585ac5eae41cf3974178

第22个块开始准备relay

[Propose wait] S1 N0 spin=1 epoch=23 now=1780065805 InitTime=1780065759 lastpropose=1780065805 wallGap=46 need>=44 ok1=true lastGap=0 need>=2 ok2=false

第22个块结束relay

[handleTxFromClient] S1 N0 recv client batch, tx_count=770
[handleTxFromClient] S1 N0 append to Tx_pool.Queue: local_queued=770 forward_other_shard=0 Queue_total_len=3377

本节点已接收到分片S0发来的迁移请求 
9999999999999999999998345184920000000000

[Propose wait] S1 N0 spin=50 epoch=23 now=1780065806 InitTime=1780065759 lastpropose=1780065805 wallGap=47 need>=44 ok1=true lastGap=1 need>=2 ok2=false
[Propose] S1 N0 时间条件满足: epoch=23->24 now=1780065807 InitTime=1780065759 lastpropose=1780065805 wallGap=48>=44 lastGap=2>=2 → propose1
[Propose] S1 N0 等待 sequenceLock…
[Propose] S1 N0 已持有 sequenceLock，seqID=23 即将 propose1
[propose1] S1 N0 seq=23 Tx_pool.Queue_len=3377
left_count: 200
更新树花时间为: 54
写数据库IO花时间为: 70
编号为 23 的区块已加入本地区块链！curBlock: 
blockHeader: 
[d3f2313a8cc95d1b587fd413e989e46e031518d3af6c585ac5eae41cf3974178 e520be22aac1363f656b9cc0f33a5f0b9356149e6b08327990524e1eaac9a7ca eb557e77fb9bc609198d3dabccff362a72dcf6a5968bdc1ab9b80e1749609cc4 23 1780065807]
# of transactions: 200
# of TXmig1s: 80
# of In1s: 220
# of Anns: 0
# of NSs: 0
blockHash: 
e9bce7492122559203ca4f2eee3e258088fba321b787f03eaa8fda4b40fabdc4

第23个块开始准备relay

[Propose wait] S1 N0 spin=1 epoch=24 now=1780065807 InitTime=1780065759 lastpropose=1780065807 wallGap=48 need>=46 ok1=true lastGap=0 need>=2 ok2=false

第23个块结束relay

[handleTxFromClient] S1 N0 recv client batch, tx_count=781
[handleTxFromClient] S1 N0 append to Tx_pool.Queue: local_queued=781 forward_other_shard=0 Queue_total_len=3897
本节点已接收到分片S0发来通知 
1
2
3

本节点已接收到分片S0发来的迁移请求 
10000000000000000000000420809963307648960

[Propose wait] S1 N0 spin=50 epoch=24 now=1780065808 InitTime=1780065759 lastpropose=1780065807 wallGap=49 need>=46 ok1=true lastGap=1 need>=2 ok2=false
[Propose] S1 N0 时间条件满足: epoch=24->25 now=1780065809 InitTime=1780065759 lastpropose=1780065807 wallGap=50>=46 lastGap=2>=2 → propose1
[Propose] S1 N0 等待 sequenceLock…
[Propose] S1 N0 已持有 sequenceLock，seqID=24 即将 propose1
[propose1] S1 N0 seq=24 Tx_pool.Queue_len=3897
left_count: 200
更新树花时间为: 77
写数据库IO花时间为: 109
编号为 24 的区块已加入本地区块链！curBlock: 
blockHeader: 
[e9bce7492122559203ca4f2eee3e258088fba321b787f03eaa8fda4b40fabdc4 715b4d384a11baf0dd3ebc1b9916f95b6ea92128fe8133d4ee90f89d96ae07dc 45d0cfb3d2994062e2ab6caaefc20ea595f50354f878167fa05cfda630c69e72 24 1780065809]
# of transactions: 200
# of TXmig1s: 0
# of In1s: 299
# of Anns: 1
# of NSs: 0
blockHash: 
3b8464ed459d130dabeed08c959b83861d99173b0f06ddbdbe8b5d9c44fbda4a
handleAnns时是第24个块

handleannounce交易池操作时差为：1702
handleannounce两锁时差为：1702


第24个块开始准备relay

时间：50249  正在向分片S0的主节点发送新
[Propose wait] S1 N0 spin=1 epoch=25 now=1780065809 InitTime=1780065759 lastpropose=1780065809 wallGap=50 need>=48 ok1=true lastGap=0 need>=2 ok2=false
本节点已将不变的账户数量发送到client

时间：1780065809253  本节点已接收到新
本节点已将迁移过来的pending交易的账户数量发送到client


第24个块结束relay

[handleTxFromClient] S1 N0 recv client batch, tx_count=773
[handleTxFromClient] S1 N0 append to Tx_pool.Queue: local_queued=773 forward_other_shard=0 Queue_total_len=4522
[Propose wait] S1 N0 spin=50 epoch=25 now=1780065810 InitTime=1780065759 lastpropose=1780065809 wallGap=51 need>=48 ok1=true lastGap=1 need>=2 ok2=false
[Propose] S1 N0 时间条件满足: epoch=25->26 now=1780065811 InitTime=1780065759 lastpropose=1780065809 wallGap=52>=48 lastGap=2>=2 → propose1
[Propose] S1 N0 等待 sequenceLock…
[Propose] S1 N0 已持有 sequenceLock，seqID=25 即将 propose1
[propose1] S1 N0 seq=25 Tx_pool.Queue_len=4522
left_count: 420
更新树花时间为: 60
写数据库IO花时间为: 70
编号为 25 的区块已加入本地区块链！curBlock: 
blockHeader: 
[3b8464ed459d130dabeed08c959b83861d99173b0f06ddbdbe8b5d9c44fbda4a d3fc5f91e4f2e07ba26ddc3007ae0c338c875c94ea3882a3d2edab52432a6cce 06fc186cdaf6daf6f6ac038feadb41f485bc2887ccc44e3673ecc3a5730c1369 25 1780065811]
# of transactions: 420
# of TXmig1s: 0
# of In1s: 0
# of Anns: 80
# of NSs: 0
blockHash: 
b3e06ed69342b5f5f7cfece93dfd64ba362ba9c446cdc63be587626a8117b5d0
handleAnns时是第25个块

handleannounce交易池操作时差为：4997
handleannounce两锁时差为：4997


第25个块开始准备relay

[Propose wait] S1 N0 spin=1 epoch=26 now=1780065811 InitTime=1780065759 lastpropose=1780065811 wallGap=52 need>=50 ok1=true lastGap=0 need>=2 ok2=false
时间：52187  正在向分片S0的主节点发送新
本节点已将不变的账户数量发送到client

时间：1780065811219  本节点已接收到新
本节点已将迁移过来的pending交易的账户数量发送到client

[handleTxFromClient] S1 N0 recv client batch, tx_count=771
[handleTxFromClient] S1 N0 append to Tx_pool.Queue: local_queued=771 forward_other_shard=0 Queue_total_len=5025

第25个块结束relay

本节点已接收到分片S0发来通知 
1
2
3
[Propose wait] S1 N0 spin=50 epoch=26 now=1780065812 InitTime=1780065759 lastpropose=1780065811 wallGap=53 need>=50 ok1=true lastGap=1 need>=2 ok2=false
[Propose] S1 N0 时间条件满足: epoch=26->27 now=1780065813 InitTime=1780065759 lastpropose=1780065811 wallGap=54>=50 lastGap=2>=2 → propose1
[Propose] S1 N0 等待 sequenceLock…
[Propose] S1 N0 已持有 sequenceLock，seqID=26 即将 propose1
[propose1] S1 N0 seq=26 Tx_pool.Queue_len=5025
left_count: 201
更新树花时间为: 65
写数据库IO花时间为: 100
编号为 26 的区块已加入本地区块链！curBlock: 
blockHeader: 
[b3e06ed69342b5f5f7cfece93dfd64ba362ba9c446cdc63be587626a8117b5d0 c5aaf6211c5fda521347002a9dfde7d21a3a83b9f0238de067faf1d3d31505cf 7d1421ac81b66e9664d6daa8e71a6bb5274db1b576ddf68edb174e82cd113dc6 26 1780065813]
# of transactions: 201
# of TXmig1s: 0
# of In1s: 0
# of Anns: 299
# of NSs: 0
blockHash: 
c417f92caf113ee0fe00f5d4114257e562dfa52b4a13ee72057ee3e74718ae40
handleAnns时是第26个块

handleannounce交易池操作时差为：2870
handleannounce两锁时差为：3494


第26个块开始准备relay

[Propose wait] S1 N0 spin=1 epoch=27 now=1780065813 InitTime=1780065759 lastpropose=1780065813 wallGap=54 need>=52 ok1=true lastGap=0 need>=2 ok2=false
时间：54343  正在向分片S0的主节点发送新
本节点已将不变的账户数量发送到client

时间：1780065813346  本节点已接收到新
本节点已将迁移过来的pending交易的账户数量发送到client


第26个块结束relay

[Propose wait] S1 N0 spin=50 epoch=27 now=1780065814 InitTime=1780065759 lastpropose=1780065813 wallGap=55 need>=52 ok1=true lastGap=1 need>=2 ok2=false
[Propose] S1 N0 时间条件满足: epoch=27->28 now=1780065815 InitTime=1780065759 lastpropose=1780065813 wallGap=56>=52 lastGap=2>=2 → propose1
[Propose] S1 N0 等待 sequenceLock…
[Propose] S1 N0 已持有 sequenceLock，seqID=27 即将 propose1
[propose1] S1 N0 seq=27 Tx_pool.Queue_len=4909
left_count: 500
更新树花时间为: 77
写数据库IO花时间为: 97
编号为 27 的区块已加入本地区块链！curBlock: 
blockHeader: 
[c417f92caf113ee0fe00f5d4114257e562dfa52b4a13ee72057ee3e74718ae40 9b1d00beb5759b1041b3e6b7fc7d3e2f5cc864069d4d5a4d34a82135c0eedada 3b8eaa8041247bda9018fa6f6b5d51fc32da076108f0358123e0b6db891a3dad 27 1780065815]
# of transactions: 500
# of TXmig1s: 0
# of In1s: 0
# of Anns: 0
# of NSs: 0
blockHash: 
49cdc202b535d3f4733b7d553f65d39f2bc5798ac02a74853078875ad54d417d

第27个块开始准备relay

[Propose wait] S1 N0 spin=1 epoch=28 now=1780065815 InitTime=1780065759 lastpropose=1780065815 wallGap=56 need>=54 ok1=true lastGap=0 need>=2 ok2=false

第27个块结束relay

[Propose wait] S1 N0 spin=50 epoch=28 now=1780065816 InitTime=1780065759 lastpropose=1780065815 wallGap=57 need>=54 ok1=true lastGap=1 need>=2 ok2=false
[Propose] S1 N0 时间条件满足: epoch=28->29 now=1780065817 InitTime=1780065759 lastpropose=1780065815 wallGap=58>=54 lastGap=2>=2 → propose1
[Propose] S1 N0 等待 sequenceLock…
[Propose] S1 N0 已持有 sequenceLock，seqID=28 即将 propose1
[propose1] S1 N0 seq=28 Tx_pool.Queue_len=4474
left_count: 500
更新树花时间为: 87
写数据库IO花时间为: 97
编号为 28 的区块已加入本地区块链！curBlock: 
blockHeader: 
[49cdc202b535d3f4733b7d553f65d39f2bc5798ac02a74853078875ad54d417d ba5f73a542a972acc8f50bde0e6573938f82dd5ce54300051b206a240ce11007 51b535db8f870a34bb9d3c8f05417510ba164ee7f630ce2ab1b2ad724b54cc09 28 1780065817]
# of transactions: 500
# of TXmig1s: 0
# of In1s: 0
# of Anns: 0
# of NSs: 0
blockHash: 
3ab5a44303e8c2a0f9dab15b107152b208270e15d2960d7ce2b031aaa7c4a415

第28个块开始准备relay

[Propose wait] S1 N0 spin=1 epoch=29 now=1780065817 InitTime=1780065759 lastpropose=1780065817 wallGap=58 need>=56 ok1=true lastGap=0 need>=2 ok2=false

第28个块结束relay

[Propose wait] S1 N0 spin=50 epoch=29 now=1780065818 InitTime=1780065759 lastpropose=1780065817 wallGap=59 need>=56 ok1=true lastGap=1 need>=2 ok2=false
[Propose] S1 N0 时间条件满足: epoch=29->30 now=1780065819 InitTime=1780065759 lastpropose=1780065817 wallGap=60>=56 lastGap=2>=2 → propose1
[Propose] S1 N0 等待 sequenceLock…
[Propose] S1 N0 已持有 sequenceLock，seqID=29 即将 propose1
[propose1] S1 N0 seq=29 Tx_pool.Queue_len=3975
left_count: 500
更新树花时间为: 73
写数据库IO花时间为: 83
编号为 29 的区块已加入本地区块链！curBlock: 
blockHeader: 
[3ab5a44303e8c2a0f9dab15b107152b208270e15d2960d7ce2b031aaa7c4a415 3faffc5afcb88160e3068abc1b31f9b2ba72e9f3c11787c8a00cce0d42b59c30 16453ad8aca02a02c01a8c6a810ddf1e566aba4041b7b9d8265ba1bade7f79ad 29 1780065819]
# of transactions: 500
# of TXmig1s: 0
# of In1s: 0
# of Anns: 0
# of NSs: 0
blockHash: 
efbca378e6e989d09c9010c36493b49818ae17ec65a9df14400a0ffd15be9fd9

第29个块开始准备relay

[Propose wait] S1 N0 spin=1 epoch=30 now=1780065819 InitTime=1780065759 lastpropose=1780065819 wallGap=60 need>=58 ok1=true lastGap=0 need>=2 ok2=false

第29个块结束relay

[Propose wait] S1 N0 spin=50 epoch=30 now=1780065820 InitTime=1780065759 lastpropose=1780065819 wallGap=61 need>=58 ok1=true lastGap=1 need>=2 ok2=false
[Propose] S1 N0 时间条件满足: epoch=30->31 now=1780065821 InitTime=1780065759 lastpropose=1780065819 wallGap=62>=58 lastGap=2>=2 → propose1
[Propose] S1 N0 等待 sequenceLock…
[Propose] S1 N0 已持有 sequenceLock，seqID=30 即将 propose1
[propose1] S1 N0 seq=30 Tx_pool.Queue_len=3475
left_count: 500
更新树花时间为: 82
写数据库IO花时间为: 88
编号为 30 的区块已加入本地区块链！curBlock: 
blockHeader: 
[efbca378e6e989d09c9010c36493b49818ae17ec65a9df14400a0ffd15be9fd9 7cf02d5339af2098fa771a3569f37c76fd5db4b0cafcbc11e73481bcd2b15560 02695ea2eb5fa5f79e7c56d9ab1146b22cd6c2d97790e0eb9879f0241865df4d 30 1780065821]
# of transactions: 500
# of TXmig1s: 0
# of In1s: 0
# of Anns: 0
# of NSs: 0
blockHash: 
de689a242416a2d28208ea444ae3fb1784edd2130521b8b1bc20d63ff16e5bb5

第30个块开始准备relay

[Propose wait] S1 N0 spin=1 epoch=31 now=1780065821 InitTime=1780065759 lastpropose=1780065821 wallGap=62 need>=60 ok1=true lastGap=0 need>=2 ok2=false

第30个块结束relay

[Propose wait] S1 N0 spin=50 epoch=31 now=1780065822 InitTime=1780065759 lastpropose=1780065821 wallGap=63 need>=60 ok1=true lastGap=1 need>=2 ok2=false
[Propose] S1 N0 时间条件满足: epoch=31->32 now=1780065823 InitTime=1780065759 lastpropose=1780065821 wallGap=64>=60 lastGap=2>=2 → propose1
[Propose] S1 N0 等待 sequenceLock…
[Propose] S1 N0 已持有 sequenceLock，seqID=31 即将 propose1
[propose1] S1 N0 seq=31 Tx_pool.Queue_len=2975
left_count: 500
更新树花时间为: 84
写数据库IO花时间为: 91
编号为 31 的区块已加入本地区块链！curBlock: 
blockHeader: 
[de689a242416a2d28208ea444ae3fb1784edd2130521b8b1bc20d63ff16e5bb5 561f31d189526c8448ebf139a0c3c638a8d46d87f8939d968b293939aa8d60bb d327d1fe502edcf21583ed3716214a45bac9a53fac0cb6a18184afb676134ed9 31 1780065823]
# of transactions: 500
# of TXmig1s: 0
# of In1s: 0
# of Anns: 0
# of NSs: 0
blockHash: 
4fe1137199e87c01144fcda8d74adc897a4d90979159346200f91a9cf0540489

第31个块开始准备relay

[Propose wait] S1 N0 spin=1 epoch=32 now=1780065823 InitTime=1780065759 lastpropose=1780065823 wallGap=64 need>=62 ok1=true lastGap=0 need>=2 ok2=false

第31个块结束relay

[Propose wait] S1 N0 spin=50 epoch=32 now=1780065824 InitTime=1780065759 lastpropose=1780065823 wallGap=65 need>=62 ok1=true lastGap=1 need>=2 ok2=false
[Propose] S1 N0 时间条件满足: epoch=32->33 now=1780065825 InitTime=1780065759 lastpropose=1780065823 wallGap=66>=62 lastGap=2>=2 → propose1
[Propose] S1 N0 等待 sequenceLock…
[Propose] S1 N0 已持有 sequenceLock，seqID=32 即将 propose1
[propose1] S1 N0 seq=32 Tx_pool.Queue_len=2475
left_count: 500
更新树花时间为: 76
写数据库IO花时间为: 86
编号为 32 的区块已加入本地区块链！curBlock: 
blockHeader: 
[4fe1137199e87c01144fcda8d74adc897a4d90979159346200f91a9cf0540489 cb804eeb73a8284b8565d8aa3196308d6e3e15e8f62d79302960355ebd3a89d9 3849a9fcfa51bfd5b29f22c4e4c1445a26a15a67c835f5a4daa350f6710b1386 32 1780065825]
# of transactions: 500
# of TXmig1s: 0
# of In1s: 0
# of Anns: 0
# of NSs: 0
blockHash: 
7dffe5281873c758e31861da88393ef601cddf2a78b97b3299b6f3afcc55389c

第32个块开始准备relay

[Propose wait] S1 N0 spin=1 epoch=33 now=1780065825 InitTime=1780065759 lastpropose=1780065825 wallGap=66 need>=64 ok1=true lastGap=0 need>=2 ok2=false

第32个块结束relay

[Propose wait] S1 N0 spin=50 epoch=33 now=1780065826 InitTime=1780065759 lastpropose=1780065825 wallGap=67 need>=64 ok1=true lastGap=1 need>=2 ok2=false
[Propose] S1 N0 时间条件满足: epoch=33->34 now=1780065827 InitTime=1780065759 lastpropose=1780065825 wallGap=68>=64 lastGap=2>=2 → propose1
[Propose] S1 N0 等待 sequenceLock…
[Propose] S1 N0 已持有 sequenceLock，seqID=33 即将 propose1
[propose1] S1 N0 seq=33 Tx_pool.Queue_len=1975
left_count: 500
更新树花时间为: 80
写数据库IO花时间为: 90
编号为 33 的区块已加入本地区块链！curBlock: 
blockHeader: 
[7dffe5281873c758e31861da88393ef601cddf2a78b97b3299b6f3afcc55389c be53b64055c7763371a37c2547d1741c601da6cb4f7039ed4b401d16bd7d4ea2 c7a9eeb0c438d678d7e71561c49bd5a0d3b259380b1a6110d0d77fa8221f5851 33 1780065827]
# of transactions: 500
# of TXmig1s: 0
# of In1s: 0
# of Anns: 0
# of NSs: 0
blockHash: 
83b0d568c01f5aa52656adfc3a037b4d9507f674cd0b2c130a01ce2a9ffae4fc

第33个块开始准备relay

[Propose wait] S1 N0 spin=1 epoch=34 now=1780065827 InitTime=1780065759 lastpropose=1780065827 wallGap=68 need>=66 ok1=true lastGap=0 need>=2 ok2=false

第33个块结束relay

[Propose wait] S1 N0 spin=50 epoch=34 now=1780065828 InitTime=1780065759 lastpropose=1780065827 wallGap=69 need>=66 ok1=true lastGap=1 need>=2 ok2=false
[Propose] S1 N0 时间条件满足: epoch=34->35 now=1780065829 InitTime=1780065759 lastpropose=1780065827 wallGap=70>=66 lastGap=2>=2 → propose1
[Propose] S1 N0 等待 sequenceLock…
[Propose] S1 N0 已持有 sequenceLock，seqID=34 即将 propose1
[propose1] S1 N0 seq=34 Tx_pool.Queue_len=1475
left_count: 500
更新树花时间为: 68
写数据库IO花时间为: 72
编号为 34 的区块已加入本地区块链！curBlock: 
blockHeader: 
[83b0d568c01f5aa52656adfc3a037b4d9507f674cd0b2c130a01ce2a9ffae4fc be00d25abad74c9835e524f499bda3b919f1b2b63999011097b9ba30d48f616e a4f6e18448f7ab2d30ceb021594062756ee9b741b9420db8d5dd49d9f8923334 34 1780065829]
# of transactions: 500
# of TXmig1s: 0
# of In1s: 0
# of Anns: 0
# of NSs: 0
blockHash: 
9fe343bc114aa7ebe07bcbbb232c52acf84ab5f84540bcb930f862586dc1cbe8

第34个块开始准备relay

[Propose wait] S1 N0 spin=1 epoch=35 now=1780065829 InitTime=1780065759 lastpropose=1780065829 wallGap=70 need>=68 ok1=true lastGap=0 need>=2 ok2=false

第34个块结束relay

[Propose wait] S1 N0 spin=50 epoch=35 now=1780065830 InitTime=1780065759 lastpropose=1780065829 wallGap=71 need>=68 ok1=true lastGap=1 need>=2 ok2=false
[Propose] S1 N0 时间条件满足: epoch=35->36 now=1780065831 InitTime=1780065759 lastpropose=1780065829 wallGap=72>=68 lastGap=2>=2 → propose1
[Propose] S1 N0 等待 sequenceLock…
[Propose] S1 N0 已持有 sequenceLock，seqID=35 即将 propose1
[propose1] S1 N0 seq=35 Tx_pool.Queue_len=975
left_count: 500
更新树花时间为: 78
写数据库IO花时间为: 93
编号为 35 的区块已加入本地区块链！curBlock: 
blockHeader: 
[9fe343bc114aa7ebe07bcbbb232c52acf84ab5f84540bcb930f862586dc1cbe8 9f7cc948ed00551902463d9d28da5e6983325efae92b2a7ecd35d1458d3a87f1 a3c2b4987e1b11f7127b0b95abe2c47c9605434fb2b54f768b4887b10e3c8069 35 1780065831]
# of transactions: 500
# of TXmig1s: 0
# of In1s: 0
# of Anns: 0
# of NSs: 0
blockHash: 
507f77d5d2bd3e9f570d1769906f38d740a076ea6e79597f88d99e03a934dcb7

第35个块开始准备relay

[Propose wait] S1 N0 spin=1 epoch=36 now=1780065831 InitTime=1780065759 lastpropose=1780065831 wallGap=72 need>=70 ok1=true lastGap=0 need>=2 ok2=false

第35个块结束relay

[Propose wait] S1 N0 spin=50 epoch=36 now=1780065832 InitTime=1780065759 lastpropose=1780065831 wallGap=73 need>=70 ok1=true lastGap=1 need>=2 ok2=false
[Propose] S1 N0 时间条件满足: epoch=36->37 now=1780065833 InitTime=1780065759 lastpropose=1780065831 wallGap=74>=70 lastGap=2>=2 → propose1
[Propose] S1 N0 等待 sequenceLock…
[Propose] S1 N0 已持有 sequenceLock，seqID=36 即将 propose1
[propose1] S1 N0 seq=36 Tx_pool.Queue_len=475
left_count: 500
更新树花时间为: 56
写数据库IO花时间为: 63
编号为 36 的区块已加入本地区块链！curBlock: 
blockHeader: 
[507f77d5d2bd3e9f570d1769906f38d740a076ea6e79597f88d99e03a934dcb7 5d5309c16291a1c2ef8e45fc28220bf3374a281900333e6e0e67169f9d9e85f4 ebcd07219b838076ba6b79dbdccb99c6ade559cc8e94eee699f8b34f6f08563c 36 1780065833]
# of transactions: 475
# of TXmig1s: 0
# of In1s: 0
# of Anns: 0
# of NSs: 0
blockHash: 
17d4cf087b09c67c5bfd5c7be3157d45556709c131240d47b9965ea6cc8b8ce8

第36个块开始准备relay

[Propose wait] S1 N0 spin=1 epoch=37 now=1780065833 InitTime=1780065759 lastpropose=1780065833 wallGap=74 need>=72 ok1=true lastGap=0 need>=2 ok2=false

第36个块结束relay

[Propose wait] S1 N0 spin=50 epoch=37 now=1780065834 InitTime=1780065759 lastpropose=1780065833 wallGap=75 need>=72 ok1=true lastGap=1 need>=2 ok2=false
[Propose] S1 N0 时间条件满足: epoch=37->38 now=1780065835 InitTime=1780065759 lastpropose=1780065833 wallGap=76>=72 lastGap=2>=2 → propose1
[Propose] S1 N0 等待 sequenceLock…
[Propose] S1 N0 已持有 sequenceLock，seqID=37 即将 propose1
[propose1] S1 N0 seq=37 Tx_pool.Queue_len=0
left_count: 500
更新树花时间为: 1
写数据库IO花时间为: 30
编号为 37 的区块已加入本地区块链！curBlock: 
blockHeader: 
[17d4cf087b09c67c5bfd5c7be3157d45556709c131240d47b9965ea6cc8b8ce8 5d5309c16291a1c2ef8e45fc28220bf3374a281900333e6e0e67169f9d9e85f4 56e81f171bcc55a6ff8345e692c0f86e5b48e01b996cadc001622fb5e363b421 37 1780065835]
# of transactions: 0
# of TXmig1s: 0
# of In1s: 0
# of Anns: 0
# of NSs: 0
blockHash: 
a3c4bed0a7e2dd9334ee7ae567f56b9b47609fe0491acb4c7e3c07ba3fe71434
[Propose wait] S1 N0 spin=1 epoch=38 now=1780065835 InitTime=1780065759 lastpropose=1780065835 wallGap=76 need>=74 ok1=true lastGap=0 need>=2 ok2=false
[Propose wait] S1 N0 spin=50 epoch=38 now=1780065836 InitTime=1780065759 lastpropose=1780065835 wallGap=77 need>=74 ok1=true lastGap=1 need>=2 ok2=false
[Propose] S1 N0 时间条件满足: epoch=38->39 now=1780065837 InitTime=1780065759 lastpropose=1780065835 wallGap=78>=74 lastGap=2>=2 → propose1
[Propose] S1 N0 等待 sequenceLock…
[Propose] S1 N0 已持有 sequenceLock，seqID=38 即将 propose1
[propose1] S1 N0 seq=38 Tx_pool.Queue_len=0
left_count: 500
更新树花时间为: 0
写数据库IO花时间为: 32
编号为 38 的区块已加入本地区块链！curBlock: 
blockHeader: 
[a3c4bed0a7e2dd9334ee7ae567f56b9b47609fe0491acb4c7e3c07ba3fe71434 5d5309c16291a1c2ef8e45fc28220bf3374a281900333e6e0e67169f9d9e85f4 56e81f171bcc55a6ff8345e692c0f86e5b48e01b996cadc001622fb5e363b421 38 1780065837]
# of transactions: 0
# of TXmig1s: 0
# of In1s: 0
# of Anns: 0
# of NSs: 0
blockHash: 
a6e5e49f2cea29c31f49a9b5c08c7749e3df333a60fd1522fc8df8982b4d6055
[Propose wait] S1 N0 spin=1 epoch=39 now=1780065837 InitTime=1780065759 lastpropose=1780065837 wallGap=78 need>=76 ok1=true lastGap=0 need>=2 ok2=false
[Propose wait] S1 N0 spin=50 epoch=39 now=1780065838 InitTime=1780065759 lastpropose=1780065837 wallGap=79 need>=76 ok1=true lastGap=1 need>=2 ok2=false
[Propose] S1 N0 时间条件满足: epoch=39->40 now=1780065839 InitTime=1780065759 lastpropose=1780065837 wallGap=80>=76 lastGap=2>=2 → propose1
[Propose] S1 N0 等待 sequenceLock…
[Propose] S1 N0 已持有 sequenceLock，seqID=39 即将 propose1
[propose1] S1 N0 seq=39 Tx_pool.Queue_len=0
left_count: 500
更新树花时间为: 0
写数据库IO花时间为: 12
编号为 39 的区块已加入本地区块链！curBlock: 
blockHeader: 
[a6e5e49f2cea29c31f49a9b5c08c7749e3df333a60fd1522fc8df8982b4d6055 5d5309c16291a1c2ef8e45fc28220bf3374a281900333e6e0e67169f9d9e85f4 56e81f171bcc55a6ff8345e692c0f86e5b48e01b996cadc001622fb5e363b421 39 1780065839]
# of transactions: 0
# of TXmig1s: 0
# of In1s: 0
# of Anns: 0
# of NSs: 0
blockHash: 
efd6160b9382ffa02b712603f7653cc2d4ad08180df77341631cff3f289bad25
[Propose wait] S1 N0 spin=1 epoch=40 now=1780065839 InitTime=1780065759 lastpropose=1780065839 wallGap=80 need>=78 ok1=true lastGap=0 need>=2 ok2=false
[Propose wait] S1 N0 spin=50 epoch=40 now=1780065840 InitTime=1780065759 lastpropose=1780065839 wallGap=81 need>=78 ok1=true lastGap=1 need>=2 ok2=false
[Propose] S1 N0 时间条件满足: epoch=40->41 now=1780065841 InitTime=1780065759 lastpropose=1780065839 wallGap=82>=78 lastGap=2>=2 → propose1
[Propose] S1 N0 等待 sequenceLock…
[Propose] S1 N0 已持有 sequenceLock，seqID=40 即将 propose1
[propose1] S1 N0 seq=40 Tx_pool.Queue_len=0
left_count: 500
更新树花时间为: 0
写数据库IO花时间为: 17
编号为 40 的区块已加入本地区块链！curBlock: 
blockHeader: 
[efd6160b9382ffa02b712603f7653cc2d4ad08180df77341631cff3f289bad25 5d5309c16291a1c2ef8e45fc28220bf3374a281900333e6e0e67169f9d9e85f4 56e81f171bcc55a6ff8345e692c0f86e5b48e01b996cadc001622fb5e363b421 40 1780065841]
# of transactions: 0
# of TXmig1s: 0
# of In1s: 0
# of Anns: 0
# of NSs: 0
blockHash: 
bf850a9b903a45010311f180ab8ed9312189552e652da455f3b97f5da6e2646d
[Propose wait] S1 N0 spin=1 epoch=41 now=1780065841 InitTime=1780065759 lastpropose=1780065841 wallGap=82 need>=80 ok1=true lastGap=0 need>=2 ok2=false
[Propose wait] S1 N0 spin=50 epoch=41 now=1780065842 InitTime=1780065759 lastpropose=1780065841 wallGap=83 need>=80 ok1=true lastGap=1 need>=2 ok2=false
[Propose] S1 N0 时间条件满足: epoch=41->42 now=1780065843 InitTime=1780065759 lastpropose=1780065841 wallGap=84>=80 lastGap=2>=2 → propose1
[Propose] S1 N0 等待 sequenceLock…
[Propose] S1 N0 已持有 sequenceLock，seqID=41 即将 propose1
[propose1] S1 N0 seq=41 Tx_pool.Queue_len=0
left_count: 500
更新树花时间为: 0
写数据库IO花时间为: 17
编号为 41 的区块已加入本地区块链！curBlock: 
blockHeader: 
[bf850a9b903a45010311f180ab8ed9312189552e652da455f3b97f5da6e2646d 5d5309c16291a1c2ef8e45fc28220bf3374a281900333e6e0e67169f9d9e85f4 56e81f171bcc55a6ff8345e692c0f86e5b48e01b996cadc001622fb5e363b421 41 1780065843]
# of transactions: 0
# of TXmig1s: 0
# of In1s: 0
# of Anns: 0
# of NSs: 0
blockHash: 
cf2a0261fc1190ddaf8d0a65cabcde1dc202250614c32bee4e6aae8ef394cc1d
[Propose wait] S1 N0 spin=1 epoch=42 now=1780065843 InitTime=1780065759 lastpropose=1780065843 wallGap=84 need>=82 ok1=true lastGap=0 need>=2 ok2=false
[Propose wait] S1 N0 spin=50 epoch=42 now=1780065844 InitTime=1780065759 lastpropose=1780065843 wallGap=85 need>=82 ok1=true lastGap=1 need>=2 ok2=false
[Propose] S1 N0 时间条件满足: epoch=42->43 now=1780065845 InitTime=1780065759 lastpropose=1780065843 wallGap=86>=82 lastGap=2>=2 → propose1
[Propose] S1 N0 等待 sequenceLock…
[Propose] S1 N0 已持有 sequenceLock，seqID=42 即将 propose1
[propose1] S1 N0 seq=42 Tx_pool.Queue_len=0
left_count: 500
更新树花时间为: 0
写数据库IO花时间为: 23
编号为 42 的区块已加入本地区块链！curBlock: 
blockHeader: 
[cf2a0261fc1190ddaf8d0a65cabcde1dc202250614c32bee4e6aae8ef394cc1d 5d5309c16291a1c2ef8e45fc28220bf3374a281900333e6e0e67169f9d9e85f4 56e81f171bcc55a6ff8345e692c0f86e5b48e01b996cadc001622fb5e363b421 42 1780065845]
# of transactions: 0
# of TXmig1s: 0
# of In1s: 0
# of Anns: 0
# of NSs: 0
blockHash: 
2f9f9ed92626fd471db6384597a3df8c7f66931f53a8ed6b4589b38aa49117e2
[Propose wait] S1 N0 spin=1 epoch=43 now=1780065845 InitTime=1780065759 lastpropose=1780065845 wallGap=86 need>=84 ok1=true lastGap=0 need>=2 ok2=false
节点收到终止节点消息，停止运行
