MigrationStrategy=MVSS-Delta (Stop=false Lock=false NotLock=true)
&{77 N0 S0 2 0 selectedTxs_300K.csv 2 500 300 150 150 150 150 1000 10 1 400 20000 0 50000 20 true MVSS-Delta false false true false true false 3 false 8 false false false PageRank false 100 true false true 3 0 0 0  0}
[SyncLog] init ok shard=S0 node=N0 file=./log/S0_sync.csv
交易将由外部客户端发送
节点 N0 已启动，所属分片: S0
[Propose wait-first-tx] S0 N0 seq=1 Queue_len=0，首块等待交易注入后再出块
节点开启监听，地址：127.0.0.1:8010
[Propose wait-first-tx] S0 N0 seq=1 Queue_len=0，首块等待交易注入后再出块
[Propose wait-first-tx] S0 N0 seq=1 Queue_len=0，首块等待交易注入后再出块
[Propose wait-first-tx] S0 N0 seq=1 Queue_len=0，首块等待交易注入后再出块
[Propose wait-first-tx] S0 N0 seq=1 Queue_len=0，首块等待交易注入后再出块
[Propose wait-first-tx] S0 N0 seq=1 Queue_len=0，首块等待交易注入后再出块
[Propose wait-first-tx] S0 N0 seq=1 Queue_len=0，首块等待交易注入后再出块
[Propose wait-first-tx] S0 N0 seq=1 Queue_len=0，首块等待交易注入后再出块
[Propose wait-first-tx] S0 N0 seq=1 Queue_len=0，首块等待交易注入后再出块
[Propose wait-first-tx] S0 N0 seq=1 Queue_len=0，首块等待交易注入后再出块
[Propose wait-first-tx] S0 N0 seq=1 Queue_len=0，首块等待交易注入后再出块
[Propose wait-first-tx] S0 N0 seq=1 Queue_len=0，首块等待交易注入后再出块
[Propose wait-first-tx] S0 N0 seq=1 Queue_len=0，首块等待交易注入后再出块
[Propose wait-first-tx] S0 N0 seq=1 Queue_len=0，首块等待交易注入后再出块
[Propose wait-first-tx] S0 N0 seq=1 Queue_len=0，首块等待交易注入后再出块
[Propose wait-first-tx] S0 N0 seq=1 Queue_len=0，首块等待交易注入后再出块
本节点已接收到客户端发送的初始时间：1780902968（锚定 InitTime=1780902968，已重置 epoch=1）
[Propose wait-first-tx] S0 N0 seq=1 Queue_len=0，首块等待交易注入后再出块
[Propose wait-first-tx] S0 N0 seq=1 Queue_len=0，首块等待交易注入后再出块
[Propose wait-first-tx] S0 N0 seq=1 Queue_len=0，首块等待交易注入后再出块
[handleTxFromClient] S0 N0 recv client batch, tx_count=531
[handleTxFromClient] S0 N0 append to Tx_pool.Queue: local_queued=531 forward_other_shard=0 Queue_total_len=531
[Propose wait-first-tx] S0 N0 首块已检测到交易，结束等待，Queue_len=531
[Propose] S0 N0 时间条件满足: epoch=1->2 now=1780902972 InitTime=1780902968 lastpropose=1780902968 wallGap=4>=0 lastGap=4>=2 → propose1
[Propose] S0 N0 等待 sequenceLock…
[Propose] S0 N0 已持有 sequenceLock，seqID=1 即将 propose1
[propose1] S0 N0 seq=1 Tx_pool.Queue_len=531
left_count: 500
更新树花时间为: 56
写数据库IO花时间为: 63
编号为 1 的区块已加入本地区块链！curBlock: 
blockHeader: 
[1add38160db0458a48072f3ade543ffb4af4e9cfdf8f76549b9568e046a6a3ff 8f07b4744f5f025fd87db920d3b66bd9b33a71af217a54a0454e96dfdfa71414 f70313da1badc3d45161517b8cffd894b90f5eaaccf21b56d60efdc0cdad5697 1 1780902972]
# of transactions: 500
# of TXmig1s: 0
# of In1s: 0
# of Anns: 0
# of NSs: 0
blockHash: 
62b052f2b664e17a0f884463a326171c8bfb1038ad0312ea02d768d0e0c015a1

第1个块开始准备relay

[Propose wait] S0 N0 spin=1 epoch=2 now=1780902972 InitTime=1780902968 lastpropose=1780902972 wallGap=4 need>=2 ok1=true lastGap=0 need>=2 ok2=false

第1个块结束relay

[Propose wait] S0 N0 spin=50 epoch=2 now=1780902973 InitTime=1780902968 lastpropose=1780902972 wallGap=5 need>=2 ok1=true lastGap=1 need>=2 ok2=false
[Propose] S0 N0 时间条件满足: epoch=2->3 now=1780902974 InitTime=1780902968 lastpropose=1780902972 wallGap=6>=2 lastGap=2>=2 → propose1
[Propose] S0 N0 等待 sequenceLock…
[Propose] S0 N0 已持有 sequenceLock，seqID=2 即将 propose1
[propose1] S0 N0 seq=2 Tx_pool.Queue_len=175
left_count: 500
[handleTxFromClient] S0 N0 recv client batch, tx_count=528
[handleTxFromClient] S0 N0 append to Tx_pool.Queue: local_queued=528 forward_other_shard=0 Queue_total_len=528
更新树花时间为: 20
写数据库IO花时间为: 46
编号为 2 的区块已加入本地区块链！curBlock: 
blockHeader: 
[62b052f2b664e17a0f884463a326171c8bfb1038ad0312ea02d768d0e0c015a1 0636afdaa32e89d39c34e95159709fe349af318eea9c0ae43718a8c56795bf62 6155e7b87260032cf6ebd55a5b1c599823d55cb2120ddc655249f8a10552f4ad 2 1780902974]
# of transactions: 175
# of TXmig1s: 0
# of In1s: 0
# of Anns: 0
# of NSs: 0
blockHash: 
aafa0d895b570743e130169ff7a427cf225e39ddfa95e892220ff8079d25ec6e

第2个块开始准备relay

[Propose wait] S0 N0 spin=1 epoch=3 now=1780902974 InitTime=1780902968 lastpropose=1780902974 wallGap=6 need>=4 ok1=true lastGap=0 need>=2 ok2=false

第2个块结束relay

[Propose wait] S0 N0 spin=50 epoch=3 now=1780902975 InitTime=1780902968 lastpropose=1780902974 wallGap=7 need>=4 ok1=true lastGap=1 need>=2 ok2=false
[Propose] S0 N0 时间条件满足: epoch=3->4 now=1780902976 InitTime=1780902968 lastpropose=1780902974 wallGap=8>=4 lastGap=2>=2 → propose1
[Propose] S0 N0 等待 sequenceLock…
[Propose] S0 N0 已持有 sequenceLock，seqID=3 即将 propose1
[propose1] S0 N0 seq=3 Tx_pool.Queue_len=528
left_count: 500
[handleTxFromClient] S0 N0 recv client batch, tx_count=623
[handleTxFromClient] S0 N0 append to Tx_pool.Queue: local_queued=623 forward_other_shard=0 Queue_total_len=651
更新树花时间为: 48
写数据库IO花时间为: 53
编号为 3 的区块已加入本地区块链！curBlock: 
blockHeader: 
[aafa0d895b570743e130169ff7a427cf225e39ddfa95e892220ff8079d25ec6e 9703e1501648c179eff36a396d097819323e3c6944c758736584105f84babb4e 79bb7c04d7257d210f4031023ebc4dfe0eb37883c7327920ef0b7e72147698d1 3 1780902976]
# of transactions: 500
# of TXmig1s: 0
# of In1s: 0
# of Anns: 0
# of NSs: 0
blockHash: 
52253484ccbc9a53828956e6e54db7e63d8864074401c28f25c934df4fd1d5ce

第3个块开始准备relay

[Propose wait] S0 N0 spin=1 epoch=4 now=1780902976 InitTime=1780902968 lastpropose=1780902976 wallGap=8 need>=6 ok1=true lastGap=0 need>=2 ok2=false

第3个块结束relay

[Propose wait] S0 N0 spin=50 epoch=4 now=1780902977 InitTime=1780902968 lastpropose=1780902976 wallGap=9 need>=6 ok1=true lastGap=1 need>=2 ok2=false
[Propose] S0 N0 时间条件满足: epoch=4->5 now=1780902978 InitTime=1780902968 lastpropose=1780902976 wallGap=10>=6 lastGap=2>=2 → propose1
[Propose] S0 N0 等待 sequenceLock…
[Propose] S0 N0 已持有 sequenceLock，seqID=4 即将 propose1
[propose1] S0 N0 seq=4 Tx_pool.Queue_len=844
left_count: 500
[handleTxFromClient] S0 N0 recv client batch, tx_count=637
[handleTxFromClient] S0 N0 append to Tx_pool.Queue: local_queued=637 forward_other_shard=0 Queue_total_len=981
更新树花时间为: 34
写数据库IO花时间为: 54
编号为 4 的区块已加入本地区块链！curBlock: 
blockHeader: 
[52253484ccbc9a53828956e6e54db7e63d8864074401c28f25c934df4fd1d5ce 9b038803d2d44b4809a6c43933ca89447014f849ad4d7a2d04d57163a05bc464 122cc6f5f5af256dc4793700cb47cf30073a13d6fe7a6cd9146cda854035d329 4 1780902978]
# of transactions: 500
# of TXmig1s: 0
# of In1s: 0
# of Anns: 0
# of NSs: 0
blockHash: 
07a8fffad6955808271fc34bd5a80c86c31b6f31da17846138efe89046ba7545

第4个块开始准备relay

[Propose wait] S0 N0 spin=1 epoch=5 now=1780902978 InitTime=1780902968 lastpropose=1780902978 wallGap=10 need>=8 ok1=true lastGap=0 need>=2 ok2=false

第4个块结束relay

[Propose wait] S0 N0 spin=50 epoch=5 now=1780902979 InitTime=1780902968 lastpropose=1780902978 wallGap=11 need>=8 ok1=true lastGap=1 need>=2 ok2=false
[Propose] S0 N0 时间条件满足: epoch=5->6 now=1780902980 InitTime=1780902968 lastpropose=1780902978 wallGap=12>=8 lastGap=2>=2 → propose1
[Propose] S0 N0 等待 sequenceLock…
[Propose] S0 N0 已持有 sequenceLock，seqID=5 即将 propose1
[propose1] S0 N0 seq=5 Tx_pool.Queue_len=1072
left_count: 500
[handleTxFromClient] S0 N0 recv client batch, tx_count=641
[handleTxFromClient] S0 N0 append to Tx_pool.Queue: local_queued=641 forward_other_shard=0 Queue_total_len=1213
更新树花时间为: 36
写数据库IO花时间为: 62
编号为 5 的区块已加入本地区块链！curBlock: 
blockHeader: 
[07a8fffad6955808271fc34bd5a80c86c31b6f31da17846138efe89046ba7545 11bb33ee87da77b01368bc9bdc76a962afcbf1126b064cabae7e80b2bb5d7b35 be33fc239d2951c1c4bb0c6cb20df81bfc6aa972ae0c2b0849d21a991a09d92b 5 1780902980]
# of transactions: 500
# of TXmig1s: 0
# of In1s: 0
# of Anns: 0
# of NSs: 0
blockHash: 
a24322c728e01e856b4d295c161e493d88360d25869c93f063998777303f989a

第5个块开始准备relay

[Propose wait] S0 N0 spin=1 epoch=6 now=1780902980 InitTime=1780902968 lastpropose=1780902980 wallGap=12 need>=10 ok1=true lastGap=0 need>=2 ok2=false

第5个块结束relay

[Propose wait] S0 N0 spin=50 epoch=6 now=1780902981 InitTime=1780902968 lastpropose=1780902980 wallGap=13 need>=10 ok1=true lastGap=1 need>=2 ok2=false
[Propose] S0 N0 时间条件满足: epoch=6->7 now=1780902982 InitTime=1780902968 lastpropose=1780902980 wallGap=14>=10 lastGap=2>=2 → propose1
[Propose] S0 N0 等待 sequenceLock…
[Propose] S0 N0 已持有 sequenceLock，seqID=6 即将 propose1
[propose1] S0 N0 seq=6 Tx_pool.Queue_len=1285
left_count: 500
更新树花时间为: 29
写数据库IO花时间为: 55
编号为 6 的区块已加入本地区块链！curBlock: 
blockHeader: 
[a24322c728e01e856b4d295c161e493d88360d25869c93f063998777303f989a 58a76dae7e00ae1c89fbc569db1eaf7f01a669759cff8607b06cd36f76e274a0 0445585407e9665d0c0a8af77db4abacf7a7a54abfb30b549427829d3b8f82ff 6 1780902982]
# of transactions: 500
# of TXmig1s: 0
# of In1s: 0
# of Anns: 0
# of NSs: 0
blockHash: 
6ec94977b5a53665948efcf6dffe6b8973d7e718be3f5d647467b5c28ae47b40

第6个块开始准备relay

[Propose wait] S0 N0 spin=1 epoch=7 now=1780902982 InitTime=1780902968 lastpropose=1780902982 wallGap=14 need>=12 ok1=true lastGap=0 need>=2 ok2=false
[handleTxFromClient] S0 N0 recv client batch, tx_count=409
[handleTxFromClient] S0 N0 append to Tx_pool.Queue: local_queued=409 forward_other_shard=0 Queue_total_len=1194

第6个块结束relay

[Propose wait] S0 N0 spin=50 epoch=7 now=1780902983 InitTime=1780902968 lastpropose=1780902982 wallGap=15 need>=12 ok1=true lastGap=1 need>=2 ok2=false
[Propose] S0 N0 时间条件满足: epoch=7->8 now=1780902984 InitTime=1780902968 lastpropose=1780902982 wallGap=16>=12 lastGap=2>=2 → propose1
[Propose] S0 N0 等待 sequenceLock…
[Propose] S0 N0 已持有 sequenceLock，seqID=7 即将 propose1
[propose1] S0 N0 seq=7 Tx_pool.Queue_len=1269
left_count: 500
更新树花时间为: 33
写数据库IO花时间为: 44
编号为 7 的区块已加入本地区块链！curBlock: 
blockHeader: 
[6ec94977b5a53665948efcf6dffe6b8973d7e718be3f5d647467b5c28ae47b40 6dd7aa2442c0968fcb01c092512f7645aab42870b92dbd15476af95086894e7b 62d90d5d2c7f56935cbb90b817f51762f30ce69bbd842b1bdfe3a797b49d32fc 7 1780902984]
# of transactions: 500
# of TXmig1s: 0
# of In1s: 0
# of Anns: 0
# of NSs: 0
blockHash: 
737dd69938c36047999c3e62e6f39408ece347188ee60f0899dfab46010db135

第7个块开始准备relay

[Propose wait] S0 N0 spin=1 epoch=8 now=1780902984 InitTime=1780902968 lastpropose=1780902984 wallGap=16 need>=14 ok1=true lastGap=0 need>=2 ok2=false
[handleTxFromClient] S0 N0 recv client batch, tx_count=55
[handleTxFromClient] S0 N0 append to Tx_pool.Queue: local_queued=55 forward_other_shard=0 Queue_total_len=824

第7个块结束relay

[Propose wait] S0 N0 spin=50 epoch=8 now=1780902985 InitTime=1780902968 lastpropose=1780902984 wallGap=17 need>=14 ok1=true lastGap=1 need>=2 ok2=false
[Propose] S0 N0 时间条件满足: epoch=8->9 now=1780902986 InitTime=1780902968 lastpropose=1780902984 wallGap=18>=14 lastGap=2>=2 → propose1
[Propose] S0 N0 等待 sequenceLock…
[Propose] S0 N0 已持有 sequenceLock，seqID=8 即将 propose1
[propose1] S0 N0 seq=8 Tx_pool.Queue_len=1039
left_count: 500
更新树花时间为: 32
写数据库IO花时间为: 46
编号为 8 的区块已加入本地区块链！curBlock: 
blockHeader: 
[737dd69938c36047999c3e62e6f39408ece347188ee60f0899dfab46010db135 1e2a91143e81ea00556ed40fc3fbb8061d25635087d10893419a21baa2f4f270 13ad87d88f6e6892cbc277b33512810e4cb01728cd4991f0b78eeeed24abab0e 8 1780902986]
# of transactions: 500
# of TXmig1s: 0
# of In1s: 0
# of Anns: 0
# of NSs: 0
blockHash: 
142731f75b2a09994dd995948d8e7c0c3163e9647801fa193b92207c19f4e442

第8个块开始准备relay

[Propose wait] S0 N0 spin=1 epoch=9 now=1780902986 InitTime=1780902968 lastpropose=1780902986 wallGap=18 need>=16 ok1=true lastGap=0 need>=2 ok2=false
[handleTxFromClient] S0 N0 recv client batch, tx_count=278
[handleTxFromClient] S0 N0 append to Tx_pool.Queue: local_queued=278 forward_other_shard=0 Queue_total_len=817

第8个块结束relay

[Propose wait] S0 N0 spin=50 epoch=9 now=1780902987 InitTime=1780902968 lastpropose=1780902986 wallGap=19 need>=16 ok1=true lastGap=1 need>=2 ok2=false
[Propose] S0 N0 时间条件满足: epoch=9->10 now=1780902988 InitTime=1780902968 lastpropose=1780902986 wallGap=20>=16 lastGap=2>=2 → propose1
[Propose] S0 N0 等待 sequenceLock…
[Propose] S0 N0 已持有 sequenceLock，seqID=9 即将 propose1
[propose1] S0 N0 seq=9 Tx_pool.Queue_len=983
left_count: 500
更新树花时间为: 58
写数据库IO花时间为: 68
编号为 9 的区块已加入本地区块链！curBlock: 
blockHeader: 
[142731f75b2a09994dd995948d8e7c0c3163e9647801fa193b92207c19f4e442 40393be3187094a8f872af3f2a56bfa084e03b5f7a26f4a8a44f273ff4c93822 18b47be16a971ae31471a3cc78b3cd2ca363907408860586a69f743e240d3bf5 9 1780902988]
# of transactions: 500
# of TXmig1s: 0
# of In1s: 0
# of Anns: 0
# of NSs: 0
blockHash: 
8580d470315cfec6f881ad346af37dd870d47af36d6259f034a24870c1baad5b

第9个块开始准备relay

[Propose wait] S0 N0 spin=1 epoch=10 now=1780902988 InitTime=1780902968 lastpropose=1780902988 wallGap=20 need>=18 ok1=true lastGap=0 need>=2 ok2=false
[handleTxFromClient] S0 N0 recv client batch, tx_count=407
[handleTxFromClient] S0 N0 append to Tx_pool.Queue: local_queued=407 forward_other_shard=0 Queue_total_len=890

第9个块结束relay

[Propose wait] S0 N0 spin=50 epoch=10 now=1780902989 InitTime=1780902968 lastpropose=1780902988 wallGap=21 need>=18 ok1=true lastGap=1 need>=2 ok2=false
[Propose] S0 N0 时间条件满足: epoch=10->11 now=1780902990 InitTime=1780902968 lastpropose=1780902988 wallGap=22>=18 lastGap=2>=2 → propose1
[Propose] S0 N0 等待 sequenceLock…
[Propose] S0 N0 已持有 sequenceLock，seqID=10 即将 propose1
[propose1] S0 N0 seq=10 Tx_pool.Queue_len=1076
left_count: 500
更新树花时间为: 49
写数据库IO花时间为: 54
编号为 10 的区块已加入本地区块链！curBlock: 
blockHeader: 
[8580d470315cfec6f881ad346af37dd870d47af36d6259f034a24870c1baad5b c7ce0c0a5da463edbbb10ef2cd6c82edc8de69fc1e645fcd1d20e2932e69c670 74fdcdcd028a2c7edb175370d8ad39503bce111b9cae7121dddfada2359ef3e4 10 1780902990]
# of transactions: 500
# of TXmig1s: 0
# of In1s: 0
# of Anns: 0
# of NSs: 0
blockHash: 
2224f11f6df28ce7a4ba2e61059f1de402e01322f5932d4accc4c5a500a7e5b8

第10个块开始准备relay

[Propose wait] S0 N0 spin=1 epoch=11 now=1780902990 InitTime=1780902968 lastpropose=1780902990 wallGap=22 need>=20 ok1=true lastGap=0 need>=2 ok2=false
[handleTxFromClient] S0 N0 recv client batch, tx_count=277
[handleTxFromClient] S0 N0 append to Tx_pool.Queue: local_queued=277 forward_other_shard=0 Queue_total_len=853

第10个块结束relay

[Propose wait] S0 N0 spin=50 epoch=11 now=1780902991 InitTime=1780902968 lastpropose=1780902990 wallGap=23 need>=20 ok1=true lastGap=1 need>=2 ok2=false
[Propose] S0 N0 时间条件满足: epoch=11->12 now=1780902992 InitTime=1780902968 lastpropose=1780902990 wallGap=24>=20 lastGap=2>=2 → propose1
[Propose] S0 N0 等待 sequenceLock…
[Propose] S0 N0 已持有 sequenceLock，seqID=11 即将 propose1
[propose1] S0 N0 seq=11 Tx_pool.Queue_len=1054
left_count: 500
更新树花时间为: 40
写数据库IO花时间为: 64
编号为 11 的区块已加入本地区块链！curBlock: 
blockHeader: 
[2224f11f6df28ce7a4ba2e61059f1de402e01322f5932d4accc4c5a500a7e5b8 73b20f1d0e667298c0b069856c010fdd8fa6292c09b2e851417c3ab0cdff65c9 e5e02dc32cc677a8b6e430f3c09aa1024d9f8ec0597e704bcb7459d07e6f9967 11 1780902992]
# of transactions: 500
# of TXmig1s: 0
# of In1s: 0
# of Anns: 0
# of NSs: 0
blockHash: 
fca43236ad35e0c044e5f7506ba509649b1f934362a728459ee7a924143e0644

第11个块开始准备relay

[Propose wait] S0 N0 spin=1 epoch=12 now=1780902992 InitTime=1780902968 lastpropose=1780902992 wallGap=24 need>=22 ok1=true lastGap=0 need>=2 ok2=false
[handleTxFromClient] S0 N0 recv client batch, tx_count=551
[handleTxFromClient] S0 N0 append to Tx_pool.Queue: local_queued=551 forward_other_shard=0 Queue_total_len=1105

第11个块结束relay

[Propose wait] S0 N0 spin=50 epoch=12 now=1780902993 InitTime=1780902968 lastpropose=1780902992 wallGap=25 need>=22 ok1=true lastGap=1 need>=2 ok2=false
[Propose] S0 N0 时间条件满足: epoch=12->13 now=1780902994 InitTime=1780902968 lastpropose=1780902992 wallGap=26>=22 lastGap=2>=2 → propose1
[Propose] S0 N0 等待 sequenceLock…
[Propose] S0 N0 已持有 sequenceLock，seqID=12 即将 propose1
[propose1] S0 N0 seq=12 Tx_pool.Queue_len=1212
left_count: 500
更新树花时间为: 51
写数据库IO花时间为: 56
编号为 12 的区块已加入本地区块链！curBlock: 
blockHeader: 
[fca43236ad35e0c044e5f7506ba509649b1f934362a728459ee7a924143e0644 f5563917ad3e0e78c08caf87bffd0e48a2cf9afb0a4448ccac62eca4fc4f2767 4963d74d63287d747a4c170ecee375cf3ebccba5ecdfa95fe986fc1ac9a928be 12 1780902994]
# of transactions: 500
# of TXmig1s: 0
# of In1s: 0
# of Anns: 0
# of NSs: 0
blockHash: 
e5911e872a7624e9b6c4186f5652abe9018da4571a9b9a4a79f2904db641da06

第12个块开始准备relay

[Propose wait] S0 N0 spin=1 epoch=13 now=1780902994 InitTime=1780902968 lastpropose=1780902994 wallGap=26 need>=24 ok1=true lastGap=0 need>=2 ok2=false
[handleTxFromClient] S0 N0 recv client batch, tx_count=633
[handleTxFromClient] S0 N0 append to Tx_pool.Queue: local_queued=633 forward_other_shard=0 Queue_total_len=1345

第12个块结束relay

[Propose wait] S0 N0 spin=50 epoch=13 now=1780902995 InitTime=1780902968 lastpropose=1780902994 wallGap=27 need>=24 ok1=true lastGap=1 need>=2 ok2=false
[Propose] S0 N0 时间条件满足: epoch=13->14 now=1780902996 InitTime=1780902968 lastpropose=1780902994 wallGap=28>=24 lastGap=2>=2 → propose1
[Propose] S0 N0 等待 sequenceLock…
[Propose] S0 N0 已持有 sequenceLock，seqID=13 即将 propose1
[propose1] S0 N0 seq=13 Tx_pool.Queue_len=1540
left_count: 500
更新树花时间为: 44
写数据库IO花时间为: 50
编号为 13 的区块已加入本地区块链！curBlock: 
blockHeader: 
[e5911e872a7624e9b6c4186f5652abe9018da4571a9b9a4a79f2904db641da06 3bb5f60f3e948fb7a80a4180aab21104709ee720263743796d91072a80d887f5 f2c9bf85e28bfbd7f9847eeb4fc4529c19a2fff09095ba09dfc8e6ae0bd22622 13 1780902996]
# of transactions: 500
# of TXmig1s: 0
# of In1s: 0
# of Anns: 0
# of NSs: 0
blockHash: 
c95a75850b273cdf62e95267ce9895faac05d0edee1a72dd8d3f5c34506e5e6d

第13个块开始准备relay

[Propose wait] S0 N0 spin=1 epoch=14 now=1780902996 InitTime=1780902968 lastpropose=1780902996 wallGap=28 need>=26 ok1=true lastGap=0 need>=2 ok2=false
[handleTxFromClient] S0 N0 recv client batch, tx_count=489
[handleTxFromClient] S0 N0 append to Tx_pool.Queue: local_queued=489 forward_other_shard=0 Queue_total_len=1529

第13个块结束relay

[Propose wait] S0 N0 spin=50 epoch=14 now=1780902997 InitTime=1780902968 lastpropose=1780902996 wallGap=29 need>=26 ok1=true lastGap=1 need>=2 ok2=false
[Propose] S0 N0 时间条件满足: epoch=14->15 now=1780902998 InitTime=1780902968 lastpropose=1780902996 wallGap=30>=26 lastGap=2>=2 → propose1
[Propose] S0 N0 等待 sequenceLock…
[Propose] S0 N0 已持有 sequenceLock，seqID=14 即将 propose1
[propose1] S0 N0 seq=14 Tx_pool.Queue_len=1704
left_count: 500
更新树花时间为: 36
写数据库IO花时间为: 58
编号为 14 的区块已加入本地区块链！curBlock: 
blockHeader: 
[c95a75850b273cdf62e95267ce9895faac05d0edee1a72dd8d3f5c34506e5e6d a5a552a4cb76003fe53fd075ad5e57dc6aff4ca9190ed53e5c82826d45156e4a 9fa20a594445f4040a8c536d9c50203333309b7ae82f636af7ef412ddab3003b 14 1780902998]
# of transactions: 500
# of TXmig1s: 0
# of In1s: 0
# of Anns: 0
# of NSs: 0
blockHash: 
eca551d8a797df865f51bb91e0f0ffd6e2b925bf9d83458b4021cba2a5ab5fec

第14个块开始准备relay

[Propose wait] S0 N0 spin=1 epoch=15 now=1780902998 InitTime=1780902968 lastpropose=1780902998 wallGap=30 need>=28 ok1=true lastGap=0 need>=2 ok2=false
[handleTxFromClient] S0 N0 recv client batch, tx_count=496
[handleTxFromClient] S0 N0 append to Tx_pool.Queue: local_queued=496 forward_other_shard=0 Queue_total_len=1700

第14个块结束relay

[Propose wait] S0 N0 spin=50 epoch=15 now=1780902999 InitTime=1780902968 lastpropose=1780902998 wallGap=31 need>=28 ok1=true lastGap=1 need>=2 ok2=false
[Propose] S0 N0 时间条件满足: epoch=15->16 now=1780903000 InitTime=1780902968 lastpropose=1780902998 wallGap=32>=28 lastGap=2>=2 → propose1
[Propose] S0 N0 等待 sequenceLock…
[Propose] S0 N0 已持有 sequenceLock，seqID=15 即将 propose1
[propose1] S0 N0 seq=15 Tx_pool.Queue_len=1861
left_count: 500
更新树花时间为: 37
写数据库IO花时间为: 60
编号为 15 的区块已加入本地区块链！curBlock: 
blockHeader: 
[eca551d8a797df865f51bb91e0f0ffd6e2b925bf9d83458b4021cba2a5ab5fec 1fbfa591f8bb267265790bda167ad1ae0c94a6a365f8cd750e4f5a2f63d172e9 0754354868edba168e8296b1ee59a92bf044a0d608a9be81834edd47b3aeeeb9 15 1780903000]
# of transactions: 500
# of TXmig1s: 0
# of In1s: 0
# of Anns: 0
# of NSs: 0
blockHash: 
c425482e669c9a2ef5689b2c620ed7216475f65c0b35d39d0f4562c893adb199

第15个块开始准备relay

[Propose wait] S0 N0 spin=1 epoch=16 now=1780903000 InitTime=1780902968 lastpropose=1780903000 wallGap=32 need>=30 ok1=true lastGap=0 need>=2 ok2=false
[handleTxFromClient] S0 N0 recv client batch, tx_count=468
[handleTxFromClient] S0 N0 append to Tx_pool.Queue: local_queued=468 forward_other_shard=0 Queue_total_len=1829

第15个块结束relay

[Propose wait] S0 N0 spin=50 epoch=16 now=1780903001 InitTime=1780902968 lastpropose=1780903000 wallGap=33 need>=30 ok1=true lastGap=1 need>=2 ok2=false
[Propose] S0 N0 时间条件满足: epoch=16->17 now=1780903002 InitTime=1780902968 lastpropose=1780903000 wallGap=34>=30 lastGap=2>=2 → propose1
[Propose] S0 N0 等待 sequenceLock…
[Propose] S0 N0 已持有 sequenceLock，seqID=16 即将 propose1
[propose1] S0 N0 seq=16 Tx_pool.Queue_len=1988
left_count: 500
更新树花时间为: 47
写数据库IO花时间为: 58
编号为 16 的区块已加入本地区块链！curBlock: 
blockHeader: 
[c425482e669c9a2ef5689b2c620ed7216475f65c0b35d39d0f4562c893adb199 7577f89ff33ea8176f728a20ac7435563399c17e4242006e0b03db2c32904338 7fc8a176014a281a8c202ecc95cfd046523cd7f71687dc9ff7135fbedcec826c 16 1780903002]
# of transactions: 500
# of TXmig1s: 0
# of In1s: 0
# of Anns: 0
# of NSs: 0
blockHash: 
eeead232b2c9613ed9cef59dc415a60f1dd5eaaba6a006ebc2daa6512f462364

第16个块开始准备relay

[Propose wait] S0 N0 spin=1 epoch=17 now=1780903002 InitTime=1780902968 lastpropose=1780903002 wallGap=34 need>=32 ok1=true lastGap=0 need>=2 ok2=false
[handleTxFromClient] S0 N0 recv client batch, tx_count=489
[handleTxFromClient] S0 N0 append to Tx_pool.Queue: local_queued=489 forward_other_shard=0 Queue_total_len=1977

第16个块结束relay

[Propose wait] S0 N0 spin=50 epoch=17 now=1780903003 InitTime=1780902968 lastpropose=1780903002 wallGap=35 need>=32 ok1=true lastGap=1 need>=2 ok2=false
[Propose] S0 N0 时间条件满足: epoch=17->18 now=1780903004 InitTime=1780902968 lastpropose=1780903002 wallGap=36>=32 lastGap=2>=2 → propose1
[Propose] S0 N0 等待 sequenceLock…
[Propose] S0 N0 已持有 sequenceLock，seqID=17 即将 propose1
[propose1] S0 N0 seq=17 Tx_pool.Queue_len=2128
left_count: 500
更新树花时间为: 47
写数据库IO花时间为: 57
编号为 17 的区块已加入本地区块链！curBlock: 
blockHeader: 
[eeead232b2c9613ed9cef59dc415a60f1dd5eaaba6a006ebc2daa6512f462364 de2627a5181c12dbe256822a8016ac81e62ca646226dcf41501b5e3324524ba1 a65c0f58a8c4ff5cbbb60d7e78dac34e9d68001a428a540e5156e78d83a2cdce 17 1780903004]
# of transactions: 500
# of TXmig1s: 0
# of In1s: 0
# of Anns: 0
# of NSs: 0
blockHash: 
49b08d28aae047329ff06c080d8cc20e92a97ba78ed23c2078ba0776f696b478

第17个块开始准备relay

[Propose wait] S0 N0 spin=1 epoch=18 now=1780903004 InitTime=1780902968 lastpropose=1780903004 wallGap=36 need>=34 ok1=true lastGap=0 need>=2 ok2=false
[handleTxFromClient] S0 N0 recv client batch, tx_count=166
[handleTxFromClient] S0 N0 append to Tx_pool.Queue: local_queued=166 forward_other_shard=0 Queue_total_len=1794

第17个块结束relay

[Propose wait] S0 N0 spin=50 epoch=18 now=1780903005 InitTime=1780902968 lastpropose=1780903004 wallGap=37 need>=34 ok1=true lastGap=1 need>=2 ok2=false
[Propose] S0 N0 时间条件满足: epoch=18->19 now=1780903006 InitTime=1780902968 lastpropose=1780903004 wallGap=38>=34 lastGap=2>=2 → propose1
[Propose] S0 N0 等待 sequenceLock…
[Propose] S0 N0 已持有 sequenceLock，seqID=18 即将 propose1
[propose1] S0 N0 seq=18 Tx_pool.Queue_len=1932
left_count: 500
更新树花时间为: 31
写数据库IO花时间为: 53
编号为 18 的区块已加入本地区块链！curBlock: 
blockHeader: 
[49b08d28aae047329ff06c080d8cc20e92a97ba78ed23c2078ba0776f696b478 702a54ced50fa6653120c815af1879afa84362d423b37bcbaa069e844c08868a 6bdbf4b5069a0bf2b1cb391cd787cbbe6c9376b8437fcb48fc7f832143cbd7ca 18 1780903006]
# of transactions: 500
# of TXmig1s: 0
# of In1s: 0
# of Anns: 0
# of NSs: 0
blockHash: 
c49854ba6542309274db5854531244714e14e4a463436c941b578a93c9ec3e71

第18个块开始准备relay

[Propose wait] S0 N0 spin=1 epoch=19 now=1780903006 InitTime=1780902968 lastpropose=1780903006 wallGap=38 need>=36 ok1=true lastGap=0 need>=2 ok2=false
[handleTxFromClient] S0 N0 recv client batch, tx_count=167
[handleTxFromClient] S0 N0 append to Tx_pool.Queue: local_queued=167 forward_other_shard=0 Queue_total_len=1599

第18个块结束relay

[Propose wait] S0 N0 spin=50 epoch=19 now=1780903007 InitTime=1780902968 lastpropose=1780903006 wallGap=39 need>=36 ok1=true lastGap=1 need>=2 ok2=false
[Propose] S0 N0 时间条件满足: epoch=19->20 now=1780903008 InitTime=1780902968 lastpropose=1780903006 wallGap=40>=36 lastGap=2>=2 → propose1
[Propose] S0 N0 等待 sequenceLock…
[Propose] S0 N0 已持有 sequenceLock，seqID=19 即将 propose1
[propose1] S0 N0 seq=19 Tx_pool.Queue_len=1757
left_count: 500
更新树花时间为: 39
写数据库IO花时间为: 53
编号为 19 的区块已加入本地区块链！curBlock: 
blockHeader: 
[c49854ba6542309274db5854531244714e14e4a463436c941b578a93c9ec3e71 ea2b2f697b3c341cfeb8baeb27ebfe3488ac93b00a9944951ea94c30712e787e f98187cced2b8865aa9d46c08fe78434d3d52dbf5d1e7d7a08a9ecd772eb50f1 19 1780903008]
# of transactions: 500
# of TXmig1s: 0
# of In1s: 0
# of Anns: 0
# of NSs: 0
blockHash: 
074f5e8108bcf7a67a69b70a7c2213ba25331b622ca63d7bf9c08ae15113860b

第19个块开始准备relay

[Propose wait] S0 N0 spin=1 epoch=20 now=1780903008 InitTime=1780902968 lastpropose=1780903008 wallGap=40 need>=38 ok1=true lastGap=0 need>=2 ok2=false
[handleTxFromClient] S0 N0 recv client batch, tx_count=555
[handleTxFromClient] S0 N0 append to Tx_pool.Queue: local_queued=555 forward_other_shard=0 Queue_total_len=1812

第19个块结束relay

[Propose wait] S0 N0 spin=50 epoch=20 now=1780903009 InitTime=1780902968 lastpropose=1780903008 wallGap=41 need>=38 ok1=true lastGap=1 need>=2 ok2=false
[Propose] S0 N0 时间条件满足: epoch=20->21 now=1780903010 InitTime=1780902968 lastpropose=1780903008 wallGap=42>=38 lastGap=2>=2 → propose1
[Propose] S0 N0 等待 sequenceLock…
[Propose] S0 N0 已持有 sequenceLock，seqID=20 即将 propose1
[propose1] S0 N0 seq=20 Tx_pool.Queue_len=1918
left_count: 500
更新树花时间为: 32
写数据库IO花时间为: 37
编号为 20 的区块已加入本地区块链！curBlock: 
blockHeader: 
[074f5e8108bcf7a67a69b70a7c2213ba25331b622ca63d7bf9c08ae15113860b d1d4e2e26416567ce38a827e42e396a7ae8145161ed406422985bbd46a2072a4 fcf6412059548591aba74e3b530ac982617708e8acaeda87155bf521903cdd57 20 1780903010]
# of transactions: 500
# of TXmig1s: 0
# of In1s: 0
# of Anns: 0
# of NSs: 0
blockHash: 
a93b30c90b9b4212571d173f876b8fd3d8f6f0b646da3309339c5ba57a4ee16f

第20个块开始准备relay

[Propose wait] S0 N0 spin=1 epoch=21 now=1780903010 InitTime=1780902968 lastpropose=1780903010 wallGap=42 need>=40 ok1=true lastGap=0 need>=2 ok2=false
[handleTxFromClient] S0 N0 recv client batch, tx_count=47
[handleTxFromClient] S0 N0 append to Tx_pool.Queue: local_queued=47 forward_other_shard=0 Queue_total_len=1465

第20个块结束relay

[Propose wait] S0 N0 spin=50 epoch=21 now=1780903011 InitTime=1780902968 lastpropose=1780903010 wallGap=43 need>=40 ok1=true lastGap=1 need>=2 ok2=false
[Propose] S0 N0 时间条件满足: epoch=21->22 now=1780903012 InitTime=1780902968 lastpropose=1780903010 wallGap=44>=40 lastGap=2>=2 → propose1
[Propose] S0 N0 等待 sequenceLock…
[Propose] S0 N0 已持有 sequenceLock，seqID=21 即将 propose1
[propose1] S0 N0 seq=21 Tx_pool.Queue_len=1715
left_count: 500
本节点已接收到client发来准备迁移通知
更新树花时间为: 55
写数据库IO花时间为: 60
编号为 21 的区块已加入本地区块链！curBlock: 
blockHeader: 
[a93b30c90b9b4212571d173f876b8fd3d8f6f0b646da3309339c5ba57a4ee16f e98781d226cf3437728f4af41894d561e78607212b92377a57a105da64eb92f8 7ff8e0c5ea76ef2e149d7d3b7187b5fdaf3bce32d43413ba1a62d377b5ab4945 21 1780903012]
# of transactions: 500
# of TXmig1s: 0
# of In1s: 0
# of Anns: 0
# of NSs: 0
blockHash: 
c7152addc03891229f9c5a32d193e3c61565a0130701a937798ef156295e64a2

第21个块开始准备relay

[Propose wait] S0 N0 spin=1 epoch=22 now=1780903012 InitTime=1780902968 lastpropose=1780903012 wallGap=44 need>=42 ok1=true lastGap=0 need>=2 ok2=false
本节点已将 pending 发送到 client（1215 笔）
[handleTxFromClient] S0 N0 recv client batch, tx_count=6
[SyncProbe][Ingress] shard=S0 node=N0 tx=9000000001 senderSID=0 recSID=0 local=true tag=0 isRelay=false
[SyncProbe][Redirect] tx=9000000001 跳过重定向: 无MigCtx或非new(txRT=1)
[SyncProbe][Ingress] shard=S0 node=N0 tx=9000000003 senderSID=0 recSID=0 local=true tag=0 isRelay=false
[SyncProbe][Redirect] tx=9000000003 跳过重定向: 无MigCtx或非new(txRT=1)
[SyncProbe][Ingress] shard=S0 node=N0 tx=9000000011 senderSID=0 recSID=0 local=true tag=0 isRelay=false
[SyncProbe][Redirect] tx=9000000011 跳过重定向: 无MigCtx或非new(txRT=1)
[SyncProbe][Ingress] shard=S0 node=N0 tx=9000000013 senderSID=0 recSID=0 local=true tag=0 isRelay=false
[SyncProbe][Redirect] tx=9000000013 跳过重定向: 无MigCtx或非new(txRT=1)
[SyncProbe][Ingress] shard=S0 node=N0 tx=9000000021 senderSID=0 recSID=0 local=true tag=0 isRelay=false
[SyncProbe][Redirect] tx=9000000021 跳过重定向: 无MigCtx或非new(txRT=1)
[SyncProbe][Ingress] shard=S0 node=N0 tx=9000000023 senderSID=0 recSID=0 local=true tag=0 isRelay=false
[SyncProbe][Redirect] tx=9000000023 跳过重定向: 无MigCtx或非new(txRT=1)
[SyncProbe][Ingress] shard=S0 tx=9000000001 本片入池(立即入池路径)
[SyncProbe][Ingress] shard=S0 tx=9000000003 本片入池(立即入池路径)
[SyncProbe][Ingress] shard=S0 tx=9000000011 本片入池(立即入池路径)
[SyncProbe][Ingress] shard=S0 tx=9000000013 本片入池(立即入池路径)
[SyncProbe][Ingress] shard=S0 tx=9000000021 本片入池(立即入池路径)
[SyncProbe][Ingress] shard=S0 tx=9000000023 本片入池(立即入池路径)
[handleTxFromClient] S0 N0 append to Tx_pool.Queue: local_queued=6 forward_other_shard=0 Queue_total_len=1221
[handleTxFromClient] S0 N0 recv client batch, tx_count=25
[handleTxFromClient] S0 N0 append to Tx_pool.Queue: local_queued=25 forward_other_shard=0 Queue_total_len=1246

第21个块结束relay

本节点已接收到客户端发送的新映射
[SyncProbe] S0 账户 f341cafc9ba3d91ef98c9ef811170c1c5f1ef28e NewMap 后提前 Pause suffix-old（逻辑 tx2=9000000002），等待 PhaseB 真实 tx2
[SyncProbe]   Paused txId=9000000003
[SyncProbe] S0 账户 96904d8c1f1c88dfb6cfba916396bf4beabcf454 NewMap 后提前 Pause suffix-old（逻辑 tx2=9000000012），等待 PhaseB 真实 tx2
[SyncProbe]   Paused txId=9000000013
[SyncProbe] S0 账户 9e9ff119553d7ad5d40d1cd4c39aba4901955470 NewMap 后提前 Pause suffix-old（逻辑 tx2=9000000022），等待 PhaseB 真实 tx2
[SyncProbe]   Paused txId=9000000023
[Propose wait] S0 N0 spin=50 epoch=22 now=1780903013 InitTime=1780902968 lastpropose=1780903012 wallGap=45 need>=42 ok1=true lastGap=1 need>=2 ok2=false
[Propose] S0 N0 时间条件满足: epoch=22->23 now=1780903014 InitTime=1780902968 lastpropose=1780903012 wallGap=46>=42 lastGap=2>=2 → propose1
[Propose] S0 N0 等待 sequenceLock…
[Propose] S0 N0 已持有 sequenceLock，seqID=22 即将 propose1
[propose1] S0 N0 seq=22 Tx_pool.Queue_len=1423
left_count: 200
更新树花时间为: 59
写数据库IO花时间为: 65
编号为 22 的区块已加入本地区块链！curBlock: 
blockHeader: 
[c7152addc03891229f9c5a32d193e3c61565a0130701a937798ef156295e64a2 b617394e17f7cce3f02bcddf0171eb80205d0c00967fc7dd1d69b09954248724 254856876ce03c8a56a561c0e69f564f77592cf998e1102eb01851d0882a3d0f 22 1780903014]
# of transactions: 200
# of TXmig1s: 300
# of In1s: 0
# of Anns: 0
# of NSs: 0
blockHash: 
e7135ac848532ef59603ba4335b5d48812ce8180eccd97fae3d90a0637f4b4c2

第22个块开始准备relay

[MVSS+] 源片 S0 账户 9e9ff119553d7ad5d40d1cd4c39aba4901955470 prefix old 就绪，发送 State_ini sync
[MVSS+] 源片 S0 账户 f341cafc9ba3d91ef98c9ef811170c1c5f1ef28e prefix old 就绪，发送 State_ini sync
[MVSS+] 源片 S0 账户 96904d8c1f1c88dfb6cfba916396bf4beabcf454 prefix old 就绪，发送 State_ini sync
[MVSS-Delta] S0 聚合 flush State_ini delta → 目标片 1，条数=3
[SyncLog] write ok shard=S0 node=N0 event=send mode=delta count=1
[Propose wait] S0 N0 spin=1 epoch=23 now=1780903014 InitTime=1780902968 lastpropose=1780903014 wallGap=46 need>=44 ok1=true lastGap=0 need>=2 ok2=false

第22个块结束relay

[handleTxFromClient] S0 N0 recv client batch, tx_count=30
[handleTxFromClient] S0 N0 append to Tx_pool.Queue: local_queued=30 forward_other_shard=0 Queue_total_len=1285
[handleTxFromClient] S0 N0 recv client batch, tx_count=1
[handleTxFromClient] S0 N0 append to Tx_pool.Queue: local_queued=0 forward_other_shard=1 Queue_total_len=1285
[handleTxFromClient] S0 N0 recv client batch, tx_count=1
[handleTxFromClient] S0 N0 append to Tx_pool.Queue: local_queued=0 forward_other_shard=1 Queue_total_len=1285
[handleTxFromClient] S0 N0 recv client batch, tx_count=1
[handleTxFromClient] S0 N0 append to Tx_pool.Queue: local_queued=0 forward_other_shard=1 Queue_total_len=1285
[handleTxFromClient] S0 N0 recv client batch, tx_count=1
[handleTxFromClient] S0 N0 append to Tx_pool.Queue: local_queued=0 forward_other_shard=1 Queue_total_len=1285
[handleTxFromClient] S0 N0 recv client batch, tx_count=1
[handleTxFromClient] S0 N0 append to Tx_pool.Queue: local_queued=0 forward_other_shard=1 Queue_total_len=1285
[handleTxFromClient] S0 N0 recv client batch, tx_count=1
[handleTxFromClient] S0 N0 append to Tx_pool.Queue: local_queued=0 forward_other_shard=1 Queue_total_len=1285
[handleTxFromClient] S0 N0 recv client batch, tx_count=1
[handleTxFromClient] S0 N0 append to Tx_pool.Queue: local_queued=0 forward_other_shard=1 Queue_total_len=1285
[handleTxFromClient] S0 N0 recv client batch, tx_count=1
[handleTxFromClient] S0 N0 append to Tx_pool.Queue: local_queued=0 forward_other_shard=1 Queue_total_len=1285
[handleTxFromClient] S0 N0 recv client batch, tx_count=1
[handleTxFromClient] S0 N0 append to Tx_pool.Queue: local_queued=0 forward_other_shard=1 Queue_total_len=1285
[handleTxFromClient] S0 N0 recv client batch, tx_count=1
[handleTxFromClient] S0 N0 append to Tx_pool.Queue: local_queued=0 forward_other_shard=1 Queue_total_len=1285
[handleTxFromClient] S0 N0 recv client batch, tx_count=1
[handleTxFromClient] S0 N0 append to Tx_pool.Queue: local_queued=0 forward_other_shard=1 Queue_total_len=1285
[handleTxFromClient] S0 N0 recv client batch, tx_count=1
[handleTxFromClient] S0 N0 append to Tx_pool.Queue: local_queued=0 forward_other_shard=1 Queue_total_len=1285
[handleTxFromClient] S0 N0 recv client batch, tx_count=1
[handleTxFromClient] S0 N0 append to Tx_pool.Queue: local_queued=0 forward_other_shard=1 Queue_total_len=1285
[handleTxFromClient] S0 N0 recv client batch, tx_count=1
[handleTxFromClient] S0 N0 append to Tx_pool.Queue: local_queued=0 forward_other_shard=1 Queue_total_len=1285
[handleTxFromClient] S0 N0 recv client batch, tx_count=1
[handleTxFromClient] S0 N0 append to Tx_pool.Queue: local_queued=0 forward_other_shard=1 Queue_total_len=1285
[handleTxFromClient] S0 N0 recv client batch, tx_count=1
[handleTxFromClient] S0 N0 append to Tx_pool.Queue: local_queued=0 forward_other_shard=1 Queue_total_len=1285
[handleTxFromClient] S0 N0 recv client batch, tx_count=1
[handleTxFromClient] S0 N0 append to Tx_pool.Queue: local_queued=0 forward_other_shard=1 Queue_total_len=1285
[handleTxFromClient] S0 N0 recv client batch, tx_count=1
[handleTxFromClient] S0 N0 append to Tx_pool.Queue: local_queued=0 forward_other_shard=1 Queue_total_len=1285
[handleTxFromClient] S0 N0 recv client batch, tx_count=1
[handleTxFromClient] S0 N0 append to Tx_pool.Queue: local_queued=0 forward_other_shard=1 Queue_total_len=1285
[handleTxFromClient] S0 N0 recv client batch, tx_count=1
[handleTxFromClient] S0 N0 append to Tx_pool.Queue: local_queued=0 forward_other_shard=1 Queue_total_len=1285
[handleTxFromClient] S0 N0 recv client batch, tx_count=1
[handleTxFromClient] S0 N0 append to Tx_pool.Queue: local_queued=0 forward_other_shard=1 Queue_total_len=1285
[handleTxFromClient] S0 N0 recv client batch, tx_count=1
[handleTxFromClient] S0 N0 append to Tx_pool.Queue: local_queued=0 forward_other_shard=1 Queue_total_len=1285
[handleTxFromClient] S0 N0 recv client batch, tx_count=1
[handleTxFromClient] S0 N0 append to Tx_pool.Queue: local_queued=0 forward_other_shard=1 Queue_total_len=1285
[handleTxFromClient] S0 N0 recv client batch, tx_count=1
[handleTxFromClient] S0 N0 append to Tx_pool.Queue: local_queued=0 forward_other_shard=1 Queue_total_len=1285
[handleTxFromClient] S0 N0 recv client batch, tx_count=1
[handleTxFromClient] S0 N0 append to Tx_pool.Queue: local_queued=0 forward_other_shard=1 Queue_total_len=1285
[handleTxFromClient] S0 N0 recv client batch, tx_count=1
[handleTxFromClient] S0 N0 append to Tx_pool.Queue: local_queued=0 forward_other_shard=1 Queue_total_len=1285
[handleTxFromClient] S0 N0 recv client batch, tx_count=1
[handleTxFromClient] S0 N0 append to Tx_pool.Queue: local_queued=0 forward_other_shard=1 Queue_total_len=1285
[handleTxFromClient] S0 N0 recv client batch, tx_count=1
[handleTxFromClient] S0 N0 append to Tx_pool.Queue: local_queued=0 forward_other_shard=1 Queue_total_len=1285
[handleTxFromClient] S0 N0 recv client batch, tx_count=1
[handleTxFromClient] S0 N0 append to Tx_pool.Queue: local_queued=0 forward_other_shard=1 Queue_total_len=1285
[handleTxFromClient] S0 N0 recv client batch, tx_count=1
[handleTxFromClient] S0 N0 append to Tx_pool.Queue: local_queued=0 forward_other_shard=1 Queue_total_len=1285
[handleTxFromClient] S0 N0 recv client batch, tx_count=1
[handleTxFromClient] S0 N0 append to Tx_pool.Queue: local_queued=0 forward_other_shard=1 Queue_total_len=1285
[handleTxFromClient] S0 N0 recv client batch, tx_count=1
[handleTxFromClient] S0 N0 append to Tx_pool.Queue: local_queued=0 forward_other_shard=1 Queue_total_len=1285
[handleTxFromClient] S0 N0 recv client batch, tx_count=1
[handleTxFromClient] S0 N0 append to Tx_pool.Queue: local_queued=0 forward_other_shard=1 Queue_total_len=1285
[handleTxFromClient] S0 N0 recv client batch, tx_count=1
[handleTxFromClient] S0 N0 append to Tx_pool.Queue: local_queued=0 forward_other_shard=1 Queue_total_len=1285
[handleTxFromClient] S0 N0 recv client batch, tx_count=1
[handleTxFromClient] S0 N0 append to Tx_pool.Queue: local_queued=0 forward_other_shard=1 Queue_total_len=1285
[handleTxFromClient] S0 N0 recv client batch, tx_count=1
[handleTxFromClient] S0 N0 append to Tx_pool.Queue: local_queued=0 forward_other_shard=1 Queue_total_len=1285
[handleTxFromClient] S0 N0 recv client batch, tx_count=1
[handleTxFromClient] S0 N0 append to Tx_pool.Queue: local_queued=0 forward_other_shard=1 Queue_total_len=1285
[handleTxFromClient] S0 N0 recv client batch, tx_count=1
[handleTxFromClient] S0 N0 append to Tx_pool.Queue: local_queued=0 forward_other_shard=1 Queue_total_len=1285
[handleTxFromClient] S0 N0 recv client batch, tx_count=1
[handleTxFromClient] S0 N0 append to Tx_pool.Queue: local_queued=0 forward_other_shard=1 Queue_total_len=1285
[handleTxFromClient] S0 N0 recv client batch, tx_count=1
[handleTxFromClient] S0 N0 append to Tx_pool.Queue: local_queued=0 forward_other_shard=1 Queue_total_len=1285
[handleTxFromClient] S0 N0 recv client batch, tx_count=1
[handleTxFromClient] S0 N0 append to Tx_pool.Queue: local_queued=0 forward_other_shard=1 Queue_total_len=1285
[handleTxFromClient] S0 N0 recv client batch, tx_count=1
[handleTxFromClient] S0 N0 append to Tx_pool.Queue: local_queued=0 forward_other_shard=1 Queue_total_len=1285
[handleTxFromClient] S0 N0 recv client batch, tx_count=1
[handleTxFromClient] S0 N0 append to Tx_pool.Queue: local_queued=0 forward_other_shard=1 Queue_total_len=1285
[handleTxFromClient] S0 N0 recv client batch, tx_count=1
[handleTxFromClient] S0 N0 append to Tx_pool.Queue: local_queued=0 forward_other_shard=1 Queue_total_len=1285
[handleTxFromClient] S0 N0 recv client batch, tx_count=1
[handleTxFromClient] S0 N0 append to Tx_pool.Queue: local_queued=0 forward_other_shard=1 Queue_total_len=1285
[handleTxFromClient] S0 N0 recv client batch, tx_count=1
[handleTxFromClient] S0 N0 append to Tx_pool.Queue: local_queued=0 forward_other_shard=1 Queue_total_len=1285
[handleTxFromClient] S0 N0 recv client batch, tx_count=1
[handleTxFromClient] S0 N0 append to Tx_pool.Queue: local_queued=0 forward_other_shard=1 Queue_total_len=1285
[handleTxFromClient] S0 N0 recv client batch, tx_count=1
[handleTxFromClient] S0 N0 append to Tx_pool.Queue: local_queued=0 forward_other_shard=1 Queue_total_len=1285
[handleTxFromClient] S0 N0 recv client batch, tx_count=1
[handleTxFromClient] S0 N0 append to Tx_pool.Queue: local_queued=0 forward_other_shard=1 Queue_total_len=1285
[handleTxFromClient] S0 N0 recv client batch, tx_count=1
[handleTxFromClient] S0 N0 append to Tx_pool.Queue: local_queued=0 forward_other_shard=1 Queue_total_len=1285
[handleTxFromClient] S0 N0 recv client batch, tx_count=1
[handleTxFromClient] S0 N0 append to Tx_pool.Queue: local_queued=0 forward_other_shard=1 Queue_total_len=1285
[handleTxFromClient] S0 N0 recv client batch, tx_count=1
[handleTxFromClient] S0 N0 append to Tx_pool.Queue: local_queued=0 forward_other_shard=1 Queue_total_len=1285
[handleTxFromClient] S0 N0 recv client batch, tx_count=1
[handleTxFromClient] S0 N0 append to Tx_pool.Queue: local_queued=0 forward_other_shard=1 Queue_total_len=1285
[handleTxFromClient] S0 N0 recv client batch, tx_count=1
[handleTxFromClient] S0 N0 append to Tx_pool.Queue: local_queued=0 forward_other_shard=1 Queue_total_len=1285
[handleTxFromClient] S0 N0 recv client batch, tx_count=1
[handleTxFromClient] S0 N0 append to Tx_pool.Queue: local_queued=0 forward_other_shard=1 Queue_total_len=1285
[handleTxFromClient] S0 N0 recv client batch, tx_count=1
[handleTxFromClient] S0 N0 append to Tx_pool.Queue: local_queued=0 forward_other_shard=1 Queue_total_len=1285
[handleTxFromClient] S0 N0 recv client batch, tx_count=1
[handleTxFromClient] S0 N0 append to Tx_pool.Queue: local_queued=0 forward_other_shard=1 Queue_total_len=1285
[handleTxFromClient] S0 N0 recv client batch, tx_count=1
[handleTxFromClient] S0 N0 append to Tx_pool.Queue: local_queued=0 forward_other_shard=1 Queue_total_len=1285
[handleTxFromClient] S0 N0 recv client batch, tx_count=1
[handleTxFromClient] S0 N0 append to Tx_pool.Queue: local_queued=0 forward_other_shard=1 Queue_total_len=1285
[handleTxFromClient] S0 N0 recv client batch, tx_count=1
[handleTxFromClient] S0 N0 append to Tx_pool.Queue: local_queued=0 forward_other_shard=1 Queue_total_len=1285
[handleTxFromClient] S0 N0 recv client batch, tx_count=1
[handleTxFromClient] S0 N0 append to Tx_pool.Queue: local_queued=0 forward_other_shard=1 Queue_total_len=1285
[handleTxFromClient] S0 N0 recv client batch, tx_count=1
[handleTxFromClient] S0 N0 append to Tx_pool.Queue: local_queued=0 forward_other_shard=1 Queue_total_len=1285
[handleTxFromClient] S0 N0 recv client batch, tx_count=1
[handleTxFromClient] S0 N0 append to Tx_pool.Queue: local_queued=0 forward_other_shard=1 Queue_total_len=1285
[handleTxFromClient] S0 N0 recv client batch, tx_count=1
[handleTxFromClient] S0 N0 append to Tx_pool.Queue: local_queued=0 forward_other_shard=1 Queue_total_len=1285
[handleTxFromClient] S0 N0 recv client batch, tx_count=1
[handleTxFromClient] S0 N0 append to Tx_pool.Queue: local_queued=0 forward_other_shard=1 Queue_total_len=1285
[handleTxFromClient] S0 N0 recv client batch, tx_count=1
[handleTxFromClient] S0 N0 append to Tx_pool.Queue: local_queued=0 forward_other_shard=1 Queue_total_len=1285
[handleTxFromClient] S0 N0 recv client batch, tx_count=1
[handleTxFromClient] S0 N0 append to Tx_pool.Queue: local_queued=0 forward_other_shard=1 Queue_total_len=1285
[handleTxFromClient] S0 N0 recv client batch, tx_count=1
[handleTxFromClient] S0 N0 append to Tx_pool.Queue: local_queued=0 forward_other_shard=1 Queue_total_len=1285
[handleTxFromClient] S0 N0 recv client batch, tx_count=1
[handleTxFromClient] S0 N0 append to Tx_pool.Queue: local_queued=0 forward_other_shard=1 Queue_total_len=1285
[handleTxFromClient] S0 N0 recv client batch, tx_count=1
[handleTxFromClient] S0 N0 append to Tx_pool.Queue: local_queued=0 forward_other_shard=1 Queue_total_len=1285
[handleTxFromClient] S0 N0 recv client batch, tx_count=1
[handleTxFromClient] S0 N0 append to Tx_pool.Queue: local_queued=0 forward_other_shard=1 Queue_total_len=1285
[handleTxFromClient] S0 N0 recv client batch, tx_count=1
[handleTxFromClient] S0 N0 append to Tx_pool.Queue: local_queued=0 forward_other_shard=1 Queue_total_len=1285
[handleTxFromClient] S0 N0 recv client batch, tx_count=1
[handleTxFromClient] S0 N0 append to Tx_pool.Queue: local_queued=0 forward_other_shard=1 Queue_total_len=1285
[handleTxFromClient] S0 N0 recv client batch, tx_count=1
[handleTxFromClient] S0 N0 append to Tx_pool.Queue: local_queued=0 forward_other_shard=1 Queue_total_len=1285
[handleTxFromClient] S0 N0 recv client batch, tx_count=1
[handleTxFromClient] S0 N0 append to Tx_pool.Queue: local_queued=0 forward_other_shard=1 Queue_total_len=1285
[handleTxFromClient] S0 N0 recv client batch, tx_count=1
[handleTxFromClient] S0 N0 append to Tx_pool.Queue: local_queued=0 forward_other_shard=1 Queue_total_len=1285
[handleTxFromClient] S0 N0 recv client batch, tx_count=1
[handleTxFromClient] S0 N0 append to Tx_pool.Queue: local_queued=0 forward_other_shard=1 Queue_total_len=1285
[handleTxFromClient] S0 N0 recv client batch, tx_count=1
[handleTxFromClient] S0 N0 append to Tx_pool.Queue: local_queued=0 forward_other_shard=1 Queue_total_len=1285
[handleTxFromClient] S0 N0 recv client batch, tx_count=1
[handleTxFromClient] S0 N0 append to Tx_pool.Queue: local_queued=0 forward_other_shard=1 Queue_total_len=1285
[handleTxFromClient] S0 N0 recv client batch, tx_count=1
[handleTxFromClient] S0 N0 append to Tx_pool.Queue: local_queued=0 forward_other_shard=1 Queue_total_len=1285
[handleTxFromClient] S0 N0 recv client batch, tx_count=1
[handleTxFromClient] S0 N0 append to Tx_pool.Queue: local_queued=0 forward_other_shard=1 Queue_total_len=1285
[handleTxFromClient] S0 N0 recv client batch, tx_count=1
[handleTxFromClient] S0 N0 append to Tx_pool.Queue: local_queued=0 forward_other_shard=1 Queue_total_len=1285
[handleTxFromClient] S0 N0 recv client batch, tx_count=1
[handleTxFromClient] S0 N0 append to Tx_pool.Queue: local_queued=0 forward_other_shard=1 Queue_total_len=1285
[handleTxFromClient] S0 N0 recv client batch, tx_count=1
[handleTxFromClient] S0 N0 append to Tx_pool.Queue: local_queued=0 forward_other_shard=1 Queue_total_len=1285
[handleTxFromClient] S0 N0 recv client batch, tx_count=1
[handleTxFromClient] S0 N0 append to Tx_pool.Queue: local_queued=0 forward_other_shard=1 Queue_total_len=1285
[handleTxFromClient] S0 N0 recv client batch, tx_count=1
[handleTxFromClient] S0 N0 append to Tx_pool.Queue: local_queued=0 forward_other_shard=1 Queue_total_len=1285
[handleTxFromClient] S0 N0 recv client batch, tx_count=1
[handleTxFromClient] S0 N0 append to Tx_pool.Queue: local_queued=0 forward_other_shard=1 Queue_total_len=1285
[handleTxFromClient] S0 N0 recv client batch, tx_count=1
[handleTxFromClient] S0 N0 append to Tx_pool.Queue: local_queued=0 forward_other_shard=1 Queue_total_len=1285
[handleTxFromClient] S0 N0 recv client batch, tx_count=1
[handleTxFromClient] S0 N0 append to Tx_pool.Queue: local_queued=0 forward_other_shard=1 Queue_total_len=1285
[handleTxFromClient] S0 N0 recv client batch, tx_count=1
[handleTxFromClient] S0 N0 append to Tx_pool.Queue: local_queued=0 forward_other_shard=1 Queue_total_len=1285
[handleTxFromClient] S0 N0 recv client batch, tx_count=1
[handleTxFromClient] S0 N0 append to Tx_pool.Queue: local_queued=0 forward_other_shard=1 Queue_total_len=1285
[handleTxFromClient] S0 N0 recv client batch, tx_count=1
[handleTxFromClient] S0 N0 append to Tx_pool.Queue: local_queued=0 forward_other_shard=1 Queue_total_len=1285
[handleTxFromClient] S0 N0 recv client batch, tx_count=1
[handleTxFromClient] S0 N0 append to Tx_pool.Queue: local_queued=0 forward_other_shard=1 Queue_total_len=1285
[handleTxFromClient] S0 N0 recv client batch, tx_count=1
[handleTxFromClient] S0 N0 append to Tx_pool.Queue: local_queued=0 forward_other_shard=1 Queue_total_len=1285
[handleTxFromClient] S0 N0 recv client batch, tx_count=1
[handleTxFromClient] S0 N0 append to Tx_pool.Queue: local_queued=0 forward_other_shard=1 Queue_total_len=1285
[handleTxFromClient] S0 N0 recv client batch, tx_count=1
[handleTxFromClient] S0 N0 append to Tx_pool.Queue: local_queued=0 forward_other_shard=1 Queue_total_len=1285
[handleTxFromClient] S0 N0 recv client batch, tx_count=1
[handleTxFromClient] S0 N0 append to Tx_pool.Queue: local_queued=0 forward_other_shard=1 Queue_total_len=1285
[handleTxFromClient] S0 N0 recv client batch, tx_count=1
[handleTxFromClient] S0 N0 append to Tx_pool.Queue: local_queued=0 forward_other_shard=1 Queue_total_len=1285
[handleTxFromClient] S0 N0 recv client batch, tx_count=1
[handleTxFromClient] S0 N0 append to Tx_pool.Queue: local_queued=0 forward_other_shard=1 Queue_total_len=1285
[handleTxFromClient] S0 N0 recv client batch, tx_count=1
[handleTxFromClient] S0 N0 append to Tx_pool.Queue: local_queued=0 forward_other_shard=1 Queue_total_len=1285
[handleTxFromClient] S0 N0 recv client batch, tx_count=1
[handleTxFromClient] S0 N0 append to Tx_pool.Queue: local_queued=0 forward_other_shard=1 Queue_total_len=1285
[handleTxFromClient] S0 N0 recv client batch, tx_count=1
[handleTxFromClient] S0 N0 append to Tx_pool.Queue: local_queued=0 forward_other_shard=1 Queue_total_len=1285
[handleTxFromClient] S0 N0 recv client batch, tx_count=1
[handleTxFromClient] S0 N0 append to Tx_pool.Queue: local_queued=0 forward_other_shard=1 Queue_total_len=1285
[handleTxFromClient] S0 N0 recv client batch, tx_count=1
[handleTxFromClient] S0 N0 append to Tx_pool.Queue: local_queued=0 forward_other_shard=1 Queue_total_len=1285
[handleTxFromClient] S0 N0 recv client batch, tx_count=1
[handleTxFromClient] S0 N0 append to Tx_pool.Queue: local_queued=0 forward_other_shard=1 Queue_total_len=1285
[handleTxFromClient] S0 N0 recv client batch, tx_count=1
[handleTxFromClient] S0 N0 append to Tx_pool.Queue: local_queued=0 forward_other_shard=1 Queue_total_len=1285
[handleTxFromClient] S0 N0 recv client batch, tx_count=1
[handleTxFromClient] S0 N0 append to Tx_pool.Queue: local_queued=0 forward_other_shard=1 Queue_total_len=1285
[handleTxFromClient] S0 N0 recv client batch, tx_count=1
[handleTxFromClient] S0 N0 append to Tx_pool.Queue: local_queued=0 forward_other_shard=1 Queue_total_len=1285
[handleTxFromClient] S0 N0 recv client batch, tx_count=1
[handleTxFromClient] S0 N0 append to Tx_pool.Queue: local_queued=0 forward_other_shard=1 Queue_total_len=1285
[handleTxFromClient] S0 N0 recv client batch, tx_count=1
[handleTxFromClient] S0 N0 append to Tx_pool.Queue: local_queued=0 forward_other_shard=1 Queue_total_len=1285
[handleTxFromClient] S0 N0 recv client batch, tx_count=1
[handleTxFromClient] S0 N0 append to Tx_pool.Queue: local_queued=0 forward_other_shard=1 Queue_total_len=1285
[handleTxFromClient] S0 N0 recv client batch, tx_count=1
[handleTxFromClient] S0 N0 append to Tx_pool.Queue: local_queued=0 forward_other_shard=1 Queue_total_len=1285
[handleTxFromClient] S0 N0 recv client batch, tx_count=1
[handleTxFromClient] S0 N0 append to Tx_pool.Queue: local_queued=0 forward_other_shard=1 Queue_total_len=1285
[handleTxFromClient] S0 N0 recv client batch, tx_count=1
[handleTxFromClient] S0 N0 append to Tx_pool.Queue: local_queued=0 forward_other_shard=1 Queue_total_len=1285
[handleTxFromClient] S0 N0 recv client batch, tx_count=1
[handleTxFromClient] S0 N0 append to Tx_pool.Queue: local_queued=0 forward_other_shard=1 Queue_total_len=1285

本节点已接收到分片S1发来的迁移请求 
9999999999999999999999430649140000000000

[handleTxFromClient] S0 N0 recv client batch, tx_count=1
[handleTxFromClient] S0 N0 append to Tx_pool.Queue: local_queued=1 forward_other_shard=0 Queue_total_len=1286
[Propose wait] S0 N0 spin=50 epoch=23 now=1780903015 InitTime=1780902968 lastpropose=1780903014 wallGap=47 need>=44 ok1=true lastGap=1 need>=2 ok2=false
[Propose] S0 N0 时间条件满足: epoch=23->24 now=1780903016 InitTime=1780902968 lastpropose=1780903014 wallGap=48>=44 lastGap=2>=2 → propose1
[Propose] S0 N0 等待 sequenceLock…
[Propose] S0 N0 已持有 sequenceLock，seqID=23 即将 propose1
[propose1] S0 N0 seq=23 Tx_pool.Queue_len=1286
left_count: 200
更新树花时间为: 66
写数据库IO花时间为: 78
编号为 23 的区块已加入本地区块链！curBlock: 
blockHeader: 
[e7135ac848532ef59603ba4335b5d48812ce8180eccd97fae3d90a0637f4b4c2 ac53ce82c92cd755e18a33b925a2c5de3f8d439a3a50ead5942c85e32cc4c440 f3ae7bca9a2e7c585477f4ac7e46ca675ce53d02452164eb77497655f5871a8c 23 1780903016]
# of transactions: 200
# of TXmig1s: 228
# of In1s: 72
# of Anns: 0
# of NSs: 0
blockHash: 
fa633a133f1896b638d5ed290c16d5673811d9e9529a6b2fdaef8be259d610c8

第23个块开始准备relay

[Propose wait] S0 N0 spin=1 epoch=24 now=1780903016 InitTime=1780902968 lastpropose=1780903016 wallGap=48 need>=46 ok1=true lastGap=0 need>=2 ok2=false

第23个块结束relay

[handleTxFromClient] S0 N0 recv client batch, tx_count=19
[handleTxFromClient] S0 N0 append to Tx_pool.Queue: local_queued=18 forward_other_shard=0 Queue_total_len=1113

本节点已接收到分片S1发来的迁移请求 
10000000000000000000000000000000000000000

[handleTxFromClient] S0 N0 recv client batch, tx_count=3
[SyncProbe][Ingress] shard=S0 node=N0 tx=9000000002 senderSID=0 recSID=1 local=true tag=0 isRelay=false
[SyncProbe][Redirect] tx=9000000002 源片=S0 -> 目标片=S1 leader=127.0.0.1:8020 nonce=2
[SyncProbe][Ingress] shard=S0 tx=9000000002 已重定向，源片不入池
[SyncProbe][Ingress] shard=S0 node=N0 tx=9000000012 senderSID=0 recSID=1 local=true tag=0 isRelay=false
[SyncProbe][Redirect] tx=9000000012 源片=S0 -> 目标片=S1 leader=127.0.0.1:8020 nonce=2
[SyncProbe][Ingress] shard=S0 tx=9000000012 已重定向，源片不入池
[SyncProbe][Ingress] shard=S0 node=N0 tx=9000000022 senderSID=0 recSID=1 local=true tag=0 isRelay=false
[SyncProbe][Redirect] tx=9000000022 源片=S0 -> 目标片=S1 leader=127.0.0.1:8020 nonce=3
[SyncProbe][Ingress] shard=S0 tx=9000000022 已重定向，源片不入池
[handleTxFromClient] S0 N0 append to Tx_pool.Queue: local_queued=0 forward_other_shard=0 Queue_total_len=1113
[Propose wait] S0 N0 spin=50 epoch=24 now=1780903017 InitTime=1780902968 lastpropose=1780903016 wallGap=49 need>=46 ok1=true lastGap=1 need>=2 ok2=false
本节点已接收到分片S1发来通知 
1
2
3
[Propose] S0 N0 时间条件满足: epoch=24->25 now=1780903018 InitTime=1780902968 lastpropose=1780903016 wallGap=50>=46 lastGap=2>=2 → propose1
[Propose] S0 N0 等待 sequenceLock…
[Propose] S0 N0 已持有 sequenceLock，seqID=24 即将 propose1
[propose1] S0 N0 seq=24 Tx_pool.Queue_len=1113
left_count: 200
更新树花时间为: 49
写数据库IO花时间为: 68
编号为 24 的区块已加入本地区块链！curBlock: 
blockHeader: 
[fa633a133f1896b638d5ed290c16d5673811d9e9529a6b2fdaef8be259d610c8 899cc12d190551a5533ec1b175d07568f34276229f9e1d18b063d083945925b0 60309b21bdb40d5fb4b8049d797672952208226b5194dff94a592511d18f1662 24 1780903018]
# of transactions: 200
# of TXmig1s: 0
# of In1s: 300
# of Anns: 0
# of NSs: 0
blockHash: 
73df412c9aba17ef92446317b35f00a422fb0460546632836683eb1652204453

第24个块开始准备relay

[Propose wait] S0 N0 spin=1 epoch=25 now=1780903018 InitTime=1780902968 lastpropose=1780903018 wallGap=50 need>=48 ok1=true lastGap=0 need>=2 ok2=false
[SyncLog] write ok shard=S0 node=N0 event=recv mode=delta count=2
[MVSS-Delta] S0 收到分片 S1 的 TXsyncDelta，条数=1
[MVSS-Delta] S0 已获取 sequenceLock，开始处理 delta
[SyncLog] write ok shard=S0 node=N0 event=recv mode=delta count=3
[MVSS-Delta] S0 收到分片 S1 的 TXsyncDelta，条数=1
[SyncLog] write ok shard=S0 node=N0 event=recv mode=delta count=4
[MVSS-Delta] S0 收到分片 S1 的 TXsyncDelta，条数=1
[MVSS+] 源片 S0 账户 f341cafc9ba3d91ef98c9ef811170c1c5f1ef28e ack 后 promote suffix-old 开始 Queue=913 FirstNew=9000000002
[MVSS+] 源片 S0 账户 f341cafc9ba3d91ef98c9ef811170c1c5f1ef28e ack 后将 1 笔 suffix-old 提至队首（nonce 自 2）
[SyncLog] write ok shard=S0 node=N0 event=ack_recv mode=delta count=5
[MVSS-Delta] S0 收到目标片 S1 对账户 f341cafc9ba3d91ef98c9ef811170c1c5f1ef28e 的 delta ack
[MVSS-Delta] S0 已获取 sequenceLock，开始处理 delta
[MVSS+] 源片 S0 账户 9e9ff119553d7ad5d40d1cd4c39aba4901955470 ack 后 promote suffix-old 开始 Queue=913 FirstNew=9000000022
[MVSS+] 源片 S0 账户 9e9ff119553d7ad5d40d1cd4c39aba4901955470 ack 后将 1 笔 suffix-old 提至队首（nonce 自 3）
[SyncLog] write ok shard=S0 node=N0 event=ack_recv mode=delta count=6
[MVSS-Delta] S0 收到目标片 S1 对账户 9e9ff119553d7ad5d40d1cd4c39aba4901955470 的 delta ack
[MVSS-Delta] S0 已获取 sequenceLock，开始处理 delta
[MVSS+] 源片 S0 账户 96904d8c1f1c88dfb6cfba916396bf4beabcf454 ack 后 promote suffix-old 开始 Queue=913 FirstNew=9000000012
[MVSS+] 源片 S0 账户 96904d8c1f1c88dfb6cfba916396bf4beabcf454 ack 后将 1 笔 suffix-old 提至队首（nonce 自 2）
[SyncLog] write ok shard=S0 node=N0 event=ack_recv mode=delta count=7
[MVSS-Delta] S0 收到目标片 S1 对账户 96904d8c1f1c88dfb6cfba916396bf4beabcf454 的 delta ack

第24个块结束relay

[handleTxFromClient] S0 N0 recv client batch, tx_count=26
[handleTxFromClient] S0 N0 append to Tx_pool.Queue: local_queued=26 forward_other_shard=0 Queue_total_len=979
[Propose wait] S0 N0 spin=50 epoch=25 now=1780903019 InitTime=1780902968 lastpropose=1780903018 wallGap=51 need>=48 ok1=true lastGap=1 need>=2 ok2=false
[Propose] S0 N0 时间条件满足: epoch=25->26 now=1780903020 InitTime=1780902968 lastpropose=1780903018 wallGap=52>=48 lastGap=2>=2 → propose1
[Propose] S0 N0 等待 sequenceLock…
[Propose] S0 N0 已持有 sequenceLock，seqID=25 即将 propose1
[propose1] S0 N0 seq=25 Tx_pool.Queue_len=979
left_count: 272
更新树花时间为: 38
写数据库IO花时间为: 58
编号为 25 的区块已加入本地区块链！curBlock: 
blockHeader: 
[73df412c9aba17ef92446317b35f00a422fb0460546632836683eb1652204453 e13e4c0adb6d7b9c627c94b87a77358487dd5a8bdb48385b7919204e9dcf22c5 c37180f4e9ecc8482dba49a5a631ac22a1c03e783a34169bbe4663147f098060 25 1780903020]
# of transactions: 272
# of TXmig1s: 0
# of In1s: 13
# of Anns: 215
# of NSs: 0
blockHash: 
94422ccf12682254033ba7704f3d6790ec9a77a0d8b77357908211011e8caf1d
handleAnns时是第25个块

handleannounce交易池操作时差为：0
handleannounce两锁时差为：3519


第25个块开始准备relay

[Propose wait] S0 N0 spin=1 epoch=26 now=1780903020 InitTime=1780902968 lastpropose=1780903020 wallGap=52 need>=50 ok1=true lastGap=0 need>=2 ok2=false
本节点已接收到分片S1发来通知 
1
2
3

第25个块结束relay

[handleTxFromClient] S0 N0 recv client batch, tx_count=29
[handleTxFromClient] S0 N0 append to Tx_pool.Queue: local_queued=27 forward_other_shard=0 Queue_total_len=691
本节点已接收到分片S1发来通知 
1
2
3
时间：1780903020561  本节点已接收到新
本节点已将迁移过来的pending交易的账户数量发送到client

时间：52689  正在向分片S1的主节点发送新
本节点已将不变的账户数量发送到client

[Propose wait] S0 N0 spin=50 epoch=26 now=1780903021 InitTime=1780902968 lastpropose=1780903020 wallGap=53 need>=50 ok1=true lastGap=1 need>=2 ok2=false
[Propose] S0 N0 时间条件满足: epoch=26->27 now=1780903022 InitTime=1780902968 lastpropose=1780903020 wallGap=54>=50 lastGap=2>=2 → propose1
[Propose] S0 N0 等待 sequenceLock…
[Propose] S0 N0 已持有 sequenceLock，seqID=26 即将 propose1
[propose1] S0 N0 seq=26 Tx_pool.Queue_len=810
left_count: 200
更新树花时间为: 35
写数据库IO花时间为: 89
编号为 26 的区块已加入本地区块链！curBlock: 
blockHeader: 
[94422ccf12682254033ba7704f3d6790ec9a77a0d8b77357908211011e8caf1d 5216907ffa8c42f6183a1081383a23184cb041290abb670069b65eea2cf29c43 6034c9c4f04edfa995eb2377e8ff383b77f9452517d6dfa1e65dc2cda9f50f2f 26 1780903022]
# of transactions: 200
# of TXmig1s: 0
# of In1s: 0
# of Anns: 300
# of NSs: 0
blockHash: 
547ae12286645f7a1bab6e3ec953e9ebfab2094a6466905898253fb320195afd
handleAnns时是第26个块

handleannounce交易池操作时差为：0
handleannounce两锁时差为：0


第26个块开始准备relay

[Propose wait] S0 N0 spin=1 epoch=27 now=1780903022 InitTime=1780902968 lastpropose=1780903022 wallGap=54 need>=52 ok1=true lastGap=0 need>=2 ok2=false

第26个块结束relay

[Propose wait] S0 N0 spin=50 epoch=27 now=1780903023 InitTime=1780902968 lastpropose=1780903022 wallGap=55 need>=52 ok1=true lastGap=1 need>=2 ok2=false
[Propose] S0 N0 时间条件满足: epoch=27->28 now=1780903024 InitTime=1780902968 lastpropose=1780903022 wallGap=56>=52 lastGap=2>=2 → propose1
[Propose] S0 N0 等待 sequenceLock…
[Propose] S0 N0 已持有 sequenceLock，seqID=27 即将 propose1
[propose1] S0 N0 seq=27 Tx_pool.Queue_len=577
left_count: 421
时间：1780903024106  本节点已接收到新
本节点已将迁移过来的pending交易的账户数量发送到client

更新树花时间为: 46
写数据库IO花时间为: 69
编号为 27 的区块已加入本地区块链！curBlock: 
blockHeader: 
[547ae12286645f7a1bab6e3ec953e9ebfab2094a6466905898253fb320195afd 056ce88bfb8ae536edc5967a3ccc7fbd219c7cb65854bae9f6b3ec23863113fe 390438c6ea4b5e14ae6e0be860327389a6a72ad1f01c619fde5ce07a0c69a73a 27 1780903024]
# of transactions: 421
# of TXmig1s: 0
# of In1s: 0
# of Anns: 13
# of NSs: 66
blockHash: 
60168c5c65ee9426b8c4cb34a937e0638371e1c54904f3c256862339442f8586
handleAnns时是第27个块

handleannounce交易池操作时差为：0
handleannounce两锁时差为：0


第27个块开始准备relay

[Propose wait] S0 N0 spin=1 epoch=28 now=1780903024 InitTime=1780902968 lastpropose=1780903024 wallGap=56 need>=54 ok1=true lastGap=0 need>=2 ok2=false
时间：56314  正在向分片S1的主节点发送新
本节点已将不变的账户数量发送到client


第27个块结束relay

时间：1780903024545  本节点已接收到新
本节点已将迁移过来的pending交易的账户数量发送到client

[Propose wait] S0 N0 spin=50 epoch=28 now=1780903025 InitTime=1780902968 lastpropose=1780903024 wallGap=57 need>=54 ok1=true lastGap=1 need>=2 ok2=false
时间：57966  正在向分片S1的主节点发送新
本节点已将不变的账户数量发送到client

[Propose] S0 N0 时间条件满足: epoch=28->29 now=1780903026 InitTime=1780902968 lastpropose=1780903024 wallGap=58>=54 lastGap=2>=2 → propose1
[Propose] S0 N0 等待 sequenceLock…
[Propose] S0 N0 已持有 sequenceLock，seqID=28 即将 propose1
[propose1] S0 N0 seq=28 Tx_pool.Queue_len=488
left_count: 385
更新树花时间为: 41
写数据库IO花时间为: 62
编号为 28 的区块已加入本地区块链！curBlock: 
blockHeader: 
[60168c5c65ee9426b8c4cb34a937e0638371e1c54904f3c256862339442f8586 18b7328ea62ce6622b65cc451854f794378fcdabc9fe0d10c795440d739363bf 960b051b29b5126e6e88ae4fef551d0b62d81477a90a5061f01f891b60c2652f 28 1780903026]
# of transactions: 385
# of TXmig1s: 0
# of In1s: 0
# of Anns: 0
# of NSs: 115
blockHash: 
74699e6646fa26c629eb40b794b61a294d1e36a64c6129f5579db65ce5256c48

第28个块开始准备relay

[Propose wait] S0 N0 spin=1 epoch=29 now=1780903026 InitTime=1780902968 lastpropose=1780903026 wallGap=58 need>=56 ok1=true lastGap=0 need>=2 ok2=false

第28个块结束relay

[Propose wait] S0 N0 spin=50 epoch=29 now=1780903027 InitTime=1780902968 lastpropose=1780903026 wallGap=59 need>=56 ok1=true lastGap=1 need>=2 ok2=false
[Propose] S0 N0 时间条件满足: epoch=29->30 now=1780903028 InitTime=1780902968 lastpropose=1780903026 wallGap=60>=56 lastGap=2>=2 → propose1
[Propose] S0 N0 等待 sequenceLock…
[Propose] S0 N0 已持有 sequenceLock，seqID=29 即将 propose1
[propose1] S0 N0 seq=29 Tx_pool.Queue_len=351
left_count: 500
更新树花时间为: 41
写数据库IO花时间为: 71
编号为 29 的区块已加入本地区块链！curBlock: 
blockHeader: 
[74699e6646fa26c629eb40b794b61a294d1e36a64c6129f5579db65ce5256c48 e5c2760d1f7dec1b1e7a46c875243169c975a5d4e54b15d1b16efabcfbc8f77e 571fff3187d2e03e1838163569605d2048e1c5a6d0a683872b47e42b38c37a61 29 1780903028]
# of transactions: 350
# of TXmig1s: 0
# of In1s: 0
# of Anns: 0
# of NSs: 0
blockHash: 
2041a27a3e58fb6455fa0e3a8aa9f13ce25147596e62d9ec4ec7775dc3939a0f
[Propose wait] S0 N0 spin=1 epoch=30 now=1780903028 InitTime=1780902968 lastpropose=1780903028 wallGap=60 need>=58 ok1=true lastGap=0 need>=2 ok2=false
[Propose wait] S0 N0 spin=50 epoch=30 now=1780903029 InitTime=1780902968 lastpropose=1780903028 wallGap=61 need>=58 ok1=true lastGap=1 need>=2 ok2=false
[Propose] S0 N0 时间条件满足: epoch=30->31 now=1780903030 InitTime=1780902968 lastpropose=1780903028 wallGap=62>=58 lastGap=2>=2 → propose1
[Propose] S0 N0 等待 sequenceLock…
[Propose] S0 N0 已持有 sequenceLock，seqID=30 即将 propose1
[propose1] S0 N0 seq=30 Tx_pool.Queue_len=134
left_count: 500
更新树花时间为: 15
写数据库IO花时间为: 33
编号为 30 的区块已加入本地区块链！curBlock: 
blockHeader: 
[2041a27a3e58fb6455fa0e3a8aa9f13ce25147596e62d9ec4ec7775dc3939a0f 56496f09b8df723ff5d19728fddd32a2afd46ed702e7de29019781eb96f4b813 30d82e94de0bd38781fc5c42a37730a7d78e889e9fc5b06fc4d664bf3e625377 30 1780903030]
# of transactions: 133
# of TXmig1s: 0
# of In1s: 0
# of Anns: 0
# of NSs: 0
blockHash: 
9f4776e585e0d54fd4dba9a4a285766a5ed78155385677122bba31a29f01a7b2
[Propose wait] S0 N0 spin=1 epoch=31 now=1780903030 InitTime=1780902968 lastpropose=1780903030 wallGap=62 need>=60 ok1=true lastGap=0 need>=2 ok2=false
[Propose wait] S0 N0 spin=50 epoch=31 now=1780903031 InitTime=1780902968 lastpropose=1780903030 wallGap=63 need>=60 ok1=true lastGap=1 need>=2 ok2=false
[Propose] S0 N0 时间条件满足: epoch=31->32 now=1780903032 InitTime=1780902968 lastpropose=1780903030 wallGap=64>=60 lastGap=2>=2 → propose1
[Propose] S0 N0 等待 sequenceLock…
[Propose] S0 N0 已持有 sequenceLock，seqID=31 即将 propose1
[propose1] S0 N0 seq=31 Tx_pool.Queue_len=188
left_count: 500
更新树花时间为: 22
写数据库IO花时间为: 38
编号为 31 的区块已加入本地区块链！curBlock: 
blockHeader: 
[9f4776e585e0d54fd4dba9a4a285766a5ed78155385677122bba31a29f01a7b2 7f501a40cf9cd8b6ff645a0f8cdc6f0872858f18c3396625da41d4d68e696ca9 e61c4670f5353e9d6fbc31831081ed3f7ddc0ca4b7bfa299d728cecab7896396 31 1780903032]
# of transactions: 187
# of TXmig1s: 0
# of In1s: 0
# of Anns: 0
# of NSs: 0
blockHash: 
ee02f93dbfa7a5dbacfbc0e405f73988e5bcc65551c5d4f7dc2021d9c6ed435d
[Propose wait] S0 N0 spin=1 epoch=32 now=1780903032 InitTime=1780902968 lastpropose=1780903032 wallGap=64 need>=62 ok1=true lastGap=0 need>=2 ok2=false
[Propose wait] S0 N0 spin=50 epoch=32 now=1780903033 InitTime=1780902968 lastpropose=1780903032 wallGap=65 need>=62 ok1=true lastGap=1 need>=2 ok2=false
[Propose] S0 N0 时间条件满足: epoch=32->33 now=1780903034 InitTime=1780902968 lastpropose=1780903032 wallGap=66>=62 lastGap=2>=2 → propose1
[Propose] S0 N0 等待 sequenceLock…
[Propose] S0 N0 已持有 sequenceLock，seqID=32 即将 propose1
[propose1] S0 N0 seq=32 Tx_pool.Queue_len=207
left_count: 500
更新树花时间为: 20
写数据库IO花时间为: 32
编号为 32 的区块已加入本地区块链！curBlock: 
blockHeader: 
[ee02f93dbfa7a5dbacfbc0e405f73988e5bcc65551c5d4f7dc2021d9c6ed435d bbecf9cc6d7e6947f9cf78df9872275b278bfcbcc46fb44e5218eeb9281112f4 4e9400f0e6b279854101c8643a666fcf4bf79c76cabe7232c2f63afc7bb9865b 32 1780903034]
# of transactions: 206
# of TXmig1s: 0
# of In1s: 0
# of Anns: 0
# of NSs: 0
blockHash: 
c9dc9f77c827031629a236d844e169243eec41f341450d228f4fe2ceee6aea28
[Propose wait] S0 N0 spin=1 epoch=33 now=1780903034 InitTime=1780902968 lastpropose=1780903034 wallGap=66 need>=64 ok1=true lastGap=0 need>=2 ok2=false
[Propose wait] S0 N0 spin=50 epoch=33 now=1780903035 InitTime=1780902968 lastpropose=1780903034 wallGap=67 need>=64 ok1=true lastGap=1 need>=2 ok2=false
[Propose] S0 N0 时间条件满足: epoch=33->34 now=1780903036 InitTime=1780902968 lastpropose=1780903034 wallGap=68>=64 lastGap=2>=2 → propose1
[Propose] S0 N0 等待 sequenceLock…
[Propose] S0 N0 已持有 sequenceLock，seqID=33 即将 propose1
[propose1] S0 N0 seq=33 Tx_pool.Queue_len=234
left_count: 500
更新树花时间为: 36
写数据库IO花时间为: 47
编号为 33 的区块已加入本地区块链！curBlock: 
blockHeader: 
[c9dc9f77c827031629a236d844e169243eec41f341450d228f4fe2ceee6aea28 6fbd9e409141503c5691e901a583172ae2d0aae4533e671bc2039533314f599d 3f9e81fc4fbc744612f51329e30363d6e9548067e6befd8824062c76fb0ec69a 33 1780903036]
# of transactions: 233
# of TXmig1s: 0
# of In1s: 0
# of Anns: 0
# of NSs: 0
blockHash: 
877744dc73fcad8cad2019cafa55889df3700f00e8ef8512c117fbd88dd0c356
[Propose wait] S0 N0 spin=1 epoch=34 now=1780903036 InitTime=1780902968 lastpropose=1780903036 wallGap=68 need>=66 ok1=true lastGap=0 need>=2 ok2=false
[Propose wait] S0 N0 spin=50 epoch=34 now=1780903037 InitTime=1780902968 lastpropose=1780903036 wallGap=69 need>=66 ok1=true lastGap=1 need>=2 ok2=false
[Propose] S0 N0 时间条件满足: epoch=34->35 now=1780903038 InitTime=1780902968 lastpropose=1780903036 wallGap=70>=66 lastGap=2>=2 → propose1
[Propose] S0 N0 等待 sequenceLock…
[Propose] S0 N0 已持有 sequenceLock，seqID=34 即将 propose1
[propose1] S0 N0 seq=34 Tx_pool.Queue_len=233
left_count: 500
更新树花时间为: 32
写数据库IO花时间为: 42
编号为 34 的区块已加入本地区块链！curBlock: 
blockHeader: 
[877744dc73fcad8cad2019cafa55889df3700f00e8ef8512c117fbd88dd0c356 b211e88c46fecdc404092341a1c6a0e9ba71795af111a9ab525f3a97f2760ebf faef41e61edbf42a295d665b10cab20be05e94549304d34c4fb0fb7c833cc4e6 34 1780903038]
# of transactions: 232
# of TXmig1s: 0
# of In1s: 0
# of Anns: 0
# of NSs: 0
blockHash: 
0026dbce88a48e6853380ee48ae002659be147f13a8a28ec5b51fcb648a90d3e
[Propose wait] S0 N0 spin=1 epoch=35 now=1780903038 InitTime=1780902968 lastpropose=1780903038 wallGap=70 need>=68 ok1=true lastGap=0 need>=2 ok2=false
[Propose wait] S0 N0 spin=50 epoch=35 now=1780903039 InitTime=1780902968 lastpropose=1780903038 wallGap=71 need>=68 ok1=true lastGap=1 need>=2 ok2=false
[Propose] S0 N0 时间条件满足: epoch=35->36 now=1780903040 InitTime=1780902968 lastpropose=1780903038 wallGap=72>=68 lastGap=2>=2 → propose1
[Propose] S0 N0 等待 sequenceLock…
[Propose] S0 N0 已持有 sequenceLock，seqID=35 即将 propose1
[propose1] S0 N0 seq=35 Tx_pool.Queue_len=255
left_count: 500
更新树花时间为: 36
写数据库IO花时间为: 56
编号为 35 的区块已加入本地区块链！curBlock: 
blockHeader: 
[0026dbce88a48e6853380ee48ae002659be147f13a8a28ec5b51fcb648a90d3e 86ba13bef71b731afddbcfc439e1f1185e53d37036b373606bafa526af13a200 1f17a64732187cb887a1baed3966173b3a91b3269742e372e90f44953e7cb1a2 35 1780903040]
# of transactions: 254
# of TXmig1s: 0
# of In1s: 0
# of Anns: 0
# of NSs: 0
blockHash: 
cf692fb45de7664b0cc0d95b9ac71a1773e68feffbce038c4c41ef1dfed5dd71
[Propose wait] S0 N0 spin=1 epoch=36 now=1780903040 InitTime=1780902968 lastpropose=1780903040 wallGap=72 need>=70 ok1=true lastGap=0 need>=2 ok2=false
[Propose wait] S0 N0 spin=50 epoch=36 now=1780903041 InitTime=1780902968 lastpropose=1780903040 wallGap=73 need>=70 ok1=true lastGap=1 need>=2 ok2=false
[Propose] S0 N0 时间条件满足: epoch=36->37 now=1780903042 InitTime=1780902968 lastpropose=1780903040 wallGap=74>=70 lastGap=2>=2 → propose1
[Propose] S0 N0 等待 sequenceLock…
[Propose] S0 N0 已持有 sequenceLock，seqID=36 即将 propose1
[propose1] S0 N0 seq=36 Tx_pool.Queue_len=210
left_count: 500
更新树花时间为: 26
写数据库IO花时间为: 35
编号为 36 的区块已加入本地区块链！curBlock: 
blockHeader: 
[cf692fb45de7664b0cc0d95b9ac71a1773e68feffbce038c4c41ef1dfed5dd71 ee486ec50be01e57f4c47859f80cb342141076b72ca8ea2b5c2e246ddc408209 acb8ed975b9a1740d7e3326577dd7f719c8d707444e8e29e64b444437251b403 36 1780903042]
# of transactions: 209
# of TXmig1s: 0
# of In1s: 0
# of Anns: 0
# of NSs: 0
blockHash: 
1d0d04032b01fc4f90f006d13cfda94506faa4695c1657e675a697343c4610e5
[Propose wait] S0 N0 spin=1 epoch=37 now=1780903042 InitTime=1780902968 lastpropose=1780903042 wallGap=74 need>=72 ok1=true lastGap=0 need>=2 ok2=false
[Propose wait] S0 N0 spin=50 epoch=37 now=1780903043 InitTime=1780902968 lastpropose=1780903042 wallGap=75 need>=72 ok1=true lastGap=1 need>=2 ok2=false
[Propose] S0 N0 时间条件满足: epoch=37->38 now=1780903044 InitTime=1780902968 lastpropose=1780903042 wallGap=76>=72 lastGap=2>=2 → propose1
[Propose] S0 N0 等待 sequenceLock…
[Propose] S0 N0 已持有 sequenceLock，seqID=37 即将 propose1
[propose1] S0 N0 seq=37 Tx_pool.Queue_len=179
left_count: 500
更新树花时间为: 21
写数据库IO花时间为: 29
编号为 37 的区块已加入本地区块链！curBlock: 
blockHeader: 
[1d0d04032b01fc4f90f006d13cfda94506faa4695c1657e675a697343c4610e5 ad93f5b4a308485e2de92513f34c60aa682bf3d8e04fdcb678660fc87614421e 229f427565f057e6170a4a68786b99b8d3317307f994f15e65b014ac4ed447d5 37 1780903044]
# of transactions: 178
# of TXmig1s: 0
# of In1s: 0
# of Anns: 0
# of NSs: 0
blockHash: 
4a79238ea7554eb9daf8728193cec8152fe64c4219d9fcee7987e2f096a3ba90
[Propose wait] S0 N0 spin=1 epoch=38 now=1780903044 InitTime=1780902968 lastpropose=1780903044 wallGap=76 need>=74 ok1=true lastGap=0 need>=2 ok2=false
[Propose wait] S0 N0 spin=50 epoch=38 now=1780903045 InitTime=1780902968 lastpropose=1780903044 wallGap=77 need>=74 ok1=true lastGap=1 need>=2 ok2=false
[Propose] S0 N0 时间条件满足: epoch=38->39 now=1780903046 InitTime=1780902968 lastpropose=1780903044 wallGap=78>=74 lastGap=2>=2 → propose1
[Propose] S0 N0 等待 sequenceLock…
[Propose] S0 N0 已持有 sequenceLock，seqID=38 即将 propose1
[propose1] S0 N0 seq=38 Tx_pool.Queue_len=1
left_count: 500
更新树花时间为: 0
写数据库IO花时间为: 26
编号为 38 的区块已加入本地区块链！curBlock: 
blockHeader: 
[4a79238ea7554eb9daf8728193cec8152fe64c4219d9fcee7987e2f096a3ba90 ad93f5b4a308485e2de92513f34c60aa682bf3d8e04fdcb678660fc87614421e 56e81f171bcc55a6ff8345e692c0f86e5b48e01b996cadc001622fb5e363b421 38 1780903046]
# of transactions: 0
# of TXmig1s: 0
# of In1s: 0
# of Anns: 0
# of NSs: 0
blockHash: 
ae48f67f9cae8df4456d1845093bf03878ab7521ce83e918eec154e1cf302f51
[Propose wait] S0 N0 spin=1 epoch=39 now=1780903046 InitTime=1780902968 lastpropose=1780903046 wallGap=78 need>=76 ok1=true lastGap=0 need>=2 ok2=false
[Propose wait] S0 N0 spin=50 epoch=39 now=1780903047 InitTime=1780902968 lastpropose=1780903046 wallGap=79 need>=76 ok1=true lastGap=1 need>=2 ok2=false
[Propose] S0 N0 时间条件满足: epoch=39->40 now=1780903048 InitTime=1780902968 lastpropose=1780903046 wallGap=80>=76 lastGap=2>=2 → propose1
[Propose] S0 N0 等待 sequenceLock…
[Propose] S0 N0 已持有 sequenceLock，seqID=39 即将 propose1
[propose1] S0 N0 seq=39 Tx_pool.Queue_len=1
left_count: 500
更新树花时间为: 0
写数据库IO花时间为: 5
编号为 39 的区块已加入本地区块链！curBlock: 
blockHeader: 
[ae48f67f9cae8df4456d1845093bf03878ab7521ce83e918eec154e1cf302f51 ad93f5b4a308485e2de92513f34c60aa682bf3d8e04fdcb678660fc87614421e 56e81f171bcc55a6ff8345e692c0f86e5b48e01b996cadc001622fb5e363b421 39 1780903048]
# of transactions: 0
# of TXmig1s: 0
# of In1s: 0
# of Anns: 0
# of NSs: 0
blockHash: 
bd5875f9bffa37dcfaa4e2121f9cda5c9789d8a24d7003afc66206761cdee636
[Propose wait] S0 N0 spin=1 epoch=40 now=1780903048 InitTime=1780902968 lastpropose=1780903048 wallGap=80 need>=78 ok1=true lastGap=0 need>=2 ok2=false
[Propose wait] S0 N0 spin=50 epoch=40 now=1780903049 InitTime=1780902968 lastpropose=1780903048 wallGap=81 need>=78 ok1=true lastGap=1 need>=2 ok2=false
[Propose] S0 N0 时间条件满足: epoch=40->41 now=1780903050 InitTime=1780902968 lastpropose=1780903048 wallGap=82>=78 lastGap=2>=2 → propose1
[Propose] S0 N0 等待 sequenceLock…
[Propose] S0 N0 已持有 sequenceLock，seqID=40 即将 propose1
[propose1] S0 N0 seq=40 Tx_pool.Queue_len=1
left_count: 500
更新树花时间为: 1
写数据库IO花时间为: 22
编号为 40 的区块已加入本地区块链！curBlock: 
blockHeader: 
[bd5875f9bffa37dcfaa4e2121f9cda5c9789d8a24d7003afc66206761cdee636 ad93f5b4a308485e2de92513f34c60aa682bf3d8e04fdcb678660fc87614421e 56e81f171bcc55a6ff8345e692c0f86e5b48e01b996cadc001622fb5e363b421 40 1780903050]
# of transactions: 0
# of TXmig1s: 0
# of In1s: 0
# of Anns: 0
# of NSs: 0
blockHash: 
33ea45689e99a3adc29b3893a2c7a0e98743e4fa8369062acb3986164b5bc2c8
[Propose wait] S0 N0 spin=1 epoch=41 now=1780903050 InitTime=1780902968 lastpropose=1780903050 wallGap=82 need>=80 ok1=true lastGap=0 need>=2 ok2=false
[Propose wait] S0 N0 spin=50 epoch=41 now=1780903051 InitTime=1780902968 lastpropose=1780903050 wallGap=83 need>=80 ok1=true lastGap=1 need>=2 ok2=false
[Propose] S0 N0 时间条件满足: epoch=41->42 now=1780903052 InitTime=1780902968 lastpropose=1780903050 wallGap=84>=80 lastGap=2>=2 → propose1
[Propose] S0 N0 等待 sequenceLock…
[Propose] S0 N0 已持有 sequenceLock，seqID=41 即将 propose1
[propose1] S0 N0 seq=41 Tx_pool.Queue_len=1
left_count: 500
更新树花时间为: 0
写数据库IO花时间为: 13
编号为 41 的区块已加入本地区块链！curBlock: 
blockHeader: 
[33ea45689e99a3adc29b3893a2c7a0e98743e4fa8369062acb3986164b5bc2c8 ad93f5b4a308485e2de92513f34c60aa682bf3d8e04fdcb678660fc87614421e 56e81f171bcc55a6ff8345e692c0f86e5b48e01b996cadc001622fb5e363b421 41 1780903052]
# of transactions: 0
# of TXmig1s: 0
# of In1s: 0
# of Anns: 0
# of NSs: 0
blockHash: 
21072600698b1dd56575fe8f5821b0e930e51babc8cb0540f1fd4e8d4c996ba9
[Propose wait] S0 N0 spin=1 epoch=42 now=1780903052 InitTime=1780902968 lastpropose=1780903052 wallGap=84 need>=82 ok1=true lastGap=0 need>=2 ok2=false
[Propose wait] S0 N0 spin=50 epoch=42 now=1780903053 InitTime=1780902968 lastpropose=1780903052 wallGap=85 need>=82 ok1=true lastGap=1 need>=2 ok2=false
[Propose] S0 N0 时间条件满足: epoch=42->43 now=1780903054 InitTime=1780902968 lastpropose=1780903052 wallGap=86>=82 lastGap=2>=2 → propose1
[Propose] S0 N0 等待 sequenceLock…
[Propose] S0 N0 已持有 sequenceLock，seqID=42 即将 propose1
[propose1] S0 N0 seq=42 Tx_pool.Queue_len=1
left_count: 500
更新树花时间为: 0
写数据库IO花时间为: 25
编号为 42 的区块已加入本地区块链！curBlock: 
blockHeader: 
[21072600698b1dd56575fe8f5821b0e930e51babc8cb0540f1fd4e8d4c996ba9 ad93f5b4a308485e2de92513f34c60aa682bf3d8e04fdcb678660fc87614421e 56e81f171bcc55a6ff8345e692c0f86e5b48e01b996cadc001622fb5e363b421 42 1780903054]
# of transactions: 0
# of TXmig1s: 0
# of In1s: 0
# of Anns: 0
# of NSs: 0
blockHash: 
afec683e6bd13d66315e94659f84ca6f09258829c28411cb1b0dbc198c7e6d2c
[Propose wait] S0 N0 spin=1 epoch=43 now=1780903054 InitTime=1780902968 lastpropose=1780903054 wallGap=86 need>=84 ok1=true lastGap=0 need>=2 ok2=false
节点收到终止节点消息，停止运行
