MigrationStrategy=MVSS-Delta (Stop=false Lock=false NotLock=true)
&{77 N0 S1 2 0 selectedTxs_300K.csv 2 500 300 150 150 150 150 1000 10 1 400 20000 0 50000 20 true MVSS-Delta false false true false true false 3 false 8 false false false PageRank false 100 true false true 3 0 0 0  0}
[SyncLog] init ok shard=S1 node=N0 file=./log/S1_sync.csv
交易将由外部客户端发送
节点 N0 已启动，所属分片: S1
[Propose wait-first-tx] S1 N0 seq=1 Queue_len=0，首块等待交易注入后再出块
节点开启监听，地址：127.0.0.1:8020
[Propose wait-first-tx] S1 N0 seq=1 Queue_len=0，首块等待交易注入后再出块
[Propose wait-first-tx] S1 N0 seq=1 Queue_len=0，首块等待交易注入后再出块
[Propose wait-first-tx] S1 N0 seq=1 Queue_len=0，首块等待交易注入后再出块
[Propose wait-first-tx] S1 N0 seq=1 Queue_len=0，首块等待交易注入后再出块
[Propose wait-first-tx] S1 N0 seq=1 Queue_len=0，首块等待交易注入后再出块
[Propose wait-first-tx] S1 N0 seq=1 Queue_len=0，首块等待交易注入后再出块
[Propose wait-first-tx] S1 N0 seq=1 Queue_len=0，首块等待交易注入后再出块
[Propose wait-first-tx] S1 N0 seq=1 Queue_len=0，首块等待交易注入后再出块
[Propose wait-first-tx] S1 N0 seq=1 Queue_len=0，首块等待交易注入后再出块
[Propose wait-first-tx] S1 N0 seq=1 Queue_len=0，首块等待交易注入后再出块
[Propose wait-first-tx] S1 N0 seq=1 Queue_len=0，首块等待交易注入后再出块
[Propose wait-first-tx] S1 N0 seq=1 Queue_len=0，首块等待交易注入后再出块
[Propose wait-first-tx] S1 N0 seq=1 Queue_len=0，首块等待交易注入后再出块
[Propose wait-first-tx] S1 N0 seq=1 Queue_len=0，首块等待交易注入后再出块
[Propose wait-first-tx] S1 N0 seq=1 Queue_len=0，首块等待交易注入后再出块
本节点已接收到客户端发送的初始时间：1780902968（锚定 InitTime=1780902968，已重置 epoch=1）
[Propose wait-first-tx] S1 N0 seq=1 Queue_len=0，首块等待交易注入后再出块
[Propose wait-first-tx] S1 N0 seq=1 Queue_len=0，首块等待交易注入后再出块
[Propose wait-first-tx] S1 N0 seq=1 Queue_len=0，首块等待交易注入后再出块
[handleTxFromClient] S1 N0 recv client batch, tx_count=269
[handleTxFromClient] S1 N0 append to Tx_pool.Queue: local_queued=269 forward_other_shard=0 Queue_total_len=269
[Propose wait-first-tx] S1 N0 首块已检测到交易，结束等待，Queue_len=269
[Propose] S1 N0 时间条件满足: epoch=1->2 now=1780902972 InitTime=1780902968 lastpropose=1780902968 wallGap=4>=0 lastGap=4>=2 → propose1
[Propose] S1 N0 等待 sequenceLock…
[Propose] S1 N0 已持有 sequenceLock，seqID=1 即将 propose1
[propose1] S1 N0 seq=1 Tx_pool.Queue_len=269
left_count: 500
更新树花时间为: 43
写数据库IO花时间为: 63
编号为 1 的区块已加入本地区块链！curBlock: 
blockHeader: 
[1add38160db0458a48072f3ade543ffb4af4e9cfdf8f76549b9568e046a6a3ff 654763dfb1c5f484d7ca7498750ad00ca0d5361c00984efe6f4189e9b6fe2934 337def5415a92afe501cee6a38a56d0601504961644d9b644171d6404f15b407 1 1780902972]
# of transactions: 269
# of TXmig1s: 0
# of In1s: 0
# of Anns: 0
# of NSs: 0
blockHash: 
7886c41e223c0c4170012eeac6e221200cf534a588f970720ddbd291f3553a10

第1个块开始准备relay

[Propose wait] S1 N0 spin=1 epoch=2 now=1780902972 InitTime=1780902968 lastpropose=1780902972 wallGap=4 need>=2 ok1=true lastGap=0 need>=2 ok2=false

第1个块结束relay

[Propose wait] S1 N0 spin=50 epoch=2 now=1780902973 InitTime=1780902968 lastpropose=1780902972 wallGap=5 need>=2 ok1=true lastGap=1 need>=2 ok2=false
[Propose] S1 N0 时间条件满足: epoch=2->3 now=1780902974 InitTime=1780902968 lastpropose=1780902972 wallGap=6>=2 lastGap=2>=2 → propose1
[Propose] S1 N0 等待 sequenceLock…
[Propose] S1 N0 已持有 sequenceLock，seqID=2 即将 propose1
[propose1] S1 N0 seq=2 Tx_pool.Queue_len=226
left_count: 500
[handleTxFromClient] S1 N0 recv client batch, tx_count=272
[handleTxFromClient] S1 N0 append to Tx_pool.Queue: local_queued=272 forward_other_shard=0 Queue_total_len=272
更新树花时间为: 28
写数据库IO花时间为: 47
编号为 2 的区块已加入本地区块链！curBlock: 
blockHeader: 
[7886c41e223c0c4170012eeac6e221200cf534a588f970720ddbd291f3553a10 6e4fb126cdc7141ba01e371e6495c59480eca1ab8fed997c81fe4127c728e2c5 b3eae5304a4af2b9cc6b19c4b8cae25c818573fb6213a243f59e7e40d0ffc1fb 2 1780902974]
# of transactions: 226
# of TXmig1s: 0
# of In1s: 0
# of Anns: 0
# of NSs: 0
blockHash: 
e8fb895f2cdb27512446b0fa04824636b9cad0d982ede466b631a8abe2eb33fc
[Propose wait] S1 N0 spin=1 epoch=3 now=1780902974 InitTime=1780902968 lastpropose=1780902974 wallGap=6 need>=4 ok1=true lastGap=0 need>=2 ok2=false
[Propose wait] S1 N0 spin=50 epoch=3 now=1780902975 InitTime=1780902968 lastpropose=1780902974 wallGap=7 need>=4 ok1=true lastGap=1 need>=2 ok2=false
[Propose] S1 N0 时间条件满足: epoch=3->4 now=1780902976 InitTime=1780902968 lastpropose=1780902974 wallGap=8>=4 lastGap=2>=2 → propose1
[Propose] S1 N0 等待 sequenceLock…
[Propose] S1 N0 已持有 sequenceLock，seqID=3 即将 propose1
[propose1] S1 N0 seq=3 Tx_pool.Queue_len=285
left_count: 500
[handleTxFromClient] S1 N0 recv client batch, tx_count=177
[handleTxFromClient] S1 N0 append to Tx_pool.Queue: local_queued=177 forward_other_shard=0 Queue_total_len=177
更新树花时间为: 45
写数据库IO花时间为: 55
编号为 3 的区块已加入本地区块链！curBlock: 
blockHeader: 
[e8fb895f2cdb27512446b0fa04824636b9cad0d982ede466b631a8abe2eb33fc fe1b9861f17d836c8b992a48d6fbf02000eeb51e8cb27efd7308e88bf6f35961 e768cf5be80f4e4ce0109c2825dc73271faa8e23bd62c9a0409df6902b64b66a 3 1780902976]
# of transactions: 285
# of TXmig1s: 0
# of In1s: 0
# of Anns: 0
# of NSs: 0
blockHash: 
b7a57fcfe29a99a4063711b53ed64ea4d5bb8d4880fa6e29d3d6eabd8e394e37

第3个块开始准备relay

[Propose wait] S1 N0 spin=1 epoch=4 now=1780902976 InitTime=1780902968 lastpropose=1780902976 wallGap=8 need>=6 ok1=true lastGap=0 need>=2 ok2=false

第3个块结束relay

[Propose wait] S1 N0 spin=50 epoch=4 now=1780902977 InitTime=1780902968 lastpropose=1780902976 wallGap=9 need>=6 ok1=true lastGap=1 need>=2 ok2=false
[Propose] S1 N0 时间条件满足: epoch=4->5 now=1780902978 InitTime=1780902968 lastpropose=1780902976 wallGap=10>=6 lastGap=2>=2 → propose1
[Propose] S1 N0 等待 sequenceLock…
[Propose] S1 N0 已持有 sequenceLock，seqID=4 即将 propose1
[propose1] S1 N0 seq=4 Tx_pool.Queue_len=393
left_count: 500
[handleTxFromClient] S1 N0 recv client batch, tx_count=163
[handleTxFromClient] S1 N0 append to Tx_pool.Queue: local_queued=163 forward_other_shard=0 Queue_total_len=163
更新树花时间为: 52
写数据库IO花时间为: 59
编号为 4 的区块已加入本地区块链！curBlock: 
blockHeader: 
[b7a57fcfe29a99a4063711b53ed64ea4d5bb8d4880fa6e29d3d6eabd8e394e37 21ab9566e5a08e42e06d160e2c4b5fb9564435d051cb5bdc574526da7939ea11 50e7f32a7b6dc5e35502679bce76e18465639ed5b1c00c4ca707d8c96df4b81f 4 1780902978]
# of transactions: 393
# of TXmig1s: 0
# of In1s: 0
# of Anns: 0
# of NSs: 0
blockHash: 
792429c805df288e6d3f8903b726ad5da0ee2dd0dfefaa69166464fe9aac4e96

第4个块开始准备relay

[Propose wait] S1 N0 spin=1 epoch=5 now=1780902978 InitTime=1780902968 lastpropose=1780902978 wallGap=10 need>=8 ok1=true lastGap=0 need>=2 ok2=false

第4个块结束relay

[Propose wait] S1 N0 spin=50 epoch=5 now=1780902979 InitTime=1780902968 lastpropose=1780902978 wallGap=11 need>=8 ok1=true lastGap=1 need>=2 ok2=false
[Propose] S1 N0 时间条件满足: epoch=5->6 now=1780902980 InitTime=1780902968 lastpropose=1780902978 wallGap=12>=8 lastGap=2>=2 → propose1
[Propose] S1 N0 等待 sequenceLock…
[Propose] S1 N0 已持有 sequenceLock，seqID=5 即将 propose1
[propose1] S1 N0 seq=5 Tx_pool.Queue_len=396
left_count: 500
[handleTxFromClient] S1 N0 recv client batch, tx_count=159
[handleTxFromClient] S1 N0 append to Tx_pool.Queue: local_queued=159 forward_other_shard=0 Queue_total_len=159
更新树花时间为: 47
写数据库IO花时间为: 69
编号为 5 的区块已加入本地区块链！curBlock: 
blockHeader: 
[792429c805df288e6d3f8903b726ad5da0ee2dd0dfefaa69166464fe9aac4e96 6c77d2f35508850ac7a5e577bdd3fbf8199f28348eb47161f514d3e985ff44f4 fa057650a52f77320f8a966a6c74b0177dd2ce27b59ed8fec2c7b918874bf858 5 1780902980]
# of transactions: 396
# of TXmig1s: 0
# of In1s: 0
# of Anns: 0
# of NSs: 0
blockHash: 
28600484fe03105eb62e785afbd4e25c06f10bfd001a7998da60bbac2e568446

第5个块开始准备relay

[Propose wait] S1 N0 spin=1 epoch=6 now=1780902980 InitTime=1780902968 lastpropose=1780902980 wallGap=12 need>=10 ok1=true lastGap=0 need>=2 ok2=false

第5个块结束relay

[Propose wait] S1 N0 spin=50 epoch=6 now=1780902981 InitTime=1780902968 lastpropose=1780902980 wallGap=13 need>=10 ok1=true lastGap=1 need>=2 ok2=false
[Propose] S1 N0 时间条件满足: epoch=6->7 now=1780902982 InitTime=1780902968 lastpropose=1780902980 wallGap=14>=10 lastGap=2>=2 → propose1
[Propose] S1 N0 等待 sequenceLock…
[Propose] S1 N0 已持有 sequenceLock，seqID=6 即将 propose1
[propose1] S1 N0 seq=6 Tx_pool.Queue_len=310
left_count: 500
更新树花时间为: 37
写数据库IO花时间为: 66
编号为 6 的区块已加入本地区块链！curBlock: 
blockHeader: 
[28600484fe03105eb62e785afbd4e25c06f10bfd001a7998da60bbac2e568446 fa3a3ad7000a0de03e640fb1ae36bffa9785bf9939e612d391e5e0479290200e 0c8f30d51f023288512bdec13325fe3ce671eca4ed3d12bcbc467c701c6841d3 6 1780902982]
# of transactions: 310
# of TXmig1s: 0
# of In1s: 0
# of Anns: 0
# of NSs: 0
blockHash: 
064df6c4a76d705e5671240cd1c35e77aa3e09f70290322a5dac9e734fb2778b

第6个块开始准备relay

[handleTxFromClient] S1 N0 recv client batch, tx_count=391
[Propose wait] S1 N0 spin=1 epoch=7 now=1780902982 InitTime=1780902968 lastpropose=1780902982 wallGap=14 need>=12 ok1=true lastGap=0 need>=2 ok2=false
[handleTxFromClient] S1 N0 append to Tx_pool.Queue: local_queued=391 forward_other_shard=0 Queue_total_len=391

第6个块结束relay

[Propose wait] S1 N0 spin=50 epoch=7 now=1780902983 InitTime=1780902968 lastpropose=1780902982 wallGap=15 need>=12 ok1=true lastGap=1 need>=2 ok2=false
[Propose] S1 N0 时间条件满足: epoch=7->8 now=1780902984 InitTime=1780902968 lastpropose=1780902982 wallGap=16>=12 lastGap=2>=2 → propose1
[Propose] S1 N0 等待 sequenceLock…
[Propose] S1 N0 已持有 sequenceLock，seqID=7 即将 propose1
[propose1] S1 N0 seq=7 Tx_pool.Queue_len=630
left_count: 500
更新树花时间为: 45
写数据库IO花时间为: 50
编号为 7 的区块已加入本地区块链！curBlock: 
blockHeader: 
[064df6c4a76d705e5671240cd1c35e77aa3e09f70290322a5dac9e734fb2778b b0e36f2d8202930199249d2c51b22fd1b11b7eb102c090df8c3c68e6675d8a4a 1d6ee571ca6d467aee843c2296a4d817ca37ff8f4972f1150afec36d12eda0e9 7 1780902984]
# of transactions: 500
# of TXmig1s: 0
# of In1s: 0
# of Anns: 0
# of NSs: 0
blockHash: 
468a7e0b49bf97d9c8893b9dadcb7a413039dcf036753a9625130b58a5ea5ff2

第7个块开始准备relay

[Propose wait] S1 N0 spin=1 epoch=8 now=1780902984 InitTime=1780902968 lastpropose=1780902984 wallGap=16 need>=14 ok1=true lastGap=0 need>=2 ok2=false
[handleTxFromClient] S1 N0 recv client batch, tx_count=745
[handleTxFromClient] S1 N0 append to Tx_pool.Queue: local_queued=745 forward_other_shard=0 Queue_total_len=875

第7个块结束relay

[Propose wait] S1 N0 spin=50 epoch=8 now=1780902985 InitTime=1780902968 lastpropose=1780902984 wallGap=17 need>=14 ok1=true lastGap=1 need>=2 ok2=false
[Propose] S1 N0 时间条件满足: epoch=8->9 now=1780902986 InitTime=1780902968 lastpropose=1780902984 wallGap=18>=14 lastGap=2>=2 → propose1
[Propose] S1 N0 等待 sequenceLock…
[Propose] S1 N0 已持有 sequenceLock，seqID=8 即将 propose1
[propose1] S1 N0 seq=8 Tx_pool.Queue_len=1101
left_count: 500
更新树花时间为: 34
写数据库IO花时间为: 56
编号为 8 的区块已加入本地区块链！curBlock: 
blockHeader: 
[468a7e0b49bf97d9c8893b9dadcb7a413039dcf036753a9625130b58a5ea5ff2 0a3e63cb29706d9c6f8e8510f439362cd998bed7f026dc9f937c38a5e343fb5c 11812cf79287b2bbf61acb5d55e4a476b18c4dadb7322f5cfc3d27ea1f18fd61 8 1780902986]
# of transactions: 500
# of TXmig1s: 0
# of In1s: 0
# of Anns: 0
# of NSs: 0
blockHash: 
9748d789072be2c809e7b5fa367c98eb30f161fe37117d0008426b02b17a08fc

第8个块开始准备relay

[Propose wait] S1 N0 spin=1 epoch=9 now=1780902986 InitTime=1780902968 lastpropose=1780902986 wallGap=18 need>=16 ok1=true lastGap=0 need>=2 ok2=false
[handleTxFromClient] S1 N0 recv client batch, tx_count=522
[handleTxFromClient] S1 N0 append to Tx_pool.Queue: local_queued=522 forward_other_shard=0 Queue_total_len=1123

第8个块结束relay

[Propose wait] S1 N0 spin=50 epoch=9 now=1780902987 InitTime=1780902968 lastpropose=1780902986 wallGap=19 need>=16 ok1=true lastGap=1 need>=2 ok2=false
[Propose] S1 N0 时间条件满足: epoch=9->10 now=1780902988 InitTime=1780902968 lastpropose=1780902986 wallGap=20>=16 lastGap=2>=2 → propose1
[Propose] S1 N0 等待 sequenceLock…
[Propose] S1 N0 已持有 sequenceLock，seqID=9 即将 propose1
[propose1] S1 N0 seq=9 Tx_pool.Queue_len=1337
left_count: 500
更新树花时间为: 30
写数据库IO花时间为: 42
编号为 9 的区块已加入本地区块链！curBlock: 
blockHeader: 
[9748d789072be2c809e7b5fa367c98eb30f161fe37117d0008426b02b17a08fc 144507fde399ed13a1d2a2579a08e4b41fe0cfe7cff92c5f9cca3c3c9624c016 a938cb98440e407f9bdadea8e44a1da2a1cc8132311d84eaf8043e1d8668df49 9 1780902988]
# of transactions: 500
# of TXmig1s: 0
# of In1s: 0
# of Anns: 0
# of NSs: 0
blockHash: 
7da1936a50a174cdda3ac9700ab1046512aa4340a715f8389703fbce284dade0

第9个块开始准备relay

[Propose wait] S1 N0 spin=1 epoch=10 now=1780902988 InitTime=1780902968 lastpropose=1780902988 wallGap=20 need>=18 ok1=true lastGap=0 need>=2 ok2=false
[handleTxFromClient] S1 N0 recv client batch, tx_count=393
[handleTxFromClient] S1 N0 append to Tx_pool.Queue: local_queued=393 forward_other_shard=0 Queue_total_len=1230

第9个块结束relay

[Propose wait] S1 N0 spin=50 epoch=10 now=1780902989 InitTime=1780902968 lastpropose=1780902988 wallGap=21 need>=18 ok1=true lastGap=1 need>=2 ok2=false
[Propose] S1 N0 时间条件满足: epoch=10->11 now=1780902990 InitTime=1780902968 lastpropose=1780902988 wallGap=22>=18 lastGap=2>=2 → propose1
[Propose] S1 N0 等待 sequenceLock…
[Propose] S1 N0 已持有 sequenceLock，seqID=10 即将 propose1
[propose1] S1 N0 seq=10 Tx_pool.Queue_len=1335
left_count: 500
更新树花时间为: 21
写数据库IO花时间为: 32
编号为 10 的区块已加入本地区块链！curBlock: 
blockHeader: 
[7da1936a50a174cdda3ac9700ab1046512aa4340a715f8389703fbce284dade0 a1c9cc771fb625789af11e2edb777dfab81b918939f889f76a34af742983e90a d5ae044842682564629e358f5411460c09f8dc24f14cd8c12fc82e27f6047ea4 10 1780902990]
# of transactions: 500
# of TXmig1s: 0
# of In1s: 0
# of Anns: 0
# of NSs: 0
blockHash: 
4e649f0f51c6365e45e288b8f1ec51ad4ed25c7dd695c3e05114fba6dd12c152

第10个块开始准备relay

[Propose wait] S1 N0 spin=1 epoch=11 now=1780902990 InitTime=1780902968 lastpropose=1780902990 wallGap=22 need>=20 ok1=true lastGap=0 need>=2 ok2=false
[handleTxFromClient] S1 N0 recv client batch, tx_count=523
[handleTxFromClient] S1 N0 append to Tx_pool.Queue: local_queued=523 forward_other_shard=0 Queue_total_len=1358

第10个块结束relay

[Propose wait] S1 N0 spin=50 epoch=11 now=1780902991 InitTime=1780902968 lastpropose=1780902990 wallGap=23 need>=20 ok1=true lastGap=1 need>=2 ok2=false
[Propose] S1 N0 时间条件满足: epoch=11->12 now=1780902992 InitTime=1780902968 lastpropose=1780902990 wallGap=24>=20 lastGap=2>=2 → propose1
[Propose] S1 N0 等待 sequenceLock…
[Propose] S1 N0 已持有 sequenceLock，seqID=11 即将 propose1
[propose1] S1 N0 seq=11 Tx_pool.Queue_len=1524
left_count: 500
更新树花时间为: 58
写数据库IO花时间为: 70
编号为 11 的区块已加入本地区块链！curBlock: 
blockHeader: 
[4e649f0f51c6365e45e288b8f1ec51ad4ed25c7dd695c3e05114fba6dd12c152 28a98bdca136ff1ffea7b750579766c56752aa925c65de385d0bb03ec6f6f6a2 fd4c18070ebe37037ec162c53c16898b129507222b02386587e3d1acbd0346bb 11 1780902992]
# of transactions: 500
# of TXmig1s: 0
# of In1s: 0
# of Anns: 0
# of NSs: 0
blockHash: 
df389463537959fdd7f15f044b1916231b6eb56f61e942d0176218c56e603f1a

第11个块开始准备relay

[Propose wait] S1 N0 spin=1 epoch=12 now=1780902992 InitTime=1780902968 lastpropose=1780902992 wallGap=24 need>=22 ok1=true lastGap=0 need>=2 ok2=false
[handleTxFromClient] S1 N0 recv client batch, tx_count=249
[handleTxFromClient] S1 N0 append to Tx_pool.Queue: local_queued=249 forward_other_shard=0 Queue_total_len=1273

第11个块结束relay

[Propose wait] S1 N0 spin=50 epoch=12 now=1780902993 InitTime=1780902968 lastpropose=1780902992 wallGap=25 need>=22 ok1=true lastGap=1 need>=2 ok2=false
[Propose] S1 N0 时间条件满足: epoch=12->13 now=1780902994 InitTime=1780902968 lastpropose=1780902992 wallGap=26>=22 lastGap=2>=2 → propose1
[Propose] S1 N0 等待 sequenceLock…
[Propose] S1 N0 已持有 sequenceLock，seqID=12 即将 propose1
[propose1] S1 N0 seq=12 Tx_pool.Queue_len=1450
left_count: 500
更新树花时间为: 25
写数据库IO花时间为: 35
编号为 12 的区块已加入本地区块链！curBlock: 
blockHeader: 
[df389463537959fdd7f15f044b1916231b6eb56f61e942d0176218c56e603f1a 21272254d0083b8f68b90cc2ca727ed4479ffbbc98fbbb12c80ad2f352394b78 b0e8145acd32b9158c98641e5115c35464b678b8ecaa4b52b5ae4922c9f5bec4 12 1780902994]
# of transactions: 500
# of TXmig1s: 0
# of In1s: 0
# of Anns: 0
# of NSs: 0
blockHash: 
dab8fdb10329c0e0a84404d168ca3a11fd08b1d465d4d3da44238d09e809bf02

第12个块开始准备relay

[Propose wait] S1 N0 spin=1 epoch=13 now=1780902994 InitTime=1780902968 lastpropose=1780902994 wallGap=26 need>=24 ok1=true lastGap=0 need>=2 ok2=false
[handleTxFromClient] S1 N0 recv client batch, tx_count=167
[handleTxFromClient] S1 N0 append to Tx_pool.Queue: local_queued=167 forward_other_shard=0 Queue_total_len=1117

第12个块结束relay

[Propose wait] S1 N0 spin=50 epoch=13 now=1780902995 InitTime=1780902968 lastpropose=1780902994 wallGap=27 need>=24 ok1=true lastGap=1 need>=2 ok2=false
[Propose] S1 N0 时间条件满足: epoch=13->14 now=1780902996 InitTime=1780902968 lastpropose=1780902994 wallGap=28>=24 lastGap=2>=2 → propose1
[Propose] S1 N0 等待 sequenceLock…
[Propose] S1 N0 已持有 sequenceLock，seqID=13 即将 propose1
[propose1] S1 N0 seq=13 Tx_pool.Queue_len=1257
left_count: 500
更新树花时间为: 33
写数据库IO花时间为: 44
编号为 13 的区块已加入本地区块链！curBlock: 
blockHeader: 
[dab8fdb10329c0e0a84404d168ca3a11fd08b1d465d4d3da44238d09e809bf02 efdc6070cc2cda19c4f1a40e86e04bea7f7d7ad86ad594038938b65bdec97c07 180c68507778d8289c2c74c4052743a56216f388d7a17d6b88371c62acfd65b6 13 1780902996]
# of transactions: 500
# of TXmig1s: 0
# of In1s: 0
# of Anns: 0
# of NSs: 0
blockHash: 
6d1eda5272e80f923dc9cebe4f9298bb2525b1f619fc175c67816f076aba74e1

第13个块开始准备relay

[Propose wait] S1 N0 spin=1 epoch=14 now=1780902996 InitTime=1780902968 lastpropose=1780902996 wallGap=28 need>=26 ok1=true lastGap=0 need>=2 ok2=false
[handleTxFromClient] S1 N0 recv client batch, tx_count=311
[handleTxFromClient] S1 N0 append to Tx_pool.Queue: local_queued=311 forward_other_shard=0 Queue_total_len=1068

第13个块结束relay

[Propose wait] S1 N0 spin=50 epoch=14 now=1780902997 InitTime=1780902968 lastpropose=1780902996 wallGap=29 need>=26 ok1=true lastGap=1 need>=2 ok2=false
[Propose] S1 N0 时间条件满足: epoch=14->15 now=1780902998 InitTime=1780902968 lastpropose=1780902996 wallGap=30>=26 lastGap=2>=2 → propose1
[Propose] S1 N0 等待 sequenceLock…
[Propose] S1 N0 已持有 sequenceLock，seqID=14 即将 propose1
[propose1] S1 N0 seq=14 Tx_pool.Queue_len=1275
left_count: 500
更新树花时间为: 55
写数据库IO花时间为: 62
编号为 14 的区块已加入本地区块链！curBlock: 
blockHeader: 
[6d1eda5272e80f923dc9cebe4f9298bb2525b1f619fc175c67816f076aba74e1 1626bb0345478257d38a053790c8f2ee1dad3ad25642ab858e9fcee9f0335286 7aa8d91f098877c5f552c8bacce2692d4578d1e1c4442018a42debddd12c239a 14 1780902998]
# of transactions: 500
# of TXmig1s: 0
# of In1s: 0
# of Anns: 0
# of NSs: 0
blockHash: 
907f6938c9134f24df11c70b2834c58af89459ca3205c5449b8aa7d78277fc1b

第14个块开始准备relay

[Propose wait] S1 N0 spin=1 epoch=15 now=1780902998 InitTime=1780902968 lastpropose=1780902998 wallGap=30 need>=28 ok1=true lastGap=0 need>=2 ok2=false
[handleTxFromClient] S1 N0 recv client batch, tx_count=304
[handleTxFromClient] S1 N0 append to Tx_pool.Queue: local_queued=304 forward_other_shard=0 Queue_total_len=1079

第14个块结束relay

[Propose wait] S1 N0 spin=50 epoch=15 now=1780902999 InitTime=1780902968 lastpropose=1780902998 wallGap=31 need>=28 ok1=true lastGap=1 need>=2 ok2=false
[Propose] S1 N0 时间条件满足: epoch=15->16 now=1780903000 InitTime=1780902968 lastpropose=1780902998 wallGap=32>=28 lastGap=2>=2 → propose1
[Propose] S1 N0 等待 sequenceLock…
[Propose] S1 N0 已持有 sequenceLock，seqID=15 即将 propose1
[propose1] S1 N0 seq=15 Tx_pool.Queue_len=1281
left_count: 500
更新树花时间为: 64
写数据库IO花时间为: 70
编号为 15 的区块已加入本地区块链！curBlock: 
blockHeader: 
[907f6938c9134f24df11c70b2834c58af89459ca3205c5449b8aa7d78277fc1b d24367c7445cd9e9134fac50089d09862c169be487e7f5d1dc7bfb4921834986 656d2fde3d933816c795ac2f506eaca39e20d2a79f79ed1c40ade22322f8fde6 15 1780903000]
# of transactions: 500
# of TXmig1s: 0
# of In1s: 0
# of Anns: 0
# of NSs: 0
blockHash: 
5b2794342c98e2f33e7b433cafeaa863778b0eb7f11a2f2918247faa47921901

第15个块开始准备relay

[Propose wait] S1 N0 spin=1 epoch=16 now=1780903000 InitTime=1780902968 lastpropose=1780903000 wallGap=32 need>=30 ok1=true lastGap=0 need>=2 ok2=false
[handleTxFromClient] S1 N0 recv client batch, tx_count=332
[handleTxFromClient] S1 N0 append to Tx_pool.Queue: local_queued=332 forward_other_shard=0 Queue_total_len=1113

第15个块结束relay

[Propose wait] S1 N0 spin=50 epoch=16 now=1780903001 InitTime=1780902968 lastpropose=1780903000 wallGap=33 need>=30 ok1=true lastGap=1 need>=2 ok2=false
[Propose] S1 N0 时间条件满足: epoch=16->17 now=1780903002 InitTime=1780902968 lastpropose=1780903000 wallGap=34>=30 lastGap=2>=2 → propose1
[Propose] S1 N0 等待 sequenceLock…
[Propose] S1 N0 已持有 sequenceLock，seqID=16 即将 propose1
[propose1] S1 N0 seq=16 Tx_pool.Queue_len=1285
left_count: 500
更新树花时间为: 47
写数据库IO花时间为: 58
编号为 16 的区块已加入本地区块链！curBlock: 
blockHeader: 
[5b2794342c98e2f33e7b433cafeaa863778b0eb7f11a2f2918247faa47921901 4a1a59e2d717337a12c0ac41e59566eafe1e237556902ab926f65cc0021dff91 0c33b52545dd12e401ad7737bcd040685ca5e033e2c4f890bd4daa988941a09d 16 1780903002]
# of transactions: 500
# of TXmig1s: 0
# of In1s: 0
# of Anns: 0
# of NSs: 0
blockHash: 
cdbcd5f89c40e3575049767f3e3e96f079302f97cfe15cecdc1f9d1ab678302a

第16个块开始准备relay

[Propose wait] S1 N0 spin=1 epoch=17 now=1780903002 InitTime=1780902968 lastpropose=1780903002 wallGap=34 need>=32 ok1=true lastGap=0 need>=2 ok2=false
[handleTxFromClient] S1 N0 recv client batch, tx_count=311
[handleTxFromClient] S1 N0 append to Tx_pool.Queue: local_queued=311 forward_other_shard=0 Queue_total_len=1096

第16个块结束relay

[Propose wait] S1 N0 spin=50 epoch=17 now=1780903003 InitTime=1780902968 lastpropose=1780903002 wallGap=35 need>=32 ok1=true lastGap=1 need>=2 ok2=false
[Propose] S1 N0 时间条件满足: epoch=17->18 now=1780903004 InitTime=1780902968 lastpropose=1780903002 wallGap=36>=32 lastGap=2>=2 → propose1
[Propose] S1 N0 等待 sequenceLock…
[Propose] S1 N0 已持有 sequenceLock，seqID=17 即将 propose1
[propose1] S1 N0 seq=17 Tx_pool.Queue_len=1337
left_count: 500
更新树花时间为: 37
写数据库IO花时间为: 47
编号为 17 的区块已加入本地区块链！curBlock: 
blockHeader: 
[cdbcd5f89c40e3575049767f3e3e96f079302f97cfe15cecdc1f9d1ab678302a 0a75072d01ad0200e5d884790f77eb2b85435cd422329f59b50a8ee614ff5b14 24d27e89f50198e68665589ffb38df1f15c6d536d9355ec28c8b1ca83e4dcf57 17 1780903004]
# of transactions: 500
# of TXmig1s: 0
# of In1s: 0
# of Anns: 0
# of NSs: 0
blockHash: 
533899d3b29d462100fba0eec442dee80bc64e88ef9bf66a7bf3eaa6c7b18666

第17个块开始准备relay

[Propose wait] S1 N0 spin=1 epoch=18 now=1780903004 InitTime=1780902968 lastpropose=1780903004 wallGap=36 need>=34 ok1=true lastGap=0 need>=2 ok2=false
[handleTxFromClient] S1 N0 recv client batch, tx_count=634
[handleTxFromClient] S1 N0 append to Tx_pool.Queue: local_queued=634 forward_other_shard=0 Queue_total_len=1471

第17个块结束relay

[Propose wait] S1 N0 spin=50 epoch=18 now=1780903005 InitTime=1780902968 lastpropose=1780903004 wallGap=37 need>=34 ok1=true lastGap=1 need>=2 ok2=false
[Propose] S1 N0 时间条件满足: epoch=18->19 now=1780903006 InitTime=1780902968 lastpropose=1780903004 wallGap=38>=34 lastGap=2>=2 → propose1
[Propose] S1 N0 等待 sequenceLock…
[Propose] S1 N0 已持有 sequenceLock，seqID=18 即将 propose1
[propose1] S1 N0 seq=18 Tx_pool.Queue_len=1627
left_count: 500
更新树花时间为: 54
写数据库IO花时间为: 67
编号为 18 的区块已加入本地区块链！curBlock: 
blockHeader: 
[533899d3b29d462100fba0eec442dee80bc64e88ef9bf66a7bf3eaa6c7b18666 da7d81b5f16cb006b666e0a8a5d7a51c50f483e732a58554f756579956ca392f 07ec97e6cdb319b268f8fcb75bac20c70ba01f2f8709917283eb62b64556d11e 18 1780903006]
# of transactions: 500
# of TXmig1s: 0
# of In1s: 0
# of Anns: 0
# of NSs: 0
blockHash: 
34dc11cef63ebb029c1b428901f9dab662786f4fd77ff02053b2f938521210c7

第18个块开始准备relay

[Propose wait] S1 N0 spin=1 epoch=19 now=1780903006 InitTime=1780902968 lastpropose=1780903006 wallGap=38 need>=36 ok1=true lastGap=0 need>=2 ok2=false
[handleTxFromClient] S1 N0 recv client batch, tx_count=633
[handleTxFromClient] S1 N0 append to Tx_pool.Queue: local_queued=633 forward_other_shard=0 Queue_total_len=1760

第18个块结束relay

[Propose wait] S1 N0 spin=50 epoch=19 now=1780903007 InitTime=1780902968 lastpropose=1780903006 wallGap=39 need>=36 ok1=true lastGap=1 need>=2 ok2=false
[Propose] S1 N0 时间条件满足: epoch=19->20 now=1780903008 InitTime=1780902968 lastpropose=1780903006 wallGap=40>=36 lastGap=2>=2 → propose1
[Propose] S1 N0 等待 sequenceLock…
[Propose] S1 N0 已持有 sequenceLock，seqID=19 即将 propose1
[propose1] S1 N0 seq=19 Tx_pool.Queue_len=1935
left_count: 500
更新树花时间为: 39
写数据库IO花时间为: 49
编号为 19 的区块已加入本地区块链！curBlock: 
blockHeader: 
[34dc11cef63ebb029c1b428901f9dab662786f4fd77ff02053b2f938521210c7 2301f1be1cc8aa71cbe86cff5c694620e4abc253c2b14b4c292ac9613202c1c8 cfe36b9512d18c16af791d3d9ac64c52581f5261aea1a4fef18541bf582be857 19 1780903008]
# of transactions: 500
# of TXmig1s: 0
# of In1s: 0
# of Anns: 0
# of NSs: 0
blockHash: 
82d47b62ff461c8d9091a0bc76ebd54e064a019ea4ba94f3a2904f1912f32f93

第19个块开始准备relay

[Propose wait] S1 N0 spin=1 epoch=20 now=1780903008 InitTime=1780902968 lastpropose=1780903008 wallGap=40 need>=38 ok1=true lastGap=0 need>=2 ok2=false
[handleTxFromClient] S1 N0 recv client batch, tx_count=245
[handleTxFromClient] S1 N0 append to Tx_pool.Queue: local_queued=245 forward_other_shard=0 Queue_total_len=1680

第19个块结束relay

[Propose wait] S1 N0 spin=50 epoch=20 now=1780903009 InitTime=1780902968 lastpropose=1780903008 wallGap=41 need>=38 ok1=true lastGap=1 need>=2 ok2=false
[Propose] S1 N0 时间条件满足: epoch=20->21 now=1780903010 InitTime=1780902968 lastpropose=1780903008 wallGap=42>=38 lastGap=2>=2 → propose1
[Propose] S1 N0 等待 sequenceLock…
[Propose] S1 N0 已持有 sequenceLock，seqID=20 即将 propose1
[propose1] S1 N0 seq=20 Tx_pool.Queue_len=1843
left_count: 500
更新树花时间为: 20
写数据库IO花时间为: 25
编号为 20 的区块已加入本地区块链！curBlock: 
blockHeader: 
[82d47b62ff461c8d9091a0bc76ebd54e064a019ea4ba94f3a2904f1912f32f93 1e76eebc84236785af22242b9f2239a1567bf3cbe49ca29e1ffe0925af3847b8 8fb4c32b41fd1dbae9d8d315eb91bfb458cc4558ef3c991a7de1211dc5cf3860 20 1780903010]
# of transactions: 500
# of TXmig1s: 0
# of In1s: 0
# of Anns: 0
# of NSs: 0
blockHash: 
33c9da853e041ec938ecd58cc42d2ccb0c5aea6a497e774b145db43227a686ac

第20个块开始准备relay

[Propose wait] S1 N0 spin=1 epoch=21 now=1780903010 InitTime=1780902968 lastpropose=1780903010 wallGap=42 need>=40 ok1=true lastGap=0 need>=2 ok2=false
[handleTxFromClient] S1 N0 recv client batch, tx_count=753
[handleTxFromClient] S1 N0 append to Tx_pool.Queue: local_queued=753 forward_other_shard=0 Queue_total_len=2096

第20个块结束relay

[Propose wait] S1 N0 spin=50 epoch=21 now=1780903011 InitTime=1780902968 lastpropose=1780903010 wallGap=43 need>=40 ok1=true lastGap=1 need>=2 ok2=false
[Propose] S1 N0 时间条件满足: epoch=21->22 now=1780903012 InitTime=1780902968 lastpropose=1780903010 wallGap=44>=40 lastGap=2>=2 → propose1
[Propose] S1 N0 等待 sequenceLock…
[Propose] S1 N0 已持有 sequenceLock，seqID=21 即将 propose1
[propose1] S1 N0 seq=21 Tx_pool.Queue_len=2356
left_count: 500
更新树花时间为: 26
写数据库IO花时间为: 46
编号为 21 的区块已加入本地区块链！curBlock: 
blockHeader: 
[33c9da853e041ec938ecd58cc42d2ccb0c5aea6a497e774b145db43227a686ac 80d2a03212182dd24ca197608be457596039ee266d4bb2bb1c538a6cf302b394 2c0ca878bccebffe220ecc5707c555c4f727d823e4c868c8663b12641185ea39 21 1780903012]
# of transactions: 500
# of TXmig1s: 0
# of In1s: 0
# of Anns: 0
# of NSs: 0
blockHash: 
f29a2543bb2fbeed0367edc505a3967b9dca4882ccd7d8d01f5690c649657b5c

第21个块开始准备relay

[Propose wait] S1 N0 spin=1 epoch=22 now=1780903012 InitTime=1780902968 lastpropose=1780903012 wallGap=44 need>=42 ok1=true lastGap=0 need>=2 ok2=false
本节点已接收到client发来准备迁移通知
本节点已将 pending 发送到 client（1856 笔）
[handleTxFromClient] S1 N0 recv client batch, tx_count=775
[handleTxFromClient] S1 N0 append to Tx_pool.Queue: local_queued=775 forward_other_shard=0 Queue_total_len=2631

第21个块结束relay

本节点已接收到客户端发送的新映射
[Propose wait] S1 N0 spin=50 epoch=22 now=1780903013 InitTime=1780902968 lastpropose=1780903012 wallGap=45 need>=42 ok1=true lastGap=1 need>=2 ok2=false
[Propose] S1 N0 时间条件满足: epoch=22->23 now=1780903014 InitTime=1780902968 lastpropose=1780903012 wallGap=46>=42 lastGap=2>=2 → propose1
[Propose] S1 N0 等待 sequenceLock…
[Propose] S1 N0 已持有 sequenceLock，seqID=22 即将 propose1
[propose1] S1 N0 seq=22 Tx_pool.Queue_len=2757
left_count: 200
更新树花时间为: 49
写数据库IO花时间为: 65
编号为 22 的区块已加入本地区块链！curBlock: 
blockHeader: 
[f29a2543bb2fbeed0367edc505a3967b9dca4882ccd7d8d01f5690c649657b5c 0d1b7917fd5f5cddc6a1594c0ca437283c33944ba3c4be577cfd03ef8aaef7ae 6fcd634e003e67a8f321d286a68d54fb09367a749d6d15c3d6cb23a1636c4504 22 1780903014]
# of transactions: 200
# of TXmig1s: 300
# of In1s: 0
# of Anns: 0
# of NSs: 0
blockHash: 
ef5d350725bb18eabe6dda75e2da255dc12b1d5bc78af60b4004a6880f0f8871

第22个块开始准备relay

[Propose wait] S1 N0 spin=1 epoch=23 now=1780903014 InitTime=1780902968 lastpropose=1780903014 wallGap=46 need>=44 ok1=true lastGap=0 need>=2 ok2=false
[SyncLog] write ok shard=S1 node=N0 event=recv mode=delta count=1
[MVSS-Delta] S1 收到分片 S0 的 TXsyncDelta，条数=3
[MVSS-Delta] S1 已获取 sequenceLock，开始处理 delta
[MVSS-Delta] 目标片 S1 暂存 delta 账户 9e9ff119553d7ad5d40d1cd4c39aba4901955470 [1,2)（MigCtx 未就绪）
[MVSS-Delta] S1 暂存 delta 账户 9e9ff119553d7ad5d40d1cd4c39aba4901955470（尚无 MigCtx）
[MVSS-Delta] 目标片 S1 暂存 delta 账户 f341cafc9ba3d91ef98c9ef811170c1c5f1ef28e [0,1)（MigCtx 未就绪）
[MVSS-Delta] S1 暂存 delta 账户 f341cafc9ba3d91ef98c9ef811170c1c5f1ef28e（尚无 MigCtx）
[MVSS-Delta] 目标片 S1 暂存 delta 账户 96904d8c1f1c88dfb6cfba916396bf4beabcf454 [0,1)（MigCtx 未就绪）
[MVSS-Delta] S1 暂存 delta 账户 96904d8c1f1c88dfb6cfba916396bf4beabcf454（尚无 MigCtx）

第22个块结束relay

[handleTxFromClient] S1 N0 recv client batch, tx_count=770
[handleTxFromClient] S1 N0 recv client batch, tx_count=1
[handleTxFromClient] S1 N0 append to Tx_pool.Queue: local_queued=0 forward_other_shard=0 Queue_total_len=2596
[handleTxFromClient] S1 N0 append to Tx_pool.Queue: local_queued=769 forward_other_shard=0 Queue_total_len=3365
[handleTxFromClient] S1 N0 recv client batch, tx_count=1
[handleTxFromClient] S1 N0 append to Tx_pool.Queue: local_queued=0 forward_other_shard=0 Queue_total_len=3365
[handleTxFromClient] S1 N0 recv client batch, tx_count=1
[handleTxFromClient] S1 N0 append to Tx_pool.Queue: local_queued=0 forward_other_shard=0 Queue_total_len=3365
[handleTxFromClient] S1 N0 recv client batch, tx_count=1
[handleTxFromClient] S1 N0 append to Tx_pool.Queue: local_queued=0 forward_other_shard=0 Queue_total_len=3365
[handleTxFromClient] S1 N0 recv client batch, tx_count=1
[handleTxFromClient] S1 N0 append to Tx_pool.Queue: local_queued=0 forward_other_shard=0 Queue_total_len=3365
[handleTxFromClient] S1 N0 recv client batch, tx_count=1
[handleTxFromClient] S1 N0 append to Tx_pool.Queue: local_queued=0 forward_other_shard=0 Queue_total_len=3365
[handleTxFromClient] S1 N0 recv client batch, tx_count=1
[handleTxFromClient] S1 N0 append to Tx_pool.Queue: local_queued=0 forward_other_shard=0 Queue_total_len=3365
[handleTxFromClient] S1 N0 recv client batch, tx_count=1
[handleTxFromClient] S1 N0 append to Tx_pool.Queue: local_queued=0 forward_other_shard=0 Queue_total_len=3365
[handleTxFromClient] S1 N0 recv client batch, tx_count=1
[handleTxFromClient] S1 N0 append to Tx_pool.Queue: local_queued=0 forward_other_shard=0 Queue_total_len=3365
[handleTxFromClient] S1 N0 recv client batch, tx_count=1
[handleTxFromClient] S1 N0 append to Tx_pool.Queue: local_queued=0 forward_other_shard=0 Queue_total_len=3365
[handleTxFromClient] S1 N0 recv client batch, tx_count=1
[handleTxFromClient] S1 N0 append to Tx_pool.Queue: local_queued=0 forward_other_shard=0 Queue_total_len=3365
[handleTxFromClient] S1 N0 recv client batch, tx_count=1
[handleTxFromClient] S1 N0 append to Tx_pool.Queue: local_queued=0 forward_other_shard=0 Queue_total_len=3365
[handleTxFromClient] S1 N0 recv client batch, tx_count=1
[handleTxFromClient] S1 N0 append to Tx_pool.Queue: local_queued=0 forward_other_shard=0 Queue_total_len=3365
[handleTxFromClient] S1 N0 recv client batch, tx_count=1
[handleTxFromClient] S1 N0 append to Tx_pool.Queue: local_queued=0 forward_other_shard=0 Queue_total_len=3365
[handleTxFromClient] S1 N0 recv client batch, tx_count=1
[handleTxFromClient] S1 N0 append to Tx_pool.Queue: local_queued=0 forward_other_shard=0 Queue_total_len=3365
[handleTxFromClient] S1 N0 recv client batch, tx_count=1
[handleTxFromClient] S1 N0 append to Tx_pool.Queue: local_queued=0 forward_other_shard=0 Queue_total_len=3365
[handleTxFromClient] S1 N0 recv client batch, tx_count=1
[handleTxFromClient] S1 N0 append to Tx_pool.Queue: local_queued=0 forward_other_shard=0 Queue_total_len=3365
[handleTxFromClient] S1 N0 recv client batch, tx_count=1
[handleTxFromClient] S1 N0 append to Tx_pool.Queue: local_queued=0 forward_other_shard=0 Queue_total_len=3365
[handleTxFromClient] S1 N0 recv client batch, tx_count=1
[handleTxFromClient] S1 N0 append to Tx_pool.Queue: local_queued=0 forward_other_shard=0 Queue_total_len=3365
[handleTxFromClient] S1 N0 recv client batch, tx_count=1
[handleTxFromClient] S1 N0 append to Tx_pool.Queue: local_queued=0 forward_other_shard=0 Queue_total_len=3365
[handleTxFromClient] S1 N0 recv client batch, tx_count=1
[handleTxFromClient] S1 N0 append to Tx_pool.Queue: local_queued=0 forward_other_shard=0 Queue_total_len=3365
[handleTxFromClient] S1 N0 recv client batch, tx_count=1
[handleTxFromClient] S1 N0 append to Tx_pool.Queue: local_queued=0 forward_other_shard=0 Queue_total_len=3365
[handleTxFromClient] S1 N0 recv client batch, tx_count=1
[handleTxFromClient] S1 N0 append to Tx_pool.Queue: local_queued=0 forward_other_shard=0 Queue_total_len=3365
[handleTxFromClient] S1 N0 recv client batch, tx_count=1
[handleTxFromClient] S1 N0 append to Tx_pool.Queue: local_queued=0 forward_other_shard=0 Queue_total_len=3365
[handleTxFromClient] S1 N0 recv client batch, tx_count=1
[handleTxFromClient] S1 N0 append to Tx_pool.Queue: local_queued=0 forward_other_shard=0 Queue_total_len=3365
[handleTxFromClient] S1 N0 recv client batch, tx_count=1
[handleTxFromClient] S1 N0 append to Tx_pool.Queue: local_queued=0 forward_other_shard=0 Queue_total_len=3365
[handleTxFromClient] S1 N0 recv client batch, tx_count=1
[handleTxFromClient] S1 N0 append to Tx_pool.Queue: local_queued=0 forward_other_shard=0 Queue_total_len=3365
[handleTxFromClient] S1 N0 recv client batch, tx_count=1
[handleTxFromClient] S1 N0 append to Tx_pool.Queue: local_queued=0 forward_other_shard=0 Queue_total_len=3365
[handleTxFromClient] S1 N0 recv client batch, tx_count=1
[handleTxFromClient] S1 N0 append to Tx_pool.Queue: local_queued=0 forward_other_shard=0 Queue_total_len=3365
[handleTxFromClient] S1 N0 recv client batch, tx_count=1
[handleTxFromClient] S1 N0 append to Tx_pool.Queue: local_queued=0 forward_other_shard=0 Queue_total_len=3365
[handleTxFromClient] S1 N0 recv client batch, tx_count=1
[handleTxFromClient] S1 N0 append to Tx_pool.Queue: local_queued=0 forward_other_shard=0 Queue_total_len=3365
[handleTxFromClient] S1 N0 recv client batch, tx_count=1
[handleTxFromClient] S1 N0 append to Tx_pool.Queue: local_queued=0 forward_other_shard=0 Queue_total_len=3365
[handleTxFromClient] S1 N0 recv client batch, tx_count=1
[handleTxFromClient] S1 N0 append to Tx_pool.Queue: local_queued=0 forward_other_shard=0 Queue_total_len=3365
[handleTxFromClient] S1 N0 recv client batch, tx_count=1
[handleTxFromClient] S1 N0 append to Tx_pool.Queue: local_queued=0 forward_other_shard=0 Queue_total_len=3365
[handleTxFromClient] S1 N0 recv client batch, tx_count=1
[handleTxFromClient] S1 N0 append to Tx_pool.Queue: local_queued=0 forward_other_shard=0 Queue_total_len=3365
[handleTxFromClient] S1 N0 recv client batch, tx_count=1
[handleTxFromClient] S1 N0 append to Tx_pool.Queue: local_queued=0 forward_other_shard=0 Queue_total_len=3365
[handleTxFromClient] S1 N0 recv client batch, tx_count=1
[handleTxFromClient] S1 N0 append to Tx_pool.Queue: local_queued=0 forward_other_shard=0 Queue_total_len=3365
[handleTxFromClient] S1 N0 recv client batch, tx_count=1
[handleTxFromClient] S1 N0 append to Tx_pool.Queue: local_queued=0 forward_other_shard=0 Queue_total_len=3365
[handleTxFromClient] S1 N0 recv client batch, tx_count=1
[handleTxFromClient] S1 N0 append to Tx_pool.Queue: local_queued=0 forward_other_shard=0 Queue_total_len=3365
[handleTxFromClient] S1 N0 recv client batch, tx_count=1
[handleTxFromClient] S1 N0 append to Tx_pool.Queue: local_queued=0 forward_other_shard=0 Queue_total_len=3365
[handleTxFromClient] S1 N0 recv client batch, tx_count=1
[handleTxFromClient] S1 N0 append to Tx_pool.Queue: local_queued=0 forward_other_shard=0 Queue_total_len=3365
[handleTxFromClient] S1 N0 recv client batch, tx_count=1
[handleTxFromClient] S1 N0 append to Tx_pool.Queue: local_queued=0 forward_other_shard=0 Queue_total_len=3365
[handleTxFromClient] S1 N0 recv client batch, tx_count=1
[handleTxFromClient] S1 N0 append to Tx_pool.Queue: local_queued=0 forward_other_shard=0 Queue_total_len=3365
[handleTxFromClient] S1 N0 recv client batch, tx_count=1
[handleTxFromClient] S1 N0 append to Tx_pool.Queue: local_queued=0 forward_other_shard=0 Queue_total_len=3365
[handleTxFromClient] S1 N0 recv client batch, tx_count=1
[handleTxFromClient] S1 N0 append to Tx_pool.Queue: local_queued=0 forward_other_shard=0 Queue_total_len=3365
[handleTxFromClient] S1 N0 recv client batch, tx_count=1
[handleTxFromClient] S1 N0 append to Tx_pool.Queue: local_queued=0 forward_other_shard=0 Queue_total_len=3365
[handleTxFromClient] S1 N0 recv client batch, tx_count=1
[handleTxFromClient] S1 N0 append to Tx_pool.Queue: local_queued=0 forward_other_shard=0 Queue_total_len=3365
[handleTxFromClient] S1 N0 recv client batch, tx_count=1
[handleTxFromClient] S1 N0 append to Tx_pool.Queue: local_queued=0 forward_other_shard=0 Queue_total_len=3365
[handleTxFromClient] S1 N0 recv client batch, tx_count=1
[handleTxFromClient] S1 N0 append to Tx_pool.Queue: local_queued=0 forward_other_shard=0 Queue_total_len=3365
[handleTxFromClient] S1 N0 recv client batch, tx_count=1
[handleTxFromClient] S1 N0 append to Tx_pool.Queue: local_queued=0 forward_other_shard=0 Queue_total_len=3365
[handleTxFromClient] S1 N0 recv client batch, tx_count=1
[handleTxFromClient] S1 N0 append to Tx_pool.Queue: local_queued=0 forward_other_shard=0 Queue_total_len=3365
[handleTxFromClient] S1 N0 recv client batch, tx_count=1
[handleTxFromClient] S1 N0 append to Tx_pool.Queue: local_queued=0 forward_other_shard=0 Queue_total_len=3365
[handleTxFromClient] S1 N0 recv client batch, tx_count=1
[handleTxFromClient] S1 N0 append to Tx_pool.Queue: local_queued=0 forward_other_shard=0 Queue_total_len=3365
[handleTxFromClient] S1 N0 recv client batch, tx_count=1
[handleTxFromClient] S1 N0 append to Tx_pool.Queue: local_queued=0 forward_other_shard=0 Queue_total_len=3365
[handleTxFromClient] S1 N0 recv client batch, tx_count=1
[handleTxFromClient] S1 N0 append to Tx_pool.Queue: local_queued=0 forward_other_shard=0 Queue_total_len=3365
[handleTxFromClient] S1 N0 recv client batch, tx_count=1
[handleTxFromClient] S1 N0 append to Tx_pool.Queue: local_queued=0 forward_other_shard=0 Queue_total_len=3365
[handleTxFromClient] S1 N0 recv client batch, tx_count=1
[handleTxFromClient] S1 N0 append to Tx_pool.Queue: local_queued=0 forward_other_shard=0 Queue_total_len=3365
[handleTxFromClient] S1 N0 recv client batch, tx_count=1
[handleTxFromClient] S1 N0 append to Tx_pool.Queue: local_queued=0 forward_other_shard=0 Queue_total_len=3365
[handleTxFromClient] S1 N0 recv client batch, tx_count=1
[handleTxFromClient] S1 N0 append to Tx_pool.Queue: local_queued=0 forward_other_shard=0 Queue_total_len=3365
[handleTxFromClient] S1 N0 recv client batch, tx_count=1
[handleTxFromClient] S1 N0 append to Tx_pool.Queue: local_queued=0 forward_other_shard=0 Queue_total_len=3365
[handleTxFromClient] S1 N0 recv client batch, tx_count=1
[handleTxFromClient] S1 N0 append to Tx_pool.Queue: local_queued=0 forward_other_shard=0 Queue_total_len=3365
[handleTxFromClient] S1 N0 recv client batch, tx_count=1
[handleTxFromClient] S1 N0 append to Tx_pool.Queue: local_queued=0 forward_other_shard=0 Queue_total_len=3365
[handleTxFromClient] S1 N0 recv client batch, tx_count=1
[handleTxFromClient] S1 N0 append to Tx_pool.Queue: local_queued=0 forward_other_shard=0 Queue_total_len=3365
[handleTxFromClient] S1 N0 recv client batch, tx_count=1
[handleTxFromClient] S1 N0 append to Tx_pool.Queue: local_queued=0 forward_other_shard=0 Queue_total_len=3365
[handleTxFromClient] S1 N0 recv client batch, tx_count=1
[handleTxFromClient] S1 N0 append to Tx_pool.Queue: local_queued=0 forward_other_shard=0 Queue_total_len=3365
[handleTxFromClient] S1 N0 recv client batch, tx_count=1
[handleTxFromClient] S1 N0 append to Tx_pool.Queue: local_queued=0 forward_other_shard=0 Queue_total_len=3365
[handleTxFromClient] S1 N0 recv client batch, tx_count=1
[handleTxFromClient] S1 N0 append to Tx_pool.Queue: local_queued=0 forward_other_shard=0 Queue_total_len=3365
[handleTxFromClient] S1 N0 recv client batch, tx_count=1
[handleTxFromClient] S1 N0 append to Tx_pool.Queue: local_queued=0 forward_other_shard=0 Queue_total_len=3365
[handleTxFromClient] S1 N0 recv client batch, tx_count=1
[handleTxFromClient] S1 N0 append to Tx_pool.Queue: local_queued=0 forward_other_shard=0 Queue_total_len=3365
[handleTxFromClient] S1 N0 recv client batch, tx_count=1
[handleTxFromClient] S1 N0 append to Tx_pool.Queue: local_queued=0 forward_other_shard=0 Queue_total_len=3365
[handleTxFromClient] S1 N0 recv client batch, tx_count=1
[handleTxFromClient] S1 N0 append to Tx_pool.Queue: local_queued=0 forward_other_shard=0 Queue_total_len=3365
[handleTxFromClient] S1 N0 recv client batch, tx_count=1
[handleTxFromClient] S1 N0 append to Tx_pool.Queue: local_queued=0 forward_other_shard=0 Queue_total_len=3365
[handleTxFromClient] S1 N0 recv client batch, tx_count=1
[handleTxFromClient] S1 N0 append to Tx_pool.Queue: local_queued=0 forward_other_shard=0 Queue_total_len=3365
[handleTxFromClient] S1 N0 recv client batch, tx_count=1
[handleTxFromClient] S1 N0 append to Tx_pool.Queue: local_queued=0 forward_other_shard=0 Queue_total_len=3365
[handleTxFromClient] S1 N0 recv client batch, tx_count=1
[handleTxFromClient] S1 N0 append to Tx_pool.Queue: local_queued=0 forward_other_shard=0 Queue_total_len=3365
[handleTxFromClient] S1 N0 recv client batch, tx_count=1
[handleTxFromClient] S1 N0 append to Tx_pool.Queue: local_queued=0 forward_other_shard=0 Queue_total_len=3365
[handleTxFromClient] S1 N0 recv client batch, tx_count=1
[handleTxFromClient] S1 N0 append to Tx_pool.Queue: local_queued=0 forward_other_shard=0 Queue_total_len=3365
[handleTxFromClient] S1 N0 recv client batch, tx_count=1
[handleTxFromClient] S1 N0 append to Tx_pool.Queue: local_queued=0 forward_other_shard=0 Queue_total_len=3365
[handleTxFromClient] S1 N0 recv client batch, tx_count=1
[handleTxFromClient] S1 N0 append to Tx_pool.Queue: local_queued=0 forward_other_shard=0 Queue_total_len=3365
[handleTxFromClient] S1 N0 recv client batch, tx_count=1
[handleTxFromClient] S1 N0 append to Tx_pool.Queue: local_queued=0 forward_other_shard=0 Queue_total_len=3365
[handleTxFromClient] S1 N0 recv client batch, tx_count=1
[handleTxFromClient] S1 N0 append to Tx_pool.Queue: local_queued=0 forward_other_shard=0 Queue_total_len=3365
[handleTxFromClient] S1 N0 recv client batch, tx_count=1
[handleTxFromClient] S1 N0 append to Tx_pool.Queue: local_queued=0 forward_other_shard=0 Queue_total_len=3365
[handleTxFromClient] S1 N0 recv client batch, tx_count=1
[handleTxFromClient] S1 N0 append to Tx_pool.Queue: local_queued=0 forward_other_shard=0 Queue_total_len=3365
[handleTxFromClient] S1 N0 recv client batch, tx_count=1
[handleTxFromClient] S1 N0 append to Tx_pool.Queue: local_queued=0 forward_other_shard=0 Queue_total_len=3365
[handleTxFromClient] S1 N0 recv client batch, tx_count=1
[handleTxFromClient] S1 N0 append to Tx_pool.Queue: local_queued=0 forward_other_shard=0 Queue_total_len=3365
[handleTxFromClient] S1 N0 recv client batch, tx_count=1
[handleTxFromClient] S1 N0 append to Tx_pool.Queue: local_queued=0 forward_other_shard=0 Queue_total_len=3365
[handleTxFromClient] S1 N0 recv client batch, tx_count=1
[handleTxFromClient] S1 N0 append to Tx_pool.Queue: local_queued=0 forward_other_shard=0 Queue_total_len=3365
[handleTxFromClient] S1 N0 recv client batch, tx_count=1
[handleTxFromClient] S1 N0 append to Tx_pool.Queue: local_queued=0 forward_other_shard=0 Queue_total_len=3365
[handleTxFromClient] S1 N0 recv client batch, tx_count=1
[handleTxFromClient] S1 N0 append to Tx_pool.Queue: local_queued=0 forward_other_shard=0 Queue_total_len=3365
[handleTxFromClient] S1 N0 recv client batch, tx_count=1
[handleTxFromClient] S1 N0 append to Tx_pool.Queue: local_queued=0 forward_other_shard=0 Queue_total_len=3365
[handleTxFromClient] S1 N0 recv client batch, tx_count=1
[handleTxFromClient] S1 N0 append to Tx_pool.Queue: local_queued=0 forward_other_shard=0 Queue_total_len=3365
[handleTxFromClient] S1 N0 recv client batch, tx_count=1
[handleTxFromClient] S1 N0 append to Tx_pool.Queue: local_queued=0 forward_other_shard=0 Queue_total_len=3365
[handleTxFromClient] S1 N0 recv client batch, tx_count=1
[handleTxFromClient] S1 N0 append to Tx_pool.Queue: local_queued=0 forward_other_shard=0 Queue_total_len=3365
[handleTxFromClient] S1 N0 recv client batch, tx_count=1
[handleTxFromClient] S1 N0 append to Tx_pool.Queue: local_queued=0 forward_other_shard=0 Queue_total_len=3365
[handleTxFromClient] S1 N0 recv client batch, tx_count=1
[handleTxFromClient] S1 N0 append to Tx_pool.Queue: local_queued=0 forward_other_shard=0 Queue_total_len=3365
[handleTxFromClient] S1 N0 recv client batch, tx_count=1
[handleTxFromClient] S1 N0 append to Tx_pool.Queue: local_queued=0 forward_other_shard=0 Queue_total_len=3365
[handleTxFromClient] S1 N0 recv client batch, tx_count=1
[handleTxFromClient] S1 N0 append to Tx_pool.Queue: local_queued=0 forward_other_shard=0 Queue_total_len=3365
[handleTxFromClient] S1 N0 recv client batch, tx_count=1
[handleTxFromClient] S1 N0 append to Tx_pool.Queue: local_queued=0 forward_other_shard=0 Queue_total_len=3365
[handleTxFromClient] S1 N0 recv client batch, tx_count=1
[handleTxFromClient] S1 N0 append to Tx_pool.Queue: local_queued=0 forward_other_shard=0 Queue_total_len=3365
[handleTxFromClient] S1 N0 recv client batch, tx_count=1
[handleTxFromClient] S1 N0 append to Tx_pool.Queue: local_queued=0 forward_other_shard=0 Queue_total_len=3365
[handleTxFromClient] S1 N0 recv client batch, tx_count=1
[handleTxFromClient] S1 N0 append to Tx_pool.Queue: local_queued=0 forward_other_shard=0 Queue_total_len=3365
[handleTxFromClient] S1 N0 recv client batch, tx_count=1
[handleTxFromClient] S1 N0 append to Tx_pool.Queue: local_queued=0 forward_other_shard=0 Queue_total_len=3365
[handleTxFromClient] S1 N0 recv client batch, tx_count=1
[handleTxFromClient] S1 N0 append to Tx_pool.Queue: local_queued=0 forward_other_shard=0 Queue_total_len=3365
[handleTxFromClient] S1 N0 recv client batch, tx_count=1
[handleTxFromClient] S1 N0 append to Tx_pool.Queue: local_queued=0 forward_other_shard=0 Queue_total_len=3365
[handleTxFromClient] S1 N0 recv client batch, tx_count=1
[handleTxFromClient] S1 N0 append to Tx_pool.Queue: local_queued=0 forward_other_shard=0 Queue_total_len=3365
[handleTxFromClient] S1 N0 recv client batch, tx_count=1
[handleTxFromClient] S1 N0 append to Tx_pool.Queue: local_queued=0 forward_other_shard=0 Queue_total_len=3365
[handleTxFromClient] S1 N0 recv client batch, tx_count=1
[handleTxFromClient] S1 N0 append to Tx_pool.Queue: local_queued=0 forward_other_shard=0 Queue_total_len=3365
[handleTxFromClient] S1 N0 recv client batch, tx_count=1
[handleTxFromClient] S1 N0 append to Tx_pool.Queue: local_queued=0 forward_other_shard=0 Queue_total_len=3365
[handleTxFromClient] S1 N0 recv client batch, tx_count=1
[handleTxFromClient] S1 N0 append to Tx_pool.Queue: local_queued=0 forward_other_shard=0 Queue_total_len=3365
[handleTxFromClient] S1 N0 recv client batch, tx_count=1
[handleTxFromClient] S1 N0 append to Tx_pool.Queue: local_queued=0 forward_other_shard=0 Queue_total_len=3365
[handleTxFromClient] S1 N0 recv client batch, tx_count=1
[handleTxFromClient] S1 N0 append to Tx_pool.Queue: local_queued=0 forward_other_shard=0 Queue_total_len=3365
[handleTxFromClient] S1 N0 recv client batch, tx_count=1
[handleTxFromClient] S1 N0 append to Tx_pool.Queue: local_queued=0 forward_other_shard=0 Queue_total_len=3365
[handleTxFromClient] S1 N0 recv client batch, tx_count=1
[handleTxFromClient] S1 N0 append to Tx_pool.Queue: local_queued=0 forward_other_shard=0 Queue_total_len=3365
[handleTxFromClient] S1 N0 recv client batch, tx_count=1
[handleTxFromClient] S1 N0 append to Tx_pool.Queue: local_queued=0 forward_other_shard=0 Queue_total_len=3365
[handleTxFromClient] S1 N0 recv client batch, tx_count=1

本节点已接收到分片S0发来的迁移请求 
9999999999999999999999999999999999999999

[handleTxFromClient] S1 N0 append to Tx_pool.Queue: local_queued=0 forward_other_shard=0 Queue_total_len=3365
[Propose wait] S1 N0 spin=50 epoch=23 now=1780903015 InitTime=1780902968 lastpropose=1780903014 wallGap=47 need>=44 ok1=true lastGap=1 need>=2 ok2=false
[Propose] S1 N0 时间条件满足: epoch=23->24 now=1780903016 InitTime=1780902968 lastpropose=1780903014 wallGap=48>=44 lastGap=2>=2 → propose1
[Propose] S1 N0 等待 sequenceLock…
[Propose] S1 N0 已持有 sequenceLock，seqID=23 即将 propose1
[propose1] S1 N0 seq=23 Tx_pool.Queue_len=3365
left_count: 200
更新树花时间为: 80
写数据库IO花时间为: 90
编号为 23 的区块已加入本地区块链！curBlock: 
blockHeader: 
[ef5d350725bb18eabe6dda75e2da255dc12b1d5bc78af60b4004a6880f0f8871 fc3e1d99f59e79444197c8dd1c94e8af8820efe26ab73377f6cdc3fadf0dc21e 24fdc0e48a7c5f1e728e8c11a327bc2c3ed932bb1e5a0b90b295dd0f03ca1311 23 1780903016]
# of transactions: 200
# of TXmig1s: 85
# of In1s: 215
# of Anns: 0
# of NSs: 0
blockHash: 
2bfd2a5c5deb3177d8c828f781f640966743e7f1778658f1e44d20ede2abbc0c

第23个块开始准备relay

[SyncLog] write ok shard=S1 node=N0 event=apply mode=delta count=2
[MVSS-Delta] 目标片 S1 账户 f341cafc9ba3d91ef98c9ef811170c1c5f1ef28e apply delta [0,1)
[SyncLog] write ok shard=S1 node=N0 event=apply mode=delta count=3
[MVSS-Delta] 目标片 S1 账户 96904d8c1f1c88dfb6cfba916396bf4beabcf454 apply delta [0,1)
[SyncLog] write ok shard=S1 node=N0 event=apply mode=delta count=4
[MVSS-Delta] 目标片 S1 账户 9e9ff119553d7ad5d40d1cd4c39aba4901955470 apply delta [1,2)
[MVSS+] 目标片 S1 账户 9e9ff119553d7ad5d40d1cd4c39aba4901955470 块 23 SyncApplied 但尚无 new 上链，等待打包
[MVSS+] 目标片 S1 账户 f341cafc9ba3d91ef98c9ef811170c1c5f1ef28e 块 23 SyncApplied 但尚无 new 上链，等待打包
[MVSS+] 目标片 S1 账户 96904d8c1f1c88dfb6cfba916396bf4beabcf454 块 23 SyncApplied 但尚无 new 上链，等待打包
[Propose wait] S1 N0 spin=1 epoch=24 now=1780903016 InitTime=1780902968 lastpropose=1780903016 wallGap=48 need>=46 ok1=true lastGap=0 need>=2 ok2=false

第23个块结束relay

[handleTxFromClient] S1 N0 recv client batch, tx_count=1
[handleTxFromClient] S1 N0 append to Tx_pool.Queue: local_queued=0 forward_other_shard=0 Queue_total_len=3197
本节点已接收到分片S0发来通知 
1
2
3
[handleTxFromClient] S1 N0 recv client batch, tx_count=781
[handleTxFromClient] S1 N0 append to Tx_pool.Queue: local_queued=778 forward_other_shard=0 Queue_total_len=3975

本节点已接收到分片S0发来的迁移请求 
10000000000000000000000484157754210813312

[handleTxFromClient] S1 N0 recv client batch, tx_count=1
[handleTxFromClient] S1 N0 recv client batch, tx_count=1
[handleTxFromClient] S1 N0 recv client batch, tx_count=1
[SyncProbe][Ingress] shard=S1 node=N0 tx=9000000022 senderSID=1 recSID=1 local=true tag=32 isRelay=true
[SyncProbe][Ingress] shard=S1 node=N0 tx=9000000012 senderSID=1 recSID=1 local=true tag=32 isRelay=true
[SyncProbe][Normalize] shard=S1 tx=9000000012 目标片清除 IsRelay，按本地 new 执行
[SyncProbe][Redirect] tx=9000000012 目标片本地接收，不在源片重定向
[SyncProbe][Ingress] shard=S1 node=N0 tx=9000000002 senderSID=1 recSID=1 local=true tag=32 isRelay=true
[SyncProbe][Normalize] shard=S1 tx=9000000002 目标片清除 IsRelay，按本地 new 执行
[SyncProbe][Normalize] shard=S1 tx=9000000022 目标片清除 IsRelay，按本地 new 执行
[SyncProbe][Redirect] tx=9000000022 目标片本地接收，不在源片重定向
[SyncProbe][Ingress] shard=S1 tx=9000000012 本片入池(立即入池路径)
[SyncProbe][Redirect] tx=9000000002 目标片本地接收，不在源片重定向
[handleTxFromClient] S1 N0 append to Tx_pool.Queue: local_queued=1 forward_other_shard=0 Queue_total_len=3976
[SyncProbe][Ingress] shard=S1 tx=9000000022 本片入池(立即入池路径)
[handleTxFromClient] S1 N0 append to Tx_pool.Queue: local_queued=1 forward_other_shard=0 Queue_total_len=3977
[SyncProbe][Ingress] shard=S1 tx=9000000002 本片入池(立即入池路径)
[handleTxFromClient] S1 N0 append to Tx_pool.Queue: local_queued=1 forward_other_shard=0 Queue_total_len=3978
[MVSS+] 目标片 S1 账户 96904d8c1f1c88dfb6cfba916396bf4beabcf454 apply 后将 1 笔 new 提至队首（nonce 自 1）
[MVSS+] 目标片 S1 账户 9e9ff119553d7ad5d40d1cd4c39aba4901955470 apply 后将 1 笔 new 提至队首（nonce 自 2）
[MVSS+] 目标片 S1 账户 f341cafc9ba3d91ef98c9ef811170c1c5f1ef28e apply 后将 1 笔 new 提至队首（nonce 自 1）
[Propose wait] S1 N0 spin=50 epoch=24 now=1780903017 InitTime=1780902968 lastpropose=1780903016 wallGap=49 need>=46 ok1=true lastGap=1 need>=2 ok2=false
[Propose] S1 N0 时间条件满足: epoch=24->25 now=1780903018 InitTime=1780902968 lastpropose=1780903016 wallGap=50>=46 lastGap=2>=2 → propose1
[Propose] S1 N0 等待 sequenceLock…
[Propose] S1 N0 已持有 sequenceLock，seqID=24 即将 propose1
[propose1] S1 N0 seq=24 Tx_pool.Queue_len=3978
left_count: 200
更新树花时间为: 51
写数据库IO花时间为: 73
编号为 24 的区块已加入本地区块链！curBlock: 
blockHeader: 
[2bfd2a5c5deb3177d8c828f781f640966743e7f1778658f1e44d20ede2abbc0c 027d5a20e142e937e071ce5a20cf5aa6760c64fe12d6b8d8ce1ace77f26870d9 fa80d2b295569fa0dd02821c4b0f1f7dd6e7a8ea33b3c79479c82319cd372d32 24 1780903018]
# of transactions: 200
# of TXmig1s: 0
# of In1s: 300
# of Anns: 0
# of NSs: 0
blockHash: 
96c3f5ce6f273820ed0157da8da26aac1ab29438deb26183b61806c0c01c9d97

第24个块开始准备relay

[MVSS+] 目标片 S1 账户 f341cafc9ba3d91ef98c9ef811170c1c5f1ef28e 块 24 触发 sync ack (new 已执行)
[SyncLog] write ok shard=S1 node=N0 event=ack_send mode=delta count=5
[MVSS+] 目标片 S1 账户 9e9ff119553d7ad5d40d1cd4c39aba4901955470 块 24 触发 sync ack (new 已执行)
[SyncLog] write ok shard=S1 node=N0 event=ack_send mode=delta count=6
[MVSS+] 目标片 S1 账户 96904d8c1f1c88dfb6cfba916396bf4beabcf454 块 24 触发 sync ack (new 已执行)
[SyncLog] write ok shard=S1 node=N0 event=ack_send mode=delta count=7
[Propose wait] S1 N0 spin=1 epoch=25 now=1780903018 InitTime=1780902968 lastpropose=1780903018 wallGap=50 need>=48 ok1=true lastGap=0 need>=2 ok2=false

第24个块结束relay

[handleTxFromClient] S1 N0 recv client batch, tx_count=774
[handleTxFromClient] S1 N0 append to Tx_pool.Queue: local_queued=772 forward_other_shard=0 Queue_total_len=4606
[Propose wait] S1 N0 spin=50 epoch=25 now=1780903019 InitTime=1780902968 lastpropose=1780903018 wallGap=51 need>=48 ok1=true lastGap=1 need>=2 ok2=false
[Propose] S1 N0 时间条件满足: epoch=25->26 now=1780903020 InitTime=1780902968 lastpropose=1780903018 wallGap=52>=48 lastGap=2>=2 → propose1
[Propose] S1 N0 等待 sequenceLock…
[Propose] S1 N0 已持有 sequenceLock，seqID=25 即将 propose1
[propose1] S1 N0 seq=25 Tx_pool.Queue_len=4606
left_count: 415
更新树花时间为: 33
写数据库IO花时间为: 63
编号为 25 的区块已加入本地区块链！curBlock: 
blockHeader: 
[96c3f5ce6f273820ed0157da8da26aac1ab29438deb26183b61806c0c01c9d97 04ed7f1c167c9525847dac608ad777ebc9fb2755bb0a54b3209881495bb7f6a4 9df752d71b0d30368a267071eca23e45d7ffeda28523e5d93a7263e30ae09156 25 1780903020]
# of transactions: 415
# of TXmig1s: 0
# of In1s: 13
# of Anns: 72
# of NSs: 0
blockHash: 
677635ea539dc6ac0521fe7f6607c5c7773a805eabb7f8ec819a43f4f1e3d866
handleAnns时是第25个块

handleannounce交易池操作时差为：1012
handleannounce两锁时差为：1012


第25个块开始准备relay

[Propose wait] S1 N0 spin=1 epoch=26 now=1780903020 InitTime=1780902968 lastpropose=1780903020 wallGap=52 need>=50 ok1=true lastGap=0 need>=2 ok2=false
本节点已接收到分片S0发来通知 
1
2
3

第25个块结束relay

[handleTxFromClient] S1 N0 recv client batch, tx_count=771
[handleTxFromClient] S1 N0 append to Tx_pool.Queue: local_queued=770 forward_other_shard=0 Queue_total_len=5008
时间：52556  正在向分片S0的主节点发送新
本节点已将不变的账户数量发送到client

本节点已接收到分片S0发来通知 
1
2
3
时间：1780903020691  本节点已接收到新
本节点已将迁移过来的pending交易的账户数量发送到client

[Propose wait] S1 N0 spin=50 epoch=26 now=1780903021 InitTime=1780902968 lastpropose=1780903020 wallGap=53 need>=50 ok1=true lastGap=1 need>=2 ok2=false
[Propose] S1 N0 时间条件满足: epoch=26->27 now=1780903022 InitTime=1780902968 lastpropose=1780903020 wallGap=54>=50 lastGap=2>=2 → propose1
[Propose] S1 N0 等待 sequenceLock…
[Propose] S1 N0 已持有 sequenceLock，seqID=26 即将 propose1
[propose1] S1 N0 seq=26 Tx_pool.Queue_len=5051
left_count: 200
更新树花时间为: 39
写数据库IO花时间为: 95
编号为 26 的区块已加入本地区块链！curBlock: 
blockHeader: 
[677635ea539dc6ac0521fe7f6607c5c7773a805eabb7f8ec819a43f4f1e3d866 de2718bfcccff946b826740ff5432f6ce3332ba75e5b58815a793b22422749ed 9ea6c903509238c849b7c0075c7ef67ffe6b46845c8ac56f28663043bf570b9a 26 1780903022]
# of transactions: 200
# of TXmig1s: 0
# of In1s: 0
# of Anns: 300
# of NSs: 0
blockHash: 
ff25204217e80ef9c5d75b880d5a6691b86ffba8492851b65a0b740bcf8ecf11
handleAnns时是第26个块

handleannounce交易池操作时差为：5556
handleannounce两锁时差为：5556


第26个块开始准备relay

[Propose wait] S1 N0 spin=1 epoch=27 now=1780903022 InitTime=1780902968 lastpropose=1780903022 wallGap=54 need>=52 ok1=true lastGap=0 need>=2 ok2=false

第26个块结束relay

[Propose wait] S1 N0 spin=50 epoch=27 now=1780903023 InitTime=1780902968 lastpropose=1780903022 wallGap=55 need>=52 ok1=true lastGap=1 need>=2 ok2=false
[Propose] S1 N0 时间条件满足: epoch=27->28 now=1780903024 InitTime=1780902968 lastpropose=1780903022 wallGap=56>=52 lastGap=2>=2 → propose1
[Propose] S1 N0 等待 sequenceLock…
[Propose] S1 N0 已持有 sequenceLock，seqID=27 即将 propose1
[propose1] S1 N0 seq=27 Tx_pool.Queue_len=4686
left_count: 458
更新树花时间为: 24
写数据库IO花时间为: 46
编号为 27 的区块已加入本地区块链！curBlock: 
blockHeader: 
[ff25204217e80ef9c5d75b880d5a6691b86ffba8492851b65a0b740bcf8ecf11 f39be90d2ea4b8432195c64b0c2dddcc001ea10a30b2407993ce58c8eb3c5677 2574bbdafed89928ea4173b43bc83cd14d9fadfe7d27b12ee631ad66679d2500 27 1780903024]
# of transactions: 458
# of TXmig1s: 0
# of In1s: 0
# of Anns: 13
# of NSs: 29
blockHash: 
95097445e861d2c21f226b4918c1f120902c2f2f8225c364d9f09f4e1262f612
handleAnns时是第27个块

handleannounce交易池操作时差为：4910
handleannounce两锁时差为：4910


第27个块开始准备relay

时间：56106  正在向分片S0的主节点发送新
本节点已将不变的账户数量发送到client

[Propose wait] S1 N0 spin=1 epoch=28 now=1780903024 InitTime=1780902968 lastpropose=1780903024 wallGap=56 need>=54 ok1=true lastGap=0 need>=2 ok2=false
时间：1780903024314  本节点已接收到新
本节点已将迁移过来的pending交易的账户数量发送到client

时间：56522  正在向分片S0的主节点发送新
本节点已将不变的账户数量发送到client


第27个块结束relay

[Propose wait] S1 N0 spin=50 epoch=28 now=1780903025 InitTime=1780902968 lastpropose=1780903024 wallGap=57 need>=54 ok1=true lastGap=1 need>=2 ok2=false
时间：1780903025992  本节点已接收到新
[Propose] S1 N0 时间条件满足: epoch=28->29 now=1780903026 InitTime=1780902968 lastpropose=1780903024 wallGap=58>=54 lastGap=2>=2 → propose1
[Propose] S1 N0 等待 sequenceLock…
[Propose] S1 N0 已持有 sequenceLock，seqID=28 即将 propose1
[propose1] S1 N0 seq=28 Tx_pool.Queue_len=4311
left_count: 487
更新树花时间为: 20
写数据库IO花时间为: 48
编号为 28 的区块已加入本地区块链！curBlock: 
blockHeader: 
[95097445e861d2c21f226b4918c1f120902c2f2f8225c364d9f09f4e1262f612 6012fdc4b3034e3ec9c33ca37b037d230fbbd707d8d9738e434de94a17673121 0cc889131fb1826ae1565460560d39c8cea99eed6816ee088c0027d0f0355657 28 1780903026]
# of transactions: 487
# of TXmig1s: 0
# of In1s: 0
# of Anns: 0
# of NSs: 13
blockHash: 
951b4351642fd2f597fb7a93528327236a382c9bab5a6c02bdb32911188534dd

第28个块开始准备relay

[Propose wait] S1 N0 spin=1 epoch=29 now=1780903026 InitTime=1780902968 lastpropose=1780903026 wallGap=58 need>=56 ok1=true lastGap=0 need>=2 ok2=false
本节点已将迁移过来的pending交易的账户数量发送到client


第28个块结束relay

[Propose wait] S1 N0 spin=50 epoch=29 now=1780903027 InitTime=1780902968 lastpropose=1780903026 wallGap=59 need>=56 ok1=true lastGap=1 need>=2 ok2=false
[Propose] S1 N0 时间条件满足: epoch=29->30 now=1780903028 InitTime=1780902968 lastpropose=1780903026 wallGap=60>=56 lastGap=2>=2 → propose1
[Propose] S1 N0 等待 sequenceLock…
[Propose] S1 N0 已持有 sequenceLock，seqID=29 即将 propose1
[propose1] S1 N0 seq=29 Tx_pool.Queue_len=3937
left_count: 310
更新树花时间为: 37
写数据库IO花时间为: 72
编号为 29 的区块已加入本地区块链！curBlock: 
blockHeader: 
[951b4351642fd2f597fb7a93528327236a382c9bab5a6c02bdb32911188534dd 9fa1e596a1f47278ca5c3769a46a7cf82ae34c522cddca095a936f5f243d1628 ae2e9ae9b8646b93bdeaf0e3b557f3726bd2af04639ccc6c36a1f25ff598a58f 29 1780903028]
# of transactions: 310
# of TXmig1s: 0
# of In1s: 0
# of Anns: 0
# of NSs: 190
blockHash: 
05b6ba867a6a323caf51b02c94101b6a74873f9fa7e163cee160bf11b93aa05f

第29个块开始准备relay

[Propose wait] S1 N0 spin=1 epoch=30 now=1780903028 InitTime=1780902968 lastpropose=1780903028 wallGap=60 need>=58 ok1=true lastGap=0 need>=2 ok2=false

第29个块结束relay

[Propose wait] S1 N0 spin=50 epoch=30 now=1780903029 InitTime=1780902968 lastpropose=1780903028 wallGap=61 need>=58 ok1=true lastGap=1 need>=2 ok2=false
[Propose] S1 N0 时间条件满足: epoch=30->31 now=1780903030 InitTime=1780902968 lastpropose=1780903028 wallGap=62>=58 lastGap=2>=2 → propose1
[Propose] S1 N0 等待 sequenceLock…
[Propose] S1 N0 已持有 sequenceLock，seqID=30 即将 propose1
[propose1] S1 N0 seq=30 Tx_pool.Queue_len=3627
left_count: 500
更新树花时间为: 27
写数据库IO花时间为: 37
编号为 30 的区块已加入本地区块链！curBlock: 
blockHeader: 
[05b6ba867a6a323caf51b02c94101b6a74873f9fa7e163cee160bf11b93aa05f 28df37e01e699d37e8e132a0e06b59e5192b3e1460cec2ff3f88b17df017b2c4 f32a2b85ab167964c4fb439ceda462bb6ae7b6dcfe187a1b750a13070837aaf5 30 1780903030]
# of transactions: 500
# of TXmig1s: 0
# of In1s: 0
# of Anns: 0
# of NSs: 0
blockHash: 
5895f178fc95d437dd11097f1eaa1b900cf1dccf453a5e436efd1233a59160e9

第30个块开始准备relay

[Propose wait] S1 N0 spin=1 epoch=31 now=1780903030 InitTime=1780902968 lastpropose=1780903030 wallGap=62 need>=60 ok1=true lastGap=0 need>=2 ok2=false

第30个块结束relay

[Propose wait] S1 N0 spin=50 epoch=31 now=1780903031 InitTime=1780902968 lastpropose=1780903030 wallGap=63 need>=60 ok1=true lastGap=1 need>=2 ok2=false
[Propose] S1 N0 时间条件满足: epoch=31->32 now=1780903032 InitTime=1780902968 lastpropose=1780903030 wallGap=64>=60 lastGap=2>=2 → propose1
[Propose] S1 N0 等待 sequenceLock…
[Propose] S1 N0 已持有 sequenceLock，seqID=31 即将 propose1
[propose1] S1 N0 seq=31 Tx_pool.Queue_len=3127
left_count: 500
更新树花时间为: 19
写数据库IO花时间为: 34
编号为 31 的区块已加入本地区块链！curBlock: 
blockHeader: 
[5895f178fc95d437dd11097f1eaa1b900cf1dccf453a5e436efd1233a59160e9 8c7eb3245c61ea4603ce6896b4b9354a776165e2c735f7244ba53f5be1c15abd 2f6349fa33ec925fbbcae0f6ea2c45a7acc0155dd29c3ca4e1915263c0fcee92 31 1780903032]
# of transactions: 500
# of TXmig1s: 0
# of In1s: 0
# of Anns: 0
# of NSs: 0
blockHash: 
c352afaf1c6a91086870861373cb7e4fbfe1ed612bfa9716116ad97d0cd51acf

第31个块开始准备relay

[Propose wait] S1 N0 spin=1 epoch=32 now=1780903032 InitTime=1780902968 lastpropose=1780903032 wallGap=64 need>=62 ok1=true lastGap=0 need>=2 ok2=false

第31个块结束relay

[Propose wait] S1 N0 spin=50 epoch=32 now=1780903033 InitTime=1780902968 lastpropose=1780903032 wallGap=65 need>=62 ok1=true lastGap=1 need>=2 ok2=false
[Propose] S1 N0 时间条件满足: epoch=32->33 now=1780903034 InitTime=1780902968 lastpropose=1780903032 wallGap=66>=62 lastGap=2>=2 → propose1
[Propose] S1 N0 等待 sequenceLock…
[Propose] S1 N0 已持有 sequenceLock，seqID=32 即将 propose1
[propose1] S1 N0 seq=32 Tx_pool.Queue_len=2627
left_count: 500
更新树花时间为: 21
写数据库IO花时间为: 28
编号为 32 的区块已加入本地区块链！curBlock: 
blockHeader: 
[c352afaf1c6a91086870861373cb7e4fbfe1ed612bfa9716116ad97d0cd51acf 2a65d7699dca30373bc9e8e8b39faa01f1339d4c269075e83a6fa971248918b1 71c5df5ce4afb10050eb7885837317ea85aed80ee8c45470911f9810724b5700 32 1780903034]
# of transactions: 500
# of TXmig1s: 0
# of In1s: 0
# of Anns: 0
# of NSs: 0
blockHash: 
ae810ce5d7478daafda3936df6e9485df27dca0dd157727078c2b42ecc70a66e

第32个块开始准备relay

[Propose wait] S1 N0 spin=1 epoch=33 now=1780903034 InitTime=1780902968 lastpropose=1780903034 wallGap=66 need>=64 ok1=true lastGap=0 need>=2 ok2=false

第32个块结束relay

[Propose wait] S1 N0 spin=50 epoch=33 now=1780903035 InitTime=1780902968 lastpropose=1780903034 wallGap=67 need>=64 ok1=true lastGap=1 need>=2 ok2=false
[Propose] S1 N0 时间条件满足: epoch=33->34 now=1780903036 InitTime=1780902968 lastpropose=1780903034 wallGap=68>=64 lastGap=2>=2 → propose1
[Propose] S1 N0 等待 sequenceLock…
[Propose] S1 N0 已持有 sequenceLock，seqID=33 即将 propose1
[propose1] S1 N0 seq=33 Tx_pool.Queue_len=2127
left_count: 500
更新树花时间为: 26
写数据库IO花时间为: 37
编号为 33 的区块已加入本地区块链！curBlock: 
blockHeader: 
[ae810ce5d7478daafda3936df6e9485df27dca0dd157727078c2b42ecc70a66e 40a359a65c336b6c0863c3190ea330a4e0d0ccc84fa2921e8a388fd5a27d3028 823729ed4e9b920bd32bf7bbf882a40ea2fd99714ffedb9513edff62fb8c8e0b 33 1780903036]
# of transactions: 500
# of TXmig1s: 0
# of In1s: 0
# of Anns: 0
# of NSs: 0
blockHash: 
a3eba615586a10f6172c107ac98f4e3eb4c6b2e0555a8f2a2fd0b096dafaf539

第33个块开始准备relay

[Propose wait] S1 N0 spin=1 epoch=34 now=1780903036 InitTime=1780902968 lastpropose=1780903036 wallGap=68 need>=66 ok1=true lastGap=0 need>=2 ok2=false

第33个块结束relay

[Propose wait] S1 N0 spin=50 epoch=34 now=1780903037 InitTime=1780902968 lastpropose=1780903036 wallGap=69 need>=66 ok1=true lastGap=1 need>=2 ok2=false
[Propose] S1 N0 时间条件满足: epoch=34->35 now=1780903038 InitTime=1780902968 lastpropose=1780903036 wallGap=70>=66 lastGap=2>=2 → propose1
[Propose] S1 N0 等待 sequenceLock…
[Propose] S1 N0 已持有 sequenceLock，seqID=34 即将 propose1
[propose1] S1 N0 seq=34 Tx_pool.Queue_len=1627
left_count: 500
更新树花时间为: 24
写数据库IO花时间为: 33
编号为 34 的区块已加入本地区块链！curBlock: 
blockHeader: 
[a3eba615586a10f6172c107ac98f4e3eb4c6b2e0555a8f2a2fd0b096dafaf539 f62ed67458503a0ab0ea617b4d13aac341694577086875f66a5e99b23dcb7387 e8065f6e6bfa9276bdf41f25af7d5b5c5aae03e5825e35b1eda54d33a5245bf1 34 1780903038]
# of transactions: 500
# of TXmig1s: 0
# of In1s: 0
# of Anns: 0
# of NSs: 0
blockHash: 
d83de0ee35001302e04a08c7f3be2b5ab3fe8b46d20eaa18a16bfc112fcac6a6

第34个块开始准备relay

[Propose wait] S1 N0 spin=1 epoch=35 now=1780903038 InitTime=1780902968 lastpropose=1780903038 wallGap=70 need>=68 ok1=true lastGap=0 need>=2 ok2=false

第34个块结束relay

[Propose wait] S1 N0 spin=50 epoch=35 now=1780903039 InitTime=1780902968 lastpropose=1780903038 wallGap=71 need>=68 ok1=true lastGap=1 need>=2 ok2=false
[Propose] S1 N0 时间条件满足: epoch=35->36 now=1780903040 InitTime=1780902968 lastpropose=1780903038 wallGap=72>=68 lastGap=2>=2 → propose1
[Propose] S1 N0 等待 sequenceLock…
[Propose] S1 N0 已持有 sequenceLock，seqID=35 即将 propose1
[propose1] S1 N0 seq=35 Tx_pool.Queue_len=1127
left_count: 500
更新树花时间为: 23
写数据库IO花时间为: 49
编号为 35 的区块已加入本地区块链！curBlock: 
blockHeader: 
[d83de0ee35001302e04a08c7f3be2b5ab3fe8b46d20eaa18a16bfc112fcac6a6 7e1c02693bfca4099c61ec2df4176b2ff81a14669bcfd6f9107245a14c3931ef 3f02cad4c9ea964b7afc08147a8a08193fb6a25eb9a09e81e707cdd6f9be4d8d 35 1780903040]
# of transactions: 500
# of TXmig1s: 0
# of In1s: 0
# of Anns: 0
# of NSs: 0
blockHash: 
5c2fb9b14787e8f5392c610ce694929a48123531759d59e39dc915235be0f2f2

第35个块开始准备relay

[Propose wait] S1 N0 spin=1 epoch=36 now=1780903040 InitTime=1780902968 lastpropose=1780903040 wallGap=72 need>=70 ok1=true lastGap=0 need>=2 ok2=false

第35个块结束relay

[Propose wait] S1 N0 spin=50 epoch=36 now=1780903041 InitTime=1780902968 lastpropose=1780903040 wallGap=73 need>=70 ok1=true lastGap=1 need>=2 ok2=false
[Propose] S1 N0 时间条件满足: epoch=36->37 now=1780903042 InitTime=1780902968 lastpropose=1780903040 wallGap=74>=70 lastGap=2>=2 → propose1
[Propose] S1 N0 等待 sequenceLock…
[Propose] S1 N0 已持有 sequenceLock，seqID=36 即将 propose1
[propose1] S1 N0 seq=36 Tx_pool.Queue_len=627
left_count: 500
更新树花时间为: 31
写数据库IO花时间为: 53
编号为 36 的区块已加入本地区块链！curBlock: 
blockHeader: 
[5c2fb9b14787e8f5392c610ce694929a48123531759d59e39dc915235be0f2f2 aefb1ecafc4175cdf95374ccc9112986836d79eb9a33cf035eb2f712d3daf2c1 d3437b97bfed9f64b735ebd293e7d6ed4f711d8d2a7652e27aaf1abb2bd2a65c 36 1780903042]
# of transactions: 500
# of TXmig1s: 0
# of In1s: 0
# of Anns: 0
# of NSs: 0
blockHash: 
06b1e83f119c67260e3337edb242eb70ed773ef43d4b7e712cb2485e5b5e362e

第36个块开始准备relay

[Propose wait] S1 N0 spin=1 epoch=37 now=1780903042 InitTime=1780902968 lastpropose=1780903042 wallGap=74 need>=72 ok1=true lastGap=0 need>=2 ok2=false

第36个块结束relay

[Propose wait] S1 N0 spin=50 epoch=37 now=1780903043 InitTime=1780902968 lastpropose=1780903042 wallGap=75 need>=72 ok1=true lastGap=1 need>=2 ok2=false
[Propose] S1 N0 时间条件满足: epoch=37->38 now=1780903044 InitTime=1780902968 lastpropose=1780903042 wallGap=76>=72 lastGap=2>=2 → propose1
[Propose] S1 N0 等待 sequenceLock…
[Propose] S1 N0 已持有 sequenceLock，seqID=37 即将 propose1
[propose1] S1 N0 seq=37 Tx_pool.Queue_len=127
left_count: 500
更新树花时间为: 11
写数据库IO花时间为: 22
编号为 37 的区块已加入本地区块链！curBlock: 
blockHeader: 
[06b1e83f119c67260e3337edb242eb70ed773ef43d4b7e712cb2485e5b5e362e 21a5b927a00aa55f30f69889af33a9f14fd2018d4cd60363e54c28f35e492d42 2710ce11203e5e8bf30246ddbd9a00dfeb9bb6cb4f0b7f449e575c3f271b4a14 37 1780903044]
# of transactions: 127
# of TXmig1s: 0
# of In1s: 0
# of Anns: 0
# of NSs: 0
blockHash: 
dacd3d7f5a48677817d642b118de4fda765fcda12d3138c84306ba3dd12a2aa1
[Propose wait] S1 N0 spin=1 epoch=38 now=1780903044 InitTime=1780902968 lastpropose=1780903044 wallGap=76 need>=74 ok1=true lastGap=0 need>=2 ok2=false
[Propose wait] S1 N0 spin=50 epoch=38 now=1780903045 InitTime=1780902968 lastpropose=1780903044 wallGap=77 need>=74 ok1=true lastGap=1 need>=2 ok2=false
[Propose] S1 N0 时间条件满足: epoch=38->39 now=1780903046 InitTime=1780902968 lastpropose=1780903044 wallGap=78>=74 lastGap=2>=2 → propose1
[Propose] S1 N0 等待 sequenceLock…
[Propose] S1 N0 已持有 sequenceLock，seqID=38 即将 propose1
[propose1] S1 N0 seq=38 Tx_pool.Queue_len=0
left_count: 500
更新树花时间为: 0
写数据库IO花时间为: 27
编号为 38 的区块已加入本地区块链！curBlock: 
blockHeader: 
[dacd3d7f5a48677817d642b118de4fda765fcda12d3138c84306ba3dd12a2aa1 21a5b927a00aa55f30f69889af33a9f14fd2018d4cd60363e54c28f35e492d42 56e81f171bcc55a6ff8345e692c0f86e5b48e01b996cadc001622fb5e363b421 38 1780903046]
# of transactions: 0
# of TXmig1s: 0
# of In1s: 0
# of Anns: 0
# of NSs: 0
blockHash: 
34eb0b539ecc3325fa2b5d3864fee907132c7b788cd2ec15784ec40f457a3d05
[Propose wait] S1 N0 spin=1 epoch=39 now=1780903046 InitTime=1780902968 lastpropose=1780903046 wallGap=78 need>=76 ok1=true lastGap=0 need>=2 ok2=false
[Propose wait] S1 N0 spin=50 epoch=39 now=1780903047 InitTime=1780902968 lastpropose=1780903046 wallGap=79 need>=76 ok1=true lastGap=1 need>=2 ok2=false
[Propose] S1 N0 时间条件满足: epoch=39->40 now=1780903048 InitTime=1780902968 lastpropose=1780903046 wallGap=80>=76 lastGap=2>=2 → propose1
[Propose] S1 N0 等待 sequenceLock…
[Propose] S1 N0 已持有 sequenceLock，seqID=39 即将 propose1
[propose1] S1 N0 seq=39 Tx_pool.Queue_len=0
left_count: 500
更新树花时间为: 0
写数据库IO花时间为: 10
编号为 39 的区块已加入本地区块链！curBlock: 
blockHeader: 
[34eb0b539ecc3325fa2b5d3864fee907132c7b788cd2ec15784ec40f457a3d05 21a5b927a00aa55f30f69889af33a9f14fd2018d4cd60363e54c28f35e492d42 56e81f171bcc55a6ff8345e692c0f86e5b48e01b996cadc001622fb5e363b421 39 1780903048]
# of transactions: 0
# of TXmig1s: 0
# of In1s: 0
# of Anns: 0
# of NSs: 0
blockHash: 
b8d2207b0970e814e991c2311a69879670b507cb285f807782a69bea4dce66fe
[Propose wait] S1 N0 spin=1 epoch=40 now=1780903048 InitTime=1780902968 lastpropose=1780903048 wallGap=80 need>=78 ok1=true lastGap=0 need>=2 ok2=false
[Propose wait] S1 N0 spin=50 epoch=40 now=1780903049 InitTime=1780902968 lastpropose=1780903048 wallGap=81 need>=78 ok1=true lastGap=1 need>=2 ok2=false
[Propose] S1 N0 时间条件满足: epoch=40->41 now=1780903050 InitTime=1780902968 lastpropose=1780903048 wallGap=82>=78 lastGap=2>=2 → propose1
[Propose] S1 N0 等待 sequenceLock…
[Propose] S1 N0 已持有 sequenceLock，seqID=40 即将 propose1
[propose1] S1 N0 seq=40 Tx_pool.Queue_len=0
left_count: 500
更新树花时间为: 0
写数据库IO花时间为: 23
编号为 40 的区块已加入本地区块链！curBlock: 
blockHeader: 
[b8d2207b0970e814e991c2311a69879670b507cb285f807782a69bea4dce66fe 21a5b927a00aa55f30f69889af33a9f14fd2018d4cd60363e54c28f35e492d42 56e81f171bcc55a6ff8345e692c0f86e5b48e01b996cadc001622fb5e363b421 40 1780903050]
# of transactions: 0
# of TXmig1s: 0
# of In1s: 0
# of Anns: 0
# of NSs: 0
blockHash: 
44a212ba4af6c605964e0deb9bf51a16df80a927950b9645c4fd6dac02a0a01e
[Propose wait] S1 N0 spin=1 epoch=41 now=1780903050 InitTime=1780902968 lastpropose=1780903050 wallGap=82 need>=80 ok1=true lastGap=0 need>=2 ok2=false
[Propose wait] S1 N0 spin=50 epoch=41 now=1780903051 InitTime=1780902968 lastpropose=1780903050 wallGap=83 need>=80 ok1=true lastGap=1 need>=2 ok2=false
[Propose] S1 N0 时间条件满足: epoch=41->42 now=1780903052 InitTime=1780902968 lastpropose=1780903050 wallGap=84>=80 lastGap=2>=2 → propose1
[Propose] S1 N0 等待 sequenceLock…
[Propose] S1 N0 已持有 sequenceLock，seqID=41 即将 propose1
[propose1] S1 N0 seq=41 Tx_pool.Queue_len=0
left_count: 500
更新树花时间为: 1
写数据库IO花时间为: 15
编号为 41 的区块已加入本地区块链！curBlock: 
blockHeader: 
[44a212ba4af6c605964e0deb9bf51a16df80a927950b9645c4fd6dac02a0a01e 21a5b927a00aa55f30f69889af33a9f14fd2018d4cd60363e54c28f35e492d42 56e81f171bcc55a6ff8345e692c0f86e5b48e01b996cadc001622fb5e363b421 41 1780903052]
# of transactions: 0
# of TXmig1s: 0
# of In1s: 0
# of Anns: 0
# of NSs: 0
blockHash: 
72aef44c85ca0da313298aa76a9cd6c3d81b4a6a8df8eb95be8b6f2e762e7617
[Propose wait] S1 N0 spin=1 epoch=42 now=1780903052 InitTime=1780902968 lastpropose=1780903052 wallGap=84 need>=82 ok1=true lastGap=0 need>=2 ok2=false
[Propose wait] S1 N0 spin=50 epoch=42 now=1780903053 InitTime=1780902968 lastpropose=1780903052 wallGap=85 need>=82 ok1=true lastGap=1 need>=2 ok2=false
[Propose] S1 N0 时间条件满足: epoch=42->43 now=1780903054 InitTime=1780902968 lastpropose=1780903052 wallGap=86>=82 lastGap=2>=2 → propose1
[Propose] S1 N0 等待 sequenceLock…
[Propose] S1 N0 已持有 sequenceLock，seqID=42 即将 propose1
[propose1] S1 N0 seq=42 Tx_pool.Queue_len=0
left_count: 500
更新树花时间为: 0
写数据库IO花时间为: 24
编号为 42 的区块已加入本地区块链！curBlock: 
blockHeader: 
[72aef44c85ca0da313298aa76a9cd6c3d81b4a6a8df8eb95be8b6f2e762e7617 21a5b927a00aa55f30f69889af33a9f14fd2018d4cd60363e54c28f35e492d42 56e81f171bcc55a6ff8345e692c0f86e5b48e01b996cadc001622fb5e363b421 42 1780903054]
# of transactions: 0
# of TXmig1s: 0
# of In1s: 0
# of Anns: 0
# of NSs: 0
blockHash: 
b7cd9679da47f3fc2d53dc71850527ac31ee301d047fd419dd3d0d8c4432b77d
[Propose wait] S1 N0 spin=1 epoch=43 now=1780903054 InitTime=1780902968 lastpropose=1780903054 wallGap=86 need>=84 ok1=true lastGap=0 need>=2 ok2=false
节点收到终止节点消息，停止运行
