MigrationStrategy=Fine-tuned-Lock (Stop=false Lock=false NotLock=false)
&{77 N0 S1 2 0 D:\Desktop\实验室\MVSS+\MVSS-main\selectedTxs_300K.csv 2 500 300 150 150 150 150 1000 10 1 400 20000 0 50000 20 true Fine-tuned-Lock false false false false true false 3 false 8 false false false PageRank false 100 true false}
&{77 N0 S1 2 0 D:\Desktop\实验室\MVSS+\MVSS-main\selectedTxs_300K.csv 2 500 300 150 150 150 150 1000 10 1 400 20000 0 50000 20 true Fine-tuned-Lock false false false false true false 3 false 8 false false false PageRank false 100 true false}
交易将由外部客户端发送
节点 N0 已启动，所属分片: S1
[Propose wait-first-tx] S1 N0 seq=1 Queue_len=0，首块等待交易注入后再出块
节点开启监听，地址：127.0.0.1:8020
[Propose wait-first-tx] S1 N0 seq=1 Queue_len=0，首块等待交易注入后再出块
[Propose wait-first-tx] S1 N0 seq=1 Queue_len=0，首块等待交易注入后再出块
[Propose wait-first-tx] S1 N0 seq=1 Queue_len=0，首块等待交易注入后再出块
[Propose wait-first-tx] S1 N0 seq=1 Queue_len=0，首块等待交易注入后再出块
[Propose wait-first-tx] S1 N0 seq=1 Queue_len=0，首块等待交易注入后再出块
[Propose wait-first-tx] S1 N0 seq=1 Queue_len=0，首块等待交易注入后再出块
[Propose wait-first-tx] S1 N0 seq=1 Queue_len=0，首块等待交易注入后再出块
[Propose wait-first-tx] S1 N0 seq=1 Queue_len=0，首块等待交易注入后再出块
[Propose wait-first-tx] S1 N0 seq=1 Queue_len=0，首块等待交易注入后再出块
[Propose wait-first-tx] S1 N0 seq=1 Queue_len=0，首块等待交易注入后再出块
[Propose wait-first-tx] S1 N0 seq=1 Queue_len=0，首块等待交易注入后再出块
[Propose wait-first-tx] S1 N0 seq=1 Queue_len=0，首块等待交易注入后再出块
[Propose wait-first-tx] S1 N0 seq=1 Queue_len=0，首块等待交易注入后再出块
[Propose wait-first-tx] S1 N0 seq=1 Queue_len=0，首块等待交易注入后再出块
[Propose wait-first-tx] S1 N0 seq=1 Queue_len=0，首块等待交易注入后再出块
[Propose wait-first-tx] S1 N0 seq=1 Queue_len=0，首块等待交易注入后再出块
本节点已接收到客户端发送的初始时间：1780066851（锚定 InitTime=1780066851，已重置 epoch=1）
[Propose wait-first-tx] S1 N0 seq=1 Queue_len=0，首块等待交易注入后再出块
[Propose wait-first-tx] S1 N0 seq=1 Queue_len=0，首块等待交易注入后再出块
[Propose wait-first-tx] S1 N0 seq=1 Queue_len=0，首块等待交易注入后再出块
[handleTxFromClient] S1 N0 recv client batch, tx_count=700
[handleTxFromClient] S1 N0 append to Tx_pool.Queue: local_queued=700 forward_other_shard=0 Queue_total_len=700
[Propose wait-first-tx] S1 N0 首块已检测到交易，结束等待，Queue_len=700
[Propose] S1 N0 时间条件满足: epoch=1->2 now=1780066855 InitTime=1780066851 lastpropose=1780066851 wallGap=4>=0 lastGap=4>=2 → propose1
[Propose] S1 N0 等待 sequenceLock…
[Propose] S1 N0 已持有 sequenceLock，seqID=1 即将 propose1
[propose1] S1 N0 seq=1 Tx_pool.Queue_len=700
left_count: 500
更新树花时间为: 96
写数据库IO花时间为: 101
编号为 1 的区块已加入本地区块链！curBlock: 
blockHeader: 
[1add38160db0458a48072f3ade543ffb4af4e9cfdf8f76549b9568e046a6a3ff f35a45ce6e9ea8f568107b30776df012e7786696dec7ea23d581e2c41f3c76f8 0a58c2bf485754ef5106e809bcc01cf48cb146b27cb5dcd5f0458f86e0a8ad37 1 1780066855]
# of transactions: 500
# of TXmig1s: 0
# of In1s: 0
# of Anns: 0
# of NSs: 0
blockHash: 
581d1d7f3ddd8392b5e21444707b7f5017d2dddfb728535358aa01e70981e791

第1个块开始准备relay

[Propose wait] S1 N0 spin=1 epoch=2 now=1780066855 InitTime=1780066851 lastpropose=1780066855 wallGap=4 need>=2 ok1=true lastGap=0 need>=2 ok2=false

第1个块结束relay

[Propose wait] S1 N0 spin=50 epoch=2 now=1780066856 InitTime=1780066851 lastpropose=1780066855 wallGap=5 need>=2 ok1=true lastGap=1 need>=2 ok2=false
[Propose] S1 N0 时间条件满足: epoch=2->3 now=1780066857 InitTime=1780066851 lastpropose=1780066855 wallGap=6>=2 lastGap=2>=2 → propose1
[Propose] S1 N0 等待 sequenceLock…
[Propose] S1 N0 已持有 sequenceLock，seqID=2 即将 propose1
[propose1] S1 N0 seq=2 Tx_pool.Queue_len=247
left_count: 500
[handleTxFromClient] S1 N0 recv client batch, tx_count=595
[handleTxFromClient] S1 N0 append to Tx_pool.Queue: local_queued=595 forward_other_shard=0 Queue_total_len=595
更新树花时间为: 27
写数据库IO花时间为: 29
编号为 2 的区块已加入本地区块链！curBlock: 
blockHeader: 
[581d1d7f3ddd8392b5e21444707b7f5017d2dddfb728535358aa01e70981e791 659d4bade77b8f295a13510f40e030eff1fe8ad549cbb24b21a3e3ab93916d75 8251effea41f0c4e27575f11c1f321bebc28be48baab3b48f71ae14aedad51cc 2 1780066857]
# of transactions: 247
# of TXmig1s: 0
# of In1s: 0
# of Anns: 0
# of NSs: 0
blockHash: 
eeb2a9e40700725924d4bb22c8636f520a93935fd2339ebedaf4fb6313a8fbab

第2个块开始准备relay

[Propose wait] S1 N0 spin=1 epoch=3 now=1780066857 InitTime=1780066851 lastpropose=1780066857 wallGap=6 need>=4 ok1=true lastGap=0 need>=2 ok2=false

第2个块结束relay

[Propose wait] S1 N0 spin=50 epoch=3 now=1780066858 InitTime=1780066851 lastpropose=1780066857 wallGap=7 need>=4 ok1=true lastGap=1 need>=2 ok2=false
[Propose] S1 N0 时间条件满足: epoch=3->4 now=1780066859 InitTime=1780066851 lastpropose=1780066857 wallGap=8>=4 lastGap=2>=2 → propose1
[Propose] S1 N0 等待 sequenceLock…
[Propose] S1 N0 已持有 sequenceLock，seqID=3 即将 propose1
[propose1] S1 N0 seq=3 Tx_pool.Queue_len=595
left_count: 500
[handleTxFromClient] S1 N0 recv client batch, tx_count=275
[handleTxFromClient] S1 N0 append to Tx_pool.Queue: local_queued=275 forward_other_shard=0 Queue_total_len=370
更新树花时间为: 40
写数据库IO花时间为: 47
编号为 3 的区块已加入本地区块链！curBlock: 
blockHeader: 
[eeb2a9e40700725924d4bb22c8636f520a93935fd2339ebedaf4fb6313a8fbab 5074483d96fcec6cfdd66d99df558f268c6d81a37ff9c1bb51b94cb959aa08bd c6dabc8701dd3807bd113e73baed536fbf2395d0ff11df7c056e6ceea92bd924 3 1780066859]
# of transactions: 500
# of TXmig1s: 0
# of In1s: 0
# of Anns: 0
# of NSs: 0
blockHash: 
4ac92be73a9fcbce134ba4134e703e581b82cd8f2e3749eac3627bf666f0e22a

第3个块开始准备relay

[Propose wait] S1 N0 spin=1 epoch=4 now=1780066859 InitTime=1780066851 lastpropose=1780066859 wallGap=8 need>=6 ok1=true lastGap=0 need>=2 ok2=false

第3个块结束relay

[Propose wait] S1 N0 spin=50 epoch=4 now=1780066860 InitTime=1780066851 lastpropose=1780066859 wallGap=9 need>=6 ok1=true lastGap=1 need>=2 ok2=false
[Propose] S1 N0 时间条件满足: epoch=4->5 now=1780066861 InitTime=1780066851 lastpropose=1780066859 wallGap=10>=6 lastGap=2>=2 → propose1
[Propose] S1 N0 等待 sequenceLock…
[Propose] S1 N0 已持有 sequenceLock，seqID=4 即将 propose1
[propose1] S1 N0 seq=4 Tx_pool.Queue_len=484
left_count: 500
[handleTxFromClient] S1 N0 recv client batch, tx_count=142
[handleTxFromClient] S1 N0 append to Tx_pool.Queue: local_queued=142 forward_other_shard=0 Queue_total_len=142
更新树花时间为: 40
写数据库IO花时间为: 45
编号为 4 的区块已加入本地区块链！curBlock: 
blockHeader: 
[4ac92be73a9fcbce134ba4134e703e581b82cd8f2e3749eac3627bf666f0e22a e2e893e8d165318d43b594a942d004151d0775cbfbda3c7816208fecce2327bc 94b5b6cd1a8345bb07fb9f0243cb6eaa6525572de4d4fc8a8dafd9278cdcd736 4 1780066861]
# of transactions: 484
# of TXmig1s: 0
# of In1s: 0
# of Anns: 0
# of NSs: 0
blockHash: 
74f9f4648388b4727b41c85f644225816d9522e559b3be76ece6ae3132bb89f4

第4个块开始准备relay

[Propose wait] S1 N0 spin=1 epoch=5 now=1780066861 InitTime=1780066851 lastpropose=1780066861 wallGap=10 need>=8 ok1=true lastGap=0 need>=2 ok2=false

第4个块结束relay

[Propose wait] S1 N0 spin=50 epoch=5 now=1780066862 InitTime=1780066851 lastpropose=1780066861 wallGap=11 need>=8 ok1=true lastGap=1 need>=2 ok2=false
[Propose] S1 N0 时间条件满足: epoch=5->6 now=1780066863 InitTime=1780066851 lastpropose=1780066861 wallGap=12>=8 lastGap=2>=2 → propose1
[Propose] S1 N0 等待 sequenceLock…
[Propose] S1 N0 已持有 sequenceLock，seqID=5 即将 propose1
[propose1] S1 N0 seq=5 Tx_pool.Queue_len=404
left_count: 500
更新树花时间为: 31
写数据库IO花时间为: 37
编号为 5 的区块已加入本地区块链！curBlock: 
blockHeader: 
[74f9f4648388b4727b41c85f644225816d9522e559b3be76ece6ae3132bb89f4 77714539ad5090c0658bde84b039ac1dc3f24c58125037050736e6d47cda65af bc6a9e1ee2f96a08708c6d9fe4d64ebd02e899e369232c369557fd6da3c38cf1 5 1780066863]
# of transactions: 404
# of TXmig1s: 0
# of In1s: 0
# of Anns: 0
# of NSs: 0
blockHash: 
a0d32c07d1c8be733341f5477563a0db5ec945d9210875445314e08fc1cdb3d5

第5个块开始准备relay

[Propose wait] S1 N0 spin=1 epoch=6 now=1780066863 InitTime=1780066851 lastpropose=1780066863 wallGap=12 need>=10 ok1=true lastGap=0 need>=2 ok2=false
[handleTxFromClient] S1 N0 recv client batch, tx_count=161
[handleTxFromClient] S1 N0 append to Tx_pool.Queue: local_queued=161 forward_other_shard=0 Queue_total_len=161

第5个块结束relay

[Propose wait] S1 N0 spin=50 epoch=6 now=1780066864 InitTime=1780066851 lastpropose=1780066863 wallGap=13 need>=10 ok1=true lastGap=1 need>=2 ok2=false
[Propose] S1 N0 时间条件满足: epoch=6->7 now=1780066865 InitTime=1780066851 lastpropose=1780066863 wallGap=14>=10 lastGap=2>=2 → propose1
[Propose] S1 N0 等待 sequenceLock…
[Propose] S1 N0 已持有 sequenceLock，seqID=6 即将 propose1
[propose1] S1 N0 seq=6 Tx_pool.Queue_len=293
left_count: 500
更新树花时间为: 25
写数据库IO花时间为: 28
编号为 6 的区块已加入本地区块链！curBlock: 
blockHeader: 
[a0d32c07d1c8be733341f5477563a0db5ec945d9210875445314e08fc1cdb3d5 526c9b69c40eb889a2bbbd99d35fc0f70b0d8aae4994a3bf82feebc88a4c155b c046ca67052a4e4f04ea56c0e93d4dd04a7c9660d01503c0248bea5b8e0c1a2e 6 1780066865]
# of transactions: 293
# of TXmig1s: 0
# of In1s: 0
# of Anns: 0
# of NSs: 0
blockHash: 
2a194e1c5b9f9edf16d967404f10eb4595241f55df9ece3b7758f38e3153d926

第6个块开始准备relay

[Propose wait] S1 N0 spin=1 epoch=7 now=1780066865 InitTime=1780066851 lastpropose=1780066865 wallGap=14 need>=12 ok1=true lastGap=0 need>=2 ok2=false
[handleTxFromClient] S1 N0 recv client batch, tx_count=172
[handleTxFromClient] S1 N0 append to Tx_pool.Queue: local_queued=172 forward_other_shard=0 Queue_total_len=172

第6个块结束relay

[Propose wait] S1 N0 spin=50 epoch=7 now=1780066866 InitTime=1780066851 lastpropose=1780066865 wallGap=15 need>=12 ok1=true lastGap=1 need>=2 ok2=false
[Propose] S1 N0 时间条件满足: epoch=7->8 now=1780066867 InitTime=1780066851 lastpropose=1780066865 wallGap=16>=12 lastGap=2>=2 → propose1
[Propose] S1 N0 等待 sequenceLock…
[Propose] S1 N0 已持有 sequenceLock，seqID=7 即将 propose1
[propose1] S1 N0 seq=7 Tx_pool.Queue_len=418
left_count: 500
更新树花时间为: 36
写数据库IO花时间为: 47
编号为 7 的区块已加入本地区块链！curBlock: 
blockHeader: 
[2a194e1c5b9f9edf16d967404f10eb4595241f55df9ece3b7758f38e3153d926 9a505a1cef2f7fe04c95b21fe453fa27eb0ac9c91443bbddb12127148a52519d c40bb9df15ffc0106584a8658ee670b6057c5ba9aa291acc187ddc059eff4ad0 7 1780066867]
# of transactions: 418
# of TXmig1s: 0
# of In1s: 0
# of Anns: 0
# of NSs: 0
blockHash: 
9e0380ae0cfd459343b5188d06c568656c530e22265bfda43f78b3f9d1c03f8f

第7个块开始准备relay

[Propose wait] S1 N0 spin=1 epoch=8 now=1780066867 InitTime=1780066851 lastpropose=1780066867 wallGap=16 need>=14 ok1=true lastGap=0 need>=2 ok2=false
[handleTxFromClient] S1 N0 recv client batch, tx_count=219
[handleTxFromClient] S1 N0 append to Tx_pool.Queue: local_queued=219 forward_other_shard=0 Queue_total_len=219

第7个块结束relay

[Propose wait] S1 N0 spin=50 epoch=8 now=1780066868 InitTime=1780066851 lastpropose=1780066867 wallGap=17 need>=14 ok1=true lastGap=1 need>=2 ok2=false
[Propose] S1 N0 时间条件满足: epoch=8->9 now=1780066869 InitTime=1780066851 lastpropose=1780066867 wallGap=18>=14 lastGap=2>=2 → propose1
[Propose] S1 N0 等待 sequenceLock…
[Propose] S1 N0 已持有 sequenceLock，seqID=8 即将 propose1
[propose1] S1 N0 seq=8 Tx_pool.Queue_len=436
left_count: 500
更新树花时间为: 31
写数据库IO花时间为: 36
编号为 8 的区块已加入本地区块链！curBlock: 
blockHeader: 
[9e0380ae0cfd459343b5188d06c568656c530e22265bfda43f78b3f9d1c03f8f 29f61112c64dbac451db307c0f5740eafa885f36733359d6e133825fbe4fa9f0 ec1a23d478c291da02bc2ddd0bb63b47429f3eb2aa581883f8bd1b8670850df9 8 1780066869]
# of transactions: 436
# of TXmig1s: 0
# of In1s: 0
# of Anns: 0
# of NSs: 0
blockHash: 
dfdccb717fc1404b007a172beaa600970282a9525eee18a353907b70b77b0e63

第8个块开始准备relay

[Propose wait] S1 N0 spin=1 epoch=9 now=1780066869 InitTime=1780066851 lastpropose=1780066869 wallGap=18 need>=16 ok1=true lastGap=0 need>=2 ok2=false
[handleTxFromClient] S1 N0 recv client batch, tx_count=373
[handleTxFromClient] S1 N0 append to Tx_pool.Queue: local_queued=373 forward_other_shard=0 Queue_total_len=373

第8个块结束relay

[Propose wait] S1 N0 spin=50 epoch=9 now=1780066870 InitTime=1780066851 lastpropose=1780066869 wallGap=19 need>=16 ok1=true lastGap=1 need>=2 ok2=false
[Propose] S1 N0 时间条件满足: epoch=9->10 now=1780066871 InitTime=1780066851 lastpropose=1780066869 wallGap=20>=16 lastGap=2>=2 → propose1
[Propose] S1 N0 等待 sequenceLock…
[Propose] S1 N0 已持有 sequenceLock，seqID=9 即将 propose1
[propose1] S1 N0 seq=9 Tx_pool.Queue_len=594
left_count: 500
更新树花时间为: 40
写数据库IO花时间为: 50
编号为 9 的区块已加入本地区块链！curBlock: 
blockHeader: 
[dfdccb717fc1404b007a172beaa600970282a9525eee18a353907b70b77b0e63 052df401cacde27c5ca9d03e541bcbe72282169530c87f94debaf43b11d3ebb1 6875212b1a631d2198c14a5c2d6436e47968aa01435f7e2b798309c7dabfd9f8 9 1780066871]
# of transactions: 500
# of TXmig1s: 0
# of In1s: 0
# of Anns: 0
# of NSs: 0
blockHash: 
4b0f401bce3c1f8cba4c43ae354b536923880b7431d325cd9fd2eb9efc9bbc3b

第9个块开始准备relay

[Propose wait] S1 N0 spin=1 epoch=10 now=1780066871 InitTime=1780066851 lastpropose=1780066871 wallGap=20 need>=18 ok1=true lastGap=0 need>=2 ok2=false
[handleTxFromClient] S1 N0 recv client batch, tx_count=781
[handleTxFromClient] S1 N0 append to Tx_pool.Queue: local_queued=781 forward_other_shard=0 Queue_total_len=875

第9个块结束relay

[Propose wait] S1 N0 spin=50 epoch=10 now=1780066872 InitTime=1780066851 lastpropose=1780066871 wallGap=21 need>=18 ok1=true lastGap=1 need>=2 ok2=false
[Propose] S1 N0 时间条件满足: epoch=10->11 now=1780066873 InitTime=1780066851 lastpropose=1780066871 wallGap=22>=18 lastGap=2>=2 → propose1
[Propose] S1 N0 等待 sequenceLock…
[Propose] S1 N0 已持有 sequenceLock，seqID=10 即将 propose1
[propose1] S1 N0 seq=10 Tx_pool.Queue_len=1104
left_count: 500
更新树花时间为: 48
写数据库IO花时间为: 54
编号为 10 的区块已加入本地区块链！curBlock: 
blockHeader: 
[4b0f401bce3c1f8cba4c43ae354b536923880b7431d325cd9fd2eb9efc9bbc3b 1c078df2f4bebde70dcb4d50b486ae84541f601a1f49cc14e17c6b112ff37af4 b435cd149264e6efee998665f74e44a9d7b1bf25da67cf171c5d92d97354038b 10 1780066873]
# of transactions: 500
# of TXmig1s: 0
# of In1s: 0
# of Anns: 0
# of NSs: 0
blockHash: 
65f5362fcfc22be8034a74200c463a0fc366ebed74711b84e468a8b037c685de

第10个块开始准备relay

[Propose wait] S1 N0 spin=1 epoch=11 now=1780066873 InitTime=1780066851 lastpropose=1780066873 wallGap=22 need>=20 ok1=true lastGap=0 need>=2 ok2=false
[handleTxFromClient] S1 N0 recv client batch, tx_count=219
[handleTxFromClient] S1 N0 append to Tx_pool.Queue: local_queued=219 forward_other_shard=0 Queue_total_len=823

第10个块结束relay

[Propose wait] S1 N0 spin=50 epoch=11 now=1780066874 InitTime=1780066851 lastpropose=1780066873 wallGap=23 need>=20 ok1=true lastGap=1 need>=2 ok2=false
[Propose] S1 N0 时间条件满足: epoch=11->12 now=1780066875 InitTime=1780066851 lastpropose=1780066873 wallGap=24>=20 lastGap=2>=2 → propose1
[Propose] S1 N0 等待 sequenceLock…
[Propose] S1 N0 已持有 sequenceLock，seqID=11 即将 propose1
[propose1] S1 N0 seq=11 Tx_pool.Queue_len=1078
left_count: 500
更新树花时间为: 35
写数据库IO花时间为: 40
编号为 11 的区块已加入本地区块链！curBlock: 
blockHeader: 
[65f5362fcfc22be8034a74200c463a0fc366ebed74711b84e468a8b037c685de 1a128e630a3cc9247d39294ad77cc8fc93a46378511decaa23c610c6a308c76f 3622bd955cf8579d060cc7cefa984f47c1885330ec05ee49a88f179a1f1050ae 11 1780066875]
# of transactions: 500
# of TXmig1s: 0
# of In1s: 0
# of Anns: 0
# of NSs: 0
blockHash: 
e7c7b5d9c83c4d40f4a7d5126c9c585135a1c38581d05a8ca8f910f6ccf4daf3

第11个块开始准备relay

[Propose wait] S1 N0 spin=1 epoch=12 now=1780066875 InitTime=1780066851 lastpropose=1780066875 wallGap=24 need>=22 ok1=true lastGap=0 need>=2 ok2=false
[handleTxFromClient] S1 N0 recv client batch, tx_count=188
[handleTxFromClient] S1 N0 append to Tx_pool.Queue: local_queued=188 forward_other_shard=0 Queue_total_len=766

第11个块结束relay

[Propose wait] S1 N0 spin=50 epoch=12 now=1780066876 InitTime=1780066851 lastpropose=1780066875 wallGap=25 need>=22 ok1=true lastGap=1 need>=2 ok2=false
[Propose] S1 N0 时间条件满足: epoch=12->13 now=1780066877 InitTime=1780066851 lastpropose=1780066875 wallGap=26>=22 lastGap=2>=2 → propose1
[Propose] S1 N0 等待 sequenceLock…
[Propose] S1 N0 已持有 sequenceLock，seqID=12 即将 propose1
[propose1] S1 N0 seq=12 Tx_pool.Queue_len=986
left_count: 500
更新树花时间为: 36
写数据库IO花时间为: 60
编号为 12 的区块已加入本地区块链！curBlock: 
blockHeader: 
[e7c7b5d9c83c4d40f4a7d5126c9c585135a1c38581d05a8ca8f910f6ccf4daf3 bbb6f93d822c358b0e340168a10ce8f002a259389be396aa622328fb9497ea81 2ee11caddffef377ee243c738b73669f5ae8ecc02aeeb244f8e6fa5e5b75410c 12 1780066877]
# of transactions: 500
# of TXmig1s: 0
# of In1s: 0
# of Anns: 0
# of NSs: 0
blockHash: 
c12e8db498359163aeefbb9e1773061b09dceac759ff0d07b12e6faa582e79a5

第12个块开始准备relay

[Propose wait] S1 N0 spin=1 epoch=13 now=1780066877 InitTime=1780066851 lastpropose=1780066877 wallGap=26 need>=24 ok1=true lastGap=0 need>=2 ok2=false
[handleTxFromClient] S1 N0 recv client batch, tx_count=179
[handleTxFromClient] S1 N0 append to Tx_pool.Queue: local_queued=179 forward_other_shard=0 Queue_total_len=665

第12个块结束relay

[Propose wait] S1 N0 spin=50 epoch=13 now=1780066878 InitTime=1780066851 lastpropose=1780066877 wallGap=27 need>=24 ok1=true lastGap=1 need>=2 ok2=false
[Propose] S1 N0 时间条件满足: epoch=13->14 now=1780066879 InitTime=1780066851 lastpropose=1780066877 wallGap=28>=24 lastGap=2>=2 → propose1
[Propose] S1 N0 等待 sequenceLock…
[Propose] S1 N0 已持有 sequenceLock，seqID=13 即将 propose1
[propose1] S1 N0 seq=13 Tx_pool.Queue_len=789
left_count: 500
更新树花时间为: 53
写数据库IO花时间为: 71
编号为 13 的区块已加入本地区块链！curBlock: 
blockHeader: 
[c12e8db498359163aeefbb9e1773061b09dceac759ff0d07b12e6faa582e79a5 af8a1c78ae24b8243e4409a2b9fcb518768ea40675b2ea20f1bf13218541bf9d c3751321c121ffed66a9823abb22dd5f6cafdedc5b2b8535fec063cc1cbbbf05 13 1780066879]
# of transactions: 500
# of TXmig1s: 0
# of In1s: 0
# of Anns: 0
# of NSs: 0
blockHash: 
b97e086215c11f1da21f45f60f75e29ed0adb21af49e0965a0135bb53a1d471c

第13个块开始准备relay

[Propose wait] S1 N0 spin=1 epoch=14 now=1780066879 InitTime=1780066851 lastpropose=1780066879 wallGap=28 need>=26 ok1=true lastGap=0 need>=2 ok2=false
[handleTxFromClient] S1 N0 recv client batch, tx_count=199
[handleTxFromClient] S1 N0 append to Tx_pool.Queue: local_queued=199 forward_other_shard=0 Queue_total_len=488

第13个块结束relay

[Propose wait] S1 N0 spin=50 epoch=14 now=1780066880 InitTime=1780066851 lastpropose=1780066879 wallGap=29 need>=26 ok1=true lastGap=1 need>=2 ok2=false
[Propose] S1 N0 时间条件满足: epoch=14->15 now=1780066881 InitTime=1780066851 lastpropose=1780066879 wallGap=30>=26 lastGap=2>=2 → propose1
[Propose] S1 N0 等待 sequenceLock…
[Propose] S1 N0 已持有 sequenceLock，seqID=14 即将 propose1
[propose1] S1 N0 seq=14 Tx_pool.Queue_len=717
left_count: 500
更新树花时间为: 48
写数据库IO花时间为: 53
编号为 14 的区块已加入本地区块链！curBlock: 
blockHeader: 
[b97e086215c11f1da21f45f60f75e29ed0adb21af49e0965a0135bb53a1d471c 336fc8f90ec85680d18107191d4822a6e4f342e867bc3a704676f3cd603132a1 20577f0fb4e03366f819923773ad9deaea4df218e0dc31439ddd9912278b5d5b 14 1780066881]
# of transactions: 500
# of TXmig1s: 0
# of In1s: 0
# of Anns: 0
# of NSs: 0
blockHash: 
80c14d2646e69434ed8751346b66f52e44c05b242c0e4e3a616db9d8006a49f8

第14个块开始准备relay

[Propose wait] S1 N0 spin=1 epoch=15 now=1780066881 InitTime=1780066851 lastpropose=1780066881 wallGap=30 need>=28 ok1=true lastGap=0 need>=2 ok2=false
[handleTxFromClient] S1 N0 recv client batch, tx_count=362
[handleTxFromClient] S1 N0 append to Tx_pool.Queue: local_queued=362 forward_other_shard=0 Queue_total_len=579

第14个块结束relay

[Propose wait] S1 N0 spin=50 epoch=15 now=1780066882 InitTime=1780066851 lastpropose=1780066881 wallGap=31 need>=28 ok1=true lastGap=1 need>=2 ok2=false
[Propose] S1 N0 时间条件满足: epoch=15->16 now=1780066883 InitTime=1780066851 lastpropose=1780066881 wallGap=32>=28 lastGap=2>=2 → propose1
[Propose] S1 N0 等待 sequenceLock…
[Propose] S1 N0 已持有 sequenceLock，seqID=15 即将 propose1
[propose1] S1 N0 seq=15 Tx_pool.Queue_len=774
left_count: 500
更新树花时间为: 51
写数据库IO花时间为: 63
编号为 15 的区块已加入本地区块链！curBlock: 
blockHeader: 
[80c14d2646e69434ed8751346b66f52e44c05b242c0e4e3a616db9d8006a49f8 d91aa088f8a9c0f6e73d23d952c637cf0350cf37e6bdb1480dea3df078e453ca d7e88f79fcef1192216e41577a44e5312c35f954bfd4e1b1080fd095a3ed650d 15 1780066883]
# of transactions: 500
# of TXmig1s: 0
# of In1s: 0
# of Anns: 0
# of NSs: 0
blockHash: 
f72af2e3606b4c0dd73a91d952204e952ec2be2b910cb23c2b931b2fcef40e4f

第15个块开始准备relay

[Propose wait] S1 N0 spin=1 epoch=16 now=1780066883 InitTime=1780066851 lastpropose=1780066883 wallGap=32 need>=30 ok1=true lastGap=0 need>=2 ok2=false
[handleTxFromClient] S1 N0 recv client batch, tx_count=151
[handleTxFromClient] S1 N0 append to Tx_pool.Queue: local_queued=151 forward_other_shard=0 Queue_total_len=425

第15个块结束relay

[Propose wait] S1 N0 spin=50 epoch=16 now=1780066884 InitTime=1780066851 lastpropose=1780066883 wallGap=33 need>=30 ok1=true lastGap=1 need>=2 ok2=false
[Propose] S1 N0 时间条件满足: epoch=16->17 now=1780066885 InitTime=1780066851 lastpropose=1780066883 wallGap=34>=30 lastGap=2>=2 → propose1
[Propose] S1 N0 等待 sequenceLock…
[Propose] S1 N0 已持有 sequenceLock，seqID=16 即将 propose1
[propose1] S1 N0 seq=16 Tx_pool.Queue_len=592
left_count: 500
更新树花时间为: 33
写数据库IO花时间为: 58
编号为 16 的区块已加入本地区块链！curBlock: 
blockHeader: 
[f72af2e3606b4c0dd73a91d952204e952ec2be2b910cb23c2b931b2fcef40e4f 7a1dace9537a95a68063c7171eae453e81dd49ab68b18aeda357b031c6f08154 81c4d99b11dd4300982a41b8c790c7d4ac41f3ecbfd4b4a25879b6f621d345c8 16 1780066885]
# of transactions: 500
# of TXmig1s: 0
# of In1s: 0
# of Anns: 0
# of NSs: 0
blockHash: 
516578ec16d0cd41a2cc43725e81a25268e9f1245782bf7c68fbcd039ad0235b

第16个块开始准备relay

[Propose wait] S1 N0 spin=1 epoch=17 now=1780066885 InitTime=1780066851 lastpropose=1780066885 wallGap=34 need>=32 ok1=true lastGap=0 need>=2 ok2=false
[handleTxFromClient] S1 N0 recv client batch, tx_count=320
[handleTxFromClient] S1 N0 append to Tx_pool.Queue: local_queued=320 forward_other_shard=0 Queue_total_len=412

第16个块结束relay

[Propose wait] S1 N0 spin=50 epoch=17 now=1780066886 InitTime=1780066851 lastpropose=1780066885 wallGap=35 need>=32 ok1=true lastGap=1 need>=2 ok2=false
[Propose] S1 N0 时间条件满足: epoch=17->18 now=1780066887 InitTime=1780066851 lastpropose=1780066885 wallGap=36>=32 lastGap=2>=2 → propose1
[Propose] S1 N0 等待 sequenceLock…
[Propose] S1 N0 已持有 sequenceLock，seqID=17 即将 propose1
[propose1] S1 N0 seq=17 Tx_pool.Queue_len=686
left_count: 500
更新树花时间为: 32
写数据库IO花时间为: 42
编号为 17 的区块已加入本地区块链！curBlock: 
blockHeader: 
[516578ec16d0cd41a2cc43725e81a25268e9f1245782bf7c68fbcd039ad0235b 370615fa04946763eafb15b0d864a88a97f9e0c3a875801f10d1900337087885 e92866a78e1f42eaaf1ce223c9ac73cb86eea3acbe5ca1d30739e70bfbf538ad 17 1780066887]
# of transactions: 500
# of TXmig1s: 0
# of In1s: 0
# of Anns: 0
# of NSs: 0
blockHash: 
b1b8601ade68475de722bc112b9abc651a1398d14ddfd2aa05d9bec6bc6e7b5d

第17个块开始准备relay

[Propose wait] S1 N0 spin=1 epoch=18 now=1780066887 InitTime=1780066851 lastpropose=1780066887 wallGap=36 need>=34 ok1=true lastGap=0 need>=2 ok2=false
[handleTxFromClient] S1 N0 recv client batch, tx_count=780
[handleTxFromClient] S1 N0 append to Tx_pool.Queue: local_queued=780 forward_other_shard=0 Queue_total_len=966

第17个块结束relay

[Propose wait] S1 N0 spin=50 epoch=18 now=1780066888 InitTime=1780066851 lastpropose=1780066887 wallGap=37 need>=34 ok1=true lastGap=1 need>=2 ok2=false
[Propose] S1 N0 时间条件满足: epoch=18->19 now=1780066889 InitTime=1780066851 lastpropose=1780066887 wallGap=38>=34 lastGap=2>=2 → propose1
[Propose] S1 N0 等待 sequenceLock…
[Propose] S1 N0 已持有 sequenceLock，seqID=18 即将 propose1
[propose1] S1 N0 seq=18 Tx_pool.Queue_len=1184
left_count: 500
更新树花时间为: 38
写数据库IO花时间为: 46
编号为 18 的区块已加入本地区块链！curBlock: 
blockHeader: 
[b1b8601ade68475de722bc112b9abc651a1398d14ddfd2aa05d9bec6bc6e7b5d bcda20f6677fcea50c6f1aedee9651b45c89916c524e0c9d1a67bb9643a6ccaa 2ea54bdbf288b7736684ed145e110628cc82d664d9842c191ae1cb1450fabfd8 18 1780066889]
# of transactions: 500
# of TXmig1s: 0
# of In1s: 0
# of Anns: 0
# of NSs: 0
blockHash: 
28bc8e043dff91210e8c25da5e5e9ce8d1e09f30b2c625423a1befc7fe024224

第18个块开始准备relay

[Propose wait] S1 N0 spin=1 epoch=19 now=1780066889 InitTime=1780066851 lastpropose=1780066889 wallGap=38 need>=36 ok1=true lastGap=0 need>=2 ok2=false
[handleTxFromClient] S1 N0 recv client batch, tx_count=382
[handleTxFromClient] S1 N0 append to Tx_pool.Queue: local_queued=382 forward_other_shard=0 Queue_total_len=1066

第18个块结束relay

[Propose wait] S1 N0 spin=50 epoch=19 now=1780066890 InitTime=1780066851 lastpropose=1780066889 wallGap=39 need>=36 ok1=true lastGap=1 need>=2 ok2=false
[Propose] S1 N0 时间条件满足: epoch=19->20 now=1780066891 InitTime=1780066851 lastpropose=1780066889 wallGap=40>=36 lastGap=2>=2 → propose1
[Propose] S1 N0 等待 sequenceLock…
[Propose] S1 N0 已持有 sequenceLock，seqID=19 即将 propose1
[propose1] S1 N0 seq=19 Tx_pool.Queue_len=1283
left_count: 500
更新树花时间为: 38
写数据库IO花时间为: 43
编号为 19 的区块已加入本地区块链！curBlock: 
blockHeader: 
[28bc8e043dff91210e8c25da5e5e9ce8d1e09f30b2c625423a1befc7fe024224 8086b9f6a3ff98f1454bed5597c88676dd5ee04a1a5dcb10d004238bdefd6a05 3e2ef5ede673df8c8dc07dfb5032046a6801a7a1dc5a8ec405d337b3d90a0577 19 1780066891]
# of transactions: 500
# of TXmig1s: 0
# of In1s: 0
# of Anns: 0
# of NSs: 0
blockHash: 
f7c20012bea55f4aff5b0b5c292bec9528c5ea14014626012d32ea14039384ed

第19个块开始准备relay

[Propose wait] S1 N0 spin=1 epoch=20 now=1780066891 InitTime=1780066851 lastpropose=1780066891 wallGap=40 need>=38 ok1=true lastGap=0 need>=2 ok2=false
[handleTxFromClient] S1 N0 recv client batch, tx_count=792
[handleTxFromClient] S1 N0 append to Tx_pool.Queue: local_queued=792 forward_other_shard=0 Queue_total_len=1575

第19个块结束relay

[Propose wait] S1 N0 spin=50 epoch=20 now=1780066892 InitTime=1780066851 lastpropose=1780066891 wallGap=41 need>=38 ok1=true lastGap=1 need>=2 ok2=false
[Propose] S1 N0 时间条件满足: epoch=20->21 now=1780066893 InitTime=1780066851 lastpropose=1780066891 wallGap=42>=38 lastGap=2>=2 → propose1
[Propose] S1 N0 等待 sequenceLock…
[Propose] S1 N0 已持有 sequenceLock，seqID=20 即将 propose1
[propose1] S1 N0 seq=20 Tx_pool.Queue_len=1757
left_count: 500
更新树花时间为: 37
写数据库IO花时间为: 43
编号为 20 的区块已加入本地区块链！curBlock: 
blockHeader: 
[f7c20012bea55f4aff5b0b5c292bec9528c5ea14014626012d32ea14039384ed 70d791c67cfecad1fa2ed49de4259ea6c8e8bbf0cc8356b7867d2c4ebc2b599e 26f4371283fc3d1e75ec03fa531be5d5c89e3a40910a50ffecaa59300aedcf3e 20 1780066893]
# of transactions: 500
# of TXmig1s: 0
# of In1s: 0
# of Anns: 0
# of NSs: 0
blockHash: 
f5a9be3130c6ba7cd57aa9fdaf88ccd9e8944e5baade6d54b16fdf3121837976

第20个块开始准备relay

[Propose wait] S1 N0 spin=1 epoch=21 now=1780066893 InitTime=1780066851 lastpropose=1780066893 wallGap=42 need>=40 ok1=true lastGap=0 need>=2 ok2=false
[handleTxFromClient] S1 N0 recv client batch, tx_count=772
[handleTxFromClient] S1 N0 append to Tx_pool.Queue: local_queued=772 forward_other_shard=0 Queue_total_len=2029

第20个块结束relay

[Propose wait] S1 N0 spin=50 epoch=21 now=1780066894 InitTime=1780066851 lastpropose=1780066893 wallGap=43 need>=40 ok1=true lastGap=1 need>=2 ok2=false
[Propose] S1 N0 时间条件满足: epoch=21->22 now=1780066895 InitTime=1780066851 lastpropose=1780066893 wallGap=44>=40 lastGap=2>=2 → propose1
[Propose] S1 N0 等待 sequenceLock…
[Propose] S1 N0 已持有 sequenceLock，seqID=21 即将 propose1
[propose1] S1 N0 seq=21 Tx_pool.Queue_len=2280
left_count: 500
更新树花时间为: 35
写数据库IO花时间为: 56
编号为 21 的区块已加入本地区块链！curBlock: 
blockHeader: 
[f5a9be3130c6ba7cd57aa9fdaf88ccd9e8944e5baade6d54b16fdf3121837976 546b6b485eced022d3f992a22c8fa9bcbd546ca43b9279df026e98cc44ad2df8 ff03230cdbfe60f9df200c71a119fdb5695126534b3813c8c5c0ed435e1b52d2 21 1780066895]
# of transactions: 500
# of TXmig1s: 0
# of In1s: 0
# of Anns: 0
# of NSs: 0
blockHash: 
157c024561af18175ad7ca2b304c40da22dbe1dfecb6c18349d2e9db2ca206f8

第21个块开始准备relay

[Propose wait] S1 N0 spin=1 epoch=22 now=1780066895 InitTime=1780066851 lastpropose=1780066895 wallGap=44 need>=42 ok1=true lastGap=0 need>=2 ok2=false
本节点已接收到client发来准备迁移通知
本节点已将 pending 发送到 client（1780 笔）
本节点已接收到客户端发送的新映射
[handleTxFromClient] S1 N0 recv client batch, tx_count=759
[handleTxFromClient] S1 N0 append to Tx_pool.Queue: local_queued=759 forward_other_shard=0 Queue_total_len=2539

第21个块结束relay

[Propose wait] S1 N0 spin=50 epoch=22 now=1780066896 InitTime=1780066851 lastpropose=1780066895 wallGap=45 need>=42 ok1=true lastGap=1 need>=2 ok2=false
[Propose] S1 N0 时间条件满足: epoch=22->23 now=1780066897 InitTime=1780066851 lastpropose=1780066895 wallGap=46>=42 lastGap=2>=2 → propose1
[Propose] S1 N0 等待 sequenceLock…
[Propose] S1 N0 已持有 sequenceLock，seqID=22 即将 propose1
[propose1] S1 N0 seq=22 Tx_pool.Queue_len=2738
left_count: 200
更新树花时间为: 43
写数据库IO花时间为: 64
编号为 22 的区块已加入本地区块链！curBlock: 
blockHeader: 
[157c024561af18175ad7ca2b304c40da22dbe1dfecb6c18349d2e9db2ca206f8 f45be2d99566bee9d82cb792e1599ed97529feecb9b540e2265d9f5b28852f6b 696e913fe6f23893035ba7903c8516eb7e53531e54a11ab6e473da901caa8fba 22 1780066897]
# of transactions: 200
# of TXmig1s: 300
# of In1s: 0
# of Anns: 0
# of NSs: 0
blockHash: 
d81a1eaf02d53c698beb5100a159ffe235c4da761a29ba6fc94d8b90f93e6232

第22个块开始准备relay

[Propose wait] S1 N0 spin=1 epoch=23 now=1780066897 InitTime=1780066851 lastpropose=1780066897 wallGap=46 need>=44 ok1=true lastGap=0 need>=2 ok2=false

本节点已接收到分片S0发来的迁移请求 
9999999999999999999775000000000000000000


第22个块结束relay

[handleTxFromClient] S1 N0 recv client batch, tx_count=767
[handleTxFromClient] S1 N0 append to Tx_pool.Queue: local_queued=767 forward_other_shard=0 Queue_total_len=3305
[Propose wait] S1 N0 spin=50 epoch=23 now=1780066898 InitTime=1780066851 lastpropose=1780066897 wallGap=47 need>=44 ok1=true lastGap=1 need>=2 ok2=false
[Propose] S1 N0 时间条件满足: epoch=23->24 now=1780066899 InitTime=1780066851 lastpropose=1780066897 wallGap=48>=44 lastGap=2>=2 → propose1
[Propose] S1 N0 等待 sequenceLock…
[Propose] S1 N0 已持有 sequenceLock，seqID=23 即将 propose1
[propose1] S1 N0 seq=23 Tx_pool.Queue_len=3443
left_count: 300
更新树花时间为: 39
写数据库IO花时间为: 45
编号为 23 的区块已加入本地区块链！curBlock: 
blockHeader: 
[d81a1eaf02d53c698beb5100a159ffe235c4da761a29ba6fc94d8b90f93e6232 9263528b12359d2b969a49107deeaf026512c6c6f04e0b7cacdcc45e9ce4a6b0 e9ea03ba070d2b4d6fc765b82d0d9c6ad34d62567a83d7fe89e8a8b0ad4ab119 23 1780066899]
# of transactions: 300
# of TXmig1s: 169
# of In1s: 31
# of Anns: 0
# of NSs: 0
blockHash: 
71cd13d214a8054e101e6e36a125c42613421fd06367b5c33d0f866371054f72

第23个块开始准备relay

[Propose wait] S1 N0 spin=1 epoch=24 now=1780066899 InitTime=1780066851 lastpropose=1780066899 wallGap=48 need>=46 ok1=true lastGap=0 need>=2 ok2=false

第23个块结束relay

[handleTxFromClient] S1 N0 recv client batch, tx_count=772
[handleTxFromClient] S1 N0 append to Tx_pool.Queue: local_queued=772 forward_other_shard=0 Queue_total_len=4036
[Propose wait] S1 N0 spin=50 epoch=24 now=1780066900 InitTime=1780066851 lastpropose=1780066899 wallGap=49 need>=46 ok1=true lastGap=1 need>=2 ok2=false
本节点已接收到分片S0发来通知 
1
2
3
[Propose] S1 N0 时间条件满足: epoch=24->25 now=1780066901 InitTime=1780066851 lastpropose=1780066899 wallGap=50>=46 lastGap=2>=2 → propose1
[Propose] S1 N0 等待 sequenceLock…
[Propose] S1 N0 已持有 sequenceLock，seqID=24 即将 propose1
[propose1] S1 N0 seq=24 Tx_pool.Queue_len=4036
left_count: 200
更新树花时间为: 25
写数据库IO花时间为: 45
编号为 24 的区块已加入本地区块链！curBlock: 
blockHeader: 
[71cd13d214a8054e101e6e36a125c42613421fd06367b5c33d0f866371054f72 3195ff6278c98b060b24fdd7a886412305f68aa11a609d29339e5a0b479c8c4c 0f80f5e0ae673b89d5c1756299c21522b54811231f8b24a22d9fc7f2c438af7d 24 1780066901]
# of transactions: 200
# of TXmig1s: 0
# of In1s: 0
# of Anns: 300
# of NSs: 0
blockHash: 
fe685e413760443214e9308ba404312479d6da16e4c9399808283f561483385b
时间：1780066901124  本节点已接收到新
本节点已将迁移过来的pending交易的账户数量发送到client

handleAnns时是第24个块

handleannounce交易池操作时差为：0
handleannounce两锁时差为：0


第24个块开始准备relay

[Propose wait] S1 N0 spin=1 epoch=25 now=1780066901 InitTime=1780066851 lastpropose=1780066901 wallGap=50 need>=48 ok1=true lastGap=0 need>=2 ok2=false

第24个块结束relay

[handleTxFromClient] S1 N0 recv client batch, tx_count=789
[handleTxFromClient] S1 N0 append to Tx_pool.Queue: local_queued=789 forward_other_shard=0 Queue_total_len=4469
本节点已接收到分片S0发来通知 
1
2
3
[Propose wait] S1 N0 spin=50 epoch=25 now=1780066902 InitTime=1780066851 lastpropose=1780066901 wallGap=51 need>=48 ok1=true lastGap=1 need>=2 ok2=false
时间：51286  正在向分片S0的主节点发送新
本节点已将不变的账户数量发送到client

[Propose] S1 N0 时间条件满足: epoch=25->26 now=1780066903 InitTime=1780066851 lastpropose=1780066901 wallGap=52>=48 lastGap=2>=2 → propose1
[Propose] S1 N0 等待 sequenceLock…
[Propose] S1 N0 已持有 sequenceLock，seqID=25 即将 propose1
[propose1] S1 N0 seq=25 Tx_pool.Queue_len=4469
left_count: 331
更新树花时间为: 36
写数据库IO花时间为: 61
编号为 25 的区块已加入本地区块链！curBlock: 
blockHeader: 
[fe685e413760443214e9308ba404312479d6da16e4c9399808283f561483385b 672c5164023119b477031de1379e40b02a32fa8081064246e70ea1782d046d61 3f68cb8812a421bae4562d94ec8ce3f6f7097ed99255809aa49f80082c3bca13 25 1780066903]
# of transactions: 331
# of TXmig1s: 0
# of In1s: 0
# of Anns: 169
# of NSs: 0
blockHash: 
f791f298efc6dec8c841af885e27c5232c53ec9e871382f06acf3417ba6fb47d
handleAnns时是第25个块

handleannounce交易池操作时差为：509
handleannounce两锁时差为：509


第25个块开始准备relay

[Propose wait] S1 N0 spin=1 epoch=26 now=1780066903 InitTime=1780066851 lastpropose=1780066903 wallGap=52 need>=50 ok1=true lastGap=0 need>=2 ok2=false
时间：52150  正在向分片S0的主节点发送新
本节点已将不变的账户数量发送到client

[handleTxFromClient] S1 N0 recv client batch, tx_count=697
[handleTxFromClient] S1 N0 append to Tx_pool.Queue: local_queued=697 forward_other_shard=0 Queue_total_len=4752

第25个块结束relay

[Propose wait] S1 N0 spin=50 epoch=26 now=1780066904 InitTime=1780066851 lastpropose=1780066903 wallGap=53 need>=50 ok1=true lastGap=1 need>=2 ok2=false
[Propose] S1 N0 时间条件满足: epoch=26->27 now=1780066905 InitTime=1780066851 lastpropose=1780066903 wallGap=54>=50 lastGap=2>=2 → propose1
[Propose] S1 N0 等待 sequenceLock…
[Propose] S1 N0 已持有 sequenceLock，seqID=26 即将 propose1
[propose1] S1 N0 seq=26 Tx_pool.Queue_len=4752
left_count: 500
更新树花时间为: 44
写数据库IO花时间为: 54
编号为 26 的区块已加入本地区块链！curBlock: 
blockHeader: 
[f791f298efc6dec8c841af885e27c5232c53ec9e871382f06acf3417ba6fb47d f87c8698f90784cfa3bd26883b2380419485342e199e9eb16395c485933ce376 205795a2827b9c651a291d168f978e543be8cfed9701a55670b500dceac91618 26 1780066905]
# of transactions: 500
# of TXmig1s: 0
# of In1s: 0
# of Anns: 0
# of NSs: 0
blockHash: 
cbd356630f309a7eb610169dbb194be9d619a81c9d8cb5c3c0f9a0644bada67d

第26个块开始准备relay

[Propose wait] S1 N0 spin=1 epoch=27 now=1780066905 InitTime=1780066851 lastpropose=1780066905 wallGap=54 need>=52 ok1=true lastGap=0 need>=2 ok2=false

第26个块结束relay

[Propose wait] S1 N0 spin=50 epoch=27 now=1780066906 InitTime=1780066851 lastpropose=1780066905 wallGap=55 need>=52 ok1=true lastGap=1 need>=2 ok2=false
[Propose] S1 N0 时间条件满足: epoch=27->28 now=1780066907 InitTime=1780066851 lastpropose=1780066905 wallGap=56>=52 lastGap=2>=2 → propose1
[Propose] S1 N0 等待 sequenceLock…
[Propose] S1 N0 已持有 sequenceLock，seqID=27 即将 propose1
[propose1] S1 N0 seq=27 Tx_pool.Queue_len=4299
left_count: 500
更新树花时间为: 53
写数据库IO花时间为: 58
编号为 27 的区块已加入本地区块链！curBlock: 
blockHeader: 
[cbd356630f309a7eb610169dbb194be9d619a81c9d8cb5c3c0f9a0644bada67d 4e12c825db771d2fe2f8e72a45f809094cd3cd5eff42e9ef4641dbc83a794661 0ad5023c2218e3554a0b07aa958b8f6beaae856ca06fdeb6e77452e591a46d68 27 1780066907]
# of transactions: 500
# of TXmig1s: 0
# of In1s: 0
# of Anns: 0
# of NSs: 0
blockHash: 
63fb6f1e8f427643c5617afb6bee711ea83f68d6f10198f9005fc0ade85bdc7a

第27个块开始准备relay

[Propose wait] S1 N0 spin=1 epoch=28 now=1780066907 InitTime=1780066851 lastpropose=1780066907 wallGap=56 need>=54 ok1=true lastGap=0 need>=2 ok2=false

第27个块结束relay

[Propose wait] S1 N0 spin=50 epoch=28 now=1780066908 InitTime=1780066851 lastpropose=1780066907 wallGap=57 need>=54 ok1=true lastGap=1 need>=2 ok2=false
[Propose] S1 N0 时间条件满足: epoch=28->29 now=1780066909 InitTime=1780066851 lastpropose=1780066907 wallGap=58>=54 lastGap=2>=2 → propose1
[Propose] S1 N0 等待 sequenceLock…
[Propose] S1 N0 已持有 sequenceLock，seqID=28 即将 propose1
[propose1] S1 N0 seq=28 Tx_pool.Queue_len=3881
left_count: 500
更新树花时间为: 47
写数据库IO花时间为: 73
编号为 28 的区块已加入本地区块链！curBlock: 
blockHeader: 
[63fb6f1e8f427643c5617afb6bee711ea83f68d6f10198f9005fc0ade85bdc7a 959a495677a247ba07781028a361aa28f7e176099e09c328ea2d9f4a2aee7a14 47b943559eec0a7b94a5ec2c37c8a7771eb21291d0abd8f7c92c4fe3677ca94d 28 1780066909]
# of transactions: 500
# of TXmig1s: 0
# of In1s: 0
# of Anns: 0
# of NSs: 0
blockHash: 
0f6c510a4e17727508a48333402039e38c779ee7c2ba0b0b63127088cb7e6af0

第28个块开始准备relay

[Propose wait] S1 N0 spin=1 epoch=29 now=1780066909 InitTime=1780066851 lastpropose=1780066909 wallGap=58 need>=56 ok1=true lastGap=0 need>=2 ok2=false

第28个块结束relay

[Propose wait] S1 N0 spin=50 epoch=29 now=1780066910 InitTime=1780066851 lastpropose=1780066909 wallGap=59 need>=56 ok1=true lastGap=1 need>=2 ok2=false
[Propose] S1 N0 时间条件满足: epoch=29->30 now=1780066911 InitTime=1780066851 lastpropose=1780066909 wallGap=60>=56 lastGap=2>=2 → propose1
[Propose] S1 N0 等待 sequenceLock…
[Propose] S1 N0 已持有 sequenceLock，seqID=29 即将 propose1
[propose1] S1 N0 seq=29 Tx_pool.Queue_len=3393
left_count: 500
更新树花时间为: 81
写数据库IO花时间为: 90
编号为 29 的区块已加入本地区块链！curBlock: 
blockHeader: 
[0f6c510a4e17727508a48333402039e38c779ee7c2ba0b0b63127088cb7e6af0 554fe6d6b6799c40124e39de1dc821df6c1583ab8d51268dbe4774b01c77d7fd f745133449f3bdda3db3d3a5b35af46bb87e48d4fe99b6c7f23e1238a22d609d 29 1780066911]
# of transactions: 500
# of TXmig1s: 0
# of In1s: 0
# of Anns: 0
# of NSs: 0
blockHash: 
39a4ecf549716310ce1b4035fadab7a16219f06dea030825e620c67f26b10dd4

第29个块开始准备relay

[Propose wait] S1 N0 spin=1 epoch=30 now=1780066911 InitTime=1780066851 lastpropose=1780066911 wallGap=60 need>=58 ok1=true lastGap=0 need>=2 ok2=false

第29个块结束relay

[Propose wait] S1 N0 spin=50 epoch=30 now=1780066912 InitTime=1780066851 lastpropose=1780066911 wallGap=61 need>=58 ok1=true lastGap=1 need>=2 ok2=false
[Propose] S1 N0 时间条件满足: epoch=30->31 now=1780066913 InitTime=1780066851 lastpropose=1780066911 wallGap=62>=58 lastGap=2>=2 → propose1
[Propose] S1 N0 等待 sequenceLock…
[Propose] S1 N0 已持有 sequenceLock，seqID=30 即将 propose1
[propose1] S1 N0 seq=30 Tx_pool.Queue_len=2893
left_count: 500
更新树花时间为: 66
写数据库IO花时间为: 91
编号为 30 的区块已加入本地区块链！curBlock: 
blockHeader: 
[39a4ecf549716310ce1b4035fadab7a16219f06dea030825e620c67f26b10dd4 7ab45008876a55a55f3b35731bc40d30c3aba9f31c777e8507c4c5ecea766494 0e7eea1e0cd82329520a57b4a11f6c52f95472dfee18c968400f64f962ba6114 30 1780066913]
# of transactions: 500
# of TXmig1s: 0
# of In1s: 0
# of Anns: 0
# of NSs: 0
blockHash: 
fcdff2e50ab563c0b5dcdc470117da08f923404247f2e3645fe1b71b28108da1

第30个块开始准备relay

[Propose wait] S1 N0 spin=1 epoch=31 now=1780066913 InitTime=1780066851 lastpropose=1780066913 wallGap=62 need>=60 ok1=true lastGap=0 need>=2 ok2=false

第30个块结束relay

[Propose wait] S1 N0 spin=50 epoch=31 now=1780066914 InitTime=1780066851 lastpropose=1780066913 wallGap=63 need>=60 ok1=true lastGap=1 need>=2 ok2=false
[Propose] S1 N0 时间条件满足: epoch=31->32 now=1780066915 InitTime=1780066851 lastpropose=1780066913 wallGap=64>=60 lastGap=2>=2 → propose1
[Propose] S1 N0 等待 sequenceLock…
[Propose] S1 N0 已持有 sequenceLock，seqID=31 即将 propose1
[propose1] S1 N0 seq=31 Tx_pool.Queue_len=2393
left_count: 500
更新树花时间为: 60
写数据库IO花时间为: 83
编号为 31 的区块已加入本地区块链！curBlock: 
blockHeader: 
[fcdff2e50ab563c0b5dcdc470117da08f923404247f2e3645fe1b71b28108da1 2b4caf65a49ad3fe92754c03b7856ed157f63f61d3ffa6fc1cbffd60b40b53b5 5084710db91c99aa821c6abc63cda8c230eb80de9001aacd4e00c4205d8e0463 31 1780066915]
# of transactions: 500
# of TXmig1s: 0
# of In1s: 0
# of Anns: 0
# of NSs: 0
blockHash: 
fccfcdaecb5c1388842a4f18846910ab4f9351b741220f749fc2e71a78568bff

第31个块开始准备relay

[Propose wait] S1 N0 spin=1 epoch=32 now=1780066915 InitTime=1780066851 lastpropose=1780066915 wallGap=64 need>=62 ok1=true lastGap=0 need>=2 ok2=false

第31个块结束relay

[Propose wait] S1 N0 spin=50 epoch=32 now=1780066916 InitTime=1780066851 lastpropose=1780066915 wallGap=65 need>=62 ok1=true lastGap=1 need>=2 ok2=false
[Propose] S1 N0 时间条件满足: epoch=32->33 now=1780066917 InitTime=1780066851 lastpropose=1780066915 wallGap=66>=62 lastGap=2>=2 → propose1
[Propose] S1 N0 等待 sequenceLock…
[Propose] S1 N0 已持有 sequenceLock，seqID=32 即将 propose1
[propose1] S1 N0 seq=32 Tx_pool.Queue_len=1893
left_count: 500
更新树花时间为: 63
写数据库IO花时间为: 71
编号为 32 的区块已加入本地区块链！curBlock: 
blockHeader: 
[fccfcdaecb5c1388842a4f18846910ab4f9351b741220f749fc2e71a78568bff 331cbde44f0d989a3bb9091b46eebe7bbe59f07cb8df31b403fa6854eb7239e0 3a1710c98091f03b5fb5d404ff878371b3eec2a9b7814cd79ce33ea8d6768bf9 32 1780066917]
# of transactions: 500
# of TXmig1s: 0
# of In1s: 0
# of Anns: 0
# of NSs: 0
blockHash: 
7c5db2a3d7dfa006bd6824f02ad9e80133473e67ec450cc94ee2480e03a74013

第32个块开始准备relay

[Propose wait] S1 N0 spin=1 epoch=33 now=1780066917 InitTime=1780066851 lastpropose=1780066917 wallGap=66 need>=64 ok1=true lastGap=0 need>=2 ok2=false

第32个块结束relay

[Propose wait] S1 N0 spin=50 epoch=33 now=1780066918 InitTime=1780066851 lastpropose=1780066917 wallGap=67 need>=64 ok1=true lastGap=1 need>=2 ok2=false
[Propose] S1 N0 时间条件满足: epoch=33->34 now=1780066919 InitTime=1780066851 lastpropose=1780066917 wallGap=68>=64 lastGap=2>=2 → propose1
[Propose] S1 N0 等待 sequenceLock…
[Propose] S1 N0 已持有 sequenceLock，seqID=33 即将 propose1
[propose1] S1 N0 seq=33 Tx_pool.Queue_len=1393
left_count: 500
更新树花时间为: 100
写数据库IO花时间为: 105
编号为 33 的区块已加入本地区块链！curBlock: 
blockHeader: 
[7c5db2a3d7dfa006bd6824f02ad9e80133473e67ec450cc94ee2480e03a74013 a545359fb014281526c6a0ac33beea1c103456d4d04b254c6888d1d4927739f5 04752a2eecef5a89658607440486b8897be794314e2d513977a71c5d1b719409 33 1780066919]
# of transactions: 500
# of TXmig1s: 0
# of In1s: 0
# of Anns: 0
# of NSs: 0
blockHash: 
5b36a5b44a25d0a3edb7f75a1b40b552cf0da0cfaed1f492d43b29eac9f32ddd

第33个块开始准备relay

[Propose wait] S1 N0 spin=1 epoch=34 now=1780066919 InitTime=1780066851 lastpropose=1780066919 wallGap=68 need>=66 ok1=true lastGap=0 need>=2 ok2=false

第33个块结束relay

[Propose wait] S1 N0 spin=50 epoch=34 now=1780066920 InitTime=1780066851 lastpropose=1780066919 wallGap=69 need>=66 ok1=true lastGap=1 need>=2 ok2=false
[Propose] S1 N0 时间条件满足: epoch=34->35 now=1780066921 InitTime=1780066851 lastpropose=1780066919 wallGap=70>=66 lastGap=2>=2 → propose1
[Propose] S1 N0 等待 sequenceLock…
[Propose] S1 N0 已持有 sequenceLock，seqID=34 即将 propose1
[propose1] S1 N0 seq=34 Tx_pool.Queue_len=893
left_count: 500
更新树花时间为: 69
写数据库IO花时间为: 79
编号为 34 的区块已加入本地区块链！curBlock: 
blockHeader: 
[5b36a5b44a25d0a3edb7f75a1b40b552cf0da0cfaed1f492d43b29eac9f32ddd 7737f301491d91ae7a954504e811a7aadf7b487ac0fa304a4dfa37bf71531de2 af1f662d5e5795b864ff3e995428782a38960cb6c06dcab7725e43e56b7cb9ba 34 1780066921]
# of transactions: 500
# of TXmig1s: 0
# of In1s: 0
# of Anns: 0
# of NSs: 0
blockHash: 
0fda2161faf3996a4d4b4f44369abbccc2bc60a4cfa6352280893e8d0975c14c

第34个块开始准备relay

[Propose wait] S1 N0 spin=1 epoch=35 now=1780066921 InitTime=1780066851 lastpropose=1780066921 wallGap=70 need>=68 ok1=true lastGap=0 need>=2 ok2=false

第34个块结束relay

[Propose wait] S1 N0 spin=50 epoch=35 now=1780066922 InitTime=1780066851 lastpropose=1780066921 wallGap=71 need>=68 ok1=true lastGap=1 need>=2 ok2=false
[Propose] S1 N0 时间条件满足: epoch=35->36 now=1780066923 InitTime=1780066851 lastpropose=1780066921 wallGap=72>=68 lastGap=2>=2 → propose1
[Propose] S1 N0 等待 sequenceLock…
[Propose] S1 N0 已持有 sequenceLock，seqID=35 即将 propose1
[propose1] S1 N0 seq=35 Tx_pool.Queue_len=393
left_count: 500
更新树花时间为: 44
写数据库IO花时间为: 54
编号为 35 的区块已加入本地区块链！curBlock: 
blockHeader: 
[0fda2161faf3996a4d4b4f44369abbccc2bc60a4cfa6352280893e8d0975c14c de08a7e7b9ca2b78d887de9ed9c75d243385681216d9de1ed1306e523aa22734 5c913cdb8e409bae63067e2fcd09128e2746a89b25dccbbe0bfa19e770f28dee 35 1780066923]
# of transactions: 393
# of TXmig1s: 0
# of In1s: 0
# of Anns: 0
# of NSs: 0
blockHash: 
d22d77ec54c33b184496c7053988522f0d184d08640eac35763bf436a71245ae

第35个块开始准备relay

[Propose wait] S1 N0 spin=1 epoch=36 now=1780066923 InitTime=1780066851 lastpropose=1780066923 wallGap=72 need>=70 ok1=true lastGap=0 need>=2 ok2=false

第35个块结束relay

[Propose wait] S1 N0 spin=50 epoch=36 now=1780066924 InitTime=1780066851 lastpropose=1780066923 wallGap=73 need>=70 ok1=true lastGap=1 need>=2 ok2=false
[Propose] S1 N0 时间条件满足: epoch=36->37 now=1780066925 InitTime=1780066851 lastpropose=1780066923 wallGap=74>=70 lastGap=2>=2 → propose1
[Propose] S1 N0 等待 sequenceLock…
[Propose] S1 N0 已持有 sequenceLock，seqID=36 即将 propose1
[propose1] S1 N0 seq=36 Tx_pool.Queue_len=0
left_count: 500
更新树花时间为: 0
写数据库IO花时间为: 6
编号为 36 的区块已加入本地区块链！curBlock: 
blockHeader: 
[d22d77ec54c33b184496c7053988522f0d184d08640eac35763bf436a71245ae de08a7e7b9ca2b78d887de9ed9c75d243385681216d9de1ed1306e523aa22734 56e81f171bcc55a6ff8345e692c0f86e5b48e01b996cadc001622fb5e363b421 36 1780066925]
# of transactions: 0
# of TXmig1s: 0
# of In1s: 0
# of Anns: 0
# of NSs: 0
blockHash: 
2cea5a853c1cd4b6acadbccda8a45fd1920cd99acff86531cb2f89abdafa8d32
[Propose wait] S1 N0 spin=1 epoch=37 now=1780066925 InitTime=1780066851 lastpropose=1780066925 wallGap=74 need>=72 ok1=true lastGap=0 need>=2 ok2=false
[Propose wait] S1 N0 spin=50 epoch=37 now=1780066926 InitTime=1780066851 lastpropose=1780066925 wallGap=75 need>=72 ok1=true lastGap=1 need>=2 ok2=false
[Propose] S1 N0 时间条件满足: epoch=37->38 now=1780066927 InitTime=1780066851 lastpropose=1780066925 wallGap=76>=72 lastGap=2>=2 → propose1
[Propose] S1 N0 等待 sequenceLock…
[Propose] S1 N0 已持有 sequenceLock，seqID=37 即将 propose1
[propose1] S1 N0 seq=37 Tx_pool.Queue_len=0
left_count: 500
更新树花时间为: 1
写数据库IO花时间为: 9
编号为 37 的区块已加入本地区块链！curBlock: 
blockHeader: 
[2cea5a853c1cd4b6acadbccda8a45fd1920cd99acff86531cb2f89abdafa8d32 de08a7e7b9ca2b78d887de9ed9c75d243385681216d9de1ed1306e523aa22734 56e81f171bcc55a6ff8345e692c0f86e5b48e01b996cadc001622fb5e363b421 37 1780066927]
# of transactions: 0
# of TXmig1s: 0
# of In1s: 0
# of Anns: 0
# of NSs: 0
blockHash: 
477a736591236aceee65b6e7591afc8739fb73699262b1686d7b1710b42068d0
[Propose wait] S1 N0 spin=1 epoch=38 now=1780066927 InitTime=1780066851 lastpropose=1780066927 wallGap=76 need>=74 ok1=true lastGap=0 need>=2 ok2=false
[Propose wait] S1 N0 spin=50 epoch=38 now=1780066928 InitTime=1780066851 lastpropose=1780066927 wallGap=77 need>=74 ok1=true lastGap=1 need>=2 ok2=false
[Propose] S1 N0 时间条件满足: epoch=38->39 now=1780066929 InitTime=1780066851 lastpropose=1780066927 wallGap=78>=74 lastGap=2>=2 → propose1
[Propose] S1 N0 等待 sequenceLock…
[Propose] S1 N0 已持有 sequenceLock，seqID=38 即将 propose1
[propose1] S1 N0 seq=38 Tx_pool.Queue_len=0
left_count: 500
更新树花时间为: 0
写数据库IO花时间为: 7
编号为 38 的区块已加入本地区块链！curBlock: 
blockHeader: 
[477a736591236aceee65b6e7591afc8739fb73699262b1686d7b1710b42068d0 de08a7e7b9ca2b78d887de9ed9c75d243385681216d9de1ed1306e523aa22734 56e81f171bcc55a6ff8345e692c0f86e5b48e01b996cadc001622fb5e363b421 38 1780066929]
# of transactions: 0
# of TXmig1s: 0
# of In1s: 0
# of Anns: 0
# of NSs: 0
blockHash: 
a8d8ed59a44ba37338fecc4ab95b72fd359aa76ee8890e338ed03101d0e3fa86
[Propose wait] S1 N0 spin=1 epoch=39 now=1780066929 InitTime=1780066851 lastpropose=1780066929 wallGap=78 need>=76 ok1=true lastGap=0 need>=2 ok2=false
[Propose wait] S1 N0 spin=50 epoch=39 now=1780066930 InitTime=1780066851 lastpropose=1780066929 wallGap=79 need>=76 ok1=true lastGap=1 need>=2 ok2=false
[Propose] S1 N0 时间条件满足: epoch=39->40 now=1780066931 InitTime=1780066851 lastpropose=1780066929 wallGap=80>=76 lastGap=2>=2 → propose1
[Propose] S1 N0 等待 sequenceLock…
[Propose] S1 N0 已持有 sequenceLock，seqID=39 即将 propose1
[propose1] S1 N0 seq=39 Tx_pool.Queue_len=0
left_count: 500
更新树花时间为: 0
写数据库IO花时间为: 11
编号为 39 的区块已加入本地区块链！curBlock: 
blockHeader: 
[a8d8ed59a44ba37338fecc4ab95b72fd359aa76ee8890e338ed03101d0e3fa86 de08a7e7b9ca2b78d887de9ed9c75d243385681216d9de1ed1306e523aa22734 56e81f171bcc55a6ff8345e692c0f86e5b48e01b996cadc001622fb5e363b421 39 1780066931]
# of transactions: 0
# of TXmig1s: 0
# of In1s: 0
# of Anns: 0
# of NSs: 0
blockHash: 
32804ce2e5c6359cc23cb3c304a18419bfff15711a84db89fcf834b2427a4464
[Propose wait] S1 N0 spin=1 epoch=40 now=1780066931 InitTime=1780066851 lastpropose=1780066931 wallGap=80 need>=78 ok1=true lastGap=0 need>=2 ok2=false
[Propose wait] S1 N0 spin=50 epoch=40 now=1780066932 InitTime=1780066851 lastpropose=1780066931 wallGap=81 need>=78 ok1=true lastGap=1 need>=2 ok2=false
[Propose] S1 N0 时间条件满足: epoch=40->41 now=1780066933 InitTime=1780066851 lastpropose=1780066931 wallGap=82>=78 lastGap=2>=2 → propose1
[Propose] S1 N0 等待 sequenceLock…
[Propose] S1 N0 已持有 sequenceLock，seqID=40 即将 propose1
[propose1] S1 N0 seq=40 Tx_pool.Queue_len=0
left_count: 500
更新树花时间为: 0
写数据库IO花时间为: 8
编号为 40 的区块已加入本地区块链！curBlock: 
blockHeader: 
[32804ce2e5c6359cc23cb3c304a18419bfff15711a84db89fcf834b2427a4464 de08a7e7b9ca2b78d887de9ed9c75d243385681216d9de1ed1306e523aa22734 56e81f171bcc55a6ff8345e692c0f86e5b48e01b996cadc001622fb5e363b421 40 1780066933]
# of transactions: 0
# of TXmig1s: 0
# of In1s: 0
# of Anns: 0
# of NSs: 0
blockHash: 
a149d34ca1bfd90b422ba6ace280c6214152e072f9bba651825ce35d69acf1e5
[Propose wait] S1 N0 spin=1 epoch=41 now=1780066933 InitTime=1780066851 lastpropose=1780066933 wallGap=82 need>=80 ok1=true lastGap=0 need>=2 ok2=false
[Propose wait] S1 N0 spin=50 epoch=41 now=1780066934 InitTime=1780066851 lastpropose=1780066933 wallGap=83 need>=80 ok1=true lastGap=1 need>=2 ok2=false
[Propose] S1 N0 时间条件满足: epoch=41->42 now=1780066935 InitTime=1780066851 lastpropose=1780066933 wallGap=84>=80 lastGap=2>=2 → propose1
[Propose] S1 N0 等待 sequenceLock…
[Propose] S1 N0 已持有 sequenceLock，seqID=41 即将 propose1
[propose1] S1 N0 seq=41 Tx_pool.Queue_len=0
left_count: 500
更新树花时间为: 0
写数据库IO花时间为: 14
编号为 41 的区块已加入本地区块链！curBlock: 
blockHeader: 
[a149d34ca1bfd90b422ba6ace280c6214152e072f9bba651825ce35d69acf1e5 de08a7e7b9ca2b78d887de9ed9c75d243385681216d9de1ed1306e523aa22734 56e81f171bcc55a6ff8345e692c0f86e5b48e01b996cadc001622fb5e363b421 41 1780066935]
# of transactions: 0
# of TXmig1s: 0
# of In1s: 0
# of Anns: 0
# of NSs: 0
blockHash: 
7ee535ac37ef44ccdc9abd4a7f663b0ca8eeb40bfe6cff06415dfc89c1e4550a
[Propose wait] S1 N0 spin=1 epoch=42 now=1780066935 InitTime=1780066851 lastpropose=1780066935 wallGap=84 need>=82 ok1=true lastGap=0 need>=2 ok2=false
节点收到终止节点消息，停止运行
