MigrationStrategy=Fine-tuned-Lock (Stop=false Lock=false NotLock=false)
&{77 N0 S0 2 0 D:\Desktop\实验室\MVSS+\MVSS-main\selectedTxs_300K.csv 2 500 300 150 150 150 150 1000 10 1 400 20000 0 50000 20 true Fine-tuned-Lock false false false false true false 3 false 8 false false false PageRank false 100 true false}
&{77 N0 S0 2 0 D:\Desktop\实验室\MVSS+\MVSS-main\selectedTxs_300K.csv 2 500 300 150 150 150 150 1000 10 1 400 20000 0 50000 20 true Fine-tuned-Lock false false false false true false 3 false 8 false false false PageRank false 100 true false}
交易将由外部客户端发送
节点 N0 已启动，所属分片: S0
[Propose wait-first-tx] S0 N0 seq=1 Queue_len=0，首块等待交易注入后再出块
节点开启监听，地址：127.0.0.1:8010
[Propose wait-first-tx] S0 N0 seq=1 Queue_len=0，首块等待交易注入后再出块
[Propose wait-first-tx] S0 N0 seq=1 Queue_len=0，首块等待交易注入后再出块
[Propose wait-first-tx] S0 N0 seq=1 Queue_len=0，首块等待交易注入后再出块
[Propose wait-first-tx] S0 N0 seq=1 Queue_len=0，首块等待交易注入后再出块
[Propose wait-first-tx] S0 N0 seq=1 Queue_len=0，首块等待交易注入后再出块
[Propose wait-first-tx] S0 N0 seq=1 Queue_len=0，首块等待交易注入后再出块
[Propose wait-first-tx] S0 N0 seq=1 Queue_len=0，首块等待交易注入后再出块
[Propose wait-first-tx] S0 N0 seq=1 Queue_len=0，首块等待交易注入后再出块
[Propose wait-first-tx] S0 N0 seq=1 Queue_len=0，首块等待交易注入后再出块
[Propose wait-first-tx] S0 N0 seq=1 Queue_len=0，首块等待交易注入后再出块
[Propose wait-first-tx] S0 N0 seq=1 Queue_len=0，首块等待交易注入后再出块
[Propose wait-first-tx] S0 N0 seq=1 Queue_len=0，首块等待交易注入后再出块
[Propose wait-first-tx] S0 N0 seq=1 Queue_len=0，首块等待交易注入后再出块
[Propose wait-first-tx] S0 N0 seq=1 Queue_len=0，首块等待交易注入后再出块
[Propose wait-first-tx] S0 N0 seq=1 Queue_len=0，首块等待交易注入后再出块
[Propose wait-first-tx] S0 N0 seq=1 Queue_len=0，首块等待交易注入后再出块
本节点已接收到客户端发送的初始时间：1780066851（锚定 InitTime=1780066851，已重置 epoch=1）
[Propose wait-first-tx] S0 N0 seq=1 Queue_len=0，首块等待交易注入后再出块
[Propose wait-first-tx] S0 N0 seq=1 Queue_len=0，首块等待交易注入后再出块
[Propose wait-first-tx] S0 N0 seq=1 Queue_len=0，首块等待交易注入后再出块
[handleTxFromClient] S0 N0 recv client batch, tx_count=100
[handleTxFromClient] S0 N0 append to Tx_pool.Queue: local_queued=100 forward_other_shard=0 Queue_total_len=100
[Propose wait-first-tx] S0 N0 首块已检测到交易，结束等待，Queue_len=100
[Propose] S0 N0 时间条件满足: epoch=1->2 now=1780066855 InitTime=1780066851 lastpropose=1780066851 wallGap=4>=0 lastGap=4>=2 → propose1
[Propose] S0 N0 等待 sequenceLock…
[Propose] S0 N0 已持有 sequenceLock，seqID=1 即将 propose1
[propose1] S0 N0 seq=1 Tx_pool.Queue_len=100
left_count: 500
更新树花时间为: 15
写数据库IO花时间为: 21
编号为 1 的区块已加入本地区块链！curBlock: 
blockHeader: 
[1add38160db0458a48072f3ade543ffb4af4e9cfdf8f76549b9568e046a6a3ff 8c5b9171461e0dbd1065929df275c7abdf05ed49243d067ff2630d102fa3e336 8446a8ada304c4be5ba5002df8bbf8dff59b0ed37e1b142f81d6f7705e95c562 1 1780066855]
# of transactions: 100
# of TXmig1s: 0
# of In1s: 0
# of Anns: 0
# of NSs: 0
blockHash: 
c76d421ad6c405c529ab91afc486a6023813dcf42b1953beac0d60c85a6d33b2

第1个块开始准备relay

[Propose wait] S0 N0 spin=1 epoch=2 now=1780066855 InitTime=1780066851 lastpropose=1780066855 wallGap=4 need>=2 ok1=true lastGap=0 need>=2 ok2=false

第1个块结束relay

[Propose wait] S0 N0 spin=50 epoch=2 now=1780066856 InitTime=1780066851 lastpropose=1780066855 wallGap=5 need>=2 ok1=true lastGap=1 need>=2 ok2=false
[Propose] S0 N0 时间条件满足: epoch=2->3 now=1780066857 InitTime=1780066851 lastpropose=1780066855 wallGap=6>=2 lastGap=2>=2 → propose1
[Propose] S0 N0 等待 sequenceLock…
[Propose] S0 N0 已持有 sequenceLock，seqID=2 即将 propose1
[propose1] S0 N0 seq=2 Tx_pool.Queue_len=252
left_count: 500
[handleTxFromClient] S0 N0 recv client batch, tx_count=205
[handleTxFromClient] S0 N0 append to Tx_pool.Queue: local_queued=205 forward_other_shard=0 Queue_total_len=205
更新树花时间为: 20
写数据库IO花时间为: 27
编号为 2 的区块已加入本地区块链！curBlock: 
blockHeader: 
[c76d421ad6c405c529ab91afc486a6023813dcf42b1953beac0d60c85a6d33b2 41118604525d7c3f2322633bbef8b1eb87dff814c036a0cf75ec959911a1651e c87fc015cb6249f389c9fbf11024f711a526ea7db418eb468babf085c594c7c0 2 1780066857]
# of transactions: 252
# of TXmig1s: 0
# of In1s: 0
# of Anns: 0
# of NSs: 0
blockHash: 
b25a2fdd0e76e6b1931f3ed5331f0185eb3b2bb2535e0c951fb2426488d5ccea
[Propose wait] S0 N0 spin=1 epoch=3 now=1780066857 InitTime=1780066851 lastpropose=1780066857 wallGap=6 need>=4 ok1=true lastGap=0 need>=2 ok2=false
[Propose wait] S0 N0 spin=50 epoch=3 now=1780066858 InitTime=1780066851 lastpropose=1780066857 wallGap=7 need>=4 ok1=true lastGap=1 need>=2 ok2=false
[Propose] S0 N0 时间条件满足: epoch=3->4 now=1780066859 InitTime=1780066851 lastpropose=1780066857 wallGap=8>=4 lastGap=2>=2 → propose1
[Propose] S0 N0 等待 sequenceLock…
[Propose] S0 N0 已持有 sequenceLock，seqID=3 即将 propose1
[propose1] S0 N0 seq=3 Tx_pool.Queue_len=314
left_count: 500
[handleTxFromClient] S0 N0 recv client batch, tx_count=525
[handleTxFromClient] S0 N0 append to Tx_pool.Queue: local_queued=525 forward_other_shard=0 Queue_total_len=525
更新树花时间为: 26
写数据库IO花时间为: 31
编号为 3 的区块已加入本地区块链！curBlock: 
blockHeader: 
[b25a2fdd0e76e6b1931f3ed5331f0185eb3b2bb2535e0c951fb2426488d5ccea c1665c80dfe504bc059c146aee9f6b8bf5b9bf6f6d439520d97791353235d3e4 8c241d7038aa522525656981babbc25bdf8d166b3fefced6b02243ba016bfebf 3 1780066859]
# of transactions: 314
# of TXmig1s: 0
# of In1s: 0
# of Anns: 0
# of NSs: 0
blockHash: 
f8bd2a36de491fd253a8c214682fb2f762d1944a11aa768ce2cb7a5264f91e86

第3个块开始准备relay

[Propose wait] S0 N0 spin=1 epoch=4 now=1780066859 InitTime=1780066851 lastpropose=1780066859 wallGap=8 need>=6 ok1=true lastGap=0 need>=2 ok2=false

第3个块结束relay

[Propose wait] S0 N0 spin=50 epoch=4 now=1780066860 InitTime=1780066851 lastpropose=1780066859 wallGap=9 need>=6 ok1=true lastGap=1 need>=2 ok2=false
[Propose] S0 N0 时间条件满足: epoch=4->5 now=1780066861 InitTime=1780066851 lastpropose=1780066859 wallGap=10>=6 lastGap=2>=2 → propose1
[Propose] S0 N0 等待 sequenceLock…
[Propose] S0 N0 已持有 sequenceLock，seqID=4 即将 propose1
[propose1] S0 N0 seq=4 Tx_pool.Queue_len=775
left_count: 500
[handleTxFromClient] S0 N0 recv client batch, tx_count=658
[handleTxFromClient] S0 N0 append to Tx_pool.Queue: local_queued=658 forward_other_shard=0 Queue_total_len=933
更新树花时间为: 40
写数据库IO花时间为: 50
编号为 4 的区块已加入本地区块链！curBlock: 
blockHeader: 
[f8bd2a36de491fd253a8c214682fb2f762d1944a11aa768ce2cb7a5264f91e86 ae8d8ecb1b87a74e59fc20bbe371d1042a8d2f47527389e36dcfbd04cdea87e9 41eb9f71682e198765bf270d05a2498c62cb2c6d25a7575aaa530f17f5175527 4 1780066861]
# of transactions: 500
# of TXmig1s: 0
# of In1s: 0
# of Anns: 0
# of NSs: 0
blockHash: 
19dd798caeb8941600d45ade65ff74ce5b8f6a645c822de083ecf250ccce847c

第4个块开始准备relay

[Propose wait] S0 N0 spin=1 epoch=5 now=1780066861 InitTime=1780066851 lastpropose=1780066861 wallGap=10 need>=8 ok1=true lastGap=0 need>=2 ok2=false

第4个块结束relay

[Propose wait] S0 N0 spin=50 epoch=5 now=1780066862 InitTime=1780066851 lastpropose=1780066861 wallGap=11 need>=8 ok1=true lastGap=1 need>=2 ok2=false
[Propose] S0 N0 时间条件满足: epoch=5->6 now=1780066863 InitTime=1780066851 lastpropose=1780066861 wallGap=12>=8 lastGap=2>=2 → propose1
[Propose] S0 N0 等待 sequenceLock…
[Propose] S0 N0 已持有 sequenceLock，seqID=5 即将 propose1
[propose1] S0 N0 seq=5 Tx_pool.Queue_len=1087
left_count: 500
[handleTxFromClient] S0 N0 recv client batch, tx_count=639
[handleTxFromClient] S0 N0 append to Tx_pool.Queue: local_queued=639 forward_other_shard=0 Queue_total_len=1226
更新树花时间为: 40
写数据库IO花时间为: 46
编号为 5 的区块已加入本地区块链！curBlock: 
blockHeader: 
[19dd798caeb8941600d45ade65ff74ce5b8f6a645c822de083ecf250ccce847c b0cc0ff770329f776c81eb6f0e0270bbe2be11180e8a07e82363decac735e504 66fdb452de6dd0f2bccebb3091ffd7277636b8001110f12f405fdcfaed527ecb 5 1780066863]
# of transactions: 500
# of TXmig1s: 0
# of In1s: 0
# of Anns: 0
# of NSs: 0
blockHash: 
4da2b75b78537aa652a84100b5c3e9a4802ca983dbd9b63a42e0bc84516fcd02

第5个块开始准备relay

[Propose wait] S0 N0 spin=1 epoch=6 now=1780066863 InitTime=1780066851 lastpropose=1780066863 wallGap=12 need>=10 ok1=true lastGap=0 need>=2 ok2=false

第5个块结束relay

[Propose wait] S0 N0 spin=50 epoch=6 now=1780066864 InitTime=1780066851 lastpropose=1780066863 wallGap=13 need>=10 ok1=true lastGap=1 need>=2 ok2=false
[Propose] S0 N0 时间条件满足: epoch=6->7 now=1780066865 InitTime=1780066851 lastpropose=1780066863 wallGap=14>=10 lastGap=2>=2 → propose1
[Propose] S0 N0 等待 sequenceLock…
[Propose] S0 N0 已持有 sequenceLock，seqID=6 即将 propose1
[propose1] S0 N0 seq=6 Tx_pool.Queue_len=1281
left_count: 500
[handleTxFromClient] S0 N0 recv client batch, tx_count=628
[handleTxFromClient] S0 N0 append to Tx_pool.Queue: local_queued=628 forward_other_shard=0 Queue_total_len=1409
更新树花时间为: 45
写数据库IO花时间为: 50
编号为 6 的区块已加入本地区块链！curBlock: 
blockHeader: 
[4da2b75b78537aa652a84100b5c3e9a4802ca983dbd9b63a42e0bc84516fcd02 c66ba6b8d530bbf8bf17e25979835bc8b937454c610356cb6918c00a3ce4114d 59ab16ef7316efb618d5cb3e953eb2a88cbb1a3284ab4027be78ac28428b138e 6 1780066865]
# of transactions: 500
# of TXmig1s: 0
# of In1s: 0
# of Anns: 0
# of NSs: 0
blockHash: 
da450cd244866f05b9b0e9ac141d0efa53d3b34804dbafa4579a05d583b715eb

第6个块开始准备relay

[Propose wait] S0 N0 spin=1 epoch=7 now=1780066865 InitTime=1780066851 lastpropose=1780066865 wallGap=14 need>=12 ok1=true lastGap=0 need>=2 ok2=false

第6个块结束relay

[Propose wait] S0 N0 spin=50 epoch=7 now=1780066866 InitTime=1780066851 lastpropose=1780066865 wallGap=15 need>=12 ok1=true lastGap=1 need>=2 ok2=false
[Propose] S0 N0 时间条件满足: epoch=7->8 now=1780066867 InitTime=1780066851 lastpropose=1780066865 wallGap=16>=12 lastGap=2>=2 → propose1
[Propose] S0 N0 等待 sequenceLock…
[Propose] S0 N0 已持有 sequenceLock，seqID=7 即将 propose1
[propose1] S0 N0 seq=7 Tx_pool.Queue_len=1491
left_count: 500
更新树花时间为: 41
写数据库IO花时间为: 47
编号为 7 的区块已加入本地区块链！curBlock: 
blockHeader: 
[handleTxFromClient] S0 N0 recv client batch, tx_count=581
[da450cd244866f05b9b0e9ac141d0efa53d3b34804dbafa4579a05d583b715eb 0acfe3d14c27367935c9cce0d41bde043d98f89c6606c248ba77906566dda74b 3f78b0ce4cb2a4e9f6bd28fa6a8b95aff0a794b26984007a042a6c858baee796 7 1780066867]
# of transactions: 500
# of TXmig1s: 0
# of In1s: 0
# of Anns: 0
# of NSs: 0
blockHash: 
788969036eada3504b6bfbabc7802047292cb8d42d31755e7771d1974eb7cad2
[handleTxFromClient] S0 N0 append to Tx_pool.Queue: local_queued=581 forward_other_shard=0 Queue_total_len=1572

第7个块开始准备relay

[Propose wait] S0 N0 spin=1 epoch=8 now=1780066867 InitTime=1780066851 lastpropose=1780066867 wallGap=16 need>=14 ok1=true lastGap=0 need>=2 ok2=false

第7个块结束relay

[Propose wait] S0 N0 spin=50 epoch=8 now=1780066868 InitTime=1780066851 lastpropose=1780066867 wallGap=17 need>=14 ok1=true lastGap=1 need>=2 ok2=false
[Propose] S0 N0 时间条件满足: epoch=8->9 now=1780066869 InitTime=1780066851 lastpropose=1780066867 wallGap=18>=14 lastGap=2>=2 → propose1
[Propose] S0 N0 等待 sequenceLock…
[Propose] S0 N0 已持有 sequenceLock，seqID=8 即将 propose1
[propose1] S0 N0 seq=8 Tx_pool.Queue_len=1636
left_count: 500
更新树花时间为: 35
写数据库IO花时间为: 40
编号为 8 的区块已加入本地区块链！curBlock: 
blockHeader: 
[788969036eada3504b6bfbabc7802047292cb8d42d31755e7771d1974eb7cad2 0a362c66a42ea9e0b3082df8def6a543b95575202dfc06261de352c5d336a3e5 70f0ce73235ed1628fb33cf56cd3191a45903627b8ca97c3734b62ed153dd7d5 8 1780066869]
# of transactions: 500
# of TXmig1s: 0
# of In1s: 0
# of Anns: 0
# of NSs: 0
blockHash: 
d5bcf79ee9417c46c838a58386f973dcca587bd12028524300772f0129cbe9ff

第8个块开始准备relay

[Propose wait] S0 N0 spin=1 epoch=9 now=1780066869 InitTime=1780066851 lastpropose=1780066869 wallGap=18 need>=16 ok1=true lastGap=0 need>=2 ok2=false
[handleTxFromClient] S0 N0 recv client batch, tx_count=427
[handleTxFromClient] S0 N0 append to Tx_pool.Queue: local_queued=427 forward_other_shard=0 Queue_total_len=1563

第8个块结束relay

[Propose wait] S0 N0 spin=50 epoch=9 now=1780066870 InitTime=1780066851 lastpropose=1780066869 wallGap=19 need>=16 ok1=true lastGap=1 need>=2 ok2=false
[Propose] S0 N0 时间条件满足: epoch=9->10 now=1780066871 InitTime=1780066851 lastpropose=1780066869 wallGap=20>=16 lastGap=2>=2 → propose1
[Propose] S0 N0 等待 sequenceLock…
[Propose] S0 N0 已持有 sequenceLock，seqID=9 即将 propose1
[propose1] S0 N0 seq=9 Tx_pool.Queue_len=1663
left_count: 500
更新树花时间为: 45
写数据库IO花时间为: 55
编号为 9 的区块已加入本地区块链！curBlock: 
blockHeader: 
[d5bcf79ee9417c46c838a58386f973dcca587bd12028524300772f0129cbe9ff 724d2e6a42fc28309a66d25c0bf1a8fc8354c54e8c2ea8477a7e9d2269794feb 20f7e58c9f4baba42bdc6c7e81715d9f44ba87a3f8b91561c477fe3d2f587ba8 9 1780066871]
# of transactions: 500
# of TXmig1s: 0
# of In1s: 0
# of Anns: 0
# of NSs: 0
blockHash: 
35154b52e2bf67c1788f655626130ba1ed791f2b0e2d868cd9369108e672656f

第9个块开始准备relay

[Propose wait] S0 N0 spin=1 epoch=10 now=1780066871 InitTime=1780066851 lastpropose=1780066871 wallGap=20 need>=18 ok1=true lastGap=0 need>=2 ok2=false
[handleTxFromClient] S0 N0 recv client batch, tx_count=19
[handleTxFromClient] S0 N0 append to Tx_pool.Queue: local_queued=19 forward_other_shard=0 Queue_total_len=1182

第9个块结束relay

[Propose wait] S0 N0 spin=50 epoch=10 now=1780066872 InitTime=1780066851 lastpropose=1780066871 wallGap=21 need>=18 ok1=true lastGap=1 need>=2 ok2=false
[Propose] S0 N0 时间条件满足: epoch=10->11 now=1780066873 InitTime=1780066851 lastpropose=1780066871 wallGap=22>=18 lastGap=2>=2 → propose1
[Propose] S0 N0 等待 sequenceLock…
[Propose] S0 N0 已持有 sequenceLock，seqID=10 即将 propose1
[propose1] S0 N0 seq=10 Tx_pool.Queue_len=1368
left_count: 500
更新树花时间为: 51
写数据库IO花时间为: 56
编号为 10 的区块已加入本地区块链！curBlock: 
blockHeader: 
[35154b52e2bf67c1788f655626130ba1ed791f2b0e2d868cd9369108e672656f c6f08538a7da0b08bf64371363914380699bc717c19b3a5af6d6f21e437b3d9b be473f8e3caf21789624bc0742b6ffa36c075c23816287c9ad5ce7f700aeca90 10 1780066873]
# of transactions: 500
# of TXmig1s: 0
# of In1s: 0
# of Anns: 0
# of NSs: 0
blockHash: 
d935b489c8ef78e1fb68f63b2d9a3d73c2e10ab3e7359e60e592f9e45aa69ae0

第10个块开始准备relay

[Propose wait] S0 N0 spin=1 epoch=11 now=1780066873 InitTime=1780066851 lastpropose=1780066873 wallGap=22 need>=20 ok1=true lastGap=0 need>=2 ok2=false
[handleTxFromClient] S0 N0 recv client batch, tx_count=581
[handleTxFromClient] S0 N0 append to Tx_pool.Queue: local_queued=581 forward_other_shard=0 Queue_total_len=1449

第10个块结束relay

[Propose wait] S0 N0 spin=50 epoch=11 now=1780066874 InitTime=1780066851 lastpropose=1780066873 wallGap=23 need>=20 ok1=true lastGap=1 need>=2 ok2=false
[Propose] S0 N0 时间条件满足: epoch=11->12 now=1780066875 InitTime=1780066851 lastpropose=1780066873 wallGap=24>=20 lastGap=2>=2 → propose1
[Propose] S0 N0 等待 sequenceLock…
[Propose] S0 N0 已持有 sequenceLock，seqID=11 即将 propose1
[propose1] S0 N0 seq=11 Tx_pool.Queue_len=1659
left_count: 500
更新树花时间为: 43
写数据库IO花时间为: 48
编号为 11 的区块已加入本地区块链！curBlock: 
blockHeader: 
[d935b489c8ef78e1fb68f63b2d9a3d73c2e10ab3e7359e60e592f9e45aa69ae0 451fc9aff48a9f9e41f4f3ab206472ec4405e54f286bc5a5c1c463d05f693aeb 7da91f856b4c21fe318423739109903703f5f9d3e8a8a2850e2c1e446390f63a 11 1780066875]
# of transactions: 500
# of TXmig1s: 0
# of In1s: 0
# of Anns: 0
# of NSs: 0
blockHash: 
3c2790a2d5109b6cfa6be812992cde54f783c72d43ded84df981632faa5f5835

第11个块开始准备relay

[Propose wait] S0 N0 spin=1 epoch=12 now=1780066875 InitTime=1780066851 lastpropose=1780066875 wallGap=24 need>=22 ok1=true lastGap=0 need>=2 ok2=false
[handleTxFromClient] S0 N0 recv client batch, tx_count=612
[handleTxFromClient] S0 N0 append to Tx_pool.Queue: local_queued=612 forward_other_shard=0 Queue_total_len=1771

第11个块结束relay

[Propose wait] S0 N0 spin=50 epoch=12 now=1780066876 InitTime=1780066851 lastpropose=1780066875 wallGap=25 need>=22 ok1=true lastGap=1 need>=2 ok2=false
[Propose] S0 N0 时间条件满足: epoch=12->13 now=1780066877 InitTime=1780066851 lastpropose=1780066875 wallGap=26>=22 lastGap=2>=2 → propose1
[Propose] S0 N0 等待 sequenceLock…
[Propose] S0 N0 已持有 sequenceLock，seqID=12 即将 propose1
[propose1] S0 N0 seq=12 Tx_pool.Queue_len=1958
left_count: 500
更新树花时间为: 36
写数据库IO花时间为: 60
编号为 12 的区块已加入本地区块链！curBlock: 
blockHeader: 
[3c2790a2d5109b6cfa6be812992cde54f783c72d43ded84df981632faa5f5835 c6e8b7d9748ca075bdaba7f8bcbaf26a62788da7611d6cfec49d3ce15a579f85 79d1c2f7c112e649b36c2263816c957807916207e3668e3cd9bffabc6f5e78dd 12 1780066877]
# of transactions: 500
# of TXmig1s: 0
# of In1s: 0
# of Anns: 0
# of NSs: 0
blockHash: 
36d85a9439d0bd2aa008264ffa25a49d15a65b6597c571d3a25bcf66e4114d6b

第12个块开始准备relay

[Propose wait] S0 N0 spin=1 epoch=13 now=1780066877 InitTime=1780066851 lastpropose=1780066877 wallGap=26 need>=24 ok1=true lastGap=0 need>=2 ok2=false
[handleTxFromClient] S0 N0 recv client batch, tx_count=621
[handleTxFromClient] S0 N0 append to Tx_pool.Queue: local_queued=621 forward_other_shard=0 Queue_total_len=2079

第12个块结束relay

[Propose wait] S0 N0 spin=50 epoch=13 now=1780066878 InitTime=1780066851 lastpropose=1780066877 wallGap=27 need>=24 ok1=true lastGap=1 need>=2 ok2=false
[Propose] S0 N0 时间条件满足: epoch=13->14 now=1780066879 InitTime=1780066851 lastpropose=1780066877 wallGap=28>=24 lastGap=2>=2 → propose1
[Propose] S0 N0 等待 sequenceLock…
[Propose] S0 N0 已持有 sequenceLock，seqID=13 即将 propose1
[propose1] S0 N0 seq=13 Tx_pool.Queue_len=2167
left_count: 500
更新树花时间为: 55
写数据库IO花时间为: 68
编号为 13 的区块已加入本地区块链！curBlock: 
blockHeader: 
[36d85a9439d0bd2aa008264ffa25a49d15a65b6597c571d3a25bcf66e4114d6b ac39680164bce5964f2846ea4bd14d7b936d2b09089ef10dde54029a5e5934b9 2c569def97ada5fd7c1098436e60ec7646d9295c03e591ec3ecb6420cb33b585 13 1780066879]
# of transactions: 500
# of TXmig1s: 0
# of In1s: 0
# of Anns: 0
# of NSs: 0
blockHash: 
a2ad8ddbb7ee4a808b14141ae6c8cd31331a724c445eaed5d3d9b19c6eee8c54

第13个块开始准备relay

[Propose wait] S0 N0 spin=1 epoch=14 now=1780066879 InitTime=1780066851 lastpropose=1780066879 wallGap=28 need>=26 ok1=true lastGap=0 need>=2 ok2=false
[handleTxFromClient] S0 N0 recv client batch, tx_count=601
[handleTxFromClient] S0 N0 append to Tx_pool.Queue: local_queued=601 forward_other_shard=0 Queue_total_len=2268

第13个块结束relay

[Propose wait] S0 N0 spin=50 epoch=14 now=1780066880 InitTime=1780066851 lastpropose=1780066879 wallGap=29 need>=26 ok1=true lastGap=1 need>=2 ok2=false
[Propose] S0 N0 时间条件满足: epoch=14->15 now=1780066881 InitTime=1780066851 lastpropose=1780066879 wallGap=30>=26 lastGap=2>=2 → propose1
[Propose] S0 N0 等待 sequenceLock…
[Propose] S0 N0 已持有 sequenceLock，seqID=14 即将 propose1
[propose1] S0 N0 seq=14 Tx_pool.Queue_len=2355
left_count: 500
更新树花时间为: 43
写数据库IO花时间为: 48
编号为 14 的区块已加入本地区块链！curBlock: 
blockHeader: 
[a2ad8ddbb7ee4a808b14141ae6c8cd31331a724c445eaed5d3d9b19c6eee8c54 fb4d94eec0179abeb5770707536e9be7f1c348741a7b46f324a4183014b65894 fdf7717189b0fcd167fa4ed7b050dab2c158ae659e7425c1eff1fe98eec5e2f2 14 1780066881]
# of transactions: 500
# of TXmig1s: 0
# of In1s: 0
# of Anns: 0
# of NSs: 0
blockHash: 
4f87b8f10386a95a08de4e706157c3af6cd1aeaedbb0eccd214fd95901785752

第14个块开始准备relay

[Propose wait] S0 N0 spin=1 epoch=15 now=1780066881 InitTime=1780066851 lastpropose=1780066881 wallGap=30 need>=28 ok1=true lastGap=0 need>=2 ok2=false
[handleTxFromClient] S0 N0 recv client batch, tx_count=438
[handleTxFromClient] S0 N0 append to Tx_pool.Queue: local_queued=438 forward_other_shard=0 Queue_total_len=2293

第14个块结束relay

[Propose wait] S0 N0 spin=50 epoch=15 now=1780066882 InitTime=1780066851 lastpropose=1780066881 wallGap=31 need>=28 ok1=true lastGap=1 need>=2 ok2=false
[Propose] S0 N0 时间条件满足: epoch=15->16 now=1780066883 InitTime=1780066851 lastpropose=1780066881 wallGap=32>=28 lastGap=2>=2 → propose1
[Propose] S0 N0 等待 sequenceLock…
[Propose] S0 N0 已持有 sequenceLock，seqID=15 即将 propose1
[propose1] S0 N0 seq=15 Tx_pool.Queue_len=2455
left_count: 500
更新树花时间为: 59
写数据库IO花时间为: 72
编号为 15 的区块已加入本地区块链！curBlock: 
blockHeader: 
[4f87b8f10386a95a08de4e706157c3af6cd1aeaedbb0eccd214fd95901785752 cd448e4fa6ae4b598f5452e2341281c5c32e39b6515d0b5bcb040567c016a639 901635adbb85aee38c224f79cd6fc56ac68fe19f1ee8d722517d35cc89c55158 15 1780066883]
# of transactions: 500
# of TXmig1s: 0
# of In1s: 0
# of Anns: 0
# of NSs: 0
blockHash: 
804989ac7cfc9a699ff3079dd6da132ad695084fd26af33dc1106cf2b359c833

第15个块开始准备relay

[Propose wait] S0 N0 spin=1 epoch=16 now=1780066883 InitTime=1780066851 lastpropose=1780066883 wallGap=32 need>=30 ok1=true lastGap=0 need>=2 ok2=false
[handleTxFromClient] S0 N0 recv client batch, tx_count=649
[handleTxFromClient] S0 N0 append to Tx_pool.Queue: local_queued=649 forward_other_shard=0 Queue_total_len=2604

第15个块结束relay

[Propose wait] S0 N0 spin=50 epoch=16 now=1780066884 InitTime=1780066851 lastpropose=1780066883 wallGap=33 need>=30 ok1=true lastGap=1 need>=2 ok2=false
[Propose] S0 N0 时间条件满足: epoch=16->17 now=1780066885 InitTime=1780066851 lastpropose=1780066883 wallGap=34>=30 lastGap=2>=2 → propose1
[Propose] S0 N0 等待 sequenceLock…
[Propose] S0 N0 已持有 sequenceLock，seqID=16 即将 propose1
[propose1] S0 N0 seq=16 Tx_pool.Queue_len=2745
left_count: 500
更新树花时间为: 48
写数据库IO花时间为: 65
编号为 16 的区块已加入本地区块链！curBlock: 
blockHeader: 
[804989ac7cfc9a699ff3079dd6da132ad695084fd26af33dc1106cf2b359c833 a193c6cd497abd2e5b75b06ead0ec8b5579a200659aaa949e78d4e85af6d922a 9c4be4711d0b6a9a7a13466aaf78e0fce2ab48bd26cb67783f932c9e9c353307 16 1780066885]
# of transactions: 500
# of TXmig1s: 0
# of In1s: 0
# of Anns: 0
# of NSs: 0
blockHash: 
6be1c22f05c84e597eb7d7e8d86dfd45b9594da8bc60935550fdfc4f7d33f508

第16个块开始准备relay

[Propose wait] S0 N0 spin=1 epoch=17 now=1780066885 InitTime=1780066851 lastpropose=1780066885 wallGap=34 need>=32 ok1=true lastGap=0 need>=2 ok2=false
[handleTxFromClient] S0 N0 recv client batch, tx_count=480
[handleTxFromClient] S0 N0 append to Tx_pool.Queue: local_queued=480 forward_other_shard=0 Queue_total_len=2725

第16个块结束relay

[Propose wait] S0 N0 spin=50 epoch=17 now=1780066886 InitTime=1780066851 lastpropose=1780066885 wallGap=35 need>=32 ok1=true lastGap=1 need>=2 ok2=false
[Propose] S0 N0 时间条件满足: epoch=17->18 now=1780066887 InitTime=1780066851 lastpropose=1780066885 wallGap=36>=32 lastGap=2>=2 → propose1
[Propose] S0 N0 等待 sequenceLock…
[Propose] S0 N0 已持有 sequenceLock，seqID=17 即将 propose1
[propose1] S0 N0 seq=17 Tx_pool.Queue_len=2821
left_count: 500
更新树花时间为: 47
写数据库IO花时间为: 52
编号为 17 的区块已加入本地区块链！curBlock: 
blockHeader: 
[6be1c22f05c84e597eb7d7e8d86dfd45b9594da8bc60935550fdfc4f7d33f508 3b73bbfdd1a5a0e4d541ffe8ba673bf824d763b8006c55bfd32bfb2eaf7d6d25 33b7577a8eda182fba8d5382f841215ebe7a002205084a90d2029929bf724034 17 1780066887]
# of transactions: 500
# of TXmig1s: 0
# of In1s: 0
# of Anns: 0
# of NSs: 0
blockHash: 
299435e7f4532119eb273698715d52cb4f47dbba29550bc730b5a68eac25cdcb

第17个块开始准备relay

[Propose wait] S0 N0 spin=1 epoch=18 now=1780066887 InitTime=1780066851 lastpropose=1780066887 wallGap=36 need>=34 ok1=true lastGap=0 need>=2 ok2=false
[handleTxFromClient] S0 N0 recv client batch, tx_count=20
[handleTxFromClient] S0 N0 append to Tx_pool.Queue: local_queued=20 forward_other_shard=0 Queue_total_len=2341

第17个块结束relay

[Propose wait] S0 N0 spin=50 epoch=18 now=1780066888 InitTime=1780066851 lastpropose=1780066887 wallGap=37 need>=34 ok1=true lastGap=1 need>=2 ok2=false
[Propose] S0 N0 时间条件满足: epoch=18->19 now=1780066889 InitTime=1780066851 lastpropose=1780066887 wallGap=38>=34 lastGap=2>=2 → propose1
[Propose] S0 N0 等待 sequenceLock…
[Propose] S0 N0 已持有 sequenceLock，seqID=18 即将 propose1
[propose1] S0 N0 seq=18 Tx_pool.Queue_len=2477
left_count: 500
更新树花时间为: 47
写数据库IO花时间为: 55
编号为 18 的区块已加入本地区块链！curBlock: 
blockHeader: 
[299435e7f4532119eb273698715d52cb4f47dbba29550bc730b5a68eac25cdcb 4b88baf2f06b03dbcbd007d38837a835ab6527acf2e26f15c9768575e6f7af43 6d02f10914bd1d71296de4868a584f24700537594cec9319be0b73a6384a0411 18 1780066889]
# of transactions: 500
# of TXmig1s: 0
# of In1s: 0
# of Anns: 0
# of NSs: 0
blockHash: 
8bb675c270e259f4a9ebe12f477daea00773a3f9f8be804bb1a6b8181f9f4571

第18个块开始准备relay

[Propose wait] S0 N0 spin=1 epoch=19 now=1780066889 InitTime=1780066851 lastpropose=1780066889 wallGap=38 need>=36 ok1=true lastGap=0 need>=2 ok2=false
[handleTxFromClient] S0 N0 recv client batch, tx_count=418
[handleTxFromClient] S0 N0 append to Tx_pool.Queue: local_queued=418 forward_other_shard=0 Queue_total_len=2395

第18个块结束relay

[Propose wait] S0 N0 spin=50 epoch=19 now=1780066890 InitTime=1780066851 lastpropose=1780066889 wallGap=39 need>=36 ok1=true lastGap=1 need>=2 ok2=false
[Propose] S0 N0 时间条件满足: epoch=19->20 now=1780066891 InitTime=1780066851 lastpropose=1780066889 wallGap=40>=36 lastGap=2>=2 → propose1
[Propose] S0 N0 等待 sequenceLock…
[Propose] S0 N0 已持有 sequenceLock，seqID=19 即将 propose1
[propose1] S0 N0 seq=19 Tx_pool.Queue_len=2560
left_count: 500
更新树花时间为: 35
写数据库IO花时间为: 41
编号为 19 的区块已加入本地区块链！curBlock: 
blockHeader: 
[8bb675c270e259f4a9ebe12f477daea00773a3f9f8be804bb1a6b8181f9f4571 ca765a8e96790280b7e561fc51784cb6503ea1bcbdb3483c16da900b096f4956 f5abf5a7b1bf727cf57dd36210f3f08c329ddbd07765b8a705ce8a2426c9ff4a 19 1780066891]
# of transactions: 500
# of TXmig1s: 0
# of In1s: 0
# of Anns: 0
# of NSs: 0
blockHash: 
fe6b814d444aee728e11a456a04b3bf340fa372b6dd83e45206e06e5c6a1e711

第19个块开始准备relay

[Propose wait] S0 N0 spin=1 epoch=20 now=1780066891 InitTime=1780066851 lastpropose=1780066891 wallGap=40 need>=38 ok1=true lastGap=0 need>=2 ok2=false
[handleTxFromClient] S0 N0 recv client batch, tx_count=8
[handleTxFromClient] S0 N0 append to Tx_pool.Queue: local_queued=8 forward_other_shard=0 Queue_total_len=2068

第19个块结束relay

[Propose wait] S0 N0 spin=50 epoch=20 now=1780066892 InitTime=1780066851 lastpropose=1780066891 wallGap=41 need>=38 ok1=true lastGap=1 need>=2 ok2=false
[Propose] S0 N0 时间条件满足: epoch=20->21 now=1780066893 InitTime=1780066851 lastpropose=1780066891 wallGap=42>=38 lastGap=2>=2 → propose1
[Propose] S0 N0 等待 sequenceLock…
[Propose] S0 N0 已持有 sequenceLock，seqID=20 即将 propose1
[propose1] S0 N0 seq=20 Tx_pool.Queue_len=2306
left_count: 500
更新树花时间为: 56
写数据库IO花时间为: 64
编号为 20 的区块已加入本地区块链！curBlock: 
blockHeader: 
[fe6b814d444aee728e11a456a04b3bf340fa372b6dd83e45206e06e5c6a1e711 a6217a0020c3f1928867bb66ee528481b180f783ffc560a41dd39f49755e7f14 ccc9ab0f9dfbc9f5f77d91a878702ff123fb3cc898c50d271ec2f67c54c61fec 20 1780066893]
# of transactions: 500
# of TXmig1s: 0
# of In1s: 0
# of Anns: 0
# of NSs: 0
blockHash: 
86b780cd1282887287dad1f9864bd3893fdcb4a8add539c7f43561dac6c4fbe3

第20个块开始准备relay

[Propose wait] S0 N0 spin=1 epoch=21 now=1780066893 InitTime=1780066851 lastpropose=1780066893 wallGap=42 need>=40 ok1=true lastGap=0 need>=2 ok2=false
[handleTxFromClient] S0 N0 recv client batch, tx_count=28
[handleTxFromClient] S0 N0 append to Tx_pool.Queue: local_queued=28 forward_other_shard=0 Queue_total_len=1834

第20个块结束relay

[Propose wait] S0 N0 spin=50 epoch=21 now=1780066894 InitTime=1780066851 lastpropose=1780066893 wallGap=43 need>=40 ok1=true lastGap=1 need>=2 ok2=false
[Propose] S0 N0 时间条件满足: epoch=21->22 now=1780066895 InitTime=1780066851 lastpropose=1780066893 wallGap=44>=40 lastGap=2>=2 → propose1
[Propose] S0 N0 等待 sequenceLock…
[Propose] S0 N0 已持有 sequenceLock，seqID=21 即将 propose1
[propose1] S0 N0 seq=21 Tx_pool.Queue_len=1976
left_count: 500
更新树花时间为: 41
写数据库IO花时间为: 59
编号为 21 的区块已加入本地区块链！curBlock: 
blockHeader: 
[86b780cd1282887287dad1f9864bd3893fdcb4a8add539c7f43561dac6c4fbe3 2a9a6c4609217d19e564e5634a5743b7c0fb9e70e1504dcab61ebfaff96d1645 00cfcd13039725f4af31dd54a06a32148d075432639b2a7a2893f6755c7619c6 21 1780066895]
# of transactions: 500
# of TXmig1s: 0
# of In1s: 0
# of Anns: 0
# of NSs: 0
blockHash: 
7dab5bfabf1508409898090f2bf24c26e44b419697f50fa34b425dff7680c7ad
本节点已接收到client发来准备迁移通知

第21个块开始准备relay

[Propose wait] S0 N0 spin=1 epoch=22 now=1780066895 InitTime=1780066851 lastpropose=1780066895 wallGap=44 need>=42 ok1=true lastGap=0 need>=2 ok2=false
本节点已将 pending 发送到 client（1476 笔）
本节点已接收到客户端发送的新映射
[handleTxFromClient] S0 N0 recv client batch, tx_count=41
[handleTxFromClient] S0 N0 append to Tx_pool.Queue: local_queued=41 forward_other_shard=0 Queue_total_len=1517

第21个块结束relay

[Propose wait] S0 N0 spin=50 epoch=22 now=1780066896 InitTime=1780066851 lastpropose=1780066895 wallGap=45 need>=42 ok1=true lastGap=1 need>=2 ok2=false
[Propose] S0 N0 时间条件满足: epoch=22->23 now=1780066897 InitTime=1780066851 lastpropose=1780066895 wallGap=46>=42 lastGap=2>=2 → propose1
[Propose] S0 N0 等待 sequenceLock…
[Propose] S0 N0 已持有 sequenceLock，seqID=22 即将 propose1
[propose1] S0 N0 seq=22 Tx_pool.Queue_len=1659
left_count: 469
更新树花时间为: 37
写数据库IO花时间为: 61
编号为 22 的区块已加入本地区块链！curBlock: 
blockHeader: 
[7dab5bfabf1508409898090f2bf24c26e44b419697f50fa34b425dff7680c7ad 3eba1dafba335800207e7211bc766ee5d083693add99374737eea7b8916ab860 ff6a4b862b5baae689ed8d2b2bf7966859ef604432f215fbfef8e7569811e6dd 22 1780066897]
# of transactions: 469
# of TXmig1s: 31
# of In1s: 0
# of Anns: 0
# of NSs: 0
blockHash: 
27103cdd83b20e21cfe55f16426a491e07c015c3ff74b50c61c22101ee2da8b2

第22个块开始准备relay

[Propose wait] S0 N0 spin=1 epoch=23 now=1780066897 InitTime=1780066851 lastpropose=1780066897 wallGap=46 need>=44 ok1=true lastGap=0 need>=2 ok2=false
[handleTxFromClient] S0 N0 recv client batch, tx_count=33
[handleTxFromClient] S0 N0 append to Tx_pool.Queue: local_queued=33 forward_other_shard=0 Queue_total_len=1311

本节点已接收到分片S1发来的迁移请求 
9999999999999999999950270466031999958000


第22个块结束relay

[Propose wait] S0 N0 spin=50 epoch=23 now=1780066898 InitTime=1780066851 lastpropose=1780066897 wallGap=47 need>=44 ok1=true lastGap=1 need>=2 ok2=false
[Propose] S0 N0 时间条件满足: epoch=23->24 now=1780066899 InitTime=1780066851 lastpropose=1780066897 wallGap=48>=44 lastGap=2>=2 → propose1
[Propose] S0 N0 等待 sequenceLock…
[Propose] S0 N0 已持有 sequenceLock，seqID=23 即将 propose1
[propose1] S0 N0 seq=23 Tx_pool.Queue_len=1311
left_count: 200
更新树花时间为: 43
写数据库IO花时间为: 52
编号为 23 的区块已加入本地区块链！curBlock: 
blockHeader: 
[27103cdd83b20e21cfe55f16426a491e07c015c3ff74b50c61c22101ee2da8b2 b71673cc1cb80acc37dd0fcd9be5d465ba17e371ec1549217975e3764a01c875 4184897568f8546ac0dc7ae67806cc319973b76288204558aa34774f3ac7ed1f 23 1780066899]
# of transactions: 200
# of TXmig1s: 0
# of In1s: 300
# of Anns: 0
# of NSs: 0
blockHash: 
7162f9a6edcad4c36f7a1f911c12cdc483c36dc7be08bde6dd9af270534f6788

第23个块开始准备relay

[Propose wait] S0 N0 spin=1 epoch=24 now=1780066899 InitTime=1780066851 lastpropose=1780066899 wallGap=48 need>=46 ok1=true lastGap=0 need>=2 ok2=false
本节点已接收到分片S1发来通知 
1
2
3

第23个块结束relay


本节点已接收到分片S1发来的迁移请求 
10000000000000000000004094946025172942700

[handleTxFromClient] S0 N0 recv client batch, tx_count=28
[handleTxFromClient] S0 N0 append to Tx_pool.Queue: local_queued=28 forward_other_shard=0 Queue_total_len=1268
[Propose wait] S0 N0 spin=50 epoch=24 now=1780066900 InitTime=1780066851 lastpropose=1780066899 wallGap=49 need>=46 ok1=true lastGap=1 need>=2 ok2=false
[Propose] S0 N0 时间条件满足: epoch=24->25 now=1780066901 InitTime=1780066851 lastpropose=1780066899 wallGap=50>=46 lastGap=2>=2 → propose1
[Propose] S0 N0 等待 sequenceLock…
[Propose] S0 N0 已持有 sequenceLock，seqID=24 即将 propose1
[propose1] S0 N0 seq=24 Tx_pool.Queue_len=1268
left_count: 300
更新树花时间为: 35
写数据库IO花时间为: 50
编号为 24 的区块已加入本地区块链！curBlock: 
blockHeader: 
[7162f9a6edcad4c36f7a1f911c12cdc483c36dc7be08bde6dd9af270534f6788 7947e6b0b952ebcaa6e82b7207c60391a6f398feb3492dde8b34a07406a3fd47 eb2414014b131e8bce19c987734597ff63d2a4929285482f31be44fd9932ac0d 24 1780066901]
# of transactions: 300
# of TXmig1s: 0
# of In1s: 169
# of Anns: 31
# of NSs: 0
blockHash: 
348353aa7ec73031a3f186abe5dba2da151e7388d80949fe0b31473cbe24f00f
handleAnns时是第24个块

handleannounce交易池操作时差为：0
handleannounce两锁时差为：0


第24个块开始准备relay

[Propose wait] S0 N0 spin=1 epoch=25 now=1780066901 InitTime=1780066851 lastpropose=1780066901 wallGap=50 need>=48 ok1=true lastGap=0 need>=2 ok2=false
时间：50123  正在向分片S1的主节点发送新
本节点已将不变的账户数量发送到client


第24个块结束relay

[handleTxFromClient] S0 N0 recv client batch, tx_count=11
[handleTxFromClient] S0 N0 append to Tx_pool.Queue: local_queued=11 forward_other_shard=0 Queue_total_len=991
[Propose wait] S0 N0 spin=50 epoch=25 now=1780066902 InitTime=1780066851 lastpropose=1780066901 wallGap=51 need>=48 ok1=true lastGap=1 need>=2 ok2=false
时间：1780066902330  本节点已接收到新
本节点已将迁移过来的pending交易的账户数量发送到client

[Propose] S0 N0 时间条件满足: epoch=25->26 now=1780066903 InitTime=1780066851 lastpropose=1780066901 wallGap=52>=48 lastGap=2>=2 → propose1
[Propose] S0 N0 等待 sequenceLock…
[Propose] S0 N0 已持有 sequenceLock，seqID=25 即将 propose1
[propose1] S0 N0 seq=25 Tx_pool.Queue_len=1231
left_count: 402
更新树花时间为: 38
写数据库IO花时间为: 58
编号为 25 的区块已加入本地区块链！curBlock: 
blockHeader: 
[348353aa7ec73031a3f186abe5dba2da151e7388d80949fe0b31473cbe24f00f 4e093b100d4770f83ffa42e5722ddc4095f64dd56704162399744da225cbd1c4 838d69be50ac161a6d1216124eb5a941589b70591993d5a0e5cc77d382d03e89 25 1780066903]
# of transactions: 402
# of TXmig1s: 0
# of In1s: 0
# of Anns: 0
# of NSs: 98
blockHash: 
f5af40842cf0ce320f0380331044fd9df3ee4c548ce5ba610646cdeb3b82683a

第25个块开始准备relay

[Propose wait] S0 N0 spin=1 epoch=26 now=1780066903 InitTime=1780066851 lastpropose=1780066903 wallGap=52 need>=50 ok1=true lastGap=0 need>=2 ok2=false

第25个块结束relay

时间：1780066903150  本节点已接收到新
本节点已将迁移过来的pending交易的账户数量发送到client

[handleTxFromClient] S0 N0 recv client batch, tx_count=103
[handleTxFromClient] S0 N0 append to Tx_pool.Queue: local_queued=103 forward_other_shard=0 Queue_total_len=1019
[Propose wait] S0 N0 spin=50 epoch=26 now=1780066904 InitTime=1780066851 lastpropose=1780066903 wallGap=53 need>=50 ok1=true lastGap=1 need>=2 ok2=false
[Propose] S0 N0 时间条件满足: epoch=26->27 now=1780066905 InitTime=1780066851 lastpropose=1780066903 wallGap=54>=50 lastGap=2>=2 → propose1
[Propose] S0 N0 等待 sequenceLock…
[Propose] S0 N0 已持有 sequenceLock，seqID=26 即将 propose1
[propose1] S0 N0 seq=26 Tx_pool.Queue_len=1177
left_count: 500
更新树花时间为: 35
写数据库IO花时间为: 40
编号为 26 的区块已加入本地区块链！curBlock: 
blockHeader: 
[f5af40842cf0ce320f0380331044fd9df3ee4c548ce5ba610646cdeb3b82683a d1ff70c4dc125e82ce5cfde2f95e6073da97a3f2b546bb850424a9b5ad6233f1 64e549efa7619e4ac0b224a0f361c55d29bb0c7832ff64d7d974893bddeafbf4 26 1780066905]
# of transactions: 500
# of TXmig1s: 0
# of In1s: 0
# of Anns: 0
# of NSs: 0
blockHash: 
90a5da2b0681a674d17adfd79982e174a3061df859099ce79338cadda86db2d5

第26个块开始准备relay

[Propose wait] S0 N0 spin=1 epoch=27 now=1780066905 InitTime=1780066851 lastpropose=1780066905 wallGap=54 need>=52 ok1=true lastGap=0 need>=2 ok2=false

第26个块结束relay

[Propose wait] S0 N0 spin=50 epoch=27 now=1780066906 InitTime=1780066851 lastpropose=1780066905 wallGap=55 need>=52 ok1=true lastGap=1 need>=2 ok2=false
[Propose] S0 N0 时间条件满足: epoch=27->28 now=1780066907 InitTime=1780066851 lastpropose=1780066905 wallGap=56>=52 lastGap=2>=2 → propose1
[Propose] S0 N0 等待 sequenceLock…
[Propose] S0 N0 已持有 sequenceLock，seqID=27 即将 propose1
[propose1] S0 N0 seq=27 Tx_pool.Queue_len=909
left_count: 500
更新树花时间为: 40
写数据库IO花时间为: 58
编号为 27 的区块已加入本地区块链！curBlock: 
blockHeader: 
[90a5da2b0681a674d17adfd79982e174a3061df859099ce79338cadda86db2d5 37a18a2553c601da4dd0da74b977516c4bb9f16e700f23086cc731e9e9a7c5af c3221dfeeb756cc1efe55313ce89e6775e2af26715421ff0df38b9b6d5ee850b 27 1780066907]
# of transactions: 500
# of TXmig1s: 0
# of In1s: 0
# of Anns: 0
# of NSs: 0
blockHash: 
f487860b114bf99b30fa72b903380ac235ec7303459929822ed9add7603b0903

第27个块开始准备relay

[Propose wait] S0 N0 spin=1 epoch=28 now=1780066907 InitTime=1780066851 lastpropose=1780066907 wallGap=56 need>=54 ok1=true lastGap=0 need>=2 ok2=false

第27个块结束relay

[Propose wait] S0 N0 spin=50 epoch=28 now=1780066908 InitTime=1780066851 lastpropose=1780066907 wallGap=57 need>=54 ok1=true lastGap=1 need>=2 ok2=false
[Propose] S0 N0 时间条件满足: epoch=28->29 now=1780066909 InitTime=1780066851 lastpropose=1780066907 wallGap=58>=54 lastGap=2>=2 → propose1
[Propose] S0 N0 等待 sequenceLock…
[Propose] S0 N0 已持有 sequenceLock，seqID=28 即将 propose1
[propose1] S0 N0 seq=28 Tx_pool.Queue_len=636
left_count: 500
更新树花时间为: 43
写数据库IO花时间为: 71
编号为 28 的区块已加入本地区块链！curBlock: 
blockHeader: 
[f487860b114bf99b30fa72b903380ac235ec7303459929822ed9add7603b0903 716a7bedeaec2f20eab11117dd03373558dfb5e6bfbadf32cc1c29f9665cac31 635b3dd7db99db9922b74f4f548b81e541f6e9accd28354a43e91484880a1eb7 28 1780066909]
# of transactions: 500
# of TXmig1s: 0
# of In1s: 0
# of Anns: 0
# of NSs: 0
blockHash: 
deda5bf61ab6d5811484688c6a0c99226f5887a624f64b23f5fb4c3ffa68affd

第28个块开始准备relay

[Propose wait] S0 N0 spin=1 epoch=29 now=1780066909 InitTime=1780066851 lastpropose=1780066909 wallGap=58 need>=56 ok1=true lastGap=0 need>=2 ok2=false

第28个块结束relay

[Propose wait] S0 N0 spin=50 epoch=29 now=1780066910 InitTime=1780066851 lastpropose=1780066909 wallGap=59 need>=56 ok1=true lastGap=1 need>=2 ok2=false
[Propose] S0 N0 时间条件满足: epoch=29->30 now=1780066911 InitTime=1780066851 lastpropose=1780066909 wallGap=60>=56 lastGap=2>=2 → propose1
[Propose] S0 N0 等待 sequenceLock…
[Propose] S0 N0 已持有 sequenceLock，seqID=29 即将 propose1
[propose1] S0 N0 seq=29 Tx_pool.Queue_len=289
left_count: 500
更新树花时间为: 33
写数据库IO花时间为: 43
编号为 29 的区块已加入本地区块链！curBlock: 
blockHeader: 
[deda5bf61ab6d5811484688c6a0c99226f5887a624f64b23f5fb4c3ffa68affd c78a5e02c2b67df74cf2c2dda1947a446d53d8b84d68ebfa5ecf4915ae082e21 1f4731c00a35db2c99f06d70c1ae0256da3fd2d192caabc478d09ea4828e3160 29 1780066911]
# of transactions: 289
# of TXmig1s: 0
# of In1s: 0
# of Anns: 0
# of NSs: 0
blockHash: 
0e8fb20ed5092bea3da969a54f1698a6bfb412b71774821cfd60c05d5ae01fe8
[Propose wait] S0 N0 spin=1 epoch=30 now=1780066911 InitTime=1780066851 lastpropose=1780066911 wallGap=60 need>=58 ok1=true lastGap=0 need>=2 ok2=false
[Propose wait] S0 N0 spin=50 epoch=30 now=1780066912 InitTime=1780066851 lastpropose=1780066911 wallGap=61 need>=58 ok1=true lastGap=1 need>=2 ok2=false
[Propose] S0 N0 时间条件满足: epoch=30->31 now=1780066913 InitTime=1780066851 lastpropose=1780066911 wallGap=62>=58 lastGap=2>=2 → propose1
[Propose] S0 N0 等待 sequenceLock…
[Propose] S0 N0 已持有 sequenceLock，seqID=30 即将 propose1
[propose1] S0 N0 seq=30 Tx_pool.Queue_len=217
left_count: 500
更新树花时间为: 28
写数据库IO花时间为: 32
编号为 30 的区块已加入本地区块链！curBlock: 
blockHeader: 
[0e8fb20ed5092bea3da969a54f1698a6bfb412b71774821cfd60c05d5ae01fe8 4a16d81257b338095405304ac9be43b530e854c69624df79ef4aafb1a4133b1c 9bf40203c2c38162b24208c16160670a8450767924df3b865a2d2c645a68fe41 30 1780066913]
# of transactions: 217
# of TXmig1s: 0
# of In1s: 0
# of Anns: 0
# of NSs: 0
blockHash: 
9ea6c3cee38688844cc96397a037bbf99b09acf1ca27ea973867a19a4d031440
[Propose wait] S0 N0 spin=1 epoch=31 now=1780066913 InitTime=1780066851 lastpropose=1780066913 wallGap=62 need>=60 ok1=true lastGap=0 need>=2 ok2=false
[Propose wait] S0 N0 spin=50 epoch=31 now=1780066914 InitTime=1780066851 lastpropose=1780066913 wallGap=63 need>=60 ok1=true lastGap=1 need>=2 ok2=false
[Propose] S0 N0 时间条件满足: epoch=31->32 now=1780066915 InitTime=1780066851 lastpropose=1780066913 wallGap=64>=60 lastGap=2>=2 → propose1
[Propose] S0 N0 等待 sequenceLock…
[Propose] S0 N0 已持有 sequenceLock，seqID=31 即将 propose1
[propose1] S0 N0 seq=31 Tx_pool.Queue_len=180
left_count: 500
更新树花时间为: 20
写数据库IO花时间为: 28
编号为 31 的区块已加入本地区块链！curBlock: 
blockHeader: 
[9ea6c3cee38688844cc96397a037bbf99b09acf1ca27ea973867a19a4d031440 28b699d4883bb1f91f42edc27e5d4dd3078cc8c755af02064e47c834f48b2b2f 84a42c2078762a42e6d49edf012c4541e50e8f371e07282b1413c96a3dcf3548 31 1780066915]
# of transactions: 180
# of TXmig1s: 0
# of In1s: 0
# of Anns: 0
# of NSs: 0
blockHash: 
383a3559ee46e39374e4e63344a1cbb9fe7e4cee7a88d1440c1988a95fd48e8a
[Propose wait] S0 N0 spin=1 epoch=32 now=1780066915 InitTime=1780066851 lastpropose=1780066915 wallGap=64 need>=62 ok1=true lastGap=0 need>=2 ok2=false
[Propose wait] S0 N0 spin=50 epoch=32 now=1780066916 InitTime=1780066851 lastpropose=1780066915 wallGap=65 need>=62 ok1=true lastGap=1 need>=2 ok2=false
[Propose] S0 N0 时间条件满足: epoch=32->33 now=1780066917 InitTime=1780066851 lastpropose=1780066915 wallGap=66>=62 lastGap=2>=2 → propose1
[Propose] S0 N0 等待 sequenceLock…
[Propose] S0 N0 已持有 sequenceLock，seqID=32 即将 propose1
[propose1] S0 N0 seq=32 Tx_pool.Queue_len=241
left_count: 500
更新树花时间为: 27
写数据库IO花时间为: 32
编号为 32 的区块已加入本地区块链！curBlock: 
blockHeader: 
[383a3559ee46e39374e4e63344a1cbb9fe7e4cee7a88d1440c1988a95fd48e8a 25b0261b312da3dd26cc2b4c55263e2b036b5feb0280d9e307d6f72fca84e9e8 27fcfbe3a20cbdb55a5aedb51a33ce42ddf43ef564b7b867b6986166848bf9a0 32 1780066917]
# of transactions: 241
# of TXmig1s: 0
# of In1s: 0
# of Anns: 0
# of NSs: 0
blockHash: 
9e492c70481b7ec4f365a89482e45ff94d064b2ecc0509be7998fc8c57054725
[Propose wait] S0 N0 spin=1 epoch=33 now=1780066917 InitTime=1780066851 lastpropose=1780066917 wallGap=66 need>=64 ok1=true lastGap=0 need>=2 ok2=false
[Propose wait] S0 N0 spin=50 epoch=33 now=1780066918 InitTime=1780066851 lastpropose=1780066917 wallGap=67 need>=64 ok1=true lastGap=1 need>=2 ok2=false
[Propose] S0 N0 时间条件满足: epoch=33->34 now=1780066919 InitTime=1780066851 lastpropose=1780066917 wallGap=68>=64 lastGap=2>=2 → propose1
[Propose] S0 N0 等待 sequenceLock…
[Propose] S0 N0 已持有 sequenceLock，seqID=33 即将 propose1
[propose1] S0 N0 seq=33 Tx_pool.Queue_len=222
left_count: 500
更新树花时间为: 33
写数据库IO花时间为: 59
编号为 33 的区块已加入本地区块链！curBlock: 
blockHeader: 
[9e492c70481b7ec4f365a89482e45ff94d064b2ecc0509be7998fc8c57054725 4dd8ad9d3996c7db6228c95d7e1d2d24e7a7a25fd1b697918e57181e7978a24d f22f3e8c70389b6c4523c3401c622f590717e878d5fcfabf00305d39d7586a39 33 1780066919]
# of transactions: 222
# of TXmig1s: 0
# of In1s: 0
# of Anns: 0
# of NSs: 0
blockHash: 
997bf18788efeca3351c8520ed5164b39f1d77c930fe94209f1d4f53783e3d22
[Propose wait] S0 N0 spin=1 epoch=34 now=1780066919 InitTime=1780066851 lastpropose=1780066919 wallGap=68 need>=66 ok1=true lastGap=0 need>=2 ok2=false
[Propose wait] S0 N0 spin=50 epoch=34 now=1780066920 InitTime=1780066851 lastpropose=1780066919 wallGap=69 need>=66 ok1=true lastGap=1 need>=2 ok2=false
[Propose] S0 N0 时间条件满足: epoch=34->35 now=1780066921 InitTime=1780066851 lastpropose=1780066919 wallGap=70>=66 lastGap=2>=2 → propose1
[Propose] S0 N0 等待 sequenceLock…
[Propose] S0 N0 已持有 sequenceLock，seqID=34 即将 propose1
[propose1] S0 N0 seq=34 Tx_pool.Queue_len=251
left_count: 500
更新树花时间为: 30
写数据库IO花时间为: 35
编号为 34 的区块已加入本地区块链！curBlock: 
blockHeader: 
[997bf18788efeca3351c8520ed5164b39f1d77c930fe94209f1d4f53783e3d22 6db7881275a24de5ca5ab891d9c73537a17fd6bae93242023d27462a03ad7a54 05403ff1d0a3f50739c24ce3f5287c3bdf3b04b28ba3e5b08291063a3f15e182 34 1780066921]
# of transactions: 251
# of TXmig1s: 0
# of In1s: 0
# of Anns: 0
# of NSs: 0
blockHash: 
afab19abfbd8a1d9b7bdd7d8ae6870e67501e0fcdf50cb13d049c9426be07037
[Propose wait] S0 N0 spin=1 epoch=35 now=1780066921 InitTime=1780066851 lastpropose=1780066921 wallGap=70 need>=68 ok1=true lastGap=0 need>=2 ok2=false
[Propose wait] S0 N0 spin=50 epoch=35 now=1780066922 InitTime=1780066851 lastpropose=1780066921 wallGap=71 need>=68 ok1=true lastGap=1 need>=2 ok2=false
[Propose] S0 N0 时间条件满足: epoch=35->36 now=1780066923 InitTime=1780066851 lastpropose=1780066921 wallGap=72>=68 lastGap=2>=2 → propose1
[Propose] S0 N0 等待 sequenceLock…
[Propose] S0 N0 已持有 sequenceLock，seqID=35 即将 propose1
[propose1] S0 N0 seq=35 Tx_pool.Queue_len=236
left_count: 500
更新树花时间为: 25
写数据库IO花时间为: 33
编号为 35 的区块已加入本地区块链！curBlock: 
blockHeader: 
[afab19abfbd8a1d9b7bdd7d8ae6870e67501e0fcdf50cb13d049c9426be07037 bf6f431460298892773f9bd7b8f319dbcd3e2f97f641f24115187387ee0f5507 57d910590d7351f6d26f0fb929b2ae7d9d1d4b085e9e8d8ac0fe0876a48ee328 35 1780066923]
# of transactions: 236
# of TXmig1s: 0
# of In1s: 0
# of Anns: 0
# of NSs: 0
blockHash: 
bda3290a9aa8bde18aceaa9428424c95891fd094c70da725a4565d7c3689102a
[Propose wait] S0 N0 spin=1 epoch=36 now=1780066923 InitTime=1780066851 lastpropose=1780066923 wallGap=72 need>=70 ok1=true lastGap=0 need>=2 ok2=false
[Propose wait] S0 N0 spin=50 epoch=36 now=1780066924 InitTime=1780066851 lastpropose=1780066923 wallGap=73 need>=70 ok1=true lastGap=1 need>=2 ok2=false
[Propose] S0 N0 时间条件满足: epoch=36->37 now=1780066925 InitTime=1780066851 lastpropose=1780066923 wallGap=74>=70 lastGap=2>=2 → propose1
[Propose] S0 N0 等待 sequenceLock…
[Propose] S0 N0 已持有 sequenceLock，seqID=36 即将 propose1
[propose1] S0 N0 seq=36 Tx_pool.Queue_len=120
left_count: 500
更新树花时间为: 13
写数据库IO花时间为: 19
编号为 36 的区块已加入本地区块链！curBlock: 
blockHeader: 
[bda3290a9aa8bde18aceaa9428424c95891fd094c70da725a4565d7c3689102a e252057eb271ab26075bea173aeb6c57497a0f836385b3e3f778589db66d4d84 e2784ee6b5c430fbb53332d4a0e5feefcbe81deb55518c7df10b8434e5cebe6e 36 1780066925]
# of transactions: 120
# of TXmig1s: 0
# of In1s: 0
# of Anns: 0
# of NSs: 0
blockHash: 
bcc17e0db52d25c31338f0ef68bc48f3d7b3fae9283b970aa3d2b53c37f6cdcd
[Propose wait] S0 N0 spin=1 epoch=37 now=1780066925 InitTime=1780066851 lastpropose=1780066925 wallGap=74 need>=72 ok1=true lastGap=0 need>=2 ok2=false
[Propose wait] S0 N0 spin=50 epoch=37 now=1780066926 InitTime=1780066851 lastpropose=1780066925 wallGap=75 need>=72 ok1=true lastGap=1 need>=2 ok2=false
[Propose] S0 N0 时间条件满足: epoch=37->38 now=1780066927 InitTime=1780066851 lastpropose=1780066925 wallGap=76>=72 lastGap=2>=2 → propose1
[Propose] S0 N0 等待 sequenceLock…
[Propose] S0 N0 已持有 sequenceLock，seqID=37 即将 propose1
[propose1] S0 N0 seq=37 Tx_pool.Queue_len=0
left_count: 500
更新树花时间为: 0
写数据库IO花时间为: 8
编号为 37 的区块已加入本地区块链！curBlock: 
blockHeader: 
[bcc17e0db52d25c31338f0ef68bc48f3d7b3fae9283b970aa3d2b53c37f6cdcd e252057eb271ab26075bea173aeb6c57497a0f836385b3e3f778589db66d4d84 56e81f171bcc55a6ff8345e692c0f86e5b48e01b996cadc001622fb5e363b421 37 1780066927]
# of transactions: 0
# of TXmig1s: 0
# of In1s: 0
# of Anns: 0
# of NSs: 0
blockHash: 
ef0304dbb5e9cdd0731d0bb8532be391cfb6b13f35a7cd04deba432306fd5ef7
[Propose wait] S0 N0 spin=1 epoch=38 now=1780066927 InitTime=1780066851 lastpropose=1780066927 wallGap=76 need>=74 ok1=true lastGap=0 need>=2 ok2=false
[Propose wait] S0 N0 spin=50 epoch=38 now=1780066928 InitTime=1780066851 lastpropose=1780066927 wallGap=77 need>=74 ok1=true lastGap=1 need>=2 ok2=false
[Propose] S0 N0 时间条件满足: epoch=38->39 now=1780066929 InitTime=1780066851 lastpropose=1780066927 wallGap=78>=74 lastGap=2>=2 → propose1
[Propose] S0 N0 等待 sequenceLock…
[Propose] S0 N0 已持有 sequenceLock，seqID=38 即将 propose1
[propose1] S0 N0 seq=38 Tx_pool.Queue_len=0
left_count: 500
更新树花时间为: 0
写数据库IO花时间为: 7
编号为 38 的区块已加入本地区块链！curBlock: 
blockHeader: 
[ef0304dbb5e9cdd0731d0bb8532be391cfb6b13f35a7cd04deba432306fd5ef7 e252057eb271ab26075bea173aeb6c57497a0f836385b3e3f778589db66d4d84 56e81f171bcc55a6ff8345e692c0f86e5b48e01b996cadc001622fb5e363b421 38 1780066929]
# of transactions: 0
# of TXmig1s: 0
# of In1s: 0
# of Anns: 0
# of NSs: 0
blockHash: 
d006e855219f5846894efab7bd0774f38af68baa021b26b843a9e3a54cafe6b0
[Propose wait] S0 N0 spin=1 epoch=39 now=1780066929 InitTime=1780066851 lastpropose=1780066929 wallGap=78 need>=76 ok1=true lastGap=0 need>=2 ok2=false
[Propose wait] S0 N0 spin=50 epoch=39 now=1780066930 InitTime=1780066851 lastpropose=1780066929 wallGap=79 need>=76 ok1=true lastGap=1 need>=2 ok2=false
[Propose] S0 N0 时间条件满足: epoch=39->40 now=1780066931 InitTime=1780066851 lastpropose=1780066929 wallGap=80>=76 lastGap=2>=2 → propose1
[Propose] S0 N0 等待 sequenceLock…
[Propose] S0 N0 已持有 sequenceLock，seqID=39 即将 propose1
[propose1] S0 N0 seq=39 Tx_pool.Queue_len=0
left_count: 500
更新树花时间为: 0
写数据库IO花时间为: 11
编号为 39 的区块已加入本地区块链！curBlock: 
blockHeader: 
[d006e855219f5846894efab7bd0774f38af68baa021b26b843a9e3a54cafe6b0 e252057eb271ab26075bea173aeb6c57497a0f836385b3e3f778589db66d4d84 56e81f171bcc55a6ff8345e692c0f86e5b48e01b996cadc001622fb5e363b421 39 1780066931]
# of transactions: 0
# of TXmig1s: 0
# of In1s: 0
# of Anns: 0
# of NSs: 0
blockHash: 
63bfe24c820b4c5e8e44a7f133cc78832a460b39b3c756dbdd68d4341b7e2854
[Propose wait] S0 N0 spin=1 epoch=40 now=1780066931 InitTime=1780066851 lastpropose=1780066931 wallGap=80 need>=78 ok1=true lastGap=0 need>=2 ok2=false
[Propose wait] S0 N0 spin=50 epoch=40 now=1780066932 InitTime=1780066851 lastpropose=1780066931 wallGap=81 need>=78 ok1=true lastGap=1 need>=2 ok2=false
[Propose] S0 N0 时间条件满足: epoch=40->41 now=1780066933 InitTime=1780066851 lastpropose=1780066931 wallGap=82>=78 lastGap=2>=2 → propose1
[Propose] S0 N0 等待 sequenceLock…
[Propose] S0 N0 已持有 sequenceLock，seqID=40 即将 propose1
[propose1] S0 N0 seq=40 Tx_pool.Queue_len=0
left_count: 500
更新树花时间为: 0
写数据库IO花时间为: 9
编号为 40 的区块已加入本地区块链！curBlock: 
blockHeader: 
[63bfe24c820b4c5e8e44a7f133cc78832a460b39b3c756dbdd68d4341b7e2854 e252057eb271ab26075bea173aeb6c57497a0f836385b3e3f778589db66d4d84 56e81f171bcc55a6ff8345e692c0f86e5b48e01b996cadc001622fb5e363b421 40 1780066933]
# of transactions: 0
# of TXmig1s: 0
# of In1s: 0
# of Anns: 0
# of NSs: 0
blockHash: 
b24182077a464c7a5675c340fd9428627c0d7129c5f8aa1eafecaa620f99addc
[Propose wait] S0 N0 spin=1 epoch=41 now=1780066933 InitTime=1780066851 lastpropose=1780066933 wallGap=82 need>=80 ok1=true lastGap=0 need>=2 ok2=false
[Propose wait] S0 N0 spin=50 epoch=41 now=1780066934 InitTime=1780066851 lastpropose=1780066933 wallGap=83 need>=80 ok1=true lastGap=1 need>=2 ok2=false
[Propose] S0 N0 时间条件满足: epoch=41->42 now=1780066935 InitTime=1780066851 lastpropose=1780066933 wallGap=84>=80 lastGap=2>=2 → propose1
[Propose] S0 N0 等待 sequenceLock…
[Propose] S0 N0 已持有 sequenceLock，seqID=41 即将 propose1
[propose1] S0 N0 seq=41 Tx_pool.Queue_len=0
left_count: 500
更新树花时间为: 0
写数据库IO花时间为: 13
编号为 41 的区块已加入本地区块链！curBlock: 
blockHeader: 
[b24182077a464c7a5675c340fd9428627c0d7129c5f8aa1eafecaa620f99addc e252057eb271ab26075bea173aeb6c57497a0f836385b3e3f778589db66d4d84 56e81f171bcc55a6ff8345e692c0f86e5b48e01b996cadc001622fb5e363b421 41 1780066935]
# of transactions: 0
# of TXmig1s: 0
# of In1s: 0
# of Anns: 0
# of NSs: 0
blockHash: 
bdedf603b23927bc58532a47c7575ee3682d8b407fb9e3bdf0f185f0c320475d
[Propose wait] S0 N0 spin=1 epoch=42 now=1780066935 InitTime=1780066851 lastpropose=1780066935 wallGap=84 need>=82 ok1=true lastGap=0 need>=2 ok2=false
节点收到终止节点消息，停止运行
