MigrationStrategy=Fine-tuned-Lock (Stop=false Lock=false NotLock=false)
&{77 N0 S1 2 0 D:\Desktop\实验室\MVSS+\MVSS-main\selectedTxs_300K.csv 2 500 300 150 150 150 150 1000 10 1 400 20000 0 50000 20 true Fine-tuned-Lock false false false false true false 3 false 8 false false false PageRank false 100 true false}
&{77 N0 S1 2 0 D:\Desktop\实验室\MVSS+\MVSS-main\selectedTxs_300K.csv 2 500 300 150 150 150 150 1000 10 1 400 20000 0 50000 20 true Fine-tuned-Lock false false false false true false 3 false 8 false false false PageRank false 100 true false}
交易将由外部客户端发送
节点 N0 已启动，所属分片: S1
[Propose wait-first-tx] S1 N0 seq=1 Queue_len=0，首块等待交易注入后再出块
节点开启监听，地址：127.0.0.1:8020
[Propose wait-first-tx] S1 N0 seq=1 Queue_len=0，首块等待交易注入后再出块
[Propose wait-first-tx] S1 N0 seq=1 Queue_len=0，首块等待交易注入后再出块
[Propose wait-first-tx] S1 N0 seq=1 Queue_len=0，首块等待交易注入后再出块
[Propose wait-first-tx] S1 N0 seq=1 Queue_len=0，首块等待交易注入后再出块
[Propose wait-first-tx] S1 N0 seq=1 Queue_len=0，首块等待交易注入后再出块
[Propose wait-first-tx] S1 N0 seq=1 Queue_len=0，首块等待交易注入后再出块
[Propose wait-first-tx] S1 N0 seq=1 Queue_len=0，首块等待交易注入后再出块
[Propose wait-first-tx] S1 N0 seq=1 Queue_len=0，首块等待交易注入后再出块
[Propose wait-first-tx] S1 N0 seq=1 Queue_len=0，首块等待交易注入后再出块
[Propose wait-first-tx] S1 N0 seq=1 Queue_len=0，首块等待交易注入后再出块
[Propose wait-first-tx] S1 N0 seq=1 Queue_len=0，首块等待交易注入后再出块
[Propose wait-first-tx] S1 N0 seq=1 Queue_len=0，首块等待交易注入后再出块
[Propose wait-first-tx] S1 N0 seq=1 Queue_len=0，首块等待交易注入后再出块
[Propose wait-first-tx] S1 N0 seq=1 Queue_len=0，首块等待交易注入后再出块
[Propose wait-first-tx] S1 N0 seq=1 Queue_len=0，首块等待交易注入后再出块
[Propose wait-first-tx] S1 N0 seq=1 Queue_len=0，首块等待交易注入后再出块
本节点已接收到客户端发送的初始时间：1780066738（锚定 InitTime=1780066738，已重置 epoch=1）
[Propose wait-first-tx] S1 N0 seq=1 Queue_len=0，首块等待交易注入后再出块
[Propose wait-first-tx] S1 N0 seq=1 Queue_len=0，首块等待交易注入后再出块
[Propose wait-first-tx] S1 N0 seq=1 Queue_len=0，首块等待交易注入后再出块
[handleTxFromClient] S1 N0 recv client batch, tx_count=192
[handleTxFromClient] S1 N0 append to Tx_pool.Queue: local_queued=192 forward_other_shard=0 Queue_total_len=192
[Propose wait-first-tx] S1 N0 首块已检测到交易，结束等待，Queue_len=192
[Propose] S1 N0 时间条件满足: epoch=1->2 now=1780066742 InitTime=1780066738 lastpropose=1780066738 wallGap=4>=0 lastGap=4>=2 → propose1
[Propose] S1 N0 等待 sequenceLock…
[Propose] S1 N0 已持有 sequenceLock，seqID=1 即将 propose1
[propose1] S1 N0 seq=1 Tx_pool.Queue_len=192
left_count: 500
更新树花时间为: 44
写数据库IO花时间为: 67
编号为 1 的区块已加入本地区块链！curBlock: 
blockHeader: 
[1add38160db0458a48072f3ade543ffb4af4e9cfdf8f76549b9568e046a6a3ff b4e60825fb47de1bfce918ea98c3f76e8b8f94ab9990802d70a2fe18d3ccd310 16066e88080a507d7b175d6c14fa32fa9f001ee71a5f7d87ef853081ad16a872 1 1780066742]
# of transactions: 192
# of TXmig1s: 0
# of In1s: 0
# of Anns: 0
# of NSs: 0
blockHash: 
fd45ab20055777ac372d3f59d46e9ed9ccc7c1499488a6d1dc6039e4e3e93acb

第1个块开始准备relay

[Propose wait] S1 N0 spin=1 epoch=2 now=1780066742 InitTime=1780066738 lastpropose=1780066742 wallGap=4 need>=2 ok1=true lastGap=0 need>=2 ok2=false

第1个块结束relay

[Propose wait] S1 N0 spin=50 epoch=2 now=1780066743 InitTime=1780066738 lastpropose=1780066742 wallGap=5 need>=2 ok1=true lastGap=1 need>=2 ok2=false
[Propose] S1 N0 时间条件满足: epoch=2->3 now=1780066744 InitTime=1780066738 lastpropose=1780066742 wallGap=6>=2 lastGap=2>=2 → propose1
[Propose] S1 N0 等待 sequenceLock…
[Propose] S1 N0 已持有 sequenceLock，seqID=2 即将 propose1
[propose1] S1 N0 seq=2 Tx_pool.Queue_len=289
left_count: 500
[handleTxFromClient] S1 N0 recv client batch, tx_count=153
[handleTxFromClient] S1 N0 append to Tx_pool.Queue: local_queued=153 forward_other_shard=0 Queue_total_len=153
更新树花时间为: 28
写数据库IO花时间为: 33
编号为 2 的区块已加入本地区块链！curBlock: 
blockHeader: 
[fd45ab20055777ac372d3f59d46e9ed9ccc7c1499488a6d1dc6039e4e3e93acb 11139dfb4eac1e8079dd2058858edf8025f74c3bd7c034721d0c018463a5ed54 de90ebfb6074524a22a84410030182fe3cb3867ca9281aa9ff35ce16f265b97a 2 1780066744]
# of transactions: 289
# of TXmig1s: 0
# of In1s: 0
# of Anns: 0
# of NSs: 0
blockHash: 
f758d6d19f9222479be3230ec391a5390dabda606ab0e0c8fcdd297e70670b98
[Propose wait] S1 N0 spin=1 epoch=3 now=1780066744 InitTime=1780066738 lastpropose=1780066744 wallGap=6 need>=4 ok1=true lastGap=0 need>=2 ok2=false
[Propose wait] S1 N0 spin=50 epoch=3 now=1780066745 InitTime=1780066738 lastpropose=1780066744 wallGap=7 need>=4 ok1=true lastGap=1 need>=2 ok2=false
[Propose] S1 N0 时间条件满足: epoch=3->4 now=1780066746 InitTime=1780066738 lastpropose=1780066744 wallGap=8>=4 lastGap=2>=2 → propose1
[Propose] S1 N0 等待 sequenceLock…
[Propose] S1 N0 已持有 sequenceLock，seqID=3 即将 propose1
[propose1] S1 N0 seq=3 Tx_pool.Queue_len=210
left_count: 500
[handleTxFromClient] S1 N0 recv client batch, tx_count=145
[handleTxFromClient] S1 N0 append to Tx_pool.Queue: local_queued=145 forward_other_shard=0 Queue_total_len=145
更新树花时间为: 32
写数据库IO花时间为: 39
编号为 3 的区块已加入本地区块链！curBlock: 
blockHeader: 
[f758d6d19f9222479be3230ec391a5390dabda606ab0e0c8fcdd297e70670b98 1e70d8b2687243799b1e3adf9f13aedf0874c390e22b13f186579c1b31ccab01 56b55d42352fb90c184cc30c09a97e441449573725c27eca07744f2c50924c0c 3 1780066746]
# of transactions: 210
# of TXmig1s: 0
# of In1s: 0
# of Anns: 0
# of NSs: 0
blockHash: 
45df8dcf74fab1b1ecd11dd457dc4bc97ef79c99c90917be543e403d93e2fb31

第3个块开始准备relay

[Propose wait] S1 N0 spin=1 epoch=4 now=1780066746 InitTime=1780066738 lastpropose=1780066746 wallGap=8 need>=6 ok1=true lastGap=0 need>=2 ok2=false

第3个块结束relay

[Propose wait] S1 N0 spin=50 epoch=4 now=1780066747 InitTime=1780066738 lastpropose=1780066746 wallGap=9 need>=6 ok1=true lastGap=1 need>=2 ok2=false
[Propose] S1 N0 时间条件满足: epoch=4->5 now=1780066748 InitTime=1780066738 lastpropose=1780066746 wallGap=10>=6 lastGap=2>=2 → propose1
[Propose] S1 N0 等待 sequenceLock…
[Propose] S1 N0 已持有 sequenceLock，seqID=4 即将 propose1
[propose1] S1 N0 seq=4 Tx_pool.Queue_len=405
left_count: 500
[handleTxFromClient] S1 N0 recv client batch, tx_count=240
[handleTxFromClient] S1 N0 append to Tx_pool.Queue: local_queued=240 forward_other_shard=0 Queue_total_len=240
更新树花时间为: 57
写数据库IO花时间为: 65
编号为 4 的区块已加入本地区块链！curBlock: 
blockHeader: 
[45df8dcf74fab1b1ecd11dd457dc4bc97ef79c99c90917be543e403d93e2fb31 af5f613613f68fdffcd1a261ed5c51b962529358e739d15ab9036775a5089a87 6d2c216bea804e7ba9069918dd1921fac4a207c10ff5757a69ba55493c75f615 4 1780066748]
# of transactions: 405
# of TXmig1s: 0
# of In1s: 0
# of Anns: 0
# of NSs: 0
blockHash: 
fb36655a791e62048aa252247ee4843dfadbb31c4fa0992f92804f627e7418a3

第4个块开始准备relay

[Propose wait] S1 N0 spin=1 epoch=5 now=1780066748 InitTime=1780066738 lastpropose=1780066748 wallGap=10 need>=8 ok1=true lastGap=0 need>=2 ok2=false

第4个块结束relay

[Propose wait] S1 N0 spin=50 epoch=5 now=1780066749 InitTime=1780066738 lastpropose=1780066748 wallGap=11 need>=8 ok1=true lastGap=1 need>=2 ok2=false
[Propose] S1 N0 时间条件满足: epoch=5->6 now=1780066750 InitTime=1780066738 lastpropose=1780066748 wallGap=12>=8 lastGap=2>=2 → propose1
[Propose] S1 N0 等待 sequenceLock…
[Propose] S1 N0 已持有 sequenceLock，seqID=5 即将 propose1
[propose1] S1 N0 seq=5 Tx_pool.Queue_len=480
left_count: 500
[handleTxFromClient] S1 N0 recv client batch, tx_count=142
[handleTxFromClient] S1 N0 append to Tx_pool.Queue: local_queued=142 forward_other_shard=0 Queue_total_len=142
更新树花时间为: 67
写数据库IO花时间为: 78
编号为 5 的区块已加入本地区块链！curBlock: 
blockHeader: 
[fb36655a791e62048aa252247ee4843dfadbb31c4fa0992f92804f627e7418a3 736c43e63426eba24ba7efcef5148ea755fa3407e2445b18c0f5b2e0f1ab1b0b 4922a67c390de8c9ed54c829d64b9bbe1526c47ba532c7fc69e81dbfda1bea73 5 1780066750]
# of transactions: 480
# of TXmig1s: 0
# of In1s: 0
# of Anns: 0
# of NSs: 0
blockHash: 
037320a74f99573b66a95b422f691af67a816b4a1edc084b301e7481373ae6a3

第5个块开始准备relay

[Propose wait] S1 N0 spin=1 epoch=6 now=1780066750 InitTime=1780066738 lastpropose=1780066750 wallGap=12 need>=10 ok1=true lastGap=0 need>=2 ok2=false

第5个块结束relay

[Propose wait] S1 N0 spin=50 epoch=6 now=1780066751 InitTime=1780066738 lastpropose=1780066750 wallGap=13 need>=10 ok1=true lastGap=1 need>=2 ok2=false
[Propose] S1 N0 时间条件满足: epoch=6->7 now=1780066752 InitTime=1780066738 lastpropose=1780066750 wallGap=14>=10 lastGap=2>=2 → propose1
[Propose] S1 N0 等待 sequenceLock…
[Propose] S1 N0 已持有 sequenceLock，seqID=6 即将 propose1
[propose1] S1 N0 seq=6 Tx_pool.Queue_len=384
left_count: 500
[handleTxFromClient] S1 N0 recv client batch, tx_count=165
[handleTxFromClient] S1 N0 append to Tx_pool.Queue: local_queued=165 forward_other_shard=0 Queue_total_len=165
更新树花时间为: 45
写数据库IO花时间为: 63
编号为 6 的区块已加入本地区块链！curBlock: 
blockHeader: 
[037320a74f99573b66a95b422f691af67a816b4a1edc084b301e7481373ae6a3 a1b07ccf90b988e4d1f7e2f8e5f3059068c61f23596eef6dc5575775bfd8fbde 3c2c1f3161ff99c1aea869d154ac10a668d6bd9d55bd2563a793260786644660 6 1780066752]
# of transactions: 384
# of TXmig1s: 0
# of In1s: 0
# of Anns: 0
# of NSs: 0
blockHash: 
0d519293be6d76751d5e346af88920ffbee4ca4da79ba0ef34e43ad36d370877

第6个块开始准备relay

[Propose wait] S1 N0 spin=1 epoch=7 now=1780066752 InitTime=1780066738 lastpropose=1780066752 wallGap=14 need>=12 ok1=true lastGap=0 need>=2 ok2=false

第6个块结束relay

[Propose wait] S1 N0 spin=50 epoch=7 now=1780066753 InitTime=1780066738 lastpropose=1780066752 wallGap=15 need>=12 ok1=true lastGap=1 need>=2 ok2=false
[Propose] S1 N0 时间条件满足: epoch=7->8 now=1780066754 InitTime=1780066738 lastpropose=1780066752 wallGap=16>=12 lastGap=2>=2 → propose1
[Propose] S1 N0 等待 sequenceLock…
[Propose] S1 N0 已持有 sequenceLock，seqID=7 即将 propose1
[propose1] S1 N0 seq=7 Tx_pool.Queue_len=406
left_count: 500
更新树花时间为: 65
写数据库IO花时间为: 71
编号为 7 的区块已加入本地区块链！curBlock: 
blockHeader: 
[0d519293be6d76751d5e346af88920ffbee4ca4da79ba0ef34e43ad36d370877 c218c91cfe5593d819c665107bd2a0126b1147784e1ba4d40a566702fae47735 e80d3ff9aaf8d88dfdf0d22f758a7fd8afd88ad3e69617bf5ff750ab72536da8 7 1780066754]
# of transactions: 406
# of TXmig1s: 0
# of In1s: 0
# of Anns: 0
# of NSs: 0
blockHash: 
e9efb400f768444a7e47a1d40006e3ab197eef9b0ade4b4a99370742cc888f6c

第7个块开始准备relay

[Propose wait] S1 N0 spin=1 epoch=8 now=1780066754 InitTime=1780066738 lastpropose=1780066754 wallGap=16 need>=14 ok1=true lastGap=0 need>=2 ok2=false
[handleTxFromClient] S1 N0 recv client batch, tx_count=363
[handleTxFromClient] S1 N0 append to Tx_pool.Queue: local_queued=363 forward_other_shard=0 Queue_total_len=363

第7个块结束relay

[Propose wait] S1 N0 spin=50 epoch=8 now=1780066755 InitTime=1780066738 lastpropose=1780066754 wallGap=17 need>=14 ok1=true lastGap=1 need>=2 ok2=false
[Propose] S1 N0 时间条件满足: epoch=8->9 now=1780066756 InitTime=1780066738 lastpropose=1780066754 wallGap=18>=14 lastGap=2>=2 → propose1
[Propose] S1 N0 等待 sequenceLock…
[Propose] S1 N0 已持有 sequenceLock，seqID=8 即将 propose1
[propose1] S1 N0 seq=8 Tx_pool.Queue_len=625
left_count: 500
[handleTxFromClient] S1 N0 recv client batch, tx_count=220
[handleTxFromClient] S1 N0 append to Tx_pool.Queue: local_queued=220 forward_other_shard=0 Queue_total_len=345
更新树花时间为: 72
写数据库IO花时间为: 81
编号为 8 的区块已加入本地区块链！curBlock: 
blockHeader: 
[e9efb400f768444a7e47a1d40006e3ab197eef9b0ade4b4a99370742cc888f6c bbc32970de0440c4d58c29f5b6e3b2745ef394fe092618313f70fe4eb4c959c5 5b1e1c76db942f8f3ec8adc9527d510c83b594a12af3340c091bc3439b9674b5 8 1780066756]
# of transactions: 500
# of TXmig1s: 0
# of In1s: 0
# of Anns: 0
# of NSs: 0
blockHash: 
d49d405960e8a8d6ea8c19896fc1ce6146c4f71634c405a002ddbaba8eeb1fa6

第8个块开始准备relay

[Propose wait] S1 N0 spin=1 epoch=9 now=1780066756 InitTime=1780066738 lastpropose=1780066756 wallGap=18 need>=16 ok1=true lastGap=0 need>=2 ok2=false

第8个块结束relay

[Propose wait] S1 N0 spin=50 epoch=9 now=1780066757 InitTime=1780066738 lastpropose=1780066756 wallGap=19 need>=16 ok1=true lastGap=1 need>=2 ok2=false
[Propose] S1 N0 时间条件满足: epoch=9->10 now=1780066758 InitTime=1780066738 lastpropose=1780066756 wallGap=20>=16 lastGap=2>=2 → propose1
[Propose] S1 N0 等待 sequenceLock…
[Propose] S1 N0 已持有 sequenceLock，seqID=9 即将 propose1
[propose1] S1 N0 seq=9 Tx_pool.Queue_len=536
left_count: 500
更新树花时间为: 65
写数据库IO花时间为: 75
编号为 9 的区块已加入本地区块链！curBlock: 
blockHeader: 
[d49d405960e8a8d6ea8c19896fc1ce6146c4f71634c405a002ddbaba8eeb1fa6 30ce97f5ad2cc25ba517d5dd29eb338aca59f21e75c317f8d1dba41ce0b86cac a469ab918e6d19b6b3a5c0f5976cb41f089e0439fa2d5defb15fe1ad6b9df21c 9 1780066758]
# of transactions: 500
# of TXmig1s: 0
# of In1s: 0
# of Anns: 0
# of NSs: 0
blockHash: 
9f69513a3063ca73e626993dadf0e4dfe1d68c74ac11b7844a5df4ff63b8b9e5

第9个块开始准备relay

[Propose wait] S1 N0 spin=1 epoch=10 now=1780066758 InitTime=1780066738 lastpropose=1780066758 wallGap=20 need>=18 ok1=true lastGap=0 need>=2 ok2=false
[handleTxFromClient] S1 N0 recv client batch, tx_count=545
[handleTxFromClient] S1 N0 append to Tx_pool.Queue: local_queued=545 forward_other_shard=0 Queue_total_len=581

第9个块结束relay

[Propose wait] S1 N0 spin=50 epoch=10 now=1780066759 InitTime=1780066738 lastpropose=1780066758 wallGap=21 need>=18 ok1=true lastGap=1 need>=2 ok2=false
[Propose] S1 N0 时间条件满足: epoch=10->11 now=1780066760 InitTime=1780066738 lastpropose=1780066758 wallGap=22>=18 lastGap=2>=2 → propose1
[Propose] S1 N0 等待 sequenceLock…
[Propose] S1 N0 已持有 sequenceLock，seqID=10 即将 propose1
[propose1] S1 N0 seq=10 Tx_pool.Queue_len=795
left_count: 500
更新树花时间为: 84
写数据库IO花时间为: 91
编号为 10 的区块已加入本地区块链！curBlock: 
blockHeader: 
[9f69513a3063ca73e626993dadf0e4dfe1d68c74ac11b7844a5df4ff63b8b9e5 ef5cd9522ec568e3dca6c816dd82755447722a8738c9d2d893f86621e0d2ced5 4e5884c5b54a4318a0fda77361acf1dfe5d9faf902cccbf7f8f0a60c96bb3963 10 1780066760]
# of transactions: 500
# of TXmig1s: 0
# of In1s: 0
# of Anns: 0
# of NSs: 0
blockHash: 
7b05842d32bd3f992aebf261b8298673ded412a40f419a0f0c8dfe2dd0c52193

第10个块开始准备relay

[Propose wait] S1 N0 spin=1 epoch=11 now=1780066760 InitTime=1780066738 lastpropose=1780066760 wallGap=22 need>=20 ok1=true lastGap=0 need>=2 ok2=false
[handleTxFromClient] S1 N0 recv client batch, tx_count=561
[handleTxFromClient] S1 N0 append to Tx_pool.Queue: local_queued=561 forward_other_shard=0 Queue_total_len=856

第10个块结束relay

[Propose wait] S1 N0 spin=50 epoch=11 now=1780066761 InitTime=1780066738 lastpropose=1780066760 wallGap=23 need>=20 ok1=true lastGap=1 need>=2 ok2=false
[Propose] S1 N0 时间条件满足: epoch=11->12 now=1780066762 InitTime=1780066738 lastpropose=1780066760 wallGap=24>=20 lastGap=2>=2 → propose1
[Propose] S1 N0 等待 sequenceLock…
[Propose] S1 N0 已持有 sequenceLock，seqID=11 即将 propose1
[propose1] S1 N0 seq=11 Tx_pool.Queue_len=1080
left_count: 500
更新树花时间为: 68
写数据库IO花时间为: 89
编号为 11 的区块已加入本地区块链！curBlock: 
blockHeader: 
[7b05842d32bd3f992aebf261b8298673ded412a40f419a0f0c8dfe2dd0c52193 a997904da2b85d8ffcc001f59fef3deae2f0e1551e9d03616580a27f159af502 170af39fb0f5e4eee41e5dcfd3f921ea98cd7a9f67487b5f316dac64a8204feb 11 1780066762]
# of transactions: 500
# of TXmig1s: 0
# of In1s: 0
# of Anns: 0
# of NSs: 0
blockHash: 
e30b23fb8effab43c32d3d1e35c1c31d82f0dda9ad393e6620b84cd095281d01

第11个块开始准备relay

[Propose wait] S1 N0 spin=1 epoch=12 now=1780066762 InitTime=1780066738 lastpropose=1780066762 wallGap=24 need>=22 ok1=true lastGap=0 need>=2 ok2=false
[handleTxFromClient] S1 N0 recv client batch, tx_count=267
[handleTxFromClient] S1 N0 append to Tx_pool.Queue: local_queued=267 forward_other_shard=0 Queue_total_len=847

第11个块结束relay

[Propose wait] S1 N0 spin=50 epoch=12 now=1780066763 InitTime=1780066738 lastpropose=1780066762 wallGap=25 need>=22 ok1=true lastGap=1 need>=2 ok2=false
[Propose] S1 N0 时间条件满足: epoch=12->13 now=1780066764 InitTime=1780066738 lastpropose=1780066762 wallGap=26>=22 lastGap=2>=2 → propose1
[Propose] S1 N0 等待 sequenceLock…
[Propose] S1 N0 已持有 sequenceLock，seqID=12 即将 propose1
[propose1] S1 N0 seq=12 Tx_pool.Queue_len=1112
left_count: 500
更新树花时间为: 68
写数据库IO花时间为: 74
编号为 12 的区块已加入本地区块链！curBlock: 
blockHeader: 
[e30b23fb8effab43c32d3d1e35c1c31d82f0dda9ad393e6620b84cd095281d01 96cc26d459dcb15861ed6edc421d6ab07e301e338e1207e1a5936d2e835f9d60 4ffc237a1e64d121968af62583bc48d0a3856b7393cc8bedf0daefff57141347 12 1780066764]
# of transactions: 500
# of TXmig1s: 0
# of In1s: 0
# of Anns: 0
# of NSs: 0
blockHash: 
33a4ba9667b57241510eb5116ed7db35e4851d7c7d1b5be56268f9a0f5b0e5d2

第12个块开始准备relay

[Propose wait] S1 N0 spin=1 epoch=13 now=1780066764 InitTime=1780066738 lastpropose=1780066764 wallGap=26 need>=24 ok1=true lastGap=0 need>=2 ok2=false
[handleTxFromClient] S1 N0 recv client batch, tx_count=177
[handleTxFromClient] S1 N0 append to Tx_pool.Queue: local_queued=177 forward_other_shard=0 Queue_total_len=789

第12个块结束relay

[Propose wait] S1 N0 spin=50 epoch=13 now=1780066765 InitTime=1780066738 lastpropose=1780066764 wallGap=27 need>=24 ok1=true lastGap=1 need>=2 ok2=false
[Propose] S1 N0 时间条件满足: epoch=13->14 now=1780066766 InitTime=1780066738 lastpropose=1780066764 wallGap=28>=24 lastGap=2>=2 → propose1
[Propose] S1 N0 等待 sequenceLock…
[Propose] S1 N0 已持有 sequenceLock，seqID=13 即将 propose1
[propose1] S1 N0 seq=13 Tx_pool.Queue_len=944
left_count: 500
更新树花时间为: 75
写数据库IO花时间为: 80
编号为 13 的区块已加入本地区块链！curBlock: 
blockHeader: 
[33a4ba9667b57241510eb5116ed7db35e4851d7c7d1b5be56268f9a0f5b0e5d2 b86959d94b92d1c4376b29fe1fe6d48d18aff1c007d794aaa6117c785b4ce36b 70f6c1a89707e3d721ebb131d257bb7b35ca4eaf516f65ae53298ab96a8d0ea2 13 1780066766]
# of transactions: 500
# of TXmig1s: 0
# of In1s: 0
# of Anns: 0
# of NSs: 0
blockHash: 
065183b4ac1508cf8ee9871f06ac1703117069e27b7be7e2c3a47ef3a95b7c84

第13个块开始准备relay

[Propose wait] S1 N0 spin=1 epoch=14 now=1780066766 InitTime=1780066738 lastpropose=1780066766 wallGap=28 need>=26 ok1=true lastGap=0 need>=2 ok2=false
[handleTxFromClient] S1 N0 recv client batch, tx_count=200
[handleTxFromClient] S1 N0 append to Tx_pool.Queue: local_queued=200 forward_other_shard=0 Queue_total_len=644

第13个块结束relay

[Propose wait] S1 N0 spin=50 epoch=14 now=1780066767 InitTime=1780066738 lastpropose=1780066766 wallGap=29 need>=26 ok1=true lastGap=1 need>=2 ok2=false
[Propose] S1 N0 时间条件满足: epoch=14->15 now=1780066768 InitTime=1780066738 lastpropose=1780066766 wallGap=30>=26 lastGap=2>=2 → propose1
[Propose] S1 N0 等待 sequenceLock…
[Propose] S1 N0 已持有 sequenceLock，seqID=14 即将 propose1
[propose1] S1 N0 seq=14 Tx_pool.Queue_len=778
left_count: 500
更新树花时间为: 80
写数据库IO花时间为: 85
编号为 14 的区块已加入本地区块链！curBlock: 
blockHeader: 
[065183b4ac1508cf8ee9871f06ac1703117069e27b7be7e2c3a47ef3a95b7c84 cf000d5e8d65cfa5c5527a15fd3cf8c898b4b5b194216e7ddbb27ee820e6d4d7 e0e68424ed31d912cd0f608ea2bcea1dfce45a713b7d12c849369e33f2555089 14 1780066768]
# of transactions: 500
# of TXmig1s: 0
# of In1s: 0
# of Anns: 0
# of NSs: 0
blockHash: 
d4d3fc066094b123ca87b186c7c45599ac7749451fb1ae936b51d329ccc8801b

第14个块开始准备relay

[Propose wait] S1 N0 spin=1 epoch=15 now=1780066768 InitTime=1780066738 lastpropose=1780066768 wallGap=30 need>=28 ok1=true lastGap=0 need>=2 ok2=false
[handleTxFromClient] S1 N0 recv client batch, tx_count=120
[handleTxFromClient] S1 N0 append to Tx_pool.Queue: local_queued=120 forward_other_shard=0 Queue_total_len=398

第14个块结束relay

[Propose wait] S1 N0 spin=50 epoch=15 now=1780066769 InitTime=1780066738 lastpropose=1780066768 wallGap=31 need>=28 ok1=true lastGap=1 need>=2 ok2=false
[Propose] S1 N0 时间条件满足: epoch=15->16 now=1780066770 InitTime=1780066738 lastpropose=1780066768 wallGap=32>=28 lastGap=2>=2 → propose1
[Propose] S1 N0 等待 sequenceLock…
[Propose] S1 N0 已持有 sequenceLock，seqID=15 即将 propose1
[propose1] S1 N0 seq=15 Tx_pool.Queue_len=638
left_count: 500
更新树花时间为: 69
写数据库IO花时间为: 76
编号为 15 的区块已加入本地区块链！curBlock: 
blockHeader: 
[d4d3fc066094b123ca87b186c7c45599ac7749451fb1ae936b51d329ccc8801b 9cff2a132e14d813a2649a1a5d505b13a53bf67a9766e40ede77dd99650605f2 c6310c7775bba88ceaea2d2560e07adb634806212535f76db650c2c4ea7797f8 15 1780066770]
# of transactions: 500
# of TXmig1s: 0
# of In1s: 0
# of Anns: 0
# of NSs: 0
blockHash: 
f0a9b5d6e509bfb50b6d812fd2126a30febe8486f43bf02737a654acd8093a68

第15个块开始准备relay

[Propose wait] S1 N0 spin=1 epoch=16 now=1780066770 InitTime=1780066738 lastpropose=1780066770 wallGap=32 need>=30 ok1=true lastGap=0 need>=2 ok2=false
[handleTxFromClient] S1 N0 recv client batch, tx_count=192
[handleTxFromClient] S1 N0 append to Tx_pool.Queue: local_queued=192 forward_other_shard=0 Queue_total_len=330

第15个块结束relay

[Propose wait] S1 N0 spin=50 epoch=16 now=1780066771 InitTime=1780066738 lastpropose=1780066770 wallGap=33 need>=30 ok1=true lastGap=1 need>=2 ok2=false
[Propose] S1 N0 时间条件满足: epoch=16->17 now=1780066772 InitTime=1780066738 lastpropose=1780066770 wallGap=34>=30 lastGap=2>=2 → propose1
[Propose] S1 N0 等待 sequenceLock…
[Propose] S1 N0 已持有 sequenceLock，seqID=16 即将 propose1
[propose1] S1 N0 seq=16 Tx_pool.Queue_len=511
left_count: 500
更新树花时间为: 55
写数据库IO花时间为: 65
编号为 16 的区块已加入本地区块链！curBlock: 
blockHeader: 
[f0a9b5d6e509bfb50b6d812fd2126a30febe8486f43bf02737a654acd8093a68 7dbaa41c55f0adac684daf2e51fa94ee2cc96904ac95d20ad24ee2c4fca091e9 257c117d0c487d52ad9111609544bef1e99291bfc2e5776a39e456bdf4f3290e 16 1780066772]
# of transactions: 500
# of TXmig1s: 0
# of In1s: 0
# of Anns: 0
# of NSs: 0
blockHash: 
fab798ab649e4bc54b988615eb9863837b0b688cceaaa08bf437a848770ba160

第16个块开始准备relay

[Propose wait] S1 N0 spin=1 epoch=17 now=1780066772 InitTime=1780066738 lastpropose=1780066772 wallGap=34 need>=32 ok1=true lastGap=0 need>=2 ok2=false
[handleTxFromClient] S1 N0 recv client batch, tx_count=530
[handleTxFromClient] S1 N0 append to Tx_pool.Queue: local_queued=530 forward_other_shard=0 Queue_total_len=541

第16个块结束relay

[Propose wait] S1 N0 spin=50 epoch=17 now=1780066773 InitTime=1780066738 lastpropose=1780066772 wallGap=35 need>=32 ok1=true lastGap=1 need>=2 ok2=false
[Propose] S1 N0 时间条件满足: epoch=17->18 now=1780066774 InitTime=1780066738 lastpropose=1780066772 wallGap=36>=32 lastGap=2>=2 → propose1
[Propose] S1 N0 等待 sequenceLock…
[Propose] S1 N0 已持有 sequenceLock，seqID=17 即将 propose1
[propose1] S1 N0 seq=17 Tx_pool.Queue_len=717
left_count: 500
更新树花时间为: 71
写数据库IO花时间为: 81
编号为 17 的区块已加入本地区块链！curBlock: 
blockHeader: 
[fab798ab649e4bc54b988615eb9863837b0b688cceaaa08bf437a848770ba160 633da645f3a1e39e633e6d36c6846317e32a9d58c25ab33add1867d991ab6281 e25a58bfa820a87636b10ebd9e1a910b206597a1fb79db7dda774b5f2b14dcbc 17 1780066774]
# of transactions: 500
# of TXmig1s: 0
# of In1s: 0
# of Anns: 0
# of NSs: 0
blockHash: 
ee28b7f32e771763fc529bceec55fe1db0a7cbcaca477ac0aecebd4f6519a8ad

第17个块开始准备relay

[Propose wait] S1 N0 spin=1 epoch=18 now=1780066774 InitTime=1780066738 lastpropose=1780066774 wallGap=36 need>=34 ok1=true lastGap=0 need>=2 ok2=false
[handleTxFromClient] S1 N0 recv client batch, tx_count=474
[handleTxFromClient] S1 N0 append to Tx_pool.Queue: local_queued=474 forward_other_shard=0 Queue_total_len=691

第17个块结束relay

[Propose wait] S1 N0 spin=50 epoch=18 now=1780066775 InitTime=1780066738 lastpropose=1780066774 wallGap=37 need>=34 ok1=true lastGap=1 need>=2 ok2=false
[Propose] S1 N0 时间条件满足: epoch=18->19 now=1780066776 InitTime=1780066738 lastpropose=1780066774 wallGap=38>=34 lastGap=2>=2 → propose1
[Propose] S1 N0 等待 sequenceLock…
[Propose] S1 N0 已持有 sequenceLock，seqID=18 即将 propose1
[propose1] S1 N0 seq=18 Tx_pool.Queue_len=965
left_count: 500
更新树花时间为: 66
写数据库IO花时间为: 71
编号为 18 的区块已加入本地区块链！curBlock: 
blockHeader: 
[ee28b7f32e771763fc529bceec55fe1db0a7cbcaca477ac0aecebd4f6519a8ad e0e2490f1702fc2f3b2e56f41561512f35c680e863667ecbea148dc59f33d647 8abc7cc8e269e26ecb1d8b6551d1399f1d2aea2bac696d5cf7dc5e732eca4677 18 1780066776]
# of transactions: 500
# of TXmig1s: 0
# of In1s: 0
# of Anns: 0
# of NSs: 0
blockHash: 
7a1c017487dcc972e8b36d3c0d110780a8fe89ed43a7624dd6dcd527946c6050

第18个块开始准备relay

[Propose wait] S1 N0 spin=1 epoch=19 now=1780066776 InitTime=1780066738 lastpropose=1780066776 wallGap=38 need>=36 ok1=true lastGap=0 need>=2 ok2=false
[handleTxFromClient] S1 N0 recv client batch, tx_count=718
[handleTxFromClient] S1 N0 append to Tx_pool.Queue: local_queued=718 forward_other_shard=0 Queue_total_len=1183

第18个块结束relay

[Propose wait] S1 N0 spin=50 epoch=19 now=1780066777 InitTime=1780066738 lastpropose=1780066776 wallGap=39 need>=36 ok1=true lastGap=1 need>=2 ok2=false
[Propose] S1 N0 时间条件满足: epoch=19->20 now=1780066778 InitTime=1780066738 lastpropose=1780066776 wallGap=40>=36 lastGap=2>=2 → propose1
[Propose] S1 N0 等待 sequenceLock…
[Propose] S1 N0 已持有 sequenceLock，seqID=19 即将 propose1
[propose1] S1 N0 seq=19 Tx_pool.Queue_len=1358
left_count: 500
更新树花时间为: 62
写数据库IO花时间为: 72
编号为 19 的区块已加入本地区块链！curBlock: 
blockHeader: 
[7a1c017487dcc972e8b36d3c0d110780a8fe89ed43a7624dd6dcd527946c6050 8ccfaacc870542512ef338f2fd8ad20ce926f4bed657f1da6ad0aaf0f967aad3 ae932eceb5641817e49dc6ecd8a44e56e0cc6de7d6d348babe7b145dc5bc7248 19 1780066778]
# of transactions: 500
# of TXmig1s: 0
# of In1s: 0
# of Anns: 0
# of NSs: 0
blockHash: 
2db7b622d3d906dead6ffc2bbbb049973e7faead966a7adc140187c0eca486cf

第19个块开始准备relay

[Propose wait] S1 N0 spin=1 epoch=20 now=1780066778 InitTime=1780066738 lastpropose=1780066778 wallGap=40 need>=38 ok1=true lastGap=0 need>=2 ok2=false
[handleTxFromClient] S1 N0 recv client batch, tx_count=658
[handleTxFromClient] S1 N0 append to Tx_pool.Queue: local_queued=658 forward_other_shard=0 Queue_total_len=1516

第19个块结束relay

[Propose wait] S1 N0 spin=50 epoch=20 now=1780066779 InitTime=1780066738 lastpropose=1780066778 wallGap=41 need>=38 ok1=true lastGap=1 need>=2 ok2=false
[Propose] S1 N0 时间条件满足: epoch=20->21 now=1780066780 InitTime=1780066738 lastpropose=1780066778 wallGap=42>=38 lastGap=2>=2 → propose1
[Propose] S1 N0 等待 sequenceLock…
[Propose] S1 N0 已持有 sequenceLock，seqID=20 即将 propose1
[propose1] S1 N0 seq=20 Tx_pool.Queue_len=1731
left_count: 500
更新树花时间为: 72
写数据库IO花时间为: 82
编号为 20 的区块已加入本地区块链！curBlock: 
blockHeader: 
[2db7b622d3d906dead6ffc2bbbb049973e7faead966a7adc140187c0eca486cf 9d47caa2e27a9fb492256344eecc3148096658fb519bed13f3b9bfad8d5e6e89 b0f2c9b705bb4ffec09269fb62c5e2230d0244528769533f06a7a368b5b80544 20 1780066780]
# of transactions: 500
# of TXmig1s: 0
# of In1s: 0
# of Anns: 0
# of NSs: 0
blockHash: 
8055c1f32067a34faf0eaeb9d3998ab8b80f6c6f1b45273b001110befa1f56f3

第20个块开始准备relay

[Propose wait] S1 N0 spin=1 epoch=21 now=1780066780 InitTime=1780066738 lastpropose=1780066780 wallGap=42 need>=40 ok1=true lastGap=0 need>=2 ok2=false
[handleTxFromClient] S1 N0 recv client batch, tx_count=169
[handleTxFromClient] S1 N0 append to Tx_pool.Queue: local_queued=169 forward_other_shard=0 Queue_total_len=1400

第20个块结束relay

[Propose wait] S1 N0 spin=50 epoch=21 now=1780066781 InitTime=1780066738 lastpropose=1780066780 wallGap=43 need>=40 ok1=true lastGap=1 need>=2 ok2=false
[Propose] S1 N0 时间条件满足: epoch=21->22 now=1780066782 InitTime=1780066738 lastpropose=1780066780 wallGap=44>=40 lastGap=2>=2 → propose1
[Propose] S1 N0 等待 sequenceLock…
[Propose] S1 N0 已持有 sequenceLock，seqID=21 即将 propose1
[propose1] S1 N0 seq=21 Tx_pool.Queue_len=1673
left_count: 500
更新树花时间为: 65
写数据库IO花时间为: 80
编号为 21 的区块已加入本地区块链！curBlock: 
blockHeader: 
[8055c1f32067a34faf0eaeb9d3998ab8b80f6c6f1b45273b001110befa1f56f3 41693399fd9e0d42196416b730204cdfa9b54a239d29dd238284d8ded6fe91bb c8aa04da8447476ed243578543c316aed94e7979272f7337555a77cb25b486b6 21 1780066782]
# of transactions: 500
# of TXmig1s: 0
# of In1s: 0
# of Anns: 0
# of NSs: 0
blockHash: 
9e5520e5dde8a2e310cd4df390c8bdc8542b00a066750c476caa0ad6ad6c41b1

第21个块开始准备relay

[Propose wait] S1 N0 spin=1 epoch=22 now=1780066782 InitTime=1780066738 lastpropose=1780066782 wallGap=44 need>=42 ok1=true lastGap=0 need>=2 ok2=false
本节点已接收到client发来准备迁移通知
本节点已将 pending 发送到 client（1173 笔）
本节点已接收到客户端发送的新映射
[handleTxFromClient] S1 N0 recv client batch, tx_count=249
[handleTxFromClient] S1 N0 append to Tx_pool.Queue: local_queued=249 forward_other_shard=0 Queue_total_len=1422

第21个块结束relay

[Propose wait] S1 N0 spin=50 epoch=22 now=1780066783 InitTime=1780066738 lastpropose=1780066782 wallGap=45 need>=42 ok1=true lastGap=1 need>=2 ok2=false
[Propose] S1 N0 时间条件满足: epoch=22->23 now=1780066784 InitTime=1780066738 lastpropose=1780066782 wallGap=46>=42 lastGap=2>=2 → propose1
[Propose] S1 N0 等待 sequenceLock…
[Propose] S1 N0 已持有 sequenceLock，seqID=22 即将 propose1
[propose1] S1 N0 seq=22 Tx_pool.Queue_len=1627
left_count: 200
更新树花时间为: 59
写数据库IO花时间为: 65
编号为 22 的区块已加入本地区块链！curBlock: 
blockHeader: 
[9e5520e5dde8a2e310cd4df390c8bdc8542b00a066750c476caa0ad6ad6c41b1 1b31fc589236dfc104cb4f67de1c89e0b40c8e63009a09fcd91b7482853bf7fc 061d796974e1646d8547478224b2c02ed43df65bfad45fd40eb24bb5079782cb 22 1780066784]
# of transactions: 200
# of TXmig1s: 300
# of In1s: 0
# of Anns: 0
# of NSs: 0
blockHash: 
59de6492a9e6b1ebc62ffb6e0ec3cc9b7f8adc3570b13182736157d7b1aea775

第22个块开始准备relay

[Propose wait] S1 N0 spin=1 epoch=23 now=1780066784 InitTime=1780066738 lastpropose=1780066784 wallGap=46 need>=44 ok1=true lastGap=0 need>=2 ok2=false

第22个块结束relay

[handleTxFromClient] S1 N0 recv client batch, tx_count=166
[handleTxFromClient] S1 N0 append to Tx_pool.Queue: local_queued=166 forward_other_shard=0 Queue_total_len=1645

本节点已接收到分片S0发来的迁移请求 
10000000000000000000000114020193439296448

[Propose wait] S1 N0 spin=50 epoch=23 now=1780066785 InitTime=1780066738 lastpropose=1780066784 wallGap=47 need>=44 ok1=true lastGap=1 need>=2 ok2=false
[Propose] S1 N0 时间条件满足: epoch=23->24 now=1780066786 InitTime=1780066738 lastpropose=1780066784 wallGap=48>=44 lastGap=2>=2 → propose1
[Propose] S1 N0 等待 sequenceLock…
[Propose] S1 N0 已持有 sequenceLock，seqID=23 即将 propose1
[propose1] S1 N0 seq=23 Tx_pool.Queue_len=1645
left_count: 200
更新树花时间为: 55
写数据库IO花时间为: 60
编号为 23 的区块已加入本地区块链！curBlock: 
blockHeader: 
[59de6492a9e6b1ebc62ffb6e0ec3cc9b7f8adc3570b13182736157d7b1aea775 7e28229dce11f8bc7bf795d801b10ed371c49b9ab9b6c797f2dd590fdf62afc2 b1113294c47ddb155c405791f3b65536824bf3830a6c86a1faf0e15a0cb54cc8 23 1780066786]
# of transactions: 200
# of TXmig1s: 300
# of In1s: 0
# of Anns: 0
# of NSs: 0
blockHash: 
af4cd4856fdd04ca3130fb386d5c9b44eb0f86481b5a74aa7646bc519070659c

第23个块开始准备relay

[Propose wait] S1 N0 spin=1 epoch=24 now=1780066786 InitTime=1780066738 lastpropose=1780066786 wallGap=48 need>=46 ok1=true lastGap=0 need>=2 ok2=false

第23个块结束relay

[handleTxFromClient] S1 N0 recv client batch, tx_count=152
[handleTxFromClient] S1 N0 append to Tx_pool.Queue: local_queued=152 forward_other_shard=0 Queue_total_len=1692

本节点已接收到分片S0发来的迁移请求 
10000000000000000000000154265488088848000

本节点已接收到分片S0发来通知 
1
2
3
[Propose wait] S1 N0 spin=50 epoch=24 now=1780066787 InitTime=1780066738 lastpropose=1780066786 wallGap=49 need>=46 ok1=true lastGap=1 need>=2 ok2=false
[Propose] S1 N0 时间条件满足: epoch=24->25 now=1780066788 InitTime=1780066738 lastpropose=1780066786 wallGap=50>=46 lastGap=2>=2 → propose1
[Propose] S1 N0 等待 sequenceLock…
[Propose] S1 N0 已持有 sequenceLock，seqID=24 即将 propose1
[propose1] S1 N0 seq=24 Tx_pool.Queue_len=1692
left_count: 200
更新树花时间为: 51
写数据库IO花时间为: 67
编号为 24 的区块已加入本地区块链！curBlock: 
blockHeader: 
[af4cd4856fdd04ca3130fb386d5c9b44eb0f86481b5a74aa7646bc519070659c ce7bdc1815d6df2bc0caa1bbc864dbc25bf915bcf19434af796691d9cf248ba8 26786674a61dfef3d5158036dda93724ff52737d463b1985f236e7890eded666 24 1780066788]
# of transactions: 200
# of TXmig1s: 48
# of In1s: 252
# of Anns: 0
# of NSs: 0
blockHash: 
22695bfa9cf0bbe13b7ebf20a7fba7b1f4f53cd7574eadaf385cdd43becf3b94

第24个块开始准备relay

[Propose wait] S1 N0 spin=1 epoch=25 now=1780066788 InitTime=1780066738 lastpropose=1780066788 wallGap=50 need>=48 ok1=true lastGap=0 need>=2 ok2=false

第24个块结束relay

[handleTxFromClient] S1 N0 recv client batch, tx_count=299
[handleTxFromClient] S1 N0 append to Tx_pool.Queue: local_queued=299 forward_other_shard=0 Queue_total_len=1790
[Propose wait] S1 N0 spin=50 epoch=25 now=1780066789 InitTime=1780066738 lastpropose=1780066788 wallGap=51 need>=48 ok1=true lastGap=1 need>=2 ok2=false
[Propose] S1 N0 时间条件满足: epoch=25->26 now=1780066790 InitTime=1780066738 lastpropose=1780066788 wallGap=52>=48 lastGap=2>=2 → propose1
[Propose] S1 N0 等待 sequenceLock…
[Propose] S1 N0 已持有 sequenceLock，seqID=25 即将 propose1
[propose1] S1 N0 seq=25 Tx_pool.Queue_len=1790
left_count: 200
更新树花时间为: 48
写数据库IO花时间为: 68
编号为 25 的区块已加入本地区块链！curBlock: 
blockHeader: 
[22695bfa9cf0bbe13b7ebf20a7fba7b1f4f53cd7574eadaf385cdd43becf3b94 d4b4a09f87af406f1710d8b5f149bc81b020df6456927f0681342833cbccb989 356041d007bf4363388109b66d287add60fe41c3ac0f405861b664371c84afd5 25 1780066790]
# of transactions: 200
# of TXmig1s: 0
# of In1s: 176
# of Anns: 124
# of NSs: 0
blockHash: 
c5d5f2a4b4ecb4330da27f78ed047802740f04602b8edaee86cc52f512ff159c
handleAnns时是第25个块

handleannounce交易池操作时差为：0
handleannounce两锁时差为：0


第25个块开始准备relay

[Propose wait] S1 N0 spin=1 epoch=26 now=1780066790 InitTime=1780066738 lastpropose=1780066790 wallGap=52 need>=50 ok1=true lastGap=0 need>=2 ok2=false
时间：1780066790206  本节点已接收到新
本节点已将迁移过来的pending交易的账户数量发送到client


第25个块结束relay

[handleTxFromClient] S1 N0 recv client batch, tx_count=206
[handleTxFromClient] S1 N0 append to Tx_pool.Queue: local_queued=206 forward_other_shard=0 Queue_total_len=1891
本节点已接收到分片S0发来通知 
1
2
3
[Propose wait] S1 N0 spin=50 epoch=26 now=1780066791 InitTime=1780066738 lastpropose=1780066790 wallGap=53 need>=50 ok1=true lastGap=1 need>=2 ok2=false
时间：53666  正在向分片S0的主节点发送新
本节点已将不变的账户数量发送到client

[Propose] S1 N0 时间条件满足: epoch=26->27 now=1780066792 InitTime=1780066738 lastpropose=1780066790 wallGap=54>=50 lastGap=2>=2 → propose1
[Propose] S1 N0 等待 sequenceLock…
[Propose] S1 N0 已持有 sequenceLock，seqID=26 即将 propose1
[propose1] S1 N0 seq=26 Tx_pool.Queue_len=1891
left_count: 200
更新树花时间为: 41
写数据库IO花时间为: 84
编号为 26 的区块已加入本地区块链！curBlock: 
blockHeader: 
[c5d5f2a4b4ecb4330da27f78ed047802740f04602b8edaee86cc52f512ff159c 2d7cbcdeeadc4b512c1b6fe482903ccfc9207029f406cbe29527b6b96a395a34 dd735726d1e2b18fc5a66766919e6fbd80067c872cf27d754683a2c3fd1b2bd3 26 1780066792]
# of transactions: 200
# of TXmig1s: 0
# of In1s: 0
# of Anns: 300
# of NSs: 0
blockHash: 
c7af011331d388420555f7b71199a4ff96f7d8a472d77f51dfbfb0072b692300
handleAnns时是第26个块

handleannounce交易池操作时差为：1706
handleannounce两锁时差为：2222


第26个块开始准备relay

[Propose wait] S1 N0 spin=1 epoch=27 now=1780066792 InitTime=1780066738 lastpropose=1780066792 wallGap=54 need>=52 ok1=true lastGap=0 need>=2 ok2=false

第26个块结束relay

本节点已接收到分片S0发来通知 
1
2
3
时间：1780066792654  本节点已接收到新
本节点已将迁移过来的pending交易的账户数量发送到client

[Propose wait] S1 N0 spin=50 epoch=27 now=1780066793 InitTime=1780066738 lastpropose=1780066792 wallGap=55 need>=52 ok1=true lastGap=1 need>=2 ok2=false
[Propose] S1 N0 时间条件满足: epoch=27->28 now=1780066794 InitTime=1780066738 lastpropose=1780066792 wallGap=56>=52 lastGap=2>=2 → propose1
[Propose] S1 N0 等待 sequenceLock…
[Propose] S1 N0 已持有 sequenceLock，seqID=27 即将 propose1
[propose1] S1 N0 seq=27 Tx_pool.Queue_len=1564
left_count: 261
更新树花时间为: 58
写数据库IO花时间为: 81
编号为 27 的区块已加入本地区块链！curBlock: 
blockHeader: 
[c7af011331d388420555f7b71199a4ff96f7d8a472d77f51dfbfb0072b692300 23bc83428c1a1c3f151615e488a5d1a085cbe52760cd5d73861b99db8a3135b2 f537c4269d9f6d6f73020a375957a953b0338a6f1adf75d837d2dd0f9ca36662 27 1780066794]
# of transactions: 261
# of TXmig1s: 0
# of In1s: 0
# of Anns: 224
# of NSs: 15
blockHash: 
adb57172336f3711f06c7d0cc1c6a10b8da2709e7e221e1b167b8f59751574d6
handleAnns时是第27个块

handleannounce交易池操作时差为：0
handleannounce两锁时差为：0


第27个块开始准备relay

[Propose wait] S1 N0 spin=1 epoch=28 now=1780066794 InitTime=1780066738 lastpropose=1780066794 wallGap=56 need>=54 ok1=true lastGap=0 need>=2 ok2=false
时间：56243  正在向分片S0的主节点发送新
本节点已将不变的账户数量发送到client

时间：1780066794297  本节点已接收到新
本节点已将迁移过来的pending交易的账户数量发送到client


第27个块结束relay

时间：57078  正在向分片S0的主节点发送新
本节点已将不变的账户数量发送到client

[Propose wait] S1 N0 spin=50 epoch=28 now=1780066795 InitTime=1780066738 lastpropose=1780066794 wallGap=57 need>=54 ok1=true lastGap=1 need>=2 ok2=false
[Propose] S1 N0 时间条件满足: epoch=28->29 now=1780066796 InitTime=1780066738 lastpropose=1780066794 wallGap=58>=54 lastGap=2>=2 → propose1
[Propose] S1 N0 等待 sequenceLock…
[Propose] S1 N0 已持有 sequenceLock，seqID=28 即将 propose1
[propose1] S1 N0 seq=28 Tx_pool.Queue_len=1493
left_count: 495
更新树花时间为: 74
写数据库IO花时间为: 84
编号为 28 的区块已加入本地区块链！curBlock: 
blockHeader: 
[adb57172336f3711f06c7d0cc1c6a10b8da2709e7e221e1b167b8f59751574d6 d2a83dd591a967a085749117837bd95c0f48f613bb9f1946eb96b7adfe14925a 2d76da4ef223d77bbf2056d2f1da020ae044f3fdf33bbc87d8549836d4c24a71 28 1780066796]
# of transactions: 495
# of TXmig1s: 0
# of In1s: 0
# of Anns: 0
# of NSs: 5
blockHash: 
5ae9e989007a96b8923c98a7726f0db0a67cb9702ba026e67cf34ea62163d185

第28个块开始准备relay

[Propose wait] S1 N0 spin=1 epoch=29 now=1780066796 InitTime=1780066738 lastpropose=1780066796 wallGap=58 need>=56 ok1=true lastGap=0 need>=2 ok2=false

第28个块结束relay

[Propose wait] S1 N0 spin=50 epoch=29 now=1780066797 InitTime=1780066738 lastpropose=1780066796 wallGap=59 need>=56 ok1=true lastGap=1 need>=2 ok2=false
[Propose] S1 N0 时间条件满足: epoch=29->30 now=1780066798 InitTime=1780066738 lastpropose=1780066796 wallGap=60>=56 lastGap=2>=2 → propose1
[Propose] S1 N0 等待 sequenceLock…
[Propose] S1 N0 已持有 sequenceLock，seqID=29 即将 propose1
[propose1] S1 N0 seq=29 Tx_pool.Queue_len=1076
left_count: 500
更新树花时间为: 74
写数据库IO花时间为: 78
编号为 29 的区块已加入本地区块链！curBlock: 
blockHeader: 
[5ae9e989007a96b8923c98a7726f0db0a67cb9702ba026e67cf34ea62163d185 44449c4af83906123237063dd59735bcc3a08a1639cccd406be97f22000e8f0a 12ae4fdb905e180b5574e1f54a1a411bfb55024024c401ba6647830a9276cfff 29 1780066798]
# of transactions: 500
# of TXmig1s: 0
# of In1s: 0
# of Anns: 0
# of NSs: 0
blockHash: 
9f069287dee53d862a03a7a9339ad1f0606c8f72d388a1a3d4aa4a6bde12f6e6

第29个块开始准备relay

[Propose wait] S1 N0 spin=1 epoch=30 now=1780066798 InitTime=1780066738 lastpropose=1780066798 wallGap=60 need>=58 ok1=true lastGap=0 need>=2 ok2=false

第29个块结束relay

[Propose wait] S1 N0 spin=50 epoch=30 now=1780066799 InitTime=1780066738 lastpropose=1780066798 wallGap=61 need>=58 ok1=true lastGap=1 need>=2 ok2=false
[Propose] S1 N0 时间条件满足: epoch=30->31 now=1780066800 InitTime=1780066738 lastpropose=1780066798 wallGap=62>=58 lastGap=2>=2 → propose1
[Propose] S1 N0 等待 sequenceLock…
[Propose] S1 N0 已持有 sequenceLock，seqID=30 即将 propose1
[propose1] S1 N0 seq=30 Tx_pool.Queue_len=795
left_count: 500
更新树花时间为: 78
写数据库IO花时间为: 88
编号为 30 的区块已加入本地区块链！curBlock: 
blockHeader: 
[9f069287dee53d862a03a7a9339ad1f0606c8f72d388a1a3d4aa4a6bde12f6e6 ab5aa7c700d082e8cc4b1df0224a1cf495a932c9ba7530b433ed4ac55ea80610 21d517da149f838612d2b8c0c2fad43d35013951508990057048bb4150e229e4 30 1780066800]
# of transactions: 500
# of TXmig1s: 0
# of In1s: 0
# of Anns: 0
# of NSs: 0
blockHash: 
51f545185869f9cb6cb2791887c7539f658e51968414b501f69f7497e0a6f9b1

第30个块开始准备relay

[Propose wait] S1 N0 spin=1 epoch=31 now=1780066800 InitTime=1780066738 lastpropose=1780066800 wallGap=62 need>=60 ok1=true lastGap=0 need>=2 ok2=false

第30个块结束relay

[Propose wait] S1 N0 spin=50 epoch=31 now=1780066801 InitTime=1780066738 lastpropose=1780066800 wallGap=63 need>=60 ok1=true lastGap=1 need>=2 ok2=false
[Propose] S1 N0 时间条件满足: epoch=31->32 now=1780066802 InitTime=1780066738 lastpropose=1780066800 wallGap=64>=60 lastGap=2>=2 → propose1
[Propose] S1 N0 等待 sequenceLock…
[Propose] S1 N0 已持有 sequenceLock，seqID=31 即将 propose1
[propose1] S1 N0 seq=31 Tx_pool.Queue_len=430
left_count: 500
更新树花时间为: 38
写数据库IO花时间为: 57
编号为 31 的区块已加入本地区块链！curBlock: 
blockHeader: 
[51f545185869f9cb6cb2791887c7539f658e51968414b501f69f7497e0a6f9b1 2d49ee9c8445527c03cdbbcca3c3e306e87452d83dd32bd56ee4a01dfde18ff1 eee19e6d91d074e94d5d039ffbc63437216284280d8c7349ae4ae6ffda8e9abd 31 1780066802]
# of transactions: 430
# of TXmig1s: 0
# of In1s: 0
# of Anns: 0
# of NSs: 0
blockHash: 
021a28f79a1163d96c25455788ac74aa528b3f62adac5dd40ac874b07ea4a303
[Propose wait] S1 N0 spin=1 epoch=32 now=1780066802 InitTime=1780066738 lastpropose=1780066802 wallGap=64 need>=62 ok1=true lastGap=0 need>=2 ok2=false
[Propose wait] S1 N0 spin=50 epoch=32 now=1780066803 InitTime=1780066738 lastpropose=1780066802 wallGap=65 need>=62 ok1=true lastGap=1 need>=2 ok2=false
[Propose] S1 N0 时间条件满足: epoch=32->33 now=1780066804 InitTime=1780066738 lastpropose=1780066802 wallGap=66>=62 lastGap=2>=2 → propose1
[Propose] S1 N0 等待 sequenceLock…
[Propose] S1 N0 已持有 sequenceLock，seqID=32 即将 propose1
[propose1] S1 N0 seq=32 Tx_pool.Queue_len=198
left_count: 500
更新树花时间为: 21
写数据库IO花时间为: 49
编号为 32 的区块已加入本地区块链！curBlock: 
blockHeader: 
[021a28f79a1163d96c25455788ac74aa528b3f62adac5dd40ac874b07ea4a303 1e70824e9f2cb9d131945306cdeb1d2246b938166e72c712a5bd84d6f18bce6a d04828dd0d762a5540534f39adf8e4d3e8122cf99784604cf612901dc43ec996 32 1780066804]
# of transactions: 198
# of TXmig1s: 0
# of In1s: 0
# of Anns: 0
# of NSs: 0
blockHash: 
c933c3027004114a4e56ff5db9983ab0451a78fdcfee911b55df3f0219c727c6
[Propose wait] S1 N0 spin=1 epoch=33 now=1780066804 InitTime=1780066738 lastpropose=1780066804 wallGap=66 need>=64 ok1=true lastGap=0 need>=2 ok2=false
[Propose wait] S1 N0 spin=50 epoch=33 now=1780066805 InitTime=1780066738 lastpropose=1780066804 wallGap=67 need>=64 ok1=true lastGap=1 need>=2 ok2=false
[Propose] S1 N0 时间条件满足: epoch=33->34 now=1780066806 InitTime=1780066738 lastpropose=1780066804 wallGap=68>=64 lastGap=2>=2 → propose1
[Propose] S1 N0 等待 sequenceLock…
[Propose] S1 N0 已持有 sequenceLock，seqID=33 即将 propose1
[propose1] S1 N0 seq=33 Tx_pool.Queue_len=205
left_count: 500
更新树花时间为: 19
写数据库IO花时间为: 26
编号为 33 的区块已加入本地区块链！curBlock: 
blockHeader: 
[c933c3027004114a4e56ff5db9983ab0451a78fdcfee911b55df3f0219c727c6 bf0303b6311097b56c3d033b8d36264b1047075ad2c345f9758cf1a8e4fe9a09 78f791ad0f062b9587cc08aac69f20c37e41cabfe9a943058bf541998ef8cc47 33 1780066806]
# of transactions: 205
# of TXmig1s: 0
# of In1s: 0
# of Anns: 0
# of NSs: 0
blockHash: 
67b0550440c916ef9c82029c13159ebd7a78cc5dd94be63b7706c261b0bb6bca
[Propose wait] S1 N0 spin=1 epoch=34 now=1780066806 InitTime=1780066738 lastpropose=1780066806 wallGap=68 need>=66 ok1=true lastGap=0 need>=2 ok2=false
[Propose wait] S1 N0 spin=50 epoch=34 now=1780066807 InitTime=1780066738 lastpropose=1780066806 wallGap=69 need>=66 ok1=true lastGap=1 need>=2 ok2=false
[Propose] S1 N0 时间条件满足: epoch=34->35 now=1780066808 InitTime=1780066738 lastpropose=1780066806 wallGap=70>=66 lastGap=2>=2 → propose1
[Propose] S1 N0 等待 sequenceLock…
[Propose] S1 N0 已持有 sequenceLock，seqID=34 即将 propose1
[propose1] S1 N0 seq=34 Tx_pool.Queue_len=134
left_count: 500
更新树花时间为: 19
写数据库IO花时间为: 27
编号为 34 的区块已加入本地区块链！curBlock: 
blockHeader: 
[67b0550440c916ef9c82029c13159ebd7a78cc5dd94be63b7706c261b0bb6bca 47883ed19a48737f4fdd908720af2bfcbf51706e57ee3c57a19288f2c0fefc80 c46bba0d43deb2ddea844783d3589ca0fa5504b1b29343f744f0066d979c34b5 34 1780066808]
# of transactions: 134
# of TXmig1s: 0
# of In1s: 0
# of Anns: 0
# of NSs: 0
blockHash: 
50f096a154c322d67d3176573d00983ac492015a91b20ff54f11bdbdd57e13ed
[Propose wait] S1 N0 spin=1 epoch=35 now=1780066808 InitTime=1780066738 lastpropose=1780066808 wallGap=70 need>=68 ok1=true lastGap=0 need>=2 ok2=false
[Propose wait] S1 N0 spin=50 epoch=35 now=1780066809 InitTime=1780066738 lastpropose=1780066808 wallGap=71 need>=68 ok1=true lastGap=1 need>=2 ok2=false
[Propose] S1 N0 时间条件满足: epoch=35->36 now=1780066810 InitTime=1780066738 lastpropose=1780066808 wallGap=72>=68 lastGap=2>=2 → propose1
[Propose] S1 N0 等待 sequenceLock…
[Propose] S1 N0 已持有 sequenceLock，seqID=35 即将 propose1
[propose1] S1 N0 seq=35 Tx_pool.Queue_len=177
left_count: 500
更新树花时间为: 23
写数据库IO花时间为: 44
编号为 35 的区块已加入本地区块链！curBlock: 
blockHeader: 
[50f096a154c322d67d3176573d00983ac492015a91b20ff54f11bdbdd57e13ed 5619e65e4f42ad1307f25d933dc2a74f0c6ed622a0a66edf74207eb5446fc1ab 374ad5777985534eeee1a5ed7779e17d829c4a8841162e20355367da1d25222a 35 1780066810]
# of transactions: 177
# of TXmig1s: 0
# of In1s: 0
# of Anns: 0
# of NSs: 0
blockHash: 
bc690ac5669bab1bdc00e61cf55d55556b62149bccd5ff8ebde869a0174e930e
[Propose wait] S1 N0 spin=1 epoch=36 now=1780066810 InitTime=1780066738 lastpropose=1780066810 wallGap=72 need>=70 ok1=true lastGap=0 need>=2 ok2=false
[Propose wait] S1 N0 spin=50 epoch=36 now=1780066811 InitTime=1780066738 lastpropose=1780066810 wallGap=73 need>=70 ok1=true lastGap=1 need>=2 ok2=false
[Propose] S1 N0 时间条件满足: epoch=36->37 now=1780066812 InitTime=1780066738 lastpropose=1780066810 wallGap=74>=70 lastGap=2>=2 → propose1
[Propose] S1 N0 等待 sequenceLock…
[Propose] S1 N0 已持有 sequenceLock，seqID=36 即将 propose1
[propose1] S1 N0 seq=36 Tx_pool.Queue_len=116
left_count: 500
更新树花时间为: 11
写数据库IO花时间为: 42
编号为 36 的区块已加入本地区块链！curBlock: 
blockHeader: 
[bc690ac5669bab1bdc00e61cf55d55556b62149bccd5ff8ebde869a0174e930e 6cd76654cf82d454012bd1ee35ddbf6be850fd0248aaa664a9786710889be7b1 a74baab430ee76fb0939ac78c03341bc91dfba17df7462c71b09403127d0352f 36 1780066812]
# of transactions: 116
# of TXmig1s: 0
# of In1s: 0
# of Anns: 0
# of NSs: 0
blockHash: 
d36c7a8652144e2f9ecacf3862e2970fa4bfe0aa7b69627bdeb91c6e3eabddbd
[Propose wait] S1 N0 spin=1 epoch=37 now=1780066812 InitTime=1780066738 lastpropose=1780066812 wallGap=74 need>=72 ok1=true lastGap=0 need>=2 ok2=false
[Propose wait] S1 N0 spin=50 epoch=37 now=1780066813 InitTime=1780066738 lastpropose=1780066812 wallGap=75 need>=72 ok1=true lastGap=1 need>=2 ok2=false
[Propose] S1 N0 时间条件满足: epoch=37->38 now=1780066814 InitTime=1780066738 lastpropose=1780066812 wallGap=76>=72 lastGap=2>=2 → propose1
[Propose] S1 N0 等待 sequenceLock…
[Propose] S1 N0 已持有 sequenceLock，seqID=37 即将 propose1
[propose1] S1 N0 seq=37 Tx_pool.Queue_len=7
left_count: 500
更新树花时间为: 1
写数据库IO花时间为: 17
编号为 37 的区块已加入本地区块链！curBlock: 
blockHeader: 
[d36c7a8652144e2f9ecacf3862e2970fa4bfe0aa7b69627bdeb91c6e3eabddbd fcbf54f204dda05d5f968ac26914afa8192f0df3ff7a20638e8c17d74b1da222 949669f46f843c3cccf4d40105db2bd62efc6942dcf65202ddafa3afa5fa2753 37 1780066814]
# of transactions: 7
# of TXmig1s: 0
# of In1s: 0
# of Anns: 0
# of NSs: 0
blockHash: 
56529b009e1ff533e6a03696043026b1c89b62b566909d03a5515b9929e38d6c
[Propose wait] S1 N0 spin=1 epoch=38 now=1780066814 InitTime=1780066738 lastpropose=1780066814 wallGap=76 need>=74 ok1=true lastGap=0 need>=2 ok2=false
[Propose wait] S1 N0 spin=50 epoch=38 now=1780066815 InitTime=1780066738 lastpropose=1780066814 wallGap=77 need>=74 ok1=true lastGap=1 need>=2 ok2=false
[Propose] S1 N0 时间条件满足: epoch=38->39 now=1780066816 InitTime=1780066738 lastpropose=1780066814 wallGap=78>=74 lastGap=2>=2 → propose1
[Propose] S1 N0 等待 sequenceLock…
[Propose] S1 N0 已持有 sequenceLock，seqID=38 即将 propose1
[propose1] S1 N0 seq=38 Tx_pool.Queue_len=0
left_count: 500
更新树花时间为: 0
写数据库IO花时间为: 16
编号为 38 的区块已加入本地区块链！curBlock: 
blockHeader: 
[56529b009e1ff533e6a03696043026b1c89b62b566909d03a5515b9929e38d6c fcbf54f204dda05d5f968ac26914afa8192f0df3ff7a20638e8c17d74b1da222 56e81f171bcc55a6ff8345e692c0f86e5b48e01b996cadc001622fb5e363b421 38 1780066816]
# of transactions: 0
# of TXmig1s: 0
# of In1s: 0
# of Anns: 0
# of NSs: 0
blockHash: 
fd2cacafdf4832631ff53de0847040d9b89b03b14f796c269b9e13087f206e97
[Propose wait] S1 N0 spin=1 epoch=39 now=1780066816 InitTime=1780066738 lastpropose=1780066816 wallGap=78 need>=76 ok1=true lastGap=0 need>=2 ok2=false
[Propose wait] S1 N0 spin=50 epoch=39 now=1780066817 InitTime=1780066738 lastpropose=1780066816 wallGap=79 need>=76 ok1=true lastGap=1 need>=2 ok2=false
[Propose] S1 N0 时间条件满足: epoch=39->40 now=1780066818 InitTime=1780066738 lastpropose=1780066816 wallGap=80>=76 lastGap=2>=2 → propose1
[Propose] S1 N0 等待 sequenceLock…
[Propose] S1 N0 已持有 sequenceLock，seqID=39 即将 propose1
[propose1] S1 N0 seq=39 Tx_pool.Queue_len=0
left_count: 500
更新树花时间为: 0
写数据库IO花时间为: 25
编号为 39 的区块已加入本地区块链！curBlock: 
blockHeader: 
[fd2cacafdf4832631ff53de0847040d9b89b03b14f796c269b9e13087f206e97 fcbf54f204dda05d5f968ac26914afa8192f0df3ff7a20638e8c17d74b1da222 56e81f171bcc55a6ff8345e692c0f86e5b48e01b996cadc001622fb5e363b421 39 1780066818]
# of transactions: 0
# of TXmig1s: 0
# of In1s: 0
# of Anns: 0
# of NSs: 0
blockHash: 
c83eb99555918148ed8f0ff0a73d07267e6011f02f944c3a844d8d7177eff41f
[Propose wait] S1 N0 spin=1 epoch=40 now=1780066818 InitTime=1780066738 lastpropose=1780066818 wallGap=80 need>=78 ok1=true lastGap=0 need>=2 ok2=false
[Propose wait] S1 N0 spin=50 epoch=40 now=1780066819 InitTime=1780066738 lastpropose=1780066818 wallGap=81 need>=78 ok1=true lastGap=1 need>=2 ok2=false
[Propose] S1 N0 时间条件满足: epoch=40->41 now=1780066820 InitTime=1780066738 lastpropose=1780066818 wallGap=82>=78 lastGap=2>=2 → propose1
[Propose] S1 N0 等待 sequenceLock…
[Propose] S1 N0 已持有 sequenceLock，seqID=40 即将 propose1
[propose1] S1 N0 seq=40 Tx_pool.Queue_len=0
left_count: 500
更新树花时间为: 0
写数据库IO花时间为: 22
编号为 40 的区块已加入本地区块链！curBlock: 
blockHeader: 
[c83eb99555918148ed8f0ff0a73d07267e6011f02f944c3a844d8d7177eff41f fcbf54f204dda05d5f968ac26914afa8192f0df3ff7a20638e8c17d74b1da222 56e81f171bcc55a6ff8345e692c0f86e5b48e01b996cadc001622fb5e363b421 40 1780066820]
# of transactions: 0
# of TXmig1s: 0
# of In1s: 0
# of Anns: 0
# of NSs: 0
blockHash: 
c5e2b28063ad300a65dd50d39c26f1ef2d4c041c4878b999f798e5c9a3a41a9e
[Propose wait] S1 N0 spin=1 epoch=41 now=1780066820 InitTime=1780066738 lastpropose=1780066820 wallGap=82 need>=80 ok1=true lastGap=0 need>=2 ok2=false
[Propose wait] S1 N0 spin=50 epoch=41 now=1780066821 InitTime=1780066738 lastpropose=1780066820 wallGap=83 need>=80 ok1=true lastGap=1 need>=2 ok2=false
[Propose] S1 N0 时间条件满足: epoch=41->42 now=1780066822 InitTime=1780066738 lastpropose=1780066820 wallGap=84>=80 lastGap=2>=2 → propose1
[Propose] S1 N0 等待 sequenceLock…
[Propose] S1 N0 已持有 sequenceLock，seqID=41 即将 propose1
[propose1] S1 N0 seq=41 Tx_pool.Queue_len=0
left_count: 500
更新树花时间为: 0
写数据库IO花时间为: 17
编号为 41 的区块已加入本地区块链！curBlock: 
blockHeader: 
[c5e2b28063ad300a65dd50d39c26f1ef2d4c041c4878b999f798e5c9a3a41a9e fcbf54f204dda05d5f968ac26914afa8192f0df3ff7a20638e8c17d74b1da222 56e81f171bcc55a6ff8345e692c0f86e5b48e01b996cadc001622fb5e363b421 41 1780066822]
# of transactions: 0
# of TXmig1s: 0
# of In1s: 0
# of Anns: 0
# of NSs: 0
blockHash: 
942fcef991b4049bb54b3f195b2adf1438b2073fc5805bb415037000fc906887
[Propose wait] S1 N0 spin=1 epoch=42 now=1780066822 InitTime=1780066738 lastpropose=1780066822 wallGap=84 need>=82 ok1=true lastGap=0 need>=2 ok2=false
[Propose wait] S1 N0 spin=50 epoch=42 now=1780066823 InitTime=1780066738 lastpropose=1780066822 wallGap=85 need>=82 ok1=true lastGap=1 need>=2 ok2=false
[Propose] S1 N0 时间条件满足: epoch=42->43 now=1780066824 InitTime=1780066738 lastpropose=1780066822 wallGap=86>=82 lastGap=2>=2 → propose1
[Propose] S1 N0 等待 sequenceLock…
[Propose] S1 N0 已持有 sequenceLock，seqID=42 即将 propose1
[propose1] S1 N0 seq=42 Tx_pool.Queue_len=0
left_count: 500
更新树花时间为: 0
写数据库IO花时间为: 10
编号为 42 的区块已加入本地区块链！curBlock: 
blockHeader: 
[942fcef991b4049bb54b3f195b2adf1438b2073fc5805bb415037000fc906887 fcbf54f204dda05d5f968ac26914afa8192f0df3ff7a20638e8c17d74b1da222 56e81f171bcc55a6ff8345e692c0f86e5b48e01b996cadc001622fb5e363b421 42 1780066824]
# of transactions: 0
# of TXmig1s: 0
# of In1s: 0
# of Anns: 0
# of NSs: 0
blockHash: 
1cf5aca7c8250f5e78e4488a5cbb30abe3fd52f6cf027d4c61779ae76b003472
[Propose wait] S1 N0 spin=1 epoch=43 now=1780066824 InitTime=1780066738 lastpropose=1780066824 wallGap=86 need>=84 ok1=true lastGap=0 need>=2 ok2=false
节点收到终止节点消息，停止运行
