MigrationStrategy=Fine-tuned-Lock (Stop=false Lock=false NotLock=false)
&{77 N0 S0 2 0 D:\Desktop\实验室\MVSS+\MVSS-main\selectedTxs_300K.csv 2 500 300 150 150 150 150 1000 10 1 400 20000 0 50000 20 true Fine-tuned-Lock false false false false true false 3 false 8 false false false PageRank false 100 true false}
&{77 N0 S0 2 0 D:\Desktop\实验室\MVSS+\MVSS-main\selectedTxs_300K.csv 2 500 300 150 150 150 150 1000 10 1 400 20000 0 50000 20 true Fine-tuned-Lock false false false false true false 3 false 8 false false false PageRank false 100 true false}
交易将由外部客户端发送
[Propose wait-first-tx] S0 N0 seq=1 Queue_len=0，首块等待交易注入后再出块
节点开启监听，地址：127.0.0.1:8010
节点 N0 已启动，所属分片: S0
[Propose wait-first-tx] S0 N0 seq=1 Queue_len=0，首块等待交易注入后再出块
[Propose wait-first-tx] S0 N0 seq=1 Queue_len=0，首块等待交易注入后再出块
[Propose wait-first-tx] S0 N0 seq=1 Queue_len=0，首块等待交易注入后再出块
[Propose wait-first-tx] S0 N0 seq=1 Queue_len=0，首块等待交易注入后再出块
[Propose wait-first-tx] S0 N0 seq=1 Queue_len=0，首块等待交易注入后再出块
[Propose wait-first-tx] S0 N0 seq=1 Queue_len=0，首块等待交易注入后再出块
[Propose wait-first-tx] S0 N0 seq=1 Queue_len=0，首块等待交易注入后再出块
[Propose wait-first-tx] S0 N0 seq=1 Queue_len=0，首块等待交易注入后再出块
[Propose wait-first-tx] S0 N0 seq=1 Queue_len=0，首块等待交易注入后再出块
[Propose wait-first-tx] S0 N0 seq=1 Queue_len=0，首块等待交易注入后再出块
[Propose wait-first-tx] S0 N0 seq=1 Queue_len=0，首块等待交易注入后再出块
[Propose wait-first-tx] S0 N0 seq=1 Queue_len=0，首块等待交易注入后再出块
[Propose wait-first-tx] S0 N0 seq=1 Queue_len=0，首块等待交易注入后再出块
[Propose wait-first-tx] S0 N0 seq=1 Queue_len=0，首块等待交易注入后再出块
[Propose wait-first-tx] S0 N0 seq=1 Queue_len=0，首块等待交易注入后再出块
[Propose wait-first-tx] S0 N0 seq=1 Queue_len=0，首块等待交易注入后再出块
本节点已接收到客户端发送的初始时间：1780066738（锚定 InitTime=1780066738，已重置 epoch=1）
[Propose wait-first-tx] S0 N0 seq=1 Queue_len=0，首块等待交易注入后再出块
[Propose wait-first-tx] S0 N0 seq=1 Queue_len=0，首块等待交易注入后再出块
[Propose wait-first-tx] S0 N0 seq=1 Queue_len=0，首块等待交易注入后再出块
[handleTxFromClient] S0 N0 recv client batch, tx_count=608
[handleTxFromClient] S0 N0 append to Tx_pool.Queue: local_queued=608 forward_other_shard=0 Queue_total_len=608
[Propose wait-first-tx] S0 N0 首块已检测到交易，结束等待，Queue_len=608
[Propose] S0 N0 时间条件满足: epoch=1->2 now=1780066742 InitTime=1780066738 lastpropose=1780066738 wallGap=4>=0 lastGap=4>=2 → propose1
[Propose] S0 N0 等待 sequenceLock…
[Propose] S0 N0 已持有 sequenceLock，seqID=1 即将 propose1
[propose1] S0 N0 seq=1 Tx_pool.Queue_len=608
left_count: 500
更新树花时间为: 97
写数据库IO花时间为: 106
编号为 1 的区块已加入本地区块链！curBlock: 
blockHeader: 
[1add38160db0458a48072f3ade543ffb4af4e9cfdf8f76549b9568e046a6a3ff 4d30c976a31b53ba6544c7502ea7bbabf46d7d262d3c778164c9cb8b6a24dcb5 802a9122616b5db7da4729c0499d57acf1cba1db06e3ec8a9e28dca10606d7fd 1 1780066742]
# of transactions: 500
# of TXmig1s: 0
# of In1s: 0
# of Anns: 0
# of NSs: 0
blockHash: 
7597cb84f35949ff32d6af0cca9407c882e809aea65dba3a824287813613df40

第1个块开始准备relay

[Propose wait] S0 N0 spin=1 epoch=2 now=1780066742 InitTime=1780066738 lastpropose=1780066742 wallGap=4 need>=2 ok1=true lastGap=0 need>=2 ok2=false

第1个块结束relay

[Propose wait] S0 N0 spin=50 epoch=2 now=1780066743 InitTime=1780066738 lastpropose=1780066742 wallGap=5 need>=2 ok1=true lastGap=1 need>=2 ok2=false
[Propose] S0 N0 时间条件满足: epoch=2->3 now=1780066744 InitTime=1780066738 lastpropose=1780066742 wallGap=6>=2 lastGap=2>=2 → propose1
[Propose] S0 N0 等待 sequenceLock…
[Propose] S0 N0 已持有 sequenceLock，seqID=2 即将 propose1
[propose1] S0 N0 seq=2 Tx_pool.Queue_len=185
left_count: 500
[handleTxFromClient] S0 N0 recv client batch, tx_count=647
[handleTxFromClient] S0 N0 append to Tx_pool.Queue: local_queued=647 forward_other_shard=0 Queue_total_len=647
更新树花时间为: 22
写数据库IO花时间为: 30
编号为 2 的区块已加入本地区块链！curBlock: 
blockHeader: 
[7597cb84f35949ff32d6af0cca9407c882e809aea65dba3a824287813613df40 25c69d89b204ca6a78ac919cc9c26e6f5148147d07a4ec10fd3acfe0061f450b 7cdf016808195aceabf44459a90f98e6f70c5848df0047c9ad1ecd3d22f3bc10 2 1780066744]
# of transactions: 185
# of TXmig1s: 0
# of In1s: 0
# of Anns: 0
# of NSs: 0
blockHash: 
9ea0e812c9ba72a292ac9e347e94e2ac0083223c8023c6011094118e48ce01ea

第2个块开始准备relay

[Propose wait] S0 N0 spin=1 epoch=3 now=1780066744 InitTime=1780066738 lastpropose=1780066744 wallGap=6 need>=4 ok1=true lastGap=0 need>=2 ok2=false

第2个块结束relay

[Propose wait] S0 N0 spin=50 epoch=3 now=1780066745 InitTime=1780066738 lastpropose=1780066744 wallGap=7 need>=4 ok1=true lastGap=1 need>=2 ok2=false
[Propose] S0 N0 时间条件满足: epoch=3->4 now=1780066746 InitTime=1780066738 lastpropose=1780066744 wallGap=8>=4 lastGap=2>=2 → propose1
[Propose] S0 N0 等待 sequenceLock…
[Propose] S0 N0 已持有 sequenceLock，seqID=3 即将 propose1
[propose1] S0 N0 seq=3 Tx_pool.Queue_len=647
left_count: 500
[handleTxFromClient] S0 N0 recv client batch, tx_count=655
[handleTxFromClient] S0 N0 append to Tx_pool.Queue: local_queued=655 forward_other_shard=0 Queue_total_len=802
更新树花时间为: 65
写数据库IO花时间为: 71
编号为 3 的区块已加入本地区块链！curBlock: 
blockHeader: 
[9ea0e812c9ba72a292ac9e347e94e2ac0083223c8023c6011094118e48ce01ea 342a7b67c8bf7bbcdea2176e0627c7e87c26e6cf048a24716842ddcdd520271d ad26f069680f02a0102c25801889e18fe4c91e4ef9bb8237c549e0d5c0f0d712 3 1780066746]
# of transactions: 500
# of TXmig1s: 0
# of In1s: 0
# of Anns: 0
# of NSs: 0
blockHash: 
7ba4185a225d6572b70fe02548ca19804c5f4f3f0722c3d51fcc51f21e7d4867

第3个块开始准备relay

[Propose wait] S0 N0 spin=1 epoch=4 now=1780066746 InitTime=1780066738 lastpropose=1780066746 wallGap=8 need>=6 ok1=true lastGap=0 need>=2 ok2=false

第3个块结束relay

[Propose wait] S0 N0 spin=50 epoch=4 now=1780066747 InitTime=1780066738 lastpropose=1780066746 wallGap=9 need>=6 ok1=true lastGap=1 need>=2 ok2=false
[Propose] S0 N0 时间条件满足: epoch=4->5 now=1780066748 InitTime=1780066738 lastpropose=1780066746 wallGap=10>=6 lastGap=2>=2 → propose1
[Propose] S0 N0 等待 sequenceLock…
[Propose] S0 N0 已持有 sequenceLock，seqID=4 即将 propose1
[propose1] S0 N0 seq=4 Tx_pool.Queue_len=876
left_count: 500
[handleTxFromClient] S0 N0 recv client batch, tx_count=560
[handleTxFromClient] S0 N0 append to Tx_pool.Queue: local_queued=560 forward_other_shard=0 Queue_total_len=936
更新树花时间为: 75
写数据库IO花时间为: 85
编号为 4 的区块已加入本地区块链！curBlock: 
blockHeader: 
[7ba4185a225d6572b70fe02548ca19804c5f4f3f0722c3d51fcc51f21e7d4867 71854c5ec60d848fbd29043d9978b865dd74e39f4410a5d49d378c8ee21d0ec2 5af3f9d3423e50e701358d64d8d2b9f66bef1ae87d0ec0fe7e59d46a8f909a87 4 1780066748]
# of transactions: 500
# of TXmig1s: 0
# of In1s: 0
# of Anns: 0
# of NSs: 0
blockHash: 
eb440339065c48e996bdc0d102208b0a8315c31f4fc5bde93b6402281ddb8735

第4个块开始准备relay

[Propose wait] S0 N0 spin=1 epoch=5 now=1780066748 InitTime=1780066738 lastpropose=1780066748 wallGap=10 need>=8 ok1=true lastGap=0 need>=2 ok2=false

第4个块结束relay

[Propose wait] S0 N0 spin=50 epoch=5 now=1780066749 InitTime=1780066738 lastpropose=1780066748 wallGap=11 need>=8 ok1=true lastGap=1 need>=2 ok2=false
[Propose] S0 N0 时间条件满足: epoch=5->6 now=1780066750 InitTime=1780066738 lastpropose=1780066748 wallGap=12>=8 lastGap=2>=2 → propose1
[Propose] S0 N0 等待 sequenceLock…
[Propose] S0 N0 已持有 sequenceLock，seqID=5 即将 propose1
[propose1] S0 N0 seq=5 Tx_pool.Queue_len=995
left_count: 500
[handleTxFromClient] S0 N0 recv client batch, tx_count=658
[handleTxFromClient] S0 N0 append to Tx_pool.Queue: local_queued=658 forward_other_shard=0 Queue_total_len=1153
更新树花时间为: 72
写数据库IO花时间为: 82
编号为 5 的区块已加入本地区块链！curBlock: 
blockHeader: 
[eb440339065c48e996bdc0d102208b0a8315c31f4fc5bde93b6402281ddb8735 753a1c91aa49a0fa3def86de111919ba4fae1ffdfeee30a0ec6b39bc654a08b1 9ab298a516a2b6df2ad39f1e8cc560bd03be3cb75c1f5a65746db9df462b322b 5 1780066750]
# of transactions: 500
# of TXmig1s: 0
# of In1s: 0
# of Anns: 0
# of NSs: 0
blockHash: 
727c5cfe53ae7e57369fecb28d46cb32d8fa4e371d3a733398f3dc578e0f7bdd

第5个块开始准备relay

[Propose wait] S0 N0 spin=1 epoch=6 now=1780066750 InitTime=1780066738 lastpropose=1780066750 wallGap=12 need>=10 ok1=true lastGap=0 need>=2 ok2=false

第5个块结束relay

[Propose wait] S0 N0 spin=50 epoch=6 now=1780066751 InitTime=1780066738 lastpropose=1780066750 wallGap=13 need>=10 ok1=true lastGap=1 need>=2 ok2=false
[Propose] S0 N0 时间条件满足: epoch=6->7 now=1780066752 InitTime=1780066738 lastpropose=1780066750 wallGap=14>=10 lastGap=2>=2 → propose1
[Propose] S0 N0 等待 sequenceLock…
[Propose] S0 N0 已持有 sequenceLock，seqID=6 即将 propose1
[propose1] S0 N0 seq=6 Tx_pool.Queue_len=1280
left_count: 500
[handleTxFromClient] S0 N0 recv client batch, tx_count=635
[handleTxFromClient] S0 N0 append to Tx_pool.Queue: local_queued=635 forward_other_shard=0 Queue_total_len=1415
更新树花时间为: 68
写数据库IO花时间为: 76
编号为 6 的区块已加入本地区块链！curBlock: 
blockHeader: 
[727c5cfe53ae7e57369fecb28d46cb32d8fa4e371d3a733398f3dc578e0f7bdd 745acf6dc4afd5614e11ce3efacee348bf821effb836308bf06692b2cd341c43 f322ff9c193534ed65a5e9e0f0ae6e3c54bad28dad575ffb076f99b648b97109 6 1780066752]
# of transactions: 500
# of TXmig1s: 0
# of In1s: 0
# of Anns: 0
# of NSs: 0
blockHash: 
c01db89f1b1cf96effbbb1e27b9375bc86370a6389f8c3559a346217ebe678c4

第6个块开始准备relay

[Propose wait] S0 N0 spin=1 epoch=7 now=1780066752 InitTime=1780066738 lastpropose=1780066752 wallGap=14 need>=12 ok1=true lastGap=0 need>=2 ok2=false

第6个块结束relay

[Propose wait] S0 N0 spin=50 epoch=7 now=1780066753 InitTime=1780066738 lastpropose=1780066752 wallGap=15 need>=12 ok1=true lastGap=1 need>=2 ok2=false
[Propose] S0 N0 时间条件满足: epoch=7->8 now=1780066754 InitTime=1780066738 lastpropose=1780066752 wallGap=16>=12 lastGap=2>=2 → propose1
[Propose] S0 N0 等待 sequenceLock…
[Propose] S0 N0 已持有 sequenceLock，seqID=7 即将 propose1
[propose1] S0 N0 seq=7 Tx_pool.Queue_len=1479
left_count: 500
[handleTxFromClient] S0 N0 recv client batch, tx_count=437
[handleTxFromClient] S0 N0 append to Tx_pool.Queue: local_queued=437 forward_other_shard=0 Queue_total_len=1416
更新树花时间为: 74
写数据库IO花时间为: 79
编号为 7 的区块已加入本地区块链！curBlock: 
blockHeader: 
[c01db89f1b1cf96effbbb1e27b9375bc86370a6389f8c3559a346217ebe678c4 3de5fbbcd93677b118b3fd6abd08401ea912400493f9d7a294cc81a857b7c967 533f16f28482d1d7c19467eea4a34fc4ffb1a5bb1ff6ede4935669b988e8921e 7 1780066754]
# of transactions: 500
# of TXmig1s: 0
# of In1s: 0
# of Anns: 0
# of NSs: 0
blockHash: 
fb99e7281f098cc7806797074024a0fda90cceaf717a1f9eb7ed2776b8e30a54

第7个块开始准备relay

[Propose wait] S0 N0 spin=1 epoch=8 now=1780066754 InitTime=1780066738 lastpropose=1780066754 wallGap=16 need>=14 ok1=true lastGap=0 need>=2 ok2=false

第7个块结束relay

[Propose wait] S0 N0 spin=50 epoch=8 now=1780066755 InitTime=1780066738 lastpropose=1780066754 wallGap=17 need>=14 ok1=true lastGap=1 need>=2 ok2=false
[Propose] S0 N0 时间条件满足: epoch=8->9 now=1780066756 InitTime=1780066738 lastpropose=1780066754 wallGap=18>=14 lastGap=2>=2 → propose1
[Propose] S0 N0 等待 sequenceLock…
[Propose] S0 N0 已持有 sequenceLock，seqID=8 即将 propose1
[propose1] S0 N0 seq=8 Tx_pool.Queue_len=1479
left_count: 500
[handleTxFromClient] S0 N0 recv client batch, tx_count=580
[handleTxFromClient] S0 N0 append to Tx_pool.Queue: local_queued=580 forward_other_shard=0 Queue_total_len=1559
更新树花时间为: 72
写数据库IO花时间为: 81
编号为 8 的区块已加入本地区块链！curBlock: 
blockHeader: 
[fb99e7281f098cc7806797074024a0fda90cceaf717a1f9eb7ed2776b8e30a54 fa4251d4cefec52ec2c584f9c321707cc19d6cda1c17b2e17cb4c99e46520cc6 6426eef81a4cfdf1f21432543365bc2dc7ead1b70b9bb98f1524d6bde30b3446 8 1780066756]
# of transactions: 500
# of TXmig1s: 0
# of In1s: 0
# of Anns: 0
# of NSs: 0
blockHash: 
280c2cd245c48d75ce059c7431dfad215b1778bd5765c6b53838d52d2141fa1b

第8个块开始准备relay

[Propose wait] S0 N0 spin=1 epoch=9 now=1780066756 InitTime=1780066738 lastpropose=1780066756 wallGap=18 need>=16 ok1=true lastGap=0 need>=2 ok2=false

第8个块结束relay

[Propose wait] S0 N0 spin=50 epoch=9 now=1780066757 InitTime=1780066738 lastpropose=1780066756 wallGap=19 need>=16 ok1=true lastGap=1 need>=2 ok2=false
[Propose] S0 N0 时间条件满足: epoch=9->10 now=1780066758 InitTime=1780066738 lastpropose=1780066756 wallGap=20>=16 lastGap=2>=2 → propose1
[Propose] S0 N0 等待 sequenceLock…
[Propose] S0 N0 已持有 sequenceLock，seqID=9 即将 propose1
[propose1] S0 N0 seq=9 Tx_pool.Queue_len=1735
left_count: 500
更新树花时间为: 77
写数据库IO花时间为: 82
编号为 9 的区块已加入本地区块链！curBlock: 
blockHeader: 
[280c2cd245c48d75ce059c7431dfad215b1778bd5765c6b53838d52d2141fa1b d90864dd5754a624858f2b4d29a6791f6db0afefa68ed95b3b8b2b160a1c600d c9b4e2bdf470c71dcc3c5da9fc7984d48e7663828c9906d7edfb9df76517ad59 9 1780066758]
# of transactions: 500
# of TXmig1s: 0
# of In1s: 0
# of Anns: 0
# of NSs: 0
blockHash: 
521b073b4538fb6d80be09e4e8cc96d052d2fce160a301adf506d7e1c978fa9e

第9个块开始准备relay

[Propose wait] S0 N0 spin=1 epoch=10 now=1780066758 InitTime=1780066738 lastpropose=1780066758 wallGap=20 need>=18 ok1=true lastGap=0 need>=2 ok2=false
[handleTxFromClient] S0 N0 recv client batch, tx_count=255
[handleTxFromClient] S0 N0 append to Tx_pool.Queue: local_queued=255 forward_other_shard=0 Queue_total_len=1490

第9个块结束relay

[Propose wait] S0 N0 spin=50 epoch=10 now=1780066759 InitTime=1780066738 lastpropose=1780066758 wallGap=21 need>=18 ok1=true lastGap=1 need>=2 ok2=false
[Propose] S0 N0 时间条件满足: epoch=10->11 now=1780066760 InitTime=1780066738 lastpropose=1780066758 wallGap=22>=18 lastGap=2>=2 → propose1
[Propose] S0 N0 等待 sequenceLock…
[Propose] S0 N0 已持有 sequenceLock，seqID=10 即将 propose1
[propose1] S0 N0 seq=10 Tx_pool.Queue_len=1583
left_count: 500
更新树花时间为: 71
写数据库IO花时间为: 84
编号为 10 的区块已加入本地区块链！curBlock: 
blockHeader: 
[521b073b4538fb6d80be09e4e8cc96d052d2fce160a301adf506d7e1c978fa9e fb4953af892d61f8cc2af7dff338346d4b07c984dab5f0287b4742f80f2cb634 e04c068e23e08e45d67ea4f8b61c73f154edd40f6dcbcc5cdc50f5574a9be8d3 10 1780066760]
# of transactions: 500
# of TXmig1s: 0
# of In1s: 0
# of Anns: 0
# of NSs: 0
blockHash: 
51bb4b47288ff167f4245449712fd7ab081da2b1bd76dbc88a9bf89f8565fd37

第10个块开始准备relay

[Propose wait] S0 N0 spin=1 epoch=11 now=1780066760 InitTime=1780066738 lastpropose=1780066760 wallGap=22 need>=20 ok1=true lastGap=0 need>=2 ok2=false
[handleTxFromClient] S0 N0 recv client batch, tx_count=239
[handleTxFromClient] S0 N0 append to Tx_pool.Queue: local_queued=239 forward_other_shard=0 Queue_total_len=1322

第10个块结束relay

[Propose wait] S0 N0 spin=50 epoch=11 now=1780066761 InitTime=1780066738 lastpropose=1780066760 wallGap=23 need>=20 ok1=true lastGap=1 need>=2 ok2=false
[Propose] S0 N0 时间条件满足: epoch=11->12 now=1780066762 InitTime=1780066738 lastpropose=1780066760 wallGap=24>=20 lastGap=2>=2 → propose1
[Propose] S0 N0 等待 sequenceLock…
[Propose] S0 N0 已持有 sequenceLock，seqID=11 即将 propose1
[propose1] S0 N0 seq=11 Tx_pool.Queue_len=1548
left_count: 500
更新树花时间为: 79
写数据库IO花时间为: 103
编号为 11 的区块已加入本地区块链！curBlock: 
blockHeader: 
[51bb4b47288ff167f4245449712fd7ab081da2b1bd76dbc88a9bf89f8565fd37 355db3cf3fa544912f0fb4d949660dcb01fb6016c4777e6f44940e9cba913192 ca4675dd5126fad6f0e3b22b9864594badb81d8ec6c44ca5558be3d9f6f06202 11 1780066762]
# of transactions: 500
# of TXmig1s: 0
# of In1s: 0
# of Anns: 0
# of NSs: 0
blockHash: 
d099c45de92bee165f52258e2772def542b416e5f95a2027a71cb686fe02d302

第11个块开始准备relay

[Propose wait] S0 N0 spin=1 epoch=12 now=1780066762 InitTime=1780066738 lastpropose=1780066762 wallGap=24 need>=22 ok1=true lastGap=0 need>=2 ok2=false
[handleTxFromClient] S0 N0 recv client batch, tx_count=533
[handleTxFromClient] S0 N0 append to Tx_pool.Queue: local_queued=533 forward_other_shard=0 Queue_total_len=1581

第11个块结束relay

[Propose wait] S0 N0 spin=50 epoch=12 now=1780066763 InitTime=1780066738 lastpropose=1780066762 wallGap=25 need>=22 ok1=true lastGap=1 need>=2 ok2=false
[Propose] S0 N0 时间条件满足: epoch=12->13 now=1780066764 InitTime=1780066738 lastpropose=1780066762 wallGap=26>=22 lastGap=2>=2 → propose1
[Propose] S0 N0 等待 sequenceLock…
[Propose] S0 N0 已持有 sequenceLock，seqID=12 即将 propose1
[propose1] S0 N0 seq=12 Tx_pool.Queue_len=1724
left_count: 500
更新树花时间为: 74
写数据库IO花时间为: 84
编号为 12 的区块已加入本地区块链！curBlock: 
blockHeader: 
[d099c45de92bee165f52258e2772def542b416e5f95a2027a71cb686fe02d302 43d7d2f2647742c12a7d024af4248a20f321df2449b7aa0f0f792c13b4cce5a7 38457b5ab30494bbab71b0b2dc25352bac25ef174c058b55b9e7c9354e09ba34 12 1780066764]
# of transactions: 500
# of TXmig1s: 0
# of In1s: 0
# of Anns: 0
# of NSs: 0
blockHash: 
b60e88cf6017b82206c1710ed2f57e80b333182e29fc7ada8ec7db3855e2903d

第12个块开始准备relay

[Propose wait] S0 N0 spin=1 epoch=13 now=1780066764 InitTime=1780066738 lastpropose=1780066764 wallGap=26 need>=24 ok1=true lastGap=0 need>=2 ok2=false
[handleTxFromClient] S0 N0 recv client batch, tx_count=623
[handleTxFromClient] S0 N0 append to Tx_pool.Queue: local_queued=623 forward_other_shard=0 Queue_total_len=1847

第12个块结束relay

[Propose wait] S0 N0 spin=50 epoch=13 now=1780066765 InitTime=1780066738 lastpropose=1780066764 wallGap=27 need>=24 ok1=true lastGap=1 need>=2 ok2=false
[Propose] S0 N0 时间条件满足: epoch=13->14 now=1780066766 InitTime=1780066738 lastpropose=1780066764 wallGap=28>=24 lastGap=2>=2 → propose1
[Propose] S0 N0 等待 sequenceLock…
[Propose] S0 N0 已持有 sequenceLock，seqID=13 即将 propose1
[propose1] S0 N0 seq=13 Tx_pool.Queue_len=2006
left_count: 500
更新树花时间为: 64
写数据库IO花时间为: 69
编号为 13 的区块已加入本地区块链！curBlock: 
blockHeader: 
[b60e88cf6017b82206c1710ed2f57e80b333182e29fc7ada8ec7db3855e2903d 2e4b181fbaf62b5e43948d393c9e29626d2e23faacabee6520ac49be40c1d16c 06126706b2abc8d1eec72e8b8508f2922e9092f4c64d8dd529b8af7f0c69f23f 13 1780066766]
# of transactions: 500
# of TXmig1s: 0
# of In1s: 0
# of Anns: 0
# of NSs: 0
blockHash: 
b1e6a6d2dc4e5254f90e942c62dffc7d10ca6e9dbe4c96e578086cfce34a9daa

第13个块开始准备relay

[Propose wait] S0 N0 spin=1 epoch=14 now=1780066766 InitTime=1780066738 lastpropose=1780066766 wallGap=28 need>=26 ok1=true lastGap=0 need>=2 ok2=false
[handleTxFromClient] S0 N0 recv client batch, tx_count=600
[handleTxFromClient] S0 N0 append to Tx_pool.Queue: local_queued=600 forward_other_shard=0 Queue_total_len=2106

第13个块结束relay

[Propose wait] S0 N0 spin=50 epoch=14 now=1780066767 InitTime=1780066738 lastpropose=1780066766 wallGap=29 need>=26 ok1=true lastGap=1 need>=2 ok2=false
[Propose] S0 N0 时间条件满足: epoch=14->15 now=1780066768 InitTime=1780066738 lastpropose=1780066766 wallGap=30>=26 lastGap=2>=2 → propose1
[Propose] S0 N0 等待 sequenceLock…
[Propose] S0 N0 已持有 sequenceLock，seqID=14 即将 propose1
[propose1] S0 N0 seq=14 Tx_pool.Queue_len=2243
left_count: 500
更新树花时间为: 74
写数据库IO花时间为: 81
编号为 14 的区块已加入本地区块链！curBlock: 
blockHeader: 
[b1e6a6d2dc4e5254f90e942c62dffc7d10ca6e9dbe4c96e578086cfce34a9daa 0f1af72e2dc0bc3ba7d044ebfbafbd3299dc7da047529c9f30da980bda888c1b 3a5d8df57ee7037e307d5d83abb835769d10bb8283cd2c478074aae68dc610cb 14 1780066768]
# of transactions: 500
# of TXmig1s: 0
# of In1s: 0
# of Anns: 0
# of NSs: 0
blockHash: 
cfb693a57128b82509ae316eff742d2baf0cda3d2ec683ec24277ef0b91ac0d1

第14个块开始准备relay

[Propose wait] S0 N0 spin=1 epoch=15 now=1780066768 InitTime=1780066738 lastpropose=1780066768 wallGap=30 need>=28 ok1=true lastGap=0 need>=2 ok2=false
[handleTxFromClient] S0 N0 recv client batch, tx_count=680
[handleTxFromClient] S0 N0 append to Tx_pool.Queue: local_queued=680 forward_other_shard=0 Queue_total_len=2423

第14个块结束relay

[Propose wait] S0 N0 spin=50 epoch=15 now=1780066769 InitTime=1780066738 lastpropose=1780066768 wallGap=31 need>=28 ok1=true lastGap=1 need>=2 ok2=false
[Propose] S0 N0 时间条件满足: epoch=15->16 now=1780066770 InitTime=1780066738 lastpropose=1780066768 wallGap=32>=28 lastGap=2>=2 → propose1
[Propose] S0 N0 等待 sequenceLock…
[Propose] S0 N0 已持有 sequenceLock，seqID=15 即将 propose1
[propose1] S0 N0 seq=15 Tx_pool.Queue_len=2529
left_count: 500
更新树花时间为: 97
写数据库IO花时间为: 104
编号为 15 的区块已加入本地区块链！curBlock: 
blockHeader: 
[cfb693a57128b82509ae316eff742d2baf0cda3d2ec683ec24277ef0b91ac0d1 2c2200f47cec7d039e11d71b9d51a726f619730a79427f69420b574ca47d64e2 975766bb126d511c842690af776c7a4a4c2b98d618cb4d7bcea8368eceafbd9d 15 1780066770]
# of transactions: 500
# of TXmig1s: 0
# of In1s: 0
# of Anns: 0
# of NSs: 0
blockHash: 
9308ebb9e6b9523c726c95321ee7632cd2be5e7c305dda6754abf8d681f0c0ee

第15个块开始准备relay

[Propose wait] S0 N0 spin=1 epoch=16 now=1780066770 InitTime=1780066738 lastpropose=1780066770 wallGap=32 need>=30 ok1=true lastGap=0 need>=2 ok2=false
[handleTxFromClient] S0 N0 recv client batch, tx_count=608
[handleTxFromClient] S0 N0 append to Tx_pool.Queue: local_queued=608 forward_other_shard=0 Queue_total_len=2637

第15个块结束relay

[Propose wait] S0 N0 spin=50 epoch=16 now=1780066771 InitTime=1780066738 lastpropose=1780066770 wallGap=33 need>=30 ok1=true lastGap=1 need>=2 ok2=false
[Propose] S0 N0 时间条件满足: epoch=16->17 now=1780066772 InitTime=1780066738 lastpropose=1780066770 wallGap=34>=30 lastGap=2>=2 → propose1
[Propose] S0 N0 等待 sequenceLock…
[Propose] S0 N0 已持有 sequenceLock，seqID=16 即将 propose1
[propose1] S0 N0 seq=16 Tx_pool.Queue_len=2748
left_count: 500
更新树花时间为: 88
写数据库IO花时间为: 93
编号为 16 的区块已加入本地区块链！curBlock: 
blockHeader: 
[9308ebb9e6b9523c726c95321ee7632cd2be5e7c305dda6754abf8d681f0c0ee 302e0b38349a2d13b1b927f0b58fca81fdba227f592de5f45c97fca195cfbbcd 3425c3eda3b7a8288ee8015b51f2875eb217d5df296b79fcb25234ff73639c2c 16 1780066772]
# of transactions: 500
# of TXmig1s: 0
# of In1s: 0
# of Anns: 0
# of NSs: 0
blockHash: 
d2fbf7d68958ace658ee1194e8a94e49646eee236b1bc75499412844fdfc91cb

第16个块开始准备relay

[Propose wait] S0 N0 spin=1 epoch=17 now=1780066772 InitTime=1780066738 lastpropose=1780066772 wallGap=34 need>=32 ok1=true lastGap=0 need>=2 ok2=false
[handleTxFromClient] S0 N0 recv client batch, tx_count=270
[handleTxFromClient] S0 N0 append to Tx_pool.Queue: local_queued=270 forward_other_shard=0 Queue_total_len=2518

第16个块结束relay

[Propose wait] S0 N0 spin=50 epoch=17 now=1780066773 InitTime=1780066738 lastpropose=1780066772 wallGap=35 need>=32 ok1=true lastGap=1 need>=2 ok2=false
[Propose] S0 N0 时间条件满足: epoch=17->18 now=1780066774 InitTime=1780066738 lastpropose=1780066772 wallGap=36>=32 lastGap=2>=2 → propose1
[Propose] S0 N0 等待 sequenceLock…
[Propose] S0 N0 已持有 sequenceLock，seqID=17 即将 propose1
[propose1] S0 N0 seq=17 Tx_pool.Queue_len=2605
left_count: 500
更新树花时间为: 66
写数据库IO花时间为: 70
编号为 17 的区块已加入本地区块链！curBlock: 
blockHeader: 
[d2fbf7d68958ace658ee1194e8a94e49646eee236b1bc75499412844fdfc91cb dccf1bb52a637d0ab9457956226e91b97f294b9b5adf9287dee0535e2d5a24df aa3b039a482489ba91356f84d8a1d5f2b83c698372568acf56a871bd58c07475 17 1780066774]
# of transactions: 500
# of TXmig1s: 0
# of In1s: 0
# of Anns: 0
# of NSs: 0
blockHash: 
05a66fd790295bdc585f58a28923d621c5b65af2f538e0cf560cc32d5f1b1145

第17个块开始准备relay

[Propose wait] S0 N0 spin=1 epoch=18 now=1780066774 InitTime=1780066738 lastpropose=1780066774 wallGap=36 need>=34 ok1=true lastGap=0 need>=2 ok2=false
[handleTxFromClient] S0 N0 recv client batch, tx_count=326
[handleTxFromClient] S0 N0 append to Tx_pool.Queue: local_queued=326 forward_other_shard=0 Queue_total_len=2431

第17个块结束relay

[Propose wait] S0 N0 spin=50 epoch=18 now=1780066775 InitTime=1780066738 lastpropose=1780066774 wallGap=37 need>=34 ok1=true lastGap=1 need>=2 ok2=false
[Propose] S0 N0 时间条件满足: epoch=18->19 now=1780066776 InitTime=1780066738 lastpropose=1780066774 wallGap=38>=34 lastGap=2>=2 → propose1
[Propose] S0 N0 等待 sequenceLock…
[Propose] S0 N0 已持有 sequenceLock，seqID=18 即将 propose1
[propose1] S0 N0 seq=18 Tx_pool.Queue_len=2672
left_count: 500
更新树花时间为: 70
写数据库IO花时间为: 76
编号为 18 的区块已加入本地区块链！curBlock: 
blockHeader: 
[05a66fd790295bdc585f58a28923d621c5b65af2f538e0cf560cc32d5f1b1145 d3520be905dc46a6e416f9ae133b0335da2479cf64446b08da18b377e5b7e47d a61592712d0cf28a9f5fd0e4ab833a500de2532507977d47ce233c0d7a45d342 18 1780066776]
# of transactions: 500
# of TXmig1s: 0
# of In1s: 0
# of Anns: 0
# of NSs: 0
blockHash: 
48df5413589ec47720ac7db7f8590eabf821453595817a16a0e320fbfbc64877

第18个块开始准备relay

[Propose wait] S0 N0 spin=1 epoch=19 now=1780066776 InitTime=1780066738 lastpropose=1780066776 wallGap=38 need>=36 ok1=true lastGap=0 need>=2 ok2=false
[handleTxFromClient] S0 N0 recv client batch, tx_count=82
[handleTxFromClient] S0 N0 append to Tx_pool.Queue: local_queued=82 forward_other_shard=0 Queue_total_len=2254

第18个块结束relay

[Propose wait] S0 N0 spin=50 epoch=19 now=1780066777 InitTime=1780066738 lastpropose=1780066776 wallGap=39 need>=36 ok1=true lastGap=1 need>=2 ok2=false
[Propose] S0 N0 时间条件满足: epoch=19->20 now=1780066778 InitTime=1780066738 lastpropose=1780066776 wallGap=40>=36 lastGap=2>=2 → propose1
[Propose] S0 N0 等待 sequenceLock…
[Propose] S0 N0 已持有 sequenceLock，seqID=19 即将 propose1
[propose1] S0 N0 seq=19 Tx_pool.Queue_len=2417
left_count: 500
更新树花时间为: 54
写数据库IO花时间为: 64
编号为 19 的区块已加入本地区块链！curBlock: 
blockHeader: 
[48df5413589ec47720ac7db7f8590eabf821453595817a16a0e320fbfbc64877 1ed62dfe09b4c0c0af836fd4dd05f58c65d912964b17cd7db4b02aa22341ec01 f79f8d090deff493431ff475764f04490363eb856c7b7b7f757ed485932774f0 19 1780066778]
# of transactions: 500
# of TXmig1s: 0
# of In1s: 0
# of Anns: 0
# of NSs: 0
blockHash: 
29dbc732e1e1c8d41c4afa17ade11477649055a5b4c7d5e79d4b1ab95738b010

第19个块开始准备relay

[Propose wait] S0 N0 spin=1 epoch=20 now=1780066778 InitTime=1780066738 lastpropose=1780066778 wallGap=40 need>=38 ok1=true lastGap=0 need>=2 ok2=false
[handleTxFromClient] S0 N0 recv client batch, tx_count=142
[handleTxFromClient] S0 N0 append to Tx_pool.Queue: local_queued=142 forward_other_shard=0 Queue_total_len=2059

第19个块结束relay

[Propose wait] S0 N0 spin=50 epoch=20 now=1780066779 InitTime=1780066738 lastpropose=1780066778 wallGap=41 need>=38 ok1=true lastGap=1 need>=2 ok2=false
[Propose] S0 N0 时间条件满足: epoch=20->21 now=1780066780 InitTime=1780066738 lastpropose=1780066778 wallGap=42>=38 lastGap=2>=2 → propose1
[Propose] S0 N0 等待 sequenceLock…
[Propose] S0 N0 已持有 sequenceLock，seqID=20 即将 propose1
[propose1] S0 N0 seq=20 Tx_pool.Queue_len=2162
left_count: 500
更新树花时间为: 67
写数据库IO花时间为: 77
编号为 20 的区块已加入本地区块链！curBlock: 
blockHeader: 
[29dbc732e1e1c8d41c4afa17ade11477649055a5b4c7d5e79d4b1ab95738b010 4abc567af2726c45416e4bb282e5213928a59ab9de48f9d922557827a70e00ab 9118c6c072116569daa15e8f5b77034c89c867580c70bc1d4dbfe80f0a65859e 20 1780066780]
# of transactions: 500
# of TXmig1s: 0
# of In1s: 0
# of Anns: 0
# of NSs: 0
blockHash: 
f782c217351d9ab229f2c17295dd22b6d1b9eda38f9d0320ffd1ebcfac28fe83

第20个块开始准备relay

[Propose wait] S0 N0 spin=1 epoch=21 now=1780066780 InitTime=1780066738 lastpropose=1780066780 wallGap=42 need>=40 ok1=true lastGap=0 need>=2 ok2=false
[handleTxFromClient] S0 N0 recv client batch, tx_count=631
[handleTxFromClient] S0 N0 append to Tx_pool.Queue: local_queued=631 forward_other_shard=0 Queue_total_len=2293

第20个块结束relay

[Propose wait] S0 N0 spin=50 epoch=21 now=1780066781 InitTime=1780066738 lastpropose=1780066780 wallGap=43 need>=40 ok1=true lastGap=1 need>=2 ok2=false
[Propose] S0 N0 时间条件满足: epoch=21->22 now=1780066782 InitTime=1780066738 lastpropose=1780066780 wallGap=44>=40 lastGap=2>=2 → propose1
[Propose] S0 N0 等待 sequenceLock…
[Propose] S0 N0 已持有 sequenceLock，seqID=21 即将 propose1
[propose1] S0 N0 seq=21 Tx_pool.Queue_len=2540
left_count: 500
更新树花时间为: 62
写数据库IO花时间为: 87
编号为 21 的区块已加入本地区块链！curBlock: 
blockHeader: 
[f782c217351d9ab229f2c17295dd22b6d1b9eda38f9d0320ffd1ebcfac28fe83 3ebf521da4ea92ba121febd8a7e83abddb3ee5a9ce20759f346b0bc1e0f81339 3d6503e3db1b879c9c3c9883ac034f7d617397ec8d9feeaf07b7b157038bb61a 21 1780066782]
# of transactions: 500
# of TXmig1s: 0
# of In1s: 0
# of Anns: 0
# of NSs: 0
blockHash: 
ffb038e34da9ea2bbc15d49e609a21b25f633a6562ba03794930d019ff16ab1b

第21个块开始准备relay

[Propose wait] S0 N0 spin=1 epoch=22 now=1780066782 InitTime=1780066738 lastpropose=1780066782 wallGap=44 need>=42 ok1=true lastGap=0 need>=2 ok2=false
本节点已接收到client发来准备迁移通知
本节点已将 pending 发送到 client（2040 笔）
本节点已接收到客户端发送的新映射
[handleTxFromClient] S0 N0 recv client batch, tx_count=551
[handleTxFromClient] S0 N0 append to Tx_pool.Queue: local_queued=551 forward_other_shard=0 Queue_total_len=2591

第21个块结束relay

[Propose wait] S0 N0 spin=50 epoch=22 now=1780066783 InitTime=1780066738 lastpropose=1780066782 wallGap=45 need>=42 ok1=true lastGap=1 need>=2 ok2=false
[Propose] S0 N0 时间条件满足: epoch=22->23 now=1780066784 InitTime=1780066738 lastpropose=1780066782 wallGap=46>=42 lastGap=2>=2 → propose1
[Propose] S0 N0 等待 sequenceLock…
[Propose] S0 N0 已持有 sequenceLock，seqID=22 即将 propose1
[propose1] S0 N0 seq=22 Tx_pool.Queue_len=2762
left_count: 200
更新树花时间为: 47
写数据库IO花时间为: 57
编号为 22 的区块已加入本地区块链！curBlock: 
blockHeader: 
[ffb038e34da9ea2bbc15d49e609a21b25f633a6562ba03794930d019ff16ab1b aa7b35b88e4f7d1b9d3bc22aa94e0e875bd8f4da1fee6aef6b5b57b89225a917 46d3d239e46b988349e6842c6b2eaebf7b255a2b86e7e3478d2c5fb396fe04b1 22 1780066784]
# of transactions: 200
# of TXmig1s: 300
# of In1s: 0
# of Anns: 0
# of NSs: 0
blockHash: 
eda0a7743f7ab19434b1a9e89aa2e40c0b61e31bf0fb65d9f5819707318cd1c8

第22个块开始准备relay

[Propose wait] S0 N0 spin=1 epoch=23 now=1780066784 InitTime=1780066738 lastpropose=1780066784 wallGap=46 need>=44 ok1=true lastGap=0 need>=2 ok2=false

第22个块结束relay

[handleTxFromClient] S0 N0 recv client batch, tx_count=634
[handleTxFromClient] S0 N0 append to Tx_pool.Queue: local_queued=634 forward_other_shard=0 Queue_total_len=3283

本节点已接收到分片S1发来的迁移请求 
10000000000000000000000000945002628179728

[Propose wait] S0 N0 spin=50 epoch=23 now=1780066785 InitTime=1780066738 lastpropose=1780066784 wallGap=47 need>=44 ok1=true lastGap=1 need>=2 ok2=false
[Propose] S0 N0 时间条件满足: epoch=23->24 now=1780066786 InitTime=1780066738 lastpropose=1780066784 wallGap=48>=44 lastGap=2>=2 → propose1
[Propose] S0 N0 等待 sequenceLock…
[Propose] S0 N0 已持有 sequenceLock，seqID=23 即将 propose1
[propose1] S0 N0 seq=23 Tx_pool.Queue_len=3283
left_count: 200
更新树花时间为: 71
写数据库IO花时间为: 81
编号为 23 的区块已加入本地区块链！curBlock: 
blockHeader: 
[eda0a7743f7ab19434b1a9e89aa2e40c0b61e31bf0fb65d9f5819707318cd1c8 e06349ff73873cddf1403fe5bf8023ea5ac7de77a212ab5eaac8a017c9b0aa09 f0144b303437409c0a219d8da4deb7df65993b45ddf78e90152f07a1c4968120 23 1780066786]
# of transactions: 200
# of TXmig1s: 128
# of In1s: 172
# of Anns: 0
# of NSs: 0
blockHash: 
296e9859231978c31b29b4be2baad09977ea4e423749cd0f1d3538d457531edb

第23个块开始准备relay

[Propose wait] S0 N0 spin=1 epoch=24 now=1780066786 InitTime=1780066738 lastpropose=1780066786 wallGap=48 need>=46 ok1=true lastGap=0 need>=2 ok2=false

第23个块结束relay

[handleTxFromClient] S0 N0 recv client batch, tx_count=648
[handleTxFromClient] S0 N0 append to Tx_pool.Queue: local_queued=648 forward_other_shard=0 Queue_total_len=3835

本节点已接收到分片S1发来的迁移请求 
10000000000000000000000136403428768805872

[Propose wait] S0 N0 spin=50 epoch=24 now=1780066787 InitTime=1780066738 lastpropose=1780066786 wallGap=49 need>=46 ok1=true lastGap=1 need>=2 ok2=false
[Propose] S0 N0 时间条件满足: epoch=24->25 now=1780066788 InitTime=1780066738 lastpropose=1780066786 wallGap=50>=46 lastGap=2>=2 → propose1
[Propose] S0 N0 等待 sequenceLock…
[Propose] S0 N0 已持有 sequenceLock，seqID=24 即将 propose1
[propose1] S0 N0 seq=24 Tx_pool.Queue_len=3835
left_count: 200
更新树花时间为: 59
写数据库IO花时间为: 75
编号为 24 的区块已加入本地区块链！curBlock: 
blockHeader: 
[296e9859231978c31b29b4be2baad09977ea4e423749cd0f1d3538d457531edb b63854627145a143bda8b9f2537a790ad4c547db0a138c10c48ba52ce41c12e1 17a6c7c0f06bf603429d9845229c216bd374f93f5a85961fe912f8a3cbb7a114 24 1780066788]
# of transactions: 200
# of TXmig1s: 0
# of In1s: 300
# of Anns: 0
# of NSs: 0
blockHash: 
8b769b0d793a527b65906b43898381cf46a498122e7b93a48f028f8e275b38d0

第24个块开始准备relay

[Propose wait] S0 N0 spin=1 epoch=25 now=1780066788 InitTime=1780066738 lastpropose=1780066788 wallGap=50 need>=48 ok1=true lastGap=0 need>=2 ok2=false

第24个块结束relay

[handleTxFromClient] S0 N0 recv client batch, tx_count=501
[handleTxFromClient] S0 N0 append to Tx_pool.Queue: local_queued=501 forward_other_shard=0 Queue_total_len=4150

本节点已接收到分片S1发来的迁移请求 
10000000000000000000001001276038599367400

[Propose wait] S0 N0 spin=50 epoch=25 now=1780066789 InitTime=1780066738 lastpropose=1780066788 wallGap=51 need>=48 ok1=true lastGap=1 need>=2 ok2=false
本节点已接收到分片S1发来通知 
1
2
3
[Propose] S0 N0 时间条件满足: epoch=25->26 now=1780066790 InitTime=1780066738 lastpropose=1780066788 wallGap=52>=48 lastGap=2>=2 → propose1
[Propose] S0 N0 等待 sequenceLock…
[Propose] S0 N0 已持有 sequenceLock，seqID=25 即将 propose1
[propose1] S0 N0 seq=25 Tx_pool.Queue_len=4150
left_count: 200
更新树花时间为: 43
写数据库IO花时间为: 58
编号为 25 的区块已加入本地区块链！curBlock: 
blockHeader: 
[8b769b0d793a527b65906b43898381cf46a498122e7b93a48f028f8e275b38d0 fc095a0676e57ebe9a6fe0665e090836c97b0369a66aaaca62583d9ae33723ee 3ab0350c8eac0cbe78948d659af9a672808b6af0b47839e862f2e2994bc65e68 25 1780066790]
# of transactions: 200
# of TXmig1s: 0
# of In1s: 176
# of Anns: 124
# of NSs: 0
blockHash: 
bc2e7e9f79e6de6eb08c132133a863621e047f8c84a4396a32c1f281d65848e6
handleAnns时是第25个块

handleannounce交易池操作时差为：5069
handleannounce两锁时差为：5069


第25个块开始准备relay

[Propose wait] S0 N0 spin=1 epoch=26 now=1780066790 InitTime=1780066738 lastpropose=1780066790 wallGap=52 need>=50 ok1=true lastGap=0 need>=2 ok2=false
时间：52206  正在向分片S1的主节点发送新
本节点已将不变的账户数量发送到client


第25个块结束relay

[handleTxFromClient] S0 N0 recv client batch, tx_count=594
[handleTxFromClient] S0 N0 append to Tx_pool.Queue: local_queued=594 forward_other_shard=0 Queue_total_len=4432
[Propose wait] S0 N0 spin=50 epoch=26 now=1780066791 InitTime=1780066738 lastpropose=1780066790 wallGap=53 need>=50 ok1=true lastGap=1 need>=2 ok2=false
时间：1780066791680  本节点已接收到新
本节点已将迁移过来的pending交易的账户数量发送到client

[Propose] S0 N0 时间条件满足: epoch=26->27 now=1780066792 InitTime=1780066738 lastpropose=1780066790 wallGap=54>=50 lastGap=2>=2 → propose1
[Propose] S0 N0 等待 sequenceLock…
[Propose] S0 N0 已持有 sequenceLock，seqID=26 即将 propose1
[propose1] S0 N0 seq=26 Tx_pool.Queue_len=4480
left_count: 258
更新树花时间为: 47
写数据库IO花时间为: 89
编号为 26 的区块已加入本地区块链！curBlock: 
blockHeader: 
[bc2e7e9f79e6de6eb08c132133a863621e047f8c84a4396a32c1f281d65848e6 cdd35adf98d02ade1b1f2abdde8cd61dfce426f66a16330d68a3bd590fae5c2b a60c4a82ecbf6d624eb3df741ac9bfc4d28b2655851d4665a713c6505bf1bd85 26 1780066792]
# of transactions: 258
# of TXmig1s: 0
# of In1s: 0
# of Anns: 128
# of NSs: 114
blockHash: 
cd321771495c2e6a204b6f7bd2c4e55f89ad1adcf692c45c479fb491e4de08b4
handleAnns时是第26个块

handleannounce交易池操作时差为：1587
handleannounce两锁时差为：2111


第26个块开始准备relay

[Propose wait] S0 N0 spin=1 epoch=27 now=1780066792 InitTime=1780066738 lastpropose=1780066792 wallGap=54 need>=52 ok1=true lastGap=0 need>=2 ok2=false

第26个块结束relay

本节点已接收到分片S1发来通知 
1
2
3
时间：54646  正在向分片S1的主节点发送新
本节点已将不变的账户数量发送到client

[Propose wait] S0 N0 spin=50 epoch=27 now=1780066793 InitTime=1780066738 lastpropose=1780066792 wallGap=55 need>=52 ok1=true lastGap=1 need>=2 ok2=false
[Propose] S0 N0 时间条件满足: epoch=27->28 now=1780066794 InitTime=1780066738 lastpropose=1780066792 wallGap=56>=52 lastGap=2>=2 → propose1
[Propose] S0 N0 等待 sequenceLock…
[Propose] S0 N0 已持有 sequenceLock，seqID=27 即将 propose1
[propose1] S0 N0 seq=27 Tx_pool.Queue_len=4176
left_count: 324
更新树花时间为: 64
写数据库IO花时间为: 82
编号为 27 的区块已加入本地区块链！curBlock: 
blockHeader: 
[cd321771495c2e6a204b6f7bd2c4e55f89ad1adcf692c45c479fb491e4de08b4 5f2901e06ff657a82a7e4e1e53721a598bb746fb2fe44b6877dc11c42052349e bcbfcf8495a5687a74df25f62137b0f4c40c895914185202949667a27930afb9 27 1780066794]
# of transactions: 324
# of TXmig1s: 0
# of In1s: 0
# of Anns: 176
# of NSs: 0
blockHash: 
b39d03b5b26045812daf3ad0d22872de879e02fa8d92907f25a278804ff342d7
handleAnns时是第27个块

handleannounce交易池操作时差为：4990
handleannounce两锁时差为：4990


第27个块开始准备relay

[Propose wait] S0 N0 spin=1 epoch=28 now=1780066794 InitTime=1780066738 lastpropose=1780066794 wallGap=56 need>=54 ok1=true lastGap=0 need>=2 ok2=false
时间：1780066794244  本节点已接收到新
本节点已将迁移过来的pending交易的账户数量发送到client

时间：56295  正在向分片S1的主节点发送新
本节点已将不变的账户数量发送到client


第27个块结束relay

时间：1780066795109  本节点已接收到新
本节点已将迁移过来的pending交易的账户数量发送到client

[Propose wait] S0 N0 spin=50 epoch=28 now=1780066795 InitTime=1780066738 lastpropose=1780066794 wallGap=57 need>=54 ok1=true lastGap=1 need>=2 ok2=false
[Propose] S0 N0 时间条件满足: epoch=28->29 now=1780066796 InitTime=1780066738 lastpropose=1780066794 wallGap=58>=54 lastGap=2>=2 → propose1
[Propose] S0 N0 等待 sequenceLock…
[Propose] S0 N0 已持有 sequenceLock，seqID=28 即将 propose1
[propose1] S0 N0 seq=28 Tx_pool.Queue_len=3998
left_count: 354
更新树花时间为: 76
写数据库IO花时间为: 124
编号为 28 的区块已加入本地区块链！curBlock: 
blockHeader: 
[b39d03b5b26045812daf3ad0d22872de879e02fa8d92907f25a278804ff342d7 6bb5cf9e118d4ee1f79e38c78f6156b2d51387e36f3f6954520bade14e8d2505 51f31a9cd2e908440e630acc7c362a75617bf94c781cea2914c20c04c0fb8dfb 28 1780066796]
# of transactions: 354
# of TXmig1s: 0
# of In1s: 0
# of Anns: 0
# of NSs: 146
blockHash: 
4f3847e6fbe689682867ad4a39c08e732eb1bcd0b634768aa9592477cef3db8a

第28个块开始准备relay

[Propose wait] S0 N0 spin=1 epoch=29 now=1780066796 InitTime=1780066738 lastpropose=1780066796 wallGap=58 need>=56 ok1=true lastGap=0 need>=2 ok2=false

第28个块结束relay

[Propose wait] S0 N0 spin=50 epoch=29 now=1780066797 InitTime=1780066738 lastpropose=1780066796 wallGap=59 need>=56 ok1=true lastGap=1 need>=2 ok2=false
[Propose] S0 N0 时间条件满足: epoch=29->30 now=1780066798 InitTime=1780066738 lastpropose=1780066796 wallGap=60>=56 lastGap=2>=2 → propose1
[Propose] S0 N0 等待 sequenceLock…
[Propose] S0 N0 已持有 sequenceLock，seqID=29 即将 propose1
[propose1] S0 N0 seq=29 Tx_pool.Queue_len=3755
left_count: 500
更新树花时间为: 74
写数据库IO花时间为: 85
编号为 29 的区块已加入本地区块链！curBlock: 
blockHeader: 
[4f3847e6fbe689682867ad4a39c08e732eb1bcd0b634768aa9592477cef3db8a 82f147075e604d918193db18891210b1e546dda950f7ece713cfccd565a38f1e 2f1c77fd1554b98bfee6746377f0eb75bc07968c31cbcf5e23002f9a662531e3 29 1780066798]
# of transactions: 500
# of TXmig1s: 0
# of In1s: 0
# of Anns: 0
# of NSs: 0
blockHash: 
b1e43886939b74f6d78549bf2b069ce27c7d59f2513bbc880f97e5b314a3d916

第29个块开始准备relay

[Propose wait] S0 N0 spin=1 epoch=30 now=1780066798 InitTime=1780066738 lastpropose=1780066798 wallGap=60 need>=58 ok1=true lastGap=0 need>=2 ok2=false

第29个块结束relay

[Propose wait] S0 N0 spin=50 epoch=30 now=1780066799 InitTime=1780066738 lastpropose=1780066798 wallGap=61 need>=58 ok1=true lastGap=1 need>=2 ok2=false
[Propose] S0 N0 时间条件满足: epoch=30->31 now=1780066800 InitTime=1780066738 lastpropose=1780066798 wallGap=62>=58 lastGap=2>=2 → propose1
[Propose] S0 N0 等待 sequenceLock…
[Propose] S0 N0 已持有 sequenceLock，seqID=30 即将 propose1
[propose1] S0 N0 seq=30 Tx_pool.Queue_len=3409
left_count: 500
更新树花时间为: 88
写数据库IO花时间为: 93
编号为 30 的区块已加入本地区块链！curBlock: 
blockHeader: 
[b1e43886939b74f6d78549bf2b069ce27c7d59f2513bbc880f97e5b314a3d916 d1839849b5c0432af31a354f2ecd2999458986cd82494f9f268d5270bc8f5542 3f6837f0eb750ee1a6c15271c35fed647be934ec3d8b1ee483f964cb77b98e09 30 1780066800]
# of transactions: 500
# of TXmig1s: 0
# of In1s: 0
# of Anns: 0
# of NSs: 0
blockHash: 
d8ce7ff06a611eb9396f86f7031cfbfb7ef8ceceac377ad72a080b5cd122f00f

第30个块开始准备relay

[Propose wait] S0 N0 spin=1 epoch=31 now=1780066800 InitTime=1780066738 lastpropose=1780066800 wallGap=62 need>=60 ok1=true lastGap=0 need>=2 ok2=false

第30个块结束relay

[Propose wait] S0 N0 spin=50 epoch=31 now=1780066801 InitTime=1780066738 lastpropose=1780066800 wallGap=63 need>=60 ok1=true lastGap=1 need>=2 ok2=false
[Propose] S0 N0 时间条件满足: epoch=31->32 now=1780066802 InitTime=1780066738 lastpropose=1780066800 wallGap=64>=60 lastGap=2>=2 → propose1
[Propose] S0 N0 等待 sequenceLock…
[Propose] S0 N0 已持有 sequenceLock，seqID=31 即将 propose1
[propose1] S0 N0 seq=31 Tx_pool.Queue_len=2996
left_count: 500
更新树花时间为: 75
写数据库IO花时间为: 85
编号为 31 的区块已加入本地区块链！curBlock: 
blockHeader: 
[d8ce7ff06a611eb9396f86f7031cfbfb7ef8ceceac377ad72a080b5cd122f00f 71d3f4fd7bd5a8660d229a42ee476230086ca456bb2a47bade339ff899cd40c9 3a72a01bfa34e745f66a77c37249548d5e78911b888ede4abf3961d28e617332 31 1780066802]
# of transactions: 500
# of TXmig1s: 0
# of In1s: 0
# of Anns: 0
# of NSs: 0
blockHash: 
f4181e4e55dd8a614e66f8dd1f45797040e05e5802cb49921f38876f5d2b7d02

第31个块开始准备relay

[Propose wait] S0 N0 spin=1 epoch=32 now=1780066802 InitTime=1780066738 lastpropose=1780066802 wallGap=64 need>=62 ok1=true lastGap=0 need>=2 ok2=false

第31个块结束relay

[Propose wait] S0 N0 spin=50 epoch=32 now=1780066803 InitTime=1780066738 lastpropose=1780066802 wallGap=65 need>=62 ok1=true lastGap=1 need>=2 ok2=false
[Propose] S0 N0 时间条件满足: epoch=32->33 now=1780066804 InitTime=1780066738 lastpropose=1780066802 wallGap=66>=62 lastGap=2>=2 → propose1
[Propose] S0 N0 等待 sequenceLock…
[Propose] S0 N0 已持有 sequenceLock，seqID=32 即将 propose1
[propose1] S0 N0 seq=32 Tx_pool.Queue_len=2496
left_count: 500
更新树花时间为: 64
写数据库IO花时间为: 71
编号为 32 的区块已加入本地区块链！curBlock: 
blockHeader: 
[f4181e4e55dd8a614e66f8dd1f45797040e05e5802cb49921f38876f5d2b7d02 70d883fbe3669e3638f992396f2a8b289e51841b0ec0927295656467e9ad43c7 232036c4f7672af01de053ddbe851cabba3b1d29174122f57a4145c487234653 32 1780066804]
# of transactions: 500
# of TXmig1s: 0
# of In1s: 0
# of Anns: 0
# of NSs: 0
blockHash: 
ebe48794a7f4f525b5ce33f8205cc5e3da7f51086c9665fa1ed1c2a920b2f8e4

第32个块开始准备relay

[Propose wait] S0 N0 spin=1 epoch=33 now=1780066804 InitTime=1780066738 lastpropose=1780066804 wallGap=66 need>=64 ok1=true lastGap=0 need>=2 ok2=false

第32个块结束relay

[Propose wait] S0 N0 spin=50 epoch=33 now=1780066805 InitTime=1780066738 lastpropose=1780066804 wallGap=67 need>=64 ok1=true lastGap=1 need>=2 ok2=false
[Propose] S0 N0 时间条件满足: epoch=33->34 now=1780066806 InitTime=1780066738 lastpropose=1780066804 wallGap=68>=64 lastGap=2>=2 → propose1
[Propose] S0 N0 等待 sequenceLock…
[Propose] S0 N0 已持有 sequenceLock，seqID=33 即将 propose1
[propose1] S0 N0 seq=33 Tx_pool.Queue_len=1996
left_count: 500
更新树花时间为: 71
写数据库IO花时间为: 88
编号为 33 的区块已加入本地区块链！curBlock: 
blockHeader: 
[ebe48794a7f4f525b5ce33f8205cc5e3da7f51086c9665fa1ed1c2a920b2f8e4 116881e7b6c9209c2fccce29b8b1a06649db9e5e1d3ac4de7673dabf570fab01 5fc6e3281cd6be7a1935ebcb521c67cba8a3a0ab960ef7382e980e7d3edc7d7e 33 1780066806]
# of transactions: 500
# of TXmig1s: 0
# of In1s: 0
# of Anns: 0
# of NSs: 0
blockHash: 
336c576e071f561c89737431f5f55e8005951880970aa0987110a4d9125649f1

第33个块开始准备relay

[Propose wait] S0 N0 spin=1 epoch=34 now=1780066806 InitTime=1780066738 lastpropose=1780066806 wallGap=68 need>=66 ok1=true lastGap=0 need>=2 ok2=false

第33个块结束relay

[Propose wait] S0 N0 spin=50 epoch=34 now=1780066807 InitTime=1780066738 lastpropose=1780066806 wallGap=69 need>=66 ok1=true lastGap=1 need>=2 ok2=false
[Propose] S0 N0 时间条件满足: epoch=34->35 now=1780066808 InitTime=1780066738 lastpropose=1780066806 wallGap=70>=66 lastGap=2>=2 → propose1
[Propose] S0 N0 等待 sequenceLock…
[Propose] S0 N0 已持有 sequenceLock，seqID=34 即将 propose1
[propose1] S0 N0 seq=34 Tx_pool.Queue_len=1496
left_count: 500
更新树花时间为: 83
写数据库IO花时间为: 90
编号为 34 的区块已加入本地区块链！curBlock: 
blockHeader: 
[336c576e071f561c89737431f5f55e8005951880970aa0987110a4d9125649f1 bab3a62dc6a3abd702d7961cbe55dfe49c7ba48b12d13700f15bc93244c1d2b1 e4fa29275a25d39aff193089284b7b19ec99c81e3e98a15525519d597a37edd9 34 1780066808]
# of transactions: 500
# of TXmig1s: 0
# of In1s: 0
# of Anns: 0
# of NSs: 0
blockHash: 
7459e9a79698cdaeb7a183d3703adf845e54e6fd1616705bc3066a14dc14f410

第34个块开始准备relay

[Propose wait] S0 N0 spin=1 epoch=35 now=1780066808 InitTime=1780066738 lastpropose=1780066808 wallGap=70 need>=68 ok1=true lastGap=0 need>=2 ok2=false

第34个块结束relay

[Propose wait] S0 N0 spin=50 epoch=35 now=1780066809 InitTime=1780066738 lastpropose=1780066808 wallGap=71 need>=68 ok1=true lastGap=1 need>=2 ok2=false
[Propose] S0 N0 时间条件满足: epoch=35->36 now=1780066810 InitTime=1780066738 lastpropose=1780066808 wallGap=72>=68 lastGap=2>=2 → propose1
[Propose] S0 N0 等待 sequenceLock…
[Propose] S0 N0 已持有 sequenceLock，seqID=35 即将 propose1
[propose1] S0 N0 seq=35 Tx_pool.Queue_len=996
left_count: 500
更新树花时间为: 53
写数据库IO花时间为: 58
编号为 35 的区块已加入本地区块链！curBlock: 
blockHeader: 
[7459e9a79698cdaeb7a183d3703adf845e54e6fd1616705bc3066a14dc14f410 4b8b39d6897918a44315e24e051d49bf178c4c0f8e6d03f755c9c874c1481546 992f0eeceec94698d0590b277884a4b63c94b49061eb1d7b4ebde237a8dc5185 35 1780066810]
# of transactions: 500
# of TXmig1s: 0
# of In1s: 0
# of Anns: 0
# of NSs: 0
blockHash: 
659a4f7b7cc56e81e919e0d05910bd0cc84e851fed4bf7ce27a8e417c8fc43b1

第35个块开始准备relay

[Propose wait] S0 N0 spin=1 epoch=36 now=1780066810 InitTime=1780066738 lastpropose=1780066810 wallGap=72 need>=70 ok1=true lastGap=0 need>=2 ok2=false

第35个块结束relay

[Propose wait] S0 N0 spin=50 epoch=36 now=1780066811 InitTime=1780066738 lastpropose=1780066810 wallGap=73 need>=70 ok1=true lastGap=1 need>=2 ok2=false
[Propose] S0 N0 时间条件满足: epoch=36->37 now=1780066812 InitTime=1780066738 lastpropose=1780066810 wallGap=74>=70 lastGap=2>=2 → propose1
[Propose] S0 N0 等待 sequenceLock…
[Propose] S0 N0 已持有 sequenceLock，seqID=36 即将 propose1
[propose1] S0 N0 seq=36 Tx_pool.Queue_len=496
left_count: 500
更新树花时间为: 48
写数据库IO花时间为: 56
编号为 36 的区块已加入本地区块链！curBlock: 
blockHeader: 
[659a4f7b7cc56e81e919e0d05910bd0cc84e851fed4bf7ce27a8e417c8fc43b1 92375f8da9caa7ca942f4d377292e1ebb8366928f3da44972d56732ee7971558 1c9f7b728b50cdc45be2f36a049cc93d7f69e42235c9576a31d0435acb27b42f 36 1780066812]
# of transactions: 496
# of TXmig1s: 0
# of In1s: 0
# of Anns: 0
# of NSs: 0
blockHash: 
342312b6f1b2d330ee078882ae3308476daf38be0bddc2938b5ab2e0c95885f3

第36个块开始准备relay

[Propose wait] S0 N0 spin=1 epoch=37 now=1780066812 InitTime=1780066738 lastpropose=1780066812 wallGap=74 need>=72 ok1=true lastGap=0 need>=2 ok2=false

第36个块结束relay

[Propose wait] S0 N0 spin=50 epoch=37 now=1780066813 InitTime=1780066738 lastpropose=1780066812 wallGap=75 need>=72 ok1=true lastGap=1 need>=2 ok2=false
[Propose] S0 N0 时间条件满足: epoch=37->38 now=1780066814 InitTime=1780066738 lastpropose=1780066812 wallGap=76>=72 lastGap=2>=2 → propose1
[Propose] S0 N0 等待 sequenceLock…
[Propose] S0 N0 已持有 sequenceLock，seqID=37 即将 propose1
[propose1] S0 N0 seq=37 Tx_pool.Queue_len=0
left_count: 500
更新树花时间为: 1
写数据库IO花时间为: 17
编号为 37 的区块已加入本地区块链！curBlock: 
blockHeader: 
[342312b6f1b2d330ee078882ae3308476daf38be0bddc2938b5ab2e0c95885f3 92375f8da9caa7ca942f4d377292e1ebb8366928f3da44972d56732ee7971558 56e81f171bcc55a6ff8345e692c0f86e5b48e01b996cadc001622fb5e363b421 37 1780066814]
# of transactions: 0
# of TXmig1s: 0
# of In1s: 0
# of Anns: 0
# of NSs: 0
blockHash: 
2794c45e203cd3cf0798d787c30a4ea306443eafeb9370af6aeb4f1befa92289
[Propose wait] S0 N0 spin=1 epoch=38 now=1780066814 InitTime=1780066738 lastpropose=1780066814 wallGap=76 need>=74 ok1=true lastGap=0 need>=2 ok2=false
[Propose wait] S0 N0 spin=50 epoch=38 now=1780066815 InitTime=1780066738 lastpropose=1780066814 wallGap=77 need>=74 ok1=true lastGap=1 need>=2 ok2=false
[Propose] S0 N0 时间条件满足: epoch=38->39 now=1780066816 InitTime=1780066738 lastpropose=1780066814 wallGap=78>=74 lastGap=2>=2 → propose1
[Propose] S0 N0 等待 sequenceLock…
[Propose] S0 N0 已持有 sequenceLock，seqID=38 即将 propose1
[propose1] S0 N0 seq=38 Tx_pool.Queue_len=0
left_count: 500
更新树花时间为: 0
写数据库IO花时间为: 18
编号为 38 的区块已加入本地区块链！curBlock: 
blockHeader: 
[2794c45e203cd3cf0798d787c30a4ea306443eafeb9370af6aeb4f1befa92289 92375f8da9caa7ca942f4d377292e1ebb8366928f3da44972d56732ee7971558 56e81f171bcc55a6ff8345e692c0f86e5b48e01b996cadc001622fb5e363b421 38 1780066816]
# of transactions: 0
# of TXmig1s: 0
# of In1s: 0
# of Anns: 0
# of NSs: 0
blockHash: 
9dcc8efa396e10e21edda2cc5f3b3ae1ae7459d84ea09a6b7d447e6f85a95c55
[Propose wait] S0 N0 spin=1 epoch=39 now=1780066816 InitTime=1780066738 lastpropose=1780066816 wallGap=78 need>=76 ok1=true lastGap=0 need>=2 ok2=false
[Propose wait] S0 N0 spin=50 epoch=39 now=1780066817 InitTime=1780066738 lastpropose=1780066816 wallGap=79 need>=76 ok1=true lastGap=1 need>=2 ok2=false
[Propose] S0 N0 时间条件满足: epoch=39->40 now=1780066818 InitTime=1780066738 lastpropose=1780066816 wallGap=80>=76 lastGap=2>=2 → propose1
[Propose] S0 N0 等待 sequenceLock…
[Propose] S0 N0 已持有 sequenceLock，seqID=39 即将 propose1
[propose1] S0 N0 seq=39 Tx_pool.Queue_len=0
left_count: 500
更新树花时间为: 0
写数据库IO花时间为: 10
编号为 39 的区块已加入本地区块链！curBlock: 
blockHeader: 
[9dcc8efa396e10e21edda2cc5f3b3ae1ae7459d84ea09a6b7d447e6f85a95c55 92375f8da9caa7ca942f4d377292e1ebb8366928f3da44972d56732ee7971558 56e81f171bcc55a6ff8345e692c0f86e5b48e01b996cadc001622fb5e363b421 39 1780066818]
# of transactions: 0
# of TXmig1s: 0
# of In1s: 0
# of Anns: 0
# of NSs: 0
blockHash: 
0e8145b328ffc8643cee065a2eb9b93fb2058ff19b234725d4a982cbac1168c0
[Propose wait] S0 N0 spin=1 epoch=40 now=1780066818 InitTime=1780066738 lastpropose=1780066818 wallGap=80 need>=78 ok1=true lastGap=0 need>=2 ok2=false
[Propose wait] S0 N0 spin=50 epoch=40 now=1780066819 InitTime=1780066738 lastpropose=1780066818 wallGap=81 need>=78 ok1=true lastGap=1 need>=2 ok2=false
[Propose] S0 N0 时间条件满足: epoch=40->41 now=1780066820 InitTime=1780066738 lastpropose=1780066818 wallGap=82>=78 lastGap=2>=2 → propose1
[Propose] S0 N0 等待 sequenceLock…
[Propose] S0 N0 已持有 sequenceLock，seqID=40 即将 propose1
[propose1] S0 N0 seq=40 Tx_pool.Queue_len=0
left_count: 500
更新树花时间为: 0
写数据库IO花时间为: 25
编号为 40 的区块已加入本地区块链！curBlock: 
blockHeader: 
[0e8145b328ffc8643cee065a2eb9b93fb2058ff19b234725d4a982cbac1168c0 92375f8da9caa7ca942f4d377292e1ebb8366928f3da44972d56732ee7971558 56e81f171bcc55a6ff8345e692c0f86e5b48e01b996cadc001622fb5e363b421 40 1780066820]
# of transactions: 0
# of TXmig1s: 0
# of In1s: 0
# of Anns: 0
# of NSs: 0
blockHash: 
ccc60ed877f5afe505aead419057d6e45f7db00b7610a74770bfb221803d3c80
[Propose wait] S0 N0 spin=1 epoch=41 now=1780066820 InitTime=1780066738 lastpropose=1780066820 wallGap=82 need>=80 ok1=true lastGap=0 need>=2 ok2=false
[Propose wait] S0 N0 spin=50 epoch=41 now=1780066821 InitTime=1780066738 lastpropose=1780066820 wallGap=83 need>=80 ok1=true lastGap=1 need>=2 ok2=false
[Propose] S0 N0 时间条件满足: epoch=41->42 now=1780066822 InitTime=1780066738 lastpropose=1780066820 wallGap=84>=80 lastGap=2>=2 → propose1
[Propose] S0 N0 等待 sequenceLock…
[Propose] S0 N0 已持有 sequenceLock，seqID=41 即将 propose1
[propose1] S0 N0 seq=41 Tx_pool.Queue_len=0
left_count: 500
更新树花时间为: 0
写数据库IO花时间为: 16
编号为 41 的区块已加入本地区块链！curBlock: 
blockHeader: 
[ccc60ed877f5afe505aead419057d6e45f7db00b7610a74770bfb221803d3c80 92375f8da9caa7ca942f4d377292e1ebb8366928f3da44972d56732ee7971558 56e81f171bcc55a6ff8345e692c0f86e5b48e01b996cadc001622fb5e363b421 41 1780066822]
# of transactions: 0
# of TXmig1s: 0
# of In1s: 0
# of Anns: 0
# of NSs: 0
blockHash: 
06e001dd8b21880e352599480c2f3a40925db47b2dd4acea9cf30ede1ca85827
[Propose wait] S0 N0 spin=1 epoch=42 now=1780066822 InitTime=1780066738 lastpropose=1780066822 wallGap=84 need>=82 ok1=true lastGap=0 need>=2 ok2=false
[Propose wait] S0 N0 spin=50 epoch=42 now=1780066823 InitTime=1780066738 lastpropose=1780066822 wallGap=85 need>=82 ok1=true lastGap=1 need>=2 ok2=false
[Propose] S0 N0 时间条件满足: epoch=42->43 now=1780066824 InitTime=1780066738 lastpropose=1780066822 wallGap=86>=82 lastGap=2>=2 → propose1
[Propose] S0 N0 等待 sequenceLock…
[Propose] S0 N0 已持有 sequenceLock，seqID=42 即将 propose1
[propose1] S0 N0 seq=42 Tx_pool.Queue_len=0
left_count: 500
更新树花时间为: 0
写数据库IO花时间为: 5
编号为 42 的区块已加入本地区块链！curBlock: 
blockHeader: 
[06e001dd8b21880e352599480c2f3a40925db47b2dd4acea9cf30ede1ca85827 92375f8da9caa7ca942f4d377292e1ebb8366928f3da44972d56732ee7971558 56e81f171bcc55a6ff8345e692c0f86e5b48e01b996cadc001622fb5e363b421 42 1780066824]
# of transactions: 0
# of TXmig1s: 0
# of In1s: 0
# of Anns: 0
# of NSs: 0
blockHash: 
187a7d015d076e6c334b46d7e3d617c68af32173c3a4982f66f4a4bccd95568c
[Propose wait] S0 N0 spin=1 epoch=43 now=1780066824 InitTime=1780066738 lastpropose=1780066824 wallGap=86 need>=84 ok1=true lastGap=0 need>=2 ok2=false
节点收到终止节点消息，停止运行
