MigrationStrategy=MVSS-Delta (Stop=false Lock=false NotLock=true)
SyncProbe enabled maxAccounts=3 delayMs=0 account="" (MVSS=true)
客户端开启监听，地址：127.0.0.1:8800
MVSS测试格式文件 selectedTxs_300K.csv
300K交易处理 [   0x147184ef469ce9bba3d08af16f0b6d31cac35ac8 0x695055f1ea55c36ec7e3bd43d1736511ac8dab61  0 0 110000000000000000000         ]
300K交易处理 [   0x32be343b94f860124dc4fee278fdcbd38c102d88 0x06c69f734a0240cb31678412f04eb0ce8f39258b  0 0 49990000000000000000         ]
300K交易处理 [   0x5410c4c59a719eef345869c204ec8dcac2dfd718 0xa795b4ddbf17570f2c8f5e75a13ef94db6757f32  0 0 100094510999899995340         ]
成功读取 299999 笔交易
[RunClient] InjectStartTx=0 MaxInjectTxs=20000，实际注入区间=[0,20000)，共 20000 笔交易
客户端发送初始时间：1780552188
客户端发送初始时间：1780552188
客户端发送初始时间：1780552188
客户端发送初始时间：1780552188

所有迁移都完成啦！
距离下一次迁移长度：40

所有迁移都完成啦！
距离下一次迁移长度：39

所有迁移都完成啦！
距离下一次迁移长度：38

所有迁移都完成啦！
距离下一次迁移长度：37

所有迁移都完成啦！
距离下一次迁移长度：36

所有迁移都完成啦！
距离下一次迁移长度：35

所有迁移都完成啦！
距离下一次迁移长度：34

所有迁移都完成啦！
距离下一次迁移长度：33

所有迁移都完成啦！
距离下一次迁移长度：32

所有迁移都完成啦！
距离下一次迁移长度：31

所有迁移都完成啦！
距离下一次迁移长度：30

所有迁移都完成啦！
距离下一次迁移长度：29

所有迁移都完成啦！
距离下一次迁移长度：28

所有迁移都完成啦！
距离下一次迁移长度：27

所有迁移都完成啦！
距离下一次迁移长度：26

所有迁移都完成啦！
距离下一次迁移长度：25

所有迁移都完成啦！
距离下一次迁移长度：24

所有迁移都完成啦！
距离下一次迁移长度：23

所有迁移都完成啦！
距离下一次迁移长度：22

所有迁移都完成啦！
距离下一次迁移长度：21

所有迁移都完成啦！
距离下一次迁移长度：20

所有迁移都完成啦！
距离下一次迁移长度：19

所有迁移都完成啦！
距离下一次迁移长度：18

所有迁移都完成啦！
距离下一次迁移长度：17

所有迁移都完成啦！
距离下一次迁移长度：16

所有迁移都完成啦！
距离下一次迁移长度：15

所有迁移都完成啦！
距离下一次迁移长度：14

所有迁移都完成啦！
距离下一次迁移长度：13

所有迁移都完成啦！
距离下一次迁移长度：12

所有迁移都完成啦！
距离下一次迁移长度：11

所有迁移都完成啦！
距离下一次迁移长度：10

所有迁移都完成啦！
距离下一次迁移长度：9

所有迁移都完成啦！
距离下一次迁移长度：8

所有迁移都完成啦！
距离下一次迁移长度：7

所有迁移都完成啦！
距离下一次迁移长度：6

所有迁移都完成啦！
距离下一次迁移长度：5

所有迁移都完成啦！
距离下一次迁移长度：4

所有迁移都完成啦！
距离下一次迁移长度：3

所有迁移都完成啦！
距离下一次迁移长度：2

所有迁移都完成啦！
距离下一次迁移长度：1

所有迁移都完成啦！
距离下一次迁移长度：0


 每个分片出20啦！ 
正在向分片S0的主节点发送MigrateWanted消息
正在向分片S1的主节点发送MigrateWanted消息
距离下一次迁移长度：-1

所有分片都发送了pending！

[SyncProbe] 本轮迁出探针账户数=3（最多 3）
[SyncProbe] PhaseA addr=f341cafc9ba3d91ef98c9ef811170c1c5f1ef28e shard=S0 ids=9000000001,9000000003 recv=7e9ccf7ac9a570597a9a7a7e4dcf801640e15c94 RequestTime=1
[SyncProbe] PhaseA addr=96904d8c1f1c88dfb6cfba916396bf4beabcf454 shard=S0 ids=9000000011,9000000013 recv=fb77d318eddc4a1baff61f7770f10f19e35c842a RequestTime=1
[SyncProbe] PhaseA addr=9e9ff119553d7ad5d40d1cd4c39aba4901955470 shard=S0 ids=9000000021,9000000023 recv=391bfe39ede70b9391c6b4702dd8737b902eddfc RequestTime=1
[SyncProbe] PhaseA 已同步发送，等待入池 800ms 后再下发 NewMap

次数：1  时间：45
正在向分片S0的主节点发送新的映射
正在向分片S1的主节点发送新的映射
[SyncProbe] PhaseB 将于 NewMap 后 6s 触发（真实 tx2→目标片）
距离下一次迁移长度：-2

距离下一次迁移长度：-3

距离下一次迁移长度：-4

距离下一次迁移长度：-5

client已接收到分片S0发来cAnnounce通知 
client已接收到分片S1发来cAnnounce通知 
距离下一次迁移长度：-6

距离下一次迁移长度：-7

[SyncProbe] 延迟到期，触发 PhaseB
[SyncProbe] PhaseB addr=f341cafc9ba3d91ef98c9ef811170c1c5f1ef28e src=S0 dst=S1 id=9000000002 recv=346796e5eda0ccca451b711b240661aea7eaea5b RequestTime=1780552239054
[SyncProbe] PhaseB addr=96904d8c1f1c88dfb6cfba916396bf4beabcf454 src=S0 dst=S1 id=9000000012 recv=875813b0fde177f5165177907ffd0ad9ff829d21 RequestTime=1780552239054
[SyncProbe] PhaseB addr=9e9ff119553d7ad5d40d1cd4c39aba4901955470 src=S0 dst=S1 id=9000000022 recv=7d561d8ef1f92cf0aa1922ef869cf1a19267b6e9 RequestTime=1780552239054
[SyncProbe] PhaseB 发送到 S0 的 tx2 数量=3
距离下一次迁移长度：-8

距离下一次迁移长度：-9

client已接收到分片S1发来cAnnounce通知 
client已接收到分片S0发来cAnnounce通知 

注入20000

client已接收到分片S0发来cAnnounce通知 
client已接收到分片S1发来cAnnounce通知 
距离下一次迁移长度：-10

距离下一次迁移长度：-11

距离下一次迁移长度：-12

距离下一次迁移长度：-13

距离下一次迁移长度：-14

距离下一次迁移长度：-15

距离下一次迁移长度：-16

距离下一次迁移长度：-17

距离下一次迁移长度：-18

距离下一次迁移长度：-19

距离下一次迁移长度：-20

距离下一次迁移长度：-21

距离下一次迁移长度：-22

距离下一次迁移长度：-23

距离下一次迁移长度：-24

距离下一次迁移长度：-25

距离下一次迁移长度：-26

距离下一次迁移长度：-27

距离下一次迁移长度：-28

距离下一次迁移长度：-29

距离下一次迁移长度：-30

距离下一次迁移长度：-31

距离下一次迁移长度：-32

距离下一次迁移长度：-33

距离下一次迁移长度：-34

距离下一次迁移长度：-35

距离下一次迁移长度：-36

距离下一次迁移长度：-37

距离下一次迁移长度：-38

距离下一次迁移长度：-39

距离下一次迁移长度：-40

距离下一次迁移长度：-41

距离下一次迁移长度：-42

距离下一次迁移长度：-43

每个活跃分片已连续 5 个空块（inject 已完成），停止系统运行。emptyStreakByShard=map[S0:5 S1:5]
客户端向分片S0的节点N0发送终止运行消息
客户端向分片S0的节点N1发送终止运行消息
客户端向分片S1的节点N0发送终止运行消息
客户端向分片S1的节点N1发送终止运行消息
停止时间：86
