MigrationStrategy=MVSS-Delta (Stop=false Lock=false NotLock=true)
&{77 N0 S0 2 0 selectedTxs_300K.csv 2 500 300 150 150 150 150 1000 10 1 400 20000 0 50000 20 true MVSS-Delta false false true false true false 3 false 8 false false false PageRank false 100 true false false 3 0 0 0  0}
[SyncLog] init ok shard=S0 node=N0 file=./log/S0_sync.csv
交易将由外部客户端发送
节点 N0 已启动，所属分片: S0
[Propose wait-first-tx] S0 N0 seq=1 Queue_len=0，首块等待交易注入后再出块
节点开启监听，地址：127.0.0.1:8010
[Propose wait-first-tx] S0 N0 seq=1 Queue_len=0，首块等待交易注入后再出块
[Propose wait-first-tx] S0 N0 seq=1 Queue_len=0，首块等待交易注入后再出块
[Propose wait-first-tx] S0 N0 seq=1 Queue_len=0，首块等待交易注入后再出块
[Propose wait-first-tx] S0 N0 seq=1 Queue_len=0，首块等待交易注入后再出块
[Propose wait-first-tx] S0 N0 seq=1 Queue_len=0，首块等待交易注入后再出块
[Propose wait-first-tx] S0 N0 seq=1 Queue_len=0，首块等待交易注入后再出块
[Propose wait-first-tx] S0 N0 seq=1 Queue_len=0，首块等待交易注入后再出块
[Propose wait-first-tx] S0 N0 seq=1 Queue_len=0，首块等待交易注入后再出块
[Propose wait-first-tx] S0 N0 seq=1 Queue_len=0，首块等待交易注入后再出块
[Propose wait-first-tx] S0 N0 seq=1 Queue_len=0，首块等待交易注入后再出块
[Propose wait-first-tx] S0 N0 seq=1 Queue_len=0，首块等待交易注入后再出块
[Propose wait-first-tx] S0 N0 seq=1 Queue_len=0，首块等待交易注入后再出块
[Propose wait-first-tx] S0 N0 seq=1 Queue_len=0，首块等待交易注入后再出块
[Propose wait-first-tx] S0 N0 seq=1 Queue_len=0，首块等待交易注入后再出块
[Propose wait-first-tx] S0 N0 seq=1 Queue_len=0，首块等待交易注入后再出块
本节点已接收到客户端发送的初始时间：1780552188（锚定 InitTime=1780552188，已重置 epoch=1）
[Propose wait-first-tx] S0 N0 seq=1 Queue_len=0，首块等待交易注入后再出块
[Propose wait-first-tx] S0 N0 seq=1 Queue_len=0，首块等待交易注入后再出块
[Propose wait-first-tx] S0 N0 seq=1 Queue_len=0，首块等待交易注入后再出块
[Propose wait-first-tx] S0 N0 seq=1 Queue_len=0，首块等待交易注入后再出块
[handleTxFromClient] S0 N0 recv client batch, tx_count=531
[handleTxFromClient] S0 N0 append to Tx_pool.Queue: local_queued=531 forward_other_shard=0 Queue_total_len=531
[Propose wait-first-tx] S0 N0 首块已检测到交易，结束等待，Queue_len=531
[Propose] S0 N0 时间条件满足: epoch=1->2 now=1780552192 InitTime=1780552188 lastpropose=1780552188 wallGap=4>=0 lastGap=4>=2 → propose1
[Propose] S0 N0 等待 sequenceLock…
[Propose] S0 N0 已持有 sequenceLock，seqID=1 即将 propose1
[propose1] S0 N0 seq=1 Tx_pool.Queue_len=531
left_count: 500
更新树花时间为: 45
写数据库IO花时间为: 52
编号为 1 的区块已加入本地区块链！curBlock: 
blockHeader: 
[1add38160db0458a48072f3ade543ffb4af4e9cfdf8f76549b9568e046a6a3ff 8f07b4744f5f025fd87db920d3b66bd9b33a71af217a54a0454e96dfdfa71414 3decd05cd9cd3e13c0e1778cbe99c8a6bf4156398f03c002f562644ec49ab8c8 1 1780552192]
# of transactions: 500
# of TXmig1s: 0
# of In1s: 0
# of Anns: 0
# of NSs: 0
blockHash: 
ab42e026c2c5d8e7d24e49c3a74b181f2b9bf7d063298d990432937ca71238bb

第1个块开始准备relay

[Propose wait] S0 N0 spin=1 epoch=2 now=1780552192 InitTime=1780552188 lastpropose=1780552192 wallGap=4 need>=2 ok1=true lastGap=0 need>=2 ok2=false

第1个块结束relay

[Propose wait] S0 N0 spin=50 epoch=2 now=1780552193 InitTime=1780552188 lastpropose=1780552192 wallGap=5 need>=2 ok1=true lastGap=1 need>=2 ok2=false
[Propose] S0 N0 时间条件满足: epoch=2->3 now=1780552194 InitTime=1780552188 lastpropose=1780552192 wallGap=6>=2 lastGap=2>=2 → propose1
[Propose] S0 N0 等待 sequenceLock…
[Propose] S0 N0 已持有 sequenceLock，seqID=2 即将 propose1
[propose1] S0 N0 seq=2 Tx_pool.Queue_len=175
left_count: 500
[handleTxFromClient] S0 N0 recv client batch, tx_count=528
更新树花时间为: 11
写数据库IO花时间为: 32
编号为 2 的区块已加入本地区块链！curBlock: 
blockHeader: 
[ab42e026c2c5d8e7d24e49c3a74b181f2b9bf7d063298d990432937ca71238bb 0636afdaa32e89d39c34e95159709fe349af318eea9c0ae43718a8c56795bf62 c764bd9b82c27a9e24e91f7692b45bd8a7cc7f082d9dcc4b2dc4281afc2aa1b3 2 1780552194]
# of transactions: 175
# of TXmig1s: 0
# of In1s: 0
# of Anns: 0
# of NSs: 0
blockHash: 
6ef279691c1813dfccb6e324176e967b1851ba0b0a03f527adedba8a9281c697
[handleTxFromClient] S0 N0 append to Tx_pool.Queue: local_queued=528 forward_other_shard=0 Queue_total_len=528

第2个块开始准备relay

[Propose wait] S0 N0 spin=1 epoch=3 now=1780552194 InitTime=1780552188 lastpropose=1780552194 wallGap=6 need>=4 ok1=true lastGap=0 need>=2 ok2=false

第2个块结束relay

[Propose wait] S0 N0 spin=50 epoch=3 now=1780552195 InitTime=1780552188 lastpropose=1780552194 wallGap=7 need>=4 ok1=true lastGap=1 need>=2 ok2=false
[Propose] S0 N0 时间条件满足: epoch=3->4 now=1780552196 InitTime=1780552188 lastpropose=1780552194 wallGap=8>=4 lastGap=2>=2 → propose1
[Propose] S0 N0 等待 sequenceLock…
[Propose] S0 N0 已持有 sequenceLock，seqID=3 即将 propose1
[propose1] S0 N0 seq=3 Tx_pool.Queue_len=528
left_count: 500
[handleTxFromClient] S0 N0 recv client batch, tx_count=623
[handleTxFromClient] S0 N0 append to Tx_pool.Queue: local_queued=623 forward_other_shard=0 Queue_total_len=651
更新树花时间为: 54
写数据库IO花时间为: 67
编号为 3 的区块已加入本地区块链！curBlock: 
blockHeader: 
[6ef279691c1813dfccb6e324176e967b1851ba0b0a03f527adedba8a9281c697 9703e1501648c179eff36a396d097819323e3c6944c758736584105f84babb4e 59844a63da3ffdf375dd4a6bc63e2eddf916d23aa401096d73360ed096901160 3 1780552196]
# of transactions: 500
# of TXmig1s: 0
# of In1s: 0
# of Anns: 0
# of NSs: 0
blockHash: 
d3373941e71e367442486344aeab278eec11bebdbf884726ef5490372d2317bb

第3个块开始准备relay

[Propose wait] S0 N0 spin=1 epoch=4 now=1780552196 InitTime=1780552188 lastpropose=1780552196 wallGap=8 need>=6 ok1=true lastGap=0 need>=2 ok2=false

第3个块结束relay

[Propose wait] S0 N0 spin=50 epoch=4 now=1780552197 InitTime=1780552188 lastpropose=1780552196 wallGap=9 need>=6 ok1=true lastGap=1 need>=2 ok2=false
[Propose] S0 N0 时间条件满足: epoch=4->5 now=1780552198 InitTime=1780552188 lastpropose=1780552196 wallGap=10>=6 lastGap=2>=2 → propose1
[Propose] S0 N0 等待 sequenceLock…
[Propose] S0 N0 已持有 sequenceLock，seqID=4 即将 propose1
[propose1] S0 N0 seq=4 Tx_pool.Queue_len=844
left_count: 500
更新树花时间为: 37
写数据库IO花时间为: 42
编号为 4 的区块已加入本地区块链！curBlock: 
blockHeader: 
[d3373941e71e367442486344aeab278eec11bebdbf884726ef5490372d2317bb 9b038803d2d44b4809a6c43933ca89447014f849ad4d7a2d04d57163a05bc464 af9d0cf14e8c8f3f99065070fa5f0ffafa75acc13cfa7f0e28897d83d40273dc 4 1780552198]
# of transactions: 500
# of TXmig1s: 0
# of In1s: 0
# of Anns: 0
# of NSs: 0
blockHash: 
1001ceda00da5065b04681c5803989cc2d60835d11ac80e42c988986fea0f18a

第4个块开始准备relay

[Propose wait] S0 N0 spin=1 epoch=5 now=1780552198 InitTime=1780552188 lastpropose=1780552198 wallGap=10 need>=8 ok1=true lastGap=0 need>=2 ok2=false
[handleTxFromClient] S0 N0 recv client batch, tx_count=637
[handleTxFromClient] S0 N0 append to Tx_pool.Queue: local_queued=637 forward_other_shard=0 Queue_total_len=981

第4个块结束relay

[Propose wait] S0 N0 spin=50 epoch=5 now=1780552199 InitTime=1780552188 lastpropose=1780552198 wallGap=11 need>=8 ok1=true lastGap=1 need>=2 ok2=false
[Propose] S0 N0 时间条件满足: epoch=5->6 now=1780552200 InitTime=1780552188 lastpropose=1780552198 wallGap=12>=8 lastGap=2>=2 → propose1
[Propose] S0 N0 等待 sequenceLock…
[Propose] S0 N0 已持有 sequenceLock，seqID=5 即将 propose1
[propose1] S0 N0 seq=5 Tx_pool.Queue_len=1072
left_count: 500
更新树花时间为: 34
写数据库IO花时间为: 44
编号为 5 的区块已加入本地区块链！curBlock: 
blockHeader: 
[1001ceda00da5065b04681c5803989cc2d60835d11ac80e42c988986fea0f18a 11bb33ee87da77b01368bc9bdc76a962afcbf1126b064cabae7e80b2bb5d7b35 ca624dc44ae67d0a37249ba59b34c72d9c3eb6e8d599d509f8a6d8d8cd4b3ad3 5 1780552200]
# of transactions: 500
# of TXmig1s: 0
# of In1s: 0
# of Anns: 0
# of NSs: 0
blockHash: 
f325d8e363c56260111ceac7fdb92fb06644529338f1e09ed2f46b82b3c707f3
[Propose wait] S0 N0 spin=1 epoch=6 now=1780552200 InitTime=1780552188 lastpropose=1780552200 wallGap=12 need>=10 ok1=true lastGap=0 need>=2 ok2=false

第5个块开始准备relay

[handleTxFromClient] S0 N0 recv client batch, tx_count=641
[handleTxFromClient] S0 N0 append to Tx_pool.Queue: local_queued=641 forward_other_shard=0 Queue_total_len=1213

第5个块结束relay

[Propose wait] S0 N0 spin=50 epoch=6 now=1780552201 InitTime=1780552188 lastpropose=1780552200 wallGap=13 need>=10 ok1=true lastGap=1 need>=2 ok2=false
[Propose] S0 N0 时间条件满足: epoch=6->7 now=1780552202 InitTime=1780552188 lastpropose=1780552200 wallGap=14>=10 lastGap=2>=2 → propose1
[Propose] S0 N0 等待 sequenceLock…
[Propose] S0 N0 已持有 sequenceLock，seqID=6 即将 propose1
[propose1] S0 N0 seq=6 Tx_pool.Queue_len=1285
left_count: 500
更新树花时间为: 30
写数据库IO花时间为: 56
编号为 6 的区块已加入本地区块链！curBlock: 
blockHeader: 
[f325d8e363c56260111ceac7fdb92fb06644529338f1e09ed2f46b82b3c707f3 58a76dae7e00ae1c89fbc569db1eaf7f01a669759cff8607b06cd36f76e274a0 b2a9b457a132223deb070582d64185124b22b05bbda42fa9dd19ce29fdfee651 6 1780552202]
# of transactions: 500
# of TXmig1s: 0
# of In1s: 0
# of Anns: 0
# of NSs: 0
blockHash: 
7c2eaa4a859c0306a32d10021ee75e3fabbbcf0fdab87b09d9838f4cfc0d2749

第6个块开始准备relay

[Propose wait] S0 N0 spin=1 epoch=7 now=1780552202 InitTime=1780552188 lastpropose=1780552202 wallGap=14 need>=12 ok1=true lastGap=0 need>=2 ok2=false
[handleTxFromClient] S0 N0 recv client batch, tx_count=409
[handleTxFromClient] S0 N0 append to Tx_pool.Queue: local_queued=409 forward_other_shard=0 Queue_total_len=1194

第6个块结束relay

[Propose wait] S0 N0 spin=50 epoch=7 now=1780552203 InitTime=1780552188 lastpropose=1780552202 wallGap=15 need>=12 ok1=true lastGap=1 need>=2 ok2=false
[Propose] S0 N0 时间条件满足: epoch=7->8 now=1780552204 InitTime=1780552188 lastpropose=1780552202 wallGap=16>=12 lastGap=2>=2 → propose1
[Propose] S0 N0 等待 sequenceLock…
[Propose] S0 N0 已持有 sequenceLock，seqID=7 即将 propose1
[propose1] S0 N0 seq=7 Tx_pool.Queue_len=1269
left_count: 500
更新树花时间为: 26
写数据库IO花时间为: 34
编号为 7 的区块已加入本地区块链！curBlock: 
blockHeader: 
[7c2eaa4a859c0306a32d10021ee75e3fabbbcf0fdab87b09d9838f4cfc0d2749 6dd7aa2442c0968fcb01c092512f7645aab42870b92dbd15476af95086894e7b 3b6ed80f0e2a9eee8bd27a8a57669e9397a526fc45be7add1f7041f298e88261 7 1780552204]
# of transactions: 500
# of TXmig1s: 0
# of In1s: 0
# of Anns: 0
# of NSs: 0
blockHash: 
1edeabef503c939e96850ef8596c56a71fbe46552cc4ff77bb1c68b4d23fdc3a

第7个块开始准备relay

[Propose wait] S0 N0 spin=1 epoch=8 now=1780552204 InitTime=1780552188 lastpropose=1780552204 wallGap=16 need>=14 ok1=true lastGap=0 need>=2 ok2=false
[handleTxFromClient] S0 N0 recv client batch, tx_count=55
[handleTxFromClient] S0 N0 append to Tx_pool.Queue: local_queued=55 forward_other_shard=0 Queue_total_len=824

第7个块结束relay

[Propose wait] S0 N0 spin=50 epoch=8 now=1780552205 InitTime=1780552188 lastpropose=1780552204 wallGap=17 need>=14 ok1=true lastGap=1 need>=2 ok2=false
[Propose] S0 N0 时间条件满足: epoch=8->9 now=1780552206 InitTime=1780552188 lastpropose=1780552204 wallGap=18>=14 lastGap=2>=2 → propose1
[Propose] S0 N0 等待 sequenceLock…
[Propose] S0 N0 已持有 sequenceLock，seqID=8 即将 propose1
[propose1] S0 N0 seq=8 Tx_pool.Queue_len=1039
left_count: 500
更新树花时间为: 45
写数据库IO花时间为: 50
编号为 8 的区块已加入本地区块链！curBlock: 
blockHeader: 
[1edeabef503c939e96850ef8596c56a71fbe46552cc4ff77bb1c68b4d23fdc3a 1e2a91143e81ea00556ed40fc3fbb8061d25635087d10893419a21baa2f4f270 a4a6f094a6746aed85a41f994c59b2b45c8b62368997f901e97d480a490dde51 8 1780552206]
# of transactions: 500
# of TXmig1s: 0
# of In1s: 0
# of Anns: 0
# of NSs: 0
blockHash: 
40fb77ce5255ff35149ca3ec560502ea0b153a037ca14ea7272cdc494dbbb180

第8个块开始准备relay

[Propose wait] S0 N0 spin=1 epoch=9 now=1780552206 InitTime=1780552188 lastpropose=1780552206 wallGap=18 need>=16 ok1=true lastGap=0 need>=2 ok2=false
[handleTxFromClient] S0 N0 recv client batch, tx_count=278
[handleTxFromClient] S0 N0 append to Tx_pool.Queue: local_queued=278 forward_other_shard=0 Queue_total_len=817

第8个块结束relay

[Propose wait] S0 N0 spin=50 epoch=9 now=1780552207 InitTime=1780552188 lastpropose=1780552206 wallGap=19 need>=16 ok1=true lastGap=1 need>=2 ok2=false
[Propose] S0 N0 时间条件满足: epoch=9->10 now=1780552208 InitTime=1780552188 lastpropose=1780552206 wallGap=20>=16 lastGap=2>=2 → propose1
[Propose] S0 N0 等待 sequenceLock…
[Propose] S0 N0 已持有 sequenceLock，seqID=9 即将 propose1
[propose1] S0 N0 seq=9 Tx_pool.Queue_len=983
left_count: 500
更新树花时间为: 50
写数据库IO花时间为: 57
编号为 9 的区块已加入本地区块链！curBlock: 
blockHeader: 
[40fb77ce5255ff35149ca3ec560502ea0b153a037ca14ea7272cdc494dbbb180 40393be3187094a8f872af3f2a56bfa084e03b5f7a26f4a8a44f273ff4c93822 fb2b97a983d6da1f49027a27ed6f1f760072219cab2f3734b1b8abbb795cf25a 9 1780552208]
# of transactions: 500
# of TXmig1s: 0
# of In1s: 0
# of Anns: 0
# of NSs: 0
blockHash: 
72e23803657c3f0a71b1610fb2820cb46a4a3171bce4118fb6f8df16d24d76ad

第9个块开始准备relay

[Propose wait] S0 N0 spin=1 epoch=10 now=1780552208 InitTime=1780552188 lastpropose=1780552208 wallGap=20 need>=18 ok1=true lastGap=0 need>=2 ok2=false
[handleTxFromClient] S0 N0 recv client batch, tx_count=407
[handleTxFromClient] S0 N0 append to Tx_pool.Queue: local_queued=407 forward_other_shard=0 Queue_total_len=890

第9个块结束relay

[Propose wait] S0 N0 spin=50 epoch=10 now=1780552209 InitTime=1780552188 lastpropose=1780552208 wallGap=21 need>=18 ok1=true lastGap=1 need>=2 ok2=false
[Propose] S0 N0 时间条件满足: epoch=10->11 now=1780552210 InitTime=1780552188 lastpropose=1780552208 wallGap=22>=18 lastGap=2>=2 → propose1
[Propose] S0 N0 等待 sequenceLock…
[Propose] S0 N0 已持有 sequenceLock，seqID=10 即将 propose1
[propose1] S0 N0 seq=10 Tx_pool.Queue_len=1076
left_count: 500
更新树花时间为: 51
写数据库IO花时间为: 58
编号为 10 的区块已加入本地区块链！curBlock: 
blockHeader: 
[72e23803657c3f0a71b1610fb2820cb46a4a3171bce4118fb6f8df16d24d76ad c7ce0c0a5da463edbbb10ef2cd6c82edc8de69fc1e645fcd1d20e2932e69c670 264b29b3daa79ba5f9c8bd935f502d041a30eff11fd5c966950dfea1ea8c0a9c 10 1780552210]
# of transactions: 500
# of TXmig1s: 0
# of In1s: 0
# of Anns: 0
# of NSs: 0
blockHash: 
8aa092638141dcaad5f97a6365e8b9edf7e3ade771f9dba93ce1e23e84cc7fb2

第10个块开始准备relay

[Propose wait] S0 N0 spin=1 epoch=11 now=1780552210 InitTime=1780552188 lastpropose=1780552210 wallGap=22 need>=20 ok1=true lastGap=0 need>=2 ok2=false
[handleTxFromClient] S0 N0 recv client batch, tx_count=277
[handleTxFromClient] S0 N0 append to Tx_pool.Queue: local_queued=277 forward_other_shard=0 Queue_total_len=853

第10个块结束relay

[Propose wait] S0 N0 spin=50 epoch=11 now=1780552211 InitTime=1780552188 lastpropose=1780552210 wallGap=23 need>=20 ok1=true lastGap=1 need>=2 ok2=false
[Propose] S0 N0 时间条件满足: epoch=11->12 now=1780552212 InitTime=1780552188 lastpropose=1780552210 wallGap=24>=20 lastGap=2>=2 → propose1
[Propose] S0 N0 等待 sequenceLock…
[Propose] S0 N0 已持有 sequenceLock，seqID=11 即将 propose1
[propose1] S0 N0 seq=11 Tx_pool.Queue_len=1054
left_count: 500
更新树花时间为: 41
写数据库IO花时间为: 56
编号为 11 的区块已加入本地区块链！curBlock: 
blockHeader: 
[8aa092638141dcaad5f97a6365e8b9edf7e3ade771f9dba93ce1e23e84cc7fb2 73b20f1d0e667298c0b069856c010fdd8fa6292c09b2e851417c3ab0cdff65c9 9888a323a2cb8864f31e93601f80a739fa5bd8ad29d24cbbcf1332d0d7c125c2 11 1780552212]
# of transactions: 500
# of TXmig1s: 0
# of In1s: 0
# of Anns: 0
# of NSs: 0
blockHash: 
d7ad4e26a1c8f978f403d52711d841f499ee5ea971e915bd8c82e3ab9e800d77

第11个块开始准备relay

[Propose wait] S0 N0 spin=1 epoch=12 now=1780552212 InitTime=1780552188 lastpropose=1780552212 wallGap=24 need>=22 ok1=true lastGap=0 need>=2 ok2=false
[handleTxFromClient] S0 N0 recv client batch, tx_count=551
[handleTxFromClient] S0 N0 append to Tx_pool.Queue: local_queued=551 forward_other_shard=0 Queue_total_len=1105

第11个块结束relay

[Propose wait] S0 N0 spin=50 epoch=12 now=1780552213 InitTime=1780552188 lastpropose=1780552212 wallGap=25 need>=22 ok1=true lastGap=1 need>=2 ok2=false
[Propose] S0 N0 时间条件满足: epoch=12->13 now=1780552214 InitTime=1780552188 lastpropose=1780552212 wallGap=26>=22 lastGap=2>=2 → propose1
[Propose] S0 N0 等待 sequenceLock…
[Propose] S0 N0 已持有 sequenceLock，seqID=12 即将 propose1
[propose1] S0 N0 seq=12 Tx_pool.Queue_len=1212
left_count: 500
更新树花时间为: 47
写数据库IO花时间为: 61
编号为 12 的区块已加入本地区块链！curBlock: 
blockHeader: 
[d7ad4e26a1c8f978f403d52711d841f499ee5ea971e915bd8c82e3ab9e800d77 f5563917ad3e0e78c08caf87bffd0e48a2cf9afb0a4448ccac62eca4fc4f2767 66b62bff0e6e7ac6b4f2aa164e8dd0b1752322ae00bb8a4be77c8a0eb86c9a51 12 1780552214]
# of transactions: 500
# of TXmig1s: 0
# of In1s: 0
# of Anns: 0
# of NSs: 0
blockHash: 
e4530b41d3ac9387b0a6ab22b9139d71e026080334549f4669832e4937c732f4

第12个块开始准备relay

[Propose wait] S0 N0 spin=1 epoch=13 now=1780552214 InitTime=1780552188 lastpropose=1780552214 wallGap=26 need>=24 ok1=true lastGap=0 need>=2 ok2=false
[handleTxFromClient] S0 N0 recv client batch, tx_count=633
[handleTxFromClient] S0 N0 append to Tx_pool.Queue: local_queued=633 forward_other_shard=0 Queue_total_len=1345

第12个块结束relay

[Propose wait] S0 N0 spin=50 epoch=13 now=1780552215 InitTime=1780552188 lastpropose=1780552214 wallGap=27 need>=24 ok1=true lastGap=1 need>=2 ok2=false
[Propose] S0 N0 时间条件满足: epoch=13->14 now=1780552216 InitTime=1780552188 lastpropose=1780552214 wallGap=28>=24 lastGap=2>=2 → propose1
[Propose] S0 N0 等待 sequenceLock…
[Propose] S0 N0 已持有 sequenceLock，seqID=13 即将 propose1
[propose1] S0 N0 seq=13 Tx_pool.Queue_len=1540
left_count: 500
更新树花时间为: 46
写数据库IO花时间为: 56
编号为 13 的区块已加入本地区块链！curBlock: 
blockHeader: 
[e4530b41d3ac9387b0a6ab22b9139d71e026080334549f4669832e4937c732f4 3bb5f60f3e948fb7a80a4180aab21104709ee720263743796d91072a80d887f5 53c8c5dab3e0b27a99f0a8a576e1684cb9eca1a19ecac13cdecd4fd456370bf6 13 1780552216]
# of transactions: 500
# of TXmig1s: 0
# of In1s: 0
# of Anns: 0
# of NSs: 0
blockHash: 
d74a2829fe8f9a20e4940e4e1480926a49084156f69cc66f8c26e1077666fc85

第13个块开始准备relay

[Propose wait] S0 N0 spin=1 epoch=14 now=1780552216 InitTime=1780552188 lastpropose=1780552216 wallGap=28 need>=26 ok1=true lastGap=0 need>=2 ok2=false
[handleTxFromClient] S0 N0 recv client batch, tx_count=489
[handleTxFromClient] S0 N0 append to Tx_pool.Queue: local_queued=489 forward_other_shard=0 Queue_total_len=1529

第13个块结束relay

[Propose wait] S0 N0 spin=50 epoch=14 now=1780552217 InitTime=1780552188 lastpropose=1780552216 wallGap=29 need>=26 ok1=true lastGap=1 need>=2 ok2=false
[Propose] S0 N0 时间条件满足: epoch=14->15 now=1780552218 InitTime=1780552188 lastpropose=1780552216 wallGap=30>=26 lastGap=2>=2 → propose1
[Propose] S0 N0 等待 sequenceLock…
[Propose] S0 N0 已持有 sequenceLock，seqID=14 即将 propose1
[propose1] S0 N0 seq=14 Tx_pool.Queue_len=1704
left_count: 500
更新树花时间为: 38
写数据库IO花时间为: 43
编号为 14 的区块已加入本地区块链！curBlock: 
blockHeader: 
[d74a2829fe8f9a20e4940e4e1480926a49084156f69cc66f8c26e1077666fc85 a5a552a4cb76003fe53fd075ad5e57dc6aff4ca9190ed53e5c82826d45156e4a 65680d4529b6497111ca6b4d9cf84d438414b7fdf2e58836e4cb96115a379ba8 14 1780552218]
# of transactions: 500
# of TXmig1s: 0
# of In1s: 0
# of Anns: 0
# of NSs: 0
blockHash: 
2a048c749bdce857630aef1fcdfc7d4bfe8927f964fedbef01a845ee4a1069b3

第14个块开始准备relay

[Propose wait] S0 N0 spin=1 epoch=15 now=1780552218 InitTime=1780552188 lastpropose=1780552218 wallGap=30 need>=28 ok1=true lastGap=0 need>=2 ok2=false
[handleTxFromClient] S0 N0 recv client batch, tx_count=496
[handleTxFromClient] S0 N0 append to Tx_pool.Queue: local_queued=496 forward_other_shard=0 Queue_total_len=1700

第14个块结束relay

[Propose wait] S0 N0 spin=50 epoch=15 now=1780552219 InitTime=1780552188 lastpropose=1780552218 wallGap=31 need>=28 ok1=true lastGap=1 need>=2 ok2=false
[Propose] S0 N0 时间条件满足: epoch=15->16 now=1780552220 InitTime=1780552188 lastpropose=1780552218 wallGap=32>=28 lastGap=2>=2 → propose1
[Propose] S0 N0 等待 sequenceLock…
[Propose] S0 N0 已持有 sequenceLock，seqID=15 即将 propose1
[propose1] S0 N0 seq=15 Tx_pool.Queue_len=1861
left_count: 500
更新树花时间为: 42
写数据库IO花时间为: 52
编号为 15 的区块已加入本地区块链！curBlock: 
blockHeader: 
[2a048c749bdce857630aef1fcdfc7d4bfe8927f964fedbef01a845ee4a1069b3 1fbfa591f8bb267265790bda167ad1ae0c94a6a365f8cd750e4f5a2f63d172e9 2b34ad25f730c81a9fe54c4e460b31be07df4de9117c52ce2902254145655175 15 1780552220]
# of transactions: 500
# of TXmig1s: 0
# of In1s: 0
# of Anns: 0
# of NSs: 0
blockHash: 
226ac5f419172cf97bbae96acfed0566516c4143a26b98825d1ec8d5da44b415

第15个块开始准备relay

[Propose wait] S0 N0 spin=1 epoch=16 now=1780552220 InitTime=1780552188 lastpropose=1780552220 wallGap=32 need>=30 ok1=true lastGap=0 need>=2 ok2=false
[handleTxFromClient] S0 N0 recv client batch, tx_count=468
[handleTxFromClient] S0 N0 append to Tx_pool.Queue: local_queued=468 forward_other_shard=0 Queue_total_len=1829

第15个块结束relay

[Propose wait] S0 N0 spin=50 epoch=16 now=1780552221 InitTime=1780552188 lastpropose=1780552220 wallGap=33 need>=30 ok1=true lastGap=1 need>=2 ok2=false
[Propose] S0 N0 时间条件满足: epoch=16->17 now=1780552222 InitTime=1780552188 lastpropose=1780552220 wallGap=34>=30 lastGap=2>=2 → propose1
[Propose] S0 N0 等待 sequenceLock…
[Propose] S0 N0 已持有 sequenceLock，seqID=16 即将 propose1
[propose1] S0 N0 seq=16 Tx_pool.Queue_len=1988
left_count: 500
更新树花时间为: 53
写数据库IO花时间为: 67
编号为 16 的区块已加入本地区块链！curBlock: 
blockHeader: 
[226ac5f419172cf97bbae96acfed0566516c4143a26b98825d1ec8d5da44b415 7577f89ff33ea8176f728a20ac7435563399c17e4242006e0b03db2c32904338 91d6205e52d702a0080eb80d2f528f31fe211c60bd872c3674bcd1a578e9cb07 16 1780552222]
# of transactions: 500
# of TXmig1s: 0
# of In1s: 0
# of Anns: 0
# of NSs: 0
blockHash: 
c9eebef58b319e9563f2708f4dc66c8dae15abae36ecb305f593fe8b0f8d005d

第16个块开始准备relay

[Propose wait] S0 N0 spin=1 epoch=17 now=1780552222 InitTime=1780552188 lastpropose=1780552222 wallGap=34 need>=32 ok1=true lastGap=0 need>=2 ok2=false
[handleTxFromClient] S0 N0 recv client batch, tx_count=489
[handleTxFromClient] S0 N0 append to Tx_pool.Queue: local_queued=489 forward_other_shard=0 Queue_total_len=1977

第16个块结束relay

[Propose wait] S0 N0 spin=50 epoch=17 now=1780552223 InitTime=1780552188 lastpropose=1780552222 wallGap=35 need>=32 ok1=true lastGap=1 need>=2 ok2=false
[Propose] S0 N0 时间条件满足: epoch=17->18 now=1780552224 InitTime=1780552188 lastpropose=1780552222 wallGap=36>=32 lastGap=2>=2 → propose1
[Propose] S0 N0 等待 sequenceLock…
[Propose] S0 N0 已持有 sequenceLock，seqID=17 即将 propose1
[propose1] S0 N0 seq=17 Tx_pool.Queue_len=2128
left_count: 500
更新树花时间为: 38
写数据库IO花时间为: 48
编号为 17 的区块已加入本地区块链！curBlock: 
blockHeader: 
[c9eebef58b319e9563f2708f4dc66c8dae15abae36ecb305f593fe8b0f8d005d de2627a5181c12dbe256822a8016ac81e62ca646226dcf41501b5e3324524ba1 2fe115531869dbe80914374688784c49efad45f6c2ef90f290d149001fd97bb7 17 1780552224]
# of transactions: 500
# of TXmig1s: 0
# of In1s: 0
# of Anns: 0
# of NSs: 0
blockHash: 
31c3c9dd640257cbde41471104553d21f76eaff15c4b066e0ad34bb255a00d24

第17个块开始准备relay

[Propose wait] S0 N0 spin=1 epoch=18 now=1780552224 InitTime=1780552188 lastpropose=1780552224 wallGap=36 need>=34 ok1=true lastGap=0 need>=2 ok2=false
[handleTxFromClient] S0 N0 recv client batch, tx_count=166
[handleTxFromClient] S0 N0 append to Tx_pool.Queue: local_queued=166 forward_other_shard=0 Queue_total_len=1794

第17个块结束relay

[Propose wait] S0 N0 spin=50 epoch=18 now=1780552225 InitTime=1780552188 lastpropose=1780552224 wallGap=37 need>=34 ok1=true lastGap=1 need>=2 ok2=false
[Propose] S0 N0 时间条件满足: epoch=18->19 now=1780552226 InitTime=1780552188 lastpropose=1780552224 wallGap=38>=34 lastGap=2>=2 → propose1
[Propose] S0 N0 等待 sequenceLock…
[Propose] S0 N0 已持有 sequenceLock，seqID=18 即将 propose1
[propose1] S0 N0 seq=18 Tx_pool.Queue_len=1932
left_count: 500
更新树花时间为: 34
写数据库IO花时间为: 47
编号为 18 的区块已加入本地区块链！curBlock: 
blockHeader: 
[31c3c9dd640257cbde41471104553d21f76eaff15c4b066e0ad34bb255a00d24 702a54ced50fa6653120c815af1879afa84362d423b37bcbaa069e844c08868a c1a676a7dd2ce8ea4543d7629f2bf28ceabcdec5aef98aa2c240ca37ba753ead 18 1780552226]
# of transactions: 500
# of TXmig1s: 0
# of In1s: 0
# of Anns: 0
# of NSs: 0
blockHash: 
77fa78b3ebc03f38fec75e77c60e1f4d61ce3cb8bf46bbcc14863cb31cf2c82d

第18个块开始准备relay

[Propose wait] S0 N0 spin=1 epoch=19 now=1780552226 InitTime=1780552188 lastpropose=1780552226 wallGap=38 need>=36 ok1=true lastGap=0 need>=2 ok2=false
[handleTxFromClient] S0 N0 recv client batch, tx_count=167
[handleTxFromClient] S0 N0 append to Tx_pool.Queue: local_queued=167 forward_other_shard=0 Queue_total_len=1599

第18个块结束relay

[Propose wait] S0 N0 spin=50 epoch=19 now=1780552227 InitTime=1780552188 lastpropose=1780552226 wallGap=39 need>=36 ok1=true lastGap=1 need>=2 ok2=false
[Propose] S0 N0 时间条件满足: epoch=19->20 now=1780552228 InitTime=1780552188 lastpropose=1780552226 wallGap=40>=36 lastGap=2>=2 → propose1
[Propose] S0 N0 等待 sequenceLock…
[Propose] S0 N0 已持有 sequenceLock，seqID=19 即将 propose1
[propose1] S0 N0 seq=19 Tx_pool.Queue_len=1757
left_count: 500
更新树花时间为: 33
写数据库IO花时间为: 47
编号为 19 的区块已加入本地区块链！curBlock: 
blockHeader: 
[77fa78b3ebc03f38fec75e77c60e1f4d61ce3cb8bf46bbcc14863cb31cf2c82d ea2b2f697b3c341cfeb8baeb27ebfe3488ac93b00a9944951ea94c30712e787e e14158b05cf3bd580b73e16a7ec3edef3498592defb94aede8747e193c9e8eff 19 1780552228]
# of transactions: 500
# of TXmig1s: 0
# of In1s: 0
# of Anns: 0
# of NSs: 0
blockHash: 
71def7e040fdfd7e8af4ebcce8d57c8aa76b34d24bd02a4f29d2fba7a6da67f8

第19个块开始准备relay

[Propose wait] S0 N0 spin=1 epoch=20 now=1780552228 InitTime=1780552188 lastpropose=1780552228 wallGap=40 need>=38 ok1=true lastGap=0 need>=2 ok2=false
[handleTxFromClient] S0 N0 recv client batch, tx_count=555
[handleTxFromClient] S0 N0 append to Tx_pool.Queue: local_queued=555 forward_other_shard=0 Queue_total_len=1812

第19个块结束relay

[Propose wait] S0 N0 spin=50 epoch=20 now=1780552229 InitTime=1780552188 lastpropose=1780552228 wallGap=41 need>=38 ok1=true lastGap=1 need>=2 ok2=false
[Propose] S0 N0 时间条件满足: epoch=20->21 now=1780552230 InitTime=1780552188 lastpropose=1780552228 wallGap=42>=38 lastGap=2>=2 → propose1
[Propose] S0 N0 等待 sequenceLock…
[Propose] S0 N0 已持有 sequenceLock，seqID=20 即将 propose1
[propose1] S0 N0 seq=20 Tx_pool.Queue_len=1918
left_count: 500
更新树花时间为: 31
写数据库IO花时间为: 41
编号为 20 的区块已加入本地区块链！curBlock: 
blockHeader: 
[71def7e040fdfd7e8af4ebcce8d57c8aa76b34d24bd02a4f29d2fba7a6da67f8 d1d4e2e26416567ce38a827e42e396a7ae8145161ed406422985bbd46a2072a4 74c0a64d927a6b2121ad6a7f891f48ecbcc8a11492eee706b57cc0dd28ed63d0 20 1780552230]
# of transactions: 500
# of TXmig1s: 0
# of In1s: 0
# of Anns: 0
# of NSs: 0
blockHash: 
ed7ada3ed62bc61c7bd4630b816225745952b7f4d3716caa8600ca14bdd2eae8

第20个块开始准备relay

[Propose wait] S0 N0 spin=1 epoch=21 now=1780552230 InitTime=1780552188 lastpropose=1780552230 wallGap=42 need>=40 ok1=true lastGap=0 need>=2 ok2=false
[handleTxFromClient] S0 N0 recv client batch, tx_count=47
[handleTxFromClient] S0 N0 append to Tx_pool.Queue: local_queued=47 forward_other_shard=0 Queue_total_len=1465

第20个块结束relay

[Propose wait] S0 N0 spin=50 epoch=21 now=1780552231 InitTime=1780552188 lastpropose=1780552230 wallGap=43 need>=40 ok1=true lastGap=1 need>=2 ok2=false
[Propose] S0 N0 时间条件满足: epoch=21->22 now=1780552232 InitTime=1780552188 lastpropose=1780552230 wallGap=44>=40 lastGap=2>=2 → propose1
[Propose] S0 N0 等待 sequenceLock…
[Propose] S0 N0 已持有 sequenceLock，seqID=21 即将 propose1
[propose1] S0 N0 seq=21 Tx_pool.Queue_len=1715
left_count: 500
本节点已接收到client发来准备迁移通知
更新树花时间为: 42
写数据库IO花时间为: 60
编号为 21 的区块已加入本地区块链！curBlock: 
blockHeader: 
[ed7ada3ed62bc61c7bd4630b816225745952b7f4d3716caa8600ca14bdd2eae8 e98781d226cf3437728f4af41894d561e78607212b92377a57a105da64eb92f8 1ee7a7b4c5cbcf734f2d9960149105a5aa17b0cdcd73fab4af64d019affa39e9 21 1780552232]
# of transactions: 500
# of TXmig1s: 0
# of In1s: 0
# of Anns: 0
# of NSs: 0
blockHash: 
84ae8cba334006180ebbd8c4c94d4d147946c62532b99814f10305d46e8c824a

第21个块开始准备relay

[Propose wait] S0 N0 spin=1 epoch=22 now=1780552232 InitTime=1780552188 lastpropose=1780552232 wallGap=44 need>=42 ok1=true lastGap=0 need>=2 ok2=false
本节点已将 pending 发送到 client（1215 笔）
[handleTxFromClient] S0 N0 recv client batch, tx_count=6
[SyncProbe][Ingress] shard=S0 node=N0 tx=9000000001 senderSID=0 recSID=0 local=true tag=0 isRelay=false
[SyncProbe][Redirect] tx=9000000001 跳过重定向: 无MigCtx或非new(txRT=1)
[SyncProbe][Ingress] shard=S0 node=N0 tx=9000000003 senderSID=0 recSID=0 local=true tag=0 isRelay=false
[SyncProbe][Redirect] tx=9000000003 跳过重定向: 无MigCtx或非new(txRT=1)
[SyncProbe][Ingress] shard=S0 node=N0 tx=9000000011 senderSID=0 recSID=0 local=true tag=0 isRelay=false
[SyncProbe][Redirect] tx=9000000011 跳过重定向: 无MigCtx或非new(txRT=1)
[SyncProbe][Ingress] shard=S0 node=N0 tx=9000000013 senderSID=0 recSID=0 local=true tag=0 isRelay=false
[SyncProbe][Redirect] tx=9000000013 跳过重定向: 无MigCtx或非new(txRT=1)
[SyncProbe][Ingress] shard=S0 node=N0 tx=9000000021 senderSID=0 recSID=0 local=true tag=0 isRelay=false
[SyncProbe][Redirect] tx=9000000021 跳过重定向: 无MigCtx或非new(txRT=1)
[SyncProbe][Ingress] shard=S0 node=N0 tx=9000000023 senderSID=0 recSID=0 local=true tag=0 isRelay=false
[SyncProbe][Redirect] tx=9000000023 跳过重定向: 无MigCtx或非new(txRT=1)
[SyncProbe][Ingress] shard=S0 tx=9000000001 本片入池(立即入池路径)
[SyncProbe][Ingress] shard=S0 tx=9000000003 本片入池(立即入池路径)
[SyncProbe][Ingress] shard=S0 tx=9000000011 本片入池(立即入池路径)
[SyncProbe][Ingress] shard=S0 tx=9000000013 本片入池(立即入池路径)
[SyncProbe][Ingress] shard=S0 tx=9000000021 本片入池(立即入池路径)
[SyncProbe][Ingress] shard=S0 tx=9000000023 本片入池(立即入池路径)
[handleTxFromClient] S0 N0 append to Tx_pool.Queue: local_queued=6 forward_other_shard=0 Queue_total_len=1221
[handleTxFromClient] S0 N0 recv client batch, tx_count=25
[handleTxFromClient] S0 N0 append to Tx_pool.Queue: local_queued=25 forward_other_shard=0 Queue_total_len=1246

第21个块结束relay

本节点已接收到客户端发送的新映射
[SyncProbe] S0 账户 f341cafc9ba3d91ef98c9ef811170c1c5f1ef28e NewMap 后提前 Pause suffix-old（逻辑 tx2=9000000002），等待 PhaseB 真实 tx2
[SyncProbe]   Paused txId=9000000003
[SyncProbe] S0 账户 96904d8c1f1c88dfb6cfba916396bf4beabcf454 NewMap 后提前 Pause suffix-old（逻辑 tx2=9000000012），等待 PhaseB 真实 tx2
[SyncProbe]   Paused txId=9000000013
[SyncProbe] S0 账户 9e9ff119553d7ad5d40d1cd4c39aba4901955470 NewMap 后提前 Pause suffix-old（逻辑 tx2=9000000022），等待 PhaseB 真实 tx2
[SyncProbe]   Paused txId=9000000023
[Propose wait] S0 N0 spin=50 epoch=22 now=1780552233 InitTime=1780552188 lastpropose=1780552232 wallGap=45 need>=42 ok1=true lastGap=1 need>=2 ok2=false
[Propose] S0 N0 时间条件满足: epoch=22->23 now=1780552234 InitTime=1780552188 lastpropose=1780552232 wallGap=46>=42 lastGap=2>=2 → propose1
[Propose] S0 N0 等待 sequenceLock…
[Propose] S0 N0 已持有 sequenceLock，seqID=22 即将 propose1
[propose1] S0 N0 seq=22 Tx_pool.Queue_len=1423
left_count: 200
更新树花时间为: 44
写数据库IO花时间为: 50
编号为 22 的区块已加入本地区块链！curBlock: 
blockHeader: 
[84ae8cba334006180ebbd8c4c94d4d147946c62532b99814f10305d46e8c824a 3d2ad47b973a508a9f527743beb4e710c1592251c8758784fd52b78ed23e342f 5b1f861da3c084049df73d3c5b8d49cc5bb9da98b9553e2c7db9307f63ac8c92 22 1780552234]
# of transactions: 200
# of TXmig1s: 300
# of In1s: 0
# of Anns: 0
# of NSs: 0
blockHash: 
efb3a10ef2b1dcd3d0b6b1016e5febb2bb8124585d7d725579d5f394a7155a94

第22个块开始准备relay

[MVSS+] 源片 S0 账户 9e9ff119553d7ad5d40d1cd4c39aba4901955470 prefix old 就绪，发送 State_ini sync
[MVSS+] 源片 S0 账户 96904d8c1f1c88dfb6cfba916396bf4beabcf454 prefix old 就绪，发送 State_ini sync
[MVSS+] 源片 S0 账户 f341cafc9ba3d91ef98c9ef811170c1c5f1ef28e prefix old 就绪，发送 State_ini sync
[MVSS-Delta] S0 聚合 flush State_ini delta → 目标片 1，条数=3
[SyncLog] write ok shard=S0 node=N0 event=send mode=delta count=1
[Propose wait] S0 N0 spin=1 epoch=23 now=1780552234 InitTime=1780552188 lastpropose=1780552234 wallGap=46 need>=44 ok1=true lastGap=0 need>=2 ok2=false

第22个块结束relay

[handleTxFromClient] S0 N0 recv client batch, tx_count=30
[handleTxFromClient] S0 N0 append to Tx_pool.Queue: local_queued=30 forward_other_shard=0 Queue_total_len=1285

本节点已接收到分片S1发来的迁移请求 
9999999999999999999999430649140000000000

[handleTxFromClient] S0 N0 recv client batch, tx_count=1
[handleTxFromClient] S0 N0 append to Tx_pool.Queue: local_queued=1 forward_other_shard=0 Queue_total_len=1286
[Propose wait] S0 N0 spin=50 epoch=23 now=1780552235 InitTime=1780552188 lastpropose=1780552234 wallGap=47 need>=44 ok1=true lastGap=1 need>=2 ok2=false
[Propose] S0 N0 时间条件满足: epoch=23->24 now=1780552236 InitTime=1780552188 lastpropose=1780552234 wallGap=48>=44 lastGap=2>=2 → propose1
[Propose] S0 N0 等待 sequenceLock…
[Propose] S0 N0 已持有 sequenceLock，seqID=23 即将 propose1
[propose1] S0 N0 seq=23 Tx_pool.Queue_len=1286
left_count: 200
更新树花时间为: 44
写数据库IO花时间为: 75
编号为 23 的区块已加入本地区块链！curBlock: 
blockHeader: 
[efb3a10ef2b1dcd3d0b6b1016e5febb2bb8124585d7d725579d5f394a7155a94 65668a94d95e700c1caadc883158d3eb15b7c053f4fd25403043557d973eff9a 62fcb79f98212f3c116ddaf5036361f1839eee211544b4f6953b6bf3b404e68e 23 1780552236]
# of transactions: 200
# of TXmig1s: 228
# of In1s: 72
# of Anns: 0
# of NSs: 0
blockHash: 
f16f3e2e0b72f6537eb69aeedef97099d9976c73eae1f16119c33ae182c138e4

第23个块开始准备relay

[Propose wait] S0 N0 spin=1 epoch=24 now=1780552236 InitTime=1780552188 lastpropose=1780552236 wallGap=48 need>=46 ok1=true lastGap=0 need>=2 ok2=false

第23个块结束relay

[handleTxFromClient] S0 N0 recv client batch, tx_count=19
[handleTxFromClient] S0 N0 append to Tx_pool.Queue: local_queued=18 forward_other_shard=0 Queue_total_len=1113

本节点已接收到分片S1发来的迁移请求 
10000000000000000000000000000000000000000

[Propose wait] S0 N0 spin=50 epoch=24 now=1780552237 InitTime=1780552188 lastpropose=1780552236 wallGap=49 need>=46 ok1=true lastGap=1 need>=2 ok2=false
本节点已接收到分片S1发来通知 
1
2
3
[Propose] S0 N0 时间条件满足: epoch=24->25 now=1780552238 InitTime=1780552188 lastpropose=1780552236 wallGap=50>=46 lastGap=2>=2 → propose1
[Propose] S0 N0 等待 sequenceLock…
[Propose] S0 N0 已持有 sequenceLock，seqID=24 即将 propose1
[propose1] S0 N0 seq=24 Tx_pool.Queue_len=1113
left_count: 200
更新树花时间为: 51
写数据库IO花时间为: 66
编号为 24 的区块已加入本地区块链！curBlock: 
blockHeader: 
[f16f3e2e0b72f6537eb69aeedef97099d9976c73eae1f16119c33ae182c138e4 88a5f648c3ee18f6c8eb1968044ceeeb41f64a64ca47b2bd1d77d17f1485fefe 68c6bffd43cecd8a62fc3073dbb4ffe4dd56e1f24e9da20d7f1474d6e145db29 24 1780552238]
# of transactions: 200
# of TXmig1s: 0
# of In1s: 300
# of Anns: 0
# of NSs: 0
blockHash: 
d13fa8086cf1fdebe3ef3f3c33550bb0d35b6ad17617950a65256d31a6542b32

第24个块开始准备relay

[Propose wait] S0 N0 spin=1 epoch=25 now=1780552238 InitTime=1780552188 lastpropose=1780552238 wallGap=50 need>=48 ok1=true lastGap=0 need>=2 ok2=false

第24个块结束relay

[handleTxFromClient] S0 N0 recv client batch, tx_count=26
[handleTxFromClient] S0 N0 append to Tx_pool.Queue: local_queued=26 forward_other_shard=0 Queue_total_len=981
[handleTxFromClient] S0 N0 recv client batch, tx_count=3
[SyncProbe][Ingress] shard=S0 node=N0 tx=9000000002 senderSID=0 recSID=1 local=true tag=0 isRelay=false
[SyncProbe][Redirect] tx=9000000002 源片=S0 -> 目标片=S1 leader=127.0.0.1:8020 nonce=2
[SyncProbe][Ingress] shard=S0 tx=9000000002 已重定向，源片不入池
[SyncProbe][Ingress] shard=S0 node=N0 tx=9000000012 senderSID=0 recSID=1 local=true tag=0 isRelay=false
[SyncProbe][Redirect] tx=9000000012 源片=S0 -> 目标片=S1 leader=127.0.0.1:8020 nonce=2
[SyncProbe][Ingress] shard=S0 tx=9000000012 已重定向，源片不入池
[SyncProbe][Ingress] shard=S0 node=N0 tx=9000000022 senderSID=0 recSID=1 local=true tag=0 isRelay=false
[SyncProbe][Redirect] tx=9000000022 源片=S0 -> 目标片=S1 leader=127.0.0.1:8020 nonce=3
[SyncProbe][Ingress] shard=S0 tx=9000000022 已重定向，源片不入池
[handleTxFromClient] S0 N0 append to Tx_pool.Queue: local_queued=0 forward_other_shard=0 Queue_total_len=981
[Propose wait] S0 N0 spin=50 epoch=25 now=1780552239 InitTime=1780552188 lastpropose=1780552238 wallGap=51 need>=48 ok1=true lastGap=1 need>=2 ok2=false
[Propose] S0 N0 时间条件满足: epoch=25->26 now=1780552240 InitTime=1780552188 lastpropose=1780552238 wallGap=52>=48 lastGap=2>=2 → propose1
[Propose] S0 N0 等待 sequenceLock…
[Propose] S0 N0 已持有 sequenceLock，seqID=25 即将 propose1
[propose1] S0 N0 seq=25 Tx_pool.Queue_len=981
left_count: 272
[SyncLog] write ok shard=S0 node=N0 event=recv mode=delta count=2
[MVSS-Delta] S0 收到分片 S1 的 TXsyncDelta，条数=1
[SyncLog] write ok shard=S0 node=N0 event=recv mode=delta count=3
[MVSS-Delta] S0 收到分片 S1 的 TXsyncDelta，条数=1
[SyncLog] write ok shard=S0 node=N0 event=recv mode=delta count=4
[MVSS-Delta] S0 收到分片 S1 的 TXsyncDelta，条数=1
更新树花时间为: 39
写数据库IO花时间为: 54
编号为 25 的区块已加入本地区块链！curBlock: 
blockHeader: 
[d13fa8086cf1fdebe3ef3f3c33550bb0d35b6ad17617950a65256d31a6542b32 9effedecd1de6ae17574f57543128485b6d4f7496ff3206d3ecc498b82662465 94b06b5c24257add05d782815842083f6ec8ec4b69258ba979e88febb4ba02fa 25 1780552240]
# of transactions: 272
# of TXmig1s: 0
# of In1s: 13
# of Anns: 215
# of NSs: 0
blockHash: 
4822797edfdecaf1b13748d670738cd521adb9963a123ed02eecfec29c9f069b
handleAnns时是第25个块
[MVSS+] 账户 f341cafc9ba3d91ef98c9ef811170c1c5f1ef28e Stage3 进行中(FSM=2)，Announce 后暂缓清理 MigCtx
[MVSS+] 账户 96904d8c1f1c88dfb6cfba916396bf4beabcf454 Stage3 进行中(FSM=2)，Announce 后暂缓清理 MigCtx
[MVSS+] 账户 9e9ff119553d7ad5d40d1cd4c39aba4901955470 Stage3 进行中(FSM=2)，Announce 后暂缓清理 MigCtx

handleannounce交易池操作时差为：0
handleannounce两锁时差为：0


第25个块开始准备relay

[Propose wait] S0 N0 spin=1 epoch=26 now=1780552240 InitTime=1780552188 lastpropose=1780552240 wallGap=52 need>=50 ok1=true lastGap=0 need>=2 ok2=false
[MVSS-Delta] S0 已获取 sequenceLock，开始处理 delta
[MVSS+] 源片 S0 账户 9e9ff119553d7ad5d40d1cd4c39aba4901955470 ack 后 promote suffix-old 开始 Queue=666 FirstNew=9000000022
[MVSS+] 源片 S0 账户 9e9ff119553d7ad5d40d1cd4c39aba4901955470 ack 后将 1 笔 suffix-old 提至队首（nonce 自 3）
[SyncLog] write ok shard=S0 node=N0 event=ack_recv mode=delta count=5
[MVSS-Delta] S0 收到目标片 S1 对账户 9e9ff119553d7ad5d40d1cd4c39aba4901955470 的 delta ack
[MVSS-Delta] S0 已获取 sequenceLock，开始处理 delta
[MVSS+] 源片 S0 账户 96904d8c1f1c88dfb6cfba916396bf4beabcf454 ack 后 promote suffix-old 开始 Queue=666 FirstNew=9000000012
[MVSS+] 源片 S0 账户 96904d8c1f1c88dfb6cfba916396bf4beabcf454 ack 后将 1 笔 suffix-old 提至队首（nonce 自 2）
[SyncLog] write ok shard=S0 node=N0 event=ack_recv mode=delta count=6
[MVSS-Delta] S0 收到目标片 S1 对账户 96904d8c1f1c88dfb6cfba916396bf4beabcf454 的 delta ack
[MVSS-Delta] S0 已获取 sequenceLock，开始处理 delta
[MVSS+] 源片 S0 账户 f341cafc9ba3d91ef98c9ef811170c1c5f1ef28e ack 后 promote suffix-old 开始 Queue=666 FirstNew=9000000002
[MVSS+] 源片 S0 账户 f341cafc9ba3d91ef98c9ef811170c1c5f1ef28e ack 后将 1 笔 suffix-old 提至队首（nonce 自 2）
[SyncLog] write ok shard=S0 node=N0 event=ack_recv mode=delta count=7
[MVSS-Delta] S0 收到目标片 S1 对账户 f341cafc9ba3d91ef98c9ef811170c1c5f1ef28e 的 delta ack
本节点已接收到分片S1发来通知 
1
2
3

第25个块结束relay

[handleTxFromClient] S0 N0 recv client batch, tx_count=29
[handleTxFromClient] S0 N0 append to Tx_pool.Queue: local_queued=27 forward_other_shard=0 Queue_total_len=791
时间：1780552240543  本节点已接收到新
本节点已将迁移过来的pending交易的账户数量发送到client

本节点已接收到分片S1发来通知 
1
2
3
时间：52621  正在向分片S1的主节点发送新
本节点已将不变的账户数量发送到client

[Propose wait] S0 N0 spin=50 epoch=26 now=1780552241 InitTime=1780552188 lastpropose=1780552240 wallGap=53 need>=50 ok1=true lastGap=1 need>=2 ok2=false
[Propose] S0 N0 时间条件满足: epoch=26->27 now=1780552242 InitTime=1780552188 lastpropose=1780552240 wallGap=54>=50 lastGap=2>=2 → propose1
[Propose] S0 N0 等待 sequenceLock…
[Propose] S0 N0 已持有 sequenceLock，seqID=26 即将 propose1
[propose1] S0 N0 seq=26 Tx_pool.Queue_len=810
left_count: 200
更新树花时间为: 44
写数据库IO花时间为: 84
编号为 26 的区块已加入本地区块链！curBlock: 
blockHeader: 
[4822797edfdecaf1b13748d670738cd521adb9963a123ed02eecfec29c9f069b e274e3f257ab05c38c8e7e3633146e7e0d6b4d94a037ca6258305df86de7ed5e bb84ad0e4162dc3f7ec1109667f63bf6ecefa74d208daa12425d4ed6c64263e0 26 1780552242]
# of transactions: 200
# of TXmig1s: 0
# of In1s: 0
# of Anns: 300
# of NSs: 0
blockHash: 
dd34419527ab8c1366a68610824eb43539b2c91e215f975380a9187e8973ddf4
handleAnns时是第26个块

handleannounce交易池操作时差为：0
handleannounce两锁时差为：0


第26个块开始准备relay

[Propose wait] S0 N0 spin=1 epoch=27 now=1780552242 InitTime=1780552188 lastpropose=1780552242 wallGap=54 need>=52 ok1=true lastGap=0 need>=2 ok2=false

第26个块结束relay

[Propose wait] S0 N0 spin=50 epoch=27 now=1780552243 InitTime=1780552188 lastpropose=1780552242 wallGap=55 need>=52 ok1=true lastGap=1 need>=2 ok2=false
[Propose] S0 N0 时间条件满足: epoch=27->28 now=1780552244 InitTime=1780552188 lastpropose=1780552242 wallGap=56>=52 lastGap=2>=2 → propose1
[Propose] S0 N0 等待 sequenceLock…
[Propose] S0 N0 已持有 sequenceLock，seqID=27 即将 propose1
[propose1] S0 N0 seq=27 Tx_pool.Queue_len=577
left_count: 421
时间：1780552244116  本节点已接收到新
本节点已将迁移过来的pending交易的账户数量发送到client

更新树花时间为: 45
写数据库IO花时间为: 65
编号为 27 的区块已加入本地区块链！curBlock: 
blockHeader: 
[dd34419527ab8c1366a68610824eb43539b2c91e215f975380a9187e8973ddf4 9d212bfabb3a4b97bb78b9cd99c7d06b75b0759a51035533de4697f9f0b479df c586bb2325764630d3b8e85eed79be285f271233c919d0095e91dbb5ea664be5 27 1780552244]
# of transactions: 421
# of TXmig1s: 0
# of In1s: 0
# of Anns: 13
# of NSs: 66
blockHash: 
88eb075d2cc4325517284593fb78b9ebd85fbf9a3d9652cf5d0a616303c2d201
handleAnns时是第27个块

handleannounce交易池操作时差为：0
handleannounce两锁时差为：0


第27个块开始准备relay

[Propose wait] S0 N0 spin=1 epoch=28 now=1780552244 InitTime=1780552188 lastpropose=1780552244 wallGap=56 need>=54 ok1=true lastGap=0 need>=2 ok2=false
时间：56308  正在向分片S1的主节点发送新
本节点已将不变的账户数量发送到client


第27个块结束relay

时间：1780552244651  本节点已接收到新
本节点已将迁移过来的pending交易的账户数量发送到client

[Propose wait] S0 N0 spin=50 epoch=28 now=1780552245 InitTime=1780552188 lastpropose=1780552244 wallGap=57 need>=54 ok1=true lastGap=1 need>=2 ok2=false
时间：57987  正在向分片S1的主节点发送新
本节点已将不变的账户数量发送到client

[Propose] S0 N0 时间条件满足: epoch=28->29 now=1780552246 InitTime=1780552188 lastpropose=1780552244 wallGap=58>=54 lastGap=2>=2 → propose1
[Propose] S0 N0 等待 sequenceLock…
[Propose] S0 N0 已持有 sequenceLock，seqID=28 即将 propose1
[propose1] S0 N0 seq=28 Tx_pool.Queue_len=488
left_count: 385
更新树花时间为: 36
写数据库IO花时间为: 58
编号为 28 的区块已加入本地区块链！curBlock: 
blockHeader: 
[88eb075d2cc4325517284593fb78b9ebd85fbf9a3d9652cf5d0a616303c2d201 fb9a0d5a783626ee3f08c9037f8e813a089216ddc0f293e8232b3b2b5690850c 05e9adf3f13fccf4423de596fe1d4e6248c7b6e6c201a4e72f21681e112d2365 28 1780552246]
# of transactions: 385
# of TXmig1s: 0
# of In1s: 0
# of Anns: 0
# of NSs: 115
blockHash: 
3a6c2750721251f5897765ead874ac9dd8586cd3f6f6376e0765f8e269651613

第28个块开始准备relay

[Propose wait] S0 N0 spin=1 epoch=29 now=1780552246 InitTime=1780552188 lastpropose=1780552246 wallGap=58 need>=56 ok1=true lastGap=0 need>=2 ok2=false

第28个块结束relay

[Propose wait] S0 N0 spin=50 epoch=29 now=1780552247 InitTime=1780552188 lastpropose=1780552246 wallGap=59 need>=56 ok1=true lastGap=1 need>=2 ok2=false
[Propose] S0 N0 时间条件满足: epoch=29->30 now=1780552248 InitTime=1780552188 lastpropose=1780552246 wallGap=60>=56 lastGap=2>=2 → propose1
[Propose] S0 N0 等待 sequenceLock…
[Propose] S0 N0 已持有 sequenceLock，seqID=29 即将 propose1
[propose1] S0 N0 seq=29 Tx_pool.Queue_len=352
left_count: 500
更新树花时间为: 46
写数据库IO花时间为: 65
编号为 29 的区块已加入本地区块链！curBlock: 
blockHeader: 
[3a6c2750721251f5897765ead874ac9dd8586cd3f6f6376e0765f8e269651613 16b112fac7cbe84f8c438aa817988f87be416e5fe62a7777490d856840ea0edc 3dc92f86bb26f912dde03501f780b1c3262e50c319b7a37ac2c4a3d7a3fcf34b 29 1780552248]
# of transactions: 351
# of TXmig1s: 0
# of In1s: 0
# of Anns: 0
# of NSs: 0
blockHash: 
e604692a3ffe5fe823ad18080543774670800bb4853ee4b34887d8f58a9d7e6d

第29个块开始准备relay

[Propose wait] S0 N0 spin=1 epoch=30 now=1780552248 InitTime=1780552188 lastpropose=1780552248 wallGap=60 need>=58 ok1=true lastGap=0 need>=2 ok2=false

第29个块结束relay

[Propose wait] S0 N0 spin=50 epoch=30 now=1780552249 InitTime=1780552188 lastpropose=1780552248 wallGap=61 need>=58 ok1=true lastGap=1 need>=2 ok2=false
[Propose] S0 N0 时间条件满足: epoch=30->31 now=1780552250 InitTime=1780552188 lastpropose=1780552248 wallGap=62>=58 lastGap=2>=2 → propose1
[Propose] S0 N0 等待 sequenceLock…
[Propose] S0 N0 已持有 sequenceLock，seqID=30 即将 propose1
[propose1] S0 N0 seq=30 Tx_pool.Queue_len=133
left_count: 500
更新树花时间为: 15
写数据库IO花时间为: 32
编号为 30 的区块已加入本地区块链！curBlock: 
blockHeader: 
[e604692a3ffe5fe823ad18080543774670800bb4853ee4b34887d8f58a9d7e6d f3da3677ccde094b0ea20277a08ef314a2a1d4c1e72865d385fb8916066905a5 19efeddeb080bc96743260e9bc42e702bfd7c969fca211a7621ca1f73d210749 30 1780552250]
# of transactions: 132
# of TXmig1s: 0
# of In1s: 0
# of Anns: 0
# of NSs: 0
blockHash: 
33eee42a9955137f8b7cde00f901bcabece679e86ee376a0e2062dc0007a06bf
[Propose wait] S0 N0 spin=1 epoch=31 now=1780552250 InitTime=1780552188 lastpropose=1780552250 wallGap=62 need>=60 ok1=true lastGap=0 need>=2 ok2=false
[Propose wait] S0 N0 spin=50 epoch=31 now=1780552251 InitTime=1780552188 lastpropose=1780552250 wallGap=63 need>=60 ok1=true lastGap=1 need>=2 ok2=false
[Propose] S0 N0 时间条件满足: epoch=31->32 now=1780552252 InitTime=1780552188 lastpropose=1780552250 wallGap=64>=60 lastGap=2>=2 → propose1
[Propose] S0 N0 等待 sequenceLock…
[Propose] S0 N0 已持有 sequenceLock，seqID=31 即将 propose1
[propose1] S0 N0 seq=31 Tx_pool.Queue_len=188
left_count: 500
更新树花时间为: 24
写数据库IO花时间为: 71
编号为 31 的区块已加入本地区块链！curBlock: 
blockHeader: 
[33eee42a9955137f8b7cde00f901bcabece679e86ee376a0e2062dc0007a06bf 2edad39b1b09fc04cad7998380725003ec93f5f53c18e43df1c0bac960605d02 482a0c881eec6ade270a1a26c963e50cc6f72ecbb5277210158c9e5f14c737e5 31 1780552252]
# of transactions: 187
# of TXmig1s: 0
# of In1s: 0
# of Anns: 0
# of NSs: 0
blockHash: 
6d3829c061837932c49777a22502a09c2f03b608dded1a1e35a7242dd0687894
[Propose wait] S0 N0 spin=1 epoch=32 now=1780552252 InitTime=1780552188 lastpropose=1780552252 wallGap=64 need>=62 ok1=true lastGap=0 need>=2 ok2=false
[Propose wait] S0 N0 spin=50 epoch=32 now=1780552253 InitTime=1780552188 lastpropose=1780552252 wallGap=65 need>=62 ok1=true lastGap=1 need>=2 ok2=false
[Propose] S0 N0 时间条件满足: epoch=32->33 now=1780552254 InitTime=1780552188 lastpropose=1780552252 wallGap=66>=62 lastGap=2>=2 → propose1
[Propose] S0 N0 等待 sequenceLock…
[Propose] S0 N0 已持有 sequenceLock，seqID=32 即将 propose1
[propose1] S0 N0 seq=32 Tx_pool.Queue_len=207
left_count: 500
更新树花时间为: 24
写数据库IO花时间为: 70
编号为 32 的区块已加入本地区块链！curBlock: 
blockHeader: 
[6d3829c061837932c49777a22502a09c2f03b608dded1a1e35a7242dd0687894 2ed013cade62450430085010b60b19160cdbc52676f8b66afe3cb32780374bbe 19999cd57548c8f0a8c527042bde68b7452daf03da3c3b2eff2c2811d80c844f 32 1780552254]
# of transactions: 206
# of TXmig1s: 0
# of In1s: 0
# of Anns: 0
# of NSs: 0
blockHash: 
498a084f78b79f04a8d872d599890413bf8303196cbc108fc0d6d92fc98cd63f
[Propose wait] S0 N0 spin=1 epoch=33 now=1780552254 InitTime=1780552188 lastpropose=1780552254 wallGap=66 need>=64 ok1=true lastGap=0 need>=2 ok2=false
[Propose wait] S0 N0 spin=50 epoch=33 now=1780552255 InitTime=1780552188 lastpropose=1780552254 wallGap=67 need>=64 ok1=true lastGap=1 need>=2 ok2=false
[Propose] S0 N0 时间条件满足: epoch=33->34 now=1780552256 InitTime=1780552188 lastpropose=1780552254 wallGap=68>=64 lastGap=2>=2 → propose1
[Propose] S0 N0 等待 sequenceLock…
[Propose] S0 N0 已持有 sequenceLock，seqID=33 即将 propose1
[propose1] S0 N0 seq=33 Tx_pool.Queue_len=236
left_count: 500
更新树花时间为: 28
写数据库IO花时间为: 39
编号为 33 的区块已加入本地区块链！curBlock: 
blockHeader: 
[498a084f78b79f04a8d872d599890413bf8303196cbc108fc0d6d92fc98cd63f 94041420ce8311bd79ceb9228797c0a4ce7e211587fd7b2b96c161927f82cc5b 23deca5b9425ce25b0803d540bafe24b72f98db8a11672b0e8b64458ed624a66 33 1780552256]
# of transactions: 235
# of TXmig1s: 0
# of In1s: 0
# of Anns: 0
# of NSs: 0
blockHash: 
c3c28abba764b5e1135965659f97fe4c7a1513c804100e2e170fa53d666209a7
[Propose wait] S0 N0 spin=1 epoch=34 now=1780552256 InitTime=1780552188 lastpropose=1780552256 wallGap=68 need>=66 ok1=true lastGap=0 need>=2 ok2=false
[Propose wait] S0 N0 spin=50 epoch=34 now=1780552257 InitTime=1780552188 lastpropose=1780552256 wallGap=69 need>=66 ok1=true lastGap=1 need>=2 ok2=false
[Propose] S0 N0 时间条件满足: epoch=34->35 now=1780552258 InitTime=1780552188 lastpropose=1780552256 wallGap=70>=66 lastGap=2>=2 → propose1
[Propose] S0 N0 等待 sequenceLock…
[Propose] S0 N0 已持有 sequenceLock，seqID=34 即将 propose1
[propose1] S0 N0 seq=34 Tx_pool.Queue_len=232
left_count: 500
更新树花时间为: 37
写数据库IO花时间为: 44
编号为 34 的区块已加入本地区块链！curBlock: 
blockHeader: 
[c3c28abba764b5e1135965659f97fe4c7a1513c804100e2e170fa53d666209a7 5841101988f08d6a9b908a7b3e63ff50a6ec4265de186a108a864519c39cdf11 241a88ea95c68eaecf530ea17adcf0f6d33b4ada8b70e2c7b60e18cff921218e 34 1780552258]
# of transactions: 231
# of TXmig1s: 0
# of In1s: 0
# of Anns: 0
# of NSs: 0
blockHash: 
cd23d0f03382cea38af1119a4ff39dec8ca926fb6f36eea5748255a0a329bd89
[Propose wait] S0 N0 spin=1 epoch=35 now=1780552258 InitTime=1780552188 lastpropose=1780552258 wallGap=70 need>=68 ok1=true lastGap=0 need>=2 ok2=false
[Propose wait] S0 N0 spin=50 epoch=35 now=1780552259 InitTime=1780552188 lastpropose=1780552258 wallGap=71 need>=68 ok1=true lastGap=1 need>=2 ok2=false
[Propose] S0 N0 时间条件满足: epoch=35->36 now=1780552260 InitTime=1780552188 lastpropose=1780552258 wallGap=72>=68 lastGap=2>=2 → propose1
[Propose] S0 N0 等待 sequenceLock…
[Propose] S0 N0 已持有 sequenceLock，seqID=35 即将 propose1
[propose1] S0 N0 seq=35 Tx_pool.Queue_len=255
left_count: 500
更新树花时间为: 36
写数据库IO花时间为: 47
编号为 35 的区块已加入本地区块链！curBlock: 
blockHeader: 
[cd23d0f03382cea38af1119a4ff39dec8ca926fb6f36eea5748255a0a329bd89 a3fee902509e85c64d1151c90ce741e3bd363f715a4caae6c166792354120a2d 77911dd1690c67d8a00b6c32892637787ad00edaccfc7f3f7df05e2fdc1871a7 35 1780552260]
# of transactions: 254
# of TXmig1s: 0
# of In1s: 0
# of Anns: 0
# of NSs: 0
blockHash: 
7762cc546160b652a1b6b1cf42493a3c98083e46a4b87cea73eeb6a4f0daa13a
[Propose wait] S0 N0 spin=1 epoch=36 now=1780552260 InitTime=1780552188 lastpropose=1780552260 wallGap=72 need>=70 ok1=true lastGap=0 need>=2 ok2=false
[Propose wait] S0 N0 spin=50 epoch=36 now=1780552261 InitTime=1780552188 lastpropose=1780552260 wallGap=73 need>=70 ok1=true lastGap=1 need>=2 ok2=false
[Propose] S0 N0 时间条件满足: epoch=36->37 now=1780552262 InitTime=1780552188 lastpropose=1780552260 wallGap=74>=70 lastGap=2>=2 → propose1
[Propose] S0 N0 等待 sequenceLock…
[Propose] S0 N0 已持有 sequenceLock，seqID=36 即将 propose1
[propose1] S0 N0 seq=36 Tx_pool.Queue_len=211
left_count: 500
更新树花时间为: 25
写数据库IO花时间为: 44
编号为 36 的区块已加入本地区块链！curBlock: 
blockHeader: 
[7762cc546160b652a1b6b1cf42493a3c98083e46a4b87cea73eeb6a4f0daa13a d916320d8d155fb24cfbf68567bfaf611c8db23a4beb4dd76f88ee05b5d8fb6f 9dcd3a81e2b03462f67db4caa1be43c7b771460be3ffbe96933fadd42208c74a 36 1780552262]
# of transactions: 210
# of TXmig1s: 0
# of In1s: 0
# of Anns: 0
# of NSs: 0
blockHash: 
60e01d5677d6cd08f524caaa59f70b68c247e6ab954800cd86b3b2aee2f100cf
[Propose wait] S0 N0 spin=1 epoch=37 now=1780552262 InitTime=1780552188 lastpropose=1780552262 wallGap=74 need>=72 ok1=true lastGap=0 need>=2 ok2=false
[Propose wait] S0 N0 spin=50 epoch=37 now=1780552263 InitTime=1780552188 lastpropose=1780552262 wallGap=75 need>=72 ok1=true lastGap=1 need>=2 ok2=false
[Propose] S0 N0 时间条件满足: epoch=37->38 now=1780552264 InitTime=1780552188 lastpropose=1780552262 wallGap=76>=72 lastGap=2>=2 → propose1
[Propose] S0 N0 等待 sequenceLock…
[Propose] S0 N0 已持有 sequenceLock，seqID=37 即将 propose1
[propose1] S0 N0 seq=37 Tx_pool.Queue_len=177
left_count: 500
更新树花时间为: 25
写数据库IO花时间为: 28
编号为 37 的区块已加入本地区块链！curBlock: 
blockHeader: 
[60e01d5677d6cd08f524caaa59f70b68c247e6ab954800cd86b3b2aee2f100cf c31bd215094d0d5e193256849b40a057e0266f14df40a86d10cef0ce4133cc5e 3a2e119eb0cb8ab33968b33d0acdd9110325c01c74646557f361d0de19b36029 37 1780552264]
# of transactions: 176
# of TXmig1s: 0
# of In1s: 0
# of Anns: 0
# of NSs: 0
blockHash: 
ccd7d2ab974f47784c21aabdf316f07024ff12c0ef213b0d5f63be769e906b85
[Propose wait] S0 N0 spin=1 epoch=38 now=1780552264 InitTime=1780552188 lastpropose=1780552264 wallGap=76 need>=74 ok1=true lastGap=0 need>=2 ok2=false
[Propose wait] S0 N0 spin=50 epoch=38 now=1780552265 InitTime=1780552188 lastpropose=1780552264 wallGap=77 need>=74 ok1=true lastGap=1 need>=2 ok2=false
[Propose] S0 N0 时间条件满足: epoch=38->39 now=1780552266 InitTime=1780552188 lastpropose=1780552264 wallGap=78>=74 lastGap=2>=2 → propose1
[Propose] S0 N0 等待 sequenceLock…
[Propose] S0 N0 已持有 sequenceLock，seqID=38 即将 propose1
[propose1] S0 N0 seq=38 Tx_pool.Queue_len=1
left_count: 500
更新树花时间为: 0
写数据库IO花时间为: 14
编号为 38 的区块已加入本地区块链！curBlock: 
blockHeader: 
[ccd7d2ab974f47784c21aabdf316f07024ff12c0ef213b0d5f63be769e906b85 c31bd215094d0d5e193256849b40a057e0266f14df40a86d10cef0ce4133cc5e 56e81f171bcc55a6ff8345e692c0f86e5b48e01b996cadc001622fb5e363b421 38 1780552266]
# of transactions: 0
# of TXmig1s: 0
# of In1s: 0
# of Anns: 0
# of NSs: 0
blockHash: 
680b05c238b5751621f91803417b20e7dc88f35723217a4c1ae61f491d44e13b
[Propose wait] S0 N0 spin=1 epoch=39 now=1780552266 InitTime=1780552188 lastpropose=1780552266 wallGap=78 need>=76 ok1=true lastGap=0 need>=2 ok2=false
[Propose wait] S0 N0 spin=50 epoch=39 now=1780552267 InitTime=1780552188 lastpropose=1780552266 wallGap=79 need>=76 ok1=true lastGap=1 need>=2 ok2=false
[Propose] S0 N0 时间条件满足: epoch=39->40 now=1780552268 InitTime=1780552188 lastpropose=1780552266 wallGap=80>=76 lastGap=2>=2 → propose1
[Propose] S0 N0 等待 sequenceLock…
[Propose] S0 N0 已持有 sequenceLock，seqID=39 即将 propose1
[propose1] S0 N0 seq=39 Tx_pool.Queue_len=1
left_count: 500
更新树花时间为: 0
写数据库IO花时间为: 9
编号为 39 的区块已加入本地区块链！curBlock: 
blockHeader: 
[680b05c238b5751621f91803417b20e7dc88f35723217a4c1ae61f491d44e13b c31bd215094d0d5e193256849b40a057e0266f14df40a86d10cef0ce4133cc5e 56e81f171bcc55a6ff8345e692c0f86e5b48e01b996cadc001622fb5e363b421 39 1780552268]
# of transactions: 0
# of TXmig1s: 0
# of In1s: 0
# of Anns: 0
# of NSs: 0
blockHash: 
b8153b76c69afa065527d5e462249e1a5539c874396c1c02e59dc30ee7adf9b8
[Propose wait] S0 N0 spin=1 epoch=40 now=1780552268 InitTime=1780552188 lastpropose=1780552268 wallGap=80 need>=78 ok1=true lastGap=0 need>=2 ok2=false
[Propose wait] S0 N0 spin=50 epoch=40 now=1780552269 InitTime=1780552188 lastpropose=1780552268 wallGap=81 need>=78 ok1=true lastGap=1 need>=2 ok2=false
[Propose] S0 N0 时间条件满足: epoch=40->41 now=1780552270 InitTime=1780552188 lastpropose=1780552268 wallGap=82>=78 lastGap=2>=2 → propose1
[Propose] S0 N0 等待 sequenceLock…
[Propose] S0 N0 已持有 sequenceLock，seqID=40 即将 propose1
[propose1] S0 N0 seq=40 Tx_pool.Queue_len=1
left_count: 500
更新树花时间为: 0
写数据库IO花时间为: 11
编号为 40 的区块已加入本地区块链！curBlock: 
blockHeader: 
[b8153b76c69afa065527d5e462249e1a5539c874396c1c02e59dc30ee7adf9b8 c31bd215094d0d5e193256849b40a057e0266f14df40a86d10cef0ce4133cc5e 56e81f171bcc55a6ff8345e692c0f86e5b48e01b996cadc001622fb5e363b421 40 1780552270]
# of transactions: 0
# of TXmig1s: 0
# of In1s: 0
# of Anns: 0
# of NSs: 0
blockHash: 
22200dc0de964a76c67f691ac965774bbcbdb1d8be406987a034554efb1d42fd
[Propose wait] S0 N0 spin=1 epoch=41 now=1780552270 InitTime=1780552188 lastpropose=1780552270 wallGap=82 need>=80 ok1=true lastGap=0 need>=2 ok2=false
[Propose wait] S0 N0 spin=50 epoch=41 now=1780552271 InitTime=1780552188 lastpropose=1780552270 wallGap=83 need>=80 ok1=true lastGap=1 need>=2 ok2=false
[Propose] S0 N0 时间条件满足: epoch=41->42 now=1780552272 InitTime=1780552188 lastpropose=1780552270 wallGap=84>=80 lastGap=2>=2 → propose1
[Propose] S0 N0 等待 sequenceLock…
[Propose] S0 N0 已持有 sequenceLock，seqID=41 即将 propose1
[propose1] S0 N0 seq=41 Tx_pool.Queue_len=1
left_count: 500
更新树花时间为: 1
写数据库IO花时间为: 17
编号为 41 的区块已加入本地区块链！curBlock: 
blockHeader: 
[22200dc0de964a76c67f691ac965774bbcbdb1d8be406987a034554efb1d42fd c31bd215094d0d5e193256849b40a057e0266f14df40a86d10cef0ce4133cc5e 56e81f171bcc55a6ff8345e692c0f86e5b48e01b996cadc001622fb5e363b421 41 1780552272]
# of transactions: 0
# of TXmig1s: 0
# of In1s: 0
# of Anns: 0
# of NSs: 0
blockHash: 
914041dbdcbc30b4b22d88c89eb7ecbdefee01474189501bc5aa6eaeb94f7864
[Propose wait] S0 N0 spin=1 epoch=42 now=1780552272 InitTime=1780552188 lastpropose=1780552272 wallGap=84 need>=82 ok1=true lastGap=0 need>=2 ok2=false
[Propose wait] S0 N0 spin=50 epoch=42 now=1780552273 InitTime=1780552188 lastpropose=1780552272 wallGap=85 need>=82 ok1=true lastGap=1 need>=2 ok2=false
[Propose] S0 N0 时间条件满足: epoch=42->43 now=1780552274 InitTime=1780552188 lastpropose=1780552272 wallGap=86>=82 lastGap=2>=2 → propose1
[Propose] S0 N0 等待 sequenceLock…
[Propose] S0 N0 已持有 sequenceLock，seqID=42 即将 propose1
[propose1] S0 N0 seq=42 Tx_pool.Queue_len=1
left_count: 500
更新树花时间为: 0
写数据库IO花时间为: 5
编号为 42 的区块已加入本地区块链！curBlock: 
blockHeader: 
[914041dbdcbc30b4b22d88c89eb7ecbdefee01474189501bc5aa6eaeb94f7864 c31bd215094d0d5e193256849b40a057e0266f14df40a86d10cef0ce4133cc5e 56e81f171bcc55a6ff8345e692c0f86e5b48e01b996cadc001622fb5e363b421 42 1780552274]
# of transactions: 0
# of TXmig1s: 0
# of In1s: 0
# of Anns: 0
# of NSs: 0
blockHash: 
65246ddfa78bd9faa335cc5b9bc0e23d10a85f187995f645018cdcfbdd994393
[Propose wait] S0 N0 spin=1 epoch=43 now=1780552274 InitTime=1780552188 lastpropose=1780552274 wallGap=86 need>=84 ok1=true lastGap=0 need>=2 ok2=false
节点收到终止节点消息，停止运行
