MigrationStrategy=MVSS-Delta (Stop=false Lock=false NotLock=true)
&{77 N0 S1 2 0 selectedTxs_300K.csv 2 500 300 150 150 150 150 1000 10 1 400 20000 0 50000 20 true MVSS-Delta false false true false true false 3 false 8 false false false PageRank false 100 true false false 3 0 0 0  0}
[SyncLog] init ok shard=S1 node=N0 file=./log/S1_sync.csv
交易将由外部客户端发送
节点 N0 已启动，所属分片: S1
[Propose wait-first-tx] S1 N0 seq=1 Queue_len=0，首块等待交易注入后再出块
节点开启监听，地址：127.0.0.1:8020
[Propose wait-first-tx] S1 N0 seq=1 Queue_len=0，首块等待交易注入后再出块
[Propose wait-first-tx] S1 N0 seq=1 Queue_len=0，首块等待交易注入后再出块
[Propose wait-first-tx] S1 N0 seq=1 Queue_len=0，首块等待交易注入后再出块
[Propose wait-first-tx] S1 N0 seq=1 Queue_len=0，首块等待交易注入后再出块
[Propose wait-first-tx] S1 N0 seq=1 Queue_len=0，首块等待交易注入后再出块
[Propose wait-first-tx] S1 N0 seq=1 Queue_len=0，首块等待交易注入后再出块
[Propose wait-first-tx] S1 N0 seq=1 Queue_len=0，首块等待交易注入后再出块
[Propose wait-first-tx] S1 N0 seq=1 Queue_len=0，首块等待交易注入后再出块
[Propose wait-first-tx] S1 N0 seq=1 Queue_len=0，首块等待交易注入后再出块
[Propose wait-first-tx] S1 N0 seq=1 Queue_len=0，首块等待交易注入后再出块
[Propose wait-first-tx] S1 N0 seq=1 Queue_len=0，首块等待交易注入后再出块
[Propose wait-first-tx] S1 N0 seq=1 Queue_len=0，首块等待交易注入后再出块
[Propose wait-first-tx] S1 N0 seq=1 Queue_len=0，首块等待交易注入后再出块
[Propose wait-first-tx] S1 N0 seq=1 Queue_len=0，首块等待交易注入后再出块
[Propose wait-first-tx] S1 N0 seq=1 Queue_len=0，首块等待交易注入后再出块
本节点已接收到客户端发送的初始时间：1780552188（锚定 InitTime=1780552188，已重置 epoch=1）
[Propose wait-first-tx] S1 N0 seq=1 Queue_len=0，首块等待交易注入后再出块
[Propose wait-first-tx] S1 N0 seq=1 Queue_len=0，首块等待交易注入后再出块
[Propose wait-first-tx] S1 N0 seq=1 Queue_len=0，首块等待交易注入后再出块
[Propose wait-first-tx] S1 N0 seq=1 Queue_len=0，首块等待交易注入后再出块
[handleTxFromClient] S1 N0 recv client batch, tx_count=269
[handleTxFromClient] S1 N0 append to Tx_pool.Queue: local_queued=269 forward_other_shard=0 Queue_total_len=269
[Propose wait-first-tx] S1 N0 首块已检测到交易，结束等待，Queue_len=269
[Propose] S1 N0 时间条件满足: epoch=1->2 now=1780552192 InitTime=1780552188 lastpropose=1780552188 wallGap=4>=0 lastGap=4>=2 → propose1
[Propose] S1 N0 等待 sequenceLock…
[Propose] S1 N0 已持有 sequenceLock，seqID=1 即将 propose1
[propose1] S1 N0 seq=1 Tx_pool.Queue_len=269
left_count: 500
更新树花时间为: 39
写数据库IO花时间为: 56
编号为 1 的区块已加入本地区块链！curBlock: 
blockHeader: 
[1add38160db0458a48072f3ade543ffb4af4e9cfdf8f76549b9568e046a6a3ff 654763dfb1c5f484d7ca7498750ad00ca0d5361c00984efe6f4189e9b6fe2934 8e6461f5ac3173d426e78b6c232b0dc72788bfce1ec90242654858c7940f8b5d 1 1780552192]
# of transactions: 269
# of TXmig1s: 0
# of In1s: 0
# of Anns: 0
# of NSs: 0
blockHash: 
6d296ce7b201c9588977ad073a062b86429bdf45846b04510644903161016b67

第1个块开始准备relay

[Propose wait] S1 N0 spin=1 epoch=2 now=1780552192 InitTime=1780552188 lastpropose=1780552192 wallGap=4 need>=2 ok1=true lastGap=0 need>=2 ok2=false

第1个块结束relay

[Propose wait] S1 N0 spin=50 epoch=2 now=1780552193 InitTime=1780552188 lastpropose=1780552192 wallGap=5 need>=2 ok1=true lastGap=1 need>=2 ok2=false
[Propose] S1 N0 时间条件满足: epoch=2->3 now=1780552194 InitTime=1780552188 lastpropose=1780552192 wallGap=6>=2 lastGap=2>=2 → propose1
[Propose] S1 N0 等待 sequenceLock…
[Propose] S1 N0 已持有 sequenceLock，seqID=2 即将 propose1
[propose1] S1 N0 seq=2 Tx_pool.Queue_len=226
left_count: 500
[handleTxFromClient] S1 N0 recv client batch, tx_count=272
[handleTxFromClient] S1 N0 append to Tx_pool.Queue: local_queued=272 forward_other_shard=0 Queue_total_len=272
更新树花时间为: 23
写数据库IO花时间为: 32
编号为 2 的区块已加入本地区块链！curBlock: 
blockHeader: 
[6d296ce7b201c9588977ad073a062b86429bdf45846b04510644903161016b67 6e4fb126cdc7141ba01e371e6495c59480eca1ab8fed997c81fe4127c728e2c5 bd676c6ec4490b9f0769340f8a7c6191656133130cd6ff64badbc2328a62989d 2 1780552194]
# of transactions: 226
# of TXmig1s: 0
# of In1s: 0
# of Anns: 0
# of NSs: 0
blockHash: 
8d964ef6d1c27077e6327c30961453b281672f28a4d4fd6451b2585e3e2b90cc
[Propose wait] S1 N0 spin=1 epoch=3 now=1780552194 InitTime=1780552188 lastpropose=1780552194 wallGap=6 need>=4 ok1=true lastGap=0 need>=2 ok2=false
[Propose wait] S1 N0 spin=50 epoch=3 now=1780552195 InitTime=1780552188 lastpropose=1780552194 wallGap=7 need>=4 ok1=true lastGap=1 need>=2 ok2=false
[Propose] S1 N0 时间条件满足: epoch=3->4 now=1780552196 InitTime=1780552188 lastpropose=1780552194 wallGap=8>=4 lastGap=2>=2 → propose1
[Propose] S1 N0 等待 sequenceLock…
[Propose] S1 N0 已持有 sequenceLock，seqID=3 即将 propose1
[propose1] S1 N0 seq=3 Tx_pool.Queue_len=285
left_count: 500
[handleTxFromClient] S1 N0 recv client batch, tx_count=177
[handleTxFromClient] S1 N0 append to Tx_pool.Queue: local_queued=177 forward_other_shard=0 Queue_total_len=177
更新树花时间为: 40
写数据库IO花时间为: 67
编号为 3 的区块已加入本地区块链！curBlock: 
blockHeader: 
[8d964ef6d1c27077e6327c30961453b281672f28a4d4fd6451b2585e3e2b90cc fe1b9861f17d836c8b992a48d6fbf02000eeb51e8cb27efd7308e88bf6f35961 bedf4918ceebdacaaef584bd1b758872fcd0c9b351ac7c962b53afced2023ff8 3 1780552196]
# of transactions: 285
# of TXmig1s: 0
# of In1s: 0
# of Anns: 0
# of NSs: 0
blockHash: 
ab74d3101fab0ac89bd6a74f33a39578fec34a2408a6b71c622b835ca3e9f01f

第3个块开始准备relay

[Propose wait] S1 N0 spin=1 epoch=4 now=1780552196 InitTime=1780552188 lastpropose=1780552196 wallGap=8 need>=6 ok1=true lastGap=0 need>=2 ok2=false

第3个块结束relay

[Propose wait] S1 N0 spin=50 epoch=4 now=1780552197 InitTime=1780552188 lastpropose=1780552196 wallGap=9 need>=6 ok1=true lastGap=1 need>=2 ok2=false
[Propose] S1 N0 时间条件满足: epoch=4->5 now=1780552198 InitTime=1780552188 lastpropose=1780552196 wallGap=10>=6 lastGap=2>=2 → propose1
[Propose] S1 N0 等待 sequenceLock…
[Propose] S1 N0 已持有 sequenceLock，seqID=4 即将 propose1
[propose1] S1 N0 seq=4 Tx_pool.Queue_len=393
left_count: 500
[handleTxFromClient] S1 N0 recv client batch, tx_count=163
[handleTxFromClient] S1 N0 append to Tx_pool.Queue: local_queued=163 forward_other_shard=0 Queue_total_len=163
更新树花时间为: 52
写数据库IO花时间为: 62
编号为 4 的区块已加入本地区块链！curBlock: 
blockHeader: 
[ab74d3101fab0ac89bd6a74f33a39578fec34a2408a6b71c622b835ca3e9f01f 21ab9566e5a08e42e06d160e2c4b5fb9564435d051cb5bdc574526da7939ea11 73a8fbb83817372f18d7216f917b24302238a30ec2ca39bc33b83b9238a5f2bb 4 1780552198]
# of transactions: 393
# of TXmig1s: 0
# of In1s: 0
# of Anns: 0
# of NSs: 0
blockHash: 
1cf8d04744aa6a65cbc3a9c8add3a234803c427a74703c70531c3a3254515bbb

第4个块开始准备relay

[Propose wait] S1 N0 spin=1 epoch=5 now=1780552198 InitTime=1780552188 lastpropose=1780552198 wallGap=10 need>=8 ok1=true lastGap=0 need>=2 ok2=false

第4个块结束relay

[Propose wait] S1 N0 spin=50 epoch=5 now=1780552199 InitTime=1780552188 lastpropose=1780552198 wallGap=11 need>=8 ok1=true lastGap=1 need>=2 ok2=false
[Propose] S1 N0 时间条件满足: epoch=5->6 now=1780552200 InitTime=1780552188 lastpropose=1780552198 wallGap=12>=8 lastGap=2>=2 → propose1
[Propose] S1 N0 等待 sequenceLock…
[Propose] S1 N0 已持有 sequenceLock，seqID=5 即将 propose1
[propose1] S1 N0 seq=5 Tx_pool.Queue_len=396
left_count: 500
[handleTxFromClient] S1 N0 recv client batch, tx_count=159
[handleTxFromClient] S1 N0 append to Tx_pool.Queue: local_queued=159 forward_other_shard=0 Queue_total_len=159
更新树花时间为: 68
写数据库IO花时间为: 71
编号为 5 的区块已加入本地区块链！curBlock: 
blockHeader: 
[1cf8d04744aa6a65cbc3a9c8add3a234803c427a74703c70531c3a3254515bbb 6c77d2f35508850ac7a5e577bdd3fbf8199f28348eb47161f514d3e985ff44f4 3724147381cec7fca678c68b87f895a6eeba58cbcac3aa65d8ea13e1ac020edb 5 1780552200]
# of transactions: 396
# of TXmig1s: 0
# of In1s: 0
# of Anns: 0
# of NSs: 0
blockHash: 
d7dc47d0274612bec9d4185a15ef19a554b32064ece39ed5977576ee3e53db05

第5个块开始准备relay

[Propose wait] S1 N0 spin=1 epoch=6 now=1780552200 InitTime=1780552188 lastpropose=1780552200 wallGap=12 need>=10 ok1=true lastGap=0 need>=2 ok2=false

第5个块结束relay

[Propose wait] S1 N0 spin=50 epoch=6 now=1780552201 InitTime=1780552188 lastpropose=1780552200 wallGap=13 need>=10 ok1=true lastGap=1 need>=2 ok2=false
[Propose] S1 N0 时间条件满足: epoch=6->7 now=1780552202 InitTime=1780552188 lastpropose=1780552200 wallGap=14>=10 lastGap=2>=2 → propose1
[Propose] S1 N0 等待 sequenceLock…
[Propose] S1 N0 已持有 sequenceLock，seqID=6 即将 propose1
[propose1] S1 N0 seq=6 Tx_pool.Queue_len=310
left_count: 500
更新树花时间为: 30
写数据库IO花时间为: 58
编号为 6 的区块已加入本地区块链！curBlock: 
blockHeader: 
[d7dc47d0274612bec9d4185a15ef19a554b32064ece39ed5977576ee3e53db05 fa3a3ad7000a0de03e640fb1ae36bffa9785bf9939e612d391e5e0479290200e 6e94fe5ca354afeb90deb62804806d7af529dc5680c167073f8ed48a9e59357f 6 1780552202]
# of transactions: 310
# of TXmig1s: 0
# of In1s: 0
# of Anns: 0
# of NSs: 0
blockHash: 
f3d8b3f4431c9ad3841d206d931dab39c2008c81bd0d26fae650afacd23f4191

第6个块开始准备relay

[Propose wait] S1 N0 spin=1 epoch=7 now=1780552202 InitTime=1780552188 lastpropose=1780552202 wallGap=14 need>=12 ok1=true lastGap=0 need>=2 ok2=false
[handleTxFromClient] S1 N0 recv client batch, tx_count=391
[handleTxFromClient] S1 N0 append to Tx_pool.Queue: local_queued=391 forward_other_shard=0 Queue_total_len=391

第6个块结束relay

[Propose wait] S1 N0 spin=50 epoch=7 now=1780552203 InitTime=1780552188 lastpropose=1780552202 wallGap=15 need>=12 ok1=true lastGap=1 need>=2 ok2=false
[Propose] S1 N0 时间条件满足: epoch=7->8 now=1780552204 InitTime=1780552188 lastpropose=1780552202 wallGap=16>=12 lastGap=2>=2 → propose1
[Propose] S1 N0 等待 sequenceLock…
[Propose] S1 N0 已持有 sequenceLock，seqID=7 即将 propose1
[propose1] S1 N0 seq=7 Tx_pool.Queue_len=630
left_count: 500
更新树花时间为: 42
写数据库IO花时间为: 50
编号为 7 的区块已加入本地区块链！curBlock: 
blockHeader: 
[f3d8b3f4431c9ad3841d206d931dab39c2008c81bd0d26fae650afacd23f4191 b0e36f2d8202930199249d2c51b22fd1b11b7eb102c090df8c3c68e6675d8a4a ef039bcfda06cb7b31aa6ff91c675a89bbc56869b48c5e49b4cedc7dc48f1efd 7 1780552204]
# of transactions: 500
# of TXmig1s: 0
# of In1s: 0
# of Anns: 0
# of NSs: 0
blockHash: 
04042e7f0b1d2cc3c1e0b3f0d910de9908f644dcc09a7dbcc138f497c9b9ece9

第7个块开始准备relay

[Propose wait] S1 N0 spin=1 epoch=8 now=1780552204 InitTime=1780552188 lastpropose=1780552204 wallGap=16 need>=14 ok1=true lastGap=0 need>=2 ok2=false
[handleTxFromClient] S1 N0 recv client batch, tx_count=745
[handleTxFromClient] S1 N0 append to Tx_pool.Queue: local_queued=745 forward_other_shard=0 Queue_total_len=875

第7个块结束relay

[Propose wait] S1 N0 spin=50 epoch=8 now=1780552205 InitTime=1780552188 lastpropose=1780552204 wallGap=17 need>=14 ok1=true lastGap=1 need>=2 ok2=false
[Propose] S1 N0 时间条件满足: epoch=8->9 now=1780552206 InitTime=1780552188 lastpropose=1780552204 wallGap=18>=14 lastGap=2>=2 → propose1
[Propose] S1 N0 等待 sequenceLock…
[Propose] S1 N0 已持有 sequenceLock，seqID=8 即将 propose1
[propose1] S1 N0 seq=8 Tx_pool.Queue_len=1101
left_count: 500
更新树花时间为: 35
写数据库IO花时间为: 45
编号为 8 的区块已加入本地区块链！curBlock: 
blockHeader: 
[04042e7f0b1d2cc3c1e0b3f0d910de9908f644dcc09a7dbcc138f497c9b9ece9 0a3e63cb29706d9c6f8e8510f439362cd998bed7f026dc9f937c38a5e343fb5c 13bea8c71089bc20c2488eae6433dffe44838cc7bc42d20c3bb0061bce709841 8 1780552206]
# of transactions: 500
# of TXmig1s: 0
# of In1s: 0
# of Anns: 0
# of NSs: 0
blockHash: 
a037d9cd4b6d7be77f6f0ca0aa00d5c6dce4ed1c7a57a585642425e56f70675e

第8个块开始准备relay

[Propose wait] S1 N0 spin=1 epoch=9 now=1780552206 InitTime=1780552188 lastpropose=1780552206 wallGap=18 need>=16 ok1=true lastGap=0 need>=2 ok2=false
[handleTxFromClient] S1 N0 recv client batch, tx_count=522
[handleTxFromClient] S1 N0 append to Tx_pool.Queue: local_queued=522 forward_other_shard=0 Queue_total_len=1123

第8个块结束relay

[Propose wait] S1 N0 spin=50 epoch=9 now=1780552207 InitTime=1780552188 lastpropose=1780552206 wallGap=19 need>=16 ok1=true lastGap=1 need>=2 ok2=false
[Propose] S1 N0 时间条件满足: epoch=9->10 now=1780552208 InitTime=1780552188 lastpropose=1780552206 wallGap=20>=16 lastGap=2>=2 → propose1
[Propose] S1 N0 等待 sequenceLock…
[Propose] S1 N0 已持有 sequenceLock，seqID=9 即将 propose1
[propose1] S1 N0 seq=9 Tx_pool.Queue_len=1337
left_count: 500
更新树花时间为: 27
写数据库IO花时间为: 36
编号为 9 的区块已加入本地区块链！curBlock: 
blockHeader: 
[a037d9cd4b6d7be77f6f0ca0aa00d5c6dce4ed1c7a57a585642425e56f70675e 144507fde399ed13a1d2a2579a08e4b41fe0cfe7cff92c5f9cca3c3c9624c016 76608b54387de4db1890572047d87c40a191dec0122337577d455c7253f85a72 9 1780552208]
# of transactions: 500
# of TXmig1s: 0
# of In1s: 0
# of Anns: 0
# of NSs: 0
blockHash: 
eb914e4cf6c8bef4b253f5cb33944a8dccf979e2ed1bb33c91b72006ed261476

第9个块开始准备relay

[Propose wait] S1 N0 spin=1 epoch=10 now=1780552208 InitTime=1780552188 lastpropose=1780552208 wallGap=20 need>=18 ok1=true lastGap=0 need>=2 ok2=false
[handleTxFromClient] S1 N0 recv client batch, tx_count=393
[handleTxFromClient] S1 N0 append to Tx_pool.Queue: local_queued=393 forward_other_shard=0 Queue_total_len=1230

第9个块结束relay

[Propose wait] S1 N0 spin=50 epoch=10 now=1780552209 InitTime=1780552188 lastpropose=1780552208 wallGap=21 need>=18 ok1=true lastGap=1 need>=2 ok2=false
[Propose] S1 N0 时间条件满足: epoch=10->11 now=1780552210 InitTime=1780552188 lastpropose=1780552208 wallGap=22>=18 lastGap=2>=2 → propose1
[Propose] S1 N0 等待 sequenceLock…
[Propose] S1 N0 已持有 sequenceLock，seqID=10 即将 propose1
[propose1] S1 N0 seq=10 Tx_pool.Queue_len=1335
left_count: 500
更新树花时间为: 27
写数据库IO花时间为: 47
编号为 10 的区块已加入本地区块链！curBlock: 
blockHeader: 
[eb914e4cf6c8bef4b253f5cb33944a8dccf979e2ed1bb33c91b72006ed261476 a1c9cc771fb625789af11e2edb777dfab81b918939f889f76a34af742983e90a 7ebb392d9afb235f4fb6a53a22c27ff156b264abf2d40e773e05b3262d89c5a3 10 1780552210]
# of transactions: 500
# of TXmig1s: 0
# of In1s: 0
# of Anns: 0
# of NSs: 0
blockHash: 
1db3c26da4a6becfba10d3f30981d1a654c9b994c9ecb44c22c7b478fb5c1637

第10个块开始准备relay

[Propose wait] S1 N0 spin=1 epoch=11 now=1780552210 InitTime=1780552188 lastpropose=1780552210 wallGap=22 need>=20 ok1=true lastGap=0 need>=2 ok2=false
[handleTxFromClient] S1 N0 recv client batch, tx_count=523
[handleTxFromClient] S1 N0 append to Tx_pool.Queue: local_queued=523 forward_other_shard=0 Queue_total_len=1358

第10个块结束relay

[Propose wait] S1 N0 spin=50 epoch=11 now=1780552211 InitTime=1780552188 lastpropose=1780552210 wallGap=23 need>=20 ok1=true lastGap=1 need>=2 ok2=false
[Propose] S1 N0 时间条件满足: epoch=11->12 now=1780552212 InitTime=1780552188 lastpropose=1780552210 wallGap=24>=20 lastGap=2>=2 → propose1
[Propose] S1 N0 等待 sequenceLock…
[Propose] S1 N0 已持有 sequenceLock，seqID=11 即将 propose1
[propose1] S1 N0 seq=11 Tx_pool.Queue_len=1524
left_count: 500
更新树花时间为: 56
写数据库IO花时间为: 65
编号为 11 的区块已加入本地区块链！curBlock: 
blockHeader: 
[1db3c26da4a6becfba10d3f30981d1a654c9b994c9ecb44c22c7b478fb5c1637 28a98bdca136ff1ffea7b750579766c56752aa925c65de385d0bb03ec6f6f6a2 bee0900f1b7222c9c0499a5f1301000640d9198125815c06c004b07c1d162477 11 1780552212]
# of transactions: 500
# of TXmig1s: 0
# of In1s: 0
# of Anns: 0
# of NSs: 0
blockHash: 
acdcf8d0e1bbc677fbaaa6e89b65530944f8e11309270ddee637ec8559cd3150

第11个块开始准备relay

[Propose wait] S1 N0 spin=1 epoch=12 now=1780552212 InitTime=1780552188 lastpropose=1780552212 wallGap=24 need>=22 ok1=true lastGap=0 need>=2 ok2=false
[handleTxFromClient] S1 N0 recv client batch, tx_count=249
[handleTxFromClient] S1 N0 append to Tx_pool.Queue: local_queued=249 forward_other_shard=0 Queue_total_len=1273

第11个块结束relay

[Propose wait] S1 N0 spin=50 epoch=12 now=1780552213 InitTime=1780552188 lastpropose=1780552212 wallGap=25 need>=22 ok1=true lastGap=1 need>=2 ok2=false
[Propose] S1 N0 时间条件满足: epoch=12->13 now=1780552214 InitTime=1780552188 lastpropose=1780552212 wallGap=26>=22 lastGap=2>=2 → propose1
[Propose] S1 N0 等待 sequenceLock…
[Propose] S1 N0 已持有 sequenceLock，seqID=12 即将 propose1
[propose1] S1 N0 seq=12 Tx_pool.Queue_len=1450
left_count: 500
更新树花时间为: 27
写数据库IO花时间为: 49
编号为 12 的区块已加入本地区块链！curBlock: 
blockHeader: 
[acdcf8d0e1bbc677fbaaa6e89b65530944f8e11309270ddee637ec8559cd3150 21272254d0083b8f68b90cc2ca727ed4479ffbbc98fbbb12c80ad2f352394b78 b7c96e1a2e9cbfbc8b7dd13caa4aa314e3b60a3923312f76ff32c33d17f05e3d 12 1780552214]
# of transactions: 500
# of TXmig1s: 0
# of In1s: 0
# of Anns: 0
# of NSs: 0
blockHash: 
58b300603b25b130562ef082382d69767fd7c70435cafd170f7df663966bf4fa

第12个块开始准备relay

[Propose wait] S1 N0 spin=1 epoch=13 now=1780552214 InitTime=1780552188 lastpropose=1780552214 wallGap=26 need>=24 ok1=true lastGap=0 need>=2 ok2=false
[handleTxFromClient] S1 N0 recv client batch, tx_count=167
[handleTxFromClient] S1 N0 append to Tx_pool.Queue: local_queued=167 forward_other_shard=0 Queue_total_len=1117

第12个块结束relay

[Propose wait] S1 N0 spin=50 epoch=13 now=1780552215 InitTime=1780552188 lastpropose=1780552214 wallGap=27 need>=24 ok1=true lastGap=1 need>=2 ok2=false
[Propose] S1 N0 时间条件满足: epoch=13->14 now=1780552216 InitTime=1780552188 lastpropose=1780552214 wallGap=28>=24 lastGap=2>=2 → propose1
[Propose] S1 N0 等待 sequenceLock…
[Propose] S1 N0 已持有 sequenceLock，seqID=13 即将 propose1
[propose1] S1 N0 seq=13 Tx_pool.Queue_len=1257
left_count: 500
更新树花时间为: 28
写数据库IO花时间为: 43
编号为 13 的区块已加入本地区块链！curBlock: 
blockHeader: 
[58b300603b25b130562ef082382d69767fd7c70435cafd170f7df663966bf4fa efdc6070cc2cda19c4f1a40e86e04bea7f7d7ad86ad594038938b65bdec97c07 9b393044baf000bb81245277a0ef3b6ac9f5631f0b29598c481129da1e4759af 13 1780552216]
# of transactions: 500
# of TXmig1s: 0
# of In1s: 0
# of Anns: 0
# of NSs: 0
blockHash: 
dfb040a140f26c3f93f4e6f5e9ce3bc68e94c9fe12196546f8f9ce70a290ecfa

第13个块开始准备relay

[Propose wait] S1 N0 spin=1 epoch=14 now=1780552216 InitTime=1780552188 lastpropose=1780552216 wallGap=28 need>=26 ok1=true lastGap=0 need>=2 ok2=false
[handleTxFromClient] S1 N0 recv client batch, tx_count=311
[handleTxFromClient] S1 N0 append to Tx_pool.Queue: local_queued=311 forward_other_shard=0 Queue_total_len=1068

第13个块结束relay

[Propose wait] S1 N0 spin=50 epoch=14 now=1780552217 InitTime=1780552188 lastpropose=1780552216 wallGap=29 need>=26 ok1=true lastGap=1 need>=2 ok2=false
[Propose] S1 N0 时间条件满足: epoch=14->15 now=1780552218 InitTime=1780552188 lastpropose=1780552216 wallGap=30>=26 lastGap=2>=2 → propose1
[Propose] S1 N0 等待 sequenceLock…
[Propose] S1 N0 已持有 sequenceLock，seqID=14 即将 propose1
[propose1] S1 N0 seq=14 Tx_pool.Queue_len=1275
left_count: 500
更新树花时间为: 63
写数据库IO花时间为: 68
编号为 14 的区块已加入本地区块链！curBlock: 
blockHeader: 
[dfb040a140f26c3f93f4e6f5e9ce3bc68e94c9fe12196546f8f9ce70a290ecfa 1626bb0345478257d38a053790c8f2ee1dad3ad25642ab858e9fcee9f0335286 dea482a6156ac06fe6a85bf03c8f8f2d48df1c27ef5005637061674cc97d81dd 14 1780552218]
# of transactions: 500
# of TXmig1s: 0
# of In1s: 0
# of Anns: 0
# of NSs: 0
blockHash: 
6a4cdd62f041ded7d4c61f722aa900d61e0889e11242623b3582658d8d9d2774

第14个块开始准备relay

[Propose wait] S1 N0 spin=1 epoch=15 now=1780552218 InitTime=1780552188 lastpropose=1780552218 wallGap=30 need>=28 ok1=true lastGap=0 need>=2 ok2=false
[handleTxFromClient] S1 N0 recv client batch, tx_count=304
[handleTxFromClient] S1 N0 append to Tx_pool.Queue: local_queued=304 forward_other_shard=0 Queue_total_len=1079

第14个块结束relay

[Propose wait] S1 N0 spin=50 epoch=15 now=1780552219 InitTime=1780552188 lastpropose=1780552218 wallGap=31 need>=28 ok1=true lastGap=1 need>=2 ok2=false
[Propose] S1 N0 时间条件满足: epoch=15->16 now=1780552220 InitTime=1780552188 lastpropose=1780552218 wallGap=32>=28 lastGap=2>=2 → propose1
[Propose] S1 N0 等待 sequenceLock…
[Propose] S1 N0 已持有 sequenceLock，seqID=15 即将 propose1
[propose1] S1 N0 seq=15 Tx_pool.Queue_len=1281
left_count: 500
更新树花时间为: 64
写数据库IO花时间为: 69
编号为 15 的区块已加入本地区块链！curBlock: 
blockHeader: 
[6a4cdd62f041ded7d4c61f722aa900d61e0889e11242623b3582658d8d9d2774 d24367c7445cd9e9134fac50089d09862c169be487e7f5d1dc7bfb4921834986 d131ae88f0042ff5ee13bc78baf94fd43d6a5ebacea4d08a7731a65292177451 15 1780552220]
# of transactions: 500
# of TXmig1s: 0
# of In1s: 0
# of Anns: 0
# of NSs: 0
blockHash: 
bbf64190f3d8bea293f432fdde504b9e2dfb4480938d15c21c0f409440fb1c24

第15个块开始准备relay

[Propose wait] S1 N0 spin=1 epoch=16 now=1780552220 InitTime=1780552188 lastpropose=1780552220 wallGap=32 need>=30 ok1=true lastGap=0 need>=2 ok2=false
[handleTxFromClient] S1 N0 recv client batch, tx_count=332
[handleTxFromClient] S1 N0 append to Tx_pool.Queue: local_queued=332 forward_other_shard=0 Queue_total_len=1113

第15个块结束relay

[Propose wait] S1 N0 spin=50 epoch=16 now=1780552221 InitTime=1780552188 lastpropose=1780552220 wallGap=33 need>=30 ok1=true lastGap=1 need>=2 ok2=false
[Propose] S1 N0 时间条件满足: epoch=16->17 now=1780552222 InitTime=1780552188 lastpropose=1780552220 wallGap=34>=30 lastGap=2>=2 → propose1
[Propose] S1 N0 等待 sequenceLock…
[Propose] S1 N0 已持有 sequenceLock，seqID=16 即将 propose1
[propose1] S1 N0 seq=16 Tx_pool.Queue_len=1285
left_count: 500
更新树花时间为: 48
写数据库IO花时间为: 62
编号为 16 的区块已加入本地区块链！curBlock: 
blockHeader: 
[bbf64190f3d8bea293f432fdde504b9e2dfb4480938d15c21c0f409440fb1c24 4a1a59e2d717337a12c0ac41e59566eafe1e237556902ab926f65cc0021dff91 36b515f14d9893fb00a0242be570893e97b0a754b777b30f965f2ffe13e15a8d 16 1780552222]
# of transactions: 500
# of TXmig1s: 0
# of In1s: 0
# of Anns: 0
# of NSs: 0
blockHash: 
0762db1f5ce3a1d12100c58afc5df3515dc077425bddf6d28b03c76af33e532e

第16个块开始准备relay

[Propose wait] S1 N0 spin=1 epoch=17 now=1780552222 InitTime=1780552188 lastpropose=1780552222 wallGap=34 need>=32 ok1=true lastGap=0 need>=2 ok2=false
[handleTxFromClient] S1 N0 recv client batch, tx_count=311
[handleTxFromClient] S1 N0 append to Tx_pool.Queue: local_queued=311 forward_other_shard=0 Queue_total_len=1096

第16个块结束relay

[Propose wait] S1 N0 spin=50 epoch=17 now=1780552223 InitTime=1780552188 lastpropose=1780552222 wallGap=35 need>=32 ok1=true lastGap=1 need>=2 ok2=false
[Propose] S1 N0 时间条件满足: epoch=17->18 now=1780552224 InitTime=1780552188 lastpropose=1780552222 wallGap=36>=32 lastGap=2>=2 → propose1
[Propose] S1 N0 等待 sequenceLock…
[Propose] S1 N0 已持有 sequenceLock，seqID=17 即将 propose1
[propose1] S1 N0 seq=17 Tx_pool.Queue_len=1337
left_count: 500
更新树花时间为: 43
写数据库IO花时间为: 53
编号为 17 的区块已加入本地区块链！curBlock: 
blockHeader: 
[0762db1f5ce3a1d12100c58afc5df3515dc077425bddf6d28b03c76af33e532e 0a75072d01ad0200e5d884790f77eb2b85435cd422329f59b50a8ee614ff5b14 364ba3bd9143c98617fa6c6996531789f1a52c0e466886225973fc9fc9b302a9 17 1780552224]
# of transactions: 500
# of TXmig1s: 0
# of In1s: 0
# of Anns: 0
# of NSs: 0
blockHash: 
d2d18b5f7afab33e5487349c5fa773f70e52a2044430bd24443e0d05d7cf507d

第17个块开始准备relay

[Propose wait] S1 N0 spin=1 epoch=18 now=1780552224 InitTime=1780552188 lastpropose=1780552224 wallGap=36 need>=34 ok1=true lastGap=0 need>=2 ok2=false
[handleTxFromClient] S1 N0 recv client batch, tx_count=634
[handleTxFromClient] S1 N0 append to Tx_pool.Queue: local_queued=634 forward_other_shard=0 Queue_total_len=1471

第17个块结束relay

[Propose wait] S1 N0 spin=50 epoch=18 now=1780552225 InitTime=1780552188 lastpropose=1780552224 wallGap=37 need>=34 ok1=true lastGap=1 need>=2 ok2=false
[Propose] S1 N0 时间条件满足: epoch=18->19 now=1780552226 InitTime=1780552188 lastpropose=1780552224 wallGap=38>=34 lastGap=2>=2 → propose1
[Propose] S1 N0 等待 sequenceLock…
[Propose] S1 N0 已持有 sequenceLock，seqID=18 即将 propose1
[propose1] S1 N0 seq=18 Tx_pool.Queue_len=1627
left_count: 500
更新树花时间为: 60
写数据库IO花时间为: 67
编号为 18 的区块已加入本地区块链！curBlock: 
blockHeader: 
[d2d18b5f7afab33e5487349c5fa773f70e52a2044430bd24443e0d05d7cf507d da7d81b5f16cb006b666e0a8a5d7a51c50f483e732a58554f756579956ca392f f13cbfd22f7862c6b235f56f4b71c692312c29ad5c711c69e3fdd262ecd60ed3 18 1780552226]
# of transactions: 500
# of TXmig1s: 0
# of In1s: 0
# of Anns: 0
# of NSs: 0
blockHash: 
235802be473a169388c6a6d7a06868725dd408b0f05b6f0b9b3033f8a2a3625c

第18个块开始准备relay

[Propose wait] S1 N0 spin=1 epoch=19 now=1780552226 InitTime=1780552188 lastpropose=1780552226 wallGap=38 need>=36 ok1=true lastGap=0 need>=2 ok2=false
[handleTxFromClient] S1 N0 recv client batch, tx_count=633
[handleTxFromClient] S1 N0 append to Tx_pool.Queue: local_queued=633 forward_other_shard=0 Queue_total_len=1760

第18个块结束relay

[Propose wait] S1 N0 spin=50 epoch=19 now=1780552227 InitTime=1780552188 lastpropose=1780552226 wallGap=39 need>=36 ok1=true lastGap=1 need>=2 ok2=false
[Propose] S1 N0 时间条件满足: epoch=19->20 now=1780552228 InitTime=1780552188 lastpropose=1780552226 wallGap=40>=36 lastGap=2>=2 → propose1
[Propose] S1 N0 等待 sequenceLock…
[Propose] S1 N0 已持有 sequenceLock，seqID=19 即将 propose1
[propose1] S1 N0 seq=19 Tx_pool.Queue_len=1935
left_count: 500
更新树花时间为: 35
写数据库IO花时间为: 42
编号为 19 的区块已加入本地区块链！curBlock: 
blockHeader: 
[235802be473a169388c6a6d7a06868725dd408b0f05b6f0b9b3033f8a2a3625c 2301f1be1cc8aa71cbe86cff5c694620e4abc253c2b14b4c292ac9613202c1c8 f1fce5710a3342609c41a81dd31e8b0b83da73a8950453e8bf767183a87af427 19 1780552228]
# of transactions: 500
# of TXmig1s: 0
# of In1s: 0
# of Anns: 0
# of NSs: 0
blockHash: 
10abce0c9f0dfd7d4f1b6ec63a6d400318662d11ee89d0720c7402f6799da27b

第19个块开始准备relay

[Propose wait] S1 N0 spin=1 epoch=20 now=1780552228 InitTime=1780552188 lastpropose=1780552228 wallGap=40 need>=38 ok1=true lastGap=0 need>=2 ok2=false
[handleTxFromClient] S1 N0 recv client batch, tx_count=245
[handleTxFromClient] S1 N0 append to Tx_pool.Queue: local_queued=245 forward_other_shard=0 Queue_total_len=1680

第19个块结束relay

[Propose wait] S1 N0 spin=50 epoch=20 now=1780552229 InitTime=1780552188 lastpropose=1780552228 wallGap=41 need>=38 ok1=true lastGap=1 need>=2 ok2=false
[Propose] S1 N0 时间条件满足: epoch=20->21 now=1780552230 InitTime=1780552188 lastpropose=1780552228 wallGap=42>=38 lastGap=2>=2 → propose1
[Propose] S1 N0 等待 sequenceLock…
[Propose] S1 N0 已持有 sequenceLock，seqID=20 即将 propose1
[propose1] S1 N0 seq=20 Tx_pool.Queue_len=1843
left_count: 500
更新树花时间为: 26
写数据库IO花时间为: 35
编号为 20 的区块已加入本地区块链！curBlock: 
blockHeader: 
[10abce0c9f0dfd7d4f1b6ec63a6d400318662d11ee89d0720c7402f6799da27b 1e76eebc84236785af22242b9f2239a1567bf3cbe49ca29e1ffe0925af3847b8 49ed97ecd432a84c41b94757c1e89715849fb295e82e23e22a4ee3967b79377b 20 1780552230]
# of transactions: 500
# of TXmig1s: 0
# of In1s: 0
# of Anns: 0
# of NSs: 0
blockHash: 
9d7826c3efeff2d34344883c0626338b23a0868a8276aa72474121f1509d0e35

第20个块开始准备relay

[Propose wait] S1 N0 spin=1 epoch=21 now=1780552230 InitTime=1780552188 lastpropose=1780552230 wallGap=42 need>=40 ok1=true lastGap=0 need>=2 ok2=false
[handleTxFromClient] S1 N0 recv client batch, tx_count=753
[handleTxFromClient] S1 N0 append to Tx_pool.Queue: local_queued=753 forward_other_shard=0 Queue_total_len=2096

第20个块结束relay

[Propose wait] S1 N0 spin=50 epoch=21 now=1780552231 InitTime=1780552188 lastpropose=1780552230 wallGap=43 need>=40 ok1=true lastGap=1 need>=2 ok2=false
[Propose] S1 N0 时间条件满足: epoch=21->22 now=1780552232 InitTime=1780552188 lastpropose=1780552230 wallGap=44>=40 lastGap=2>=2 → propose1
[Propose] S1 N0 等待 sequenceLock…
[Propose] S1 N0 已持有 sequenceLock，seqID=21 即将 propose1
[propose1] S1 N0 seq=21 Tx_pool.Queue_len=2356
left_count: 500
更新树花时间为: 27
写数据库IO花时间为: 53
编号为 21 的区块已加入本地区块链！curBlock: 
blockHeader: 
[9d7826c3efeff2d34344883c0626338b23a0868a8276aa72474121f1509d0e35 80d2a03212182dd24ca197608be457596039ee266d4bb2bb1c538a6cf302b394 3e1307a284feee948acd665459ad5f98b32d195790945891c830ba56fbaf0dd0 21 1780552232]
# of transactions: 500
# of TXmig1s: 0
# of In1s: 0
# of Anns: 0
# of NSs: 0
blockHash: 
24cd55b59e06a0d3371dbed5e71aaf833f4fc048492132c5407b656ad3165140

第21个块开始准备relay

[Propose wait] S1 N0 spin=1 epoch=22 now=1780552232 InitTime=1780552188 lastpropose=1780552232 wallGap=44 need>=42 ok1=true lastGap=0 need>=2 ok2=false
本节点已接收到client发来准备迁移通知
本节点已将 pending 发送到 client（1856 笔）
[handleTxFromClient] S1 N0 recv client batch, tx_count=775
[handleTxFromClient] S1 N0 append to Tx_pool.Queue: local_queued=775 forward_other_shard=0 Queue_total_len=2631

第21个块结束relay

本节点已接收到客户端发送的新映射
[Propose wait] S1 N0 spin=50 epoch=22 now=1780552233 InitTime=1780552188 lastpropose=1780552232 wallGap=45 need>=42 ok1=true lastGap=1 need>=2 ok2=false
[Propose] S1 N0 时间条件满足: epoch=22->23 now=1780552234 InitTime=1780552188 lastpropose=1780552232 wallGap=46>=42 lastGap=2>=2 → propose1
[Propose] S1 N0 等待 sequenceLock…
[Propose] S1 N0 已持有 sequenceLock，seqID=22 即将 propose1
[propose1] S1 N0 seq=22 Tx_pool.Queue_len=2757
left_count: 200
更新树花时间为: 35
写数据库IO花时间为: 41
编号为 22 的区块已加入本地区块链！curBlock: 
blockHeader: 
[24cd55b59e06a0d3371dbed5e71aaf833f4fc048492132c5407b656ad3165140 0d1b7917fd5f5cddc6a1594c0ca437283c33944ba3c4be577cfd03ef8aaef7ae d097c8a1f9e49314680bfa17cfead9589aa6a98af34b12596b63354a87e45890 22 1780552234]
# of transactions: 200
# of TXmig1s: 300
# of In1s: 0
# of Anns: 0
# of NSs: 0
blockHash: 
0e020c647b27d58058a31cb7d90b01d7fddad271b4f403d86d2618e41e02d2ec

第22个块开始准备relay

[Propose wait] S1 N0 spin=1 epoch=23 now=1780552234 InitTime=1780552188 lastpropose=1780552234 wallGap=46 need>=44 ok1=true lastGap=0 need>=2 ok2=false
[SyncLog] write ok shard=S1 node=N0 event=recv mode=delta count=1
[MVSS-Delta] S1 收到分片 S0 的 TXsyncDelta，条数=3
[MVSS-Delta] S1 已获取 sequenceLock，开始处理 delta
[MVSS-Delta] 目标片 S1 暂存 delta 账户 9e9ff119553d7ad5d40d1cd4c39aba4901955470 [1,2)（MigCtx 未就绪）
[MVSS-Delta] S1 暂存 delta 账户 9e9ff119553d7ad5d40d1cd4c39aba4901955470（尚无 MigCtx）
[MVSS-Delta] 目标片 S1 暂存 delta 账户 96904d8c1f1c88dfb6cfba916396bf4beabcf454 [0,1)（MigCtx 未就绪）
[MVSS-Delta] S1 暂存 delta 账户 96904d8c1f1c88dfb6cfba916396bf4beabcf454（尚无 MigCtx）
[MVSS-Delta] 目标片 S1 暂存 delta 账户 f341cafc9ba3d91ef98c9ef811170c1c5f1ef28e [0,1)（MigCtx 未就绪）
[MVSS-Delta] S1 暂存 delta 账户 f341cafc9ba3d91ef98c9ef811170c1c5f1ef28e（尚无 MigCtx）

第22个块结束relay

[handleTxFromClient] S1 N0 recv client batch, tx_count=770
[handleTxFromClient] S1 N0 append to Tx_pool.Queue: local_queued=769 forward_other_shard=0 Queue_total_len=3365

本节点已接收到分片S0发来的迁移请求 
9999999999999999999999999999999999999999

[Propose wait] S1 N0 spin=50 epoch=23 now=1780552235 InitTime=1780552188 lastpropose=1780552234 wallGap=47 need>=44 ok1=true lastGap=1 need>=2 ok2=false
[Propose] S1 N0 时间条件满足: epoch=23->24 now=1780552236 InitTime=1780552188 lastpropose=1780552234 wallGap=48>=44 lastGap=2>=2 → propose1
[Propose] S1 N0 等待 sequenceLock…
[Propose] S1 N0 已持有 sequenceLock，seqID=23 即将 propose1
[propose1] S1 N0 seq=23 Tx_pool.Queue_len=3365
left_count: 200
更新树花时间为: 68
写数据库IO花时间为: 91
编号为 23 的区块已加入本地区块链！curBlock: 
blockHeader: 
[0e020c647b27d58058a31cb7d90b01d7fddad271b4f403d86d2618e41e02d2ec fc3e1d99f59e79444197c8dd1c94e8af8820efe26ab73377f6cdc3fadf0dc21e 6d599b7ab97f242c643cd0e57127552d197e118d20a10ea705fa09c4f9f811e4 23 1780552236]
# of transactions: 200
# of TXmig1s: 85
# of In1s: 215
# of Anns: 0
# of NSs: 0
blockHash: 
6f5df16b305a74756d15d6602b8fc328ef6da5e406945698e8e9a7954442f5e6

第23个块开始准备relay

[SyncLog] write ok shard=S1 node=N0 event=apply mode=delta count=2
[MVSS-Delta] 目标片 S1 账户 f341cafc9ba3d91ef98c9ef811170c1c5f1ef28e apply delta [0,1)
[SyncLog] write ok shard=S1 node=N0 event=apply mode=delta count=3
[MVSS-Delta] 目标片 S1 账户 96904d8c1f1c88dfb6cfba916396bf4beabcf454 apply delta [0,1)
[SyncLog] write ok shard=S1 node=N0 event=apply mode=delta count=4
[MVSS-Delta] 目标片 S1 账户 9e9ff119553d7ad5d40d1cd4c39aba4901955470 apply delta [1,2)
[MVSS+] 目标片 S1 账户 9e9ff119553d7ad5d40d1cd4c39aba4901955470 块 23 SyncApplied 但尚无 new 上链，等待打包
[MVSS+] 目标片 S1 账户 f341cafc9ba3d91ef98c9ef811170c1c5f1ef28e 块 23 SyncApplied 但尚无 new 上链，等待打包
[MVSS+] 目标片 S1 账户 96904d8c1f1c88dfb6cfba916396bf4beabcf454 块 23 SyncApplied 但尚无 new 上链，等待打包
[Propose wait] S1 N0 spin=1 epoch=24 now=1780552236 InitTime=1780552188 lastpropose=1780552236 wallGap=48 need>=46 ok1=true lastGap=0 need>=2 ok2=false

第23个块结束relay

本节点已接收到分片S0发来通知 
1
2
3
[handleTxFromClient] S1 N0 recv client batch, tx_count=1
[handleTxFromClient] S1 N0 append to Tx_pool.Queue: local_queued=0 forward_other_shard=0 Queue_total_len=3197
[handleTxFromClient] S1 N0 recv client batch, tx_count=781
[handleTxFromClient] S1 N0 append to Tx_pool.Queue: local_queued=778 forward_other_shard=0 Queue_total_len=3975

本节点已接收到分片S0发来的迁移请求 
10000000000000000000000484157754210813312

[Propose wait] S1 N0 spin=50 epoch=24 now=1780552237 InitTime=1780552188 lastpropose=1780552236 wallGap=49 need>=46 ok1=true lastGap=1 need>=2 ok2=false
[Propose] S1 N0 时间条件满足: epoch=24->25 now=1780552238 InitTime=1780552188 lastpropose=1780552236 wallGap=50>=46 lastGap=2>=2 → propose1
[Propose] S1 N0 等待 sequenceLock…
[Propose] S1 N0 已持有 sequenceLock，seqID=24 即将 propose1
[propose1] S1 N0 seq=24 Tx_pool.Queue_len=3975
left_count: 200
更新树花时间为: 59
写数据库IO花时间为: 74
编号为 24 的区块已加入本地区块链！curBlock: 
blockHeader: 
[6f5df16b305a74756d15d6602b8fc328ef6da5e406945698e8e9a7954442f5e6 0b9a9c2270d1c6a8f60ff93d1964f0081f0c53169f124fa20248bc87879671fa daeb1feb694457496914ce8d5a5182acc65fb14599e6f98817defd21736960e3 24 1780552238]
# of transactions: 200
# of TXmig1s: 0
# of In1s: 300
# of Anns: 0
# of NSs: 0
blockHash: 
6a2857640264bfd6a5e18ce5cf7e5b04fc2ab840e1369fa84fed5fec9422e162

第24个块开始准备relay

[MVSS+] 目标片 S1 账户 96904d8c1f1c88dfb6cfba916396bf4beabcf454 块 24 SyncApplied 但尚无 new 上链，等待打包
[MVSS+] 目标片 S1 账户 9e9ff119553d7ad5d40d1cd4c39aba4901955470 块 24 SyncApplied 但尚无 new 上链，等待打包
[MVSS+] 目标片 S1 账户 f341cafc9ba3d91ef98c9ef811170c1c5f1ef28e 块 24 SyncApplied 但尚无 new 上链，等待打包
[Propose wait] S1 N0 spin=1 epoch=25 now=1780552238 InitTime=1780552188 lastpropose=1780552238 wallGap=50 need>=48 ok1=true lastGap=0 need>=2 ok2=false

第24个块结束relay

[handleTxFromClient] S1 N0 recv client batch, tx_count=774
[handleTxFromClient] S1 N0 append to Tx_pool.Queue: local_queued=772 forward_other_shard=0 Queue_total_len=4603
[handleTxFromClient] S1 N0 recv client batch, tx_count=1
[SyncProbe][Ingress] shard=S1 node=N0 tx=9000000002 senderSID=1 recSID=1 local=true tag=32 isRelay=true
[SyncProbe][Normalize] shard=S1 tx=9000000002 目标片清除 IsRelay，按本地 new 执行
[SyncProbe][Redirect] tx=9000000002 目标片本地接收，不在源片重定向
[SyncProbe][Ingress] shard=S1 tx=9000000002 本片入池(立即入池路径)
[handleTxFromClient] S1 N0 append to Tx_pool.Queue: local_queued=1 forward_other_shard=0 Queue_total_len=4604
[handleTxFromClient] S1 N0 recv client batch, tx_count=1
[SyncProbe][Ingress] shard=S1 node=N0 tx=9000000022 senderSID=1 recSID=1 local=true tag=32 isRelay=true
[SyncProbe][Normalize] shard=S1 tx=9000000022 目标片清除 IsRelay，按本地 new 执行
[SyncProbe][Redirect] tx=9000000022 目标片本地接收，不在源片重定向
[handleTxFromClient] S1 N0 recv client batch, tx_count=1
[SyncProbe][Ingress] shard=S1 node=N0 tx=9000000012 senderSID=1 recSID=1 local=true tag=32 isRelay=true
[SyncProbe][Normalize] shard=S1 tx=9000000012 目标片清除 IsRelay，按本地 new 执行
[SyncProbe][Redirect] tx=9000000012 目标片本地接收，不在源片重定向
[MVSS+] 目标片 S1 账户 f341cafc9ba3d91ef98c9ef811170c1c5f1ef28e apply 后将 1 笔 new 提至队首（nonce 自 1）
[SyncProbe][Ingress] shard=S1 tx=9000000022 本片入池(立即入池路径)
[handleTxFromClient] S1 N0 append to Tx_pool.Queue: local_queued=1 forward_other_shard=0 Queue_total_len=4605
[SyncProbe][Ingress] shard=S1 tx=9000000012 本片入池(立即入池路径)
[handleTxFromClient] S1 N0 append to Tx_pool.Queue: local_queued=1 forward_other_shard=0 Queue_total_len=4606
[MVSS+] 目标片 S1 账户 9e9ff119553d7ad5d40d1cd4c39aba4901955470 apply 后将 1 笔 new 提至队首（nonce 自 2）
[MVSS+] 目标片 S1 账户 96904d8c1f1c88dfb6cfba916396bf4beabcf454 apply 后将 1 笔 new 提至队首（nonce 自 1）
[Propose wait] S1 N0 spin=50 epoch=25 now=1780552239 InitTime=1780552188 lastpropose=1780552238 wallGap=51 need>=48 ok1=true lastGap=1 need>=2 ok2=false
[Propose] S1 N0 时间条件满足: epoch=25->26 now=1780552240 InitTime=1780552188 lastpropose=1780552238 wallGap=52>=48 lastGap=2>=2 → propose1
[Propose] S1 N0 等待 sequenceLock…
[Propose] S1 N0 已持有 sequenceLock，seqID=25 即将 propose1
[propose1] S1 N0 seq=25 Tx_pool.Queue_len=4606
left_count: 415
更新树花时间为: 36
写数据库IO花时间为: 52
编号为 25 的区块已加入本地区块链！curBlock: 
blockHeader: 
[6a2857640264bfd6a5e18ce5cf7e5b04fc2ab840e1369fa84fed5fec9422e162 12c468746a1eb99e2f2ca6e35e85e68503316bab17661c5437cca544cbccb3ad 7612b1d0f8d20086c32f5b1407612f9d99e6824ddf4ee897912a283efe825153 25 1780552240]
# of transactions: 415
# of TXmig1s: 0
# of In1s: 13
# of Anns: 72
# of NSs: 0
blockHash: 
23a32b29d45ce9d198549a5a5bd1fb5fd857e1d7d6a038e486564a6f77ffb45d
handleAnns时是第25个块

handleannounce交易池操作时差为：1541
handleannounce两锁时差为：1541


第25个块开始准备relay

[MVSS+] 目标片 S1 账户 9e9ff119553d7ad5d40d1cd4c39aba4901955470 块 25 触发 sync ack (new 已执行)
[SyncLog] write ok shard=S1 node=N0 event=ack_send mode=delta count=5
[MVSS+] 目标片 S1 账户 96904d8c1f1c88dfb6cfba916396bf4beabcf454 块 25 触发 sync ack (new 已执行)
[SyncLog] write ok shard=S1 node=N0 event=ack_send mode=delta count=6
[MVSS+] 目标片 S1 账户 f341cafc9ba3d91ef98c9ef811170c1c5f1ef28e 块 25 触发 sync ack (new 已执行)
[SyncLog] write ok shard=S1 node=N0 event=ack_send mode=delta count=7
[Propose wait] S1 N0 spin=1 epoch=26 now=1780552240 InitTime=1780552188 lastpropose=1780552240 wallGap=52 need>=50 ok1=true lastGap=0 need>=2 ok2=false
本节点已接收到分片S0发来通知 
1
2
3

第25个块结束relay

时间：52538  正在向分片S0的主节点发送新
本节点已将不变的账户数量发送到client

[handleTxFromClient] S1 N0 recv client batch, tx_count=771
[handleTxFromClient] S1 N0 append to Tx_pool.Queue: local_queued=770 forward_other_shard=0 Queue_total_len=5008
本节点已接收到分片S0发来通知 
1
2
3
时间：1780552240626  本节点已接收到新
本节点已将迁移过来的pending交易的账户数量发送到client

[Propose wait] S1 N0 spin=50 epoch=26 now=1780552241 InitTime=1780552188 lastpropose=1780552240 wallGap=53 need>=50 ok1=true lastGap=1 need>=2 ok2=false
[Propose] S1 N0 时间条件满足: epoch=26->27 now=1780552242 InitTime=1780552188 lastpropose=1780552240 wallGap=54>=50 lastGap=2>=2 → propose1
[Propose] S1 N0 等待 sequenceLock…
[Propose] S1 N0 已持有 sequenceLock，seqID=26 即将 propose1
[propose1] S1 N0 seq=26 Tx_pool.Queue_len=5051
left_count: 200
更新树花时间为: 38
写数据库IO花时间为: 83
编号为 26 的区块已加入本地区块链！curBlock: 
blockHeader: 
[23a32b29d45ce9d198549a5a5bd1fb5fd857e1d7d6a038e486564a6f77ffb45d cd338554f843346a7203d7ebb79b4e13c90fc3381740ab642af2b000bcc492f9 789f0acbc44ba2d67dcad3e7aa55e75987e6dd70d8f7b23e4d74c48584abf82f 26 1780552242]
# of transactions: 200
# of TXmig1s: 0
# of In1s: 0
# of Anns: 300
# of NSs: 0
blockHash: 
7c10b9b515385049e5a1631084f3f554795c3c2052e94440dabb76a15e4b4a64
handleAnns时是第26个块

handleannounce交易池操作时差为：5004
handleannounce两锁时差为：5004


第26个块开始准备relay

[Propose wait] S1 N0 spin=1 epoch=27 now=1780552242 InitTime=1780552188 lastpropose=1780552242 wallGap=54 need>=52 ok1=true lastGap=0 need>=2 ok2=false

第26个块结束relay

[Propose wait] S1 N0 spin=50 epoch=27 now=1780552243 InitTime=1780552188 lastpropose=1780552242 wallGap=55 need>=52 ok1=true lastGap=1 need>=2 ok2=false
[Propose] S1 N0 时间条件满足: epoch=27->28 now=1780552244 InitTime=1780552188 lastpropose=1780552242 wallGap=56>=52 lastGap=2>=2 → propose1
[Propose] S1 N0 等待 sequenceLock…
[Propose] S1 N0 已持有 sequenceLock，seqID=27 即将 propose1
[propose1] S1 N0 seq=27 Tx_pool.Queue_len=4686
left_count: 461
更新树花时间为: 20
写数据库IO花时间为: 35
编号为 27 的区块已加入本地区块链！curBlock: 
blockHeader: 
[7c10b9b515385049e5a1631084f3f554795c3c2052e94440dabb76a15e4b4a64 dc9c081c61b901066354fd8c84498b7b707e79c09781cac116c500c574ad6edb 7801b5c18f24aaa9f8ffc1d2ef34541eed82c477cb35d153b80ec46be150a9ff 27 1780552244]
# of transactions: 461
# of TXmig1s: 0
# of In1s: 0
# of Anns: 13
# of NSs: 26
blockHash: 
f52327bd2f3c2ba0eba8766c2e188bcea1558f39df7cd1d6fdd8e94016508ea7
handleAnns时是第27个块

handleannounce交易池操作时差为：0
handleannounce两锁时差为：0


第27个块开始准备relay

时间：56116  正在向分片S0的主节点发送新
本节点已将不变的账户数量发送到client

[Propose wait] S1 N0 spin=1 epoch=28 now=1780552244 InitTime=1780552188 lastpropose=1780552244 wallGap=56 need>=54 ok1=true lastGap=0 need>=2 ok2=false
时间：1780552244310  本节点已接收到新
本节点已将迁移过来的pending交易的账户数量发送到client


第27个块结束relay

时间：56646  正在向分片S0的主节点发送新
本节点已将不变的账户数量发送到client

[Propose wait] S1 N0 spin=50 epoch=28 now=1780552245 InitTime=1780552188 lastpropose=1780552244 wallGap=57 need>=54 ok1=true lastGap=1 need>=2 ok2=false
时间：1780552246013  本节点已接收到新
[Propose] S1 N0 时间条件满足: epoch=28->29 now=1780552246 InitTime=1780552188 lastpropose=1780552244 wallGap=58>=54 lastGap=2>=2 → propose1
[Propose] S1 N0 等待 sequenceLock…
[Propose] S1 N0 已持有 sequenceLock，seqID=28 即将 propose1
[propose1] S1 N0 seq=28 Tx_pool.Queue_len=4287
left_count: 487
本节点已将迁移过来的pending交易的账户数量发送到client

更新树花时间为: 18
写数据库IO花时间为: 46
编号为 28 的区块已加入本地区块链！curBlock: 
blockHeader: 
[f52327bd2f3c2ba0eba8766c2e188bcea1558f39df7cd1d6fdd8e94016508ea7 45cdabb93fc4cd4abae7bfeba38b0b48eb76da99285911add5ee5a6e6bdf7aae f079c83cd1f04b5d2aa33f18ef33266c741353f79cc9d3db6533c97f4816e58f 28 1780552246]
# of transactions: 487
# of TXmig1s: 0
# of In1s: 0
# of Anns: 0
# of NSs: 13
blockHash: 
f1695b9a42da004e1fb65dbfec69386b7646f471451ee638fb76a4d72b71698a

第28个块开始准备relay

[Propose wait] S1 N0 spin=1 epoch=29 now=1780552246 InitTime=1780552188 lastpropose=1780552246 wallGap=58 need>=56 ok1=true lastGap=0 need>=2 ok2=false

第28个块结束relay

[Propose wait] S1 N0 spin=50 epoch=29 now=1780552247 InitTime=1780552188 lastpropose=1780552246 wallGap=59 need>=56 ok1=true lastGap=1 need>=2 ok2=false
[Propose] S1 N0 时间条件满足: epoch=29->30 now=1780552248 InitTime=1780552188 lastpropose=1780552246 wallGap=60>=56 lastGap=2>=2 → propose1
[Propose] S1 N0 等待 sequenceLock…
[Propose] S1 N0 已持有 sequenceLock，seqID=29 即将 propose1
[propose1] S1 N0 seq=29 Tx_pool.Queue_len=3932
left_count: 310
更新树花时间为: 32
写数据库IO花时间为: 64
编号为 29 的区块已加入本地区块链！curBlock: 
blockHeader: 
[f1695b9a42da004e1fb65dbfec69386b7646f471451ee638fb76a4d72b71698a 74d6328a625c1522af3b97f00f19d0458b03fd152630b9b05125f235645f6824 59fe3528d8662da4fb44750a708996d0e75f655ee95a3aefdb9ca3490c35ce51 29 1780552248]
# of transactions: 310
# of TXmig1s: 0
# of In1s: 0
# of Anns: 0
# of NSs: 190
blockHash: 
66b3d1bac927e7870f045ff670e1e900790920de215ebdd98502c7c05d462967

第29个块开始准备relay

[Propose wait] S1 N0 spin=1 epoch=30 now=1780552248 InitTime=1780552188 lastpropose=1780552248 wallGap=60 need>=58 ok1=true lastGap=0 need>=2 ok2=false

第29个块结束relay

[Propose wait] S1 N0 spin=50 epoch=30 now=1780552249 InitTime=1780552188 lastpropose=1780552248 wallGap=61 need>=58 ok1=true lastGap=1 need>=2 ok2=false
[Propose] S1 N0 时间条件满足: epoch=30->31 now=1780552250 InitTime=1780552188 lastpropose=1780552248 wallGap=62>=58 lastGap=2>=2 → propose1
[Propose] S1 N0 等待 sequenceLock…
[Propose] S1 N0 已持有 sequenceLock，seqID=30 即将 propose1
[propose1] S1 N0 seq=30 Tx_pool.Queue_len=3624
left_count: 500
更新树花时间为: 23
写数据库IO花时间为: 30
编号为 30 的区块已加入本地区块链！curBlock: 
blockHeader: 
[66b3d1bac927e7870f045ff670e1e900790920de215ebdd98502c7c05d462967 9c5f2fd46927b62bb2cdcb2c9f30815c25d34cf6cf8b0a0b39105c3d7f504601 b3efdf3416bdbd0d8eb2ab840a6b0d4dd961bba7ab885e036128b96215e62a7e 30 1780552250]
# of transactions: 500
# of TXmig1s: 0
# of In1s: 0
# of Anns: 0
# of NSs: 0
blockHash: 
00b9301b518d40bc6b40043757cabbdfb1624f8e4313e52101e60a91cc0ad6f0

第30个块开始准备relay

[Propose wait] S1 N0 spin=1 epoch=31 now=1780552250 InitTime=1780552188 lastpropose=1780552250 wallGap=62 need>=60 ok1=true lastGap=0 need>=2 ok2=false

第30个块结束relay

[Propose wait] S1 N0 spin=50 epoch=31 now=1780552251 InitTime=1780552188 lastpropose=1780552250 wallGap=63 need>=60 ok1=true lastGap=1 need>=2 ok2=false
[Propose] S1 N0 时间条件满足: epoch=31->32 now=1780552252 InitTime=1780552188 lastpropose=1780552250 wallGap=64>=60 lastGap=2>=2 → propose1
[Propose] S1 N0 等待 sequenceLock…
[Propose] S1 N0 已持有 sequenceLock，seqID=31 即将 propose1
[propose1] S1 N0 seq=31 Tx_pool.Queue_len=3124
left_count: 500
更新树花时间为: 21
写数据库IO花时间为: 49
编号为 31 的区块已加入本地区块链！curBlock: 
blockHeader: 
[00b9301b518d40bc6b40043757cabbdfb1624f8e4313e52101e60a91cc0ad6f0 47120e2a3dc41f6e936f2d57fd5609306fcfa986968392e261b8f755bed3083a 406e2064a260a797006827b3293fcaf62361c17ca5983c0d6a65eb0a16504ac7 31 1780552252]
# of transactions: 500
# of TXmig1s: 0
# of In1s: 0
# of Anns: 0
# of NSs: 0
blockHash: 
dfdf9da1db10b912ea790ebb98a62c7572116ff939ec364a8130693c3e43a188

第31个块开始准备relay

[Propose wait] S1 N0 spin=1 epoch=32 now=1780552252 InitTime=1780552188 lastpropose=1780552252 wallGap=64 need>=62 ok1=true lastGap=0 need>=2 ok2=false

第31个块结束relay

[Propose wait] S1 N0 spin=50 epoch=32 now=1780552253 InitTime=1780552188 lastpropose=1780552252 wallGap=65 need>=62 ok1=true lastGap=1 need>=2 ok2=false
[Propose] S1 N0 时间条件满足: epoch=32->33 now=1780552254 InitTime=1780552188 lastpropose=1780552252 wallGap=66>=62 lastGap=2>=2 → propose1
[Propose] S1 N0 等待 sequenceLock…
[Propose] S1 N0 已持有 sequenceLock，seqID=32 即将 propose1
[propose1] S1 N0 seq=32 Tx_pool.Queue_len=2624
left_count: 500
更新树花时间为: 20
写数据库IO花时间为: 58
编号为 32 的区块已加入本地区块链！curBlock: 
blockHeader: 
[dfdf9da1db10b912ea790ebb98a62c7572116ff939ec364a8130693c3e43a188 91629d95c8dae051def8fb79cff96eb88a711f5474310c699a110b4c2833e1be ba08809bb648bc32fde1deea775b4d72370c1d6e8a35fac79abca53202c7b93d 32 1780552254]
# of transactions: 500
# of TXmig1s: 0
# of In1s: 0
# of Anns: 0
# of NSs: 0
blockHash: 
adb80a1deadc0c0bbba4d0f82fd882bd56468771434f41eb793a1344d79eea33

第32个块开始准备relay

[Propose wait] S1 N0 spin=1 epoch=33 now=1780552254 InitTime=1780552188 lastpropose=1780552254 wallGap=66 need>=64 ok1=true lastGap=0 need>=2 ok2=false

第32个块结束relay

[Propose wait] S1 N0 spin=50 epoch=33 now=1780552255 InitTime=1780552188 lastpropose=1780552254 wallGap=67 need>=64 ok1=true lastGap=1 need>=2 ok2=false
[Propose] S1 N0 时间条件满足: epoch=33->34 now=1780552256 InitTime=1780552188 lastpropose=1780552254 wallGap=68>=64 lastGap=2>=2 → propose1
[Propose] S1 N0 等待 sequenceLock…
[Propose] S1 N0 已持有 sequenceLock，seqID=33 即将 propose1
[propose1] S1 N0 seq=33 Tx_pool.Queue_len=2124
left_count: 500
更新树花时间为: 24
写数据库IO花时间为: 42
编号为 33 的区块已加入本地区块链！curBlock: 
blockHeader: 
[adb80a1deadc0c0bbba4d0f82fd882bd56468771434f41eb793a1344d79eea33 35e18ec9655038c88ff8411ef7037660309f4466169325d42f541fd3fc7f9f8c 8e1103cf266f17f22289f0ca949f92dd52537c491e5d89790bf1286d6fac06ab 33 1780552256]
# of transactions: 500
# of TXmig1s: 0
# of In1s: 0
# of Anns: 0
# of NSs: 0
blockHash: 
6f756a43d1e278cfc3ab902cfe360cc6b61c56c6499ed7f78b0b5875c5abf1f0

第33个块开始准备relay

[Propose wait] S1 N0 spin=1 epoch=34 now=1780552256 InitTime=1780552188 lastpropose=1780552256 wallGap=68 need>=66 ok1=true lastGap=0 need>=2 ok2=false

第33个块结束relay

[Propose wait] S1 N0 spin=50 epoch=34 now=1780552257 InitTime=1780552188 lastpropose=1780552256 wallGap=69 need>=66 ok1=true lastGap=1 need>=2 ok2=false
[Propose] S1 N0 时间条件满足: epoch=34->35 now=1780552258 InitTime=1780552188 lastpropose=1780552256 wallGap=70>=66 lastGap=2>=2 → propose1
[Propose] S1 N0 等待 sequenceLock…
[Propose] S1 N0 已持有 sequenceLock，seqID=34 即将 propose1
[propose1] S1 N0 seq=34 Tx_pool.Queue_len=1624
left_count: 500
更新树花时间为: 20
写数据库IO花时间为: 34
编号为 34 的区块已加入本地区块链！curBlock: 
blockHeader: 
[6f756a43d1e278cfc3ab902cfe360cc6b61c56c6499ed7f78b0b5875c5abf1f0 7b5be8f495621e9a0e9965fee36b7fed73bee091abf6e993bf1b069990a0f745 aa3c1ee3be9fc2d64b9989e8ae8b2d5310e9a45aba8ef3e8b7670ac2de316702 34 1780552258]
# of transactions: 500
# of TXmig1s: 0
# of In1s: 0
# of Anns: 0
# of NSs: 0
blockHash: 
d1f5be157b29e840730f68f8a15f551554900914cfa96eafdf62d5ca29dc1dd6

第34个块开始准备relay

[Propose wait] S1 N0 spin=1 epoch=35 now=1780552258 InitTime=1780552188 lastpropose=1780552258 wallGap=70 need>=68 ok1=true lastGap=0 need>=2 ok2=false

第34个块结束relay

[Propose wait] S1 N0 spin=50 epoch=35 now=1780552259 InitTime=1780552188 lastpropose=1780552258 wallGap=71 need>=68 ok1=true lastGap=1 need>=2 ok2=false
[Propose] S1 N0 时间条件满足: epoch=35->36 now=1780552260 InitTime=1780552188 lastpropose=1780552258 wallGap=72>=68 lastGap=2>=2 → propose1
[Propose] S1 N0 等待 sequenceLock…
[Propose] S1 N0 已持有 sequenceLock，seqID=35 即将 propose1
[propose1] S1 N0 seq=35 Tx_pool.Queue_len=1124
left_count: 500
更新树花时间为: 21
写数据库IO花时间为: 32
编号为 35 的区块已加入本地区块链！curBlock: 
blockHeader: 
[d1f5be157b29e840730f68f8a15f551554900914cfa96eafdf62d5ca29dc1dd6 6b464ff08a15411d8f4fd3f841a113277bd9bb2f842fa2b0b0520698a99e3723 7d1a71eb40aa81da3897b6617f2852f44ca121b1489e13a88cd6302e3db34a85 35 1780552260]
# of transactions: 500
# of TXmig1s: 0
# of In1s: 0
# of Anns: 0
# of NSs: 0
blockHash: 
934edd328e77fdff507aa6ec7e46c7e27e0e6dd1f0de2156d2a80db008802c6b

第35个块开始准备relay

[Propose wait] S1 N0 spin=1 epoch=36 now=1780552260 InitTime=1780552188 lastpropose=1780552260 wallGap=72 need>=70 ok1=true lastGap=0 need>=2 ok2=false

第35个块结束relay

[Propose wait] S1 N0 spin=50 epoch=36 now=1780552261 InitTime=1780552188 lastpropose=1780552260 wallGap=73 need>=70 ok1=true lastGap=1 need>=2 ok2=false
[Propose] S1 N0 时间条件满足: epoch=36->37 now=1780552262 InitTime=1780552188 lastpropose=1780552260 wallGap=74>=70 lastGap=2>=2 → propose1
[Propose] S1 N0 等待 sequenceLock…
[Propose] S1 N0 已持有 sequenceLock，seqID=36 即将 propose1
[propose1] S1 N0 seq=36 Tx_pool.Queue_len=624
left_count: 500
更新树花时间为: 30
写数据库IO花时间为: 55
编号为 36 的区块已加入本地区块链！curBlock: 
blockHeader: 
[934edd328e77fdff507aa6ec7e46c7e27e0e6dd1f0de2156d2a80db008802c6b 6bbe22ae83ad1dc29602563b3bacd6612a07d6d0f681e3923cf0cc643eaed78d 5e36be0495edb78b5164c7252c1b7a32c4d84295be3bc8e2f3156c910be3e3f7 36 1780552262]
# of transactions: 500
# of TXmig1s: 0
# of In1s: 0
# of Anns: 0
# of NSs: 0
blockHash: 
7616ebe8e8c28824c5c8b78708c92879317cdd384b36f76fcbb48821229d435f

第36个块开始准备relay

[Propose wait] S1 N0 spin=1 epoch=37 now=1780552262 InitTime=1780552188 lastpropose=1780552262 wallGap=74 need>=72 ok1=true lastGap=0 need>=2 ok2=false

第36个块结束relay

[Propose wait] S1 N0 spin=50 epoch=37 now=1780552263 InitTime=1780552188 lastpropose=1780552262 wallGap=75 need>=72 ok1=true lastGap=1 need>=2 ok2=false
[Propose] S1 N0 时间条件满足: epoch=37->38 now=1780552264 InitTime=1780552188 lastpropose=1780552262 wallGap=76>=72 lastGap=2>=2 → propose1
[Propose] S1 N0 等待 sequenceLock…
[Propose] S1 N0 已持有 sequenceLock，seqID=37 即将 propose1
[propose1] S1 N0 seq=37 Tx_pool.Queue_len=124
left_count: 500
更新树花时间为: 11
写数据库IO花时间为: 18
编号为 37 的区块已加入本地区块链！curBlock: 
blockHeader: 
[7616ebe8e8c28824c5c8b78708c92879317cdd384b36f76fcbb48821229d435f 4a76d89c483bc2d2153717b9a333460130861c7a29aae5d5f5b801d4556c7dc5 43d7d389c2ddb49268dae3dcc58f7351c67fe1daf8960c0d3b661f79f101f8ea 37 1780552264]
# of transactions: 124
# of TXmig1s: 0
# of In1s: 0
# of Anns: 0
# of NSs: 0
blockHash: 
d9bc0dd3b2891cf844335e8bdf9563b753a22dd7bf67a1f061835076b76a4eda
[Propose wait] S1 N0 spin=1 epoch=38 now=1780552264 InitTime=1780552188 lastpropose=1780552264 wallGap=76 need>=74 ok1=true lastGap=0 need>=2 ok2=false
[Propose wait] S1 N0 spin=50 epoch=38 now=1780552265 InitTime=1780552188 lastpropose=1780552264 wallGap=77 need>=74 ok1=true lastGap=1 need>=2 ok2=false
[Propose] S1 N0 时间条件满足: epoch=38->39 now=1780552266 InitTime=1780552188 lastpropose=1780552264 wallGap=78>=74 lastGap=2>=2 → propose1
[Propose] S1 N0 等待 sequenceLock…
[Propose] S1 N0 已持有 sequenceLock，seqID=38 即将 propose1
[propose1] S1 N0 seq=38 Tx_pool.Queue_len=0
left_count: 500
更新树花时间为: 0
写数据库IO花时间为: 9
编号为 38 的区块已加入本地区块链！curBlock: 
blockHeader: 
[d9bc0dd3b2891cf844335e8bdf9563b753a22dd7bf67a1f061835076b76a4eda 4a76d89c483bc2d2153717b9a333460130861c7a29aae5d5f5b801d4556c7dc5 56e81f171bcc55a6ff8345e692c0f86e5b48e01b996cadc001622fb5e363b421 38 1780552266]
# of transactions: 0
# of TXmig1s: 0
# of In1s: 0
# of Anns: 0
# of NSs: 0
blockHash: 
9a8a8615ec52de2f7fcc0bd300954bb1f43d2ad6e59f9a80a10d37f46f1b004f
[Propose wait] S1 N0 spin=1 epoch=39 now=1780552266 InitTime=1780552188 lastpropose=1780552266 wallGap=78 need>=76 ok1=true lastGap=0 need>=2 ok2=false
[Propose wait] S1 N0 spin=50 epoch=39 now=1780552267 InitTime=1780552188 lastpropose=1780552266 wallGap=79 need>=76 ok1=true lastGap=1 need>=2 ok2=false
[Propose] S1 N0 时间条件满足: epoch=39->40 now=1780552268 InitTime=1780552188 lastpropose=1780552266 wallGap=80>=76 lastGap=2>=2 → propose1
[Propose] S1 N0 等待 sequenceLock…
[Propose] S1 N0 已持有 sequenceLock，seqID=39 即将 propose1
[propose1] S1 N0 seq=39 Tx_pool.Queue_len=0
left_count: 500
更新树花时间为: 0
写数据库IO花时间为: 10
编号为 39 的区块已加入本地区块链！curBlock: 
blockHeader: 
[9a8a8615ec52de2f7fcc0bd300954bb1f43d2ad6e59f9a80a10d37f46f1b004f 4a76d89c483bc2d2153717b9a333460130861c7a29aae5d5f5b801d4556c7dc5 56e81f171bcc55a6ff8345e692c0f86e5b48e01b996cadc001622fb5e363b421 39 1780552268]
# of transactions: 0
# of TXmig1s: 0
# of In1s: 0
# of Anns: 0
# of NSs: 0
blockHash: 
c27f611d1faa4f02c657b5c57f72dfc2bd38e7cb3a9ce85bf67b8adefb7d3df3
[Propose wait] S1 N0 spin=1 epoch=40 now=1780552268 InitTime=1780552188 lastpropose=1780552268 wallGap=80 need>=78 ok1=true lastGap=0 need>=2 ok2=false
[Propose wait] S1 N0 spin=50 epoch=40 now=1780552269 InitTime=1780552188 lastpropose=1780552268 wallGap=81 need>=78 ok1=true lastGap=1 need>=2 ok2=false
[Propose] S1 N0 时间条件满足: epoch=40->41 now=1780552270 InitTime=1780552188 lastpropose=1780552268 wallGap=82>=78 lastGap=2>=2 → propose1
[Propose] S1 N0 等待 sequenceLock…
[Propose] S1 N0 已持有 sequenceLock，seqID=40 即将 propose1
[propose1] S1 N0 seq=40 Tx_pool.Queue_len=0
left_count: 500
更新树花时间为: 0
写数据库IO花时间为: 13
编号为 40 的区块已加入本地区块链！curBlock: 
blockHeader: 
[c27f611d1faa4f02c657b5c57f72dfc2bd38e7cb3a9ce85bf67b8adefb7d3df3 4a76d89c483bc2d2153717b9a333460130861c7a29aae5d5f5b801d4556c7dc5 56e81f171bcc55a6ff8345e692c0f86e5b48e01b996cadc001622fb5e363b421 40 1780552270]
# of transactions: 0
# of TXmig1s: 0
# of In1s: 0
# of Anns: 0
# of NSs: 0
blockHash: 
f5cce011a2ed22e105fc4c0d1207a65fd2dc3f9b7ef0772e9ce9a51e6f100848
[Propose wait] S1 N0 spin=1 epoch=41 now=1780552270 InitTime=1780552188 lastpropose=1780552270 wallGap=82 need>=80 ok1=true lastGap=0 need>=2 ok2=false
[Propose wait] S1 N0 spin=50 epoch=41 now=1780552271 InitTime=1780552188 lastpropose=1780552270 wallGap=83 need>=80 ok1=true lastGap=1 need>=2 ok2=false
[Propose] S1 N0 时间条件满足: epoch=41->42 now=1780552272 InitTime=1780552188 lastpropose=1780552270 wallGap=84>=80 lastGap=2>=2 → propose1
[Propose] S1 N0 等待 sequenceLock…
[Propose] S1 N0 已持有 sequenceLock，seqID=41 即将 propose1
[propose1] S1 N0 seq=41 Tx_pool.Queue_len=0
left_count: 500
更新树花时间为: 0
写数据库IO花时间为: 9
编号为 41 的区块已加入本地区块链！curBlock: 
blockHeader: 
[f5cce011a2ed22e105fc4c0d1207a65fd2dc3f9b7ef0772e9ce9a51e6f100848 4a76d89c483bc2d2153717b9a333460130861c7a29aae5d5f5b801d4556c7dc5 56e81f171bcc55a6ff8345e692c0f86e5b48e01b996cadc001622fb5e363b421 41 1780552272]
# of transactions: 0
# of TXmig1s: 0
# of In1s: 0
# of Anns: 0
# of NSs: 0
blockHash: 
0867fff57b962ab594e1730b5aebfcfd6ba4e53a56f39a83a4fe5a6d45beac2d
[Propose wait] S1 N0 spin=1 epoch=42 now=1780552272 InitTime=1780552188 lastpropose=1780552272 wallGap=84 need>=82 ok1=true lastGap=0 need>=2 ok2=false
[Propose wait] S1 N0 spin=50 epoch=42 now=1780552273 InitTime=1780552188 lastpropose=1780552272 wallGap=85 need>=82 ok1=true lastGap=1 need>=2 ok2=false
[Propose] S1 N0 时间条件满足: epoch=42->43 now=1780552274 InitTime=1780552188 lastpropose=1780552272 wallGap=86>=82 lastGap=2>=2 → propose1
[Propose] S1 N0 等待 sequenceLock…
[Propose] S1 N0 已持有 sequenceLock，seqID=42 即将 propose1
[propose1] S1 N0 seq=42 Tx_pool.Queue_len=0
left_count: 500
更新树花时间为: 0
写数据库IO花时间为: 5
编号为 42 的区块已加入本地区块链！curBlock: 
blockHeader: 
[0867fff57b962ab594e1730b5aebfcfd6ba4e53a56f39a83a4fe5a6d45beac2d 4a76d89c483bc2d2153717b9a333460130861c7a29aae5d5f5b801d4556c7dc5 56e81f171bcc55a6ff8345e692c0f86e5b48e01b996cadc001622fb5e363b421 42 1780552274]
# of transactions: 0
# of TXmig1s: 0
# of In1s: 0
# of Anns: 0
# of NSs: 0
blockHash: 
bcc384842fcda1f713adc1835af38d9d50bccf988d5a9eff31e311da4565bc49
[Propose wait] S1 N0 spin=1 epoch=43 now=1780552274 InitTime=1780552188 lastpropose=1780552274 wallGap=86 need>=84 ok1=true lastGap=0 need>=2 ok2=false
节点收到终止节点消息，停止运行
