MigrationStrategy=Fine-tuned-Lock (Stop=false Lock=false NotLock=false)
&{77 N0 S1 2 0 D:\Desktop\实验室\MVSS+\MVSS-main\selectedTxs_300K.csv 2 500 300 150 150 150 150 1000 10 1 400 20000 0 50000 20 true Fine-tuned-Lock false false false false true false 3 false 8 false false false PageRank false 100 true false}
&{77 N0 S1 2 0 D:\Desktop\实验室\MVSS+\MVSS-main\selectedTxs_300K.csv 2 500 300 150 150 150 150 1000 10 1 400 20000 0 50000 20 true Fine-tuned-Lock false false false false true false 3 false 8 false false false PageRank false 100 true false}
交易将由外部客户端发送
节点 N0 已启动，所属分片: S1
[Propose wait-first-tx] S1 N0 seq=1 Queue_len=0，首块等待交易注入后再出块
节点开启监听，地址：127.0.0.1:8020
[Propose wait-first-tx] S1 N0 seq=1 Queue_len=0，首块等待交易注入后再出块
[Propose wait-first-tx] S1 N0 seq=1 Queue_len=0，首块等待交易注入后再出块
[Propose wait-first-tx] S1 N0 seq=1 Queue_len=0，首块等待交易注入后再出块
[Propose wait-first-tx] S1 N0 seq=1 Queue_len=0，首块等待交易注入后再出块
[Propose wait-first-tx] S1 N0 seq=1 Queue_len=0，首块等待交易注入后再出块
[Propose wait-first-tx] S1 N0 seq=1 Queue_len=0，首块等待交易注入后再出块
[Propose wait-first-tx] S1 N0 seq=1 Queue_len=0，首块等待交易注入后再出块
[Propose wait-first-tx] S1 N0 seq=1 Queue_len=0，首块等待交易注入后再出块
[Propose wait-first-tx] S1 N0 seq=1 Queue_len=0，首块等待交易注入后再出块
[Propose wait-first-tx] S1 N0 seq=1 Queue_len=0，首块等待交易注入后再出块
[Propose wait-first-tx] S1 N0 seq=1 Queue_len=0，首块等待交易注入后再出块
[Propose wait-first-tx] S1 N0 seq=1 Queue_len=0，首块等待交易注入后再出块
[Propose wait-first-tx] S1 N0 seq=1 Queue_len=0，首块等待交易注入后再出块
[Propose wait-first-tx] S1 N0 seq=1 Queue_len=0，首块等待交易注入后再出块
[Propose wait-first-tx] S1 N0 seq=1 Queue_len=0，首块等待交易注入后再出块
[Propose wait-first-tx] S1 N0 seq=1 Queue_len=0，首块等待交易注入后再出块
本节点已接收到客户端发送的初始时间：1780066627（锚定 InitTime=1780066627，已重置 epoch=1）
[Propose wait-first-tx] S1 N0 seq=1 Queue_len=0，首块等待交易注入后再出块
[Propose wait-first-tx] S1 N0 seq=1 Queue_len=0，首块等待交易注入后再出块
[Propose wait-first-tx] S1 N0 seq=1 Queue_len=0，首块等待交易注入后再出块
[handleTxFromClient] S1 N0 recv client batch, tx_count=255
[handleTxFromClient] S1 N0 append to Tx_pool.Queue: local_queued=255 forward_other_shard=0 Queue_total_len=255
[Propose wait-first-tx] S1 N0 首块已检测到交易，结束等待，Queue_len=255
[Propose] S1 N0 时间条件满足: epoch=1->2 now=1780066631 InitTime=1780066627 lastpropose=1780066627 wallGap=4>=0 lastGap=4>=2 → propose1
[Propose] S1 N0 等待 sequenceLock…
[Propose] S1 N0 已持有 sequenceLock，seqID=1 即将 propose1
[propose1] S1 N0 seq=1 Tx_pool.Queue_len=255
left_count: 500
更新树花时间为: 55
写数据库IO花时间为: 60
编号为 1 的区块已加入本地区块链！curBlock: 
blockHeader: 
[1add38160db0458a48072f3ade543ffb4af4e9cfdf8f76549b9568e046a6a3ff 6557cc78541aef2dd8c1ce5a6bcb96b759f504e4194b5296157263e1459744e1 375ad522154089bfa655209ac365f2c37a05df22070008142b31f42623291104 1 1780066631]
# of transactions: 255
# of TXmig1s: 0
# of In1s: 0
# of Anns: 0
# of NSs: 0
blockHash: 
ce0c5e3aaf769333ce66b0e5b752909374836d6ebcab181c81bb960fb36d5231

第1个块开始准备relay

[Propose wait] S1 N0 spin=1 epoch=2 now=1780066631 InitTime=1780066627 lastpropose=1780066631 wallGap=4 need>=2 ok1=true lastGap=0 need>=2 ok2=false

第1个块结束relay

[Propose wait] S1 N0 spin=50 epoch=2 now=1780066632 InitTime=1780066627 lastpropose=1780066631 wallGap=5 need>=2 ok1=true lastGap=1 need>=2 ok2=false
[Propose] S1 N0 时间条件满足: epoch=2->3 now=1780066633 InitTime=1780066627 lastpropose=1780066631 wallGap=6>=2 lastGap=2>=2 → propose1
[Propose] S1 N0 等待 sequenceLock…
[Propose] S1 N0 已持有 sequenceLock，seqID=2 即将 propose1
[propose1] S1 N0 seq=2 Tx_pool.Queue_len=241
left_count: 500
[handleTxFromClient] S1 N0 recv client batch, tx_count=652
[handleTxFromClient] S1 N0 append to Tx_pool.Queue: local_queued=652 forward_other_shard=0 Queue_total_len=652
更新树花时间为: 33
写数据库IO花时间为: 38
编号为 2 的区块已加入本地区块链！curBlock: 
blockHeader: 
[ce0c5e3aaf769333ce66b0e5b752909374836d6ebcab181c81bb960fb36d5231 79dc5f0f0e28274ba37065df4cae7a47ecfb96682e43a2349ae3731df9493f76 dcfae1958c7f50b60bb6c60d8fffd9de790f7e594e74d3ca46fe522e3dff3ec2 2 1780066633]
# of transactions: 241
# of TXmig1s: 0
# of In1s: 0
# of Anns: 0
# of NSs: 0
blockHash: 
e713c1cae9430d5af57a17cbd4b8b86151fadc73195ccbbe46db1eeefd1d2396
[Propose wait] S1 N0 spin=1 epoch=3 now=1780066633 InitTime=1780066627 lastpropose=1780066633 wallGap=6 need>=4 ok1=true lastGap=0 need>=2 ok2=false
[Propose wait] S1 N0 spin=50 epoch=3 now=1780066634 InitTime=1780066627 lastpropose=1780066633 wallGap=7 need>=4 ok1=true lastGap=1 need>=2 ok2=false
[Propose] S1 N0 时间条件满足: epoch=3->4 now=1780066635 InitTime=1780066627 lastpropose=1780066633 wallGap=8>=4 lastGap=2>=2 → propose1
[Propose] S1 N0 等待 sequenceLock…
[Propose] S1 N0 已持有 sequenceLock，seqID=3 即将 propose1
[propose1] S1 N0 seq=3 Tx_pool.Queue_len=676
left_count: 500
[handleTxFromClient] S1 N0 recv client batch, tx_count=558
[handleTxFromClient] S1 N0 append to Tx_pool.Queue: local_queued=558 forward_other_shard=0 Queue_total_len=734
更新树花时间为: 89
写数据库IO花时间为: 99
编号为 3 的区块已加入本地区块链！curBlock: 
blockHeader: 
[e713c1cae9430d5af57a17cbd4b8b86151fadc73195ccbbe46db1eeefd1d2396 7050fb8b05f63d54842dd1a17d7dbf6848b75af2891034587272644861eff757 102be1153828e9f8cf3e5379fc7a77b42d386f9122310aa5fae26e252aa1ee2b 3 1780066635]
# of transactions: 500
# of TXmig1s: 0
# of In1s: 0
# of Anns: 0
# of NSs: 0
blockHash: 
59738c3abfeadd637c01fda66f5421b7d0480da64670b0b89e07a306b85f9bf3

第3个块开始准备relay

[Propose wait] S1 N0 spin=1 epoch=4 now=1780066635 InitTime=1780066627 lastpropose=1780066635 wallGap=8 need>=6 ok1=true lastGap=0 need>=2 ok2=false

第3个块结束relay

[Propose wait] S1 N0 spin=50 epoch=4 now=1780066636 InitTime=1780066627 lastpropose=1780066635 wallGap=9 need>=6 ok1=true lastGap=1 need>=2 ok2=false
[Propose] S1 N0 时间条件满足: epoch=4->5 now=1780066637 InitTime=1780066627 lastpropose=1780066635 wallGap=10>=6 lastGap=2>=2 → propose1
[Propose] S1 N0 等待 sequenceLock…
[Propose] S1 N0 已持有 sequenceLock，seqID=4 即将 propose1
[propose1] S1 N0 seq=4 Tx_pool.Queue_len=810
left_count: 500
[handleTxFromClient] S1 N0 recv client batch, tx_count=238
[handleTxFromClient] S1 N0 append to Tx_pool.Queue: local_queued=238 forward_other_shard=0 Queue_total_len=548
更新树花时间为: 72
写数据库IO花时间为: 75
编号为 4 的区块已加入本地区块链！curBlock: 
blockHeader: 
[59738c3abfeadd637c01fda66f5421b7d0480da64670b0b89e07a306b85f9bf3 70102d389a093812e5a082935750342d88e7925e07c97ff69770d9069ace51df e95d241ca7afcf99f398483fe28467983f9b65b28ce9e9ef0bb4b81f41b3f800 4 1780066637]
# of transactions: 500
# of TXmig1s: 0
# of In1s: 0
# of Anns: 0
# of NSs: 0
blockHash: 
2933c7779b2373e559e14f5d9500090e44e5d026a8f3906fa797667edeb37438

第4个块开始准备relay

[Propose wait] S1 N0 spin=1 epoch=5 now=1780066637 InitTime=1780066627 lastpropose=1780066637 wallGap=10 need>=8 ok1=true lastGap=0 need>=2 ok2=false

第4个块结束relay

[Propose wait] S1 N0 spin=50 epoch=5 now=1780066638 InitTime=1780066627 lastpropose=1780066637 wallGap=11 need>=8 ok1=true lastGap=1 need>=2 ok2=false
[Propose] S1 N0 时间条件满足: epoch=5->6 now=1780066639 InitTime=1780066627 lastpropose=1780066637 wallGap=12>=8 lastGap=2>=2 → propose1
[Propose] S1 N0 等待 sequenceLock…
[Propose] S1 N0 已持有 sequenceLock，seqID=5 即将 propose1
[propose1] S1 N0 seq=5 Tx_pool.Queue_len=688
left_count: 500
[handleTxFromClient] S1 N0 recv client batch, tx_count=687
[handleTxFromClient] S1 N0 append to Tx_pool.Queue: local_queued=687 forward_other_shard=0 Queue_total_len=875
更新树花时间为: 73
写数据库IO花时间为: 83
编号为 5 的区块已加入本地区块链！curBlock: 
blockHeader: 
[2933c7779b2373e559e14f5d9500090e44e5d026a8f3906fa797667edeb37438 c8259f937d308dec4ae915d5717aa83fafd7a42032e8afb77d905b7fc2d9de25 239a06867df01033c5e79203a8ab5a60ae9109cc570995658d86806cdb0f9283 5 1780066639]
# of transactions: 500
# of TXmig1s: 0
# of In1s: 0
# of Anns: 0
# of NSs: 0
blockHash: 
c4e0bdbd263883206f0b8c4de6db1a7d3c2e36cb413540a9c9130c475ef713f2

第5个块开始准备relay

[Propose wait] S1 N0 spin=1 epoch=6 now=1780066639 InitTime=1780066627 lastpropose=1780066639 wallGap=12 need>=10 ok1=true lastGap=0 need>=2 ok2=false

第5个块结束relay

[Propose wait] S1 N0 spin=50 epoch=6 now=1780066640 InitTime=1780066627 lastpropose=1780066639 wallGap=13 need>=10 ok1=true lastGap=1 need>=2 ok2=false
[Propose] S1 N0 时间条件满足: epoch=6->7 now=1780066641 InitTime=1780066627 lastpropose=1780066639 wallGap=14>=10 lastGap=2>=2 → propose1
[Propose] S1 N0 等待 sequenceLock…
[Propose] S1 N0 已持有 sequenceLock，seqID=6 即将 propose1
[propose1] S1 N0 seq=6 Tx_pool.Queue_len=1133
left_count: 500
[handleTxFromClient] S1 N0 recv client batch, tx_count=180
[handleTxFromClient] S1 N0 append to Tx_pool.Queue: local_queued=180 forward_other_shard=0 Queue_total_len=813
更新树花时间为: 70
写数据库IO花时间为: 83
编号为 6 的区块已加入本地区块链！curBlock: 
blockHeader: 
[c4e0bdbd263883206f0b8c4de6db1a7d3c2e36cb413540a9c9130c475ef713f2 00e79fe7da80114ea5ae204aa25a4abf4ab16185d9f09d383892b697c43d48bd 23124b8ffc218d586029c753ed54447828042dbc10a4fefff2370da359d98c5c 6 1780066641]
# of transactions: 500
# of TXmig1s: 0
# of In1s: 0
# of Anns: 0
# of NSs: 0
blockHash: 
485a2664de7d17b5c5367a5cbec96bc206873b4740c923a53ef55199f0f8df12

第6个块开始准备relay

[Propose wait] S1 N0 spin=1 epoch=7 now=1780066641 InitTime=1780066627 lastpropose=1780066641 wallGap=14 need>=12 ok1=true lastGap=0 need>=2 ok2=false

第6个块结束relay

[Propose wait] S1 N0 spin=50 epoch=7 now=1780066642 InitTime=1780066627 lastpropose=1780066641 wallGap=15 need>=12 ok1=true lastGap=1 need>=2 ok2=false
[Propose] S1 N0 时间条件满足: epoch=7->8 now=1780066643 InitTime=1780066627 lastpropose=1780066641 wallGap=16>=12 lastGap=2>=2 → propose1
[Propose] S1 N0 等待 sequenceLock…
[Propose] S1 N0 已持有 sequenceLock，seqID=7 即将 propose1
[propose1] S1 N0 seq=7 Tx_pool.Queue_len=904
left_count: 500
[handleTxFromClient] S1 N0 recv client batch, tx_count=200
[handleTxFromClient] S1 N0 append to Tx_pool.Queue: local_queued=200 forward_other_shard=0 Queue_total_len=604
更新树花时间为: 72
写数据库IO花时间为: 94
编号为 7 的区块已加入本地区块链！curBlock: 
blockHeader: 
[485a2664de7d17b5c5367a5cbec96bc206873b4740c923a53ef55199f0f8df12 b8e50fa62c492e43ab1e83c906d46f48b3946715e0e101283b35757bd567357d da7db4fab2e5634b6723fd3b923470794a2348a3ef26949a2e75c9461b7ef5af 7 1780066643]
# of transactions: 500
# of TXmig1s: 0
# of In1s: 0
# of Anns: 0
# of NSs: 0
blockHash: 
174ac32e038178561c58acb0d2536f53be05890fb6da8fdb88b5f8ffd0d39446

第7个块开始准备relay

[Propose wait] S1 N0 spin=1 epoch=8 now=1780066643 InitTime=1780066627 lastpropose=1780066643 wallGap=16 need>=14 ok1=true lastGap=0 need>=2 ok2=false

第7个块结束relay

[Propose wait] S1 N0 spin=50 epoch=8 now=1780066644 InitTime=1780066627 lastpropose=1780066643 wallGap=17 need>=14 ok1=true lastGap=1 need>=2 ok2=false
[Propose] S1 N0 时间条件满足: epoch=8->9 now=1780066645 InitTime=1780066627 lastpropose=1780066643 wallGap=18>=14 lastGap=2>=2 → propose1
[Propose] S1 N0 等待 sequenceLock…
[Propose] S1 N0 已持有 sequenceLock，seqID=8 即将 propose1
[propose1] S1 N0 seq=8 Tx_pool.Queue_len=817
left_count: 500
[handleTxFromClient] S1 N0 recv client batch, tx_count=196
[handleTxFromClient] S1 N0 append to Tx_pool.Queue: local_queued=196 forward_other_shard=0 Queue_total_len=513
更新树花时间为: 64
写数据库IO花时间为: 82
编号为 8 的区块已加入本地区块链！curBlock: 
blockHeader: 
[174ac32e038178561c58acb0d2536f53be05890fb6da8fdb88b5f8ffd0d39446 2de84296ba056b8109d43e4c17442ce78548bd31a56a54f264f5380adbe4893b b12c537beb4c41621c46fae9f76de2135c8fc0804a1c79b90c09ecb54d32e921 8 1780066645]
# of transactions: 500
# of TXmig1s: 0
# of In1s: 0
# of Anns: 0
# of NSs: 0
blockHash: 
c09d9e2b593881fede35b79ef18b4902d179dc6b69c6e346c6292c972c12634d

第8个块开始准备relay

[Propose wait] S1 N0 spin=1 epoch=9 now=1780066645 InitTime=1780066627 lastpropose=1780066645 wallGap=18 need>=16 ok1=true lastGap=0 need>=2 ok2=false

第8个块结束relay

[Propose wait] S1 N0 spin=50 epoch=9 now=1780066646 InitTime=1780066627 lastpropose=1780066645 wallGap=19 need>=16 ok1=true lastGap=1 need>=2 ok2=false
[Propose] S1 N0 时间条件满足: epoch=9->10 now=1780066647 InitTime=1780066627 lastpropose=1780066645 wallGap=20>=16 lastGap=2>=2 → propose1
[Propose] S1 N0 等待 sequenceLock…
[Propose] S1 N0 已持有 sequenceLock，seqID=9 即将 propose1
[propose1] S1 N0 seq=9 Tx_pool.Queue_len=682
left_count: 500
[handleTxFromClient] S1 N0 recv client batch, tx_count=317
[handleTxFromClient] S1 N0 append to Tx_pool.Queue: local_queued=317 forward_other_shard=0 Queue_total_len=499
更新树花时间为: 67
写数据库IO花时间为: 73
编号为 9 的区块已加入本地区块链！curBlock: 
blockHeader: 
[c09d9e2b593881fede35b79ef18b4902d179dc6b69c6e346c6292c972c12634d 5a6fe9bdc849f03185920a82f47c6038271e55d8377293661279f017b1a3516b b4f5150ea2e61320744dcccacb3b595ebc27a85ee7ce19b12b4b6f2a0668dfc1 9 1780066647]
# of transactions: 500
# of TXmig1s: 0
# of In1s: 0
# of Anns: 0
# of NSs: 0
blockHash: 
62bb9c4a0df6e3648b91ffc30a0d9a485694e97f45b63618e05d9c5490484709

第9个块开始准备relay

[Propose wait] S1 N0 spin=1 epoch=10 now=1780066647 InitTime=1780066627 lastpropose=1780066647 wallGap=20 need>=18 ok1=true lastGap=0 need>=2 ok2=false

第9个块结束relay

[Propose wait] S1 N0 spin=50 epoch=10 now=1780066648 InitTime=1780066627 lastpropose=1780066647 wallGap=21 need>=18 ok1=true lastGap=1 need>=2 ok2=false
[Propose] S1 N0 时间条件满足: epoch=10->11 now=1780066649 InitTime=1780066627 lastpropose=1780066647 wallGap=22>=18 lastGap=2>=2 → propose1
[Propose] S1 N0 等待 sequenceLock…
[Propose] S1 N0 已持有 sequenceLock，seqID=10 即将 propose1
[propose1] S1 N0 seq=10 Tx_pool.Queue_len=768
left_count: 500
更新树花时间为: 67
写数据库IO花时间为: 76
编号为 10 的区块已加入本地区块链！curBlock: 
blockHeader: 
[62bb9c4a0df6e3648b91ffc30a0d9a485694e97f45b63618e05d9c5490484709 fb220af803dde9a41ea170f8ca84220e89a810f2da646b24e1f0cbef8af1c948 ed15d237187cc0af163e7a63117d2afca660cb0a553649f1e4d640739db966a3 10 1780066649]
# of transactions: 500
# of TXmig1s: 0
# of In1s: 0
# of Anns: 0
# of NSs: 0
blockHash: 
75a1498f1eda53297ecb768bd81ee34b139891f939adab309ab4192ffda20577

第10个块开始准备relay

[Propose wait] S1 N0 spin=1 epoch=11 now=1780066649 InitTime=1780066627 lastpropose=1780066649 wallGap=22 need>=20 ok1=true lastGap=0 need>=2 ok2=false
[handleTxFromClient] S1 N0 recv client batch, tx_count=170
[handleTxFromClient] S1 N0 append to Tx_pool.Queue: local_queued=170 forward_other_shard=0 Queue_total_len=438

第10个块结束relay

[Propose wait] S1 N0 spin=50 epoch=11 now=1780066650 InitTime=1780066627 lastpropose=1780066649 wallGap=23 need>=20 ok1=true lastGap=1 need>=2 ok2=false
[Propose] S1 N0 时间条件满足: epoch=11->12 now=1780066651 InitTime=1780066627 lastpropose=1780066649 wallGap=24>=20 lastGap=2>=2 → propose1
[Propose] S1 N0 等待 sequenceLock…
[Propose] S1 N0 已持有 sequenceLock，seqID=11 即将 propose1
[propose1] S1 N0 seq=11 Tx_pool.Queue_len=591
left_count: 500
更新树花时间为: 65
写数据库IO花时间为: 73
编号为 11 的区块已加入本地区块链！curBlock: 
blockHeader: 
[75a1498f1eda53297ecb768bd81ee34b139891f939adab309ab4192ffda20577 44b9fa5d747359e523f50cf13c5716cc7875845a6af51ada09e3a2e3f462ce62 91f2fc15122ee61bbdc9cfadae0332ee54c0fa51ed67d3d67f8171dc2465b3c3 11 1780066651]
# of transactions: 500
# of TXmig1s: 0
# of In1s: 0
# of Anns: 0
# of NSs: 0
blockHash: 
ebd3309221600e60bce39b0f9e61ace7a1edd9e7f85238a46d39e4d26717159e

第11个块开始准备relay

[Propose wait] S1 N0 spin=1 epoch=12 now=1780066651 InitTime=1780066627 lastpropose=1780066651 wallGap=24 need>=22 ok1=true lastGap=0 need>=2 ok2=false
[handleTxFromClient] S1 N0 recv client batch, tx_count=581
[handleTxFromClient] S1 N0 append to Tx_pool.Queue: local_queued=581 forward_other_shard=0 Queue_total_len=672

第11个块结束relay

[Propose wait] S1 N0 spin=50 epoch=12 now=1780066652 InitTime=1780066627 lastpropose=1780066651 wallGap=25 need>=22 ok1=true lastGap=1 need>=2 ok2=false
[Propose] S1 N0 时间条件满足: epoch=12->13 now=1780066653 InitTime=1780066627 lastpropose=1780066651 wallGap=26>=22 lastGap=2>=2 → propose1
[Propose] S1 N0 等待 sequenceLock…
[Propose] S1 N0 已持有 sequenceLock，seqID=12 即将 propose1
[propose1] S1 N0 seq=12 Tx_pool.Queue_len=888
left_count: 500
更新树花时间为: 62
写数据库IO花时间为: 66
编号为 12 的区块已加入本地区块链！curBlock: 
blockHeader: 
[ebd3309221600e60bce39b0f9e61ace7a1edd9e7f85238a46d39e4d26717159e b157fba095de1162bd14a9219f25d1c12bb20e6c071986a07d658944ff6a75b2 209f3867f531308e8a2f2775c2ffe93928d524027f9ab02f45fa6b1d4970f268 12 1780066653]
# of transactions: 500
# of TXmig1s: 0
# of In1s: 0
# of Anns: 0
# of NSs: 0
blockHash: 
57a6b323266d23dfb64b9c36a47e5082a204bf71e87290493edf05ed071699ab

第12个块开始准备relay

[Propose wait] S1 N0 spin=1 epoch=13 now=1780066653 InitTime=1780066627 lastpropose=1780066653 wallGap=26 need>=24 ok1=true lastGap=0 need>=2 ok2=false
[handleTxFromClient] S1 N0 recv client batch, tx_count=684
[handleTxFromClient] S1 N0 append to Tx_pool.Queue: local_queued=684 forward_other_shard=0 Queue_total_len=1072

第12个块结束relay

[Propose wait] S1 N0 spin=50 epoch=13 now=1780066654 InitTime=1780066627 lastpropose=1780066653 wallGap=27 need>=24 ok1=true lastGap=1 need>=2 ok2=false
[Propose] S1 N0 时间条件满足: epoch=13->14 now=1780066655 InitTime=1780066627 lastpropose=1780066653 wallGap=28>=24 lastGap=2>=2 → propose1
[Propose] S1 N0 等待 sequenceLock…
[Propose] S1 N0 已持有 sequenceLock，seqID=13 即将 propose1
[propose1] S1 N0 seq=13 Tx_pool.Queue_len=1269
left_count: 500
更新树花时间为: 61
写数据库IO花时间为: 76
编号为 13 的区块已加入本地区块链！curBlock: 
blockHeader: 
[57a6b323266d23dfb64b9c36a47e5082a204bf71e87290493edf05ed071699ab 56536807338c07ea31cd326ecfc113f18e90128693e18c5f39d026c9fb77c6b7 c0356d209e492b9faf3400b3d1d6ba09afd291f4870632e3efae4f8f72af2d63 13 1780066655]
# of transactions: 500
# of TXmig1s: 0
# of In1s: 0
# of Anns: 0
# of NSs: 0
blockHash: 
605e9b862ec42c409bed379ef5969a086733de2e71195abcb112c686ac30279e

第13个块开始准备relay

[Propose wait] S1 N0 spin=1 epoch=14 now=1780066655 InitTime=1780066627 lastpropose=1780066655 wallGap=28 need>=26 ok1=true lastGap=0 need>=2 ok2=false
[handleTxFromClient] S1 N0 recv client batch, tx_count=216
[handleTxFromClient] S1 N0 append to Tx_pool.Queue: local_queued=216 forward_other_shard=0 Queue_total_len=985

第13个块结束relay

[Propose wait] S1 N0 spin=50 epoch=14 now=1780066656 InitTime=1780066627 lastpropose=1780066655 wallGap=29 need>=26 ok1=true lastGap=1 need>=2 ok2=false
[Propose] S1 N0 时间条件满足: epoch=14->15 now=1780066657 InitTime=1780066627 lastpropose=1780066655 wallGap=30>=26 lastGap=2>=2 → propose1
[Propose] S1 N0 等待 sequenceLock…
[Propose] S1 N0 已持有 sequenceLock，seqID=14 即将 propose1
[propose1] S1 N0 seq=14 Tx_pool.Queue_len=1255
left_count: 500
更新树花时间为: 87
写数据库IO花时间为: 95
编号为 14 的区块已加入本地区块链！curBlock: 
blockHeader: 
[605e9b862ec42c409bed379ef5969a086733de2e71195abcb112c686ac30279e 4db8d1cc8afbc10c2247ae4691b10fe3af0289d5291117a45db8a667f722ce5b 41241bb707fb8f380cfc16597f6c01ee71434725a281fa24bc1abd48faa0af13 14 1780066657]
# of transactions: 500
# of TXmig1s: 0
# of In1s: 0
# of Anns: 0
# of NSs: 0
blockHash: 
8074d308cb89fe88139503a636cfe218e69e70d76edbd87eb2a662b7a97be5a5

第14个块开始准备relay

[Propose wait] S1 N0 spin=1 epoch=15 now=1780066657 InitTime=1780066627 lastpropose=1780066657 wallGap=30 need>=28 ok1=true lastGap=0 need>=2 ok2=false
[handleTxFromClient] S1 N0 recv client batch, tx_count=184
[handleTxFromClient] S1 N0 append to Tx_pool.Queue: local_queued=184 forward_other_shard=0 Queue_total_len=939

第14个块结束relay

[Propose wait] S1 N0 spin=50 epoch=15 now=1780066658 InitTime=1780066627 lastpropose=1780066657 wallGap=31 need>=28 ok1=true lastGap=1 need>=2 ok2=false
[Propose] S1 N0 时间条件满足: epoch=15->16 now=1780066659 InitTime=1780066627 lastpropose=1780066657 wallGap=32>=28 lastGap=2>=2 → propose1
[Propose] S1 N0 等待 sequenceLock…
[Propose] S1 N0 已持有 sequenceLock，seqID=15 即将 propose1
[propose1] S1 N0 seq=15 Tx_pool.Queue_len=1107
left_count: 500
更新树花时间为: 91
写数据库IO花时间为: 128
编号为 15 的区块已加入本地区块链！curBlock: 
blockHeader: 
[8074d308cb89fe88139503a636cfe218e69e70d76edbd87eb2a662b7a97be5a5 4d17af6d4be11a645e635a308d0f27aeb12770e71ffedec538826c347d2d8fe5 45b57c307210eab64e560c290f0b470cebf325d54c6581e3aa8d844655e1186a 15 1780066659]
# of transactions: 500
# of TXmig1s: 0
# of In1s: 0
# of Anns: 0
# of NSs: 0
blockHash: 
b8c8e056a8a30872540ec06fb9c31729dd46ddcde15c76a84055a2d5a796ab46

第15个块开始准备relay

[Propose wait] S1 N0 spin=1 epoch=16 now=1780066659 InitTime=1780066627 lastpropose=1780066659 wallGap=32 need>=30 ok1=true lastGap=0 need>=2 ok2=false
[handleTxFromClient] S1 N0 recv client batch, tx_count=228
[handleTxFromClient] S1 N0 append to Tx_pool.Queue: local_queued=228 forward_other_shard=0 Queue_total_len=835

第15个块结束relay

[Propose wait] S1 N0 spin=50 epoch=16 now=1780066660 InitTime=1780066627 lastpropose=1780066659 wallGap=33 need>=30 ok1=true lastGap=1 need>=2 ok2=false
[Propose] S1 N0 时间条件满足: epoch=16->17 now=1780066661 InitTime=1780066627 lastpropose=1780066659 wallGap=34>=30 lastGap=2>=2 → propose1
[Propose] S1 N0 等待 sequenceLock…
[Propose] S1 N0 已持有 sequenceLock，seqID=16 即将 propose1
[propose1] S1 N0 seq=16 Tx_pool.Queue_len=976
left_count: 500
更新树花时间为: 55
写数据库IO花时间为: 65
编号为 16 的区块已加入本地区块链！curBlock: 
blockHeader: 
[b8c8e056a8a30872540ec06fb9c31729dd46ddcde15c76a84055a2d5a796ab46 a3042e3df869050cc18689f1a5dd5ebf6afe5865a374c81db9caa2eb3eded134 eb0c5eb8e66956fefbbec893020b171bf7b9bf1583396349a2eb3f7d980b9f39 16 1780066661]
# of transactions: 500
# of TXmig1s: 0
# of In1s: 0
# of Anns: 0
# of NSs: 0
blockHash: 
1f2e78a874ff541b434c43b81f7bffe0c298c886991c95e86c3d7705a0a28de5

第16个块开始准备relay

[Propose wait] S1 N0 spin=1 epoch=17 now=1780066661 InitTime=1780066627 lastpropose=1780066661 wallGap=34 need>=32 ok1=true lastGap=0 need>=2 ok2=false
[handleTxFromClient] S1 N0 recv client batch, tx_count=276
[handleTxFromClient] S1 N0 append to Tx_pool.Queue: local_queued=276 forward_other_shard=0 Queue_total_len=752

第16个块结束relay

[Propose wait] S1 N0 spin=50 epoch=17 now=1780066662 InitTime=1780066627 lastpropose=1780066661 wallGap=35 need>=32 ok1=true lastGap=1 need>=2 ok2=false
[Propose] S1 N0 时间条件满足: epoch=17->18 now=1780066663 InitTime=1780066627 lastpropose=1780066661 wallGap=36>=32 lastGap=2>=2 → propose1
[Propose] S1 N0 等待 sequenceLock…
[Propose] S1 N0 已持有 sequenceLock，seqID=17 即将 propose1
[propose1] S1 N0 seq=17 Tx_pool.Queue_len=999
left_count: 500
更新树花时间为: 54
写数据库IO花时间为: 80
编号为 17 的区块已加入本地区块链！curBlock: 
blockHeader: 
[1f2e78a874ff541b434c43b81f7bffe0c298c886991c95e86c3d7705a0a28de5 f1134b1bc427bbc64fee3f7d6edf8cfcd1e2870b95668afa12c1119e7fe63510 faf2db096b730b8de114a2fdf0663f40e311e179365c7f33c40f71690b4538df 17 1780066663]
# of transactions: 500
# of TXmig1s: 0
# of In1s: 0
# of Anns: 0
# of NSs: 0
blockHash: 
ea8b10e2eab8a0f158a8b0d25bc02c2092e1e7407d24a4cdf9a1c8237a0b0f0c

第17个块开始准备relay

[Propose wait] S1 N0 spin=1 epoch=18 now=1780066663 InitTime=1780066627 lastpropose=1780066663 wallGap=36 need>=34 ok1=true lastGap=0 need>=2 ok2=false
[handleTxFromClient] S1 N0 recv client batch, tx_count=742
[handleTxFromClient] S1 N0 append to Tx_pool.Queue: local_queued=742 forward_other_shard=0 Queue_total_len=1241

第17个块结束relay

[Propose wait] S1 N0 spin=50 epoch=18 now=1780066664 InitTime=1780066627 lastpropose=1780066663 wallGap=37 need>=34 ok1=true lastGap=1 need>=2 ok2=false
[Propose] S1 N0 时间条件满足: epoch=18->19 now=1780066665 InitTime=1780066627 lastpropose=1780066663 wallGap=38>=34 lastGap=2>=2 → propose1
[Propose] S1 N0 等待 sequenceLock…
[Propose] S1 N0 已持有 sequenceLock，seqID=18 即将 propose1
[propose1] S1 N0 seq=18 Tx_pool.Queue_len=1444
left_count: 500
更新树花时间为: 62
写数据库IO花时间为: 72
编号为 18 的区块已加入本地区块链！curBlock: 
blockHeader: 
[ea8b10e2eab8a0f158a8b0d25bc02c2092e1e7407d24a4cdf9a1c8237a0b0f0c 5f0dcc4ccb1d9868914c9f8d4e977ed120a301b7ad31a8d82529c35d45452830 d7b92e39911129448955d9e57133cb7f4d2772cda7c2b7583d3e6dfbb089dd9c 18 1780066665]
# of transactions: 500
# of TXmig1s: 0
# of In1s: 0
# of Anns: 0
# of NSs: 0
blockHash: 
09869bd1256985f3b5e12ec158eadbbe5e44207d92333492a821e6174445c2f5

第18个块开始准备relay

[Propose wait] S1 N0 spin=1 epoch=19 now=1780066665 InitTime=1780066627 lastpropose=1780066665 wallGap=38 need>=36 ok1=true lastGap=0 need>=2 ok2=false
[handleTxFromClient] S1 N0 recv client batch, tx_count=752
[handleTxFromClient] S1 N0 append to Tx_pool.Queue: local_queued=752 forward_other_shard=0 Queue_total_len=1696

第18个块结束relay

[Propose wait] S1 N0 spin=50 epoch=19 now=1780066666 InitTime=1780066627 lastpropose=1780066665 wallGap=39 need>=36 ok1=true lastGap=1 need>=2 ok2=false
[Propose] S1 N0 时间条件满足: epoch=19->20 now=1780066667 InitTime=1780066627 lastpropose=1780066665 wallGap=40>=36 lastGap=2>=2 → propose1
[Propose] S1 N0 等待 sequenceLock…
[Propose] S1 N0 已持有 sequenceLock，seqID=19 即将 propose1
[propose1] S1 N0 seq=19 Tx_pool.Queue_len=1852
left_count: 500
更新树花时间为: 80
写数据库IO花时间为: 102
编号为 19 的区块已加入本地区块链！curBlock: 
blockHeader: 
[09869bd1256985f3b5e12ec158eadbbe5e44207d92333492a821e6174445c2f5 f9084a1a219bf85658bcaa09ec370b17c8bf64e945efd73b9789a2fc52163140 ebe8dc369049e8664a2cb1c1fa8ae8291269c417fb30adbfc507bdc748a672e4 19 1780066667]
# of transactions: 500
# of TXmig1s: 0
# of In1s: 0
# of Anns: 0
# of NSs: 0
blockHash: 
307d29d082a8a803aeb5e20dd9e7711859b683d29b094b7e05a9e28af67bb6dc

第19个块开始准备relay

[Propose wait] S1 N0 spin=1 epoch=20 now=1780066667 InitTime=1780066627 lastpropose=1780066667 wallGap=40 need>=38 ok1=true lastGap=0 need>=2 ok2=false
[handleTxFromClient] S1 N0 recv client batch, tx_count=767
[handleTxFromClient] S1 N0 append to Tx_pool.Queue: local_queued=767 forward_other_shard=0 Queue_total_len=2119

第19个块结束relay

[Propose wait] S1 N0 spin=50 epoch=20 now=1780066668 InitTime=1780066627 lastpropose=1780066667 wallGap=41 need>=38 ok1=true lastGap=1 need>=2 ok2=false
[Propose] S1 N0 时间条件满足: epoch=20->21 now=1780066669 InitTime=1780066627 lastpropose=1780066667 wallGap=42>=38 lastGap=2>=2 → propose1
[Propose] S1 N0 等待 sequenceLock…
[Propose] S1 N0 已持有 sequenceLock，seqID=20 即将 propose1
[propose1] S1 N0 seq=20 Tx_pool.Queue_len=2373
left_count: 500
更新树花时间为: 55
写数据库IO花时间为: 62
编号为 20 的区块已加入本地区块链！curBlock: 
blockHeader: 
[307d29d082a8a803aeb5e20dd9e7711859b683d29b094b7e05a9e28af67bb6dc 33bd924ff5ecb12ad2a77a604c85a33162cbb028deb5273a69d0d478b9726806 06a42d45b73efc0762632f9a15752cb3a0fd6cc3311d20d1c640314372a9d88b 20 1780066669]
# of transactions: 500
# of TXmig1s: 0
# of In1s: 0
# of Anns: 0
# of NSs: 0
blockHash: 
df7baab8f6582e93081d97a8068eb2d554e20033b37d82a08497c062b0981ac9

第20个块开始准备relay

[Propose wait] S1 N0 spin=1 epoch=21 now=1780066669 InitTime=1780066627 lastpropose=1780066669 wallGap=42 need>=40 ok1=true lastGap=0 need>=2 ok2=false
[handleTxFromClient] S1 N0 recv client batch, tx_count=779
[handleTxFromClient] S1 N0 append to Tx_pool.Queue: local_queued=779 forward_other_shard=0 Queue_total_len=2652

第20个块结束relay

[Propose wait] S1 N0 spin=50 epoch=21 now=1780066670 InitTime=1780066627 lastpropose=1780066669 wallGap=43 need>=40 ok1=true lastGap=1 need>=2 ok2=false
[Propose] S1 N0 时间条件满足: epoch=21->22 now=1780066671 InitTime=1780066627 lastpropose=1780066669 wallGap=44>=40 lastGap=2>=2 → propose1
[Propose] S1 N0 等待 sequenceLock…
[Propose] S1 N0 已持有 sequenceLock，seqID=21 即将 propose1
[propose1] S1 N0 seq=21 Tx_pool.Queue_len=2852
left_count: 500
更新树花时间为: 65
写数据库IO花时间为: 74
编号为 21 的区块已加入本地区块链！curBlock: 
blockHeader: 
[df7baab8f6582e93081d97a8068eb2d554e20033b37d82a08497c062b0981ac9 a8a93d36bb423748e146fc124ac225ec9a775f5fe002e0feef5982f503d0944c a3b8fc3c3c29920428c05e8c6c584ea28edf251d63e73f7b3725f78607d62f03 21 1780066671]
# of transactions: 500
# of TXmig1s: 0
# of In1s: 0
# of Anns: 0
# of NSs: 0
blockHash: 
b87a5ad0128aa439aea34c126cafbbbc230fc6ec41690ecbeb2a9a1a8786248e

第21个块开始准备relay

[Propose wait] S1 N0 spin=1 epoch=22 now=1780066671 InitTime=1780066627 lastpropose=1780066671 wallGap=44 need>=42 ok1=true lastGap=0 need>=2 ok2=false
本节点已接收到client发来准备迁移通知
本节点已将 pending 发送到 client（2352 笔）
本节点已接收到客户端发送的新映射
[handleTxFromClient] S1 N0 recv client batch, tx_count=765
[handleTxFromClient] S1 N0 append to Tx_pool.Queue: local_queued=765 forward_other_shard=0 Queue_total_len=3117

第21个块结束relay

[Propose wait] S1 N0 spin=50 epoch=22 now=1780066672 InitTime=1780066627 lastpropose=1780066671 wallGap=45 need>=42 ok1=true lastGap=1 need>=2 ok2=false
[Propose] S1 N0 时间条件满足: epoch=22->23 now=1780066673 InitTime=1780066627 lastpropose=1780066671 wallGap=46>=42 lastGap=2>=2 → propose1
[Propose] S1 N0 等待 sequenceLock…
[Propose] S1 N0 已持有 sequenceLock，seqID=22 即将 propose1
[propose1] S1 N0 seq=22 Tx_pool.Queue_len=3285
left_count: 488
更新树花时间为: 59
写数据库IO花时间为: 67
编号为 22 的区块已加入本地区块链！curBlock: 
blockHeader: 
[b87a5ad0128aa439aea34c126cafbbbc230fc6ec41690ecbeb2a9a1a8786248e 40ca92369cb01fb1fa332ce2ae97f92412151374580e0db71ba0744afd0e91a8 c9d850e59bc98e23441db8cad90e7f05ec12c0a3f607a737b9b7c9f13a63e8b3 22 1780066673]
# of transactions: 488
# of TXmig1s: 12
# of In1s: 0
# of Anns: 0
# of NSs: 0
blockHash: 
83197513f707b3516271682f271ddbf1448c4db139d08fc89badca911f7a1712

第22个块开始准备relay

[Propose wait] S1 N0 spin=1 epoch=23 now=1780066673 InitTime=1780066627 lastpropose=1780066673 wallGap=46 need>=44 ok1=true lastGap=0 need>=2 ok2=false
[handleTxFromClient] S1 N0 recv client batch, tx_count=770
[handleTxFromClient] S1 N0 append to Tx_pool.Queue: local_queued=770 forward_other_shard=0 Queue_total_len=3601

本节点已接收到分片S0发来的迁移请求 
9999999999999999999999967582257438217000


第22个块结束relay

[Propose wait] S1 N0 spin=50 epoch=23 now=1780066674 InitTime=1780066627 lastpropose=1780066673 wallGap=47 need>=44 ok1=true lastGap=1 need>=2 ok2=false
[Propose] S1 N0 时间条件满足: epoch=23->24 now=1780066675 InitTime=1780066627 lastpropose=1780066673 wallGap=48>=44 lastGap=2>=2 → propose1
[Propose] S1 N0 等待 sequenceLock…
[Propose] S1 N0 已持有 sequenceLock，seqID=23 即将 propose1
[propose1] S1 N0 seq=23 Tx_pool.Queue_len=3601
left_count: 200
本节点已接收到分片S0发来通知 
更新树花时间为: 56
写数据库IO花时间为: 82
编号为 23 的区块已加入本地区块链！curBlock: 
blockHeader: 
[83197513f707b3516271682f271ddbf1448c4db139d08fc89badca911f7a1712 5dec05568fe2c12bde12a1ff047eb7f9ac0a1b70849af89af8c3866465be81f8 0c1c3d65eb5b16c481369905abcfcdf71a8aae1299fee18f7191be1bfcef3277 23 1780066675]
# of transactions: 200
# of TXmig1s: 0
# of In1s: 300
# of Anns: 0
# of NSs: 0
blockHash: 
086ef269e2008fc3e80bb9b050463942aecce689d4fe673eb2b8cb9d63ba29f6

第23个块开始准备relay

[Propose wait] S1 N0 spin=1 epoch=24 now=1780066675 InitTime=1780066627 lastpropose=1780066675 wallGap=48 need>=46 ok1=true lastGap=0 need>=2 ok2=false
1
2
3

本节点已接收到分片S0发来的迁移请求 
10000000000000000000000013673410000000000


第23个块结束relay

[handleTxFromClient] S1 N0 recv client batch, tx_count=340
[handleTxFromClient] S1 N0 append to Tx_pool.Queue: local_queued=340 forward_other_shard=0 Queue_total_len=3743
[Propose wait] S1 N0 spin=50 epoch=24 now=1780066676 InitTime=1780066627 lastpropose=1780066675 wallGap=49 need>=46 ok1=true lastGap=1 need>=2 ok2=false
[Propose] S1 N0 时间条件满足: epoch=24->25 now=1780066677 InitTime=1780066627 lastpropose=1780066675 wallGap=50>=46 lastGap=2>=2 → propose1
[Propose] S1 N0 等待 sequenceLock…
[Propose] S1 N0 已持有 sequenceLock，seqID=24 即将 propose1
[propose1] S1 N0 seq=24 Tx_pool.Queue_len=3743
left_count: 326
更新树花时间为: 55
写数据库IO花时间为: 65
编号为 24 的区块已加入本地区块链！curBlock: 
blockHeader: 
[086ef269e2008fc3e80bb9b050463942aecce689d4fe673eb2b8cb9d63ba29f6 c1bb77f386605681803581b012d457e171ef1b63d1b16248fff0410b9ca8a722 f7a9d96566c89b02a5ed578281f6a908dd6316eefcffbde697ccc37a433076fb 24 1780066677]
# of transactions: 326
# of TXmig1s: 0
# of In1s: 162
# of Anns: 12
# of NSs: 0
blockHash: 
6e5da6bc4622717d2716b5f5be69ec5fb5ada0b2262460ad5fc865227f08e0d2
handleAnns时是第24个块

handleannounce交易池操作时差为：0
handleannounce两锁时差为：0


第24个块开始准备relay

[Propose wait] S1 N0 spin=1 epoch=25 now=1780066677 InitTime=1780066627 lastpropose=1780066677 wallGap=50 need>=48 ok1=true lastGap=0 need>=2 ok2=false
时间：50193  正在向分片S0的主节点发送新
本节点已将不变的账户数量发送到client


第24个块结束relay

[handleTxFromClient] S1 N0 recv client batch, tx_count=413
[handleTxFromClient] S1 N0 append to Tx_pool.Queue: local_queued=413 forward_other_shard=0 Queue_total_len=3866
[Propose wait] S1 N0 spin=50 epoch=25 now=1780066678 InitTime=1780066627 lastpropose=1780066677 wallGap=51 need>=48 ok1=true lastGap=1 need>=2 ok2=false
[Propose] S1 N0 时间条件满足: epoch=25->26 now=1780066679 InitTime=1780066627 lastpropose=1780066677 wallGap=52>=48 lastGap=2>=2 → propose1
[Propose] S1 N0 等待 sequenceLock…
[Propose] S1 N0 已持有 sequenceLock，seqID=25 即将 propose1
[propose1] S1 N0 seq=25 Tx_pool.Queue_len=3866
left_count: 500
更新树花时间为: 65
写数据库IO花时间为: 70
编号为 25 的区块已加入本地区块链！curBlock: 
blockHeader: 
[6e5da6bc4622717d2716b5f5be69ec5fb5ada0b2262460ad5fc865227f08e0d2 24638795d84554915278b0c7d105424a5f4fe25661a9c334372b56320623f836 58049c4d2181848405824e59f378b3766fe2548682e504ad8063d0b755079021 25 1780066679]
# of transactions: 500
# of TXmig1s: 0
# of In1s: 0
# of Anns: 0
# of NSs: 0
blockHash: 
5753bb7307007542e2bb66dd2512d3ecbd2d8f86750f6c0c55ed552e1e45fac3

第25个块开始准备relay

[Propose wait] S1 N0 spin=1 epoch=26 now=1780066679 InitTime=1780066627 lastpropose=1780066679 wallGap=52 need>=50 ok1=true lastGap=0 need>=2 ok2=false

第25个块结束relay

[handleTxFromClient] S1 N0 recv client batch, tx_count=734
[handleTxFromClient] S1 N0 append to Tx_pool.Queue: local_queued=734 forward_other_shard=0 Queue_total_len=4141
[Propose wait] S1 N0 spin=50 epoch=26 now=1780066680 InitTime=1780066627 lastpropose=1780066679 wallGap=53 need>=50 ok1=true lastGap=1 need>=2 ok2=false
[Propose] S1 N0 时间条件满足: epoch=26->27 now=1780066681 InitTime=1780066627 lastpropose=1780066679 wallGap=54>=50 lastGap=2>=2 → propose1
[Propose] S1 N0 等待 sequenceLock…
[Propose] S1 N0 已持有 sequenceLock，seqID=26 即将 propose1
[propose1] S1 N0 seq=26 Tx_pool.Queue_len=4141
left_count: 500
更新树花时间为: 82
写数据库IO花时间为: 88
编号为 26 的区块已加入本地区块链！curBlock: 
blockHeader: 
[5753bb7307007542e2bb66dd2512d3ecbd2d8f86750f6c0c55ed552e1e45fac3 bdeb57b2b270802c629429f4d76f1be221a484811852fc741c16f613bc99ab06 fb650d080638a2e634ad2dd288591996df6dfff801c1cd64b6b7e31d2cbd8d2a 26 1780066681]
# of transactions: 500
# of TXmig1s: 0
# of In1s: 0
# of Anns: 0
# of NSs: 0
blockHash: 
35c226e677c009f68e2cb1844ff37d7db01b1f68a91dd4aefc11f3acf749758b

第26个块开始准备relay

[Propose wait] S1 N0 spin=1 epoch=27 now=1780066681 InitTime=1780066627 lastpropose=1780066681 wallGap=54 need>=52 ok1=true lastGap=0 need>=2 ok2=false
时间：1780066681643  本节点已接收到新
本节点已将迁移过来的pending交易的账户数量发送到client


第26个块结束relay

[Propose wait] S1 N0 spin=50 epoch=27 now=1780066682 InitTime=1780066627 lastpropose=1780066681 wallGap=55 need>=52 ok1=true lastGap=1 need>=2 ok2=false
[Propose] S1 N0 时间条件满足: epoch=27->28 now=1780066683 InitTime=1780066627 lastpropose=1780066681 wallGap=56>=52 lastGap=2>=2 → propose1
[Propose] S1 N0 等待 sequenceLock…
[Propose] S1 N0 已持有 sequenceLock，seqID=27 即将 propose1
[propose1] S1 N0 seq=27 Tx_pool.Queue_len=3811
left_count: 461
更新树花时间为: 76
写数据库IO花时间为: 91
编号为 27 的区块已加入本地区块链！curBlock: 
blockHeader: 
[35c226e677c009f68e2cb1844ff37d7db01b1f68a91dd4aefc11f3acf749758b 810ff8b34cdcec3f8fab43a00f7a74946997c0dd6185f03ab458032dd4a06913 fafa31c235933e7ed62e913ddc4581a148dd39a04f7810e60eff096ce7a18da6 27 1780066683]
# of transactions: 461
# of TXmig1s: 0
# of In1s: 0
# of Anns: 0
# of NSs: 39
blockHash: 
49d9c50a707ae7854f8e337aed3f484dbd410520808bd15ee6144658b0dc1b8b

第27个块开始准备relay

[Propose wait] S1 N0 spin=1 epoch=28 now=1780066683 InitTime=1780066627 lastpropose=1780066683 wallGap=56 need>=54 ok1=true lastGap=0 need>=2 ok2=false

第27个块结束relay

[Propose wait] S1 N0 spin=50 epoch=28 now=1780066684 InitTime=1780066627 lastpropose=1780066683 wallGap=57 need>=54 ok1=true lastGap=1 need>=2 ok2=false
时间：1780066684409  本节点已接收到新
本节点已将迁移过来的pending交易的账户数量发送到client

[Propose] S1 N0 时间条件满足: epoch=28->29 now=1780066685 InitTime=1780066627 lastpropose=1780066683 wallGap=58>=54 lastGap=2>=2 → propose1
[Propose] S1 N0 等待 sequenceLock…
[Propose] S1 N0 已持有 sequenceLock，seqID=28 即将 propose1
[propose1] S1 N0 seq=28 Tx_pool.Queue_len=3563
left_count: 237
更新树花时间为: 57
写数据库IO花时间为: 106
编号为 28 的区块已加入本地区块链！curBlock: 
blockHeader: 
[49d9c50a707ae7854f8e337aed3f484dbd410520808bd15ee6144658b0dc1b8b 5feac7d5e70728e6b478b5bc9f6ded41286b1c7aae99306192652648ab67cf6f 81a750a96869dac1a8a5dc0834cb890ee3f84dea9d6390cf106f1b6411e91c20 28 1780066685]
# of transactions: 237
# of TXmig1s: 0
# of In1s: 0
# of Anns: 0
# of NSs: 263
blockHash: 
d68bb2017c46f350a8712e9f2ddc94d4df85bee0eac5b57c2857c52c2ead81f9

第28个块开始准备relay

[Propose wait] S1 N0 spin=1 epoch=29 now=1780066685 InitTime=1780066627 lastpropose=1780066685 wallGap=58 need>=56 ok1=true lastGap=0 need>=2 ok2=false

第28个块结束relay

[Propose wait] S1 N0 spin=50 epoch=29 now=1780066686 InitTime=1780066627 lastpropose=1780066685 wallGap=59 need>=56 ok1=true lastGap=1 need>=2 ok2=false
[Propose] S1 N0 时间条件满足: epoch=29->30 now=1780066687 InitTime=1780066627 lastpropose=1780066685 wallGap=60>=56 lastGap=2>=2 → propose1
[Propose] S1 N0 等待 sequenceLock…
[Propose] S1 N0 已持有 sequenceLock，seqID=29 即将 propose1
[propose1] S1 N0 seq=29 Tx_pool.Queue_len=3389
left_count: 500
更新树花时间为: 56
写数据库IO花时间为: 96
编号为 29 的区块已加入本地区块链！curBlock: 
blockHeader: 
[d68bb2017c46f350a8712e9f2ddc94d4df85bee0eac5b57c2857c52c2ead81f9 c4f87d6db69f8c8551552ee525abfda75da99a04221316e96670cbbbb226a151 d89e7ab8ca5f4848f024c69a390391b1adbfa90bcc0fefd61376201feebb4e69 29 1780066687]
# of transactions: 500
# of TXmig1s: 0
# of In1s: 0
# of Anns: 0
# of NSs: 0
blockHash: 
d5341721bd6922a77cf017c3091a91a6ab87779f285d81a0541661e74b3d0b5c

第29个块开始准备relay

[Propose wait] S1 N0 spin=1 epoch=30 now=1780066687 InitTime=1780066627 lastpropose=1780066687 wallGap=60 need>=58 ok1=true lastGap=0 need>=2 ok2=false

第29个块结束relay

[Propose wait] S1 N0 spin=50 epoch=30 now=1780066688 InitTime=1780066627 lastpropose=1780066687 wallGap=61 need>=58 ok1=true lastGap=1 need>=2 ok2=false
[Propose] S1 N0 时间条件满足: epoch=30->31 now=1780066689 InitTime=1780066627 lastpropose=1780066687 wallGap=62>=58 lastGap=2>=2 → propose1
[Propose] S1 N0 等待 sequenceLock…
[Propose] S1 N0 已持有 sequenceLock，seqID=30 即将 propose1
[propose1] S1 N0 seq=30 Tx_pool.Queue_len=2889
left_count: 500
更新树花时间为: 66
写数据库IO花时间为: 76
编号为 30 的区块已加入本地区块链！curBlock: 
blockHeader: 
[d5341721bd6922a77cf017c3091a91a6ab87779f285d81a0541661e74b3d0b5c 4d6f2b9deb05c118138b04dd43c4802400d5980cc100680ff891e8035ca3ce41 a2489da61168cdaa559961aefb2d7a39aa7af9d15bb49fc4e2b27d105f6b3da7 30 1780066689]
# of transactions: 500
# of TXmig1s: 0
# of In1s: 0
# of Anns: 0
# of NSs: 0
blockHash: 
476e2b8a088d1dfcd7245ca04645d88aaf637e5ee8d4943d7bfef85115215064

第30个块开始准备relay

[Propose wait] S1 N0 spin=1 epoch=31 now=1780066689 InitTime=1780066627 lastpropose=1780066689 wallGap=62 need>=60 ok1=true lastGap=0 need>=2 ok2=false

第30个块结束relay

[Propose wait] S1 N0 spin=50 epoch=31 now=1780066690 InitTime=1780066627 lastpropose=1780066689 wallGap=63 need>=60 ok1=true lastGap=1 need>=2 ok2=false
[Propose] S1 N0 时间条件满足: epoch=31->32 now=1780066691 InitTime=1780066627 lastpropose=1780066689 wallGap=64>=60 lastGap=2>=2 → propose1
[Propose] S1 N0 等待 sequenceLock…
[Propose] S1 N0 已持有 sequenceLock，seqID=31 即将 propose1
[propose1] S1 N0 seq=31 Tx_pool.Queue_len=2389
left_count: 500
更新树花时间为: 87
写数据库IO花时间为: 93
编号为 31 的区块已加入本地区块链！curBlock: 
blockHeader: 
[476e2b8a088d1dfcd7245ca04645d88aaf637e5ee8d4943d7bfef85115215064 9f0875945f49158eea530bc0082f926a3c3619852b428b4575f565eb5b03a403 e3ce7522848062710b0276430b1261c7118056b2426bb9a5a2253e255a72aab7 31 1780066691]
# of transactions: 500
# of TXmig1s: 0
# of In1s: 0
# of Anns: 0
# of NSs: 0
blockHash: 
0b5c898039b09f76037b099607a3c0a35ca8b3d9a9acd8442037aba67e945cdd

第31个块开始准备relay

[Propose wait] S1 N0 spin=1 epoch=32 now=1780066691 InitTime=1780066627 lastpropose=1780066691 wallGap=64 need>=62 ok1=true lastGap=0 need>=2 ok2=false

第31个块结束relay

[Propose wait] S1 N0 spin=50 epoch=32 now=1780066692 InitTime=1780066627 lastpropose=1780066691 wallGap=65 need>=62 ok1=true lastGap=1 need>=2 ok2=false
[Propose] S1 N0 时间条件满足: epoch=32->33 now=1780066693 InitTime=1780066627 lastpropose=1780066691 wallGap=66>=62 lastGap=2>=2 → propose1
[Propose] S1 N0 等待 sequenceLock…
[Propose] S1 N0 已持有 sequenceLock，seqID=32 即将 propose1
[propose1] S1 N0 seq=32 Tx_pool.Queue_len=1889
left_count: 500
更新树花时间为: 62
写数据库IO花时间为: 68
编号为 32 的区块已加入本地区块链！curBlock: 
blockHeader: 
[0b5c898039b09f76037b099607a3c0a35ca8b3d9a9acd8442037aba67e945cdd 15d583149d3f9d72af3dd1c183e087e05f49cb2dd239ff40d730ea7859b29f6a 43def852c46c567c825974c273c0724e80641b2182d575aff1cc2e1917845a74 32 1780066693]
# of transactions: 500
# of TXmig1s: 0
# of In1s: 0
# of Anns: 0
# of NSs: 0
blockHash: 
665e9b87b2e5b514452da89e276d43ff7066df469f6e6a13227ad3f909b5dd2e

第32个块开始准备relay

[Propose wait] S1 N0 spin=1 epoch=33 now=1780066693 InitTime=1780066627 lastpropose=1780066693 wallGap=66 need>=64 ok1=true lastGap=0 need>=2 ok2=false

第32个块结束relay

[Propose wait] S1 N0 spin=50 epoch=33 now=1780066694 InitTime=1780066627 lastpropose=1780066693 wallGap=67 need>=64 ok1=true lastGap=1 need>=2 ok2=false
[Propose] S1 N0 时间条件满足: epoch=33->34 now=1780066695 InitTime=1780066627 lastpropose=1780066693 wallGap=68>=64 lastGap=2>=2 → propose1
[Propose] S1 N0 等待 sequenceLock…
[Propose] S1 N0 已持有 sequenceLock，seqID=33 即将 propose1
[propose1] S1 N0 seq=33 Tx_pool.Queue_len=1389
left_count: 500
更新树花时间为: 63
写数据库IO花时间为: 77
编号为 33 的区块已加入本地区块链！curBlock: 
blockHeader: 
[665e9b87b2e5b514452da89e276d43ff7066df469f6e6a13227ad3f909b5dd2e 00a2a50c76f45425119e6764aebf9d1814fba09faa069e45839235dedbfb2241 2ed98a99662e75d07d39ceb4bd3e0af36164adad504586a146b06ed54944f087 33 1780066695]
# of transactions: 500
# of TXmig1s: 0
# of In1s: 0
# of Anns: 0
# of NSs: 0
blockHash: 
76114d40662bb75587c227fd92d8573df60f6a415363a76f57be139f2d9403bc

第33个块开始准备relay

[Propose wait] S1 N0 spin=1 epoch=34 now=1780066695 InitTime=1780066627 lastpropose=1780066695 wallGap=68 need>=66 ok1=true lastGap=0 need>=2 ok2=false

第33个块结束relay

[Propose wait] S1 N0 spin=50 epoch=34 now=1780066696 InitTime=1780066627 lastpropose=1780066695 wallGap=69 need>=66 ok1=true lastGap=1 need>=2 ok2=false
[Propose] S1 N0 时间条件满足: epoch=34->35 now=1780066697 InitTime=1780066627 lastpropose=1780066695 wallGap=70>=66 lastGap=2>=2 → propose1
[Propose] S1 N0 等待 sequenceLock…
[Propose] S1 N0 已持有 sequenceLock，seqID=34 即将 propose1
[propose1] S1 N0 seq=34 Tx_pool.Queue_len=889
left_count: 500
更新树花时间为: 74
写数据库IO花时间为: 81
编号为 34 的区块已加入本地区块链！curBlock: 
blockHeader: 
[76114d40662bb75587c227fd92d8573df60f6a415363a76f57be139f2d9403bc 0494b00490c27efe4a062f088b4b000daf52a391717ce89f8b4f3cce4134d13f 5ab4baf24a46bd19e21cf0edfd8c385c3fa4ac44606f41d6a3b65abaa1c9f4c2 34 1780066697]
# of transactions: 500
# of TXmig1s: 0
# of In1s: 0
# of Anns: 0
# of NSs: 0
blockHash: 
acd2a5e6891b24204ea5c3aaced003a14822d87a746b036017e72c1ed5d8c144

第34个块开始准备relay

[Propose wait] S1 N0 spin=1 epoch=35 now=1780066697 InitTime=1780066627 lastpropose=1780066697 wallGap=70 need>=68 ok1=true lastGap=0 need>=2 ok2=false

第34个块结束relay

[Propose wait] S1 N0 spin=50 epoch=35 now=1780066698 InitTime=1780066627 lastpropose=1780066697 wallGap=71 need>=68 ok1=true lastGap=1 need>=2 ok2=false
[Propose] S1 N0 时间条件满足: epoch=35->36 now=1780066699 InitTime=1780066627 lastpropose=1780066697 wallGap=72>=68 lastGap=2>=2 → propose1
[Propose] S1 N0 等待 sequenceLock…
[Propose] S1 N0 已持有 sequenceLock，seqID=35 即将 propose1
[propose1] S1 N0 seq=35 Tx_pool.Queue_len=389
left_count: 500
更新树花时间为: 37
写数据库IO花时间为: 48
编号为 35 的区块已加入本地区块链！curBlock: 
blockHeader: 
[acd2a5e6891b24204ea5c3aaced003a14822d87a746b036017e72c1ed5d8c144 cdb7fdcac93a226ea01a2facdfec1f9e3a0ccb1920093b1e0537940e6fff3e74 2cc61b905144deb12befc369e1127d4eccd90c364fc02ebeabfde4d5dcef8b62 35 1780066699]
# of transactions: 389
# of TXmig1s: 0
# of In1s: 0
# of Anns: 0
# of NSs: 0
blockHash: 
5c4baf69f06dbfffdf408a2f00aa10d9e6c298a864851a141571c0e2bceea198

第35个块开始准备relay

[Propose wait] S1 N0 spin=1 epoch=36 now=1780066699 InitTime=1780066627 lastpropose=1780066699 wallGap=72 need>=70 ok1=true lastGap=0 need>=2 ok2=false

第35个块结束relay

[Propose wait] S1 N0 spin=50 epoch=36 now=1780066700 InitTime=1780066627 lastpropose=1780066699 wallGap=73 need>=70 ok1=true lastGap=1 need>=2 ok2=false
[Propose] S1 N0 时间条件满足: epoch=36->37 now=1780066701 InitTime=1780066627 lastpropose=1780066699 wallGap=74>=70 lastGap=2>=2 → propose1
[Propose] S1 N0 等待 sequenceLock…
[Propose] S1 N0 已持有 sequenceLock，seqID=36 即将 propose1
[propose1] S1 N0 seq=36 Tx_pool.Queue_len=0
left_count: 500
更新树花时间为: 1
写数据库IO花时间为: 8
编号为 36 的区块已加入本地区块链！curBlock: 
blockHeader: 
[5c4baf69f06dbfffdf408a2f00aa10d9e6c298a864851a141571c0e2bceea198 cdb7fdcac93a226ea01a2facdfec1f9e3a0ccb1920093b1e0537940e6fff3e74 56e81f171bcc55a6ff8345e692c0f86e5b48e01b996cadc001622fb5e363b421 36 1780066701]
# of transactions: 0
# of TXmig1s: 0
# of In1s: 0
# of Anns: 0
# of NSs: 0
blockHash: 
9e479c78683dd260fe1eeb527f75b54caaf6cfc45dae46ef6d05d4ff821df74c
[Propose wait] S1 N0 spin=1 epoch=37 now=1780066701 InitTime=1780066627 lastpropose=1780066701 wallGap=74 need>=72 ok1=true lastGap=0 need>=2 ok2=false
[Propose wait] S1 N0 spin=50 epoch=37 now=1780066702 InitTime=1780066627 lastpropose=1780066701 wallGap=75 need>=72 ok1=true lastGap=1 need>=2 ok2=false
[Propose] S1 N0 时间条件满足: epoch=37->38 now=1780066703 InitTime=1780066627 lastpropose=1780066701 wallGap=76>=72 lastGap=2>=2 → propose1
[Propose] S1 N0 等待 sequenceLock…
[Propose] S1 N0 已持有 sequenceLock，seqID=37 即将 propose1
[propose1] S1 N0 seq=37 Tx_pool.Queue_len=0
left_count: 500
更新树花时间为: 0
写数据库IO花时间为: 34
编号为 37 的区块已加入本地区块链！curBlock: 
blockHeader: 
[9e479c78683dd260fe1eeb527f75b54caaf6cfc45dae46ef6d05d4ff821df74c cdb7fdcac93a226ea01a2facdfec1f9e3a0ccb1920093b1e0537940e6fff3e74 56e81f171bcc55a6ff8345e692c0f86e5b48e01b996cadc001622fb5e363b421 37 1780066703]
# of transactions: 0
# of TXmig1s: 0
# of In1s: 0
# of Anns: 0
# of NSs: 0
blockHash: 
2102cae6e4d913fb181e61b8be92b0474e6d3b4b25822c49b7c46d134c3b0418
[Propose wait] S1 N0 spin=1 epoch=38 now=1780066703 InitTime=1780066627 lastpropose=1780066703 wallGap=76 need>=74 ok1=true lastGap=0 need>=2 ok2=false
[Propose wait] S1 N0 spin=50 epoch=38 now=1780066704 InitTime=1780066627 lastpropose=1780066703 wallGap=77 need>=74 ok1=true lastGap=1 need>=2 ok2=false
[Propose] S1 N0 时间条件满足: epoch=38->39 now=1780066705 InitTime=1780066627 lastpropose=1780066703 wallGap=78>=74 lastGap=2>=2 → propose1
[Propose] S1 N0 等待 sequenceLock…
[Propose] S1 N0 已持有 sequenceLock，seqID=38 即将 propose1
[propose1] S1 N0 seq=38 Tx_pool.Queue_len=0
left_count: 500
更新树花时间为: 0
写数据库IO花时间为: 10
编号为 38 的区块已加入本地区块链！curBlock: 
blockHeader: 
[2102cae6e4d913fb181e61b8be92b0474e6d3b4b25822c49b7c46d134c3b0418 cdb7fdcac93a226ea01a2facdfec1f9e3a0ccb1920093b1e0537940e6fff3e74 56e81f171bcc55a6ff8345e692c0f86e5b48e01b996cadc001622fb5e363b421 38 1780066705]
# of transactions: 0
# of TXmig1s: 0
# of In1s: 0
# of Anns: 0
# of NSs: 0
blockHash: 
2ae42b226cbd386dd7f8188c12503b8a9ed26dfa59456a1c31765e26e4cffa30
[Propose wait] S1 N0 spin=1 epoch=39 now=1780066705 InitTime=1780066627 lastpropose=1780066705 wallGap=78 need>=76 ok1=true lastGap=0 need>=2 ok2=false
[Propose wait] S1 N0 spin=50 epoch=39 now=1780066706 InitTime=1780066627 lastpropose=1780066705 wallGap=79 need>=76 ok1=true lastGap=1 need>=2 ok2=false
[Propose] S1 N0 时间条件满足: epoch=39->40 now=1780066707 InitTime=1780066627 lastpropose=1780066705 wallGap=80>=76 lastGap=2>=2 → propose1
[Propose] S1 N0 等待 sequenceLock…
[Propose] S1 N0 已持有 sequenceLock，seqID=39 即将 propose1
[propose1] S1 N0 seq=39 Tx_pool.Queue_len=0
left_count: 500
更新树花时间为: 0
写数据库IO花时间为: 40
编号为 39 的区块已加入本地区块链！curBlock: 
blockHeader: 
[2ae42b226cbd386dd7f8188c12503b8a9ed26dfa59456a1c31765e26e4cffa30 cdb7fdcac93a226ea01a2facdfec1f9e3a0ccb1920093b1e0537940e6fff3e74 56e81f171bcc55a6ff8345e692c0f86e5b48e01b996cadc001622fb5e363b421 39 1780066707]
# of transactions: 0
# of TXmig1s: 0
# of In1s: 0
# of Anns: 0
# of NSs: 0
blockHash: 
e63107e6b489abb18888e1d7c4668a1efd4814c13c478b8ee1f4cd521165be5b
[Propose wait] S1 N0 spin=1 epoch=40 now=1780066707 InitTime=1780066627 lastpropose=1780066707 wallGap=80 need>=78 ok1=true lastGap=0 need>=2 ok2=false
[Propose wait] S1 N0 spin=50 epoch=40 now=1780066708 InitTime=1780066627 lastpropose=1780066707 wallGap=81 need>=78 ok1=true lastGap=1 need>=2 ok2=false
[Propose] S1 N0 时间条件满足: epoch=40->41 now=1780066709 InitTime=1780066627 lastpropose=1780066707 wallGap=82>=78 lastGap=2>=2 → propose1
[Propose] S1 N0 等待 sequenceLock…
[Propose] S1 N0 已持有 sequenceLock，seqID=40 即将 propose1
[propose1] S1 N0 seq=40 Tx_pool.Queue_len=0
left_count: 500
更新树花时间为: 0
写数据库IO花时间为: 11
编号为 40 的区块已加入本地区块链！curBlock: 
blockHeader: 
[e63107e6b489abb18888e1d7c4668a1efd4814c13c478b8ee1f4cd521165be5b cdb7fdcac93a226ea01a2facdfec1f9e3a0ccb1920093b1e0537940e6fff3e74 56e81f171bcc55a6ff8345e692c0f86e5b48e01b996cadc001622fb5e363b421 40 1780066709]
# of transactions: 0
# of TXmig1s: 0
# of In1s: 0
# of Anns: 0
# of NSs: 0
blockHash: 
58b3321e9665bcb5efbf8e868f9966d5b06f1cf334d01e66ebd811c363b30b48
[Propose wait] S1 N0 spin=1 epoch=41 now=1780066709 InitTime=1780066627 lastpropose=1780066709 wallGap=82 need>=80 ok1=true lastGap=0 need>=2 ok2=false
[Propose wait] S1 N0 spin=50 epoch=41 now=1780066710 InitTime=1780066627 lastpropose=1780066709 wallGap=83 need>=80 ok1=true lastGap=1 need>=2 ok2=false
[Propose] S1 N0 时间条件满足: epoch=41->42 now=1780066711 InitTime=1780066627 lastpropose=1780066709 wallGap=84>=80 lastGap=2>=2 → propose1
[Propose] S1 N0 等待 sequenceLock…
[Propose] S1 N0 已持有 sequenceLock，seqID=41 即将 propose1
[propose1] S1 N0 seq=41 Tx_pool.Queue_len=0
left_count: 500
更新树花时间为: 0
写数据库IO花时间为: 31
编号为 41 的区块已加入本地区块链！curBlock: 
blockHeader: 
[58b3321e9665bcb5efbf8e868f9966d5b06f1cf334d01e66ebd811c363b30b48 cdb7fdcac93a226ea01a2facdfec1f9e3a0ccb1920093b1e0537940e6fff3e74 56e81f171bcc55a6ff8345e692c0f86e5b48e01b996cadc001622fb5e363b421 41 1780066711]
# of transactions: 0
# of TXmig1s: 0
# of In1s: 0
# of Anns: 0
# of NSs: 0
blockHash: 
a28fbacc0a010779670ccdcaf9d9e6e9f3a5490889aa30efc9e72c0afa555cb8
[Propose wait] S1 N0 spin=1 epoch=42 now=1780066711 InitTime=1780066627 lastpropose=1780066711 wallGap=84 need>=82 ok1=true lastGap=0 need>=2 ok2=false
节点收到终止节点消息，停止运行
