MigrationStrategy=Fine-tuned-Lock (Stop=false Lock=false NotLock=false)
&{77 N0 S0 2 0 D:\Desktop\实验室\MVSS+\MVSS-main\selectedTxs_300K.csv 2 500 300 150 150 150 150 1000 10 1 400 20000 0 50000 20 true Fine-tuned-Lock false false false false true false 3 false 8 false false false PageRank false 100 true false}
&{77 N0 S0 2 0 D:\Desktop\实验室\MVSS+\MVSS-main\selectedTxs_300K.csv 2 500 300 150 150 150 150 1000 10 1 400 20000 0 50000 20 true Fine-tuned-Lock false false false false true false 3 false 8 false false false PageRank false 100 true false}
交易将由外部客户端发送
节点 N0 已启动，所属分片: S0
[Propose wait-first-tx] S0 N0 seq=1 Queue_len=0，首块等待交易注入后再出块
节点开启监听，地址：127.0.0.1:8010
[Propose wait-first-tx] S0 N0 seq=1 Queue_len=0，首块等待交易注入后再出块
[Propose wait-first-tx] S0 N0 seq=1 Queue_len=0，首块等待交易注入后再出块
[Propose wait-first-tx] S0 N0 seq=1 Queue_len=0，首块等待交易注入后再出块
[Propose wait-first-tx] S0 N0 seq=1 Queue_len=0，首块等待交易注入后再出块
[Propose wait-first-tx] S0 N0 seq=1 Queue_len=0，首块等待交易注入后再出块
[Propose wait-first-tx] S0 N0 seq=1 Queue_len=0，首块等待交易注入后再出块
[Propose wait-first-tx] S0 N0 seq=1 Queue_len=0，首块等待交易注入后再出块
[Propose wait-first-tx] S0 N0 seq=1 Queue_len=0，首块等待交易注入后再出块
[Propose wait-first-tx] S0 N0 seq=1 Queue_len=0，首块等待交易注入后再出块
[Propose wait-first-tx] S0 N0 seq=1 Queue_len=0，首块等待交易注入后再出块
[Propose wait-first-tx] S0 N0 seq=1 Queue_len=0，首块等待交易注入后再出块
[Propose wait-first-tx] S0 N0 seq=1 Queue_len=0，首块等待交易注入后再出块
[Propose wait-first-tx] S0 N0 seq=1 Queue_len=0，首块等待交易注入后再出块
[Propose wait-first-tx] S0 N0 seq=1 Queue_len=0，首块等待交易注入后再出块
[Propose wait-first-tx] S0 N0 seq=1 Queue_len=0，首块等待交易注入后再出块
[Propose wait-first-tx] S0 N0 seq=1 Queue_len=0，首块等待交易注入后再出块
本节点已接收到客户端发送的初始时间：1780066627（锚定 InitTime=1780066627，已重置 epoch=1）
[Propose wait-first-tx] S0 N0 seq=1 Queue_len=0，首块等待交易注入后再出块
[Propose wait-first-tx] S0 N0 seq=1 Queue_len=0，首块等待交易注入后再出块
[Propose wait-first-tx] S0 N0 seq=1 Queue_len=0，首块等待交易注入后再出块
[handleTxFromClient] S0 N0 recv client batch, tx_count=545
[handleTxFromClient] S0 N0 append to Tx_pool.Queue: local_queued=545 forward_other_shard=0 Queue_total_len=545
[Propose wait-first-tx] S0 N0 首块已检测到交易，结束等待，Queue_len=545
[Propose] S0 N0 时间条件满足: epoch=1->2 now=1780066631 InitTime=1780066627 lastpropose=1780066627 wallGap=4>=0 lastGap=4>=2 → propose1
[Propose] S0 N0 等待 sequenceLock…
[Propose] S0 N0 已持有 sequenceLock，seqID=1 即将 propose1
[propose1] S0 N0 seq=1 Tx_pool.Queue_len=545
left_count: 500
更新树花时间为: 102
写数据库IO花时间为: 109
编号为 1 的区块已加入本地区块链！curBlock: 
blockHeader: 
[1add38160db0458a48072f3ade543ffb4af4e9cfdf8f76549b9568e046a6a3ff dd763effbb543a2a09c1b783b16f237a63da77e2116466188f816363c3f15db9 80ec778eabac3340db3eaf7fea80e5c36473c1dbe629cea77c8f392929a684da 1 1780066631]
# of transactions: 500
# of TXmig1s: 0
# of In1s: 0
# of Anns: 0
# of NSs: 0
blockHash: 
4fb3ba658b1c4f04833cb3a8298423a2a79b08636f22097b18b3c57607964a60

第1个块开始准备relay

[Propose wait] S0 N0 spin=1 epoch=2 now=1780066631 InitTime=1780066627 lastpropose=1780066631 wallGap=4 need>=2 ok1=true lastGap=0 need>=2 ok2=false

第1个块结束relay

[Propose wait] S0 N0 spin=50 epoch=2 now=1780066632 InitTime=1780066627 lastpropose=1780066631 wallGap=5 need>=2 ok1=true lastGap=1 need>=2 ok2=false
[Propose] S0 N0 时间条件满足: epoch=2->3 now=1780066633 InitTime=1780066627 lastpropose=1780066631 wallGap=6>=2 lastGap=2>=2 → propose1
[Propose] S0 N0 等待 sequenceLock…
[Propose] S0 N0 已持有 sequenceLock，seqID=2 即将 propose1
[propose1] S0 N0 seq=2 Tx_pool.Queue_len=150
left_count: 500
[handleTxFromClient] S0 N0 recv client batch, tx_count=148
[handleTxFromClient] S0 N0 append to Tx_pool.Queue: local_queued=148 forward_other_shard=0 Queue_total_len=148
更新树花时间为: 19
写数据库IO花时间为: 26
编号为 2 的区块已加入本地区块链！curBlock: 
blockHeader: 
[4fb3ba658b1c4f04833cb3a8298423a2a79b08636f22097b18b3c57607964a60 5228d623c7d117da7499e8b042ef91183729fafc57aa9d04679a4e9e72557bee 0834bec7f71fc2a35c2e4dd7a681afd0d5fb4181e32add4d151208d16f5eabaa 2 1780066633]
# of transactions: 150
# of TXmig1s: 0
# of In1s: 0
# of Anns: 0
# of NSs: 0
blockHash: 
c96ce0531c1c5293a402aad746a4014fb3db6b06def8f9da98a3571b5fcbc5f8

第2个块开始准备relay

[Propose wait] S0 N0 spin=1 epoch=3 now=1780066633 InitTime=1780066627 lastpropose=1780066633 wallGap=6 need>=4 ok1=true lastGap=0 need>=2 ok2=false

第2个块结束relay

[Propose wait] S0 N0 spin=50 epoch=3 now=1780066634 InitTime=1780066627 lastpropose=1780066633 wallGap=7 need>=4 ok1=true lastGap=1 need>=2 ok2=false
[Propose] S0 N0 时间条件满足: epoch=3->4 now=1780066635 InitTime=1780066627 lastpropose=1780066633 wallGap=8>=4 lastGap=2>=2 → propose1
[Propose] S0 N0 等待 sequenceLock…
[Propose] S0 N0 已持有 sequenceLock，seqID=3 即将 propose1
[propose1] S0 N0 seq=3 Tx_pool.Queue_len=148
left_count: 500
[handleTxFromClient] S0 N0 recv client batch, tx_count=242
[handleTxFromClient] S0 N0 append to Tx_pool.Queue: local_queued=242 forward_other_shard=0 Queue_total_len=242
更新树花时间为: 23
写数据库IO花时间为: 48
编号为 3 的区块已加入本地区块链！curBlock: 
blockHeader: 
[c96ce0531c1c5293a402aad746a4014fb3db6b06def8f9da98a3571b5fcbc5f8 2d87e4b1ec22e93412e8bbd6ad956db3a7b9ddaca4cd2e776d5e4dadc2bc9275 8743b6ada66735776d3cefaebd5cbdb9265ff10bc8cd7611e8d064f698524579 3 1780066635]
# of transactions: 148
# of TXmig1s: 0
# of In1s: 0
# of Anns: 0
# of NSs: 0
blockHash: 
09074cc80e1eac09a55519803bd3bd6b66705c4358600fd1ff3c6386fc97a19c

第3个块开始准备relay

[Propose wait] S0 N0 spin=1 epoch=4 now=1780066635 InitTime=1780066627 lastpropose=1780066635 wallGap=8 need>=6 ok1=true lastGap=0 need>=2 ok2=false

第3个块结束relay

[Propose wait] S0 N0 spin=50 epoch=4 now=1780066636 InitTime=1780066627 lastpropose=1780066635 wallGap=9 need>=6 ok1=true lastGap=1 need>=2 ok2=false
[Propose] S0 N0 时间条件满足: epoch=4->5 now=1780066637 InitTime=1780066627 lastpropose=1780066635 wallGap=10>=6 lastGap=2>=2 → propose1
[Propose] S0 N0 等待 sequenceLock…
[Propose] S0 N0 已持有 sequenceLock，seqID=4 即将 propose1
[propose1] S0 N0 seq=4 Tx_pool.Queue_len=501
left_count: 500
[handleTxFromClient] S0 N0 recv client batch, tx_count=562
[handleTxFromClient] S0 N0 append to Tx_pool.Queue: local_queued=562 forward_other_shard=0 Queue_total_len=563
更新树花时间为: 56
写数据库IO花时间为: 69
编号为 4 的区块已加入本地区块链！curBlock: 
blockHeader: 
[09074cc80e1eac09a55519803bd3bd6b66705c4358600fd1ff3c6386fc97a19c 36e9e7b18cc9a6d94102264160e4bab0b2de5673755248e826ec921f0f2306db 08764df4be069291f35eb8a6dbd7a998aad53c4d4397bf51ce3fbb1488ccf406 4 1780066637]
# of transactions: 500
# of TXmig1s: 0
# of In1s: 0
# of Anns: 0
# of NSs: 0
blockHash: 
586740f664af854130752c09bedfed3df235055c221c9a19b3b2d20e45daff24

第4个块开始准备relay

[Propose wait] S0 N0 spin=1 epoch=5 now=1780066637 InitTime=1780066627 lastpropose=1780066637 wallGap=10 need>=8 ok1=true lastGap=0 need>=2 ok2=false

第4个块结束relay

[Propose wait] S0 N0 spin=50 epoch=5 now=1780066638 InitTime=1780066627 lastpropose=1780066637 wallGap=11 need>=8 ok1=true lastGap=1 need>=2 ok2=false
[Propose] S0 N0 时间条件满足: epoch=5->6 now=1780066639 InitTime=1780066627 lastpropose=1780066637 wallGap=12>=8 lastGap=2>=2 → propose1
[Propose] S0 N0 等待 sequenceLock…
[Propose] S0 N0 已持有 sequenceLock，seqID=5 即将 propose1
[propose1] S0 N0 seq=5 Tx_pool.Queue_len=806
left_count: 500
[handleTxFromClient] S0 N0 recv client batch, tx_count=113
[handleTxFromClient] S0 N0 append to Tx_pool.Queue: local_queued=113 forward_other_shard=0 Queue_total_len=419
更新树花时间为: 78
写数据库IO花时间为: 89
编号为 5 的区块已加入本地区块链！curBlock: 
blockHeader: 
[586740f664af854130752c09bedfed3df235055c221c9a19b3b2d20e45daff24 fdb18319bf43204c6e761ac8dc1a238ef7f0b5f5cd384ac23a57f08c9cf5725b c47c8a31554ee3191934d3c299565e47c18d7b73fdf2cd4ad1831358bfec20d6 5 1780066639]
# of transactions: 500
# of TXmig1s: 0
# of In1s: 0
# of Anns: 0
# of NSs: 0
blockHash: 
0730444fc7bdc21362dacf78ced4466bb0d4a4974953d7b7a97d2a1cbc11c63a

第5个块开始准备relay

[Propose wait] S0 N0 spin=1 epoch=6 now=1780066639 InitTime=1780066627 lastpropose=1780066639 wallGap=12 need>=10 ok1=true lastGap=0 need>=2 ok2=false

第5个块结束relay

[Propose wait] S0 N0 spin=50 epoch=6 now=1780066640 InitTime=1780066627 lastpropose=1780066639 wallGap=13 need>=10 ok1=true lastGap=1 need>=2 ok2=false
[Propose] S0 N0 时间条件满足: epoch=6->7 now=1780066641 InitTime=1780066627 lastpropose=1780066639 wallGap=14>=10 lastGap=2>=2 → propose1
[Propose] S0 N0 等待 sequenceLock…
[Propose] S0 N0 已持有 sequenceLock，seqID=6 即将 propose1
[propose1] S0 N0 seq=6 Tx_pool.Queue_len=589
left_count: 500
[handleTxFromClient] S0 N0 recv client batch, tx_count=620
[handleTxFromClient] S0 N0 append to Tx_pool.Queue: local_queued=620 forward_other_shard=0 Queue_total_len=709
更新树花时间为: 63
写数据库IO花时间为: 77
编号为 6 的区块已加入本地区块链！curBlock: 
blockHeader: 
[0730444fc7bdc21362dacf78ced4466bb0d4a4974953d7b7a97d2a1cbc11c63a f9cc16c9ac0fb2e031e5b058a1fe22bfd759e762eab7a830c6582b93f5762751 6eb873a354e81d88246c154776ad22675decb15e424983744da3679c687186c9 6 1780066641]
# of transactions: 500
# of TXmig1s: 0
# of In1s: 0
# of Anns: 0
# of NSs: 0
blockHash: 
cc079a2e6497422ddc5fe503483a8338007c3f9c0d182a423d030ae9c0d674c6

第6个块开始准备relay

[Propose wait] S0 N0 spin=1 epoch=7 now=1780066641 InitTime=1780066627 lastpropose=1780066641 wallGap=14 need>=12 ok1=true lastGap=0 need>=2 ok2=false

第6个块结束relay

[Propose wait] S0 N0 spin=50 epoch=7 now=1780066642 InitTime=1780066627 lastpropose=1780066641 wallGap=15 need>=12 ok1=true lastGap=1 need>=2 ok2=false
[Propose] S0 N0 时间条件满足: epoch=7->8 now=1780066643 InitTime=1780066627 lastpropose=1780066641 wallGap=16>=12 lastGap=2>=2 → propose1
[Propose] S0 N0 等待 sequenceLock…
[Propose] S0 N0 已持有 sequenceLock，seqID=7 即将 propose1
[propose1] S0 N0 seq=7 Tx_pool.Queue_len=895
left_count: 500
[handleTxFromClient] S0 N0 recv client batch, tx_count=600
[handleTxFromClient] S0 N0 append to Tx_pool.Queue: local_queued=600 forward_other_shard=0 Queue_total_len=995
更新树花时间为: 84
写数据库IO花时间为: 106
编号为 7 的区块已加入本地区块链！curBlock: 
blockHeader: 
[cc079a2e6497422ddc5fe503483a8338007c3f9c0d182a423d030ae9c0d674c6 8dbe054e12e5d4bea1091f11e53e3687a9ab29905d196a960e06ede9e5784541 267d6aeed4634b8966c5bff19c03554f700fe9cd3fbba4bbff309f62a312830e 7 1780066643]
# of transactions: 500
# of TXmig1s: 0
# of In1s: 0
# of Anns: 0
# of NSs: 0
blockHash: 
287fcd907a9bd49904f9ddb7e199136b787d5738f264dde5aed8383d78e1b2c5

第7个块开始准备relay

[Propose wait] S0 N0 spin=1 epoch=8 now=1780066643 InitTime=1780066627 lastpropose=1780066643 wallGap=16 need>=14 ok1=true lastGap=0 need>=2 ok2=false

第7个块结束relay

[Propose wait] S0 N0 spin=50 epoch=8 now=1780066644 InitTime=1780066627 lastpropose=1780066643 wallGap=17 need>=14 ok1=true lastGap=1 need>=2 ok2=false
[Propose] S0 N0 时间条件满足: epoch=8->9 now=1780066645 InitTime=1780066627 lastpropose=1780066643 wallGap=18>=14 lastGap=2>=2 → propose1
[Propose] S0 N0 等待 sequenceLock…
[Propose] S0 N0 已持有 sequenceLock，seqID=8 即将 propose1
[propose1] S0 N0 seq=8 Tx_pool.Queue_len=1172
left_count: 500
[handleTxFromClient] S0 N0 recv client batch, tx_count=604
[handleTxFromClient] S0 N0 append to Tx_pool.Queue: local_queued=604 forward_other_shard=0 Queue_total_len=1276
更新树花时间为: 66
写数据库IO花时间为: 92
编号为 8 的区块已加入本地区块链！curBlock: 
blockHeader: 
[287fcd907a9bd49904f9ddb7e199136b787d5738f264dde5aed8383d78e1b2c5 4d9b5e391a487a11ff2cecad32bb5611778e915b28ad0d4f8427a6f7ed56b7d8 3d987858562b3f974db64d8b70524eba5da825ae630ab4dbd67eda961708ccb7 8 1780066645]
# of transactions: 500
# of TXmig1s: 0
# of In1s: 0
# of Anns: 0
# of NSs: 0
blockHash: 
3b876e2d67277a2bddcb1d47b3d5fe6b7f7667f11aa1ed4cae7795d8bbb0c8be

第8个块开始准备relay

[Propose wait] S0 N0 spin=1 epoch=9 now=1780066645 InitTime=1780066627 lastpropose=1780066645 wallGap=18 need>=16 ok1=true lastGap=0 need>=2 ok2=false

第8个块结束relay

[Propose wait] S0 N0 spin=50 epoch=9 now=1780066646 InitTime=1780066627 lastpropose=1780066645 wallGap=19 need>=16 ok1=true lastGap=1 need>=2 ok2=false
[Propose] S0 N0 时间条件满足: epoch=9->10 now=1780066647 InitTime=1780066627 lastpropose=1780066645 wallGap=20>=16 lastGap=2>=2 → propose1
[Propose] S0 N0 等待 sequenceLock…
[Propose] S0 N0 已持有 sequenceLock，seqID=9 即将 propose1
[propose1] S0 N0 seq=9 Tx_pool.Queue_len=1391
left_count: 500
[handleTxFromClient] S0 N0 recv client batch, tx_count=483
[handleTxFromClient] S0 N0 append to Tx_pool.Queue: local_queued=483 forward_other_shard=0 Queue_total_len=1374
更新树花时间为: 79
写数据库IO花时间为: 93
编号为 9 的区块已加入本地区块链！curBlock: 
blockHeader: 
[3b876e2d67277a2bddcb1d47b3d5fe6b7f7667f11aa1ed4cae7795d8bbb0c8be c58c9fb4db10b5459ffeef454a26117897bfe150babbcd2e6bd40c6dba3ebc9a 8c717566c4234e98be5c2ada09324d9350071228cf00ffee83a09af903d0248b 9 1780066647]
# of transactions: 500
# of TXmig1s: 0
# of In1s: 0
# of Anns: 0
# of NSs: 0
blockHash: 
1afd5e65733d93584efda46bfe3fdd5ce93a75cf6ac8e6e38b393676aa32ff80

第9个块开始准备relay

[Propose wait] S0 N0 spin=1 epoch=10 now=1780066647 InitTime=1780066627 lastpropose=1780066647 wallGap=20 need>=18 ok1=true lastGap=0 need>=2 ok2=false

第9个块结束relay

[Propose wait] S0 N0 spin=50 epoch=10 now=1780066648 InitTime=1780066627 lastpropose=1780066647 wallGap=21 need>=18 ok1=true lastGap=1 need>=2 ok2=false
[Propose] S0 N0 时间条件满足: epoch=10->11 now=1780066649 InitTime=1780066627 lastpropose=1780066647 wallGap=22>=18 lastGap=2>=2 → propose1
[Propose] S0 N0 等待 sequenceLock…
[Propose] S0 N0 已持有 sequenceLock，seqID=10 即将 propose1
[propose1] S0 N0 seq=10 Tx_pool.Queue_len=1497
left_count: 500
更新树花时间为: 68
写数据库IO花时间为: 75
编号为 10 的区块已加入本地区块链！curBlock: 
blockHeader: 
[1afd5e65733d93584efda46bfe3fdd5ce93a75cf6ac8e6e38b393676aa32ff80 04a874e062704f759eb0dbef43d1fd794f79b902c39206f5c182a895640881f4 6e746c824039c0aaa511e68a81453fe64c21e2fa903e241525f723d634089ed8 10 1780066649]
# of transactions: 500
# of TXmig1s: 0
# of In1s: 0
# of Anns: 0
# of NSs: 0
blockHash: 
a076d28195866d4c4ddc140e1ad49b1d84e4a7523a54318325a81bf171578e95

第10个块开始准备relay

[Propose wait] S0 N0 spin=1 epoch=11 now=1780066649 InitTime=1780066627 lastpropose=1780066649 wallGap=22 need>=20 ok1=true lastGap=0 need>=2 ok2=false
[handleTxFromClient] S0 N0 recv client batch, tx_count=630
[handleTxFromClient] S0 N0 append to Tx_pool.Queue: local_queued=630 forward_other_shard=0 Queue_total_len=1627

第10个块结束relay

[Propose wait] S0 N0 spin=50 epoch=11 now=1780066650 InitTime=1780066627 lastpropose=1780066649 wallGap=23 need>=20 ok1=true lastGap=1 need>=2 ok2=false
[Propose] S0 N0 时间条件满足: epoch=11->12 now=1780066651 InitTime=1780066627 lastpropose=1780066649 wallGap=24>=20 lastGap=2>=2 → propose1
[Propose] S0 N0 等待 sequenceLock…
[Propose] S0 N0 已持有 sequenceLock，seqID=11 即将 propose1
[propose1] S0 N0 seq=11 Tx_pool.Queue_len=1787
left_count: 500
更新树花时间为: 78
写数据库IO花时间为: 85
编号为 11 的区块已加入本地区块链！curBlock: 
blockHeader: 
[a076d28195866d4c4ddc140e1ad49b1d84e4a7523a54318325a81bf171578e95 c34d4d6bba7ceac0d45ca4be171ad407202aa5962045c5a304e497e3b87a1968 a13895fbea71e1dbd2df69efbf4b281bfefabb628018a901034ee8c103dedc14 11 1780066651]
# of transactions: 500
# of TXmig1s: 0
# of In1s: 0
# of Anns: 0
# of NSs: 0
blockHash: 
ec69e29923261a337299d06faca6b9958086fed548cd37dfd1c0f1470e66813d

第11个块开始准备relay

[Propose wait] S0 N0 spin=1 epoch=12 now=1780066651 InitTime=1780066627 lastpropose=1780066651 wallGap=24 need>=22 ok1=true lastGap=0 need>=2 ok2=false
[handleTxFromClient] S0 N0 recv client batch, tx_count=219
[handleTxFromClient] S0 N0 append to Tx_pool.Queue: local_queued=219 forward_other_shard=0 Queue_total_len=1506

第11个块结束relay

[Propose wait] S0 N0 spin=50 epoch=12 now=1780066652 InitTime=1780066627 lastpropose=1780066651 wallGap=25 need>=22 ok1=true lastGap=1 need>=2 ok2=false
[Propose] S0 N0 时间条件满足: epoch=12->13 now=1780066653 InitTime=1780066627 lastpropose=1780066651 wallGap=26>=22 lastGap=2>=2 → propose1
[Propose] S0 N0 等待 sequenceLock…
[Propose] S0 N0 已持有 sequenceLock，seqID=12 即将 propose1
[propose1] S0 N0 seq=12 Tx_pool.Queue_len=1583
left_count: 500
更新树花时间为: 57
写数据库IO花时间为: 81
编号为 12 的区块已加入本地区块链！curBlock: 
blockHeader: 
[ec69e29923261a337299d06faca6b9958086fed548cd37dfd1c0f1470e66813d bc2c9f730a0785c7d8f179f30bd585233eb8bc5f1ca067250474e33ba652cef5 b436b4c8e9c3ca27d0e1bbd6aea1125e00ceccbfe38bc1c57b15fcbd374d99cb 12 1780066653]
# of transactions: 500
# of TXmig1s: 0
# of In1s: 0
# of Anns: 0
# of NSs: 0
blockHash: 
478e5dc31ef62b3d8c1dbd5bbc4b86141e8e930e9a68b98c0e03b00cbb93201a

第12个块开始准备relay

[Propose wait] S0 N0 spin=1 epoch=13 now=1780066653 InitTime=1780066627 lastpropose=1780066653 wallGap=26 need>=24 ok1=true lastGap=0 need>=2 ok2=false
[handleTxFromClient] S0 N0 recv client batch, tx_count=116
[handleTxFromClient] S0 N0 append to Tx_pool.Queue: local_queued=116 forward_other_shard=0 Queue_total_len=1199

第12个块结束relay

[Propose wait] S0 N0 spin=50 epoch=13 now=1780066654 InitTime=1780066627 lastpropose=1780066653 wallGap=27 need>=24 ok1=true lastGap=1 need>=2 ok2=false
[Propose] S0 N0 时间条件满足: epoch=13->14 now=1780066655 InitTime=1780066627 lastpropose=1780066653 wallGap=28>=24 lastGap=2>=2 → propose1
[Propose] S0 N0 等待 sequenceLock…
[Propose] S0 N0 已持有 sequenceLock，seqID=13 即将 propose1
[propose1] S0 N0 seq=13 Tx_pool.Queue_len=1390
left_count: 500
更新树花时间为: 76
写数据库IO花时间为: 87
编号为 13 的区块已加入本地区块链！curBlock: 
blockHeader: 
[478e5dc31ef62b3d8c1dbd5bbc4b86141e8e930e9a68b98c0e03b00cbb93201a 96f6069bb5ea853c6fbe7e2930abf6ffa9bf4b1149ee45697d70a99a81cca915 8621c5ce98bd699afd3b8388df601718582618305da5e82637df0dd188569966 13 1780066655]
# of transactions: 500
# of TXmig1s: 0
# of In1s: 0
# of Anns: 0
# of NSs: 0
blockHash: 
8ed93dc61da37c9bcc2c1efac46e7abc27b7862307cc6a053880e0a9e2358cc7

第13个块开始准备relay

[Propose wait] S0 N0 spin=1 epoch=14 now=1780066655 InitTime=1780066627 lastpropose=1780066655 wallGap=28 need>=26 ok1=true lastGap=0 need>=2 ok2=false
[handleTxFromClient] S0 N0 recv client batch, tx_count=584
[handleTxFromClient] S0 N0 append to Tx_pool.Queue: local_queued=584 forward_other_shard=0 Queue_total_len=1474

第13个块结束relay

[Propose wait] S0 N0 spin=50 epoch=14 now=1780066656 InitTime=1780066627 lastpropose=1780066655 wallGap=29 need>=26 ok1=true lastGap=1 need>=2 ok2=false
[Propose] S0 N0 时间条件满足: epoch=14->15 now=1780066657 InitTime=1780066627 lastpropose=1780066655 wallGap=30>=26 lastGap=2>=2 → propose1
[Propose] S0 N0 等待 sequenceLock…
[Propose] S0 N0 已持有 sequenceLock，seqID=14 即将 propose1
[propose1] S0 N0 seq=14 Tx_pool.Queue_len=1630
left_count: 500
更新树花时间为: 62
写数据库IO花时间为: 69
编号为 14 的区块已加入本地区块链！curBlock: 
blockHeader: 
[8ed93dc61da37c9bcc2c1efac46e7abc27b7862307cc6a053880e0a9e2358cc7 d64b30d25ea6550ff3807fa0757e5b23f8099085ca50b12413f5b65f6bed55dc 0d1f599650f3ecc444becb96963653876d6c29f9253ebf7d0749b915dc9bc933 14 1780066657]
# of transactions: 500
# of TXmig1s: 0
# of In1s: 0
# of Anns: 0
# of NSs: 0
blockHash: 
126717c99dd4de3a48a2edd868413b5bae54ab42fc64056f89c2517138ceb3b9

第14个块开始准备relay

[Propose wait] S0 N0 spin=1 epoch=15 now=1780066657 InitTime=1780066627 lastpropose=1780066657 wallGap=30 need>=28 ok1=true lastGap=0 need>=2 ok2=false
[handleTxFromClient] S0 N0 recv client batch, tx_count=616
[handleTxFromClient] S0 N0 append to Tx_pool.Queue: local_queued=616 forward_other_shard=0 Queue_total_len=1746

第14个块结束relay

[Propose wait] S0 N0 spin=50 epoch=15 now=1780066658 InitTime=1780066627 lastpropose=1780066657 wallGap=31 need>=28 ok1=true lastGap=1 need>=2 ok2=false
[Propose] S0 N0 时间条件满足: epoch=15->16 now=1780066659 InitTime=1780066627 lastpropose=1780066657 wallGap=32>=28 lastGap=2>=2 → propose1
[Propose] S0 N0 等待 sequenceLock…
[Propose] S0 N0 已持有 sequenceLock，seqID=15 即将 propose1
[propose1] S0 N0 seq=15 Tx_pool.Queue_len=1987
left_count: 500
更新树花时间为: 119
写数据库IO花时间为: 157
编号为 15 的区块已加入本地区块链！curBlock: 
blockHeader: 
[126717c99dd4de3a48a2edd868413b5bae54ab42fc64056f89c2517138ceb3b9 cb265aae7c3aff8409090255dfb077d3964e637d61760675c514e00b3d8e2961 f7cf2e22d42a2925c7da7c41d11168efeb9d91f0860111bde998866682231e77 15 1780066659]
# of transactions: 500
# of TXmig1s: 0
# of In1s: 0
# of Anns: 0
# of NSs: 0
blockHash: 
b5cdcfdcfc8362557e061ea9adeb9353fd3e1cd55f262b29690c608ed2dd96fd
[Propose wait] S0 N0 spin=1 epoch=16 now=1780066659 InitTime=1780066627 lastpropose=1780066659 wallGap=32 need>=30 ok1=true lastGap=0 need>=2 ok2=false

第15个块开始准备relay

[handleTxFromClient] S0 N0 recv client batch, tx_count=572
[handleTxFromClient] S0 N0 append to Tx_pool.Queue: local_queued=572 forward_other_shard=0 Queue_total_len=2059

第15个块结束relay

[Propose wait] S0 N0 spin=50 epoch=16 now=1780066660 InitTime=1780066627 lastpropose=1780066659 wallGap=33 need>=30 ok1=true lastGap=1 need>=2 ok2=false
[Propose] S0 N0 时间条件满足: epoch=16->17 now=1780066661 InitTime=1780066627 lastpropose=1780066659 wallGap=34>=30 lastGap=2>=2 → propose1
[Propose] S0 N0 等待 sequenceLock…
[Propose] S0 N0 已持有 sequenceLock，seqID=16 即将 propose1
[propose1] S0 N0 seq=16 Tx_pool.Queue_len=2184
left_count: 500
更新树花时间为: 86
写数据库IO花时间为: 88
编号为 16 的区块已加入本地区块链！curBlock: 
blockHeader: 
[b5cdcfdcfc8362557e061ea9adeb9353fd3e1cd55f262b29690c608ed2dd96fd 6a119dbcb8c48b88fb626aacd4fe2f7abc334b4834d61ba2a07b9f4143ad5f48 849c61a8da25b2701c44bd04d5f34bad133e52cb4a6381a4220e81118f1a3420 16 1780066661]
# of transactions: 500
# of TXmig1s: 0
# of In1s: 0
# of Anns: 0
# of NSs: 0
blockHash: 
d6c37a747e78ec0abffdbe7aef2c08c113d2b8495ed0666d775e789fe77ba09f

第16个块开始准备relay

[Propose wait] S0 N0 spin=1 epoch=17 now=1780066661 InitTime=1780066627 lastpropose=1780066661 wallGap=34 need>=32 ok1=true lastGap=0 need>=2 ok2=false
[handleTxFromClient] S0 N0 recv client batch, tx_count=524
[handleTxFromClient] S0 N0 append to Tx_pool.Queue: local_queued=524 forward_other_shard=0 Queue_total_len=2208

第16个块结束relay

[Propose wait] S0 N0 spin=50 epoch=17 now=1780066662 InitTime=1780066627 lastpropose=1780066661 wallGap=35 need>=32 ok1=true lastGap=1 need>=2 ok2=false
[Propose] S0 N0 时间条件满足: epoch=17->18 now=1780066663 InitTime=1780066627 lastpropose=1780066661 wallGap=36>=32 lastGap=2>=2 → propose1
[Propose] S0 N0 等待 sequenceLock…
[Propose] S0 N0 已持有 sequenceLock，seqID=17 即将 propose1
[propose1] S0 N0 seq=17 Tx_pool.Queue_len=2308
left_count: 500
更新树花时间为: 74
写数据库IO花时间为: 101
编号为 17 的区块已加入本地区块链！curBlock: 
blockHeader: 
[d6c37a747e78ec0abffdbe7aef2c08c113d2b8495ed0666d775e789fe77ba09f 2ff3c759faa12bd5ef501d883cf6dcf3a8a7cfe0b0f7e43f7fc915c36b8e057a d623390abf8c0e15037f26e4e92df95fa1bf450f592eee2da5df0f89fd1b2d1d 17 1780066663]
# of transactions: 500
# of TXmig1s: 0
# of In1s: 0
# of Anns: 0
# of NSs: 0
blockHash: 
c9e4c6f8d3d882d24e235db7aaed50d60aaca8dbed046f6fe3bb1c0b6b445ecd

第17个块开始准备relay

[Propose wait] S0 N0 spin=1 epoch=18 now=1780066663 InitTime=1780066627 lastpropose=1780066663 wallGap=36 need>=34 ok1=true lastGap=0 need>=2 ok2=false
[handleTxFromClient] S0 N0 recv client batch, tx_count=58
[handleTxFromClient] S0 N0 append to Tx_pool.Queue: local_queued=58 forward_other_shard=0 Queue_total_len=1866

第17个块结束relay

[Propose wait] S0 N0 spin=50 epoch=18 now=1780066664 InitTime=1780066627 lastpropose=1780066663 wallGap=37 need>=34 ok1=true lastGap=1 need>=2 ok2=false
[Propose] S0 N0 时间条件满足: epoch=18->19 now=1780066665 InitTime=1780066627 lastpropose=1780066663 wallGap=38>=34 lastGap=2>=2 → propose1
[Propose] S0 N0 等待 sequenceLock…
[Propose] S0 N0 已持有 sequenceLock，seqID=18 即将 propose1
[propose1] S0 N0 seq=18 Tx_pool.Queue_len=1974
left_count: 500
更新树花时间为: 73
写数据库IO花时间为: 84
编号为 18 的区块已加入本地区块链！curBlock: 
blockHeader: 
[c9e4c6f8d3d882d24e235db7aaed50d60aaca8dbed046f6fe3bb1c0b6b445ecd e4511f908fcb4f4d2d27c2e999fd58749df5d59fb95d517bbffdf00f233a1c04 760b607e19335adb98345ab8faf44ff929c897fc8148b8d25ec4a153e11b72d4 18 1780066665]
# of transactions: 500
# of TXmig1s: 0
# of In1s: 0
# of Anns: 0
# of NSs: 0
blockHash: 
d121d09daa1a67a9cd39d2d8a743a0bbfa6be904a7961ace8eeaa579e62d1a8e

第18个块开始准备relay

[Propose wait] S0 N0 spin=1 epoch=19 now=1780066665 InitTime=1780066627 lastpropose=1780066665 wallGap=38 need>=36 ok1=true lastGap=0 need>=2 ok2=false
[handleTxFromClient] S0 N0 recv client batch, tx_count=48
[handleTxFromClient] S0 N0 append to Tx_pool.Queue: local_queued=48 forward_other_shard=0 Queue_total_len=1522

第18个块结束relay

[Propose wait] S0 N0 spin=50 epoch=19 now=1780066666 InitTime=1780066627 lastpropose=1780066665 wallGap=39 need>=36 ok1=true lastGap=1 need>=2 ok2=false
[Propose] S0 N0 时间条件满足: epoch=19->20 now=1780066667 InitTime=1780066627 lastpropose=1780066665 wallGap=40>=36 lastGap=2>=2 → propose1
[Propose] S0 N0 等待 sequenceLock…
[Propose] S0 N0 已持有 sequenceLock，seqID=19 即将 propose1
[propose1] S0 N0 seq=19 Tx_pool.Queue_len=1639
left_count: 500
更新树花时间为: 76
写数据库IO花时间为: 96
编号为 19 的区块已加入本地区块链！curBlock: 
blockHeader: 
[d121d09daa1a67a9cd39d2d8a743a0bbfa6be904a7961ace8eeaa579e62d1a8e e687ebfe3dc30d635189e2c1637093465ac04bc1d51e95cde06b3f139b309071 250ab1272b2cf6045a3fdf69cfddd6823574ceccb9d6db320f268404c42a385d 19 1780066667]
# of transactions: 500
# of TXmig1s: 0
# of In1s: 0
# of Anns: 0
# of NSs: 0
blockHash: 
59eb4544c212e173d41414d58313c0a97b64562ae05c1fb14e6428054d85b7db

第19个块开始准备relay

[Propose wait] S0 N0 spin=1 epoch=20 now=1780066667 InitTime=1780066627 lastpropose=1780066667 wallGap=40 need>=38 ok1=true lastGap=0 need>=2 ok2=false
[handleTxFromClient] S0 N0 recv client batch, tx_count=33
[handleTxFromClient] S0 N0 append to Tx_pool.Queue: local_queued=33 forward_other_shard=0 Queue_total_len=1172

第19个块结束relay

[Propose wait] S0 N0 spin=50 epoch=20 now=1780066668 InitTime=1780066627 lastpropose=1780066667 wallGap=41 need>=38 ok1=true lastGap=1 need>=2 ok2=false
[Propose] S0 N0 时间条件满足: epoch=20->21 now=1780066669 InitTime=1780066627 lastpropose=1780066667 wallGap=42>=38 lastGap=2>=2 → propose1
[Propose] S0 N0 等待 sequenceLock…
[Propose] S0 N0 已持有 sequenceLock，seqID=20 即将 propose1
[propose1] S0 N0 seq=20 Tx_pool.Queue_len=1404
left_count: 500
更新树花时间为: 74
写数据库IO花时间为: 82
编号为 20 的区块已加入本地区块链！curBlock: 
blockHeader: 
[59eb4544c212e173d41414d58313c0a97b64562ae05c1fb14e6428054d85b7db d9f1aa6c46893f6c060d928dd0850aad8f52f2690c23c925cd5abf50882192c2 d416fd012981ed2fdd746fe38ef6c84ea44492b748be6d9e91db801d5ab98d6e 20 1780066669]
# of transactions: 500
# of TXmig1s: 0
# of In1s: 0
# of Anns: 0
# of NSs: 0
blockHash: 
6795711298e5c8ef553d40c0f3802fb61c09c4b915a08827ae2921c132d2dcaf

第20个块开始准备relay

[Propose wait] S0 N0 spin=1 epoch=21 now=1780066669 InitTime=1780066627 lastpropose=1780066669 wallGap=42 need>=40 ok1=true lastGap=0 need>=2 ok2=false
[handleTxFromClient] S0 N0 recv client batch, tx_count=21
[handleTxFromClient] S0 N0 append to Tx_pool.Queue: local_queued=21 forward_other_shard=0 Queue_total_len=925

第20个块结束relay

[Propose wait] S0 N0 spin=50 epoch=21 now=1780066670 InitTime=1780066627 lastpropose=1780066669 wallGap=43 need>=40 ok1=true lastGap=1 need>=2 ok2=false
[Propose] S0 N0 时间条件满足: epoch=21->22 now=1780066671 InitTime=1780066627 lastpropose=1780066669 wallGap=44>=40 lastGap=2>=2 → propose1
[Propose] S0 N0 等待 sequenceLock…
[Propose] S0 N0 已持有 sequenceLock，seqID=21 即将 propose1
[propose1] S0 N0 seq=21 Tx_pool.Queue_len=1065
left_count: 500
更新树花时间为: 70
写数据库IO花时间为: 81
编号为 21 的区块已加入本地区块链！curBlock: 
blockHeader: 
[6795711298e5c8ef553d40c0f3802fb61c09c4b915a08827ae2921c132d2dcaf 09ddef021c3fea788a7259e6783b9b874df1aae77ee1240ce86a0526529305e0 264d88617002fc539d667c970cdfce6197b05df5d42d4f03885b84fbacc52770 21 1780066671]
# of transactions: 500
# of TXmig1s: 0
# of In1s: 0
# of Anns: 0
# of NSs: 0
blockHash: 
362c60fa5aa845713a2614318025f6f06d0b07956f7902479b9943c0f5aef379

第21个块开始准备relay

[Propose wait] S0 N0 spin=1 epoch=22 now=1780066671 InitTime=1780066627 lastpropose=1780066671 wallGap=44 need>=42 ok1=true lastGap=0 need>=2 ok2=false
本节点已接收到client发来准备迁移通知
本节点已将 pending 发送到 client（565 笔）
本节点已接收到客户端发送的新映射
[handleTxFromClient] S0 N0 recv client batch, tx_count=35
[handleTxFromClient] S0 N0 append to Tx_pool.Queue: local_queued=35 forward_other_shard=0 Queue_total_len=600

第21个块结束relay

[Propose wait] S0 N0 spin=50 epoch=22 now=1780066672 InitTime=1780066627 lastpropose=1780066671 wallGap=45 need>=42 ok1=true lastGap=1 need>=2 ok2=false
[Propose] S0 N0 时间条件满足: epoch=22->23 now=1780066673 InitTime=1780066627 lastpropose=1780066671 wallGap=46>=42 lastGap=2>=2 → propose1
[Propose] S0 N0 等待 sequenceLock…
[Propose] S0 N0 已持有 sequenceLock，seqID=22 即将 propose1
[propose1] S0 N0 seq=22 Tx_pool.Queue_len=856
left_count: 200
更新树花时间为: 59
写数据库IO花时间为: 65
编号为 22 的区块已加入本地区块链！curBlock: 
blockHeader: 
[362c60fa5aa845713a2614318025f6f06d0b07956f7902479b9943c0f5aef379 914a6106c3b5df2f23482491defabb7a265575939c7f58e1592868c0399498a1 b30b3b9422a1cd70a5b4e978d7e1325f869c9953dcbbdbde232a11e9bf470fe8 22 1780066673]
# of transactions: 200
# of TXmig1s: 300
# of In1s: 0
# of Anns: 0
# of NSs: 0
blockHash: 
e7e898f7736d53cbfdb838ff8a4a466460f0a2998637fb85beb15bc9a979e0c5

第22个块开始准备relay

[Propose wait] S0 N0 spin=1 epoch=23 now=1780066673 InitTime=1780066627 lastpropose=1780066673 wallGap=46 need>=44 ok1=true lastGap=0 need>=2 ok2=false

本节点已接收到分片S1发来的迁移请求 
10000000000000000000000000420000000000000


第22个块结束relay

[handleTxFromClient] S0 N0 recv client batch, tx_count=30
[handleTxFromClient] S0 N0 append to Tx_pool.Queue: local_queued=30 forward_other_shard=0 Queue_total_len=686
[Propose wait] S0 N0 spin=50 epoch=23 now=1780066674 InitTime=1780066627 lastpropose=1780066673 wallGap=47 need>=44 ok1=true lastGap=1 need>=2 ok2=false
[Propose] S0 N0 时间条件满足: epoch=23->24 now=1780066675 InitTime=1780066627 lastpropose=1780066673 wallGap=48>=44 lastGap=2>=2 → propose1
[Propose] S0 N0 等待 sequenceLock…
[Propose] S0 N0 已持有 sequenceLock，seqID=23 即将 propose1
[propose1] S0 N0 seq=23 Tx_pool.Queue_len=840
left_count: 326
更新树花时间为: 52
写数据库IO花时间为: 72
编号为 23 的区块已加入本地区块链！curBlock: 
blockHeader: 
[e7e898f7736d53cbfdb838ff8a4a466460f0a2998637fb85beb15bc9a979e0c5 508718a38f796aa4558424d4c8fa8333af52acdfcdf2f31636761954003f66cb 8bfe2b613e8c34484d43ef5acd69bfd411ba9737e9d6e22d8435cee7207f2d57 23 1780066675]
# of transactions: 326
# of TXmig1s: 162
# of In1s: 12
# of Anns: 0
# of NSs: 0
blockHash: 
a1763a88c0ee7fe1fab6629fa46b628e9c65d76e1b1751207f3c1e0800f403ad

第23个块开始准备relay

[Propose wait] S0 N0 spin=1 epoch=24 now=1780066675 InitTime=1780066627 lastpropose=1780066675 wallGap=48 need>=46 ok1=true lastGap=0 need>=2 ok2=false

第23个块结束relay

[handleTxFromClient] S0 N0 recv client batch, tx_count=460
[handleTxFromClient] S0 N0 append to Tx_pool.Queue: local_queued=460 forward_other_shard=0 Queue_total_len=1071
[Propose wait] S0 N0 spin=50 epoch=24 now=1780066676 InitTime=1780066627 lastpropose=1780066675 wallGap=49 need>=46 ok1=true lastGap=1 need>=2 ok2=false
[Propose] S0 N0 时间条件满足: epoch=24->25 now=1780066677 InitTime=1780066627 lastpropose=1780066675 wallGap=50>=46 lastGap=2>=2 → propose1
[Propose] S0 N0 等待 sequenceLock…
[Propose] S0 N0 已持有 sequenceLock，seqID=24 即将 propose1
[propose1] S0 N0 seq=24 Tx_pool.Queue_len=1071
left_count: 500
更新树花时间为: 65
写数据库IO花时间为: 80
编号为 24 的区块已加入本地区块链！curBlock: 
blockHeader: 
[a1763a88c0ee7fe1fab6629fa46b628e9c65d76e1b1751207f3c1e0800f403ad 955d1f7d7446b52e2d8cb6d477f6552a78c146e316b22818a1ef1489409e41bc 38a2d29df9d4ee6613a33db75afe80673abc9ed1cc1ea176b2a13a8a954ee949 24 1780066677]
# of transactions: 500
# of TXmig1s: 0
# of In1s: 0
# of Anns: 0
# of NSs: 0
blockHash: 
827a9a688aac6115b2a8fb3c8dd8c5be4c516f4e2495f36f7efaf8076c43e2f9

第24个块开始准备relay

[Propose wait] S0 N0 spin=1 epoch=25 now=1780066677 InitTime=1780066627 lastpropose=1780066677 wallGap=50 need>=48 ok1=true lastGap=0 need>=2 ok2=false
时间：1780066677194  本节点已接收到新
本节点已将迁移过来的pending交易的账户数量发送到client


第24个块结束relay

[handleTxFromClient] S0 N0 recv client batch, tx_count=387
[handleTxFromClient] S0 N0 append to Tx_pool.Queue: local_queued=387 forward_other_shard=0 Queue_total_len=1104
本节点已接收到分片S1发来通知 
1
2
3
本节点已接收到分片S1发来通知 
1
2
3
[Propose wait] S0 N0 spin=50 epoch=25 now=1780066678 InitTime=1780066627 lastpropose=1780066677 wallGap=51 need>=48 ok1=true lastGap=1 need>=2 ok2=false
[Propose] S0 N0 时间条件满足: epoch=25->26 now=1780066679 InitTime=1780066627 lastpropose=1780066677 wallGap=52>=48 lastGap=2>=2 → propose1
[Propose] S0 N0 等待 sequenceLock…
[Propose] S0 N0 已持有 sequenceLock，seqID=25 即将 propose1
[propose1] S0 N0 seq=25 Tx_pool.Queue_len=1104
left_count: 200
更新树花时间为: 55
写数据库IO花时间为: 91
编号为 25 的区块已加入本地区块链！curBlock: 
blockHeader: 
[827a9a688aac6115b2a8fb3c8dd8c5be4c516f4e2495f36f7efaf8076c43e2f9 f67dc3f2e555f4da400d50cf26887a2c43c6b779d2e726986ef0a34b85d5890b 576a46694185f6bffe1e8f9c71be840a72a1fc39e0d4bae8846c5378e3904915 25 1780066679]
# of transactions: 200
# of TXmig1s: 0
# of In1s: 0
# of Anns: 300
# of NSs: 0
blockHash: 
3410a100712798700a3e2310a431929e00139fc34912f760642e31a9bf608f2e
handleAnns时是第25个块

handleannounce交易池操作时差为：0
handleannounce两锁时差为：0


第25个块开始准备relay

[Propose wait] S0 N0 spin=1 epoch=26 now=1780066679 InitTime=1780066627 lastpropose=1780066679 wallGap=52 need>=50 ok1=true lastGap=0 need>=2 ok2=false

第25个块结束relay

[handleTxFromClient] S0 N0 recv client batch, tx_count=66
[handleTxFromClient] S0 N0 append to Tx_pool.Queue: local_queued=66 forward_other_shard=0 Queue_total_len=960
[Propose wait] S0 N0 spin=50 epoch=26 now=1780066680 InitTime=1780066627 lastpropose=1780066679 wallGap=53 need>=50 ok1=true lastGap=1 need>=2 ok2=false
[Propose] S0 N0 时间条件满足: epoch=26->27 now=1780066681 InitTime=1780066627 lastpropose=1780066679 wallGap=54>=50 lastGap=2>=2 → propose1
[Propose] S0 N0 等待 sequenceLock…
[Propose] S0 N0 已持有 sequenceLock，seqID=26 即将 propose1
[propose1] S0 N0 seq=26 Tx_pool.Queue_len=1064
left_count: 338
更新树花时间为: 58
写数据库IO花时间为: 75
编号为 26 的区块已加入本地区块链！curBlock: 
blockHeader: 
[3410a100712798700a3e2310a431929e00139fc34912f760642e31a9bf608f2e c18ac6d3f982b579913c83018596d0fd0ff6138a47203a045a33b94678a4ad7a 25ad9a91a20ab0637e78259e778fbd583e565245ef067ef995e1dcd09710d5ce 26 1780066681]
# of transactions: 338
# of TXmig1s: 0
# of In1s: 0
# of Anns: 162
# of NSs: 0
blockHash: 
38a38234f1bb174e69c211e9d37758f07e78c7e59de621e5312e9b34455dabab
handleAnns时是第26个块

handleannounce交易池操作时差为：522
handleannounce两锁时差为：522


第26个块开始准备relay

[Propose wait] S0 N0 spin=1 epoch=27 now=1780066681 InitTime=1780066627 lastpropose=1780066681 wallGap=54 need>=52 ok1=true lastGap=0 need>=2 ok2=false

第26个块结束relay

时间：54638  正在向分片S1的主节点发送新
本节点已将不变的账户数量发送到client

[Propose wait] S0 N0 spin=50 epoch=27 now=1780066682 InitTime=1780066627 lastpropose=1780066681 wallGap=55 need>=52 ok1=true lastGap=1 need>=2 ok2=false
[Propose] S0 N0 时间条件满足: epoch=27->28 now=1780066683 InitTime=1780066627 lastpropose=1780066681 wallGap=56>=52 lastGap=2>=2 → propose1
[Propose] S0 N0 等待 sequenceLock…
[Propose] S0 N0 已持有 sequenceLock，seqID=27 即将 propose1
[propose1] S0 N0 seq=27 Tx_pool.Queue_len=947
left_count: 500
更新树花时间为: 83
写数据库IO花时间为: 94
编号为 27 的区块已加入本地区块链！curBlock: 
blockHeader: 
[38a38234f1bb174e69c211e9d37758f07e78c7e59de621e5312e9b34455dabab 8623ebfd51577761a72c0bef891b70aca24633456baabb0ba78667eb598be7d6 dee4704b8d6799baa8342a1485514a03c57ce7dd4372f445ce892cbe7bbefd72 27 1780066683]
# of transactions: 500
# of TXmig1s: 0
# of In1s: 0
# of Anns: 0
# of NSs: 0
blockHash: 
3fdc9a6234a21e1b38f8ac3aca553e75ebb4cdd6f71c8873b994bcb2aa7e358a

第27个块开始准备relay

[Propose wait] S0 N0 spin=1 epoch=28 now=1780066683 InitTime=1780066627 lastpropose=1780066683 wallGap=56 need>=54 ok1=true lastGap=0 need>=2 ok2=false

第27个块结束relay

[Propose wait] S0 N0 spin=50 epoch=28 now=1780066684 InitTime=1780066627 lastpropose=1780066683 wallGap=57 need>=54 ok1=true lastGap=1 need>=2 ok2=false
时间：57383  正在向分片S1的主节点发送新
本节点已将不变的账户数量发送到client

[Propose] S0 N0 时间条件满足: epoch=28->29 now=1780066685 InitTime=1780066627 lastpropose=1780066683 wallGap=58>=54 lastGap=2>=2 → propose1
[Propose] S0 N0 等待 sequenceLock…
[Propose] S0 N0 已持有 sequenceLock，seqID=28 即将 propose1
[propose1] S0 N0 seq=28 Tx_pool.Queue_len=579
left_count: 500
更新树花时间为: 75
写数据库IO花时间为: 85
编号为 28 的区块已加入本地区块链！curBlock: 
blockHeader: 
[3fdc9a6234a21e1b38f8ac3aca553e75ebb4cdd6f71c8873b994bcb2aa7e358a 129cfb09a13affc207b3a56b0f303b4613af8eac2eee446354bc1c598bb48a82 4b6cb42ae4125efe2cf6522377017a283ba84ee9dc49c1b5784171b0449d6dea 28 1780066685]
# of transactions: 500
# of TXmig1s: 0
# of In1s: 0
# of Anns: 0
# of NSs: 0
blockHash: 
09709080effb3ccf2ea49d3af5353a4953cd55f4680ce12505cb7d1ccb630fb7

第28个块开始准备relay

[Propose wait] S0 N0 spin=1 epoch=29 now=1780066685 InitTime=1780066627 lastpropose=1780066685 wallGap=58 need>=56 ok1=true lastGap=0 need>=2 ok2=false

第28个块结束relay

[Propose wait] S0 N0 spin=50 epoch=29 now=1780066686 InitTime=1780066627 lastpropose=1780066685 wallGap=59 need>=56 ok1=true lastGap=1 need>=2 ok2=false
[Propose] S0 N0 时间条件满足: epoch=29->30 now=1780066687 InitTime=1780066627 lastpropose=1780066685 wallGap=60>=56 lastGap=2>=2 → propose1
[Propose] S0 N0 等待 sequenceLock…
[Propose] S0 N0 已持有 sequenceLock，seqID=29 即将 propose1
[propose1] S0 N0 seq=29 Tx_pool.Queue_len=200
left_count: 500
更新树花时间为: 21
写数据库IO花时间为: 25
编号为 29 的区块已加入本地区块链！curBlock: 
blockHeader: 
[09709080effb3ccf2ea49d3af5353a4953cd55f4680ce12505cb7d1ccb630fb7 17dfb03de81b7d84c4e83884a2ba486e4ae4d88472625519b8bc8f2b10ce173f bd18daf7f0b0ded6a5338a71f0fc32a83f96098e6784b18606345be2291dd0f1 29 1780066687]
# of transactions: 200
# of TXmig1s: 0
# of In1s: 0
# of Anns: 0
# of NSs: 0
blockHash: 
cf4e71f87d743f43d30ea39991f80503a8d570b43c6ea32d82404d6170715fa7
[Propose wait] S0 N0 spin=1 epoch=30 now=1780066687 InitTime=1780066627 lastpropose=1780066687 wallGap=60 need>=58 ok1=true lastGap=0 need>=2 ok2=false
[Propose wait] S0 N0 spin=50 epoch=30 now=1780066688 InitTime=1780066627 lastpropose=1780066687 wallGap=61 need>=58 ok1=true lastGap=1 need>=2 ok2=false
[Propose] S0 N0 时间条件满足: epoch=30->31 now=1780066689 InitTime=1780066627 lastpropose=1780066687 wallGap=62>=58 lastGap=2>=2 → propose1
[Propose] S0 N0 等待 sequenceLock…
[Propose] S0 N0 已持有 sequenceLock，seqID=30 即将 propose1
[propose1] S0 N0 seq=30 Tx_pool.Queue_len=213
left_count: 500
更新树花时间为: 25
写数据库IO花时间为: 34
编号为 30 的区块已加入本地区块链！curBlock: 
blockHeader: 
[cf4e71f87d743f43d30ea39991f80503a8d570b43c6ea32d82404d6170715fa7 9b70c41a9a49515424f43eb9aedef16ab8ce0d3289045cdc501ca11c17af62af 50e3bac676a8a67af2f6e464ed162b0a7e8da3e2efc92447475d13f113cf2219 30 1780066689]
# of transactions: 213
# of TXmig1s: 0
# of In1s: 0
# of Anns: 0
# of NSs: 0
blockHash: 
b94ff9e9174e345a96efcc9c28bcdff8de7f33782c4ff38828f122219a7dcb68
[Propose wait] S0 N0 spin=1 epoch=31 now=1780066689 InitTime=1780066627 lastpropose=1780066689 wallGap=62 need>=60 ok1=true lastGap=0 need>=2 ok2=false
[Propose wait] S0 N0 spin=50 epoch=31 now=1780066690 InitTime=1780066627 lastpropose=1780066689 wallGap=63 need>=60 ok1=true lastGap=1 need>=2 ok2=false
[Propose] S0 N0 时间条件满足: epoch=31->32 now=1780066691 InitTime=1780066627 lastpropose=1780066689 wallGap=64>=60 lastGap=2>=2 → propose1
[Propose] S0 N0 等待 sequenceLock…
[Propose] S0 N0 已持有 sequenceLock，seqID=31 即将 propose1
[propose1] S0 N0 seq=31 Tx_pool.Queue_len=204
left_count: 500
更新树花时间为: 25
写数据库IO花时间为: 33
编号为 31 的区块已加入本地区块链！curBlock: 
blockHeader: 
[b94ff9e9174e345a96efcc9c28bcdff8de7f33782c4ff38828f122219a7dcb68 d663450b2c6b4af68401c0902010d4ef4f45e1aa3e3f388e62b5faf0d79d971b 63845316204466c6026e2a881b070d13c5b7adc4b3f5509c7bee5d3b12c4039c 31 1780066691]
# of transactions: 204
# of TXmig1s: 0
# of In1s: 0
# of Anns: 0
# of NSs: 0
blockHash: 
0ecb3456c8cd3f557346d927481550839344acddac0936ebc5ab55f349d76cb1
[Propose wait] S0 N0 spin=1 epoch=32 now=1780066691 InitTime=1780066627 lastpropose=1780066691 wallGap=64 need>=62 ok1=true lastGap=0 need>=2 ok2=false
[Propose wait] S0 N0 spin=50 epoch=32 now=1780066692 InitTime=1780066627 lastpropose=1780066691 wallGap=65 need>=62 ok1=true lastGap=1 need>=2 ok2=false
[Propose] S0 N0 时间条件满足: epoch=32->33 now=1780066693 InitTime=1780066627 lastpropose=1780066691 wallGap=66>=62 lastGap=2>=2 → propose1
[Propose] S0 N0 等待 sequenceLock…
[Propose] S0 N0 已持有 sequenceLock，seqID=32 即将 propose1
[propose1] S0 N0 seq=32 Tx_pool.Queue_len=234
left_count: 500
更新树花时间为: 41
写数据库IO花时间为: 45
编号为 32 的区块已加入本地区块链！curBlock: 
blockHeader: 
[0ecb3456c8cd3f557346d927481550839344acddac0936ebc5ab55f349d76cb1 477e588785338dd62c5d3ecf9636606bbb54bc4d52b35bf835a17e4f585a95eb 75048fa44bafd019d6c1863fab7e8dc238de43017a33c19145ed682b3f57c310 32 1780066693]
# of transactions: 234
# of TXmig1s: 0
# of In1s: 0
# of Anns: 0
# of NSs: 0
blockHash: 
dc3ded164eeee29f11b35369347cde88c8e6463697440faf0257126aa2970077
[Propose wait] S0 N0 spin=1 epoch=33 now=1780066693 InitTime=1780066627 lastpropose=1780066693 wallGap=66 need>=64 ok1=true lastGap=0 need>=2 ok2=false
[Propose wait] S0 N0 spin=50 epoch=33 now=1780066694 InitTime=1780066627 lastpropose=1780066693 wallGap=67 need>=64 ok1=true lastGap=1 need>=2 ok2=false
[Propose] S0 N0 时间条件满足: epoch=33->34 now=1780066695 InitTime=1780066627 lastpropose=1780066693 wallGap=68>=64 lastGap=2>=2 → propose1
[Propose] S0 N0 等待 sequenceLock…
[Propose] S0 N0 已持有 sequenceLock，seqID=33 即将 propose1
[propose1] S0 N0 seq=33 Tx_pool.Queue_len=221
left_count: 500
更新树花时间为: 21
写数据库IO花时间为: 30
编号为 33 的区块已加入本地区块链！curBlock: 
blockHeader: 
[dc3ded164eeee29f11b35369347cde88c8e6463697440faf0257126aa2970077 8468e25087dad86f2527f956f8e264c3291a8be13b9651a2821703baa45ab0e4 19fe94b8393cb99f76417f2890b824cdd5de07b4c1d2d6fb7d8ac0d29e15bb4b 33 1780066695]
# of transactions: 221
# of TXmig1s: 0
# of In1s: 0
# of Anns: 0
# of NSs: 0
blockHash: 
5a7729968aac4ebed45c91e7a19934d370fd447750070acd18ff10033b5b74d9
[Propose wait] S0 N0 spin=1 epoch=34 now=1780066695 InitTime=1780066627 lastpropose=1780066695 wallGap=68 need>=66 ok1=true lastGap=0 need>=2 ok2=false
[Propose wait] S0 N0 spin=50 epoch=34 now=1780066696 InitTime=1780066627 lastpropose=1780066695 wallGap=69 need>=66 ok1=true lastGap=1 need>=2 ok2=false
[Propose] S0 N0 时间条件满足: epoch=34->35 now=1780066697 InitTime=1780066627 lastpropose=1780066695 wallGap=70>=66 lastGap=2>=2 → propose1
[Propose] S0 N0 等待 sequenceLock…
[Propose] S0 N0 已持有 sequenceLock，seqID=34 即将 propose1
[propose1] S0 N0 seq=34 Tx_pool.Queue_len=241
left_count: 500
更新树花时间为: 31
写数据库IO花时间为: 43
编号为 34 的区块已加入本地区块链！curBlock: 
blockHeader: 
[5a7729968aac4ebed45c91e7a19934d370fd447750070acd18ff10033b5b74d9 518607a0eb2c3079b9a7100649331b90d851b2239179ae61f840c8f88ac10eb7 b4a3af1220b542b35d3655b7f8f59f5bf7d49e9c7e3574e2157e328e2434b84a 34 1780066697]
# of transactions: 241
# of TXmig1s: 0
# of In1s: 0
# of Anns: 0
# of NSs: 0
blockHash: 
0290fcfc93da4efe7714b1c4c0fc20611729ae972f94a479991b13206c05d3ce
[Propose wait] S0 N0 spin=1 epoch=35 now=1780066697 InitTime=1780066627 lastpropose=1780066697 wallGap=70 need>=68 ok1=true lastGap=0 need>=2 ok2=false
[Propose wait] S0 N0 spin=50 epoch=35 now=1780066698 InitTime=1780066627 lastpropose=1780066697 wallGap=71 need>=68 ok1=true lastGap=1 need>=2 ok2=false
[Propose] S0 N0 时间条件满足: epoch=35->36 now=1780066699 InitTime=1780066627 lastpropose=1780066697 wallGap=72>=68 lastGap=2>=2 → propose1
[Propose] S0 N0 等待 sequenceLock…
[Propose] S0 N0 已持有 sequenceLock，seqID=35 即将 propose1
[propose1] S0 N0 seq=35 Tx_pool.Queue_len=212
left_count: 500
更新树花时间为: 26
写数据库IO花时间为: 35
编号为 35 的区块已加入本地区块链！curBlock: 
blockHeader: 
[0290fcfc93da4efe7714b1c4c0fc20611729ae972f94a479991b13206c05d3ce 7552f9ae2f810491f03a9aa9b3a35a6aa287e5e80f6e630564e97a7053da90cc 7e269ec960ab0490fe691aa5ab50ee8c6129c394935157299fbb3a3ef681178d 35 1780066699]
# of transactions: 212
# of TXmig1s: 0
# of In1s: 0
# of Anns: 0
# of NSs: 0
blockHash: 
d7a663601ba876b0ce0ae839958cc56f256e5f39d39629265f3abe3e4b9441e3
[Propose wait] S0 N0 spin=1 epoch=36 now=1780066699 InitTime=1780066627 lastpropose=1780066699 wallGap=72 need>=70 ok1=true lastGap=0 need>=2 ok2=false
[Propose wait] S0 N0 spin=50 epoch=36 now=1780066700 InitTime=1780066627 lastpropose=1780066699 wallGap=73 need>=70 ok1=true lastGap=1 need>=2 ok2=false
[Propose] S0 N0 时间条件满足: epoch=36->37 now=1780066701 InitTime=1780066627 lastpropose=1780066699 wallGap=74>=70 lastGap=2>=2 → propose1
[Propose] S0 N0 等待 sequenceLock…
[Propose] S0 N0 已持有 sequenceLock，seqID=36 即将 propose1
[propose1] S0 N0 seq=36 Tx_pool.Queue_len=6
left_count: 500
更新树花时间为: 2
写数据库IO花时间为: 10
编号为 36 的区块已加入本地区块链！curBlock: 
blockHeader: 
[d7a663601ba876b0ce0ae839958cc56f256e5f39d39629265f3abe3e4b9441e3 c9057fd2a3abbf2817660e6e015888a720536934951028cd042a5aeea4930554 783753a7e60d022cbcf4320ac3f5cc561e624da7403c15eca0dfeef596cda441 36 1780066701]
# of transactions: 6
# of TXmig1s: 0
# of In1s: 0
# of Anns: 0
# of NSs: 0
blockHash: 
ff1dee766d7c8327965c3c8b937f37ecba2b50dd1dac872144278c1350634047
[Propose wait] S0 N0 spin=1 epoch=37 now=1780066701 InitTime=1780066627 lastpropose=1780066701 wallGap=74 need>=72 ok1=true lastGap=0 need>=2 ok2=false
[Propose wait] S0 N0 spin=50 epoch=37 now=1780066702 InitTime=1780066627 lastpropose=1780066701 wallGap=75 need>=72 ok1=true lastGap=1 need>=2 ok2=false
[Propose] S0 N0 时间条件满足: epoch=37->38 now=1780066703 InitTime=1780066627 lastpropose=1780066701 wallGap=76>=72 lastGap=2>=2 → propose1
[Propose] S0 N0 等待 sequenceLock…
[Propose] S0 N0 已持有 sequenceLock，seqID=37 即将 propose1
[propose1] S0 N0 seq=37 Tx_pool.Queue_len=0
left_count: 500
更新树花时间为: 0
写数据库IO花时间为: 32
编号为 37 的区块已加入本地区块链！curBlock: 
blockHeader: 
[ff1dee766d7c8327965c3c8b937f37ecba2b50dd1dac872144278c1350634047 c9057fd2a3abbf2817660e6e015888a720536934951028cd042a5aeea4930554 56e81f171bcc55a6ff8345e692c0f86e5b48e01b996cadc001622fb5e363b421 37 1780066703]
# of transactions: 0
# of TXmig1s: 0
# of In1s: 0
# of Anns: 0
# of NSs: 0
blockHash: 
8a925b6d5b2c460678ea414be0995b28924836b1988fec1731c77a3240bca840
[Propose wait] S0 N0 spin=1 epoch=38 now=1780066703 InitTime=1780066627 lastpropose=1780066703 wallGap=76 need>=74 ok1=true lastGap=0 need>=2 ok2=false
[Propose wait] S0 N0 spin=50 epoch=38 now=1780066704 InitTime=1780066627 lastpropose=1780066703 wallGap=77 need>=74 ok1=true lastGap=1 need>=2 ok2=false
[Propose] S0 N0 时间条件满足: epoch=38->39 now=1780066705 InitTime=1780066627 lastpropose=1780066703 wallGap=78>=74 lastGap=2>=2 → propose1
[Propose] S0 N0 等待 sequenceLock…
[Propose] S0 N0 已持有 sequenceLock，seqID=38 即将 propose1
[propose1] S0 N0 seq=38 Tx_pool.Queue_len=0
left_count: 500
更新树花时间为: 1
写数据库IO花时间为: 9
编号为 38 的区块已加入本地区块链！curBlock: 
blockHeader: 
[8a925b6d5b2c460678ea414be0995b28924836b1988fec1731c77a3240bca840 c9057fd2a3abbf2817660e6e015888a720536934951028cd042a5aeea4930554 56e81f171bcc55a6ff8345e692c0f86e5b48e01b996cadc001622fb5e363b421 38 1780066705]
# of transactions: 0
# of TXmig1s: 0
# of In1s: 0
# of Anns: 0
# of NSs: 0
blockHash: 
af8c306f15c0b2fc88dd45cf6017ebea7b03fa65ea1fec95b64ae6bbae771f6f
[Propose wait] S0 N0 spin=1 epoch=39 now=1780066705 InitTime=1780066627 lastpropose=1780066705 wallGap=78 need>=76 ok1=true lastGap=0 need>=2 ok2=false
[Propose wait] S0 N0 spin=50 epoch=39 now=1780066706 InitTime=1780066627 lastpropose=1780066705 wallGap=79 need>=76 ok1=true lastGap=1 need>=2 ok2=false
[Propose] S0 N0 时间条件满足: epoch=39->40 now=1780066707 InitTime=1780066627 lastpropose=1780066705 wallGap=80>=76 lastGap=2>=2 → propose1
[Propose] S0 N0 等待 sequenceLock…
[Propose] S0 N0 已持有 sequenceLock，seqID=39 即将 propose1
[propose1] S0 N0 seq=39 Tx_pool.Queue_len=0
left_count: 500
更新树花时间为: 0
写数据库IO花时间为: 34
编号为 39 的区块已加入本地区块链！curBlock: 
blockHeader: 
[af8c306f15c0b2fc88dd45cf6017ebea7b03fa65ea1fec95b64ae6bbae771f6f c9057fd2a3abbf2817660e6e015888a720536934951028cd042a5aeea4930554 56e81f171bcc55a6ff8345e692c0f86e5b48e01b996cadc001622fb5e363b421 39 1780066707]
# of transactions: 0
# of TXmig1s: 0
# of In1s: 0
# of Anns: 0
# of NSs: 0
blockHash: 
0920497a5d2acb5ff78b5546307a98571ebb85fa6e010ae1dd4c52539c415390
[Propose wait] S0 N0 spin=1 epoch=40 now=1780066707 InitTime=1780066627 lastpropose=1780066707 wallGap=80 need>=78 ok1=true lastGap=0 need>=2 ok2=false
[Propose wait] S0 N0 spin=50 epoch=40 now=1780066708 InitTime=1780066627 lastpropose=1780066707 wallGap=81 need>=78 ok1=true lastGap=1 need>=2 ok2=false
[Propose] S0 N0 时间条件满足: epoch=40->41 now=1780066709 InitTime=1780066627 lastpropose=1780066707 wallGap=82>=78 lastGap=2>=2 → propose1
[Propose] S0 N0 等待 sequenceLock…
[Propose] S0 N0 已持有 sequenceLock，seqID=40 即将 propose1
[propose1] S0 N0 seq=40 Tx_pool.Queue_len=0
left_count: 500
更新树花时间为: 1
写数据库IO花时间为: 9
编号为 40 的区块已加入本地区块链！curBlock: 
blockHeader: 
[0920497a5d2acb5ff78b5546307a98571ebb85fa6e010ae1dd4c52539c415390 c9057fd2a3abbf2817660e6e015888a720536934951028cd042a5aeea4930554 56e81f171bcc55a6ff8345e692c0f86e5b48e01b996cadc001622fb5e363b421 40 1780066709]
# of transactions: 0
# of TXmig1s: 0
# of In1s: 0
# of Anns: 0
# of NSs: 0
blockHash: 
3e19a4df5efaff37a0096b0f9f23d57fbbffcdd4a66396cd5ff6db01fc356692
[Propose wait] S0 N0 spin=1 epoch=41 now=1780066709 InitTime=1780066627 lastpropose=1780066709 wallGap=82 need>=80 ok1=true lastGap=0 need>=2 ok2=false
[Propose wait] S0 N0 spin=50 epoch=41 now=1780066710 InitTime=1780066627 lastpropose=1780066709 wallGap=83 need>=80 ok1=true lastGap=1 need>=2 ok2=false
[Propose] S0 N0 时间条件满足: epoch=41->42 now=1780066711 InitTime=1780066627 lastpropose=1780066709 wallGap=84>=80 lastGap=2>=2 → propose1
[Propose] S0 N0 等待 sequenceLock…
[Propose] S0 N0 已持有 sequenceLock，seqID=41 即将 propose1
[propose1] S0 N0 seq=41 Tx_pool.Queue_len=0
left_count: 500
更新树花时间为: 0
写数据库IO花时间为: 32
编号为 41 的区块已加入本地区块链！curBlock: 
blockHeader: 
[3e19a4df5efaff37a0096b0f9f23d57fbbffcdd4a66396cd5ff6db01fc356692 c9057fd2a3abbf2817660e6e015888a720536934951028cd042a5aeea4930554 56e81f171bcc55a6ff8345e692c0f86e5b48e01b996cadc001622fb5e363b421 41 1780066711]
# of transactions: 0
# of TXmig1s: 0
# of In1s: 0
# of Anns: 0
# of NSs: 0
blockHash: 
1351cf6e9ecc3d960060a183f554a4838bb9e22cf108ce59b41030630a89ee75
[Propose wait] S0 N0 spin=1 epoch=42 now=1780066711 InitTime=1780066627 lastpropose=1780066711 wallGap=84 need>=82 ok1=true lastGap=0 need>=2 ok2=false
节点收到终止节点消息，停止运行
