MigrationStrategy=SOTA-Lock (Stop=false Lock=true NotLock=false)
&{77 N0 S0 2 0 D:\Desktop\实验室\MVSS+\MVSS-main\selectedTxs_300K.csv 2 500 300 150 150 150 150 1000 10 1 400 20000 0 50000 20 true SOTA-Lock false true false false true false 3 false 8 false false false PageRank false 100 true false}
&{77 N0 S0 2 0 D:\Desktop\实验室\MVSS+\MVSS-main\selectedTxs_300K.csv 2 500 300 150 150 150 150 1000 10 1 400 20000 0 50000 20 true SOTA-Lock false true false false true false 3 false 8 false false false PageRank false 100 true false}
交易将由外部客户端发送
节点 N0 已启动，所属分片: S0
[Propose wait-first-tx] S0 N0 seq=1 Queue_len=0，首块等待交易注入后再出块
节点开启监听，地址：127.0.0.1:8010
[Propose wait-first-tx] S0 N0 seq=1 Queue_len=0，首块等待交易注入后再出块
[Propose wait-first-tx] S0 N0 seq=1 Queue_len=0，首块等待交易注入后再出块
[Propose wait-first-tx] S0 N0 seq=1 Queue_len=0，首块等待交易注入后再出块
[Propose wait-first-tx] S0 N0 seq=1 Queue_len=0，首块等待交易注入后再出块
[Propose wait-first-tx] S0 N0 seq=1 Queue_len=0，首块等待交易注入后再出块
[Propose wait-first-tx] S0 N0 seq=1 Queue_len=0，首块等待交易注入后再出块
[Propose wait-first-tx] S0 N0 seq=1 Queue_len=0，首块等待交易注入后再出块
[Propose wait-first-tx] S0 N0 seq=1 Queue_len=0，首块等待交易注入后再出块
[Propose wait-first-tx] S0 N0 seq=1 Queue_len=0，首块等待交易注入后再出块
[Propose wait-first-tx] S0 N0 seq=1 Queue_len=0，首块等待交易注入后再出块
[Propose wait-first-tx] S0 N0 seq=1 Queue_len=0，首块等待交易注入后再出块
[Propose wait-first-tx] S0 N0 seq=1 Queue_len=0，首块等待交易注入后再出块
[Propose wait-first-tx] S0 N0 seq=1 Queue_len=0，首块等待交易注入后再出块
[Propose wait-first-tx] S0 N0 seq=1 Queue_len=0，首块等待交易注入后再出块
[Propose wait-first-tx] S0 N0 seq=1 Queue_len=0，首块等待交易注入后再出块
[Propose wait-first-tx] S0 N0 seq=1 Queue_len=0，首块等待交易注入后再出块
本节点已接收到客户端发送的初始时间：1780066202（锚定 InitTime=1780066202，已重置 epoch=1）
[Propose wait-first-tx] S0 N0 seq=1 Queue_len=0，首块等待交易注入后再出块
[Propose wait-first-tx] S0 N0 seq=1 Queue_len=0，首块等待交易注入后再出块
[Propose wait-first-tx] S0 N0 seq=1 Queue_len=0，首块等待交易注入后再出块
[Propose wait-first-tx] S0 N0 seq=1 Queue_len=0，首块等待交易注入后再出块
[handleTxFromClient] S0 N0 recv client batch, tx_count=100
[handleTxFromClient] S0 N0 append to Tx_pool.Queue: local_queued=100 forward_other_shard=0 Queue_total_len=100
[Propose wait-first-tx] S0 N0 首块已检测到交易，结束等待，Queue_len=100
[Propose] S0 N0 时间条件满足: epoch=1->2 now=1780066206 InitTime=1780066202 lastpropose=1780066202 wallGap=4>=0 lastGap=4>=2 → propose1
[Propose] S0 N0 等待 sequenceLock…
[Propose] S0 N0 已持有 sequenceLock，seqID=1 即将 propose1
[propose1] S0 N0 seq=1 Tx_pool.Queue_len=100
left_count: 500
更新树花时间为: 19
写数据库IO花时间为: 25
编号为 1 的区块已加入本地区块链！curBlock: 
blockHeader: 
[1add38160db0458a48072f3ade543ffb4af4e9cfdf8f76549b9568e046a6a3ff 8c5b9171461e0dbd1065929df275c7abdf05ed49243d067ff2630d102fa3e336 146e8f52d97b55a14022efb6427753fd6b62f1b4c3b9218bcb1136d563da0663 1 1780066206]
# of transactions: 100
# of TXmig1s: 0
# of In1s: 0
# of Anns: 0
# of NSs: 0
blockHash: 
53959bf9fc1b54995e7c8f64b74619bb4397b60d68ee589781575a8365723dc3

第1个块开始准备relay

[Propose wait] S0 N0 spin=1 epoch=2 now=1780066206 InitTime=1780066202 lastpropose=1780066206 wallGap=4 need>=2 ok1=true lastGap=0 need>=2 ok2=false

第1个块结束relay

[Propose wait] S0 N0 spin=50 epoch=2 now=1780066207 InitTime=1780066202 lastpropose=1780066206 wallGap=5 need>=2 ok1=true lastGap=1 need>=2 ok2=false
[Propose] S0 N0 时间条件满足: epoch=2->3 now=1780066208 InitTime=1780066202 lastpropose=1780066206 wallGap=6>=2 lastGap=2>=2 → propose1
[Propose] S0 N0 等待 sequenceLock…
[Propose] S0 N0 已持有 sequenceLock，seqID=2 即将 propose1
[propose1] S0 N0 seq=2 Tx_pool.Queue_len=252
left_count: 500
[handleTxFromClient] S0 N0 recv client batch, tx_count=205
[handleTxFromClient] S0 N0 append to Tx_pool.Queue: local_queued=205 forward_other_shard=0 Queue_total_len=205
更新树花时间为: 28
写数据库IO花时间为: 34
编号为 2 的区块已加入本地区块链！curBlock: 
blockHeader: 
[53959bf9fc1b54995e7c8f64b74619bb4397b60d68ee589781575a8365723dc3 41118604525d7c3f2322633bbef8b1eb87dff814c036a0cf75ec959911a1651e 93b88edcf62bcc78accf3533b19727a06297ea4ba4d417d70ad8dd6f04962d3d 2 1780066208]
# of transactions: 252
# of TXmig1s: 0
# of In1s: 0
# of Anns: 0
# of NSs: 0
blockHash: 
51b728d3342bc66d5bc86fd3d0a9f9462fbfd993e51e4e21ad6ea401f076d5c6
[Propose wait] S0 N0 spin=1 epoch=3 now=1780066208 InitTime=1780066202 lastpropose=1780066208 wallGap=6 need>=4 ok1=true lastGap=0 need>=2 ok2=false
[Propose wait] S0 N0 spin=50 epoch=3 now=1780066209 InitTime=1780066202 lastpropose=1780066208 wallGap=7 need>=4 ok1=true lastGap=1 need>=2 ok2=false
[Propose] S0 N0 时间条件满足: epoch=3->4 now=1780066210 InitTime=1780066202 lastpropose=1780066208 wallGap=8>=4 lastGap=2>=2 → propose1
[Propose] S0 N0 等待 sequenceLock…
[Propose] S0 N0 已持有 sequenceLock，seqID=3 即将 propose1
[propose1] S0 N0 seq=3 Tx_pool.Queue_len=314
left_count: 500
[handleTxFromClient] S0 N0 recv client batch, tx_count=525
[handleTxFromClient] S0 N0 append to Tx_pool.Queue: local_queued=525 forward_other_shard=0 Queue_total_len=525
更新树花时间为: 46
写数据库IO花时间为: 54
编号为 3 的区块已加入本地区块链！curBlock: 
blockHeader: 
[51b728d3342bc66d5bc86fd3d0a9f9462fbfd993e51e4e21ad6ea401f076d5c6 c1665c80dfe504bc059c146aee9f6b8bf5b9bf6f6d439520d97791353235d3e4 dc99769b94f10e165ae1347c174c6d8c974dc1ae42ebe7a359d8e7075df9f56a 3 1780066210]
# of transactions: 314
# of TXmig1s: 0
# of In1s: 0
# of Anns: 0
# of NSs: 0
blockHash: 
655eebc2354089ff27d317360a42dc40e10853a760853bf4a71ed08a738262f7

第3个块开始准备relay

[Propose wait] S0 N0 spin=1 epoch=4 now=1780066210 InitTime=1780066202 lastpropose=1780066210 wallGap=8 need>=6 ok1=true lastGap=0 need>=2 ok2=false

第3个块结束relay

[Propose wait] S0 N0 spin=50 epoch=4 now=1780066211 InitTime=1780066202 lastpropose=1780066210 wallGap=9 need>=6 ok1=true lastGap=1 need>=2 ok2=false
[Propose] S0 N0 时间条件满足: epoch=4->5 now=1780066212 InitTime=1780066202 lastpropose=1780066210 wallGap=10>=6 lastGap=2>=2 → propose1
[Propose] S0 N0 等待 sequenceLock…
[Propose] S0 N0 已持有 sequenceLock，seqID=4 即将 propose1
[propose1] S0 N0 seq=4 Tx_pool.Queue_len=775
left_count: 500
[handleTxFromClient] S0 N0 recv client batch, tx_count=658
[handleTxFromClient] S0 N0 append to Tx_pool.Queue: local_queued=658 forward_other_shard=0 Queue_total_len=933
更新树花时间为: 93
写数据库IO花时间为: 101
编号为 4 的区块已加入本地区块链！curBlock: 
blockHeader: 
[655eebc2354089ff27d317360a42dc40e10853a760853bf4a71ed08a738262f7 ae8d8ecb1b87a74e59fc20bbe371d1042a8d2f47527389e36dcfbd04cdea87e9 bcdf32d0baa9490a8439d954ad55c93a4931a2baca08d0ac73e5bc977cd29251 4 1780066212]
# of transactions: 500
# of TXmig1s: 0
# of In1s: 0
# of Anns: 0
# of NSs: 0
blockHash: 
3d8582b64f20af6de42e3f0a050a0e0210fed641bcb00aeff9ec4e5029ca630a

第4个块开始准备relay

[Propose wait] S0 N0 spin=1 epoch=5 now=1780066212 InitTime=1780066202 lastpropose=1780066212 wallGap=10 need>=8 ok1=true lastGap=0 need>=2 ok2=false

第4个块结束relay

[Propose wait] S0 N0 spin=50 epoch=5 now=1780066213 InitTime=1780066202 lastpropose=1780066212 wallGap=11 need>=8 ok1=true lastGap=1 need>=2 ok2=false
[Propose] S0 N0 时间条件满足: epoch=5->6 now=1780066214 InitTime=1780066202 lastpropose=1780066212 wallGap=12>=8 lastGap=2>=2 → propose1
[Propose] S0 N0 等待 sequenceLock…
[Propose] S0 N0 已持有 sequenceLock，seqID=5 即将 propose1
[propose1] S0 N0 seq=5 Tx_pool.Queue_len=1087
left_count: 500
[handleTxFromClient] S0 N0 recv client batch, tx_count=639
[handleTxFromClient] S0 N0 append to Tx_pool.Queue: local_queued=639 forward_other_shard=0 Queue_total_len=1226
更新树花时间为: 61
写数据库IO花时间为: 69
编号为 5 的区块已加入本地区块链！curBlock: 
blockHeader: 
[3d8582b64f20af6de42e3f0a050a0e0210fed641bcb00aeff9ec4e5029ca630a b0cc0ff770329f776c81eb6f0e0270bbe2be11180e8a07e82363decac735e504 d23792a06d273b75b00854960b37cd403cd7277c24ec823f540bd85f26edf74c 5 1780066214]
# of transactions: 500
# of TXmig1s: 0
# of In1s: 0
# of Anns: 0
# of NSs: 0
blockHash: 
4ac2771e7506ef252314b113131f816585885fc858b071ac3cadea080a8353c7

第5个块开始准备relay

[Propose wait] S0 N0 spin=1 epoch=6 now=1780066214 InitTime=1780066202 lastpropose=1780066214 wallGap=12 need>=10 ok1=true lastGap=0 need>=2 ok2=false

第5个块结束relay

[Propose wait] S0 N0 spin=50 epoch=6 now=1780066215 InitTime=1780066202 lastpropose=1780066214 wallGap=13 need>=10 ok1=true lastGap=1 need>=2 ok2=false
[Propose] S0 N0 时间条件满足: epoch=6->7 now=1780066216 InitTime=1780066202 lastpropose=1780066214 wallGap=14>=10 lastGap=2>=2 → propose1
[Propose] S0 N0 等待 sequenceLock…
[Propose] S0 N0 已持有 sequenceLock，seqID=6 即将 propose1
[propose1] S0 N0 seq=6 Tx_pool.Queue_len=1281
left_count: 500
[handleTxFromClient] S0 N0 recv client batch, tx_count=628
[handleTxFromClient] S0 N0 append to Tx_pool.Queue: local_queued=628 forward_other_shard=0 Queue_total_len=1409
更新树花时间为: 68
写数据库IO花时间为: 74
编号为 6 的区块已加入本地区块链！curBlock: 
blockHeader: 
[4ac2771e7506ef252314b113131f816585885fc858b071ac3cadea080a8353c7 c66ba6b8d530bbf8bf17e25979835bc8b937454c610356cb6918c00a3ce4114d b5d813c8775a0b537a7b292e04fcaf052211fdbc3ff140468b96bfe4a1b14d83 6 1780066216]
# of transactions: 500
# of TXmig1s: 0
# of In1s: 0
# of Anns: 0
# of NSs: 0
blockHash: 
bd07baf8da8149fe96954fa8e1b19b8a7e47f4c5dba963bac069ae5fb4a9dbec

第6个块开始准备relay

[Propose wait] S0 N0 spin=1 epoch=7 now=1780066216 InitTime=1780066202 lastpropose=1780066216 wallGap=14 need>=12 ok1=true lastGap=0 need>=2 ok2=false

第6个块结束relay

[Propose wait] S0 N0 spin=50 epoch=7 now=1780066217 InitTime=1780066202 lastpropose=1780066216 wallGap=15 need>=12 ok1=true lastGap=1 need>=2 ok2=false
[Propose] S0 N0 时间条件满足: epoch=7->8 now=1780066218 InitTime=1780066202 lastpropose=1780066216 wallGap=16>=12 lastGap=2>=2 → propose1
[Propose] S0 N0 等待 sequenceLock…
[Propose] S0 N0 已持有 sequenceLock，seqID=7 即将 propose1
[propose1] S0 N0 seq=7 Tx_pool.Queue_len=1491
left_count: 500
[handleTxFromClient] S0 N0 recv client batch, tx_count=581
[handleTxFromClient] S0 N0 append to Tx_pool.Queue: local_queued=581 forward_other_shard=0 Queue_total_len=1572
更新树花时间为: 67
写数据库IO花时间为: 73
编号为 7 的区块已加入本地区块链！curBlock: 
blockHeader: 
[bd07baf8da8149fe96954fa8e1b19b8a7e47f4c5dba963bac069ae5fb4a9dbec 0acfe3d14c27367935c9cce0d41bde043d98f89c6606c248ba77906566dda74b be69409b0955e9cb02944cfa5a2653305f29c614aef3a2e5f8468a74098b4b08 7 1780066218]
# of transactions: 500
# of TXmig1s: 0
# of In1s: 0
# of Anns: 0
# of NSs: 0
blockHash: 
e0e9152cc058adc9354277c5403a471660e8884edfd8d5c3bfd2902470ded76d

第7个块开始准备relay

[Propose wait] S0 N0 spin=1 epoch=8 now=1780066218 InitTime=1780066202 lastpropose=1780066218 wallGap=16 need>=14 ok1=true lastGap=0 need>=2 ok2=false

第7个块结束relay

[Propose wait] S0 N0 spin=50 epoch=8 now=1780066219 InitTime=1780066202 lastpropose=1780066218 wallGap=17 need>=14 ok1=true lastGap=1 need>=2 ok2=false
[Propose] S0 N0 时间条件满足: epoch=8->9 now=1780066220 InitTime=1780066202 lastpropose=1780066218 wallGap=18>=14 lastGap=2>=2 → propose1
[Propose] S0 N0 等待 sequenceLock…
[Propose] S0 N0 已持有 sequenceLock，seqID=8 即将 propose1
[propose1] S0 N0 seq=8 Tx_pool.Queue_len=1636
left_count: 500
[handleTxFromClient] S0 N0 recv client batch, tx_count=427
[handleTxFromClient] S0 N0 append to Tx_pool.Queue: local_queued=427 forward_other_shard=0 Queue_total_len=1563
更新树花时间为: 75
写数据库IO花时间为: 82
编号为 8 的区块已加入本地区块链！curBlock: 
blockHeader: 
[e0e9152cc058adc9354277c5403a471660e8884edfd8d5c3bfd2902470ded76d 0a362c66a42ea9e0b3082df8def6a543b95575202dfc06261de352c5d336a3e5 c26a2dccb26ce9c0686845f1cdc9e954a8720e980c8848da1d14da81d99e1d29 8 1780066220]
# of transactions: 500
# of TXmig1s: 0
# of In1s: 0
# of Anns: 0
# of NSs: 0
blockHash: 
50ac656c145ae0da991976daec598f83f4ec519cba870b623061864690277a5f

第8个块开始准备relay

[Propose wait] S0 N0 spin=1 epoch=9 now=1780066220 InitTime=1780066202 lastpropose=1780066220 wallGap=18 need>=16 ok1=true lastGap=0 need>=2 ok2=false

第8个块结束relay

[Propose wait] S0 N0 spin=50 epoch=9 now=1780066221 InitTime=1780066202 lastpropose=1780066220 wallGap=19 need>=16 ok1=true lastGap=1 need>=2 ok2=false
[Propose] S0 N0 时间条件满足: epoch=9->10 now=1780066222 InitTime=1780066202 lastpropose=1780066220 wallGap=20>=16 lastGap=2>=2 → propose1
[Propose] S0 N0 等待 sequenceLock…
[Propose] S0 N0 已持有 sequenceLock，seqID=9 即将 propose1
[propose1] S0 N0 seq=9 Tx_pool.Queue_len=1663
left_count: 500
[handleTxFromClient] S0 N0 recv client batch, tx_count=19
[handleTxFromClient] S0 N0 append to Tx_pool.Queue: local_queued=19 forward_other_shard=0 Queue_total_len=1182
更新树花时间为: 62
写数据库IO花时间为: 70
编号为 9 的区块已加入本地区块链！curBlock: 
blockHeader: 
[50ac656c145ae0da991976daec598f83f4ec519cba870b623061864690277a5f 724d2e6a42fc28309a66d25c0bf1a8fc8354c54e8c2ea8477a7e9d2269794feb c572d8af81d805bca03db9c4ceb3be5f444bb6cfe4c767df571f2f58402bb700 9 1780066222]
# of transactions: 500
# of TXmig1s: 0
# of In1s: 0
# of Anns: 0
# of NSs: 0
blockHash: 
2cbe4b7c3d7742995583ea397b11ad656acc54bd64da60a4aaad6da003a639e3

第9个块开始准备relay

[Propose wait] S0 N0 spin=1 epoch=10 now=1780066222 InitTime=1780066202 lastpropose=1780066222 wallGap=20 need>=18 ok1=true lastGap=0 need>=2 ok2=false

第9个块结束relay

[Propose wait] S0 N0 spin=50 epoch=10 now=1780066223 InitTime=1780066202 lastpropose=1780066222 wallGap=21 need>=18 ok1=true lastGap=1 need>=2 ok2=false
[Propose] S0 N0 时间条件满足: epoch=10->11 now=1780066224 InitTime=1780066202 lastpropose=1780066222 wallGap=22>=18 lastGap=2>=2 → propose1
[Propose] S0 N0 等待 sequenceLock…
[Propose] S0 N0 已持有 sequenceLock，seqID=10 即将 propose1
[propose1] S0 N0 seq=10 Tx_pool.Queue_len=1368
left_count: 500
[handleTxFromClient] S0 N0 recv client batch, tx_count=581
[handleTxFromClient] S0 N0 append to Tx_pool.Queue: local_queued=581 forward_other_shard=0 Queue_total_len=1449
更新树花时间为: 68
写数据库IO花时间为: 74
编号为 10 的区块已加入本地区块链！curBlock: 
blockHeader: 
[2cbe4b7c3d7742995583ea397b11ad656acc54bd64da60a4aaad6da003a639e3 c6f08538a7da0b08bf64371363914380699bc717c19b3a5af6d6f21e437b3d9b ea4664ea92c632abf2ab09065a7b9872ac6c3af927d651e30cd51cec0d160979 10 1780066224]
# of transactions: 500
# of TXmig1s: 0
# of In1s: 0
# of Anns: 0
# of NSs: 0
blockHash: 
7163c063eb356ae5ca49fb0221e7400929d44f1e759f789b2f9fe80839a73727

第10个块开始准备relay

[Propose wait] S0 N0 spin=1 epoch=11 now=1780066224 InitTime=1780066202 lastpropose=1780066224 wallGap=22 need>=20 ok1=true lastGap=0 need>=2 ok2=false

第10个块结束relay

[Propose wait] S0 N0 spin=50 epoch=11 now=1780066225 InitTime=1780066202 lastpropose=1780066224 wallGap=23 need>=20 ok1=true lastGap=1 need>=2 ok2=false
[Propose] S0 N0 时间条件满足: epoch=11->12 now=1780066226 InitTime=1780066202 lastpropose=1780066224 wallGap=24>=20 lastGap=2>=2 → propose1
[Propose] S0 N0 等待 sequenceLock…
[Propose] S0 N0 已持有 sequenceLock，seqID=11 即将 propose1
[propose1] S0 N0 seq=11 Tx_pool.Queue_len=1659
left_count: 500
更新树花时间为: 67
写数据库IO花时间为: 73
编号为 11 的区块已加入本地区块链！curBlock: 
blockHeader: 
[7163c063eb356ae5ca49fb0221e7400929d44f1e759f789b2f9fe80839a73727 451fc9aff48a9f9e41f4f3ab206472ec4405e54f286bc5a5c1c463d05f693aeb 50578ae6e4c1bb026571002770e83626b16906898a06fb96d307aa1a98cd4ec7 11 1780066226]
# of transactions: 500
# of TXmig1s: 0
# of In1s: 0
# of Anns: 0
# of NSs: 0
blockHash: 
3e1a1c983b50e52450f8097745f2686628e6eff605ce58caf5010d8873ab6728

第11个块开始准备relay

[Propose wait] S0 N0 spin=1 epoch=12 now=1780066226 InitTime=1780066202 lastpropose=1780066226 wallGap=24 need>=22 ok1=true lastGap=0 need>=2 ok2=false
[handleTxFromClient] S0 N0 recv client batch, tx_count=612
[handleTxFromClient] S0 N0 append to Tx_pool.Queue: local_queued=612 forward_other_shard=0 Queue_total_len=1771

第11个块结束relay

[Propose wait] S0 N0 spin=50 epoch=12 now=1780066227 InitTime=1780066202 lastpropose=1780066226 wallGap=25 need>=22 ok1=true lastGap=1 need>=2 ok2=false
[Propose] S0 N0 时间条件满足: epoch=12->13 now=1780066228 InitTime=1780066202 lastpropose=1780066226 wallGap=26>=22 lastGap=2>=2 → propose1
[Propose] S0 N0 等待 sequenceLock…
[Propose] S0 N0 已持有 sequenceLock，seqID=12 即将 propose1
[propose1] S0 N0 seq=12 Tx_pool.Queue_len=1958
left_count: 500
更新树花时间为: 64
写数据库IO花时间为: 73
编号为 12 的区块已加入本地区块链！curBlock: 
blockHeader: 
[3e1a1c983b50e52450f8097745f2686628e6eff605ce58caf5010d8873ab6728 c6e8b7d9748ca075bdaba7f8bcbaf26a62788da7611d6cfec49d3ce15a579f85 2a53c550a73d7d76ac705142447f0b01e9b88db5a39e116a9eb70513fdd3a0be 12 1780066228]
# of transactions: 500
# of TXmig1s: 0
# of In1s: 0
# of Anns: 0
# of NSs: 0
blockHash: 
abfdb14b2176acf2b084f7c5bdbfe2bf702c555392259f4c0677006c2e3ab8f8

第12个块开始准备relay

[Propose wait] S0 N0 spin=1 epoch=13 now=1780066228 InitTime=1780066202 lastpropose=1780066228 wallGap=26 need>=24 ok1=true lastGap=0 need>=2 ok2=false
[handleTxFromClient] S0 N0 recv client batch, tx_count=621
[handleTxFromClient] S0 N0 append to Tx_pool.Queue: local_queued=621 forward_other_shard=0 Queue_total_len=2079

第12个块结束relay

[Propose wait] S0 N0 spin=50 epoch=13 now=1780066229 InitTime=1780066202 lastpropose=1780066228 wallGap=27 need>=24 ok1=true lastGap=1 need>=2 ok2=false
[Propose] S0 N0 时间条件满足: epoch=13->14 now=1780066230 InitTime=1780066202 lastpropose=1780066228 wallGap=28>=24 lastGap=2>=2 → propose1
[Propose] S0 N0 等待 sequenceLock…
[Propose] S0 N0 已持有 sequenceLock，seqID=13 即将 propose1
[propose1] S0 N0 seq=13 Tx_pool.Queue_len=2167
left_count: 500
更新树花时间为: 79
写数据库IO花时间为: 89
编号为 13 的区块已加入本地区块链！curBlock: 
blockHeader: 
[abfdb14b2176acf2b084f7c5bdbfe2bf702c555392259f4c0677006c2e3ab8f8 ac39680164bce5964f2846ea4bd14d7b936d2b09089ef10dde54029a5e5934b9 c1378db0cc6d66c76e8f20766062ae7a6684a9821a3f648b031051dde187f144 13 1780066230]
# of transactions: 500
# of TXmig1s: 0
# of In1s: 0
# of Anns: 0
# of NSs: 0
blockHash: 
f17e0e731ac7fa054165d22d4d87b3a6444f66415ed9d5d6e473428e49b09d52

第13个块开始准备relay

[Propose wait] S0 N0 spin=1 epoch=14 now=1780066230 InitTime=1780066202 lastpropose=1780066230 wallGap=28 need>=26 ok1=true lastGap=0 need>=2 ok2=false
[handleTxFromClient] S0 N0 recv client batch, tx_count=601
[handleTxFromClient] S0 N0 append to Tx_pool.Queue: local_queued=601 forward_other_shard=0 Queue_total_len=2268

第13个块结束relay

[Propose wait] S0 N0 spin=50 epoch=14 now=1780066231 InitTime=1780066202 lastpropose=1780066230 wallGap=29 need>=26 ok1=true lastGap=1 need>=2 ok2=false
[Propose] S0 N0 时间条件满足: epoch=14->15 now=1780066232 InitTime=1780066202 lastpropose=1780066230 wallGap=30>=26 lastGap=2>=2 → propose1
[Propose] S0 N0 等待 sequenceLock…
[Propose] S0 N0 已持有 sequenceLock，seqID=14 即将 propose1
[propose1] S0 N0 seq=14 Tx_pool.Queue_len=2355
left_count: 500
更新树花时间为: 62
写数据库IO花时间为: 69
编号为 14 的区块已加入本地区块链！curBlock: 
blockHeader: 
[f17e0e731ac7fa054165d22d4d87b3a6444f66415ed9d5d6e473428e49b09d52 fb4d94eec0179abeb5770707536e9be7f1c348741a7b46f324a4183014b65894 f50c6ea4220ec40edc1cf8e6ae4639d7cf7e07202c212cc783fbdae4a1e2a9c3 14 1780066232]
# of transactions: 500
# of TXmig1s: 0
# of In1s: 0
# of Anns: 0
# of NSs: 0
blockHash: 
174302cfa015e7aa8c91ccaf75a5dfb50224e86fecbeac3084a7e8b95f5951e2

第14个块开始准备relay

[Propose wait] S0 N0 spin=1 epoch=15 now=1780066232 InitTime=1780066202 lastpropose=1780066232 wallGap=30 need>=28 ok1=true lastGap=0 need>=2 ok2=false
[handleTxFromClient] S0 N0 recv client batch, tx_count=438
[handleTxFromClient] S0 N0 append to Tx_pool.Queue: local_queued=438 forward_other_shard=0 Queue_total_len=2293

第14个块结束relay

[Propose wait] S0 N0 spin=50 epoch=15 now=1780066233 InitTime=1780066202 lastpropose=1780066232 wallGap=31 need>=28 ok1=true lastGap=1 need>=2 ok2=false
[Propose] S0 N0 时间条件满足: epoch=15->16 now=1780066234 InitTime=1780066202 lastpropose=1780066232 wallGap=32>=28 lastGap=2>=2 → propose1
[Propose] S0 N0 等待 sequenceLock…
[Propose] S0 N0 已持有 sequenceLock，seqID=15 即将 propose1
[propose1] S0 N0 seq=15 Tx_pool.Queue_len=2455
left_count: 500
更新树花时间为: 76
写数据库IO花时间为: 84
编号为 15 的区块已加入本地区块链！curBlock: 
blockHeader: 
[174302cfa015e7aa8c91ccaf75a5dfb50224e86fecbeac3084a7e8b95f5951e2 cd448e4fa6ae4b598f5452e2341281c5c32e39b6515d0b5bcb040567c016a639 12dab463602054bedba0be79cc63b215c21c703da6c011ee5b325c791f9f9313 15 1780066234]
# of transactions: 500
# of TXmig1s: 0
# of In1s: 0
# of Anns: 0
# of NSs: 0
blockHash: 
b40bd822fc8372fd8a9f96e6e415271fa7956f70e96a6c58410555d330806434

第15个块开始准备relay

[Propose wait] S0 N0 spin=1 epoch=16 now=1780066234 InitTime=1780066202 lastpropose=1780066234 wallGap=32 need>=30 ok1=true lastGap=0 need>=2 ok2=false
[handleTxFromClient] S0 N0 recv client batch, tx_count=649
[handleTxFromClient] S0 N0 append to Tx_pool.Queue: local_queued=649 forward_other_shard=0 Queue_total_len=2604

第15个块结束relay

[Propose wait] S0 N0 spin=50 epoch=16 now=1780066235 InitTime=1780066202 lastpropose=1780066234 wallGap=33 need>=30 ok1=true lastGap=1 need>=2 ok2=false
[Propose] S0 N0 时间条件满足: epoch=16->17 now=1780066236 InitTime=1780066202 lastpropose=1780066234 wallGap=34>=30 lastGap=2>=2 → propose1
[Propose] S0 N0 等待 sequenceLock…
[Propose] S0 N0 已持有 sequenceLock，seqID=16 即将 propose1
[propose1] S0 N0 seq=16 Tx_pool.Queue_len=2745
left_count: 500
更新树花时间为: 70
写数据库IO花时间为: 88
编号为 16 的区块已加入本地区块链！curBlock: 
blockHeader: 
[b40bd822fc8372fd8a9f96e6e415271fa7956f70e96a6c58410555d330806434 a193c6cd497abd2e5b75b06ead0ec8b5579a200659aaa949e78d4e85af6d922a 8a4a13a4f0e4b97e7a6ea753b0829eef4e3405d0bfea37f93a4f7cf83abd52e7 16 1780066236]
# of transactions: 500
# of TXmig1s: 0
# of In1s: 0
# of Anns: 0
# of NSs: 0
blockHash: 
963d583991c7418310504adedc9f7fd3ce87fc6f8b3e54b20f14c06457ae5b5f

第16个块开始准备relay

[Propose wait] S0 N0 spin=1 epoch=17 now=1780066236 InitTime=1780066202 lastpropose=1780066236 wallGap=34 need>=32 ok1=true lastGap=0 need>=2 ok2=false
[handleTxFromClient] S0 N0 recv client batch, tx_count=480
[handleTxFromClient] S0 N0 append to Tx_pool.Queue: local_queued=480 forward_other_shard=0 Queue_total_len=2725

第16个块结束relay

[Propose wait] S0 N0 spin=50 epoch=17 now=1780066237 InitTime=1780066202 lastpropose=1780066236 wallGap=35 need>=32 ok1=true lastGap=1 need>=2 ok2=false
[Propose] S0 N0 时间条件满足: epoch=17->18 now=1780066238 InitTime=1780066202 lastpropose=1780066236 wallGap=36>=32 lastGap=2>=2 → propose1
[Propose] S0 N0 等待 sequenceLock…
[Propose] S0 N0 已持有 sequenceLock，seqID=17 即将 propose1
[propose1] S0 N0 seq=17 Tx_pool.Queue_len=2821
left_count: 500
更新树花时间为: 73
写数据库IO花时间为: 80
编号为 17 的区块已加入本地区块链！curBlock: 
blockHeader: 
[963d583991c7418310504adedc9f7fd3ce87fc6f8b3e54b20f14c06457ae5b5f 3b73bbfdd1a5a0e4d541ffe8ba673bf824d763b8006c55bfd32bfb2eaf7d6d25 0d3ef29bec61314c49db5cd0a396aa8823fb5dc39b1d42b9f0d256092933ef25 17 1780066238]
# of transactions: 500
# of TXmig1s: 0
# of In1s: 0
# of Anns: 0
# of NSs: 0
blockHash: 
4d2b6eefa5ed468729f16e2fd823d5b466017f737086dc4dfff694fa7ed8998c

第17个块开始准备relay

[Propose wait] S0 N0 spin=1 epoch=18 now=1780066238 InitTime=1780066202 lastpropose=1780066238 wallGap=36 need>=34 ok1=true lastGap=0 need>=2 ok2=false
[handleTxFromClient] S0 N0 recv client batch, tx_count=20
[handleTxFromClient] S0 N0 append to Tx_pool.Queue: local_queued=20 forward_other_shard=0 Queue_total_len=2341

第17个块结束relay

[Propose wait] S0 N0 spin=50 epoch=18 now=1780066239 InitTime=1780066202 lastpropose=1780066238 wallGap=37 need>=34 ok1=true lastGap=1 need>=2 ok2=false
[Propose] S0 N0 时间条件满足: epoch=18->19 now=1780066240 InitTime=1780066202 lastpropose=1780066238 wallGap=38>=34 lastGap=2>=2 → propose1
[Propose] S0 N0 等待 sequenceLock…
[Propose] S0 N0 已持有 sequenceLock，seqID=18 即将 propose1
[propose1] S0 N0 seq=18 Tx_pool.Queue_len=2477
left_count: 500
更新树花时间为: 67
写数据库IO花时间为: 73
编号为 18 的区块已加入本地区块链！curBlock: 
blockHeader: 
[4d2b6eefa5ed468729f16e2fd823d5b466017f737086dc4dfff694fa7ed8998c 4b88baf2f06b03dbcbd007d38837a835ab6527acf2e26f15c9768575e6f7af43 63bf3912cb7eda71a2bf0501e5735854d8e3771b18a325d3e0609f1a8dd3d5ae 18 1780066240]
# of transactions: 500
# of TXmig1s: 0
# of In1s: 0
# of Anns: 0
# of NSs: 0
blockHash: 
1a05924a3d58986b044708f0d956d710e9c4e5db5fa5fb2881e80fbf1ae276bf

第18个块开始准备relay

[Propose wait] S0 N0 spin=1 epoch=19 now=1780066240 InitTime=1780066202 lastpropose=1780066240 wallGap=38 need>=36 ok1=true lastGap=0 need>=2 ok2=false
[handleTxFromClient] S0 N0 recv client batch, tx_count=418
[handleTxFromClient] S0 N0 append to Tx_pool.Queue: local_queued=418 forward_other_shard=0 Queue_total_len=2395

第18个块结束relay

[Propose wait] S0 N0 spin=50 epoch=19 now=1780066241 InitTime=1780066202 lastpropose=1780066240 wallGap=39 need>=36 ok1=true lastGap=1 need>=2 ok2=false
[Propose] S0 N0 时间条件满足: epoch=19->20 now=1780066242 InitTime=1780066202 lastpropose=1780066240 wallGap=40>=36 lastGap=2>=2 → propose1
[Propose] S0 N0 等待 sequenceLock…
[Propose] S0 N0 已持有 sequenceLock，seqID=19 即将 propose1
[propose1] S0 N0 seq=19 Tx_pool.Queue_len=2560
left_count: 500
更新树花时间为: 72
写数据库IO花时间为: 81
编号为 19 的区块已加入本地区块链！curBlock: 
blockHeader: 
[1a05924a3d58986b044708f0d956d710e9c4e5db5fa5fb2881e80fbf1ae276bf ca765a8e96790280b7e561fc51784cb6503ea1bcbdb3483c16da900b096f4956 95291a5ffee89f18b5adcb43e3c9cd18132b756a1fdd1a3db0648e15f25f4d50 19 1780066242]
# of transactions: 500
# of TXmig1s: 0
# of In1s: 0
# of Anns: 0
# of NSs: 0
blockHash: 
9bb9c7e3eac86a54e12b2281a5b9d979fb22c3452d85508713e0c1703e90b699

第19个块开始准备relay

[Propose wait] S0 N0 spin=1 epoch=20 now=1780066242 InitTime=1780066202 lastpropose=1780066242 wallGap=40 need>=38 ok1=true lastGap=0 need>=2 ok2=false
[handleTxFromClient] S0 N0 recv client batch, tx_count=8
[handleTxFromClient] S0 N0 append to Tx_pool.Queue: local_queued=8 forward_other_shard=0 Queue_total_len=2068

第19个块结束relay

[Propose wait] S0 N0 spin=50 epoch=20 now=1780066243 InitTime=1780066202 lastpropose=1780066242 wallGap=41 need>=38 ok1=true lastGap=1 need>=2 ok2=false
[Propose] S0 N0 时间条件满足: epoch=20->21 now=1780066244 InitTime=1780066202 lastpropose=1780066242 wallGap=42>=38 lastGap=2>=2 → propose1
[Propose] S0 N0 等待 sequenceLock…
[Propose] S0 N0 已持有 sequenceLock，seqID=20 即将 propose1
[propose1] S0 N0 seq=20 Tx_pool.Queue_len=2306
left_count: 500
更新树花时间为: 57
写数据库IO花时间为: 64
编号为 20 的区块已加入本地区块链！curBlock: 
blockHeader: 
[9bb9c7e3eac86a54e12b2281a5b9d979fb22c3452d85508713e0c1703e90b699 a6217a0020c3f1928867bb66ee528481b180f783ffc560a41dd39f49755e7f14 1c8367ebb5676a6bc68ff8591ff54f90944cff1abdb7a871249a6b552acc5f85 20 1780066244]
# of transactions: 500
# of TXmig1s: 0
# of In1s: 0
# of Anns: 0
# of NSs: 0
blockHash: 
636011bc4be97327e88bd07fab0f4702bedfe99e5f47dbec3fbaf0c441db23ee

第20个块开始准备relay

[Propose wait] S0 N0 spin=1 epoch=21 now=1780066244 InitTime=1780066202 lastpropose=1780066244 wallGap=42 need>=40 ok1=true lastGap=0 need>=2 ok2=false
[handleTxFromClient] S0 N0 recv client batch, tx_count=28
[handleTxFromClient] S0 N0 append to Tx_pool.Queue: local_queued=28 forward_other_shard=0 Queue_total_len=1834

第20个块结束relay

[Propose wait] S0 N0 spin=50 epoch=21 now=1780066245 InitTime=1780066202 lastpropose=1780066244 wallGap=43 need>=40 ok1=true lastGap=1 need>=2 ok2=false
[Propose] S0 N0 时间条件满足: epoch=21->22 now=1780066246 InitTime=1780066202 lastpropose=1780066244 wallGap=44>=40 lastGap=2>=2 → propose1
[Propose] S0 N0 等待 sequenceLock…
[Propose] S0 N0 已持有 sequenceLock，seqID=21 即将 propose1
[propose1] S0 N0 seq=21 Tx_pool.Queue_len=1976
left_count: 500
更新树花时间为: 60
写数据库IO花时间为: 65
编号为 21 的区块已加入本地区块链！curBlock: 
blockHeader: 
[636011bc4be97327e88bd07fab0f4702bedfe99e5f47dbec3fbaf0c441db23ee 2a9a6c4609217d19e564e5634a5743b7c0fb9e70e1504dcab61ebfaff96d1645 33eddf1493f2749e8c4b4401a1a288cde80727fc5a792ca223c4ce1b13f35898 21 1780066246]
# of transactions: 500
# of TXmig1s: 0
# of In1s: 0
# of Anns: 0
# of NSs: 0
blockHash: 
2225e1145eff47515f4472ffbe14be3a0e2a8ab1a2c1321344f94a2b41b12c9b
本节点已接收到client发来准备迁移通知

第21个块开始准备relay

[Propose wait] S0 N0 spin=1 epoch=22 now=1780066246 InitTime=1780066202 lastpropose=1780066246 wallGap=44 need>=42 ok1=true lastGap=0 need>=2 ok2=false
本节点已将 pending 发送到 client（1476 笔）
本节点已接收到客户端发送的新映射
[handleTxFromClient] S0 N0 recv client batch, tx_count=41
[handleTxFromClient] S0 N0 append to Tx_pool.Queue: local_queued=41 forward_other_shard=0 Queue_total_len=1517

第21个块结束relay

[Propose wait] S0 N0 spin=50 epoch=22 now=1780066247 InitTime=1780066202 lastpropose=1780066246 wallGap=45 need>=42 ok1=true lastGap=1 need>=2 ok2=false
[Propose] S0 N0 时间条件满足: epoch=22->23 now=1780066248 InitTime=1780066202 lastpropose=1780066246 wallGap=46>=42 lastGap=2>=2 → propose1
[Propose] S0 N0 等待 sequenceLock…
[Propose] S0 N0 已持有 sequenceLock，seqID=22 即将 propose1
[propose1] S0 N0 seq=22 Tx_pool.Queue_len=1659
left_count: 469
更新树花时间为: 54
写数据库IO花时间为: 60
编号为 22 的区块已加入本地区块链！curBlock: 
blockHeader: 
[2225e1145eff47515f4472ffbe14be3a0e2a8ab1a2c1321344f94a2b41b12c9b 3eba1dafba335800207e7211bc766ee5d083693add99374737eea7b8916ab860 546a8b4c20a873a4b53697f602bbbb851ef15c16fd5c31a658be0d45b3268803 22 1780066248]
# of transactions: 469
# of TXmig1s: 31
# of In1s: 0
# of Anns: 0
# of NSs: 0
blockHash: 
76047730c9ad0abdd1a3e434db41a0cb37dabcc5c8ea333560c883460fcc0ef5

第22个块开始准备relay

[Propose wait] S0 N0 spin=1 epoch=23 now=1780066248 InitTime=1780066202 lastpropose=1780066248 wallGap=46 need>=44 ok1=true lastGap=0 need>=2 ok2=false
[handleTxFromClient] S0 N0 recv client batch, tx_count=33
[handleTxFromClient] S0 N0 append to Tx_pool.Queue: local_queued=33 forward_other_shard=0 Queue_total_len=1311

本节点已接收到分片S1发来的迁移请求 
9999999999999999999950270466031999958000


第22个块结束relay

[Propose wait] S0 N0 spin=50 epoch=23 now=1780066249 InitTime=1780066202 lastpropose=1780066248 wallGap=47 need>=44 ok1=true lastGap=1 need>=2 ok2=false
[Propose] S0 N0 时间条件满足: epoch=23->24 now=1780066250 InitTime=1780066202 lastpropose=1780066248 wallGap=48>=44 lastGap=2>=2 → propose1
[Propose] S0 N0 等待 sequenceLock…
[Propose] S0 N0 已持有 sequenceLock，seqID=23 即将 propose1
[propose1] S0 N0 seq=23 Tx_pool.Queue_len=1311
left_count: 200
更新树花时间为: 76
写数据库IO花时间为: 93
编号为 23 的区块已加入本地区块链！curBlock: 
blockHeader: 
[76047730c9ad0abdd1a3e434db41a0cb37dabcc5c8ea333560c883460fcc0ef5 b71673cc1cb80acc37dd0fcd9be5d465ba17e371ec1549217975e3764a01c875 fca5a290f0e64030f1ecdefa65487fcd28ebe4dafcbc6ac31ad88d2ca652edec 23 1780066250]
# of transactions: 200
# of TXmig1s: 0
# of In1s: 300
# of Anns: 0
# of NSs: 0
blockHash: 
75c922aae637cad5123c0c21dfee4f6a7050454a5237291524db27a54367236d

第23个块开始准备relay

[Propose wait] S0 N0 spin=1 epoch=24 now=1780066250 InitTime=1780066202 lastpropose=1780066250 wallGap=48 need>=46 ok1=true lastGap=0 need>=2 ok2=false
本节点已接收到分片S1发来通知 
1
2
3

第23个块结束relay

[handleTxFromClient] S0 N0 recv client batch, tx_count=28
[handleTxFromClient] S0 N0 append to Tx_pool.Queue: local_queued=28 forward_other_shard=0 Queue_total_len=1138

本节点已接收到分片S1发来的迁移请求 
10000000000000000000004094946025172942700

[Propose wait] S0 N0 spin=50 epoch=24 now=1780066251 InitTime=1780066202 lastpropose=1780066250 wallGap=49 need>=46 ok1=true lastGap=1 need>=2 ok2=false
[Propose] S0 N0 时间条件满足: epoch=24->25 now=1780066252 InitTime=1780066202 lastpropose=1780066250 wallGap=50>=46 lastGap=2>=2 → propose1
[Propose] S0 N0 等待 sequenceLock…
[Propose] S0 N0 已持有 sequenceLock，seqID=24 即将 propose1
[propose1] S0 N0 seq=24 Tx_pool.Queue_len=1268
left_count: 300
更新树花时间为: 56
写数据库IO花时间为: 93
编号为 24 的区块已加入本地区块链！curBlock: 
blockHeader: 
[75c922aae637cad5123c0c21dfee4f6a7050454a5237291524db27a54367236d 7947e6b0b952ebcaa6e82b7207c60391a6f398feb3492dde8b34a07406a3fd47 ecc6334507692a58f695e4a831608d6ea5d1135bc73840cc9dca0ff57fad0e5f 24 1780066252]
# of transactions: 300
# of TXmig1s: 0
# of In1s: 169
# of Anns: 31
# of NSs: 0
blockHash: 
6c62f2cc1f7b5d3159bbd28ee48868d19b56af80b73a2da62d79ea7e32c45bb8
handleAnns时是第24个块

handleannounce交易池操作时差为：522
handleannounce两锁时差为：522


第24个块开始准备relay

[Propose wait] S0 N0 spin=1 epoch=25 now=1780066252 InitTime=1780066202 lastpropose=1780066252 wallGap=50 need>=48 ok1=true lastGap=0 need>=2 ok2=false
时间：50213  正在向分片S1的主节点发送新
本节点已将不变的账户数量发送到client


第24个块结束relay

[handleTxFromClient] S0 N0 recv client batch, tx_count=11
[handleTxFromClient] S0 N0 append to Tx_pool.Queue: local_queued=11 forward_other_shard=0 Queue_total_len=954
[Propose wait] S0 N0 spin=50 epoch=25 now=1780066253 InitTime=1780066202 lastpropose=1780066252 wallGap=51 need>=48 ok1=true lastGap=1 need>=2 ok2=false
[Propose] S0 N0 时间条件满足: epoch=25->26 now=1780066254 InitTime=1780066202 lastpropose=1780066252 wallGap=52>=48 lastGap=2>=2 → propose1
[Propose] S0 N0 等待 sequenceLock…
[Propose] S0 N0 已持有 sequenceLock，seqID=25 即将 propose1
[propose1] S0 N0 seq=25 Tx_pool.Queue_len=1184
left_count: 500
更新树花时间为: 63
写数据库IO花时间为: 91
编号为 25 的区块已加入本地区块链！curBlock: 
blockHeader: 
[6c62f2cc1f7b5d3159bbd28ee48868d19b56af80b73a2da62d79ea7e32c45bb8 bab04b68f13dd704ea1bae05710c5bf0d749a9c8bb4b66b92c0bad2b72c995cd b4ae8a108f043cff5b6ecde7a54111cc473acfa5bb87653345dc8154e4499590 25 1780066254]
# of transactions: 500
# of TXmig1s: 0
# of In1s: 0
# of Anns: 0
# of NSs: 0
blockHash: 
2f3d1e9ab162bb07b9928bbff570fb93178fd6c9581f0709841705725b39a623

第25个块开始准备relay

[Propose wait] S0 N0 spin=1 epoch=26 now=1780066254 InitTime=1780066202 lastpropose=1780066254 wallGap=52 need>=50 ok1=true lastGap=0 need>=2 ok2=false

第25个块结束relay

时间：1780066254303  本节点已接收到新
本节点已将迁移过来的pending交易的账户数量发送到client

[handleTxFromClient] S0 N0 recv client batch, tx_count=103
[handleTxFromClient] S0 N0 append to Tx_pool.Queue: local_queued=103 forward_other_shard=0 Queue_total_len=1125
[Propose wait] S0 N0 spin=50 epoch=26 now=1780066255 InitTime=1780066202 lastpropose=1780066254 wallGap=53 need>=50 ok1=true lastGap=1 need>=2 ok2=false
[Propose] S0 N0 时间条件满足: epoch=26->27 now=1780066256 InitTime=1780066202 lastpropose=1780066254 wallGap=54>=50 lastGap=2>=2 → propose1
[Propose] S0 N0 等待 sequenceLock…
[Propose] S0 N0 已持有 sequenceLock，seqID=26 即将 propose1
[propose1] S0 N0 seq=26 Tx_pool.Queue_len=1232
left_count: 500
更新树花时间为: 64
写数据库IO花时间为: 97
编号为 26 的区块已加入本地区块链！curBlock: 
blockHeader: 
[2f3d1e9ab162bb07b9928bbff570fb93178fd6c9581f0709841705725b39a623 60d9c93e6a0ae24cc70a1ab55267faaa4fb30517004cfd1184d6f4f7d27e09cb b620894fcaba6d16e7a1b5b091ac800bd262bcdb24b5aa3ad87b89b9126bbb7f 26 1780066256]
# of transactions: 500
# of TXmig1s: 0
# of In1s: 0
# of Anns: 0
# of NSs: 0
blockHash: 
cd5763683b6cafa39e53553806311f6fcc97ab73007bf6ec9595d77f25b5388f

第26个块开始准备relay

[Propose wait] S0 N0 spin=1 epoch=27 now=1780066256 InitTime=1780066202 lastpropose=1780066256 wallGap=54 need>=52 ok1=true lastGap=0 need>=2 ok2=false
时间：1780066256235  本节点已接收到新
本节点已将迁移过来的pending交易的账户数量发送到client


第26个块结束relay

[Propose wait] S0 N0 spin=50 epoch=27 now=1780066257 InitTime=1780066202 lastpropose=1780066256 wallGap=55 need>=52 ok1=true lastGap=1 need>=2 ok2=false
[Propose] S0 N0 时间条件满足: epoch=27->28 now=1780066258 InitTime=1780066202 lastpropose=1780066256 wallGap=56>=52 lastGap=2>=2 → propose1
[Propose] S0 N0 等待 sequenceLock…
[Propose] S0 N0 已持有 sequenceLock，seqID=27 即将 propose1
[propose1] S0 N0 seq=27 Tx_pool.Queue_len=926
left_count: 500
更新树花时间为: 47
写数据库IO花时间为: 53
编号为 27 的区块已加入本地区块链！curBlock: 
blockHeader: 
[cd5763683b6cafa39e53553806311f6fcc97ab73007bf6ec9595d77f25b5388f 455030d8b13bf54316328f9e689556e0aded840300fb0e259f70045dba865af5 809eb9c05d95a3bf849dfed80a74d185c9f9e1f19ab7b7dc0f3f2748759733f3 27 1780066258]
# of transactions: 500
# of TXmig1s: 0
# of In1s: 0
# of Anns: 0
# of NSs: 0
blockHash: 
96909457062e26102e8d2c459d32c937da229816976b923540df55ce80693663
[Propose wait] S0 N0 spin=1 epoch=28 now=1780066258 InitTime=1780066202 lastpropose=1780066258 wallGap=56 need>=54 ok1=true lastGap=0 need>=2 ok2=false
[Propose wait] S0 N0 spin=50 epoch=28 now=1780066259 InitTime=1780066202 lastpropose=1780066258 wallGap=57 need>=54 ok1=true lastGap=1 need>=2 ok2=false
[Propose] S0 N0 时间条件满足: epoch=28->29 now=1780066260 InitTime=1780066202 lastpropose=1780066258 wallGap=58>=54 lastGap=2>=2 → propose1
[Propose] S0 N0 等待 sequenceLock…
[Propose] S0 N0 已持有 sequenceLock，seqID=28 即将 propose1
[propose1] S0 N0 seq=28 Tx_pool.Queue_len=688
left_count: 500
更新树花时间为: 80
写数据库IO花时间为: 88
编号为 28 的区块已加入本地区块链！curBlock: 
blockHeader: 
[96909457062e26102e8d2c459d32c937da229816976b923540df55ce80693663 716a7bedeaec2f20eab11117dd03373558dfb5e6bfbadf32cc1c29f9665cac31 6ffe4ae16eaf8439134d6f5d58438d098a29c673fa9e5e73e2280d24818fdf56 28 1780066260]
# of transactions: 500
# of TXmig1s: 0
# of In1s: 0
# of Anns: 0
# of NSs: 0
blockHash: 
17ecec4235b17a14ee16b712471b3c70553ba47ec8c95931f558175eea602d79

第28个块开始准备relay

[Propose wait] S0 N0 spin=1 epoch=29 now=1780066260 InitTime=1780066202 lastpropose=1780066260 wallGap=58 need>=56 ok1=true lastGap=0 need>=2 ok2=false

第28个块结束relay

[Propose wait] S0 N0 spin=50 epoch=29 now=1780066261 InitTime=1780066202 lastpropose=1780066260 wallGap=59 need>=56 ok1=true lastGap=1 need>=2 ok2=false
[Propose] S0 N0 时间条件满足: epoch=29->30 now=1780066262 InitTime=1780066202 lastpropose=1780066260 wallGap=60>=56 lastGap=2>=2 → propose1
[Propose] S0 N0 等待 sequenceLock…
[Propose] S0 N0 已持有 sequenceLock，seqID=29 即将 propose1
[propose1] S0 N0 seq=29 Tx_pool.Queue_len=332
left_count: 500
更新树花时间为: 30
写数据库IO花时间为: 36
编号为 29 的区块已加入本地区块链！curBlock: 
blockHeader: 
[17ecec4235b17a14ee16b712471b3c70553ba47ec8c95931f558175eea602d79 28e2703e007c5feefb8da64ad382aa9e47fa112179d16a0f16532755651d6589 daffdee4b62fa34bc6fc26978ec522d4b4209a047f497c9b336c51363348dc70 29 1780066262]
# of transactions: 332
# of TXmig1s: 0
# of In1s: 0
# of Anns: 0
# of NSs: 0
blockHash: 
4e1ee097f08c29af4c39bfc2baf012c04e5fd2fd8ea99cafef630a99c7865a08
[Propose wait] S0 N0 spin=1 epoch=30 now=1780066262 InitTime=1780066202 lastpropose=1780066262 wallGap=60 need>=58 ok1=true lastGap=0 need>=2 ok2=false
[Propose wait] S0 N0 spin=50 epoch=30 now=1780066263 InitTime=1780066202 lastpropose=1780066262 wallGap=61 need>=58 ok1=true lastGap=1 need>=2 ok2=false
[Propose] S0 N0 时间条件满足: epoch=30->31 now=1780066264 InitTime=1780066202 lastpropose=1780066262 wallGap=62>=58 lastGap=2>=2 → propose1
[Propose] S0 N0 等待 sequenceLock…
[Propose] S0 N0 已持有 sequenceLock，seqID=30 即将 propose1
[propose1] S0 N0 seq=30 Tx_pool.Queue_len=231
left_count: 500
更新树花时间为: 29
写数据库IO花时间为: 36
编号为 30 的区块已加入本地区块链！curBlock: 
blockHeader: 
[4e1ee097f08c29af4c39bfc2baf012c04e5fd2fd8ea99cafef630a99c7865a08 055301d869892728983d8426f57201399615d395675b28c462cf1a41ff850235 cfe89b8c13c2ca03c6884bb18c9323a5645436598cc318e42b49e7991853eda1 30 1780066264]
# of transactions: 231
# of TXmig1s: 0
# of In1s: 0
# of Anns: 0
# of NSs: 0
blockHash: 
0332dc49f2c8db8e74bc49f0cdddc19cd1b5957deacce15844057a7d28f04a54
[Propose wait] S0 N0 spin=1 epoch=31 now=1780066264 InitTime=1780066202 lastpropose=1780066264 wallGap=62 need>=60 ok1=true lastGap=0 need>=2 ok2=false
[Propose wait] S0 N0 spin=50 epoch=31 now=1780066265 InitTime=1780066202 lastpropose=1780066264 wallGap=63 need>=60 ok1=true lastGap=1 need>=2 ok2=false
[Propose] S0 N0 时间条件满足: epoch=31->32 now=1780066266 InitTime=1780066202 lastpropose=1780066264 wallGap=64>=60 lastGap=2>=2 → propose1
[Propose] S0 N0 等待 sequenceLock…
[Propose] S0 N0 已持有 sequenceLock，seqID=31 即将 propose1
[propose1] S0 N0 seq=31 Tx_pool.Queue_len=168
left_count: 500
更新树花时间为: 21
写数据库IO花时间为: 34
编号为 31 的区块已加入本地区块链！curBlock: 
blockHeader: 
[0332dc49f2c8db8e74bc49f0cdddc19cd1b5957deacce15844057a7d28f04a54 c45f044c3a46afc03200cc5b97ef12faaf32367d6857109b4ff866035e96eecb 1b1d01ac1049e6699af1c22f3b086463b22d139f6d783c08a7cf232e6ae8dcb5 31 1780066266]
# of transactions: 168
# of TXmig1s: 0
# of In1s: 0
# of Anns: 0
# of NSs: 0
blockHash: 
0186906a18e73afd6efa6fad957f57cbc381b1e27bc05829724cc481bac55eb8
[Propose wait] S0 N0 spin=1 epoch=32 now=1780066266 InitTime=1780066202 lastpropose=1780066266 wallGap=64 need>=62 ok1=true lastGap=0 need>=2 ok2=false
[Propose wait] S0 N0 spin=50 epoch=32 now=1780066267 InitTime=1780066202 lastpropose=1780066266 wallGap=65 need>=62 ok1=true lastGap=1 need>=2 ok2=false
[Propose] S0 N0 时间条件满足: epoch=32->33 now=1780066268 InitTime=1780066202 lastpropose=1780066266 wallGap=66>=62 lastGap=2>=2 → propose1
[Propose] S0 N0 等待 sequenceLock…
[Propose] S0 N0 已持有 sequenceLock，seqID=32 即将 propose1
[propose1] S0 N0 seq=32 Tx_pool.Queue_len=248
left_count: 500
更新树花时间为: 41
写数据库IO花时间为: 60
编号为 32 的区块已加入本地区块链！curBlock: 
blockHeader: 
[0186906a18e73afd6efa6fad957f57cbc381b1e27bc05829724cc481bac55eb8 a4a0010ac5645cf420d5fc7c45ef5756d53d5b027aa656f0fcb058076add9098 214591db5517e0d908c01e9341eeba7b065bc2bc84758264684da99b2844b81f 32 1780066268]
# of transactions: 248
# of TXmig1s: 0
# of In1s: 0
# of Anns: 0
# of NSs: 0
blockHash: 
99029b4786ad9c583b94a64f764d205dae096c9ca9d2d6027f3c916aeba4d5f6
[Propose wait] S0 N0 spin=1 epoch=33 now=1780066268 InitTime=1780066202 lastpropose=1780066268 wallGap=66 need>=64 ok1=true lastGap=0 need>=2 ok2=false
[Propose wait] S0 N0 spin=50 epoch=33 now=1780066269 InitTime=1780066202 lastpropose=1780066268 wallGap=67 need>=64 ok1=true lastGap=1 need>=2 ok2=false
[Propose] S0 N0 时间条件满足: epoch=33->34 now=1780066270 InitTime=1780066202 lastpropose=1780066268 wallGap=68>=64 lastGap=2>=2 → propose1
[Propose] S0 N0 等待 sequenceLock…
[Propose] S0 N0 已持有 sequenceLock，seqID=33 即将 propose1
[propose1] S0 N0 seq=33 Tx_pool.Queue_len=219
left_count: 500
更新树花时间为: 24
写数据库IO花时间为: 30
编号为 33 的区块已加入本地区块链！curBlock: 
blockHeader: 
[99029b4786ad9c583b94a64f764d205dae096c9ca9d2d6027f3c916aeba4d5f6 de39663032b04b2645b0eda940117390db5edc63d40f3f25036a1e823ccb1a05 516b8365e0a9d82fd9fddb3b9b797af2efec1352c6872d19f5d9104db5f5a806 33 1780066270]
# of transactions: 219
# of TXmig1s: 0
# of In1s: 0
# of Anns: 0
# of NSs: 0
blockHash: 
e1481af8ada9bf51661e01b824b8df1eb8bd8c8539cf5073dd5dd9d6a8ca8ef3
[Propose wait] S0 N0 spin=1 epoch=34 now=1780066270 InitTime=1780066202 lastpropose=1780066270 wallGap=68 need>=66 ok1=true lastGap=0 need>=2 ok2=false
[Propose wait] S0 N0 spin=50 epoch=34 now=1780066271 InitTime=1780066202 lastpropose=1780066270 wallGap=69 need>=66 ok1=true lastGap=1 need>=2 ok2=false
[Propose] S0 N0 时间条件满足: epoch=34->35 now=1780066272 InitTime=1780066202 lastpropose=1780066270 wallGap=70>=66 lastGap=2>=2 → propose1
[Propose] S0 N0 等待 sequenceLock…
[Propose] S0 N0 已持有 sequenceLock，seqID=34 即将 propose1
[propose1] S0 N0 seq=34 Tx_pool.Queue_len=247
left_count: 500
更新树花时间为: 29
写数据库IO花时间为: 39
编号为 34 的区块已加入本地区块链！curBlock: 
blockHeader: 
[e1481af8ada9bf51661e01b824b8df1eb8bd8c8539cf5073dd5dd9d6a8ca8ef3 0de5949300385691c47a67cf006e3d6c712a34788b3305446f313d74030ae548 4b6dd5b55b1f16056f259ba1340181554a392896251eb31083c69fab64611ffb 34 1780066272]
# of transactions: 247
# of TXmig1s: 0
# of In1s: 0
# of Anns: 0
# of NSs: 0
blockHash: 
12250931e705309cf103b6dbb6b37001a6af7f2dfc2c429a77911a6b8e4dc2be
[Propose wait] S0 N0 spin=1 epoch=35 now=1780066272 InitTime=1780066202 lastpropose=1780066272 wallGap=70 need>=68 ok1=true lastGap=0 need>=2 ok2=false
[Propose wait] S0 N0 spin=50 epoch=35 now=1780066273 InitTime=1780066202 lastpropose=1780066272 wallGap=71 need>=68 ok1=true lastGap=1 need>=2 ok2=false
[Propose] S0 N0 时间条件满足: epoch=35->36 now=1780066274 InitTime=1780066202 lastpropose=1780066272 wallGap=72>=68 lastGap=2>=2 → propose1
[Propose] S0 N0 等待 sequenceLock…
[Propose] S0 N0 已持有 sequenceLock，seqID=35 即将 propose1
[propose1] S0 N0 seq=35 Tx_pool.Queue_len=243
left_count: 500
更新树花时间为: 24
写数据库IO花时间为: 29
编号为 35 的区块已加入本地区块链！curBlock: 
blockHeader: 
[12250931e705309cf103b6dbb6b37001a6af7f2dfc2c429a77911a6b8e4dc2be 322dbb6f63d7195cae723574b7c7058ca32780deb602d620c178f6cc823a3609 54dcf4ff77a7401656e24dc3742eb9fdbe9b8f964bdb94304dd9b5f1762685d3 35 1780066274]
# of transactions: 243
# of TXmig1s: 0
# of In1s: 0
# of Anns: 0
# of NSs: 0
blockHash: 
c211b5822672a3a90358c4f8efa3beb0228f21dae47780ff48cf5d1d6304435b
[Propose wait] S0 N0 spin=1 epoch=36 now=1780066274 InitTime=1780066202 lastpropose=1780066274 wallGap=72 need>=70 ok1=true lastGap=0 need>=2 ok2=false
[Propose wait] S0 N0 spin=50 epoch=36 now=1780066275 InitTime=1780066202 lastpropose=1780066274 wallGap=73 need>=70 ok1=true lastGap=1 need>=2 ok2=false
[Propose] S0 N0 时间条件满足: epoch=36->37 now=1780066276 InitTime=1780066202 lastpropose=1780066274 wallGap=74>=70 lastGap=2>=2 → propose1
[Propose] S0 N0 等待 sequenceLock…
[Propose] S0 N0 已持有 sequenceLock，seqID=36 即将 propose1
[propose1] S0 N0 seq=36 Tx_pool.Queue_len=68
left_count: 500
更新树花时间为: 10
写数据库IO花时间为: 16
编号为 36 的区块已加入本地区块链！curBlock: 
blockHeader: 
[c211b5822672a3a90358c4f8efa3beb0228f21dae47780ff48cf5d1d6304435b e252057eb271ab26075bea173aeb6c57497a0f836385b3e3f778589db66d4d84 5f06b63a2ff84ece1c6b6dc3f8aca4c30df93947e511863afd819612679da26f 36 1780066276]
# of transactions: 68
# of TXmig1s: 0
# of In1s: 0
# of Anns: 0
# of NSs: 0
blockHash: 
8b586aeca8c81209c3baa1692af862de2cbe000abd08118871df807965e8d655
[Propose wait] S0 N0 spin=1 epoch=37 now=1780066276 InitTime=1780066202 lastpropose=1780066276 wallGap=74 need>=72 ok1=true lastGap=0 need>=2 ok2=false
[Propose wait] S0 N0 spin=50 epoch=37 now=1780066277 InitTime=1780066202 lastpropose=1780066276 wallGap=75 need>=72 ok1=true lastGap=1 need>=2 ok2=false
[Propose] S0 N0 时间条件满足: epoch=37->38 now=1780066278 InitTime=1780066202 lastpropose=1780066276 wallGap=76>=72 lastGap=2>=2 → propose1
[Propose] S0 N0 等待 sequenceLock…
[Propose] S0 N0 已持有 sequenceLock，seqID=37 即将 propose1
[propose1] S0 N0 seq=37 Tx_pool.Queue_len=0
left_count: 500
更新树花时间为: 0
写数据库IO花时间为: 17
编号为 37 的区块已加入本地区块链！curBlock: 
blockHeader: 
[8b586aeca8c81209c3baa1692af862de2cbe000abd08118871df807965e8d655 e252057eb271ab26075bea173aeb6c57497a0f836385b3e3f778589db66d4d84 56e81f171bcc55a6ff8345e692c0f86e5b48e01b996cadc001622fb5e363b421 37 1780066278]
# of transactions: 0
# of TXmig1s: 0
# of In1s: 0
# of Anns: 0
# of NSs: 0
blockHash: 
9181b0eac1514889a4362f05f111b5d0b7c0f7e695745a8c6ab45c1b8e52f43a
[Propose wait] S0 N0 spin=1 epoch=38 now=1780066278 InitTime=1780066202 lastpropose=1780066278 wallGap=76 need>=74 ok1=true lastGap=0 need>=2 ok2=false
[Propose wait] S0 N0 spin=50 epoch=38 now=1780066279 InitTime=1780066202 lastpropose=1780066278 wallGap=77 need>=74 ok1=true lastGap=1 need>=2 ok2=false
[Propose] S0 N0 时间条件满足: epoch=38->39 now=1780066280 InitTime=1780066202 lastpropose=1780066278 wallGap=78>=74 lastGap=2>=2 → propose1
[Propose] S0 N0 等待 sequenceLock…
[Propose] S0 N0 已持有 sequenceLock，seqID=38 即将 propose1
[propose1] S0 N0 seq=38 Tx_pool.Queue_len=0
left_count: 500
更新树花时间为: 0
写数据库IO花时间为: 9
编号为 38 的区块已加入本地区块链！curBlock: 
blockHeader: 
[9181b0eac1514889a4362f05f111b5d0b7c0f7e695745a8c6ab45c1b8e52f43a e252057eb271ab26075bea173aeb6c57497a0f836385b3e3f778589db66d4d84 56e81f171bcc55a6ff8345e692c0f86e5b48e01b996cadc001622fb5e363b421 38 1780066280]
# of transactions: 0
# of TXmig1s: 0
# of In1s: 0
# of Anns: 0
# of NSs: 0
blockHash: 
d8149b7fe3290653768385e4d8e001a02cef6edec0846bb068327cd9f61a5f38
[Propose wait] S0 N0 spin=1 epoch=39 now=1780066280 InitTime=1780066202 lastpropose=1780066280 wallGap=78 need>=76 ok1=true lastGap=0 need>=2 ok2=false
[Propose wait] S0 N0 spin=50 epoch=39 now=1780066281 InitTime=1780066202 lastpropose=1780066280 wallGap=79 need>=76 ok1=true lastGap=1 need>=2 ok2=false
[Propose] S0 N0 时间条件满足: epoch=39->40 now=1780066282 InitTime=1780066202 lastpropose=1780066280 wallGap=80>=76 lastGap=2>=2 → propose1
[Propose] S0 N0 等待 sequenceLock…
[Propose] S0 N0 已持有 sequenceLock，seqID=39 即将 propose1
[propose1] S0 N0 seq=39 Tx_pool.Queue_len=0
left_count: 500
更新树花时间为: 0
写数据库IO花时间为: 7
编号为 39 的区块已加入本地区块链！curBlock: 
blockHeader: 
[d8149b7fe3290653768385e4d8e001a02cef6edec0846bb068327cd9f61a5f38 e252057eb271ab26075bea173aeb6c57497a0f836385b3e3f778589db66d4d84 56e81f171bcc55a6ff8345e692c0f86e5b48e01b996cadc001622fb5e363b421 39 1780066282]
# of transactions: 0
# of TXmig1s: 0
# of In1s: 0
# of Anns: 0
# of NSs: 0
blockHash: 
09eb317e4f9ad0f7bc9b2794f55bc3557fec7ff8f75687974ef3713d00162267
[Propose wait] S0 N0 spin=1 epoch=40 now=1780066282 InitTime=1780066202 lastpropose=1780066282 wallGap=80 need>=78 ok1=true lastGap=0 need>=2 ok2=false
[Propose wait] S0 N0 spin=50 epoch=40 now=1780066283 InitTime=1780066202 lastpropose=1780066282 wallGap=81 need>=78 ok1=true lastGap=1 need>=2 ok2=false
[Propose] S0 N0 时间条件满足: epoch=40->41 now=1780066284 InitTime=1780066202 lastpropose=1780066282 wallGap=82>=78 lastGap=2>=2 → propose1
[Propose] S0 N0 等待 sequenceLock…
[Propose] S0 N0 已持有 sequenceLock，seqID=40 即将 propose1
[propose1] S0 N0 seq=40 Tx_pool.Queue_len=0
left_count: 500
更新树花时间为: 0
写数据库IO花时间为: 7
编号为 40 的区块已加入本地区块链！curBlock: 
blockHeader: 
[09eb317e4f9ad0f7bc9b2794f55bc3557fec7ff8f75687974ef3713d00162267 e252057eb271ab26075bea173aeb6c57497a0f836385b3e3f778589db66d4d84 56e81f171bcc55a6ff8345e692c0f86e5b48e01b996cadc001622fb5e363b421 40 1780066284]
# of transactions: 0
# of TXmig1s: 0
# of In1s: 0
# of Anns: 0
# of NSs: 0
blockHash: 
97a3d2ecd5886613f6d471d519b194fe30975d2b9ec603d322e3162f5adc2980
[Propose wait] S0 N0 spin=1 epoch=41 now=1780066284 InitTime=1780066202 lastpropose=1780066284 wallGap=82 need>=80 ok1=true lastGap=0 need>=2 ok2=false
[Propose wait] S0 N0 spin=50 epoch=41 now=1780066285 InitTime=1780066202 lastpropose=1780066284 wallGap=83 need>=80 ok1=true lastGap=1 need>=2 ok2=false
[Propose] S0 N0 时间条件满足: epoch=41->42 now=1780066286 InitTime=1780066202 lastpropose=1780066284 wallGap=84>=80 lastGap=2>=2 → propose1
[Propose] S0 N0 等待 sequenceLock…
[Propose] S0 N0 已持有 sequenceLock，seqID=41 即将 propose1
[propose1] S0 N0 seq=41 Tx_pool.Queue_len=0
left_count: 500
更新树花时间为: 0
写数据库IO花时间为: 9
编号为 41 的区块已加入本地区块链！curBlock: 
blockHeader: 
[97a3d2ecd5886613f6d471d519b194fe30975d2b9ec603d322e3162f5adc2980 e252057eb271ab26075bea173aeb6c57497a0f836385b3e3f778589db66d4d84 56e81f171bcc55a6ff8345e692c0f86e5b48e01b996cadc001622fb5e363b421 41 1780066286]
# of transactions: 0
# of TXmig1s: 0
# of In1s: 0
# of Anns: 0
# of NSs: 0
blockHash: 
2dcc87e38a6543f5131c0b46cff8d7768e33e811c121bf6298dcd69d835d8d48
[Propose wait] S0 N0 spin=1 epoch=42 now=1780066286 InitTime=1780066202 lastpropose=1780066286 wallGap=84 need>=82 ok1=true lastGap=0 need>=2 ok2=false
节点收到终止节点消息，停止运行
