MigrationStrategy=SOTA-Lock (Stop=false Lock=true NotLock=false)
&{77 N0 S1 2 0 D:\Desktop\实验室\MVSS+\MVSS-main\selectedTxs_300K.csv 2 500 300 150 150 150 150 1000 10 1 400 20000 0 50000 20 true SOTA-Lock false true false false true false 3 false 8 false false false PageRank false 100 true false}
&{77 N0 S1 2 0 D:\Desktop\实验室\MVSS+\MVSS-main\selectedTxs_300K.csv 2 500 300 150 150 150 150 1000 10 1 400 20000 0 50000 20 true SOTA-Lock false true false false true false 3 false 8 false false false PageRank false 100 true false}
交易将由外部客户端发送
节点 N0 已启动，所属分片: S1
[Propose wait-first-tx] S1 N0 seq=1 Queue_len=0，首块等待交易注入后再出块
节点开启监听，地址：127.0.0.1:8020
[Propose wait-first-tx] S1 N0 seq=1 Queue_len=0，首块等待交易注入后再出块
[Propose wait-first-tx] S1 N0 seq=1 Queue_len=0，首块等待交易注入后再出块
[Propose wait-first-tx] S1 N0 seq=1 Queue_len=0，首块等待交易注入后再出块
[Propose wait-first-tx] S1 N0 seq=1 Queue_len=0，首块等待交易注入后再出块
[Propose wait-first-tx] S1 N0 seq=1 Queue_len=0，首块等待交易注入后再出块
[Propose wait-first-tx] S1 N0 seq=1 Queue_len=0，首块等待交易注入后再出块
[Propose wait-first-tx] S1 N0 seq=1 Queue_len=0，首块等待交易注入后再出块
[Propose wait-first-tx] S1 N0 seq=1 Queue_len=0，首块等待交易注入后再出块
[Propose wait-first-tx] S1 N0 seq=1 Queue_len=0，首块等待交易注入后再出块
[Propose wait-first-tx] S1 N0 seq=1 Queue_len=0，首块等待交易注入后再出块
[Propose wait-first-tx] S1 N0 seq=1 Queue_len=0，首块等待交易注入后再出块
[Propose wait-first-tx] S1 N0 seq=1 Queue_len=0，首块等待交易注入后再出块
[Propose wait-first-tx] S1 N0 seq=1 Queue_len=0，首块等待交易注入后再出块
[Propose wait-first-tx] S1 N0 seq=1 Queue_len=0，首块等待交易注入后再出块
[Propose wait-first-tx] S1 N0 seq=1 Queue_len=0，首块等待交易注入后再出块
[Propose wait-first-tx] S1 N0 seq=1 Queue_len=0，首块等待交易注入后再出块
本节点已接收到客户端发送的初始时间：1780066202（锚定 InitTime=1780066202，已重置 epoch=1）
[Propose wait-first-tx] S1 N0 seq=1 Queue_len=0，首块等待交易注入后再出块
[Propose wait-first-tx] S1 N0 seq=1 Queue_len=0，首块等待交易注入后再出块
[Propose wait-first-tx] S1 N0 seq=1 Queue_len=0，首块等待交易注入后再出块
[Propose wait-first-tx] S1 N0 seq=1 Queue_len=0，首块等待交易注入后再出块
[handleTxFromClient] S1 N0 recv client batch, tx_count=700
[handleTxFromClient] S1 N0 append to Tx_pool.Queue: local_queued=700 forward_other_shard=0 Queue_total_len=700
[Propose wait-first-tx] S1 N0 首块已检测到交易，结束等待，Queue_len=700
[Propose] S1 N0 时间条件满足: epoch=1->2 now=1780066206 InitTime=1780066202 lastpropose=1780066202 wallGap=4>=0 lastGap=4>=2 → propose1
[Propose] S1 N0 等待 sequenceLock…
[Propose] S1 N0 已持有 sequenceLock，seqID=1 即将 propose1
[propose1] S1 N0 seq=1 Tx_pool.Queue_len=700
left_count: 500
更新树花时间为: 82
写数据库IO花时间为: 88
编号为 1 的区块已加入本地区块链！curBlock: 
blockHeader: 
[1add38160db0458a48072f3ade543ffb4af4e9cfdf8f76549b9568e046a6a3ff f35a45ce6e9ea8f568107b30776df012e7786696dec7ea23d581e2c41f3c76f8 ab129bce5a312627f39f94aa09b590d2a78354befbbceda7b231506a1a6ce1f9 1 1780066206]
# of transactions: 500
# of TXmig1s: 0
# of In1s: 0
# of Anns: 0
# of NSs: 0
blockHash: 
feacaa745bb2819de835162b2542c06f2a87cf446855ffc81562d437e6492185

第1个块开始准备relay

[Propose wait] S1 N0 spin=1 epoch=2 now=1780066206 InitTime=1780066202 lastpropose=1780066206 wallGap=4 need>=2 ok1=true lastGap=0 need>=2 ok2=false

第1个块结束relay

[Propose wait] S1 N0 spin=50 epoch=2 now=1780066207 InitTime=1780066202 lastpropose=1780066206 wallGap=5 need>=2 ok1=true lastGap=1 need>=2 ok2=false
[Propose] S1 N0 时间条件满足: epoch=2->3 now=1780066208 InitTime=1780066202 lastpropose=1780066206 wallGap=6>=2 lastGap=2>=2 → propose1
[Propose] S1 N0 等待 sequenceLock…
[Propose] S1 N0 已持有 sequenceLock，seqID=2 即将 propose1
[propose1] S1 N0 seq=2 Tx_pool.Queue_len=247
left_count: 500
[handleTxFromClient] S1 N0 recv client batch, tx_count=595
[handleTxFromClient] S1 N0 append to Tx_pool.Queue: local_queued=595 forward_other_shard=0 Queue_total_len=595
更新树花时间为: 31
写数据库IO花时间为: 37
编号为 2 的区块已加入本地区块链！curBlock: 
blockHeader: 
[feacaa745bb2819de835162b2542c06f2a87cf446855ffc81562d437e6492185 659d4bade77b8f295a13510f40e030eff1fe8ad549cbb24b21a3e3ab93916d75 8cd5a95a5bee1274d956f1fd6a60fe4393b3f9e564e5536d8b6132de4df13620 2 1780066208]
# of transactions: 247
# of TXmig1s: 0
# of In1s: 0
# of Anns: 0
# of NSs: 0
blockHash: 
40a0995d1b85ab7cd6ca635a3e0289ea59efc51ba51243fc38ef8ef8788f4b89

第2个块开始准备relay

[Propose wait] S1 N0 spin=1 epoch=3 now=1780066208 InitTime=1780066202 lastpropose=1780066208 wallGap=6 need>=4 ok1=true lastGap=0 need>=2 ok2=false

第2个块结束relay

[Propose wait] S1 N0 spin=50 epoch=3 now=1780066209 InitTime=1780066202 lastpropose=1780066208 wallGap=7 need>=4 ok1=true lastGap=1 need>=2 ok2=false
[Propose] S1 N0 时间条件满足: epoch=3->4 now=1780066210 InitTime=1780066202 lastpropose=1780066208 wallGap=8>=4 lastGap=2>=2 → propose1
[Propose] S1 N0 等待 sequenceLock…
[Propose] S1 N0 已持有 sequenceLock，seqID=3 即将 propose1
[propose1] S1 N0 seq=3 Tx_pool.Queue_len=595
left_count: 500
[handleTxFromClient] S1 N0 recv client batch, tx_count=275
[handleTxFromClient] S1 N0 append to Tx_pool.Queue: local_queued=275 forward_other_shard=0 Queue_total_len=370
更新树花时间为: 62
写数据库IO花时间为: 68
编号为 3 的区块已加入本地区块链！curBlock: 
blockHeader: 
[40a0995d1b85ab7cd6ca635a3e0289ea59efc51ba51243fc38ef8ef8788f4b89 5074483d96fcec6cfdd66d99df558f268c6d81a37ff9c1bb51b94cb959aa08bd 433acdb1095d0ffeae130f20f5df6023e21aaa91fe8256b0a314af724007b4c7 3 1780066210]
# of transactions: 500
# of TXmig1s: 0
# of In1s: 0
# of Anns: 0
# of NSs: 0
blockHash: 
306a24e6e8f61ca7190016c9a91e016bf6944e5482793dd7900d3917c40c8537

第3个块开始准备relay

[Propose wait] S1 N0 spin=1 epoch=4 now=1780066210 InitTime=1780066202 lastpropose=1780066210 wallGap=8 need>=6 ok1=true lastGap=0 need>=2 ok2=false

第3个块结束relay

[Propose wait] S1 N0 spin=50 epoch=4 now=1780066211 InitTime=1780066202 lastpropose=1780066210 wallGap=9 need>=6 ok1=true lastGap=1 need>=2 ok2=false
[Propose] S1 N0 时间条件满足: epoch=4->5 now=1780066212 InitTime=1780066202 lastpropose=1780066210 wallGap=10>=6 lastGap=2>=2 → propose1
[Propose] S1 N0 等待 sequenceLock…
[Propose] S1 N0 已持有 sequenceLock，seqID=4 即将 propose1
[propose1] S1 N0 seq=4 Tx_pool.Queue_len=484
left_count: 500
[handleTxFromClient] S1 N0 recv client batch, tx_count=142
[handleTxFromClient] S1 N0 append to Tx_pool.Queue: local_queued=142 forward_other_shard=0 Queue_total_len=142
更新树花时间为: 79
写数据库IO花时间为: 93
编号为 4 的区块已加入本地区块链！curBlock: 
blockHeader: 
[306a24e6e8f61ca7190016c9a91e016bf6944e5482793dd7900d3917c40c8537 e2e893e8d165318d43b594a942d004151d0775cbfbda3c7816208fecce2327bc 20bfa6aa06f4008e62e3b824b96797238d189867053c8f47c21c82b283a4ff8f 4 1780066212]
# of transactions: 484
# of TXmig1s: 0
# of In1s: 0
# of Anns: 0
# of NSs: 0
blockHash: 
7b5978a654c8cb2653cc59d6c747143c2edf67dee1acc1876afce69b20d6c0c9

第4个块开始准备relay

[Propose wait] S1 N0 spin=1 epoch=5 now=1780066212 InitTime=1780066202 lastpropose=1780066212 wallGap=10 need>=8 ok1=true lastGap=0 need>=2 ok2=false

第4个块结束relay

[Propose wait] S1 N0 spin=50 epoch=5 now=1780066213 InitTime=1780066202 lastpropose=1780066212 wallGap=11 need>=8 ok1=true lastGap=1 need>=2 ok2=false
[Propose] S1 N0 时间条件满足: epoch=5->6 now=1780066214 InitTime=1780066202 lastpropose=1780066212 wallGap=12>=8 lastGap=2>=2 → propose1
[Propose] S1 N0 等待 sequenceLock…
[Propose] S1 N0 已持有 sequenceLock，seqID=5 即将 propose1
[propose1] S1 N0 seq=5 Tx_pool.Queue_len=404
left_count: 500
[handleTxFromClient] S1 N0 recv client batch, tx_count=161
[handleTxFromClient] S1 N0 append to Tx_pool.Queue: local_queued=161 forward_other_shard=0 Queue_total_len=161
更新树花时间为: 68
写数据库IO花时间为: 74
编号为 5 的区块已加入本地区块链！curBlock: 
blockHeader: 
[7b5978a654c8cb2653cc59d6c747143c2edf67dee1acc1876afce69b20d6c0c9 77714539ad5090c0658bde84b039ac1dc3f24c58125037050736e6d47cda65af c8bb1a9523d911aa3a5438f9ffe7cd5d6b798660b64daaf13b39a0a85ead56e4 5 1780066214]
# of transactions: 404
# of TXmig1s: 0
# of In1s: 0
# of Anns: 0
# of NSs: 0
blockHash: 
16cffb449dd7f05a8455a858299feab3f97aa9291558414ce62a884b4cfc863e

第5个块开始准备relay

[Propose wait] S1 N0 spin=1 epoch=6 now=1780066214 InitTime=1780066202 lastpropose=1780066214 wallGap=12 need>=10 ok1=true lastGap=0 need>=2 ok2=false

第5个块结束relay

[Propose wait] S1 N0 spin=50 epoch=6 now=1780066215 InitTime=1780066202 lastpropose=1780066214 wallGap=13 need>=10 ok1=true lastGap=1 need>=2 ok2=false
[Propose] S1 N0 时间条件满足: epoch=6->7 now=1780066216 InitTime=1780066202 lastpropose=1780066214 wallGap=14>=10 lastGap=2>=2 → propose1
[Propose] S1 N0 等待 sequenceLock…
[Propose] S1 N0 已持有 sequenceLock，seqID=6 即将 propose1
[propose1] S1 N0 seq=6 Tx_pool.Queue_len=293
left_count: 500
[handleTxFromClient] S1 N0 recv client batch, tx_count=172
[handleTxFromClient] S1 N0 append to Tx_pool.Queue: local_queued=172 forward_other_shard=0 Queue_total_len=172
更新树花时间为: 40
写数据库IO花时间为: 61
编号为 6 的区块已加入本地区块链！curBlock: 
blockHeader: 
[16cffb449dd7f05a8455a858299feab3f97aa9291558414ce62a884b4cfc863e 526c9b69c40eb889a2bbbd99d35fc0f70b0d8aae4994a3bf82feebc88a4c155b 9a5a49c8a5d38ed66fb5691a7ab876589bcfd194ead3ddae7b83a93117407092 6 1780066216]
# of transactions: 293
# of TXmig1s: 0
# of In1s: 0
# of Anns: 0
# of NSs: 0
blockHash: 
7657c2f173d8ef8494887cec6c31b48f06a541be52ec82498f52eedfb9a7c11c

第6个块开始准备relay

[Propose wait] S1 N0 spin=1 epoch=7 now=1780066216 InitTime=1780066202 lastpropose=1780066216 wallGap=14 need>=12 ok1=true lastGap=0 need>=2 ok2=false

第6个块结束relay

[Propose wait] S1 N0 spin=50 epoch=7 now=1780066217 InitTime=1780066202 lastpropose=1780066216 wallGap=15 need>=12 ok1=true lastGap=1 need>=2 ok2=false
[Propose] S1 N0 时间条件满足: epoch=7->8 now=1780066218 InitTime=1780066202 lastpropose=1780066216 wallGap=16>=12 lastGap=2>=2 → propose1
[Propose] S1 N0 等待 sequenceLock…
[Propose] S1 N0 已持有 sequenceLock，seqID=7 即将 propose1
[propose1] S1 N0 seq=7 Tx_pool.Queue_len=418
left_count: 500
[handleTxFromClient] S1 N0 recv client batch, tx_count=219
[handleTxFromClient] S1 N0 append to Tx_pool.Queue: local_queued=219 forward_other_shard=0 Queue_total_len=219
更新树花时间为: 51
写数据库IO花时间为: 58
编号为 7 的区块已加入本地区块链！curBlock: 
blockHeader: 
[7657c2f173d8ef8494887cec6c31b48f06a541be52ec82498f52eedfb9a7c11c 9a505a1cef2f7fe04c95b21fe453fa27eb0ac9c91443bbddb12127148a52519d a50dce4ef0748808cb9c86a67b73d3ec67cfb3d8b7335cec44ddfdfc8f6c104d 7 1780066218]
# of transactions: 418
# of TXmig1s: 0
# of In1s: 0
# of Anns: 0
# of NSs: 0
blockHash: 
25ae7e8d1d3d1154bb7c4538f79f587a7345f619d0415d3ca64f6f9ff7806d76

第7个块开始准备relay

[Propose wait] S1 N0 spin=1 epoch=8 now=1780066218 InitTime=1780066202 lastpropose=1780066218 wallGap=16 need>=14 ok1=true lastGap=0 need>=2 ok2=false

第7个块结束relay

[Propose wait] S1 N0 spin=50 epoch=8 now=1780066219 InitTime=1780066202 lastpropose=1780066218 wallGap=17 need>=14 ok1=true lastGap=1 need>=2 ok2=false
[Propose] S1 N0 时间条件满足: epoch=8->9 now=1780066220 InitTime=1780066202 lastpropose=1780066218 wallGap=18>=14 lastGap=2>=2 → propose1
[Propose] S1 N0 等待 sequenceLock…
[Propose] S1 N0 已持有 sequenceLock，seqID=8 即将 propose1
[propose1] S1 N0 seq=8 Tx_pool.Queue_len=436
left_count: 500
更新树花时间为: 54
写数据库IO花时间为: 72
编号为 8 的区块已加入本地区块链！curBlock: 
blockHeader: 
[25ae7e8d1d3d1154bb7c4538f79f587a7345f619d0415d3ca64f6f9ff7806d76 29f61112c64dbac451db307c0f5740eafa885f36733359d6e133825fbe4fa9f0 928fb0fac66c18958851635ef7f5d74fa4715e8376a2b3c834c82087a1f58418 8 1780066220]
# of transactions: 436
# of TXmig1s: 0
# of In1s: 0
# of Anns: 0
# of NSs: 0
blockHash: 
65f540ca2eb8a4eb34b0bceaef7496e08294c8ebe74b4205d0beb8cbb996bb75
[handleTxFromClient] S1 N0 recv client batch, tx_count=373
[handleTxFromClient] S1 N0 append to Tx_pool.Queue: local_queued=373 forward_other_shard=0 Queue_total_len=373

第8个块开始准备relay

[Propose wait] S1 N0 spin=1 epoch=9 now=1780066220 InitTime=1780066202 lastpropose=1780066220 wallGap=18 need>=16 ok1=true lastGap=0 need>=2 ok2=false

第8个块结束relay

[Propose wait] S1 N0 spin=50 epoch=9 now=1780066221 InitTime=1780066202 lastpropose=1780066220 wallGap=19 need>=16 ok1=true lastGap=1 need>=2 ok2=false
[Propose] S1 N0 时间条件满足: epoch=9->10 now=1780066222 InitTime=1780066202 lastpropose=1780066220 wallGap=20>=16 lastGap=2>=2 → propose1
[Propose] S1 N0 等待 sequenceLock…
[Propose] S1 N0 已持有 sequenceLock，seqID=9 即将 propose1
[propose1] S1 N0 seq=9 Tx_pool.Queue_len=594
left_count: 500
[handleTxFromClient] S1 N0 recv client batch, tx_count=781
[handleTxFromClient] S1 N0 append to Tx_pool.Queue: local_queued=781 forward_other_shard=0 Queue_total_len=875
更新树花时间为: 65
写数据库IO花时间为: 81
编号为 9 的区块已加入本地区块链！curBlock: 
blockHeader: 
[65f540ca2eb8a4eb34b0bceaef7496e08294c8ebe74b4205d0beb8cbb996bb75 052df401cacde27c5ca9d03e541bcbe72282169530c87f94debaf43b11d3ebb1 c55dd75d73456960d6c4af9b000cbe9f1e92be711404b949067989fb41c9825e 9 1780066222]
# of transactions: 500
# of TXmig1s: 0
# of In1s: 0
# of Anns: 0
# of NSs: 0
blockHash: 
810612fcf4b58a13a3adccd5a9727285b744185de9f395fba7b88b4281224508

第9个块开始准备relay

[Propose wait] S1 N0 spin=1 epoch=10 now=1780066222 InitTime=1780066202 lastpropose=1780066222 wallGap=20 need>=18 ok1=true lastGap=0 need>=2 ok2=false

第9个块结束relay

[Propose wait] S1 N0 spin=50 epoch=10 now=1780066223 InitTime=1780066202 lastpropose=1780066222 wallGap=21 need>=18 ok1=true lastGap=1 need>=2 ok2=false
[Propose] S1 N0 时间条件满足: epoch=10->11 now=1780066224 InitTime=1780066202 lastpropose=1780066222 wallGap=22>=18 lastGap=2>=2 → propose1
[Propose] S1 N0 等待 sequenceLock…
[Propose] S1 N0 已持有 sequenceLock，seqID=10 即将 propose1
[propose1] S1 N0 seq=10 Tx_pool.Queue_len=1104
left_count: 500
[handleTxFromClient] S1 N0 recv client batch, tx_count=219
[handleTxFromClient] S1 N0 append to Tx_pool.Queue: local_queued=219 forward_other_shard=0 Queue_total_len=823
更新树花时间为: 63
写数据库IO花时间为: 83
编号为 10 的区块已加入本地区块链！curBlock: 
blockHeader: 
[810612fcf4b58a13a3adccd5a9727285b744185de9f395fba7b88b4281224508 1c078df2f4bebde70dcb4d50b486ae84541f601a1f49cc14e17c6b112ff37af4 e10b6e0de038874a390af085fde3407a43b520b78e150f0b352a3f4b8b666875 10 1780066224]
# of transactions: 500
# of TXmig1s: 0
# of In1s: 0
# of Anns: 0
# of NSs: 0
blockHash: 
9bddeab226f54edf7c48182b75005be48c4473a562695a14501d27f5e958fa9e

第10个块开始准备relay

[Propose wait] S1 N0 spin=1 epoch=11 now=1780066224 InitTime=1780066202 lastpropose=1780066224 wallGap=22 need>=20 ok1=true lastGap=0 need>=2 ok2=false

第10个块结束relay

[Propose wait] S1 N0 spin=50 epoch=11 now=1780066225 InitTime=1780066202 lastpropose=1780066224 wallGap=23 need>=20 ok1=true lastGap=1 need>=2 ok2=false
[Propose] S1 N0 时间条件满足: epoch=11->12 now=1780066226 InitTime=1780066202 lastpropose=1780066224 wallGap=24>=20 lastGap=2>=2 → propose1
[Propose] S1 N0 等待 sequenceLock…
[Propose] S1 N0 已持有 sequenceLock，seqID=11 即将 propose1
[propose1] S1 N0 seq=11 Tx_pool.Queue_len=1078
left_count: 500
更新树花时间为: 59
写数据库IO花时间为: 68
编号为 11 的区块已加入本地区块链！curBlock: 
blockHeader: 
[9bddeab226f54edf7c48182b75005be48c4473a562695a14501d27f5e958fa9e 1a128e630a3cc9247d39294ad77cc8fc93a46378511decaa23c610c6a308c76f 384d3fc55598654187447aca39701ce01eda8b900c1acdc1e26d29f054610081 11 1780066226]
# of transactions: 500
# of TXmig1s: 0
# of In1s: 0
# of Anns: 0
# of NSs: 0
blockHash: 
98d6960ff2cc93c8de3529c596e86b682463e3479634d2a4169d47cb974267d0

第11个块开始准备relay

[Propose wait] S1 N0 spin=1 epoch=12 now=1780066226 InitTime=1780066202 lastpropose=1780066226 wallGap=24 need>=22 ok1=true lastGap=0 need>=2 ok2=false
[handleTxFromClient] S1 N0 recv client batch, tx_count=188
[handleTxFromClient] S1 N0 append to Tx_pool.Queue: local_queued=188 forward_other_shard=0 Queue_total_len=766

第11个块结束relay

[Propose wait] S1 N0 spin=50 epoch=12 now=1780066227 InitTime=1780066202 lastpropose=1780066226 wallGap=25 need>=22 ok1=true lastGap=1 need>=2 ok2=false
[Propose] S1 N0 时间条件满足: epoch=12->13 now=1780066228 InitTime=1780066202 lastpropose=1780066226 wallGap=26>=22 lastGap=2>=2 → propose1
[Propose] S1 N0 等待 sequenceLock…
[Propose] S1 N0 已持有 sequenceLock，seqID=12 即将 propose1
[propose1] S1 N0 seq=12 Tx_pool.Queue_len=986
left_count: 500
更新树花时间为: 70
写数据库IO花时间为: 78
编号为 12 的区块已加入本地区块链！curBlock: 
blockHeader: 
[98d6960ff2cc93c8de3529c596e86b682463e3479634d2a4169d47cb974267d0 bbb6f93d822c358b0e340168a10ce8f002a259389be396aa622328fb9497ea81 0606f58e6318b1ba9aa3d1cf6c18e172b01304a2d9c4e0a7c3b0f2b6820e02cc 12 1780066228]
# of transactions: 500
# of TXmig1s: 0
# of In1s: 0
# of Anns: 0
# of NSs: 0
blockHash: 
e7e82e0b194f738d49dca6c217bf130ba358fbb94470d467d7604db4b746a357

第12个块开始准备relay

[Propose wait] S1 N0 spin=1 epoch=13 now=1780066228 InitTime=1780066202 lastpropose=1780066228 wallGap=26 need>=24 ok1=true lastGap=0 need>=2 ok2=false
[handleTxFromClient] S1 N0 recv client batch, tx_count=179
[handleTxFromClient] S1 N0 append to Tx_pool.Queue: local_queued=179 forward_other_shard=0 Queue_total_len=665

第12个块结束relay

[Propose wait] S1 N0 spin=50 epoch=13 now=1780066229 InitTime=1780066202 lastpropose=1780066228 wallGap=27 need>=24 ok1=true lastGap=1 need>=2 ok2=false
[Propose] S1 N0 时间条件满足: epoch=13->14 now=1780066230 InitTime=1780066202 lastpropose=1780066228 wallGap=28>=24 lastGap=2>=2 → propose1
[Propose] S1 N0 等待 sequenceLock…
[Propose] S1 N0 已持有 sequenceLock，seqID=13 即将 propose1
[propose1] S1 N0 seq=13 Tx_pool.Queue_len=789
left_count: 500
更新树花时间为: 79
写数据库IO花时间为: 88
编号为 13 的区块已加入本地区块链！curBlock: 
blockHeader: 
[e7e82e0b194f738d49dca6c217bf130ba358fbb94470d467d7604db4b746a357 af8a1c78ae24b8243e4409a2b9fcb518768ea40675b2ea20f1bf13218541bf9d 73666565cafc7d5ca3e6585a2e4aa75c620c06e720adb8e6a8702bb9167bd44c 13 1780066230]
# of transactions: 500
# of TXmig1s: 0
# of In1s: 0
# of Anns: 0
# of NSs: 0
blockHash: 
233c0165beb6836bc675171fb87236395fffa199c472757ff3b3be785416c39d

第13个块开始准备relay

[Propose wait] S1 N0 spin=1 epoch=14 now=1780066230 InitTime=1780066202 lastpropose=1780066230 wallGap=28 need>=26 ok1=true lastGap=0 need>=2 ok2=false
[handleTxFromClient] S1 N0 recv client batch, tx_count=199
[handleTxFromClient] S1 N0 append to Tx_pool.Queue: local_queued=199 forward_other_shard=0 Queue_total_len=488

第13个块结束relay

[Propose wait] S1 N0 spin=50 epoch=14 now=1780066231 InitTime=1780066202 lastpropose=1780066230 wallGap=29 need>=26 ok1=true lastGap=1 need>=2 ok2=false
[Propose] S1 N0 时间条件满足: epoch=14->15 now=1780066232 InitTime=1780066202 lastpropose=1780066230 wallGap=30>=26 lastGap=2>=2 → propose1
[Propose] S1 N0 等待 sequenceLock…
[Propose] S1 N0 已持有 sequenceLock，seqID=14 即将 propose1
[propose1] S1 N0 seq=14 Tx_pool.Queue_len=717
left_count: 500
更新树花时间为: 76
写数据库IO花时间为: 82
编号为 14 的区块已加入本地区块链！curBlock: 
blockHeader: 
[233c0165beb6836bc675171fb87236395fffa199c472757ff3b3be785416c39d 336fc8f90ec85680d18107191d4822a6e4f342e867bc3a704676f3cd603132a1 1474321e7e452e33140d46a6eda96ae8bd94767c612f136a6cb5542f1f281004 14 1780066232]
# of transactions: 500
# of TXmig1s: 0
# of In1s: 0
# of Anns: 0
# of NSs: 0
blockHash: 
f7089196018eeaf31429319045d4b41587311e25aa33315a9642c27d2b7c0b2c

第14个块开始准备relay

[Propose wait] S1 N0 spin=1 epoch=15 now=1780066232 InitTime=1780066202 lastpropose=1780066232 wallGap=30 need>=28 ok1=true lastGap=0 need>=2 ok2=false
[handleTxFromClient] S1 N0 recv client batch, tx_count=362
[handleTxFromClient] S1 N0 append to Tx_pool.Queue: local_queued=362 forward_other_shard=0 Queue_total_len=579

第14个块结束relay

[Propose wait] S1 N0 spin=50 epoch=15 now=1780066233 InitTime=1780066202 lastpropose=1780066232 wallGap=31 need>=28 ok1=true lastGap=1 need>=2 ok2=false
[Propose] S1 N0 时间条件满足: epoch=15->16 now=1780066234 InitTime=1780066202 lastpropose=1780066232 wallGap=32>=28 lastGap=2>=2 → propose1
[Propose] S1 N0 等待 sequenceLock…
[Propose] S1 N0 已持有 sequenceLock，seqID=15 即将 propose1
[propose1] S1 N0 seq=15 Tx_pool.Queue_len=774
left_count: 500
更新树花时间为: 67
写数据库IO花时间为: 73
编号为 15 的区块已加入本地区块链！curBlock: 
blockHeader: 
[f7089196018eeaf31429319045d4b41587311e25aa33315a9642c27d2b7c0b2c d91aa088f8a9c0f6e73d23d952c637cf0350cf37e6bdb1480dea3df078e453ca 381b67356c9d5ff2ea8b75734473047584b4262c4104346521e1018a67656d5c 15 1780066234]
# of transactions: 500
# of TXmig1s: 0
# of In1s: 0
# of Anns: 0
# of NSs: 0
blockHash: 
68a83adf7615fab82142ac073987e7e8b282c65754543a294f7def805d1320bf

第15个块开始准备relay

[Propose wait] S1 N0 spin=1 epoch=16 now=1780066234 InitTime=1780066202 lastpropose=1780066234 wallGap=32 need>=30 ok1=true lastGap=0 need>=2 ok2=false
[handleTxFromClient] S1 N0 recv client batch, tx_count=151
[handleTxFromClient] S1 N0 append to Tx_pool.Queue: local_queued=151 forward_other_shard=0 Queue_total_len=425

第15个块结束relay

[Propose wait] S1 N0 spin=50 epoch=16 now=1780066235 InitTime=1780066202 lastpropose=1780066234 wallGap=33 need>=30 ok1=true lastGap=1 need>=2 ok2=false
[Propose] S1 N0 时间条件满足: epoch=16->17 now=1780066236 InitTime=1780066202 lastpropose=1780066234 wallGap=34>=30 lastGap=2>=2 → propose1
[Propose] S1 N0 等待 sequenceLock…
[Propose] S1 N0 已持有 sequenceLock，seqID=16 即将 propose1
[propose1] S1 N0 seq=16 Tx_pool.Queue_len=592
left_count: 500
更新树花时间为: 53
写数据库IO花时间为: 81
编号为 16 的区块已加入本地区块链！curBlock: 
blockHeader: 
[68a83adf7615fab82142ac073987e7e8b282c65754543a294f7def805d1320bf 7a1dace9537a95a68063c7171eae453e81dd49ab68b18aeda357b031c6f08154 fa82da876419a6d1e6dc596529ae855a6c5e64739c20a6505012c3b45bad06b7 16 1780066236]
# of transactions: 500
# of TXmig1s: 0
# of In1s: 0
# of Anns: 0
# of NSs: 0
blockHash: 
964fd6bdcd77b6858096a01db13efbe17f216ef5ac86cf622dc636e79fb9f516

第16个块开始准备relay

[Propose wait] S1 N0 spin=1 epoch=17 now=1780066236 InitTime=1780066202 lastpropose=1780066236 wallGap=34 need>=32 ok1=true lastGap=0 need>=2 ok2=false
[handleTxFromClient] S1 N0 recv client batch, tx_count=320
[handleTxFromClient] S1 N0 append to Tx_pool.Queue: local_queued=320 forward_other_shard=0 Queue_total_len=412

第16个块结束relay

[Propose wait] S1 N0 spin=50 epoch=17 now=1780066237 InitTime=1780066202 lastpropose=1780066236 wallGap=35 need>=32 ok1=true lastGap=1 need>=2 ok2=false
[Propose] S1 N0 时间条件满足: epoch=17->18 now=1780066238 InitTime=1780066202 lastpropose=1780066236 wallGap=36>=32 lastGap=2>=2 → propose1
[Propose] S1 N0 等待 sequenceLock…
[Propose] S1 N0 已持有 sequenceLock，seqID=17 即将 propose1
[propose1] S1 N0 seq=17 Tx_pool.Queue_len=686
left_count: 500
更新树花时间为: 65
写数据库IO花时间为: 72
编号为 17 的区块已加入本地区块链！curBlock: 
blockHeader: 
[964fd6bdcd77b6858096a01db13efbe17f216ef5ac86cf622dc636e79fb9f516 370615fa04946763eafb15b0d864a88a97f9e0c3a875801f10d1900337087885 0defeb63328744959254a0721a8342c204208361912a48eb971e907b07473f2d 17 1780066238]
# of transactions: 500
# of TXmig1s: 0
# of In1s: 0
# of Anns: 0
# of NSs: 0
blockHash: 
977d9a3f197bb1f20419934a3110d5eb18db7bc293138bce1b137dc38cd2f40d

第17个块开始准备relay

[Propose wait] S1 N0 spin=1 epoch=18 now=1780066238 InitTime=1780066202 lastpropose=1780066238 wallGap=36 need>=34 ok1=true lastGap=0 need>=2 ok2=false
[handleTxFromClient] S1 N0 recv client batch, tx_count=780
[handleTxFromClient] S1 N0 append to Tx_pool.Queue: local_queued=780 forward_other_shard=0 Queue_total_len=966

第17个块结束relay

[Propose wait] S1 N0 spin=50 epoch=18 now=1780066239 InitTime=1780066202 lastpropose=1780066238 wallGap=37 need>=34 ok1=true lastGap=1 need>=2 ok2=false
[Propose] S1 N0 时间条件满足: epoch=18->19 now=1780066240 InitTime=1780066202 lastpropose=1780066238 wallGap=38>=34 lastGap=2>=2 → propose1
[Propose] S1 N0 等待 sequenceLock…
[Propose] S1 N0 已持有 sequenceLock，seqID=18 即将 propose1
[propose1] S1 N0 seq=18 Tx_pool.Queue_len=1184
left_count: 500
更新树花时间为: 59
写数据库IO花时间为: 66
编号为 18 的区块已加入本地区块链！curBlock: 
blockHeader: 
[977d9a3f197bb1f20419934a3110d5eb18db7bc293138bce1b137dc38cd2f40d bcda20f6677fcea50c6f1aedee9651b45c89916c524e0c9d1a67bb9643a6ccaa d1bb87e77323e7659f63ecc67e4ba7a63662f06707ba0c0bed8bc7242e58fcfa 18 1780066240]
# of transactions: 500
# of TXmig1s: 0
# of In1s: 0
# of Anns: 0
# of NSs: 0
blockHash: 
0525955791ebc1a9381363d42ab3d0a94d2d618c9f573cfe5a219ca238d482fa

第18个块开始准备relay

[Propose wait] S1 N0 spin=1 epoch=19 now=1780066240 InitTime=1780066202 lastpropose=1780066240 wallGap=38 need>=36 ok1=true lastGap=0 need>=2 ok2=false
[handleTxFromClient] S1 N0 recv client batch, tx_count=382
[handleTxFromClient] S1 N0 append to Tx_pool.Queue: local_queued=382 forward_other_shard=0 Queue_total_len=1066

第18个块结束relay

[Propose wait] S1 N0 spin=50 epoch=19 now=1780066241 InitTime=1780066202 lastpropose=1780066240 wallGap=39 need>=36 ok1=true lastGap=1 need>=2 ok2=false
[Propose] S1 N0 时间条件满足: epoch=19->20 now=1780066242 InitTime=1780066202 lastpropose=1780066240 wallGap=40>=36 lastGap=2>=2 → propose1
[Propose] S1 N0 等待 sequenceLock…
[Propose] S1 N0 已持有 sequenceLock，seqID=19 即将 propose1
[propose1] S1 N0 seq=19 Tx_pool.Queue_len=1283
left_count: 500
更新树花时间为: 81
写数据库IO花时间为: 87
编号为 19 的区块已加入本地区块链！curBlock: 
blockHeader: 
[0525955791ebc1a9381363d42ab3d0a94d2d618c9f573cfe5a219ca238d482fa 8086b9f6a3ff98f1454bed5597c88676dd5ee04a1a5dcb10d004238bdefd6a05 201f7fb709ed2f709d11818fdc4441182e9ae00cb95a710e65fc3939aa77e69d 19 1780066242]
# of transactions: 500
# of TXmig1s: 0
# of In1s: 0
# of Anns: 0
# of NSs: 0
blockHash: 
02156a757bbe592409abe4d05ef0cda39acca07816671f56bb37c2ea181d267a

第19个块开始准备relay

[Propose wait] S1 N0 spin=1 epoch=20 now=1780066242 InitTime=1780066202 lastpropose=1780066242 wallGap=40 need>=38 ok1=true lastGap=0 need>=2 ok2=false
[handleTxFromClient] S1 N0 recv client batch, tx_count=792
[handleTxFromClient] S1 N0 append to Tx_pool.Queue: local_queued=792 forward_other_shard=0 Queue_total_len=1575

第19个块结束relay

[Propose wait] S1 N0 spin=50 epoch=20 now=1780066243 InitTime=1780066202 lastpropose=1780066242 wallGap=41 need>=38 ok1=true lastGap=1 need>=2 ok2=false
[Propose] S1 N0 时间条件满足: epoch=20->21 now=1780066244 InitTime=1780066202 lastpropose=1780066242 wallGap=42>=38 lastGap=2>=2 → propose1
[Propose] S1 N0 等待 sequenceLock…
[Propose] S1 N0 已持有 sequenceLock，seqID=20 即将 propose1
[propose1] S1 N0 seq=20 Tx_pool.Queue_len=1757
left_count: 500
更新树花时间为: 56
写数据库IO花时间为: 67
编号为 20 的区块已加入本地区块链！curBlock: 
blockHeader: 
[02156a757bbe592409abe4d05ef0cda39acca07816671f56bb37c2ea181d267a 70d791c67cfecad1fa2ed49de4259ea6c8e8bbf0cc8356b7867d2c4ebc2b599e d61867bea4bdb33656dfa7ebe0d80bb6db8f149c97d5fc5550446becd8270e2b 20 1780066244]
# of transactions: 500
# of TXmig1s: 0
# of In1s: 0
# of Anns: 0
# of NSs: 0
blockHash: 
347222765861938ddc7f9eee192ca77962b237cdb0b23d96ed6b5ee937ac67e4

第20个块开始准备relay

[Propose wait] S1 N0 spin=1 epoch=21 now=1780066244 InitTime=1780066202 lastpropose=1780066244 wallGap=42 need>=40 ok1=true lastGap=0 need>=2 ok2=false
[handleTxFromClient] S1 N0 recv client batch, tx_count=772
[handleTxFromClient] S1 N0 append to Tx_pool.Queue: local_queued=772 forward_other_shard=0 Queue_total_len=2029

第20个块结束relay

[Propose wait] S1 N0 spin=50 epoch=21 now=1780066245 InitTime=1780066202 lastpropose=1780066244 wallGap=43 need>=40 ok1=true lastGap=1 need>=2 ok2=false
[Propose] S1 N0 时间条件满足: epoch=21->22 now=1780066246 InitTime=1780066202 lastpropose=1780066244 wallGap=44>=40 lastGap=2>=2 → propose1
[Propose] S1 N0 等待 sequenceLock…
[Propose] S1 N0 已持有 sequenceLock，seqID=21 即将 propose1
[propose1] S1 N0 seq=21 Tx_pool.Queue_len=2280
left_count: 500
更新树花时间为: 52
写数据库IO花时间为: 61
编号为 21 的区块已加入本地区块链！curBlock: 
blockHeader: 
[347222765861938ddc7f9eee192ca77962b237cdb0b23d96ed6b5ee937ac67e4 546b6b485eced022d3f992a22c8fa9bcbd546ca43b9279df026e98cc44ad2df8 6047f81d1f697390435672a72c6044b6e339a3997f14c6aa0ef908e73e0cb5e5 21 1780066246]
# of transactions: 500
# of TXmig1s: 0
# of In1s: 0
# of Anns: 0
# of NSs: 0
blockHash: 
009404c32f08aaab62e42d48ed80b7d702a3033ef9a2a2d7246779df54c24d8f

第21个块开始准备relay

[Propose wait] S1 N0 spin=1 epoch=22 now=1780066246 InitTime=1780066202 lastpropose=1780066246 wallGap=44 need>=42 ok1=true lastGap=0 need>=2 ok2=false
本节点已接收到client发来准备迁移通知
本节点已将 pending 发送到 client（1780 笔）
本节点已接收到客户端发送的新映射
[handleTxFromClient] S1 N0 recv client batch, tx_count=759
[handleTxFromClient] S1 N0 append to Tx_pool.Queue: local_queued=759 forward_other_shard=0 Queue_total_len=2539

第21个块结束relay

[Propose wait] S1 N0 spin=50 epoch=22 now=1780066247 InitTime=1780066202 lastpropose=1780066246 wallGap=45 need>=42 ok1=true lastGap=1 need>=2 ok2=false
[Propose] S1 N0 时间条件满足: epoch=22->23 now=1780066248 InitTime=1780066202 lastpropose=1780066246 wallGap=46>=42 lastGap=2>=2 → propose1
[Propose] S1 N0 等待 sequenceLock…
[Propose] S1 N0 已持有 sequenceLock，seqID=22 即将 propose1
[propose1] S1 N0 seq=22 Tx_pool.Queue_len=2738
left_count: 200
更新树花时间为: 57
写数据库IO花时间为: 63
编号为 22 的区块已加入本地区块链！curBlock: 
blockHeader: 
[009404c32f08aaab62e42d48ed80b7d702a3033ef9a2a2d7246779df54c24d8f f45be2d99566bee9d82cb792e1599ed97529feecb9b540e2265d9f5b28852f6b 82b306077932f9d96f3ca38e296ec5f2e5c9720a56ee4081a747060f6ab491ea 22 1780066248]
# of transactions: 200
# of TXmig1s: 300
# of In1s: 0
# of Anns: 0
# of NSs: 0
blockHash: 
2151725ae959517b81c5feca6446d28855dcdda3254f7f42ec7835a1d0a2c776

本节点已接收到分片S0发来的迁移请求 
9999999999999999999775000000000000000000


第22个块开始准备relay

[Propose wait] S1 N0 spin=1 epoch=23 now=1780066248 InitTime=1780066202 lastpropose=1780066248 wallGap=46 need>=44 ok1=true lastGap=0 need>=2 ok2=false

第22个块结束relay

[handleTxFromClient] S1 N0 recv client batch, tx_count=767
[handleTxFromClient] S1 N0 append to Tx_pool.Queue: local_queued=767 forward_other_shard=0 Queue_total_len=3305
[Propose wait] S1 N0 spin=50 epoch=23 now=1780066249 InitTime=1780066202 lastpropose=1780066248 wallGap=47 need>=44 ok1=true lastGap=1 need>=2 ok2=false
[Propose] S1 N0 时间条件满足: epoch=23->24 now=1780066250 InitTime=1780066202 lastpropose=1780066248 wallGap=48>=44 lastGap=2>=2 → propose1
[Propose] S1 N0 等待 sequenceLock…
[Propose] S1 N0 已持有 sequenceLock，seqID=23 即将 propose1
[propose1] S1 N0 seq=23 Tx_pool.Queue_len=3443
left_count: 300
更新树花时间为: 68
写数据库IO花时间为: 77
编号为 23 的区块已加入本地区块链！curBlock: 
blockHeader: 
[2151725ae959517b81c5feca6446d28855dcdda3254f7f42ec7835a1d0a2c776 9263528b12359d2b969a49107deeaf026512c6c6f04e0b7cacdcc45e9ce4a6b0 ccd2eef2441557e7cbc2cbdb36e35ede6c7db36c910a7aa86d6b0a659f08aae1 23 1780066250]
# of transactions: 300
# of TXmig1s: 169
# of In1s: 31
# of Anns: 0
# of NSs: 0
blockHash: 
a72e1b88d1316b7df7f19271a14672af33ce7620c282ba28745785f877d470b3

第23个块开始准备relay

[Propose wait] S1 N0 spin=1 epoch=24 now=1780066250 InitTime=1780066202 lastpropose=1780066250 wallGap=48 need>=46 ok1=true lastGap=0 need>=2 ok2=false

第23个块结束relay

[handleTxFromClient] S1 N0 recv client batch, tx_count=772
[handleTxFromClient] S1 N0 append to Tx_pool.Queue: local_queued=772 forward_other_shard=0 Queue_total_len=4036
[Propose wait] S1 N0 spin=50 epoch=24 now=1780066251 InitTime=1780066202 lastpropose=1780066250 wallGap=49 need>=46 ok1=true lastGap=1 need>=2 ok2=false
[Propose] S1 N0 时间条件满足: epoch=24->25 now=1780066252 InitTime=1780066202 lastpropose=1780066250 wallGap=50>=46 lastGap=2>=2 → propose1
[Propose] S1 N0 等待 sequenceLock…
[Propose] S1 N0 已持有 sequenceLock，seqID=24 即将 propose1
[propose1] S1 N0 seq=24 Tx_pool.Queue_len=4036
left_count: 500
更新树花时间为: 64
写数据库IO花时间为: 92
编号为 24 的区块已加入本地区块链！curBlock: 
blockHeader: 
[a72e1b88d1316b7df7f19271a14672af33ce7620c282ba28745785f877d470b3 93decf861e60a508b0fd9ca6d6af427ccff4d60282af1c9cd4b2916d0da45b35 7cc8e2a06fafd5e525f59f6052eb176367e20fa450c707bf74f3eeef76f60a96 24 1780066252]
# of transactions: 500
# of TXmig1s: 0
# of In1s: 0
# of Anns: 0
# of NSs: 0
blockHash: 
21726c73f14cb02c3c04c083bc73861cea71eb95c5ba9a0eda8b48f6a6ef121d

第24个块开始准备relay

[Propose wait] S1 N0 spin=1 epoch=25 now=1780066252 InitTime=1780066202 lastpropose=1780066252 wallGap=50 need>=48 ok1=true lastGap=0 need>=2 ok2=false
时间：1780066252214  本节点已接收到新
本节点已将迁移过来的pending交易的账户数量发送到client

[handleTxFromClient] S1 N0 recv client batch, tx_count=789
[handleTxFromClient] S1 N0 append to Tx_pool.Queue: local_queued=789 forward_other_shard=0 Queue_total_len=4266
本节点已接收到分片S0发来通知 
1
2
3

第24个块结束relay

[Propose wait] S1 N0 spin=50 epoch=25 now=1780066253 InitTime=1780066202 lastpropose=1780066252 wallGap=51 need>=48 ok1=true lastGap=1 need>=2 ok2=false
本节点已接收到分片S0发来通知 
1
2
3
[Propose] S1 N0 时间条件满足: epoch=25->26 now=1780066254 InitTime=1780066202 lastpropose=1780066252 wallGap=52>=48 lastGap=2>=2 → propose1
[Propose] S1 N0 等待 sequenceLock…
[Propose] S1 N0 已持有 sequenceLock，seqID=25 即将 propose1
[propose1] S1 N0 seq=25 Tx_pool.Queue_len=4266
left_count: 200
更新树花时间为: 67
写数据库IO花时间为: 96
编号为 25 的区块已加入本地区块链！curBlock: 
blockHeader: 
[21726c73f14cb02c3c04c083bc73861cea71eb95c5ba9a0eda8b48f6a6ef121d 8134b225a823c1fe768f789f76a22585b06dee07e0ba443856c913ed82caf835 45aa588b01dadb18071493707d8002551b82d03b7b5090cb016fd20fc6822eb5 25 1780066254]
# of transactions: 200
# of TXmig1s: 0
# of In1s: 0
# of Anns: 300
# of NSs: 0
blockHash: 
a41a7778b4c6dc29e8b6d82e0600a75f1980dc72f21fd06d29db4bd0827d8a62
handleAnns时是第25个块

handleannounce交易池操作时差为：2001
handleannounce两锁时差为：3001


第25个块开始准备relay

[Propose wait] S1 N0 spin=1 epoch=26 now=1780066254 InitTime=1780066202 lastpropose=1780066254 wallGap=52 need>=50 ok1=true lastGap=0 need>=2 ok2=false
时间：52301  正在向分片S0的主节点发送新
本节点已将不变的账户数量发送到client


第25个块结束relay

[handleTxFromClient] S1 N0 recv client batch, tx_count=697
[handleTxFromClient] S1 N0 append to Tx_pool.Queue: local_queued=697 forward_other_shard=0 Queue_total_len=4580
[Propose wait] S1 N0 spin=50 epoch=26 now=1780066255 InitTime=1780066202 lastpropose=1780066254 wallGap=53 need>=50 ok1=true lastGap=1 need>=2 ok2=false
[Propose] S1 N0 时间条件满足: epoch=26->27 now=1780066256 InitTime=1780066202 lastpropose=1780066254 wallGap=54>=50 lastGap=2>=2 → propose1
[Propose] S1 N0 等待 sequenceLock…
[Propose] S1 N0 已持有 sequenceLock，seqID=26 即将 propose1
[propose1] S1 N0 seq=26 Tx_pool.Queue_len=4580
left_count: 331
更新树花时间为: 62
写数据库IO花时间为: 88
编号为 26 的区块已加入本地区块链！curBlock: 
blockHeader: 
[a41a7778b4c6dc29e8b6d82e0600a75f1980dc72f21fd06d29db4bd0827d8a62 878a00323f1f1d8ab48e2eaf42fa2921fcda5dd426d1c2017e1deffddf1027dd 425d33ddfd64b9166e13a782fb8754347a6104e34150e4b87b53194238f65eab 26 1780066256]
# of transactions: 331
# of TXmig1s: 0
# of In1s: 0
# of Anns: 169
# of NSs: 0
blockHash: 
e8fe9ca45bac739c40ba65aa4be1979606413d8916deaa12bd2d2eef1b21d94c
handleAnns时是第26个块

handleannounce交易池操作时差为：2141
handleannounce两锁时差为：2141


第26个块开始准备relay

[Propose wait] S1 N0 spin=1 epoch=27 now=1780066256 InitTime=1780066202 lastpropose=1780066256 wallGap=54 need>=52 ok1=true lastGap=0 need>=2 ok2=false
时间：54234  正在向分片S0的主节点发送新
本节点已将不变的账户数量发送到client


第26个块结束relay

[Propose wait] S1 N0 spin=50 epoch=27 now=1780066257 InitTime=1780066202 lastpropose=1780066256 wallGap=55 need>=52 ok1=true lastGap=1 need>=2 ok2=false
[Propose] S1 N0 时间条件满足: epoch=27->28 now=1780066258 InitTime=1780066202 lastpropose=1780066256 wallGap=56>=52 lastGap=2>=2 → propose1
[Propose] S1 N0 等待 sequenceLock…
[Propose] S1 N0 已持有 sequenceLock，seqID=27 即将 propose1
[propose1] S1 N0 seq=27 Tx_pool.Queue_len=4230
left_count: 500
更新树花时间为: 83
写数据库IO花时间为: 100
编号为 27 的区块已加入本地区块链！curBlock: 
blockHeader: 
[e8fe9ca45bac739c40ba65aa4be1979606413d8916deaa12bd2d2eef1b21d94c d4bd47acc97f0547cd58f48f15fc0c8267ba52f18722128335c035e8c5e3ac27 58d9c91001bf4fb50ff0909851352017b70069e41c91dec8f9b8c9c449269ece 27 1780066258]
# of transactions: 500
# of TXmig1s: 0
# of In1s: 0
# of Anns: 0
# of NSs: 0
blockHash: 
cf2a3c11772ccc280086fb0fcb11acd98dd8e8fcd51af60b4724b389c59994ae

第27个块开始准备relay

[Propose wait] S1 N0 spin=1 epoch=28 now=1780066258 InitTime=1780066202 lastpropose=1780066258 wallGap=56 need>=54 ok1=true lastGap=0 need>=2 ok2=false

第27个块结束relay

[Propose wait] S1 N0 spin=50 epoch=28 now=1780066259 InitTime=1780066202 lastpropose=1780066258 wallGap=57 need>=54 ok1=true lastGap=1 need>=2 ok2=false
[Propose] S1 N0 时间条件满足: epoch=28->29 now=1780066260 InitTime=1780066202 lastpropose=1780066258 wallGap=58>=54 lastGap=2>=2 → propose1
[Propose] S1 N0 等待 sequenceLock…
[Propose] S1 N0 已持有 sequenceLock，seqID=28 即将 propose1
[propose1] S1 N0 seq=28 Tx_pool.Queue_len=3730
left_count: 500
更新树花时间为: 72
写数据库IO花时间为: 78
编号为 28 的区块已加入本地区块链！curBlock: 
blockHeader: 
[cf2a3c11772ccc280086fb0fcb11acd98dd8e8fcd51af60b4724b389c59994ae 1e4f7212677fa465de5333b16d0814ac855dd2738a71855d4b79c414ef269d3c d6088d2b0006fa798d42a32edf887ad5de8a00142670ba4521e46cb6ea1caf05 28 1780066260]
# of transactions: 500
# of TXmig1s: 0
# of In1s: 0
# of Anns: 0
# of NSs: 0
blockHash: 
52bd7670c320c83204299e31670558e9db40743d14738903dc6b5d68bf386a6c

第28个块开始准备relay

[Propose wait] S1 N0 spin=1 epoch=29 now=1780066260 InitTime=1780066202 lastpropose=1780066260 wallGap=58 need>=56 ok1=true lastGap=0 need>=2 ok2=false

第28个块结束relay

[Propose wait] S1 N0 spin=50 epoch=29 now=1780066261 InitTime=1780066202 lastpropose=1780066260 wallGap=59 need>=56 ok1=true lastGap=1 need>=2 ok2=false
[Propose] S1 N0 时间条件满足: epoch=29->30 now=1780066262 InitTime=1780066202 lastpropose=1780066260 wallGap=60>=56 lastGap=2>=2 → propose1
[Propose] S1 N0 等待 sequenceLock…
[Propose] S1 N0 已持有 sequenceLock，seqID=29 即将 propose1
[propose1] S1 N0 seq=29 Tx_pool.Queue_len=3295
left_count: 500
更新树花时间为: 74
写数据库IO花时间为: 80
编号为 29 的区块已加入本地区块链！curBlock: 
blockHeader: 
[52bd7670c320c83204299e31670558e9db40743d14738903dc6b5d68bf386a6c 34a07543565e0c69720d1728061310dc6c30ee7f54a192ef23f3532eaae70ae0 850a0fb242a34e8c842d31a955323edab19260ac7f146b541b722bdc026a6b95 29 1780066262]
# of transactions: 500
# of TXmig1s: 0
# of In1s: 0
# of Anns: 0
# of NSs: 0
blockHash: 
0c9529ed21a7ad65855098433d1ad5a41b8253f369003cae899d78bba8acf752

第29个块开始准备relay

[Propose wait] S1 N0 spin=1 epoch=30 now=1780066262 InitTime=1780066202 lastpropose=1780066262 wallGap=60 need>=58 ok1=true lastGap=0 need>=2 ok2=false

第29个块结束relay

[Propose wait] S1 N0 spin=50 epoch=30 now=1780066263 InitTime=1780066202 lastpropose=1780066262 wallGap=61 need>=58 ok1=true lastGap=1 need>=2 ok2=false
[Propose] S1 N0 时间条件满足: epoch=30->31 now=1780066264 InitTime=1780066202 lastpropose=1780066262 wallGap=62>=58 lastGap=2>=2 → propose1
[Propose] S1 N0 等待 sequenceLock…
[Propose] S1 N0 已持有 sequenceLock，seqID=30 即将 propose1
[propose1] S1 N0 seq=30 Tx_pool.Queue_len=2795
left_count: 500
更新树花时间为: 53
写数据库IO花时间为: 60
编号为 30 的区块已加入本地区块链！curBlock: 
blockHeader: 
[0c9529ed21a7ad65855098433d1ad5a41b8253f369003cae899d78bba8acf752 c95c21455168809798cc6601886913cd883c3fec8a77eae8b7f1e05f150bd255 56f96c23ba0cd1ee65f6bc6f5cfd9473b95787048b7f8b17a80c06335dc23aad 30 1780066264]
# of transactions: 500
# of TXmig1s: 0
# of In1s: 0
# of Anns: 0
# of NSs: 0
blockHash: 
0736a5e8f9b1a9434ae56662e99b307f8f6e666869740dfdc6fb7c3997c6966d

第30个块开始准备relay

[Propose wait] S1 N0 spin=1 epoch=31 now=1780066264 InitTime=1780066202 lastpropose=1780066264 wallGap=62 need>=60 ok1=true lastGap=0 need>=2 ok2=false

第30个块结束relay

[Propose wait] S1 N0 spin=50 epoch=31 now=1780066265 InitTime=1780066202 lastpropose=1780066264 wallGap=63 need>=60 ok1=true lastGap=1 need>=2 ok2=false
[Propose] S1 N0 时间条件满足: epoch=31->32 now=1780066266 InitTime=1780066202 lastpropose=1780066264 wallGap=64>=60 lastGap=2>=2 → propose1
[Propose] S1 N0 等待 sequenceLock…
[Propose] S1 N0 已持有 sequenceLock，seqID=31 即将 propose1
[propose1] S1 N0 seq=31 Tx_pool.Queue_len=2295
left_count: 500
更新树花时间为: 67
写数据库IO花时间为: 74
编号为 31 的区块已加入本地区块链！curBlock: 
blockHeader: 
[0736a5e8f9b1a9434ae56662e99b307f8f6e666869740dfdc6fb7c3997c6966d 757b2fca56afd6220ffa69d983f89f7d5b0b786d99f0cb94f8b8545e39924ced e6ca23f5b2d0a756af8a354f0723083863c8e9db8df533c58e2ad1cceee924c5 31 1780066266]
# of transactions: 500
# of TXmig1s: 0
# of In1s: 0
# of Anns: 0
# of NSs: 0
blockHash: 
6ebbeed3e8fcadf1333328a279dba225cf16907a196a742fbf99f86549389b98

第31个块开始准备relay

[Propose wait] S1 N0 spin=1 epoch=32 now=1780066266 InitTime=1780066202 lastpropose=1780066266 wallGap=64 need>=62 ok1=true lastGap=0 need>=2 ok2=false

第31个块结束relay

[Propose wait] S1 N0 spin=50 epoch=32 now=1780066267 InitTime=1780066202 lastpropose=1780066266 wallGap=65 need>=62 ok1=true lastGap=1 need>=2 ok2=false
[Propose] S1 N0 时间条件满足: epoch=32->33 now=1780066268 InitTime=1780066202 lastpropose=1780066266 wallGap=66>=62 lastGap=2>=2 → propose1
[Propose] S1 N0 等待 sequenceLock…
[Propose] S1 N0 已持有 sequenceLock，seqID=32 即将 propose1
[propose1] S1 N0 seq=32 Tx_pool.Queue_len=1795
left_count: 500
更新树花时间为: 70
写数据库IO花时间为: 79
编号为 32 的区块已加入本地区块链！curBlock: 
blockHeader: 
[6ebbeed3e8fcadf1333328a279dba225cf16907a196a742fbf99f86549389b98 ae9927c2326a247ee35fc9ffbeb7a27ea430469b5c9f87363af0b9b6a6f01346 8fea185ea2b189bc1e8fa29e5cadf5618b72a6ee00a5cd32a512633328a09105 32 1780066268]
# of transactions: 500
# of TXmig1s: 0
# of In1s: 0
# of Anns: 0
# of NSs: 0
blockHash: 
67b13145005856dc43471e272b790bbf9cb7d1faeee9dd75b9565a86624e7337

第32个块开始准备relay

[Propose wait] S1 N0 spin=1 epoch=33 now=1780066268 InitTime=1780066202 lastpropose=1780066268 wallGap=66 need>=64 ok1=true lastGap=0 need>=2 ok2=false

第32个块结束relay

[Propose wait] S1 N0 spin=50 epoch=33 now=1780066269 InitTime=1780066202 lastpropose=1780066268 wallGap=67 need>=64 ok1=true lastGap=1 need>=2 ok2=false
[Propose] S1 N0 时间条件满足: epoch=33->34 now=1780066270 InitTime=1780066202 lastpropose=1780066268 wallGap=68>=64 lastGap=2>=2 → propose1
[Propose] S1 N0 等待 sequenceLock…
[Propose] S1 N0 已持有 sequenceLock，seqID=33 即将 propose1
[propose1] S1 N0 seq=33 Tx_pool.Queue_len=1295
left_count: 500
更新树花时间为: 78
写数据库IO花时间为: 122
编号为 33 的区块已加入本地区块链！curBlock: 
blockHeader: 
[67b13145005856dc43471e272b790bbf9cb7d1faeee9dd75b9565a86624e7337 a6da05893fba4127e9a53113378195cfb025a42bfc19c41aea5d04032489bb56 561e3c9bde7e7c7b611a360193ddb0357c5f7ba9e2ef3d87a0aef0425dd61e64 33 1780066270]
# of transactions: 500
# of TXmig1s: 0
# of In1s: 0
# of Anns: 0
# of NSs: 0
blockHash: 
186d6ccaed25e60aa5d61d391cc22218c9681152d5c7958695268f81afd5893c

第33个块开始准备relay

[Propose wait] S1 N0 spin=1 epoch=34 now=1780066270 InitTime=1780066202 lastpropose=1780066270 wallGap=68 need>=66 ok1=true lastGap=0 need>=2 ok2=false

第33个块结束relay

[Propose wait] S1 N0 spin=50 epoch=34 now=1780066271 InitTime=1780066202 lastpropose=1780066270 wallGap=69 need>=66 ok1=true lastGap=1 need>=2 ok2=false
[Propose] S1 N0 时间条件满足: epoch=34->35 now=1780066272 InitTime=1780066202 lastpropose=1780066270 wallGap=70>=66 lastGap=2>=2 → propose1
[Propose] S1 N0 等待 sequenceLock…
[Propose] S1 N0 已持有 sequenceLock，seqID=34 即将 propose1
[propose1] S1 N0 seq=34 Tx_pool.Queue_len=795
left_count: 500
更新树花时间为: 92
写数据库IO花时间为: 98
编号为 34 的区块已加入本地区块链！curBlock: 
blockHeader: 
[186d6ccaed25e60aa5d61d391cc22218c9681152d5c7958695268f81afd5893c 89544f15c213a485a805a477172c07b442670e79e0a0c100d1381541ce87d5b0 e99ffe5cd0a1a63010d1f560e955a8ae272b81891be408a779beff64a74a99c8 34 1780066272]
# of transactions: 500
# of TXmig1s: 0
# of In1s: 0
# of Anns: 0
# of NSs: 0
blockHash: 
40031cdcbc66295d9d38aa85ef569bea316b0dbb8a3216c6f0f489eb7441937c

第34个块开始准备relay

[Propose wait] S1 N0 spin=1 epoch=35 now=1780066272 InitTime=1780066202 lastpropose=1780066272 wallGap=70 need>=68 ok1=true lastGap=0 need>=2 ok2=false

第34个块结束relay

[Propose wait] S1 N0 spin=50 epoch=35 now=1780066273 InitTime=1780066202 lastpropose=1780066272 wallGap=71 need>=68 ok1=true lastGap=1 need>=2 ok2=false
[Propose] S1 N0 时间条件满足: epoch=35->36 now=1780066274 InitTime=1780066202 lastpropose=1780066272 wallGap=72>=68 lastGap=2>=2 → propose1
[Propose] S1 N0 等待 sequenceLock…
[Propose] S1 N0 已持有 sequenceLock，seqID=35 即将 propose1
[propose1] S1 N0 seq=35 Tx_pool.Queue_len=295
left_count: 500
更新树花时间为: 28
写数据库IO花时间为: 36
编号为 35 的区块已加入本地区块链！curBlock: 
blockHeader: 
[40031cdcbc66295d9d38aa85ef569bea316b0dbb8a3216c6f0f489eb7441937c ceebb48208da9934d29f831c54e41ead8b1b990ffbb38b00a566d24a2706695f 5090e5e2901b5de619467002da7bdb1440b7fc154959c6323dac8292b16c29bb 35 1780066274]
# of transactions: 295
# of TXmig1s: 0
# of In1s: 0
# of Anns: 0
# of NSs: 0
blockHash: 
8cee70fcb1d1321a6c94bb2fe8e91f99e6762fc3f6e9a1b2e835bc600416a21a

第35个块开始准备relay

[Propose wait] S1 N0 spin=1 epoch=36 now=1780066274 InitTime=1780066202 lastpropose=1780066274 wallGap=72 need>=70 ok1=true lastGap=0 need>=2 ok2=false

第35个块结束relay

[Propose wait] S1 N0 spin=50 epoch=36 now=1780066275 InitTime=1780066202 lastpropose=1780066274 wallGap=73 need>=70 ok1=true lastGap=1 need>=2 ok2=false
[Propose] S1 N0 时间条件满足: epoch=36->37 now=1780066276 InitTime=1780066202 lastpropose=1780066274 wallGap=74>=70 lastGap=2>=2 → propose1
[Propose] S1 N0 等待 sequenceLock…
[Propose] S1 N0 已持有 sequenceLock，seqID=36 即将 propose1
[propose1] S1 N0 seq=36 Tx_pool.Queue_len=0
left_count: 500
更新树花时间为: 0
写数据库IO花时间为: 6
编号为 36 的区块已加入本地区块链！curBlock: 
blockHeader: 
[8cee70fcb1d1321a6c94bb2fe8e91f99e6762fc3f6e9a1b2e835bc600416a21a ceebb48208da9934d29f831c54e41ead8b1b990ffbb38b00a566d24a2706695f 56e81f171bcc55a6ff8345e692c0f86e5b48e01b996cadc001622fb5e363b421 36 1780066276]
# of transactions: 0
# of TXmig1s: 0
# of In1s: 0
# of Anns: 0
# of NSs: 0
blockHash: 
6479097ff241837f6f637cc12baf86db66fd96c15bd826923605b133b92a5595
[Propose wait] S1 N0 spin=1 epoch=37 now=1780066276 InitTime=1780066202 lastpropose=1780066276 wallGap=74 need>=72 ok1=true lastGap=0 need>=2 ok2=false
[Propose wait] S1 N0 spin=50 epoch=37 now=1780066277 InitTime=1780066202 lastpropose=1780066276 wallGap=75 need>=72 ok1=true lastGap=1 need>=2 ok2=false
[Propose] S1 N0 时间条件满足: epoch=37->38 now=1780066278 InitTime=1780066202 lastpropose=1780066276 wallGap=76>=72 lastGap=2>=2 → propose1
[Propose] S1 N0 等待 sequenceLock…
[Propose] S1 N0 已持有 sequenceLock，seqID=37 即将 propose1
[propose1] S1 N0 seq=37 Tx_pool.Queue_len=0
left_count: 500
更新树花时间为: 0
写数据库IO花时间为: 16
编号为 37 的区块已加入本地区块链！curBlock: 
blockHeader: 
[6479097ff241837f6f637cc12baf86db66fd96c15bd826923605b133b92a5595 ceebb48208da9934d29f831c54e41ead8b1b990ffbb38b00a566d24a2706695f 56e81f171bcc55a6ff8345e692c0f86e5b48e01b996cadc001622fb5e363b421 37 1780066278]
# of transactions: 0
# of TXmig1s: 0
# of In1s: 0
# of Anns: 0
# of NSs: 0
blockHash: 
9588048499dbc5b72ca97edc8eedfad4123e13a020bab426e53bd447a144c694
[Propose wait] S1 N0 spin=1 epoch=38 now=1780066278 InitTime=1780066202 lastpropose=1780066278 wallGap=76 need>=74 ok1=true lastGap=0 need>=2 ok2=false
[Propose wait] S1 N0 spin=50 epoch=38 now=1780066279 InitTime=1780066202 lastpropose=1780066278 wallGap=77 need>=74 ok1=true lastGap=1 need>=2 ok2=false
[Propose] S1 N0 时间条件满足: epoch=38->39 now=1780066280 InitTime=1780066202 lastpropose=1780066278 wallGap=78>=74 lastGap=2>=2 → propose1
[Propose] S1 N0 等待 sequenceLock…
[Propose] S1 N0 已持有 sequenceLock，seqID=38 即将 propose1
[propose1] S1 N0 seq=38 Tx_pool.Queue_len=0
left_count: 500
更新树花时间为: 0
写数据库IO花时间为: 9
编号为 38 的区块已加入本地区块链！curBlock: 
blockHeader: 
[9588048499dbc5b72ca97edc8eedfad4123e13a020bab426e53bd447a144c694 ceebb48208da9934d29f831c54e41ead8b1b990ffbb38b00a566d24a2706695f 56e81f171bcc55a6ff8345e692c0f86e5b48e01b996cadc001622fb5e363b421 38 1780066280]
# of transactions: 0
# of TXmig1s: 0
# of In1s: 0
# of Anns: 0
# of NSs: 0
blockHash: 
90767d94d312a9e6b893aacecaff1f609fd1ec91a5edbd55d5dac06c5f8beced
[Propose wait] S1 N0 spin=1 epoch=39 now=1780066280 InitTime=1780066202 lastpropose=1780066280 wallGap=78 need>=76 ok1=true lastGap=0 need>=2 ok2=false
[Propose wait] S1 N0 spin=50 epoch=39 now=1780066281 InitTime=1780066202 lastpropose=1780066280 wallGap=79 need>=76 ok1=true lastGap=1 need>=2 ok2=false
[Propose] S1 N0 时间条件满足: epoch=39->40 now=1780066282 InitTime=1780066202 lastpropose=1780066280 wallGap=80>=76 lastGap=2>=2 → propose1
[Propose] S1 N0 等待 sequenceLock…
[Propose] S1 N0 已持有 sequenceLock，seqID=39 即将 propose1
[propose1] S1 N0 seq=39 Tx_pool.Queue_len=0
left_count: 500
更新树花时间为: 0
写数据库IO花时间为: 16
编号为 39 的区块已加入本地区块链！curBlock: 
blockHeader: 
[90767d94d312a9e6b893aacecaff1f609fd1ec91a5edbd55d5dac06c5f8beced ceebb48208da9934d29f831c54e41ead8b1b990ffbb38b00a566d24a2706695f 56e81f171bcc55a6ff8345e692c0f86e5b48e01b996cadc001622fb5e363b421 39 1780066282]
# of transactions: 0
# of TXmig1s: 0
# of In1s: 0
# of Anns: 0
# of NSs: 0
blockHash: 
bb41efcff98febae673a23db04e96f118d579384aa31bd37f05e8e1afe100d13
[Propose wait] S1 N0 spin=1 epoch=40 now=1780066282 InitTime=1780066202 lastpropose=1780066282 wallGap=80 need>=78 ok1=true lastGap=0 need>=2 ok2=false
[Propose wait] S1 N0 spin=50 epoch=40 now=1780066283 InitTime=1780066202 lastpropose=1780066282 wallGap=81 need>=78 ok1=true lastGap=1 need>=2 ok2=false
[Propose] S1 N0 时间条件满足: epoch=40->41 now=1780066284 InitTime=1780066202 lastpropose=1780066282 wallGap=82>=78 lastGap=2>=2 → propose1
[Propose] S1 N0 等待 sequenceLock…
[Propose] S1 N0 已持有 sequenceLock，seqID=40 即将 propose1
[propose1] S1 N0 seq=40 Tx_pool.Queue_len=0
left_count: 500
更新树花时间为: 0
写数据库IO花时间为: 7
编号为 40 的区块已加入本地区块链！curBlock: 
blockHeader: 
[bb41efcff98febae673a23db04e96f118d579384aa31bd37f05e8e1afe100d13 ceebb48208da9934d29f831c54e41ead8b1b990ffbb38b00a566d24a2706695f 56e81f171bcc55a6ff8345e692c0f86e5b48e01b996cadc001622fb5e363b421 40 1780066284]
# of transactions: 0
# of TXmig1s: 0
# of In1s: 0
# of Anns: 0
# of NSs: 0
blockHash: 
361f685342302156cb9cc04716325d766266d85d27caad375a0bc641777866fc
[Propose wait] S1 N0 spin=1 epoch=41 now=1780066284 InitTime=1780066202 lastpropose=1780066284 wallGap=82 need>=80 ok1=true lastGap=0 need>=2 ok2=false
[Propose wait] S1 N0 spin=50 epoch=41 now=1780066285 InitTime=1780066202 lastpropose=1780066284 wallGap=83 need>=80 ok1=true lastGap=1 need>=2 ok2=false
[Propose] S1 N0 时间条件满足: epoch=41->42 now=1780066286 InitTime=1780066202 lastpropose=1780066284 wallGap=84>=80 lastGap=2>=2 → propose1
[Propose] S1 N0 等待 sequenceLock…
[Propose] S1 N0 已持有 sequenceLock，seqID=41 即将 propose1
[propose1] S1 N0 seq=41 Tx_pool.Queue_len=0
left_count: 500
更新树花时间为: 0
写数据库IO花时间为: 12
编号为 41 的区块已加入本地区块链！curBlock: 
blockHeader: 
[361f685342302156cb9cc04716325d766266d85d27caad375a0bc641777866fc ceebb48208da9934d29f831c54e41ead8b1b990ffbb38b00a566d24a2706695f 56e81f171bcc55a6ff8345e692c0f86e5b48e01b996cadc001622fb5e363b421 41 1780066286]
# of transactions: 0
# of TXmig1s: 0
# of In1s: 0
# of Anns: 0
# of NSs: 0
blockHash: 
f0deb4e2ff5b24a0bc86351cc9ccfd5d6612c4e80b9e8aeabadfd75aa736fe43
[Propose wait] S1 N0 spin=1 epoch=42 now=1780066286 InitTime=1780066202 lastpropose=1780066286 wallGap=84 need>=82 ok1=true lastGap=0 need>=2 ok2=false
节点收到终止节点消息，停止运行
