MigrationStrategy=MVSS-Delta (Stop=false Lock=false NotLock=true)
&{77 N0 S0 2 0 selectedTxs_300K.csv 2 500 300 150 150 150 150 1000 10 1 400 20000 0 50000 20 true MVSS-Delta false false true false true false 3 false 8 false false false PageRank false 100 true false true 3 0 0 0  0}
[SyncLog] init ok shard=S0 node=N0 file=./log/S0_sync.csv
交易将由外部客户端发送
节点 N0 已启动，所属分片: S0
[Propose wait-first-tx] S0 N0 seq=1 Queue_len=0，首块等待交易注入后再出块
节点开启监听，地址：127.0.0.1:8010
[Propose wait-first-tx] S0 N0 seq=1 Queue_len=0，首块等待交易注入后再出块
[Propose wait-first-tx] S0 N0 seq=1 Queue_len=0，首块等待交易注入后再出块
[Propose wait-first-tx] S0 N0 seq=1 Queue_len=0，首块等待交易注入后再出块
[Propose wait-first-tx] S0 N0 seq=1 Queue_len=0，首块等待交易注入后再出块
[Propose wait-first-tx] S0 N0 seq=1 Queue_len=0，首块等待交易注入后再出块
[Propose wait-first-tx] S0 N0 seq=1 Queue_len=0，首块等待交易注入后再出块
[Propose wait-first-tx] S0 N0 seq=1 Queue_len=0，首块等待交易注入后再出块
[Propose wait-first-tx] S0 N0 seq=1 Queue_len=0，首块等待交易注入后再出块
[Propose wait-first-tx] S0 N0 seq=1 Queue_len=0，首块等待交易注入后再出块
[Propose wait-first-tx] S0 N0 seq=1 Queue_len=0，首块等待交易注入后再出块
[Propose wait-first-tx] S0 N0 seq=1 Queue_len=0，首块等待交易注入后再出块
[Propose wait-first-tx] S0 N0 seq=1 Queue_len=0，首块等待交易注入后再出块
[Propose wait-first-tx] S0 N0 seq=1 Queue_len=0，首块等待交易注入后再出块
[Propose wait-first-tx] S0 N0 seq=1 Queue_len=0，首块等待交易注入后再出块
本节点已接收到客户端发送的初始时间：1780902052（锚定 InitTime=1780902052，已重置 epoch=1）
[Propose wait-first-tx] S0 N0 seq=1 Queue_len=0，首块等待交易注入后再出块
[Propose wait-first-tx] S0 N0 seq=1 Queue_len=0，首块等待交易注入后再出块
[Propose wait-first-tx] S0 N0 seq=1 Queue_len=0，首块等待交易注入后再出块
[handleTxFromClient] S0 N0 recv client batch, tx_count=531
[handleTxFromClient] S0 N0 append to Tx_pool.Queue: local_queued=531 forward_other_shard=0 Queue_total_len=531
[Propose wait-first-tx] S0 N0 首块已检测到交易，结束等待，Queue_len=531
[Propose] S0 N0 时间条件满足: epoch=1->2 now=1780902056 InitTime=1780902052 lastpropose=1780902052 wallGap=4>=0 lastGap=4>=2 → propose1
[Propose] S0 N0 等待 sequenceLock…
[Propose] S0 N0 已持有 sequenceLock，seqID=1 即将 propose1
[propose1] S0 N0 seq=1 Tx_pool.Queue_len=531
left_count: 500
更新树花时间为: 53
写数据库IO花时间为: 58
编号为 1 的区块已加入本地区块链！curBlock: 
blockHeader: 
[1add38160db0458a48072f3ade543ffb4af4e9cfdf8f76549b9568e046a6a3ff 8f07b4744f5f025fd87db920d3b66bd9b33a71af217a54a0454e96dfdfa71414 f4b0ffea54065523f81b3e8657a3251769c5e05e7648ac76c6f8003a1c7d3b8b 1 1780902056]
# of transactions: 500
# of TXmig1s: 0
# of In1s: 0
# of Anns: 0
# of NSs: 0
blockHash: 
85dceb0551d5e26bffe4c7af0ebe58cf2fe9fd9b421b8237cfd6391afe46c1dd

第1个块开始准备relay

[Propose wait] S0 N0 spin=1 epoch=2 now=1780902056 InitTime=1780902052 lastpropose=1780902056 wallGap=4 need>=2 ok1=true lastGap=0 need>=2 ok2=false

第1个块结束relay

[Propose wait] S0 N0 spin=50 epoch=2 now=1780902057 InitTime=1780902052 lastpropose=1780902056 wallGap=5 need>=2 ok1=true lastGap=1 need>=2 ok2=false
[Propose] S0 N0 时间条件满足: epoch=2->3 now=1780902058 InitTime=1780902052 lastpropose=1780902056 wallGap=6>=2 lastGap=2>=2 → propose1
[Propose] S0 N0 等待 sequenceLock…
[Propose] S0 N0 已持有 sequenceLock，seqID=2 即将 propose1
[propose1] S0 N0 seq=2 Tx_pool.Queue_len=175
left_count: 500
[handleTxFromClient] S0 N0 recv client batch, tx_count=528
[handleTxFromClient] S0 N0 append to Tx_pool.Queue: local_queued=528 forward_other_shard=0 Queue_total_len=528
更新树花时间为: 22
写数据库IO花时间为: 33
编号为 2 的区块已加入本地区块链！curBlock: 
blockHeader: 
[85dceb0551d5e26bffe4c7af0ebe58cf2fe9fd9b421b8237cfd6391afe46c1dd 0636afdaa32e89d39c34e95159709fe349af318eea9c0ae43718a8c56795bf62 d02f4368ac5f17c685127bcba1e8528943e033a00181fac0428746107ea49caf 2 1780902058]
# of transactions: 175
# of TXmig1s: 0
# of In1s: 0
# of Anns: 0
# of NSs: 0
blockHash: 
17504483d7507c066209511f1c1774bf2944cc78f220d3fecb9887fc5f7a3f6c

第2个块开始准备relay

[Propose wait] S0 N0 spin=1 epoch=3 now=1780902058 InitTime=1780902052 lastpropose=1780902058 wallGap=6 need>=4 ok1=true lastGap=0 need>=2 ok2=false

第2个块结束relay

[Propose wait] S0 N0 spin=50 epoch=3 now=1780902059 InitTime=1780902052 lastpropose=1780902058 wallGap=7 need>=4 ok1=true lastGap=1 need>=2 ok2=false
[Propose] S0 N0 时间条件满足: epoch=3->4 now=1780902060 InitTime=1780902052 lastpropose=1780902058 wallGap=8>=4 lastGap=2>=2 → propose1
[Propose] S0 N0 等待 sequenceLock…
[Propose] S0 N0 已持有 sequenceLock，seqID=3 即将 propose1
[propose1] S0 N0 seq=3 Tx_pool.Queue_len=528
left_count: 500
[handleTxFromClient] S0 N0 recv client batch, tx_count=623
[handleTxFromClient] S0 N0 append to Tx_pool.Queue: local_queued=623 forward_other_shard=0 Queue_total_len=651
更新树花时间为: 56
写数据库IO花时间为: 66
编号为 3 的区块已加入本地区块链！curBlock: 
blockHeader: 
[17504483d7507c066209511f1c1774bf2944cc78f220d3fecb9887fc5f7a3f6c 9703e1501648c179eff36a396d097819323e3c6944c758736584105f84babb4e 263c50b47cab1df564e71051f96b57ca4a1f5f14753a38657e5bf9bb60d15ba6 3 1780902060]
# of transactions: 500
# of TXmig1s: 0
# of In1s: 0
# of Anns: 0
# of NSs: 0
blockHash: 
5aeb39a96d513b857087a6a82ede44bf75ee6488b8be2364453c0b45d87b508f

第3个块开始准备relay

[Propose wait] S0 N0 spin=1 epoch=4 now=1780902060 InitTime=1780902052 lastpropose=1780902060 wallGap=8 need>=6 ok1=true lastGap=0 need>=2 ok2=false

第3个块结束relay

[Propose wait] S0 N0 spin=50 epoch=4 now=1780902061 InitTime=1780902052 lastpropose=1780902060 wallGap=9 need>=6 ok1=true lastGap=1 need>=2 ok2=false
[Propose] S0 N0 时间条件满足: epoch=4->5 now=1780902062 InitTime=1780902052 lastpropose=1780902060 wallGap=10>=6 lastGap=2>=2 → propose1
[Propose] S0 N0 等待 sequenceLock…
[Propose] S0 N0 已持有 sequenceLock，seqID=4 即将 propose1
[propose1] S0 N0 seq=4 Tx_pool.Queue_len=844
left_count: 500
[handleTxFromClient] S0 N0 recv client batch, tx_count=637
更新树花时间为: 30
写数据库IO花时间为: 40
编号为 4 的区块已加入本地区块链！curBlock: 
blockHeader: 
[handleTxFromClient] S0 N0 append to Tx_pool.Queue: local_queued=637 forward_other_shard=0 Queue_total_len=981
[5aeb39a96d513b857087a6a82ede44bf75ee6488b8be2364453c0b45d87b508f 9b038803d2d44b4809a6c43933ca89447014f849ad4d7a2d04d57163a05bc464 884e6c1449a5277d42e3f379116cf803b77753296f8d959e67f9d9318cf92c36 4 1780902062]
# of transactions: 500
# of TXmig1s: 0
# of In1s: 0
# of Anns: 0
# of NSs: 0
blockHash: 
ecbe27c89bd746d880f330d25cfb6bd738bacff551c7656a15c06306f060e165

第4个块开始准备relay

[Propose wait] S0 N0 spin=1 epoch=5 now=1780902062 InitTime=1780902052 lastpropose=1780902062 wallGap=10 need>=8 ok1=true lastGap=0 need>=2 ok2=false

第4个块结束relay

[Propose wait] S0 N0 spin=50 epoch=5 now=1780902063 InitTime=1780902052 lastpropose=1780902062 wallGap=11 need>=8 ok1=true lastGap=1 need>=2 ok2=false
[Propose] S0 N0 时间条件满足: epoch=5->6 now=1780902064 InitTime=1780902052 lastpropose=1780902062 wallGap=12>=8 lastGap=2>=2 → propose1
[Propose] S0 N0 等待 sequenceLock…
[Propose] S0 N0 已持有 sequenceLock，seqID=5 即将 propose1
[propose1] S0 N0 seq=5 Tx_pool.Queue_len=1072
left_count: 500
更新树花时间为: 32
写数据库IO花时间为: 44
编号为 5 的区块已加入本地区块链！curBlock: 
blockHeader: 
[ecbe27c89bd746d880f330d25cfb6bd738bacff551c7656a15c06306f060e165 11bb33ee87da77b01368bc9bdc76a962afcbf1126b064cabae7e80b2bb5d7b35 51138ec3c94843fa1f7a280f072c632032f92bdd513e2047c1dcb52da8f064ad 5 1780902064]
# of transactions: 500
# of TXmig1s: 0
# of In1s: 0
# of Anns: 0
# of NSs: 0
blockHash: 
17a908fa8d81305c22ef1f2d1fdd94a4776301c677bc9067a154d8e8ae7e5fe1

第5个块开始准备relay

[Propose wait] S0 N0 spin=1 epoch=6 now=1780902064 InitTime=1780902052 lastpropose=1780902064 wallGap=12 need>=10 ok1=true lastGap=0 need>=2 ok2=false
[handleTxFromClient] S0 N0 recv client batch, tx_count=641
[handleTxFromClient] S0 N0 append to Tx_pool.Queue: local_queued=641 forward_other_shard=0 Queue_total_len=1213

第5个块结束relay

[Propose wait] S0 N0 spin=50 epoch=6 now=1780902065 InitTime=1780902052 lastpropose=1780902064 wallGap=13 need>=10 ok1=true lastGap=1 need>=2 ok2=false
[Propose] S0 N0 时间条件满足: epoch=6->7 now=1780902066 InitTime=1780902052 lastpropose=1780902064 wallGap=14>=10 lastGap=2>=2 → propose1
[Propose] S0 N0 等待 sequenceLock…
[Propose] S0 N0 已持有 sequenceLock，seqID=6 即将 propose1
[propose1] S0 N0 seq=6 Tx_pool.Queue_len=1285
left_count: 500
更新树花时间为: 32
写数据库IO花时间为: 45
编号为 6 的区块已加入本地区块链！curBlock: 
blockHeader: 
[17a908fa8d81305c22ef1f2d1fdd94a4776301c677bc9067a154d8e8ae7e5fe1 58a76dae7e00ae1c89fbc569db1eaf7f01a669759cff8607b06cd36f76e274a0 89a800e2169e06d53453cb5f4f0af4b1effdaccc7e5dffaa146090519bcdf53a 6 1780902066]
# of transactions: 500
# of TXmig1s: 0
# of In1s: 0
# of Anns: 0
# of NSs: 0
blockHash: 
86d01557800920641e2ac6509d1dedd0c90692164d940743f3181dcceeddbafa

第6个块开始准备relay

[Propose wait] S0 N0 spin=1 epoch=7 now=1780902066 InitTime=1780902052 lastpropose=1780902066 wallGap=14 need>=12 ok1=true lastGap=0 need>=2 ok2=false
[handleTxFromClient] S0 N0 recv client batch, tx_count=409
[handleTxFromClient] S0 N0 append to Tx_pool.Queue: local_queued=409 forward_other_shard=0 Queue_total_len=1194

第6个块结束relay

[Propose wait] S0 N0 spin=50 epoch=7 now=1780902067 InitTime=1780902052 lastpropose=1780902066 wallGap=15 need>=12 ok1=true lastGap=1 need>=2 ok2=false
[Propose] S0 N0 时间条件满足: epoch=7->8 now=1780902068 InitTime=1780902052 lastpropose=1780902066 wallGap=16>=12 lastGap=2>=2 → propose1
[Propose] S0 N0 等待 sequenceLock…
[Propose] S0 N0 已持有 sequenceLock，seqID=7 即将 propose1
[propose1] S0 N0 seq=7 Tx_pool.Queue_len=1269
left_count: 500
更新树花时间为: 28
写数据库IO花时间为: 48
编号为 7 的区块已加入本地区块链！curBlock: 
blockHeader: 
[86d01557800920641e2ac6509d1dedd0c90692164d940743f3181dcceeddbafa 6dd7aa2442c0968fcb01c092512f7645aab42870b92dbd15476af95086894e7b 270c560b2b30cc34c92e47aeb9cfcd77092df77b225feb12fc3ddbfa19872310 7 1780902068]
# of transactions: 500
# of TXmig1s: 0
# of In1s: 0
# of Anns: 0
# of NSs: 0
blockHash: 
ee475ac7f0a7990ac9290a7654f97b97cdb7d92c75f8dfde50058cac7d7f7cd5

第7个块开始准备relay

[Propose wait] S0 N0 spin=1 epoch=8 now=1780902068 InitTime=1780902052 lastpropose=1780902068 wallGap=16 need>=14 ok1=true lastGap=0 need>=2 ok2=false
[handleTxFromClient] S0 N0 recv client batch, tx_count=55
[handleTxFromClient] S0 N0 append to Tx_pool.Queue: local_queued=55 forward_other_shard=0 Queue_total_len=824

第7个块结束relay

[Propose wait] S0 N0 spin=50 epoch=8 now=1780902069 InitTime=1780902052 lastpropose=1780902068 wallGap=17 need>=14 ok1=true lastGap=1 need>=2 ok2=false
[Propose] S0 N0 时间条件满足: epoch=8->9 now=1780902070 InitTime=1780902052 lastpropose=1780902068 wallGap=18>=14 lastGap=2>=2 → propose1
[Propose] S0 N0 等待 sequenceLock…
[Propose] S0 N0 已持有 sequenceLock，seqID=8 即将 propose1
[propose1] S0 N0 seq=8 Tx_pool.Queue_len=1039
left_count: 500
更新树花时间为: 29
写数据库IO花时间为: 46
编号为 8 的区块已加入本地区块链！curBlock: 
blockHeader: 
[ee475ac7f0a7990ac9290a7654f97b97cdb7d92c75f8dfde50058cac7d7f7cd5 1e2a91143e81ea00556ed40fc3fbb8061d25635087d10893419a21baa2f4f270 d8abd95b44658159a51f5fe2c2af036942babbf84120c9c8a36ac0c2ec85fe26 8 1780902070]
# of transactions: 500
# of TXmig1s: 0
# of In1s: 0
# of Anns: 0
# of NSs: 0
blockHash: 
30eb6b24140a60846f6820d7d10311232cc3160436cc94f280059e9238736c1d

第8个块开始准备relay

[Propose wait] S0 N0 spin=1 epoch=9 now=1780902070 InitTime=1780902052 lastpropose=1780902070 wallGap=18 need>=16 ok1=true lastGap=0 need>=2 ok2=false
[handleTxFromClient] S0 N0 recv client batch, tx_count=278
[handleTxFromClient] S0 N0 append to Tx_pool.Queue: local_queued=278 forward_other_shard=0 Queue_total_len=817

第8个块结束relay

[Propose wait] S0 N0 spin=50 epoch=9 now=1780902071 InitTime=1780902052 lastpropose=1780902070 wallGap=19 need>=16 ok1=true lastGap=1 need>=2 ok2=false
[Propose] S0 N0 时间条件满足: epoch=9->10 now=1780902072 InitTime=1780902052 lastpropose=1780902070 wallGap=20>=16 lastGap=2>=2 → propose1
[Propose] S0 N0 等待 sequenceLock…
[Propose] S0 N0 已持有 sequenceLock，seqID=9 即将 propose1
[propose1] S0 N0 seq=9 Tx_pool.Queue_len=983
left_count: 500
更新树花时间为: 53
写数据库IO花时间为: 60
编号为 9 的区块已加入本地区块链！curBlock: 
blockHeader: 
[30eb6b24140a60846f6820d7d10311232cc3160436cc94f280059e9238736c1d 40393be3187094a8f872af3f2a56bfa084e03b5f7a26f4a8a44f273ff4c93822 ed472f46102fd95ff62aa7d1e1e3fb889e25965a33d682867ad4a6627c7e67d6 9 1780902072]
# of transactions: 500
# of TXmig1s: 0
# of In1s: 0
# of Anns: 0
# of NSs: 0
blockHash: 
cc4ae0ba33a8f54d3b12487817fcfd57ce27184ccbefefb7af5182ad292af307

第9个块开始准备relay

[Propose wait] S0 N0 spin=1 epoch=10 now=1780902072 InitTime=1780902052 lastpropose=1780902072 wallGap=20 need>=18 ok1=true lastGap=0 need>=2 ok2=false
[handleTxFromClient] S0 N0 recv client batch, tx_count=407
[handleTxFromClient] S0 N0 append to Tx_pool.Queue: local_queued=407 forward_other_shard=0 Queue_total_len=890

第9个块结束relay

[Propose wait] S0 N0 spin=50 epoch=10 now=1780902073 InitTime=1780902052 lastpropose=1780902072 wallGap=21 need>=18 ok1=true lastGap=1 need>=2 ok2=false
[Propose] S0 N0 时间条件满足: epoch=10->11 now=1780902074 InitTime=1780902052 lastpropose=1780902072 wallGap=22>=18 lastGap=2>=2 → propose1
[Propose] S0 N0 等待 sequenceLock…
[Propose] S0 N0 已持有 sequenceLock，seqID=10 即将 propose1
[propose1] S0 N0 seq=10 Tx_pool.Queue_len=1076
left_count: 500
更新树花时间为: 54
写数据库IO花时间为: 60
编号为 10 的区块已加入本地区块链！curBlock: 
blockHeader: 
[cc4ae0ba33a8f54d3b12487817fcfd57ce27184ccbefefb7af5182ad292af307 c7ce0c0a5da463edbbb10ef2cd6c82edc8de69fc1e645fcd1d20e2932e69c670 7cc2f00f784c33770a5907cdb47a8a2998a48793df4a163b1a277ec839f12a29 10 1780902074]
# of transactions: 500
# of TXmig1s: 0
# of In1s: 0
# of Anns: 0
# of NSs: 0
blockHash: 
b4e2aab38046bf59b307c515b3007bc60e0db4ce735d81f6f9b6e68881846c2d

第10个块开始准备relay

[Propose wait] S0 N0 spin=1 epoch=11 now=1780902074 InitTime=1780902052 lastpropose=1780902074 wallGap=22 need>=20 ok1=true lastGap=0 need>=2 ok2=false
[handleTxFromClient] S0 N0 recv client batch, tx_count=277
[handleTxFromClient] S0 N0 append to Tx_pool.Queue: local_queued=277 forward_other_shard=0 Queue_total_len=853

第10个块结束relay

[Propose wait] S0 N0 spin=50 epoch=11 now=1780902075 InitTime=1780902052 lastpropose=1780902074 wallGap=23 need>=20 ok1=true lastGap=1 need>=2 ok2=false
[Propose] S0 N0 时间条件满足: epoch=11->12 now=1780902076 InitTime=1780902052 lastpropose=1780902074 wallGap=24>=20 lastGap=2>=2 → propose1
[Propose] S0 N0 等待 sequenceLock…
[Propose] S0 N0 已持有 sequenceLock，seqID=11 即将 propose1
[propose1] S0 N0 seq=11 Tx_pool.Queue_len=1054
left_count: 500
更新树花时间为: 43
写数据库IO花时间为: 54
编号为 11 的区块已加入本地区块链！curBlock: 
blockHeader: 
[b4e2aab38046bf59b307c515b3007bc60e0db4ce735d81f6f9b6e68881846c2d 73b20f1d0e667298c0b069856c010fdd8fa6292c09b2e851417c3ab0cdff65c9 1c4cc45db65aef0637a9fbc6a15854541c912ed00bc7d4b61ec393e66b0a4045 11 1780902076]
# of transactions: 500
# of TXmig1s: 0
# of In1s: 0
# of Anns: 0
# of NSs: 0
blockHash: 
12eb2fcea96c03bc5ff765d5208abe1d376d691a14eb33b56abdb587473e6e2b

第11个块开始准备relay

[Propose wait] S0 N0 spin=1 epoch=12 now=1780902076 InitTime=1780902052 lastpropose=1780902076 wallGap=24 need>=22 ok1=true lastGap=0 need>=2 ok2=false
[handleTxFromClient] S0 N0 recv client batch, tx_count=551
[handleTxFromClient] S0 N0 append to Tx_pool.Queue: local_queued=551 forward_other_shard=0 Queue_total_len=1105

第11个块结束relay

[Propose wait] S0 N0 spin=50 epoch=12 now=1780902077 InitTime=1780902052 lastpropose=1780902076 wallGap=25 need>=22 ok1=true lastGap=1 need>=2 ok2=false
[Propose] S0 N0 时间条件满足: epoch=12->13 now=1780902078 InitTime=1780902052 lastpropose=1780902076 wallGap=26>=22 lastGap=2>=2 → propose1
[Propose] S0 N0 等待 sequenceLock…
[Propose] S0 N0 已持有 sequenceLock，seqID=12 即将 propose1
[propose1] S0 N0 seq=12 Tx_pool.Queue_len=1212
left_count: 500
更新树花时间为: 51
写数据库IO花时间为: 57
编号为 12 的区块已加入本地区块链！curBlock: 
blockHeader: 
[12eb2fcea96c03bc5ff765d5208abe1d376d691a14eb33b56abdb587473e6e2b f5563917ad3e0e78c08caf87bffd0e48a2cf9afb0a4448ccac62eca4fc4f2767 0f12c500fb6935be879df809a65bc27fcff3df80d11e3d5bc7f0a8bfe2f5644f 12 1780902078]
# of transactions: 500
# of TXmig1s: 0
# of In1s: 0
# of Anns: 0
# of NSs: 0
blockHash: 
3045d4b316924d11cad9e3050300cd1c0f4dc2e9e2b7afbf13c2d529d493ca27

第12个块开始准备relay

[Propose wait] S0 N0 spin=1 epoch=13 now=1780902078 InitTime=1780902052 lastpropose=1780902078 wallGap=26 need>=24 ok1=true lastGap=0 need>=2 ok2=false
[handleTxFromClient] S0 N0 recv client batch, tx_count=633
[handleTxFromClient] S0 N0 append to Tx_pool.Queue: local_queued=633 forward_other_shard=0 Queue_total_len=1345

第12个块结束relay

[Propose wait] S0 N0 spin=50 epoch=13 now=1780902079 InitTime=1780902052 lastpropose=1780902078 wallGap=27 need>=24 ok1=true lastGap=1 need>=2 ok2=false
[Propose] S0 N0 时间条件满足: epoch=13->14 now=1780902080 InitTime=1780902052 lastpropose=1780902078 wallGap=28>=24 lastGap=2>=2 → propose1
[Propose] S0 N0 等待 sequenceLock…
[Propose] S0 N0 已持有 sequenceLock，seqID=13 即将 propose1
[propose1] S0 N0 seq=13 Tx_pool.Queue_len=1540
left_count: 500
更新树花时间为: 37
写数据库IO花时间为: 47
编号为 13 的区块已加入本地区块链！curBlock: 
blockHeader: 
[3045d4b316924d11cad9e3050300cd1c0f4dc2e9e2b7afbf13c2d529d493ca27 3bb5f60f3e948fb7a80a4180aab21104709ee720263743796d91072a80d887f5 05511c2cc1b5cef3901803621b228ff63c78e6ab3d350749267e0437a9253bce 13 1780902080]
# of transactions: 500
# of TXmig1s: 0
# of In1s: 0
# of Anns: 0
# of NSs: 0
blockHash: 
42b4b9d2192484f2cb090b5b7258b714d34fb58566599e9c3f8dff114a067286

第13个块开始准备relay

[Propose wait] S0 N0 spin=1 epoch=14 now=1780902080 InitTime=1780902052 lastpropose=1780902080 wallGap=28 need>=26 ok1=true lastGap=0 need>=2 ok2=false
[handleTxFromClient] S0 N0 recv client batch, tx_count=489
[handleTxFromClient] S0 N0 append to Tx_pool.Queue: local_queued=489 forward_other_shard=0 Queue_total_len=1529

第13个块结束relay

[Propose wait] S0 N0 spin=50 epoch=14 now=1780902081 InitTime=1780902052 lastpropose=1780902080 wallGap=29 need>=26 ok1=true lastGap=1 need>=2 ok2=false
[Propose] S0 N0 时间条件满足: epoch=14->15 now=1780902082 InitTime=1780902052 lastpropose=1780902080 wallGap=30>=26 lastGap=2>=2 → propose1
[Propose] S0 N0 等待 sequenceLock…
[Propose] S0 N0 已持有 sequenceLock，seqID=14 即将 propose1
[propose1] S0 N0 seq=14 Tx_pool.Queue_len=1704
left_count: 500
更新树花时间为: 35
写数据库IO花时间为: 52
编号为 14 的区块已加入本地区块链！curBlock: 
blockHeader: 
[42b4b9d2192484f2cb090b5b7258b714d34fb58566599e9c3f8dff114a067286 a5a552a4cb76003fe53fd075ad5e57dc6aff4ca9190ed53e5c82826d45156e4a 5e0469f96cde7d2d99105108b8d907cdbfd250c8b4b853dddcf295350942746e 14 1780902082]
# of transactions: 500
# of TXmig1s: 0
# of In1s: 0
# of Anns: 0
# of NSs: 0
blockHash: 
ceb4cfc18b042a4d8ce5701e24452b0b67d01055077922404f5553623340b61c

第14个块开始准备relay

[Propose wait] S0 N0 spin=1 epoch=15 now=1780902082 InitTime=1780902052 lastpropose=1780902082 wallGap=30 need>=28 ok1=true lastGap=0 need>=2 ok2=false
[handleTxFromClient] S0 N0 recv client batch, tx_count=496
[handleTxFromClient] S0 N0 append to Tx_pool.Queue: local_queued=496 forward_other_shard=0 Queue_total_len=1700

第14个块结束relay

[Propose wait] S0 N0 spin=50 epoch=15 now=1780902083 InitTime=1780902052 lastpropose=1780902082 wallGap=31 need>=28 ok1=true lastGap=1 need>=2 ok2=false
[Propose] S0 N0 时间条件满足: epoch=15->16 now=1780902084 InitTime=1780902052 lastpropose=1780902082 wallGap=32>=28 lastGap=2>=2 → propose1
[Propose] S0 N0 等待 sequenceLock…
[Propose] S0 N0 已持有 sequenceLock，seqID=15 即将 propose1
[propose1] S0 N0 seq=15 Tx_pool.Queue_len=1861
left_count: 500
更新树花时间为: 37
写数据库IO花时间为: 52
编号为 15 的区块已加入本地区块链！curBlock: 
blockHeader: 
[ceb4cfc18b042a4d8ce5701e24452b0b67d01055077922404f5553623340b61c 1fbfa591f8bb267265790bda167ad1ae0c94a6a365f8cd750e4f5a2f63d172e9 c608c5cf9ea6d972080fd3d1a4a9a2357822a28293e08df235d93f44fb35a75a 15 1780902084]
# of transactions: 500
# of TXmig1s: 0
# of In1s: 0
# of Anns: 0
# of NSs: 0
blockHash: 
4b8a23f7990211ced5da547de3e9784f047205d061059ab11df60d73fe9f028e

第15个块开始准备relay

[Propose wait] S0 N0 spin=1 epoch=16 now=1780902084 InitTime=1780902052 lastpropose=1780902084 wallGap=32 need>=30 ok1=true lastGap=0 need>=2 ok2=false
[handleTxFromClient] S0 N0 recv client batch, tx_count=468
[handleTxFromClient] S0 N0 append to Tx_pool.Queue: local_queued=468 forward_other_shard=0 Queue_total_len=1829

第15个块结束relay

[Propose wait] S0 N0 spin=50 epoch=16 now=1780902085 InitTime=1780902052 lastpropose=1780902084 wallGap=33 need>=30 ok1=true lastGap=1 need>=2 ok2=false
[Propose] S0 N0 时间条件满足: epoch=16->17 now=1780902086 InitTime=1780902052 lastpropose=1780902084 wallGap=34>=30 lastGap=2>=2 → propose1
[Propose] S0 N0 等待 sequenceLock…
[Propose] S0 N0 已持有 sequenceLock，seqID=16 即将 propose1
[propose1] S0 N0 seq=16 Tx_pool.Queue_len=1988
left_count: 500
更新树花时间为: 47
写数据库IO花时间为: 59
编号为 16 的区块已加入本地区块链！curBlock: 
blockHeader: 
[4b8a23f7990211ced5da547de3e9784f047205d061059ab11df60d73fe9f028e 7577f89ff33ea8176f728a20ac7435563399c17e4242006e0b03db2c32904338 933221aa800419c39cd293a3a301585d7679a0928b30174fcf465bb0a1a9cbbc 16 1780902086]
# of transactions: 500
# of TXmig1s: 0
# of In1s: 0
# of Anns: 0
# of NSs: 0
blockHash: 
1037ee6e8184ec27667b6a93b83a5c988935f18dffad9eb13878d34fbf8d1128

第16个块开始准备relay

[Propose wait] S0 N0 spin=1 epoch=17 now=1780902086 InitTime=1780902052 lastpropose=1780902086 wallGap=34 need>=32 ok1=true lastGap=0 need>=2 ok2=false
[handleTxFromClient] S0 N0 recv client batch, tx_count=489
[handleTxFromClient] S0 N0 append to Tx_pool.Queue: local_queued=489 forward_other_shard=0 Queue_total_len=1977

第16个块结束relay

[Propose wait] S0 N0 spin=50 epoch=17 now=1780902087 InitTime=1780902052 lastpropose=1780902086 wallGap=35 need>=32 ok1=true lastGap=1 need>=2 ok2=false
[Propose] S0 N0 时间条件满足: epoch=17->18 now=1780902088 InitTime=1780902052 lastpropose=1780902086 wallGap=36>=32 lastGap=2>=2 → propose1
[Propose] S0 N0 等待 sequenceLock…
[Propose] S0 N0 已持有 sequenceLock，seqID=17 即将 propose1
[propose1] S0 N0 seq=17 Tx_pool.Queue_len=2128
left_count: 500
更新树花时间为: 50
写数据库IO花时间为: 60
编号为 17 的区块已加入本地区块链！curBlock: 
blockHeader: 
[1037ee6e8184ec27667b6a93b83a5c988935f18dffad9eb13878d34fbf8d1128 de2627a5181c12dbe256822a8016ac81e62ca646226dcf41501b5e3324524ba1 7a70517a1c0df6d5698a15407888ca92eba6f2a76781282a058a772ed94a21b2 17 1780902088]
# of transactions: 500
# of TXmig1s: 0
# of In1s: 0
# of Anns: 0
# of NSs: 0
blockHash: 
cd86a0d8b76edd11e6df2c0ac85c70d8206e2f150c82b0d7e38d2479b3a923e6

第17个块开始准备relay

[Propose wait] S0 N0 spin=1 epoch=18 now=1780902088 InitTime=1780902052 lastpropose=1780902088 wallGap=36 need>=34 ok1=true lastGap=0 need>=2 ok2=false
[handleTxFromClient] S0 N0 recv client batch, tx_count=166
[handleTxFromClient] S0 N0 append to Tx_pool.Queue: local_queued=166 forward_other_shard=0 Queue_total_len=1794

第17个块结束relay

[Propose wait] S0 N0 spin=50 epoch=18 now=1780902089 InitTime=1780902052 lastpropose=1780902088 wallGap=37 need>=34 ok1=true lastGap=1 need>=2 ok2=false
[Propose] S0 N0 时间条件满足: epoch=18->19 now=1780902090 InitTime=1780902052 lastpropose=1780902088 wallGap=38>=34 lastGap=2>=2 → propose1
[Propose] S0 N0 等待 sequenceLock…
[Propose] S0 N0 已持有 sequenceLock，seqID=18 即将 propose1
[propose1] S0 N0 seq=18 Tx_pool.Queue_len=1932
left_count: 500
更新树花时间为: 35
写数据库IO花时间为: 45
编号为 18 的区块已加入本地区块链！curBlock: 
blockHeader: 
[cd86a0d8b76edd11e6df2c0ac85c70d8206e2f150c82b0d7e38d2479b3a923e6 702a54ced50fa6653120c815af1879afa84362d423b37bcbaa069e844c08868a ad7c69a4c8e3432a3617bb3667365c35cd1068fe4b2628125593a386cb26afeb 18 1780902090]
# of transactions: 500
# of TXmig1s: 0
# of In1s: 0
# of Anns: 0
# of NSs: 0
blockHash: 
5e91c33ca66de9ca900116c64e2cd9a7cb9f9200c545f6bba8728c290d3e5692

第18个块开始准备relay

[Propose wait] S0 N0 spin=1 epoch=19 now=1780902090 InitTime=1780902052 lastpropose=1780902090 wallGap=38 need>=36 ok1=true lastGap=0 need>=2 ok2=false
[handleTxFromClient] S0 N0 recv client batch, tx_count=167
[handleTxFromClient] S0 N0 append to Tx_pool.Queue: local_queued=167 forward_other_shard=0 Queue_total_len=1599

第18个块结束relay

[Propose wait] S0 N0 spin=50 epoch=19 now=1780902091 InitTime=1780902052 lastpropose=1780902090 wallGap=39 need>=36 ok1=true lastGap=1 need>=2 ok2=false
[Propose] S0 N0 时间条件满足: epoch=19->20 now=1780902092 InitTime=1780902052 lastpropose=1780902090 wallGap=40>=36 lastGap=2>=2 → propose1
[Propose] S0 N0 等待 sequenceLock…
[Propose] S0 N0 已持有 sequenceLock，seqID=19 即将 propose1
[propose1] S0 N0 seq=19 Tx_pool.Queue_len=1757
left_count: 500
更新树花时间为: 45
写数据库IO花时间为: 55
编号为 19 的区块已加入本地区块链！curBlock: 
blockHeader: 
[5e91c33ca66de9ca900116c64e2cd9a7cb9f9200c545f6bba8728c290d3e5692 ea2b2f697b3c341cfeb8baeb27ebfe3488ac93b00a9944951ea94c30712e787e 077046a2fd7f4b2b5f5dcdeac394dc74a162a59872d1557c8d78bf14522a629b 19 1780902092]
# of transactions: 500
# of TXmig1s: 0
# of In1s: 0
# of Anns: 0
# of NSs: 0
blockHash: 
f27df3db9da79cd9ca644d664b91ebf1469e2b7bc9b8055aff6a18c2cc7d93c3

第19个块开始准备relay

[Propose wait] S0 N0 spin=1 epoch=20 now=1780902092 InitTime=1780902052 lastpropose=1780902092 wallGap=40 need>=38 ok1=true lastGap=0 need>=2 ok2=false
[handleTxFromClient] S0 N0 recv client batch, tx_count=555
[handleTxFromClient] S0 N0 append to Tx_pool.Queue: local_queued=555 forward_other_shard=0 Queue_total_len=1812

第19个块结束relay

[Propose wait] S0 N0 spin=50 epoch=20 now=1780902093 InitTime=1780902052 lastpropose=1780902092 wallGap=41 need>=38 ok1=true lastGap=1 need>=2 ok2=false
[Propose] S0 N0 时间条件满足: epoch=20->21 now=1780902094 InitTime=1780902052 lastpropose=1780902092 wallGap=42>=38 lastGap=2>=2 → propose1
[Propose] S0 N0 等待 sequenceLock…
[Propose] S0 N0 已持有 sequenceLock，seqID=20 即将 propose1
[propose1] S0 N0 seq=20 Tx_pool.Queue_len=1918
left_count: 500
更新树花时间为: 34
写数据库IO花时间为: 44
编号为 20 的区块已加入本地区块链！curBlock: 
blockHeader: 
[f27df3db9da79cd9ca644d664b91ebf1469e2b7bc9b8055aff6a18c2cc7d93c3 d1d4e2e26416567ce38a827e42e396a7ae8145161ed406422985bbd46a2072a4 57927aa90439e4923686734ac92931b0ab219517066483a840913c7d376afcf8 20 1780902094]
# of transactions: 500
# of TXmig1s: 0
# of In1s: 0
# of Anns: 0
# of NSs: 0
blockHash: 
ca642e5ca3eacad9f8d7f07d66eea556ee1854930ae039c28f799bf61a5c3250

第20个块开始准备relay

[Propose wait] S0 N0 spin=1 epoch=21 now=1780902094 InitTime=1780902052 lastpropose=1780902094 wallGap=42 need>=40 ok1=true lastGap=0 need>=2 ok2=false
[handleTxFromClient] S0 N0 recv client batch, tx_count=47
[handleTxFromClient] S0 N0 append to Tx_pool.Queue: local_queued=47 forward_other_shard=0 Queue_total_len=1465

第20个块结束relay

[Propose wait] S0 N0 spin=50 epoch=21 now=1780902095 InitTime=1780902052 lastpropose=1780902094 wallGap=43 need>=40 ok1=true lastGap=1 need>=2 ok2=false
[Propose] S0 N0 时间条件满足: epoch=21->22 now=1780902096 InitTime=1780902052 lastpropose=1780902094 wallGap=44>=40 lastGap=2>=2 → propose1
[Propose] S0 N0 等待 sequenceLock…
[Propose] S0 N0 已持有 sequenceLock，seqID=21 即将 propose1
[propose1] S0 N0 seq=21 Tx_pool.Queue_len=1715
left_count: 500
本节点已接收到client发来准备迁移通知
更新树花时间为: 58
写数据库IO花时间为: 67
编号为 21 的区块已加入本地区块链！curBlock: 
blockHeader: 
[ca642e5ca3eacad9f8d7f07d66eea556ee1854930ae039c28f799bf61a5c3250 e98781d226cf3437728f4af41894d561e78607212b92377a57a105da64eb92f8 253b7ec076df5392ff06ddd674f8f513dd28ecdc7ca6918a2285563d25b24dd4 21 1780902096]
# of transactions: 500
# of TXmig1s: 0
# of In1s: 0
# of Anns: 0
# of NSs: 0
blockHash: 
b2acf2145faa465f8b219486fb68176e2268cd9e0115224c96686bae98deeec4

第21个块开始准备relay

[Propose wait] S0 N0 spin=1 epoch=22 now=1780902096 InitTime=1780902052 lastpropose=1780902096 wallGap=44 need>=42 ok1=true lastGap=0 need>=2 ok2=false
本节点已将 pending 发送到 client（1215 笔）
[handleTxFromClient] S0 N0 recv client batch, tx_count=6
[SyncProbe][Ingress] shard=S0 node=N0 tx=9000000001 senderSID=0 recSID=0 local=true tag=0 isRelay=false
[SyncProbe][Redirect] tx=9000000001 跳过重定向: 无MigCtx或非new(txRT=1)
[SyncProbe][Ingress] shard=S0 node=N0 tx=9000000003 senderSID=0 recSID=0 local=true tag=0 isRelay=false
[SyncProbe][Redirect] tx=9000000003 跳过重定向: 无MigCtx或非new(txRT=1)
[SyncProbe][Ingress] shard=S0 node=N0 tx=9000000011 senderSID=0 recSID=0 local=true tag=0 isRelay=false
[SyncProbe][Redirect] tx=9000000011 跳过重定向: 无MigCtx或非new(txRT=1)
[SyncProbe][Ingress] shard=S0 node=N0 tx=9000000013 senderSID=0 recSID=0 local=true tag=0 isRelay=false
[SyncProbe][Redirect] tx=9000000013 跳过重定向: 无MigCtx或非new(txRT=1)
[SyncProbe][Ingress] shard=S0 node=N0 tx=9000000021 senderSID=0 recSID=0 local=true tag=0 isRelay=false
[SyncProbe][Redirect] tx=9000000021 跳过重定向: 无MigCtx或非new(txRT=1)
[SyncProbe][Ingress] shard=S0 node=N0 tx=9000000023 senderSID=0 recSID=0 local=true tag=0 isRelay=false
[SyncProbe][Redirect] tx=9000000023 跳过重定向: 无MigCtx或非new(txRT=1)
[SyncProbe][Ingress] shard=S0 tx=9000000001 本片入池(立即入池路径)
[SyncProbe][Ingress] shard=S0 tx=9000000003 本片入池(立即入池路径)
[SyncProbe][Ingress] shard=S0 tx=9000000011 本片入池(立即入池路径)
[SyncProbe][Ingress] shard=S0 tx=9000000013 本片入池(立即入池路径)
[SyncProbe][Ingress] shard=S0 tx=9000000021 本片入池(立即入池路径)
[SyncProbe][Ingress] shard=S0 tx=9000000023 本片入池(立即入池路径)
[handleTxFromClient] S0 N0 append to Tx_pool.Queue: local_queued=6 forward_other_shard=0 Queue_total_len=1221
[handleTxFromClient] S0 N0 recv client batch, tx_count=25
[handleTxFromClient] S0 N0 append to Tx_pool.Queue: local_queued=25 forward_other_shard=0 Queue_total_len=1246

第21个块结束relay

本节点已接收到客户端发送的新映射
[SyncProbe] S0 账户 f341cafc9ba3d91ef98c9ef811170c1c5f1ef28e NewMap 后提前 Pause suffix-old（逻辑 tx2=9000000002），等待 PhaseB 真实 tx2
[SyncProbe]   Paused txId=9000000003
[SyncProbe] S0 账户 96904d8c1f1c88dfb6cfba916396bf4beabcf454 NewMap 后提前 Pause suffix-old（逻辑 tx2=9000000012），等待 PhaseB 真实 tx2
[SyncProbe]   Paused txId=9000000013
[SyncProbe] S0 账户 9e9ff119553d7ad5d40d1cd4c39aba4901955470 NewMap 后提前 Pause suffix-old（逻辑 tx2=9000000022），等待 PhaseB 真实 tx2
[SyncProbe]   Paused txId=9000000023
[Propose wait] S0 N0 spin=50 epoch=22 now=1780902097 InitTime=1780902052 lastpropose=1780902096 wallGap=45 need>=42 ok1=true lastGap=1 need>=2 ok2=false
[SyncProbe] S0 账户 e0f9105dabf7076ef7376d0b0789a1d70dd82936 NewMap 后提前 Pause suffix-old（逻辑 tx2=9000000022），等待 PhaseB 真实 tx2
[SyncProbe]   Paused txId=9000000023
[Propose] S0 N0 时间条件满足: epoch=22->23 now=1780902098 InitTime=1780902052 lastpropose=1780902096 wallGap=46>=42 lastGap=2>=2 → propose1
[Propose] S0 N0 等待 sequenceLock…
[Propose] S0 N0 已持有 sequenceLock，seqID=22 即将 propose1
[propose1] S0 N0 seq=22 Tx_pool.Queue_len=1423
left_count: 200
[SyncProbe][Exec] shard=%!s(int=0) tx=9000000021 nonce 不匹配 expect=1 got=0，跳过执行
[SyncProbe][Exec] shard=%!s(int=0) tx=9000000021 nonce 不匹配 expect=1 got=0，跳过执行
更新树花时间为: 66
写数据库IO花时间为: 71
编号为 22 的区块已加入本地区块链！curBlock: 
blockHeader: 
[b2acf2145faa465f8b219486fb68176e2268cd9e0115224c96686bae98deeec4 7ee3ae3822786fb25e7cd6d3406f3e748c335220a55328ff4ee17844d5134f70 1b9cd40bdebaec084658127b663cc8273855ac7fa7b3d594b56f67c129e88fcb 22 1780902098]
# of transactions: 200
# of TXmig1s: 300
# of In1s: 0
# of Anns: 0
# of NSs: 0
blockHash: 
3a6f951354caa0e81ebdaa54b0f8eab8da0b8b1a6bbf31edac55ead73a11fcfa

第22个块开始准备relay

[MVSS+] 源片 S0 账户 f341cafc9ba3d91ef98c9ef811170c1c5f1ef28e prefix old 就绪，发送 State_ini sync
[MVSS+] 源片 S0 账户 e0f9105dabf7076ef7376d0b0789a1d70dd82936 prefix old 就绪，发送 State_ini sync
[MVSS+] 源片 S0 账户 9e9ff119553d7ad5d40d1cd4c39aba4901955470 prefix old 就绪，发送 State_ini sync
[MVSS+] 源片 S0 账户 96904d8c1f1c88dfb6cfba916396bf4beabcf454 prefix old 就绪，发送 State_ini sync
[MVSS-Delta] S0 聚合 flush State_ini delta → 目标片 1，条数=4
[SyncLog] write ok shard=S0 node=N0 event=send mode=delta count=1
[Propose wait] S0 N0 spin=1 epoch=23 now=1780902098 InitTime=1780902052 lastpropose=1780902098 wallGap=46 need>=44 ok1=true lastGap=0 need>=2 ok2=false

第22个块结束relay

[handleTxFromClient] S0 N0 recv client batch, tx_count=30
[handleTxFromClient] S0 N0 append to Tx_pool.Queue: local_queued=30 forward_other_shard=0 Queue_total_len=1285
[handleTxFromClient] S0 N0 recv client batch, tx_count=1
[handleTxFromClient] S0 N0 append to Tx_pool.Queue: local_queued=0 forward_other_shard=1 Queue_total_len=1285
[handleTxFromClient] S0 N0 recv client batch, tx_count=1
[handleTxFromClient] S0 N0 append to Tx_pool.Queue: local_queued=0 forward_other_shard=1 Queue_total_len=1285
[handleTxFromClient] S0 N0 recv client batch, tx_count=1
[handleTxFromClient] S0 N0 append to Tx_pool.Queue: local_queued=0 forward_other_shard=1 Queue_total_len=1285
[handleTxFromClient] S0 N0 recv client batch, tx_count=1
[handleTxFromClient] S0 N0 append to Tx_pool.Queue: local_queued=0 forward_other_shard=1 Queue_total_len=1285
[handleTxFromClient] S0 N0 recv client batch, tx_count=1
[handleTxFromClient] S0 N0 append to Tx_pool.Queue: local_queued=0 forward_other_shard=1 Queue_total_len=1285
[handleTxFromClient] S0 N0 recv client batch, tx_count=1
[handleTxFromClient] S0 N0 append to Tx_pool.Queue: local_queued=0 forward_other_shard=1 Queue_total_len=1285
[handleTxFromClient] S0 N0 recv client batch, tx_count=1
[handleTxFromClient] S0 N0 append to Tx_pool.Queue: local_queued=0 forward_other_shard=1 Queue_total_len=1285
[handleTxFromClient] S0 N0 recv client batch, tx_count=1
[handleTxFromClient] S0 N0 append to Tx_pool.Queue: local_queued=0 forward_other_shard=1 Queue_total_len=1285
[handleTxFromClient] S0 N0 recv client batch, tx_count=1
[handleTxFromClient] S0 N0 append to Tx_pool.Queue: local_queued=0 forward_other_shard=1 Queue_total_len=1285
[handleTxFromClient] S0 N0 recv client batch, tx_count=1
[handleTxFromClient] S0 N0 append to Tx_pool.Queue: local_queued=0 forward_other_shard=1 Queue_total_len=1285
[handleTxFromClient] S0 N0 recv client batch, tx_count=1
[handleTxFromClient] S0 N0 append to Tx_pool.Queue: local_queued=0 forward_other_shard=1 Queue_total_len=1285
[handleTxFromClient] S0 N0 recv client batch, tx_count=1
[handleTxFromClient] S0 N0 append to Tx_pool.Queue: local_queued=0 forward_other_shard=1 Queue_total_len=1285
[handleTxFromClient] S0 N0 recv client batch, tx_count=1
[handleTxFromClient] S0 N0 append to Tx_pool.Queue: local_queued=0 forward_other_shard=1 Queue_total_len=1285
[handleTxFromClient] S0 N0 recv client batch, tx_count=1
[handleTxFromClient] S0 N0 append to Tx_pool.Queue: local_queued=0 forward_other_shard=1 Queue_total_len=1285
[handleTxFromClient] S0 N0 recv client batch, tx_count=1
[handleTxFromClient] S0 N0 append to Tx_pool.Queue: local_queued=0 forward_other_shard=1 Queue_total_len=1285
[handleTxFromClient] S0 N0 recv client batch, tx_count=1
[handleTxFromClient] S0 N0 append to Tx_pool.Queue: local_queued=0 forward_other_shard=1 Queue_total_len=1285
[handleTxFromClient] S0 N0 recv client batch, tx_count=1
[handleTxFromClient] S0 N0 append to Tx_pool.Queue: local_queued=0 forward_other_shard=1 Queue_total_len=1285
[handleTxFromClient] S0 N0 recv client batch, tx_count=1
[handleTxFromClient] S0 N0 append to Tx_pool.Queue: local_queued=0 forward_other_shard=1 Queue_total_len=1285
[handleTxFromClient] S0 N0 recv client batch, tx_count=1
[handleTxFromClient] S0 N0 append to Tx_pool.Queue: local_queued=0 forward_other_shard=1 Queue_total_len=1285
[handleTxFromClient] S0 N0 recv client batch, tx_count=1
[handleTxFromClient] S0 N0 append to Tx_pool.Queue: local_queued=0 forward_other_shard=1 Queue_total_len=1285
[handleTxFromClient] S0 N0 recv client batch, tx_count=1
[handleTxFromClient] S0 N0 append to Tx_pool.Queue: local_queued=0 forward_other_shard=1 Queue_total_len=1285
[handleTxFromClient] S0 N0 recv client batch, tx_count=1
[handleTxFromClient] S0 N0 append to Tx_pool.Queue: local_queued=0 forward_other_shard=1 Queue_total_len=1285
[handleTxFromClient] S0 N0 recv client batch, tx_count=1
[handleTxFromClient] S0 N0 append to Tx_pool.Queue: local_queued=0 forward_other_shard=1 Queue_total_len=1285
[handleTxFromClient] S0 N0 recv client batch, tx_count=1
[handleTxFromClient] S0 N0 append to Tx_pool.Queue: local_queued=0 forward_other_shard=1 Queue_total_len=1285
[handleTxFromClient] S0 N0 recv client batch, tx_count=1
[handleTxFromClient] S0 N0 append to Tx_pool.Queue: local_queued=0 forward_other_shard=1 Queue_total_len=1285
[handleTxFromClient] S0 N0 recv client batch, tx_count=1
[handleTxFromClient] S0 N0 append to Tx_pool.Queue: local_queued=0 forward_other_shard=1 Queue_total_len=1285
[handleTxFromClient] S0 N0 recv client batch, tx_count=1
[handleTxFromClient] S0 N0 append to Tx_pool.Queue: local_queued=0 forward_other_shard=1 Queue_total_len=1285
[handleTxFromClient] S0 N0 recv client batch, tx_count=1
[handleTxFromClient] S0 N0 append to Tx_pool.Queue: local_queued=0 forward_other_shard=1 Queue_total_len=1285
[handleTxFromClient] S0 N0 recv client batch, tx_count=1
[handleTxFromClient] S0 N0 append to Tx_pool.Queue: local_queued=0 forward_other_shard=1 Queue_total_len=1285
[handleTxFromClient] S0 N0 recv client batch, tx_count=1
[handleTxFromClient] S0 N0 append to Tx_pool.Queue: local_queued=0 forward_other_shard=1 Queue_total_len=1285
[handleTxFromClient] S0 N0 recv client batch, tx_count=1
[handleTxFromClient] S0 N0 append to Tx_pool.Queue: local_queued=0 forward_other_shard=1 Queue_total_len=1285
[handleTxFromClient] S0 N0 recv client batch, tx_count=1
[handleTxFromClient] S0 N0 append to Tx_pool.Queue: local_queued=0 forward_other_shard=1 Queue_total_len=1285
[handleTxFromClient] S0 N0 recv client batch, tx_count=1
[handleTxFromClient] S0 N0 append to Tx_pool.Queue: local_queued=0 forward_other_shard=1 Queue_total_len=1285
[handleTxFromClient] S0 N0 recv client batch, tx_count=1
[handleTxFromClient] S0 N0 append to Tx_pool.Queue: local_queued=0 forward_other_shard=1 Queue_total_len=1285
[handleTxFromClient] S0 N0 recv client batch, tx_count=1
[handleTxFromClient] S0 N0 append to Tx_pool.Queue: local_queued=0 forward_other_shard=1 Queue_total_len=1285
[handleTxFromClient] S0 N0 recv client batch, tx_count=1
[handleTxFromClient] S0 N0 append to Tx_pool.Queue: local_queued=0 forward_other_shard=1 Queue_total_len=1285
[handleTxFromClient] S0 N0 recv client batch, tx_count=1
[handleTxFromClient] S0 N0 append to Tx_pool.Queue: local_queued=0 forward_other_shard=1 Queue_total_len=1285
[handleTxFromClient] S0 N0 recv client batch, tx_count=1
[handleTxFromClient] S0 N0 append to Tx_pool.Queue: local_queued=0 forward_other_shard=1 Queue_total_len=1285
[handleTxFromClient] S0 N0 recv client batch, tx_count=1
[handleTxFromClient] S0 N0 append to Tx_pool.Queue: local_queued=0 forward_other_shard=1 Queue_total_len=1285
[handleTxFromClient] S0 N0 recv client batch, tx_count=1
[handleTxFromClient] S0 N0 append to Tx_pool.Queue: local_queued=0 forward_other_shard=1 Queue_total_len=1285
[handleTxFromClient] S0 N0 recv client batch, tx_count=1
[handleTxFromClient] S0 N0 append to Tx_pool.Queue: local_queued=0 forward_other_shard=1 Queue_total_len=1285
[handleTxFromClient] S0 N0 recv client batch, tx_count=1
[handleTxFromClient] S0 N0 append to Tx_pool.Queue: local_queued=0 forward_other_shard=1 Queue_total_len=1285
[handleTxFromClient] S0 N0 recv client batch, tx_count=1
[handleTxFromClient] S0 N0 append to Tx_pool.Queue: local_queued=0 forward_other_shard=1 Queue_total_len=1285
[handleTxFromClient] S0 N0 recv client batch, tx_count=1
[handleTxFromClient] S0 N0 append to Tx_pool.Queue: local_queued=0 forward_other_shard=1 Queue_total_len=1285
[handleTxFromClient] S0 N0 recv client batch, tx_count=1
[handleTxFromClient] S0 N0 append to Tx_pool.Queue: local_queued=0 forward_other_shard=1 Queue_total_len=1285
[handleTxFromClient] S0 N0 recv client batch, tx_count=1
[handleTxFromClient] S0 N0 append to Tx_pool.Queue: local_queued=0 forward_other_shard=1 Queue_total_len=1285
[handleTxFromClient] S0 N0 recv client batch, tx_count=1
[handleTxFromClient] S0 N0 append to Tx_pool.Queue: local_queued=0 forward_other_shard=1 Queue_total_len=1285
[handleTxFromClient] S0 N0 recv client batch, tx_count=1
[handleTxFromClient] S0 N0 append to Tx_pool.Queue: local_queued=0 forward_other_shard=1 Queue_total_len=1285
[handleTxFromClient] S0 N0 recv client batch, tx_count=1
[handleTxFromClient] S0 N0 append to Tx_pool.Queue: local_queued=0 forward_other_shard=1 Queue_total_len=1285
[handleTxFromClient] S0 N0 recv client batch, tx_count=1
[handleTxFromClient] S0 N0 append to Tx_pool.Queue: local_queued=0 forward_other_shard=1 Queue_total_len=1285
[handleTxFromClient] S0 N0 recv client batch, tx_count=1
[handleTxFromClient] S0 N0 append to Tx_pool.Queue: local_queued=0 forward_other_shard=1 Queue_total_len=1285
[handleTxFromClient] S0 N0 recv client batch, tx_count=1
[handleTxFromClient] S0 N0 append to Tx_pool.Queue: local_queued=0 forward_other_shard=1 Queue_total_len=1285
[handleTxFromClient] S0 N0 recv client batch, tx_count=1
[handleTxFromClient] S0 N0 append to Tx_pool.Queue: local_queued=0 forward_other_shard=1 Queue_total_len=1285
[handleTxFromClient] S0 N0 recv client batch, tx_count=1
[handleTxFromClient] S0 N0 append to Tx_pool.Queue: local_queued=0 forward_other_shard=1 Queue_total_len=1285
[handleTxFromClient] S0 N0 recv client batch, tx_count=1
[handleTxFromClient] S0 N0 append to Tx_pool.Queue: local_queued=0 forward_other_shard=1 Queue_total_len=1285
[handleTxFromClient] S0 N0 recv client batch, tx_count=1
[handleTxFromClient] S0 N0 append to Tx_pool.Queue: local_queued=0 forward_other_shard=1 Queue_total_len=1285
[handleTxFromClient] S0 N0 recv client batch, tx_count=1
[handleTxFromClient] S0 N0 append to Tx_pool.Queue: local_queued=0 forward_other_shard=1 Queue_total_len=1285
[handleTxFromClient] S0 N0 recv client batch, tx_count=1
[handleTxFromClient] S0 N0 append to Tx_pool.Queue: local_queued=0 forward_other_shard=1 Queue_total_len=1285
[handleTxFromClient] S0 N0 recv client batch, tx_count=1
[handleTxFromClient] S0 N0 append to Tx_pool.Queue: local_queued=0 forward_other_shard=1 Queue_total_len=1285
[handleTxFromClient] S0 N0 recv client batch, tx_count=1
[handleTxFromClient] S0 N0 append to Tx_pool.Queue: local_queued=0 forward_other_shard=1 Queue_total_len=1285
[handleTxFromClient] S0 N0 recv client batch, tx_count=1
[handleTxFromClient] S0 N0 append to Tx_pool.Queue: local_queued=0 forward_other_shard=1 Queue_total_len=1285
[handleTxFromClient] S0 N0 recv client batch, tx_count=1
[handleTxFromClient] S0 N0 append to Tx_pool.Queue: local_queued=0 forward_other_shard=1 Queue_total_len=1285
[handleTxFromClient] S0 N0 recv client batch, tx_count=1
[handleTxFromClient] S0 N0 append to Tx_pool.Queue: local_queued=0 forward_other_shard=1 Queue_total_len=1285
[handleTxFromClient] S0 N0 recv client batch, tx_count=1
[handleTxFromClient] S0 N0 append to Tx_pool.Queue: local_queued=0 forward_other_shard=1 Queue_total_len=1285
[handleTxFromClient] S0 N0 recv client batch, tx_count=1
[handleTxFromClient] S0 N0 append to Tx_pool.Queue: local_queued=0 forward_other_shard=1 Queue_total_len=1285
[handleTxFromClient] S0 N0 recv client batch, tx_count=1
[handleTxFromClient] S0 N0 append to Tx_pool.Queue: local_queued=0 forward_other_shard=1 Queue_total_len=1285
[handleTxFromClient] S0 N0 recv client batch, tx_count=1
[handleTxFromClient] S0 N0 append to Tx_pool.Queue: local_queued=0 forward_other_shard=1 Queue_total_len=1285
[handleTxFromClient] S0 N0 recv client batch, tx_count=1
[handleTxFromClient] S0 N0 append to Tx_pool.Queue: local_queued=0 forward_other_shard=1 Queue_total_len=1285
[handleTxFromClient] S0 N0 recv client batch, tx_count=1
[handleTxFromClient] S0 N0 append to Tx_pool.Queue: local_queued=0 forward_other_shard=1 Queue_total_len=1285
[handleTxFromClient] S0 N0 recv client batch, tx_count=1
[handleTxFromClient] S0 N0 append to Tx_pool.Queue: local_queued=0 forward_other_shard=1 Queue_total_len=1285
[handleTxFromClient] S0 N0 recv client batch, tx_count=1
[handleTxFromClient] S0 N0 append to Tx_pool.Queue: local_queued=0 forward_other_shard=1 Queue_total_len=1285
[handleTxFromClient] S0 N0 recv client batch, tx_count=1
[handleTxFromClient] S0 N0 append to Tx_pool.Queue: local_queued=0 forward_other_shard=1 Queue_total_len=1285
[handleTxFromClient] S0 N0 recv client batch, tx_count=1
[handleTxFromClient] S0 N0 append to Tx_pool.Queue: local_queued=0 forward_other_shard=1 Queue_total_len=1285
[handleTxFromClient] S0 N0 recv client batch, tx_count=1
[handleTxFromClient] S0 N0 append to Tx_pool.Queue: local_queued=0 forward_other_shard=1 Queue_total_len=1285
[handleTxFromClient] S0 N0 recv client batch, tx_count=1
[handleTxFromClient] S0 N0 append to Tx_pool.Queue: local_queued=0 forward_other_shard=1 Queue_total_len=1285
[handleTxFromClient] S0 N0 recv client batch, tx_count=1
[handleTxFromClient] S0 N0 append to Tx_pool.Queue: local_queued=0 forward_other_shard=1 Queue_total_len=1285
[handleTxFromClient] S0 N0 recv client batch, tx_count=1
[handleTxFromClient] S0 N0 append to Tx_pool.Queue: local_queued=0 forward_other_shard=1 Queue_total_len=1285
[handleTxFromClient] S0 N0 recv client batch, tx_count=1
[handleTxFromClient] S0 N0 append to Tx_pool.Queue: local_queued=0 forward_other_shard=1 Queue_total_len=1285
[handleTxFromClient] S0 N0 recv client batch, tx_count=1
[handleTxFromClient] S0 N0 append to Tx_pool.Queue: local_queued=0 forward_other_shard=1 Queue_total_len=1285
[handleTxFromClient] S0 N0 recv client batch, tx_count=1
[handleTxFromClient] S0 N0 append to Tx_pool.Queue: local_queued=0 forward_other_shard=1 Queue_total_len=1285
[handleTxFromClient] S0 N0 recv client batch, tx_count=1
[handleTxFromClient] S0 N0 append to Tx_pool.Queue: local_queued=0 forward_other_shard=1 Queue_total_len=1285
[handleTxFromClient] S0 N0 recv client batch, tx_count=1
[handleTxFromClient] S0 N0 append to Tx_pool.Queue: local_queued=0 forward_other_shard=1 Queue_total_len=1285
[handleTxFromClient] S0 N0 recv client batch, tx_count=1
[handleTxFromClient] S0 N0 append to Tx_pool.Queue: local_queued=0 forward_other_shard=1 Queue_total_len=1285
[handleTxFromClient] S0 N0 recv client batch, tx_count=1
[handleTxFromClient] S0 N0 append to Tx_pool.Queue: local_queued=0 forward_other_shard=1 Queue_total_len=1285
[handleTxFromClient] S0 N0 recv client batch, tx_count=1
[handleTxFromClient] S0 N0 append to Tx_pool.Queue: local_queued=0 forward_other_shard=1 Queue_total_len=1285
[handleTxFromClient] S0 N0 recv client batch, tx_count=1
[handleTxFromClient] S0 N0 append to Tx_pool.Queue: local_queued=0 forward_other_shard=1 Queue_total_len=1285
[handleTxFromClient] S0 N0 recv client batch, tx_count=1
[handleTxFromClient] S0 N0 append to Tx_pool.Queue: local_queued=0 forward_other_shard=1 Queue_total_len=1285
[handleTxFromClient] S0 N0 recv client batch, tx_count=1
[handleTxFromClient] S0 N0 append to Tx_pool.Queue: local_queued=0 forward_other_shard=1 Queue_total_len=1285
[handleTxFromClient] S0 N0 recv client batch, tx_count=1
[handleTxFromClient] S0 N0 append to Tx_pool.Queue: local_queued=0 forward_other_shard=1 Queue_total_len=1285
[handleTxFromClient] S0 N0 recv client batch, tx_count=1
[handleTxFromClient] S0 N0 append to Tx_pool.Queue: local_queued=0 forward_other_shard=1 Queue_total_len=1285
[handleTxFromClient] S0 N0 recv client batch, tx_count=1
[handleTxFromClient] S0 N0 append to Tx_pool.Queue: local_queued=0 forward_other_shard=1 Queue_total_len=1285
[handleTxFromClient] S0 N0 recv client batch, tx_count=1
[handleTxFromClient] S0 N0 append to Tx_pool.Queue: local_queued=0 forward_other_shard=1 Queue_total_len=1285
[handleTxFromClient] S0 N0 recv client batch, tx_count=1
[handleTxFromClient] S0 N0 append to Tx_pool.Queue: local_queued=0 forward_other_shard=1 Queue_total_len=1285
[handleTxFromClient] S0 N0 recv client batch, tx_count=1
[handleTxFromClient] S0 N0 append to Tx_pool.Queue: local_queued=0 forward_other_shard=1 Queue_total_len=1285
[handleTxFromClient] S0 N0 recv client batch, tx_count=1
[handleTxFromClient] S0 N0 append to Tx_pool.Queue: local_queued=0 forward_other_shard=1 Queue_total_len=1285
[handleTxFromClient] S0 N0 recv client batch, tx_count=1
[handleTxFromClient] S0 N0 append to Tx_pool.Queue: local_queued=0 forward_other_shard=1 Queue_total_len=1285
[handleTxFromClient] S0 N0 recv client batch, tx_count=1
[handleTxFromClient] S0 N0 append to Tx_pool.Queue: local_queued=0 forward_other_shard=1 Queue_total_len=1285
[handleTxFromClient] S0 N0 recv client batch, tx_count=1
[handleTxFromClient] S0 N0 append to Tx_pool.Queue: local_queued=0 forward_other_shard=1 Queue_total_len=1285
[handleTxFromClient] S0 N0 recv client batch, tx_count=1
[handleTxFromClient] S0 N0 append to Tx_pool.Queue: local_queued=0 forward_other_shard=1 Queue_total_len=1285
[handleTxFromClient] S0 N0 recv client batch, tx_count=1
[handleTxFromClient] S0 N0 append to Tx_pool.Queue: local_queued=0 forward_other_shard=1 Queue_total_len=1285
[handleTxFromClient] S0 N0 recv client batch, tx_count=1
[handleTxFromClient] S0 N0 append to Tx_pool.Queue: local_queued=0 forward_other_shard=1 Queue_total_len=1285
[handleTxFromClient] S0 N0 recv client batch, tx_count=1
[handleTxFromClient] S0 N0 append to Tx_pool.Queue: local_queued=0 forward_other_shard=1 Queue_total_len=1285
[handleTxFromClient] S0 N0 recv client batch, tx_count=1
[handleTxFromClient] S0 N0 append to Tx_pool.Queue: local_queued=0 forward_other_shard=1 Queue_total_len=1285
[handleTxFromClient] S0 N0 recv client batch, tx_count=1
[handleTxFromClient] S0 N0 append to Tx_pool.Queue: local_queued=0 forward_other_shard=1 Queue_total_len=1285
[handleTxFromClient] S0 N0 recv client batch, tx_count=1
[handleTxFromClient] S0 N0 append to Tx_pool.Queue: local_queued=0 forward_other_shard=1 Queue_total_len=1285
[handleTxFromClient] S0 N0 recv client batch, tx_count=1
[handleTxFromClient] S0 N0 append to Tx_pool.Queue: local_queued=0 forward_other_shard=1 Queue_total_len=1285
[handleTxFromClient] S0 N0 recv client batch, tx_count=1
[handleTxFromClient] S0 N0 append to Tx_pool.Queue: local_queued=0 forward_other_shard=1 Queue_total_len=1285

本节点已接收到分片S1发来的迁移请求 
9999999999999999999999430649140000000000

[handleTxFromClient] S0 N0 recv client batch, tx_count=1
[handleTxFromClient] S0 N0 append to Tx_pool.Queue: local_queued=1 forward_other_shard=0 Queue_total_len=1286
[Propose wait] S0 N0 spin=50 epoch=23 now=1780902099 InitTime=1780902052 lastpropose=1780902098 wallGap=47 need>=44 ok1=true lastGap=1 need>=2 ok2=false
[handleTxFromClient] S0 N0 recv client batch, tx_count=3
[SyncProbe][Ingress] shard=S0 node=N0 tx=9000000002 senderSID=0 recSID=1 local=true tag=0 isRelay=false
[SyncProbe][Redirect] tx=9000000002 源片=S0 -> 目标片=S1 leader=127.0.0.1:8020 nonce=2
[SyncProbe][Ingress] shard=S0 tx=9000000002 已重定向，源片不入池
[SyncProbe][Ingress] shard=S0 node=N0 tx=9000000012 senderSID=0 recSID=1 local=true tag=0 isRelay=false
[SyncProbe][Redirect] tx=9000000012 源片=S0 -> 目标片=S1 leader=127.0.0.1:8020 nonce=2
[SyncProbe][Ingress] shard=S0 tx=9000000012 已重定向，源片不入池
[SyncProbe][Ingress] shard=S0 node=N0 tx=9000000022 senderSID=0 recSID=1 local=true tag=0 isRelay=false
[SyncProbe][Redirect] tx=9000000022 源片=S0 -> 目标片=S1 leader=127.0.0.1:8020 nonce=3
[SyncProbe][Ingress] shard=S0 tx=9000000022 已重定向，源片不入池
[handleTxFromClient] S0 N0 append to Tx_pool.Queue: local_queued=0 forward_other_shard=0 Queue_total_len=1286
[Propose] S0 N0 时间条件满足: epoch=23->24 now=1780902100 InitTime=1780902052 lastpropose=1780902098 wallGap=48>=44 lastGap=2>=2 → propose1
[Propose] S0 N0 等待 sequenceLock…
[Propose] S0 N0 已持有 sequenceLock，seqID=23 即将 propose1
[propose1] S0 N0 seq=23 Tx_pool.Queue_len=1286
left_count: 200
更新树花时间为: 58
写数据库IO花时间为: 77
编号为 23 的区块已加入本地区块链！curBlock: 
blockHeader: 
[3a6f951354caa0e81ebdaa54b0f8eab8da0b8b1a6bbf31edac55ead73a11fcfa 490868da7069d733249405976b60745464ccede099b3bcc56d913454068ca8fc f732e9ead77f3f983c53ffeabe548faab42c2de35d2259fd1c7b6d8ae71488bc 23 1780902100]
# of transactions: 200
# of TXmig1s: 229
# of In1s: 71
# of Anns: 0
# of NSs: 0
blockHash: 
e7c2f68d26532e4d6f92d61a1265c625e291ecf66fc7922b3452309889881456

第23个块开始准备relay

[Propose wait] S0 N0 spin=1 epoch=24 now=1780902100 InitTime=1780902052 lastpropose=1780902100 wallGap=48 need>=46 ok1=true lastGap=0 need>=2 ok2=false

第23个块结束relay

[handleTxFromClient] S0 N0 recv client batch, tx_count=19
[handleTxFromClient] S0 N0 append to Tx_pool.Queue: local_queued=18 forward_other_shard=0 Queue_total_len=1113

本节点已接收到分片S1发来的迁移请求 
10000000000000000000000000000000000000000

[Propose wait] S0 N0 spin=50 epoch=24 now=1780902101 InitTime=1780902052 lastpropose=1780902100 wallGap=49 need>=46 ok1=true lastGap=1 need>=2 ok2=false
本节点已接收到分片S1发来通知 
1
2
3
[Propose] S0 N0 时间条件满足: epoch=24->25 now=1780902102 InitTime=1780902052 lastpropose=1780902100 wallGap=50>=46 lastGap=2>=2 → propose1
[Propose] S0 N0 等待 sequenceLock…
[Propose] S0 N0 已持有 sequenceLock，seqID=24 即将 propose1
[propose1] S0 N0 seq=24 Tx_pool.Queue_len=1113
left_count: 200
更新树花时间为: 58
写数据库IO花时间为: 84
编号为 24 的区块已加入本地区块链！curBlock: 
blockHeader: 
[e7c2f68d26532e4d6f92d61a1265c625e291ecf66fc7922b3452309889881456 8e575539995ab1475bea05b23b948d14d7eecf1a7751e4fc0cd2a97bc44dd8f8 9cd5a50f0571d86e1b9f809f7339a94e2048abaa1cb1fb0e40607b1ed0b425f7 24 1780902102]
# of transactions: 200
# of TXmig1s: 0
# of In1s: 300
# of Anns: 0
# of NSs: 0
blockHash: 
0178a7a1b45d2d899dcbddfaa8c3d1941e66a1562b2e96c6a76d5d892ac3d40c

第24个块开始准备relay

[SyncLog] write ok shard=S0 node=N0 event=recv mode=delta count=2
[MVSS-Delta] S0 收到分片 S1 的 TXsyncDelta，条数=1
[SyncLog] write ok shard=S0 node=N0 event=recv mode=delta count=3
[MVSS-Delta] S0 收到分片 S1 的 TXsyncDelta，条数=1
[Propose wait] S0 N0 spin=1 epoch=25 now=1780902102 InitTime=1780902052 lastpropose=1780902102 wallGap=50 need>=48 ok1=true lastGap=0 need>=2 ok2=false
[MVSS-Delta] S0 已获取 sequenceLock，开始处理 delta
[MVSS+] 源片 S0 账户 96904d8c1f1c88dfb6cfba916396bf4beabcf454 ack 后 promote suffix-old 开始 Queue=913 FirstNew=9000000012
[MVSS+] 源片 S0 账户 96904d8c1f1c88dfb6cfba916396bf4beabcf454 ack 后将 1 笔 suffix-old 提至队首（nonce 自 2）
[SyncLog] write ok shard=S0 node=N0 event=ack_recv mode=delta count=4
[MVSS-Delta] S0 收到目标片 S1 对账户 96904d8c1f1c88dfb6cfba916396bf4beabcf454 的 delta ack
[MVSS-Delta] S0 已获取 sequenceLock，开始处理 delta
[MVSS+] 源片 S0 账户 f341cafc9ba3d91ef98c9ef811170c1c5f1ef28e ack 后 promote suffix-old 开始 Queue=913 FirstNew=9000000002
[MVSS+] 源片 S0 账户 f341cafc9ba3d91ef98c9ef811170c1c5f1ef28e ack 后将 1 笔 suffix-old 提至队首（nonce 自 2）
[SyncLog] write ok shard=S0 node=N0 event=ack_recv mode=delta count=5
[MVSS-Delta] S0 收到目标片 S1 对账户 f341cafc9ba3d91ef98c9ef811170c1c5f1ef28e 的 delta ack

第24个块结束relay

[handleTxFromClient] S0 N0 recv client batch, tx_count=26
[handleTxFromClient] S0 N0 append to Tx_pool.Queue: local_queued=26 forward_other_shard=0 Queue_total_len=979
[Propose wait] S0 N0 spin=50 epoch=25 now=1780902103 InitTime=1780902052 lastpropose=1780902102 wallGap=51 need>=48 ok1=true lastGap=1 need>=2 ok2=false
[Propose] S0 N0 时间条件满足: epoch=25->26 now=1780902104 InitTime=1780902052 lastpropose=1780902102 wallGap=52>=48 lastGap=2>=2 → propose1
[Propose] S0 N0 等待 sequenceLock…
[Propose] S0 N0 已持有 sequenceLock，seqID=25 即将 propose1
[propose1] S0 N0 seq=25 Tx_pool.Queue_len=979
left_count: 271
更新树花时间为: 38
写数据库IO花时间为: 57
编号为 25 的区块已加入本地区块链！curBlock: 
blockHeader: 
[0178a7a1b45d2d899dcbddfaa8c3d1941e66a1562b2e96c6a76d5d892ac3d40c 497f61b7d583f7382a2034039db78f8fedd27015c8408f7b9b80c11c6832dbda d642a13cc11cfa9676fcec4417716ef09214b67076a8f37c57c41b899e7f5d89 25 1780902104]
# of transactions: 271
# of TXmig1s: 0
# of In1s: 14
# of Anns: 215
# of NSs: 0
blockHash: 
f0c93b5d500abfcf73e7619ee4d9108c16a66559dcc2f9cd5e759cc130c5c219
handleAnns时是第25个块
[MVSS+] 账户 9e9ff119553d7ad5d40d1cd4c39aba4901955470 Stage3 进行中(FSM=2)，Announce 后暂缓清理 MigCtx
[MVSS+] 账户 e0f9105dabf7076ef7376d0b0789a1d70dd82936 Stage3 进行中(FSM=2)，Announce 后暂缓清理 MigCtx

handleannounce交易池操作时差为：0
handleannounce两锁时差为：0


第25个块开始准备relay

[Propose wait] S0 N0 spin=1 epoch=26 now=1780902104 InitTime=1780902052 lastpropose=1780902104 wallGap=52 need>=50 ok1=true lastGap=0 need>=2 ok2=false
本节点已接收到分片S1发来通知 
1
2
3

第25个块结束relay

[handleTxFromClient] S0 N0 recv client batch, tx_count=29
[handleTxFromClient] S0 N0 append to Tx_pool.Queue: local_queued=27 forward_other_shard=0 Queue_total_len=792
时间：1780902104586  本节点已接收到新
本节点已将迁移过来的pending交易的账户数量发送到client

时间：52668  正在向分片S1的主节点发送新
本节点已将不变的账户数量发送到client

本节点已接收到分片S1发来通知 
1
2
3
[Propose wait] S0 N0 spin=50 epoch=26 now=1780902105 InitTime=1780902052 lastpropose=1780902104 wallGap=53 need>=50 ok1=true lastGap=1 need>=2 ok2=false
[Propose] S0 N0 时间条件满足: epoch=26->27 now=1780902106 InitTime=1780902052 lastpropose=1780902104 wallGap=54>=50 lastGap=2>=2 → propose1
[Propose] S0 N0 等待 sequenceLock…
[Propose] S0 N0 已持有 sequenceLock，seqID=26 即将 propose1
[propose1] S0 N0 seq=26 Tx_pool.Queue_len=811
left_count: 200
更新树花时间为: 41
写数据库IO花时间为: 81
编号为 26 的区块已加入本地区块链！curBlock: 
blockHeader: 
[f0c93b5d500abfcf73e7619ee4d9108c16a66559dcc2f9cd5e759cc130c5c219 41bacc9c6b945f27f380e92cb028c89139722472956bbc89ffafe819ab259de3 94088df1edcb4c11385105c07ad3d35ca826b5f74d6a5780a59325430b4def5d 26 1780902106]
# of transactions: 200
# of TXmig1s: 0
# of In1s: 0
# of Anns: 300
# of NSs: 0
blockHash: 
b6b58eb4d59eed588f155cc32c64502601e405fe95b23df491b649cf9e6f6198
handleAnns时是第26个块

handleannounce交易池操作时差为：0
handleannounce两锁时差为：2540


第26个块开始准备relay

[Propose wait] S0 N0 spin=1 epoch=27 now=1780902106 InitTime=1780902052 lastpropose=1780902106 wallGap=54 need>=52 ok1=true lastGap=0 need>=2 ok2=false

第26个块结束relay

[Propose wait] S0 N0 spin=50 epoch=27 now=1780902107 InitTime=1780902052 lastpropose=1780902106 wallGap=55 need>=52 ok1=true lastGap=1 need>=2 ok2=false
[Propose] S0 N0 时间条件满足: epoch=27->28 now=1780902108 InitTime=1780902052 lastpropose=1780902106 wallGap=56>=52 lastGap=2>=2 → propose1
[Propose] S0 N0 等待 sequenceLock…
[Propose] S0 N0 已持有 sequenceLock，seqID=27 即将 propose1
[propose1] S0 N0 seq=27 Tx_pool.Queue_len=579
left_count: 421
时间：1780902108127  本节点已接收到新
本节点已将迁移过来的pending交易的账户数量发送到client

更新树花时间为: 47
写数据库IO花时间为: 68
编号为 27 的区块已加入本地区块链！curBlock: 
blockHeader: 
[b6b58eb4d59eed588f155cc32c64502601e405fe95b23df491b649cf9e6f6198 5ae750df129f48509828c989f47f2ce05e0e874f214e3b5b31c3480048f467aa 7bf6b3d2d0c06f6c7b4f65451e85dd313ff83f69656b4bc8f1a99a1a7a039fc3 27 1780902108]
# of transactions: 421
# of TXmig1s: 0
# of In1s: 0
# of Anns: 14
# of NSs: 65
blockHash: 
5ec172bde33e06b54849022933fa79fef02618bce9e75210c590382ae3d2d802
handleAnns时是第27个块

handleannounce交易池操作时差为：0
handleannounce两锁时差为：0


第27个块开始准备relay

[Propose wait] S0 N0 spin=1 epoch=28 now=1780902108 InitTime=1780902052 lastpropose=1780902108 wallGap=56 need>=54 ok1=true lastGap=0 need>=2 ok2=false
时间：56345  正在向分片S1的主节点发送新
本节点已将不变的账户数量发送到client


第27个块结束relay

时间：1780902108556  本节点已接收到新
本节点已将迁移过来的pending交易的账户数量发送到client

[Propose wait] S0 N0 spin=50 epoch=28 now=1780902109 InitTime=1780902052 lastpropose=1780902108 wallGap=57 need>=54 ok1=true lastGap=1 need>=2 ok2=false
时间：58001  正在向分片S1的主节点发送新
本节点已将不变的账户数量发送到client

[Propose] S0 N0 时间条件满足: epoch=28->29 now=1780902110 InitTime=1780902052 lastpropose=1780902108 wallGap=58>=54 lastGap=2>=2 → propose1
[Propose] S0 N0 等待 sequenceLock…
[Propose] S0 N0 已持有 sequenceLock，seqID=28 即将 propose1
[propose1] S0 N0 seq=28 Tx_pool.Queue_len=489
left_count: 384
更新树花时间为: 42
写数据库IO花时间为: 58
编号为 28 的区块已加入本地区块链！curBlock: 
blockHeader: 
[5ec172bde33e06b54849022933fa79fef02618bce9e75210c590382ae3d2d802 4c004233599c72d1cfad8fb36be68ebe250f8e891d52d4f3cf40eedfd2337281 c7b8d9c081a0d3f3ddab2da58d1e17f48cdd99f9950752c8a3c4954e376c429d 28 1780902110]
# of transactions: 384
# of TXmig1s: 0
# of In1s: 0
# of Anns: 0
# of NSs: 116
blockHash: 
2d052caf1f6ad721afecf423bf60ee7b9beb63781100bda97700110409a34702

第28个块开始准备relay

[Propose wait] S0 N0 spin=1 epoch=29 now=1780902110 InitTime=1780902052 lastpropose=1780902110 wallGap=58 need>=56 ok1=true lastGap=0 need>=2 ok2=false

第28个块结束relay

[Propose wait] S0 N0 spin=50 epoch=29 now=1780902111 InitTime=1780902052 lastpropose=1780902110 wallGap=59 need>=56 ok1=true lastGap=1 need>=2 ok2=false
[Propose] S0 N0 时间条件满足: epoch=29->30 now=1780902112 InitTime=1780902052 lastpropose=1780902110 wallGap=60>=56 lastGap=2>=2 → propose1
[Propose] S0 N0 等待 sequenceLock…
[Propose] S0 N0 已持有 sequenceLock，seqID=29 即将 propose1
[propose1] S0 N0 seq=29 Tx_pool.Queue_len=353
left_count: 500
更新树花时间为: 59
写数据库IO花时间为: 77
编号为 29 的区块已加入本地区块链！curBlock: 
blockHeader: 
[2d052caf1f6ad721afecf423bf60ee7b9beb63781100bda97700110409a34702 436fb80f97ee92ba0a93dc747a1e19e085565ad96ee0e331f4265c2f0d33da8c e7930ca7d7c2b56be7e831cd1c8e179a8a0f431ebfda7e15a59d353dfa302126 29 1780902112]
# of transactions: 351
# of TXmig1s: 0
# of In1s: 0
# of Anns: 0
# of NSs: 0
blockHash: 
a4bc77aa621abf19816382c6ff153cf6d563673412af4e51cdf6a5f88390c242
[Propose wait] S0 N0 spin=1 epoch=30 now=1780902112 InitTime=1780902052 lastpropose=1780902112 wallGap=60 need>=58 ok1=true lastGap=0 need>=2 ok2=false
[Propose wait] S0 N0 spin=50 epoch=30 now=1780902113 InitTime=1780902052 lastpropose=1780902112 wallGap=61 need>=58 ok1=true lastGap=1 need>=2 ok2=false
[Propose] S0 N0 时间条件满足: epoch=30->31 now=1780902114 InitTime=1780902052 lastpropose=1780902112 wallGap=62>=58 lastGap=2>=2 → propose1
[Propose] S0 N0 等待 sequenceLock…
[Propose] S0 N0 已持有 sequenceLock，seqID=30 即将 propose1
[propose1] S0 N0 seq=30 Tx_pool.Queue_len=135
left_count: 500
更新树花时间为: 14
写数据库IO花时间为: 23
编号为 30 的区块已加入本地区块链！curBlock: 
blockHeader: 
[a4bc77aa621abf19816382c6ff153cf6d563673412af4e51cdf6a5f88390c242 60d62e5cf82700239521a2b15529716bd4e3efa1e1644c03d184ebe0d093c2b8 541a0cacf6773f8613bf06b2138035ea1f953aecb8abd0d7172c5c2999e112ad 30 1780902114]
# of transactions: 133
# of TXmig1s: 0
# of In1s: 0
# of Anns: 0
# of NSs: 0
blockHash: 
36941d0fe706fc3399b2aede88370c40eb01002751a7a15522074b4d27311ac3
[Propose wait] S0 N0 spin=1 epoch=31 now=1780902114 InitTime=1780902052 lastpropose=1780902114 wallGap=62 need>=60 ok1=true lastGap=0 need>=2 ok2=false
[Propose wait] S0 N0 spin=50 epoch=31 now=1780902115 InitTime=1780902052 lastpropose=1780902114 wallGap=63 need>=60 ok1=true lastGap=1 need>=2 ok2=false
[Propose] S0 N0 时间条件满足: epoch=31->32 now=1780902116 InitTime=1780902052 lastpropose=1780902114 wallGap=64>=60 lastGap=2>=2 → propose1
[Propose] S0 N0 等待 sequenceLock…
[Propose] S0 N0 已持有 sequenceLock，seqID=31 即将 propose1
[propose1] S0 N0 seq=31 Tx_pool.Queue_len=189
left_count: 500
更新树花时间为: 28
写数据库IO花时间为: 45
编号为 31 的区块已加入本地区块链！curBlock: 
blockHeader: 
[36941d0fe706fc3399b2aede88370c40eb01002751a7a15522074b4d27311ac3 6c70cb8a07ee3dd806b53d996e91d40d508043e8ee265c432dbced123295d33d 8306c3ba6d0c101fc9d93703b4820389043c6e962b07819bbe75c7eb46bd8cce 31 1780902116]
# of transactions: 187
# of TXmig1s: 0
# of In1s: 0
# of Anns: 0
# of NSs: 0
blockHash: 
0ac4401fcdfd49bb91724058d1adeb4266e6d68b314a68b70864eaf36b55d737
[Propose wait] S0 N0 spin=1 epoch=32 now=1780902116 InitTime=1780902052 lastpropose=1780902116 wallGap=64 need>=62 ok1=true lastGap=0 need>=2 ok2=false
[Propose wait] S0 N0 spin=50 epoch=32 now=1780902117 InitTime=1780902052 lastpropose=1780902116 wallGap=65 need>=62 ok1=true lastGap=1 need>=2 ok2=false
[Propose] S0 N0 时间条件满足: epoch=32->33 now=1780902118 InitTime=1780902052 lastpropose=1780902116 wallGap=66>=62 lastGap=2>=2 → propose1
[Propose] S0 N0 等待 sequenceLock…
[Propose] S0 N0 已持有 sequenceLock，seqID=32 即将 propose1
[propose1] S0 N0 seq=32 Tx_pool.Queue_len=207
left_count: 500
更新树花时间为: 31
写数据库IO花时间为: 53
编号为 32 的区块已加入本地区块链！curBlock: 
blockHeader: 
[0ac4401fcdfd49bb91724058d1adeb4266e6d68b314a68b70864eaf36b55d737 58a7e4881ae2156215844261ab51fb6eba1b0e443ed74dfa6635293063963d51 cd0a5bf90505eac5801b15b063059f8a21790c3aaa4af845b223f9de2f4bdbd5 32 1780902118]
# of transactions: 205
# of TXmig1s: 0
# of In1s: 0
# of Anns: 0
# of NSs: 0
blockHash: 
b9abef0a4bd7b592767337d23ea4aa6d6cadb64d53733ab92353a420eadf0f47
[Propose wait] S0 N0 spin=1 epoch=33 now=1780902118 InitTime=1780902052 lastpropose=1780902118 wallGap=66 need>=64 ok1=true lastGap=0 need>=2 ok2=false
[Propose wait] S0 N0 spin=50 epoch=33 now=1780902119 InitTime=1780902052 lastpropose=1780902118 wallGap=67 need>=64 ok1=true lastGap=1 need>=2 ok2=false
[Propose] S0 N0 时间条件满足: epoch=33->34 now=1780902120 InitTime=1780902052 lastpropose=1780902118 wallGap=68>=64 lastGap=2>=2 → propose1
[Propose] S0 N0 等待 sequenceLock…
[Propose] S0 N0 已持有 sequenceLock，seqID=33 即将 propose1
[propose1] S0 N0 seq=33 Tx_pool.Queue_len=235
left_count: 500
更新树花时间为: 52
写数据库IO花时间为: 161
编号为 33 的区块已加入本地区块链！curBlock: 
blockHeader: 
[b9abef0a4bd7b592767337d23ea4aa6d6cadb64d53733ab92353a420eadf0f47 79f81c0d805e823dad3b4e50c1d4333697c151c7a995536a5c22590b78245f3b 2387378e53b9b7fe48147803fd255265d671b8130107be7c003e4051f18d18c6 33 1780902120]
# of transactions: 233
# of TXmig1s: 0
# of In1s: 0
# of Anns: 0
# of NSs: 0
blockHash: 
0997eafacab7f06770b008f969aa8fa2928c5d544f7865097f150f67b8e7d2b4
[Propose wait] S0 N0 spin=1 epoch=34 now=1780902120 InitTime=1780902052 lastpropose=1780902120 wallGap=68 need>=66 ok1=true lastGap=0 need>=2 ok2=false
[Propose wait] S0 N0 spin=50 epoch=34 now=1780902121 InitTime=1780902052 lastpropose=1780902120 wallGap=69 need>=66 ok1=true lastGap=1 need>=2 ok2=false
[Propose] S0 N0 时间条件满足: epoch=34->35 now=1780902122 InitTime=1780902052 lastpropose=1780902120 wallGap=70>=66 lastGap=2>=2 → propose1
[Propose] S0 N0 等待 sequenceLock…
[Propose] S0 N0 已持有 sequenceLock，seqID=34 即将 propose1
[propose1] S0 N0 seq=34 Tx_pool.Queue_len=235
left_count: 500
更新树花时间为: 30
写数据库IO花时间为: 46
编号为 34 的区块已加入本地区块链！curBlock: 
blockHeader: 
[0997eafacab7f06770b008f969aa8fa2928c5d544f7865097f150f67b8e7d2b4 0e146a1de4ae7bbaa6fe4df98162af2f84c3b0e84fce284a66309c99db92f07e d8fee576c526228489c3d18d2b7998c26f5a74119924e8c1b1664d893bf8ac57 34 1780902122]
# of transactions: 233
# of TXmig1s: 0
# of In1s: 0
# of Anns: 0
# of NSs: 0
blockHash: 
4a9ab521fc5c58a9b2654efda71e859db98e56901e1227b593050353e7324c60
[Propose wait] S0 N0 spin=1 epoch=35 now=1780902122 InitTime=1780902052 lastpropose=1780902122 wallGap=70 need>=68 ok1=true lastGap=0 need>=2 ok2=false
[Propose wait] S0 N0 spin=50 epoch=35 now=1780902123 InitTime=1780902052 lastpropose=1780902122 wallGap=71 need>=68 ok1=true lastGap=1 need>=2 ok2=false
[Propose] S0 N0 时间条件满足: epoch=35->36 now=1780902124 InitTime=1780902052 lastpropose=1780902122 wallGap=72>=68 lastGap=2>=2 → propose1
[Propose] S0 N0 等待 sequenceLock…
[Propose] S0 N0 已持有 sequenceLock，seqID=35 即将 propose1
[propose1] S0 N0 seq=35 Tx_pool.Queue_len=256
left_count: 500
更新树花时间为: 41
写数据库IO花时间为: 61
编号为 35 的区块已加入本地区块链！curBlock: 
blockHeader: 
[4a9ab521fc5c58a9b2654efda71e859db98e56901e1227b593050353e7324c60 53b8710e18855c38796b3c36a55715648ec9e1900a19a81551bfaccca0f8c45e 0436df8a25a0ecdc519cfee750387e482c3400601b5fed4041d9c5d664544a0c 35 1780902124]
# of transactions: 254
# of TXmig1s: 0
# of In1s: 0
# of Anns: 0
# of NSs: 0
blockHash: 
91726a3d0c5ed87f0645f84ec0635fcd95635737028ec10aa1e45274d660701d
[Propose wait] S0 N0 spin=1 epoch=36 now=1780902124 InitTime=1780902052 lastpropose=1780902124 wallGap=72 need>=70 ok1=true lastGap=0 need>=2 ok2=false
[Propose wait] S0 N0 spin=50 epoch=36 now=1780902125 InitTime=1780902052 lastpropose=1780902124 wallGap=73 need>=70 ok1=true lastGap=1 need>=2 ok2=false
[Propose] S0 N0 时间条件满足: epoch=36->37 now=1780902126 InitTime=1780902052 lastpropose=1780902124 wallGap=74>=70 lastGap=2>=2 → propose1
[Propose] S0 N0 等待 sequenceLock…
[Propose] S0 N0 已持有 sequenceLock，seqID=36 即将 propose1
[propose1] S0 N0 seq=36 Tx_pool.Queue_len=210
left_count: 500
更新树花时间为: 28
写数据库IO花时间为: 49
编号为 36 的区块已加入本地区块链！curBlock: 
blockHeader: 
[91726a3d0c5ed87f0645f84ec0635fcd95635737028ec10aa1e45274d660701d 3154a9e6070229d7cb4a521c49aeeea07326c5b57871cb48e7c485fd233f44be 5917714887511c921a9999c99ce7ca888eec538194b417c044d815da52762d10 36 1780902126]
# of transactions: 208
# of TXmig1s: 0
# of In1s: 0
# of Anns: 0
# of NSs: 0
blockHash: 
d1838d0fc3cc390a61cc0ca663ade9e8fb2ae45d29625f957bd9dd5d7e732638
[Propose wait] S0 N0 spin=1 epoch=37 now=1780902126 InitTime=1780902052 lastpropose=1780902126 wallGap=74 need>=72 ok1=true lastGap=0 need>=2 ok2=false
[Propose wait] S0 N0 spin=50 epoch=37 now=1780902127 InitTime=1780902052 lastpropose=1780902126 wallGap=75 need>=72 ok1=true lastGap=1 need>=2 ok2=false
[Propose] S0 N0 时间条件满足: epoch=37->38 now=1780902128 InitTime=1780902052 lastpropose=1780902126 wallGap=76>=72 lastGap=2>=2 → propose1
[Propose] S0 N0 等待 sequenceLock…
[Propose] S0 N0 已持有 sequenceLock，seqID=37 即将 propose1
[propose1] S0 N0 seq=37 Tx_pool.Queue_len=181
left_count: 500
更新树花时间为: 26
写数据库IO花时间为: 47
编号为 37 的区块已加入本地区块链！curBlock: 
blockHeader: 
[d1838d0fc3cc390a61cc0ca663ade9e8fb2ae45d29625f957bd9dd5d7e732638 31b17b5fb685ef4e1207ecc8751cbfbd18f96b808583d6146462277e3e7f27cd 4035624140ca626d6f88908c724ed2837c2cba7795154f4ba9a0eb9842f5a6fa 37 1780902128]
# of transactions: 179
# of TXmig1s: 0
# of In1s: 0
# of Anns: 0
# of NSs: 0
blockHash: 
1ef0a0609dfa023212bd2270b8ac98df9ecfab40a28a518f58abd97948dea051
[Propose wait] S0 N0 spin=1 epoch=38 now=1780902128 InitTime=1780902052 lastpropose=1780902128 wallGap=76 need>=74 ok1=true lastGap=0 need>=2 ok2=false
[Propose wait] S0 N0 spin=50 epoch=38 now=1780902129 InitTime=1780902052 lastpropose=1780902128 wallGap=77 need>=74 ok1=true lastGap=1 need>=2 ok2=false
[Propose] S0 N0 时间条件满足: epoch=38->39 now=1780902130 InitTime=1780902052 lastpropose=1780902128 wallGap=78>=74 lastGap=2>=2 → propose1
[Propose] S0 N0 等待 sequenceLock…
[Propose] S0 N0 已持有 sequenceLock，seqID=38 即将 propose1
[propose1] S0 N0 seq=38 Tx_pool.Queue_len=2
left_count: 500
更新树花时间为: 0
写数据库IO花时间为: 15
编号为 38 的区块已加入本地区块链！curBlock: 
blockHeader: 
[1ef0a0609dfa023212bd2270b8ac98df9ecfab40a28a518f58abd97948dea051 31b17b5fb685ef4e1207ecc8751cbfbd18f96b808583d6146462277e3e7f27cd 56e81f171bcc55a6ff8345e692c0f86e5b48e01b996cadc001622fb5e363b421 38 1780902130]
# of transactions: 0
# of TXmig1s: 0
# of In1s: 0
# of Anns: 0
# of NSs: 0
blockHash: 
5cda90b5d8b83b84ead61ab144996c12ff2719604e1c00bfcb261b59e42e3c28
[Propose wait] S0 N0 spin=1 epoch=39 now=1780902130 InitTime=1780902052 lastpropose=1780902130 wallGap=78 need>=76 ok1=true lastGap=0 need>=2 ok2=false
[Propose wait] S0 N0 spin=50 epoch=39 now=1780902131 InitTime=1780902052 lastpropose=1780902130 wallGap=79 need>=76 ok1=true lastGap=1 need>=2 ok2=false
[Propose] S0 N0 时间条件满足: epoch=39->40 now=1780902132 InitTime=1780902052 lastpropose=1780902130 wallGap=80>=76 lastGap=2>=2 → propose1
[Propose] S0 N0 等待 sequenceLock…
[Propose] S0 N0 已持有 sequenceLock，seqID=39 即将 propose1
[propose1] S0 N0 seq=39 Tx_pool.Queue_len=2
left_count: 500
更新树花时间为: 1
写数据库IO花时间为: 16
编号为 39 的区块已加入本地区块链！curBlock: 
blockHeader: 
[5cda90b5d8b83b84ead61ab144996c12ff2719604e1c00bfcb261b59e42e3c28 31b17b5fb685ef4e1207ecc8751cbfbd18f96b808583d6146462277e3e7f27cd 56e81f171bcc55a6ff8345e692c0f86e5b48e01b996cadc001622fb5e363b421 39 1780902132]
# of transactions: 0
# of TXmig1s: 0
# of In1s: 0
# of Anns: 0
# of NSs: 0
blockHash: 
38492c65e90ef7970ec9bc4b0ffaa8e7892bd38076d528243ca7e748788419b5
[Propose wait] S0 N0 spin=1 epoch=40 now=1780902132 InitTime=1780902052 lastpropose=1780902132 wallGap=80 need>=78 ok1=true lastGap=0 need>=2 ok2=false
[Propose wait] S0 N0 spin=50 epoch=40 now=1780902133 InitTime=1780902052 lastpropose=1780902132 wallGap=81 need>=78 ok1=true lastGap=1 need>=2 ok2=false
[Propose] S0 N0 时间条件满足: epoch=40->41 now=1780902134 InitTime=1780902052 lastpropose=1780902132 wallGap=82>=78 lastGap=2>=2 → propose1
[Propose] S0 N0 等待 sequenceLock…
[Propose] S0 N0 已持有 sequenceLock，seqID=40 即将 propose1
[propose1] S0 N0 seq=40 Tx_pool.Queue_len=2
left_count: 500
更新树花时间为: 1
写数据库IO花时间为: 14
编号为 40 的区块已加入本地区块链！curBlock: 
blockHeader: 
[38492c65e90ef7970ec9bc4b0ffaa8e7892bd38076d528243ca7e748788419b5 31b17b5fb685ef4e1207ecc8751cbfbd18f96b808583d6146462277e3e7f27cd 56e81f171bcc55a6ff8345e692c0f86e5b48e01b996cadc001622fb5e363b421 40 1780902134]
# of transactions: 0
# of TXmig1s: 0
# of In1s: 0
# of Anns: 0
# of NSs: 0
blockHash: 
5013c440750e3dc17b3a7be3b6895fea61894b784ae8614c5fa7a3e2b9e8ebbc
[Propose wait] S0 N0 spin=1 epoch=41 now=1780902134 InitTime=1780902052 lastpropose=1780902134 wallGap=82 need>=80 ok1=true lastGap=0 need>=2 ok2=false
[Propose wait] S0 N0 spin=50 epoch=41 now=1780902135 InitTime=1780902052 lastpropose=1780902134 wallGap=83 need>=80 ok1=true lastGap=1 need>=2 ok2=false
[Propose] S0 N0 时间条件满足: epoch=41->42 now=1780902136 InitTime=1780902052 lastpropose=1780902134 wallGap=84>=80 lastGap=2>=2 → propose1
[Propose] S0 N0 等待 sequenceLock…
[Propose] S0 N0 已持有 sequenceLock，seqID=41 即将 propose1
[propose1] S0 N0 seq=41 Tx_pool.Queue_len=2
left_count: 500
更新树花时间为: 0
写数据库IO花时间为: 15
编号为 41 的区块已加入本地区块链！curBlock: 
blockHeader: 
[5013c440750e3dc17b3a7be3b6895fea61894b784ae8614c5fa7a3e2b9e8ebbc 31b17b5fb685ef4e1207ecc8751cbfbd18f96b808583d6146462277e3e7f27cd 56e81f171bcc55a6ff8345e692c0f86e5b48e01b996cadc001622fb5e363b421 41 1780902136]
# of transactions: 0
# of TXmig1s: 0
# of In1s: 0
# of Anns: 0
# of NSs: 0
blockHash: 
f71eef09f154a13e591964b36e71196543c70533aca83be30f2b1ca98161add4
[Propose wait] S0 N0 spin=1 epoch=42 now=1780902136 InitTime=1780902052 lastpropose=1780902136 wallGap=84 need>=82 ok1=true lastGap=0 need>=2 ok2=false
[Propose wait] S0 N0 spin=50 epoch=42 now=1780902137 InitTime=1780902052 lastpropose=1780902136 wallGap=85 need>=82 ok1=true lastGap=1 need>=2 ok2=false
[Propose] S0 N0 时间条件满足: epoch=42->43 now=1780902138 InitTime=1780902052 lastpropose=1780902136 wallGap=86>=82 lastGap=2>=2 → propose1
[Propose] S0 N0 等待 sequenceLock…
[Propose] S0 N0 已持有 sequenceLock，seqID=42 即将 propose1
[propose1] S0 N0 seq=42 Tx_pool.Queue_len=2
left_count: 500
更新树花时间为: 1
写数据库IO花时间为: 23
编号为 42 的区块已加入本地区块链！curBlock: 
blockHeader: 
[f71eef09f154a13e591964b36e71196543c70533aca83be30f2b1ca98161add4 31b17b5fb685ef4e1207ecc8751cbfbd18f96b808583d6146462277e3e7f27cd 56e81f171bcc55a6ff8345e692c0f86e5b48e01b996cadc001622fb5e363b421 42 1780902138]
# of transactions: 0
# of TXmig1s: 0
# of In1s: 0
# of Anns: 0
# of NSs: 0
blockHash: 
f99ec1cf2f78cbfcfb833f005abc581e9d7e9a6fd1f9e0deba007b3e9dc1e3c1
[Propose wait] S0 N0 spin=1 epoch=43 now=1780902138 InitTime=1780902052 lastpropose=1780902138 wallGap=86 need>=84 ok1=true lastGap=0 need>=2 ok2=false
节点收到终止节点消息，停止运行
