MigrationStrategy=MVSS-Delta (Stop=false Lock=false NotLock=true)
&{77 N0 S1 2 0 selectedTxs_300K.csv 2 500 300 150 150 150 150 1000 10 1 400 20000 0 50000 20 true MVSS-Delta false false true false true false 3 false 8 false false false PageRank false 100 true false true 3 0 0 0  0}
[SyncLog] init ok shard=S1 node=N0 file=./log/S1_sync.csv
交易将由外部客户端发送
节点 N0 已启动，所属分片: S1
[Propose wait-first-tx] S1 N0 seq=1 Queue_len=0，首块等待交易注入后再出块
节点开启监听，地址：127.0.0.1:8020
[Propose wait-first-tx] S1 N0 seq=1 Queue_len=0，首块等待交易注入后再出块
[Propose wait-first-tx] S1 N0 seq=1 Queue_len=0，首块等待交易注入后再出块
[Propose wait-first-tx] S1 N0 seq=1 Queue_len=0，首块等待交易注入后再出块
[Propose wait-first-tx] S1 N0 seq=1 Queue_len=0，首块等待交易注入后再出块
[Propose wait-first-tx] S1 N0 seq=1 Queue_len=0，首块等待交易注入后再出块
[Propose wait-first-tx] S1 N0 seq=1 Queue_len=0，首块等待交易注入后再出块
[Propose wait-first-tx] S1 N0 seq=1 Queue_len=0，首块等待交易注入后再出块
[Propose wait-first-tx] S1 N0 seq=1 Queue_len=0，首块等待交易注入后再出块
[Propose wait-first-tx] S1 N0 seq=1 Queue_len=0，首块等待交易注入后再出块
[Propose wait-first-tx] S1 N0 seq=1 Queue_len=0，首块等待交易注入后再出块
[Propose wait-first-tx] S1 N0 seq=1 Queue_len=0，首块等待交易注入后再出块
[Propose wait-first-tx] S1 N0 seq=1 Queue_len=0，首块等待交易注入后再出块
[Propose wait-first-tx] S1 N0 seq=1 Queue_len=0，首块等待交易注入后再出块
[Propose wait-first-tx] S1 N0 seq=1 Queue_len=0，首块等待交易注入后再出块
本节点已接收到客户端发送的初始时间：1780902052（锚定 InitTime=1780902052，已重置 epoch=1）
[Propose wait-first-tx] S1 N0 seq=1 Queue_len=0，首块等待交易注入后再出块
[Propose wait-first-tx] S1 N0 seq=1 Queue_len=0，首块等待交易注入后再出块
[Propose wait-first-tx] S1 N0 seq=1 Queue_len=0，首块等待交易注入后再出块
[handleTxFromClient] S1 N0 recv client batch, tx_count=269
[handleTxFromClient] S1 N0 append to Tx_pool.Queue: local_queued=269 forward_other_shard=0 Queue_total_len=269
[Propose wait-first-tx] S1 N0 首块已检测到交易，结束等待，Queue_len=269
[Propose] S1 N0 时间条件满足: epoch=1->2 now=1780902056 InitTime=1780902052 lastpropose=1780902052 wallGap=4>=0 lastGap=4>=2 → propose1
[Propose] S1 N0 等待 sequenceLock…
[Propose] S1 N0 已持有 sequenceLock，seqID=1 即将 propose1
[propose1] S1 N0 seq=1 Tx_pool.Queue_len=269
left_count: 500
更新树花时间为: 45
写数据库IO花时间为: 60
编号为 1 的区块已加入本地区块链！curBlock: 
blockHeader: 
[1add38160db0458a48072f3ade543ffb4af4e9cfdf8f76549b9568e046a6a3ff 654763dfb1c5f484d7ca7498750ad00ca0d5361c00984efe6f4189e9b6fe2934 a7d5ed6df3b3aee4a9ac37f6167c05e2d5d7e57fda1bf26b598bb78ddd4b28de 1 1780902056]
# of transactions: 269
# of TXmig1s: 0
# of In1s: 0
# of Anns: 0
# of NSs: 0
blockHash: 
b8f774bd2b43b591d4771f38b0b0b321e09185ee006c9d60e3d65d50a26cb461

第1个块开始准备relay

[Propose wait] S1 N0 spin=1 epoch=2 now=1780902056 InitTime=1780902052 lastpropose=1780902056 wallGap=4 need>=2 ok1=true lastGap=0 need>=2 ok2=false

第1个块结束relay

[Propose wait] S1 N0 spin=50 epoch=2 now=1780902057 InitTime=1780902052 lastpropose=1780902056 wallGap=5 need>=2 ok1=true lastGap=1 need>=2 ok2=false
[Propose] S1 N0 时间条件满足: epoch=2->3 now=1780902058 InitTime=1780902052 lastpropose=1780902056 wallGap=6>=2 lastGap=2>=2 → propose1
[Propose] S1 N0 等待 sequenceLock…
[Propose] S1 N0 已持有 sequenceLock，seqID=2 即将 propose1
[propose1] S1 N0 seq=2 Tx_pool.Queue_len=226
left_count: 500
[handleTxFromClient] S1 N0 recv client batch, tx_count=272
[handleTxFromClient] S1 N0 append to Tx_pool.Queue: local_queued=272 forward_other_shard=0 Queue_total_len=272
更新树花时间为: 28
写数据库IO花时间为: 36
编号为 2 的区块已加入本地区块链！curBlock: 
blockHeader: 
[b8f774bd2b43b591d4771f38b0b0b321e09185ee006c9d60e3d65d50a26cb461 6e4fb126cdc7141ba01e371e6495c59480eca1ab8fed997c81fe4127c728e2c5 94dc062895895ccb82caddd5553f755bc6569b4a9979f2f4ee4a81fec8c4de4c 2 1780902058]
# of transactions: 226
# of TXmig1s: 0
# of In1s: 0
# of Anns: 0
# of NSs: 0
blockHash: 
6e789b47e2c7446ac884becbcab83c5907f16c7f2059c92325514ff5cb074d12
[Propose wait] S1 N0 spin=1 epoch=3 now=1780902058 InitTime=1780902052 lastpropose=1780902058 wallGap=6 need>=4 ok1=true lastGap=0 need>=2 ok2=false
[Propose wait] S1 N0 spin=50 epoch=3 now=1780902059 InitTime=1780902052 lastpropose=1780902058 wallGap=7 need>=4 ok1=true lastGap=1 need>=2 ok2=false
[Propose] S1 N0 时间条件满足: epoch=3->4 now=1780902060 InitTime=1780902052 lastpropose=1780902058 wallGap=8>=4 lastGap=2>=2 → propose1
[Propose] S1 N0 等待 sequenceLock…
[Propose] S1 N0 已持有 sequenceLock，seqID=3 即将 propose1
[propose1] S1 N0 seq=3 Tx_pool.Queue_len=285
left_count: 500
[handleTxFromClient] S1 N0 recv client batch, tx_count=177
[handleTxFromClient] S1 N0 append to Tx_pool.Queue: local_queued=177 forward_other_shard=0 Queue_total_len=177
更新树花时间为: 44
写数据库IO花时间为: 59
编号为 3 的区块已加入本地区块链！curBlock: 
blockHeader: 
[6e789b47e2c7446ac884becbcab83c5907f16c7f2059c92325514ff5cb074d12 fe1b9861f17d836c8b992a48d6fbf02000eeb51e8cb27efd7308e88bf6f35961 caae63fcc986a7c5e0fc9fb3f9b18654c2e47e27f55cd0045ac9e9e3bf05a322 3 1780902060]
# of transactions: 285
# of TXmig1s: 0
# of In1s: 0
# of Anns: 0
# of NSs: 0
blockHash: 
b5f23458fc2309ac68ee947dcec8c8e01dd8ec9695a56589dae8361677584b9c

第3个块开始准备relay

[Propose wait] S1 N0 spin=1 epoch=4 now=1780902060 InitTime=1780902052 lastpropose=1780902060 wallGap=8 need>=6 ok1=true lastGap=0 need>=2 ok2=false

第3个块结束relay

[Propose wait] S1 N0 spin=50 epoch=4 now=1780902061 InitTime=1780902052 lastpropose=1780902060 wallGap=9 need>=6 ok1=true lastGap=1 need>=2 ok2=false
[Propose] S1 N0 时间条件满足: epoch=4->5 now=1780902062 InitTime=1780902052 lastpropose=1780902060 wallGap=10>=6 lastGap=2>=2 → propose1
[Propose] S1 N0 等待 sequenceLock…
[Propose] S1 N0 已持有 sequenceLock，seqID=4 即将 propose1
[propose1] S1 N0 seq=4 Tx_pool.Queue_len=393
left_count: 500
[handleTxFromClient] S1 N0 recv client batch, tx_count=163
[handleTxFromClient] S1 N0 append to Tx_pool.Queue: local_queued=163 forward_other_shard=0 Queue_total_len=163
更新树花时间为: 50
写数据库IO花时间为: 58
编号为 4 的区块已加入本地区块链！curBlock: 
blockHeader: 
[b5f23458fc2309ac68ee947dcec8c8e01dd8ec9695a56589dae8361677584b9c 21ab9566e5a08e42e06d160e2c4b5fb9564435d051cb5bdc574526da7939ea11 d95d7e0c0ca5e6fdd64910e1b2840105080e358584d7be5fdf1a0cced27dea9e 4 1780902062]
# of transactions: 393
# of TXmig1s: 0
# of In1s: 0
# of Anns: 0
# of NSs: 0
blockHash: 
cbf58fa7840c368d6c810e5b2fcf9a5bd70777a9d794c2be5275ebf3681e1b09

第4个块开始准备relay

[Propose wait] S1 N0 spin=1 epoch=5 now=1780902062 InitTime=1780902052 lastpropose=1780902062 wallGap=10 need>=8 ok1=true lastGap=0 need>=2 ok2=false

第4个块结束relay

[Propose wait] S1 N0 spin=50 epoch=5 now=1780902063 InitTime=1780902052 lastpropose=1780902062 wallGap=11 need>=8 ok1=true lastGap=1 need>=2 ok2=false
[Propose] S1 N0 时间条件满足: epoch=5->6 now=1780902064 InitTime=1780902052 lastpropose=1780902062 wallGap=12>=8 lastGap=2>=2 → propose1
[Propose] S1 N0 等待 sequenceLock…
[Propose] S1 N0 已持有 sequenceLock，seqID=5 即将 propose1
[propose1] S1 N0 seq=5 Tx_pool.Queue_len=396
left_count: 500
更新树花时间为: 42
写数据库IO花时间为: 49
编号为 5 的区块已加入本地区块链！curBlock: 
blockHeader: 
[cbf58fa7840c368d6c810e5b2fcf9a5bd70777a9d794c2be5275ebf3681e1b09 6c77d2f35508850ac7a5e577bdd3fbf8199f28348eb47161f514d3e985ff44f4 e0598f5d6d25cf19c6d8a72f85b487f5967ab3020ce4d621c3a8c8c5b1e29b33 5 1780902064]
# of transactions: 396
# of TXmig1s: 0
# of In1s: 0
# of Anns: 0
# of NSs: 0
blockHash: 
6acd216ff00b7f2a509f6028ac05d3c071061dcbec057fd701534c748ba25fca
[handleTxFromClient] S1 N0 recv client batch, tx_count=159
[handleTxFromClient] S1 N0 append to Tx_pool.Queue: local_queued=159 forward_other_shard=0 Queue_total_len=159

第5个块开始准备relay

[Propose wait] S1 N0 spin=1 epoch=6 now=1780902064 InitTime=1780902052 lastpropose=1780902064 wallGap=12 need>=10 ok1=true lastGap=0 need>=2 ok2=false

第5个块结束relay

[Propose wait] S1 N0 spin=50 epoch=6 now=1780902065 InitTime=1780902052 lastpropose=1780902064 wallGap=13 need>=10 ok1=true lastGap=1 need>=2 ok2=false
[Propose] S1 N0 时间条件满足: epoch=6->7 now=1780902066 InitTime=1780902052 lastpropose=1780902064 wallGap=14>=10 lastGap=2>=2 → propose1
[Propose] S1 N0 等待 sequenceLock…
[Propose] S1 N0 已持有 sequenceLock，seqID=6 即将 propose1
[propose1] S1 N0 seq=6 Tx_pool.Queue_len=310
left_count: 500
更新树花时间为: 40
写数据库IO花时间为: 49
编号为 6 的区块已加入本地区块链！curBlock: 
blockHeader: 
[6acd216ff00b7f2a509f6028ac05d3c071061dcbec057fd701534c748ba25fca fa3a3ad7000a0de03e640fb1ae36bffa9785bf9939e612d391e5e0479290200e 62510ac42fb0398f117b225ddb67efa5f5c739149b529b6635e8d336675560fa 6 1780902066]
# of transactions: 310
# of TXmig1s: 0
# of In1s: 0
# of Anns: 0
# of NSs: 0
blockHash: 
ee4f1c1464588d02cc56b582f1f716deb7180680dec2339918b5fef1ee5491c5

第6个块开始准备relay

[Propose wait] S1 N0 spin=1 epoch=7 now=1780902066 InitTime=1780902052 lastpropose=1780902066 wallGap=14 need>=12 ok1=true lastGap=0 need>=2 ok2=false
[handleTxFromClient] S1 N0 recv client batch, tx_count=391
[handleTxFromClient] S1 N0 append to Tx_pool.Queue: local_queued=391 forward_other_shard=0 Queue_total_len=391

第6个块结束relay

[Propose wait] S1 N0 spin=50 epoch=7 now=1780902067 InitTime=1780902052 lastpropose=1780902066 wallGap=15 need>=12 ok1=true lastGap=1 need>=2 ok2=false
[Propose] S1 N0 时间条件满足: epoch=7->8 now=1780902068 InitTime=1780902052 lastpropose=1780902066 wallGap=16>=12 lastGap=2>=2 → propose1
[Propose] S1 N0 等待 sequenceLock…
[Propose] S1 N0 已持有 sequenceLock，seqID=7 即将 propose1
[propose1] S1 N0 seq=7 Tx_pool.Queue_len=630
left_count: 500
更新树花时间为: 38
写数据库IO花时间为: 47
编号为 7 的区块已加入本地区块链！curBlock: 
blockHeader: 
[ee4f1c1464588d02cc56b582f1f716deb7180680dec2339918b5fef1ee5491c5 b0e36f2d8202930199249d2c51b22fd1b11b7eb102c090df8c3c68e6675d8a4a 2f5ed05bb89c87e1fd6f59cfcd9d6272215091179d7c1375b839b075578a98c2 7 1780902068]
# of transactions: 500
# of TXmig1s: 0
# of In1s: 0
# of Anns: 0
# of NSs: 0
blockHash: 
3d4f69390652d252ba0f8f19b05115000a4e95aa86222a822ed306b662473841

第7个块开始准备relay

[Propose wait] S1 N0 spin=1 epoch=8 now=1780902068 InitTime=1780902052 lastpropose=1780902068 wallGap=16 need>=14 ok1=true lastGap=0 need>=2 ok2=false
[handleTxFromClient] S1 N0 recv client batch, tx_count=745
[handleTxFromClient] S1 N0 append to Tx_pool.Queue: local_queued=745 forward_other_shard=0 Queue_total_len=875

第7个块结束relay

[Propose wait] S1 N0 spin=50 epoch=8 now=1780902069 InitTime=1780902052 lastpropose=1780902068 wallGap=17 need>=14 ok1=true lastGap=1 need>=2 ok2=false
[Propose] S1 N0 时间条件满足: epoch=8->9 now=1780902070 InitTime=1780902052 lastpropose=1780902068 wallGap=18>=14 lastGap=2>=2 → propose1
[Propose] S1 N0 等待 sequenceLock…
[Propose] S1 N0 已持有 sequenceLock，seqID=8 即将 propose1
[propose1] S1 N0 seq=8 Tx_pool.Queue_len=1101
left_count: 500
更新树花时间为: 31
写数据库IO花时间为: 52
编号为 8 的区块已加入本地区块链！curBlock: 
blockHeader: 
[3d4f69390652d252ba0f8f19b05115000a4e95aa86222a822ed306b662473841 0a3e63cb29706d9c6f8e8510f439362cd998bed7f026dc9f937c38a5e343fb5c e48cc54909f93f49d070e54d37ad76dc7958e9b9c7e3f249bd9efc8e8abc0e3e 8 1780902070]
# of transactions: 500
# of TXmig1s: 0
# of In1s: 0
# of Anns: 0
# of NSs: 0
blockHash: 
c26838b77f5b73146f82fba7ca8fb929405118a4e6e8d4f5ce5674bc87420d1b

第8个块开始准备relay

[Propose wait] S1 N0 spin=1 epoch=9 now=1780902070 InitTime=1780902052 lastpropose=1780902070 wallGap=18 need>=16 ok1=true lastGap=0 need>=2 ok2=false
[handleTxFromClient] S1 N0 recv client batch, tx_count=522
[handleTxFromClient] S1 N0 append to Tx_pool.Queue: local_queued=522 forward_other_shard=0 Queue_total_len=1123

第8个块结束relay

[Propose wait] S1 N0 spin=50 epoch=9 now=1780902071 InitTime=1780902052 lastpropose=1780902070 wallGap=19 need>=16 ok1=true lastGap=1 need>=2 ok2=false
[Propose] S1 N0 时间条件满足: epoch=9->10 now=1780902072 InitTime=1780902052 lastpropose=1780902070 wallGap=20>=16 lastGap=2>=2 → propose1
[Propose] S1 N0 等待 sequenceLock…
[Propose] S1 N0 已持有 sequenceLock，seqID=9 即将 propose1
[propose1] S1 N0 seq=9 Tx_pool.Queue_len=1337
left_count: 500
更新树花时间为: 35
写数据库IO花时间为: 45
编号为 9 的区块已加入本地区块链！curBlock: 
blockHeader: 
[c26838b77f5b73146f82fba7ca8fb929405118a4e6e8d4f5ce5674bc87420d1b 144507fde399ed13a1d2a2579a08e4b41fe0cfe7cff92c5f9cca3c3c9624c016 1a21927fd0901a556fb8bec39f38372fc2d7b398fe67e15dcad86d2baa2e6a0a 9 1780902072]
# of transactions: 500
# of TXmig1s: 0
# of In1s: 0
# of Anns: 0
# of NSs: 0
blockHash: 
c89329bc8d4958ff0a5d3c37147523fe19e028beea92b39b937d650e18739aea

第9个块开始准备relay

[Propose wait] S1 N0 spin=1 epoch=10 now=1780902072 InitTime=1780902052 lastpropose=1780902072 wallGap=20 need>=18 ok1=true lastGap=0 need>=2 ok2=false
[handleTxFromClient] S1 N0 recv client batch, tx_count=393
[handleTxFromClient] S1 N0 append to Tx_pool.Queue: local_queued=393 forward_other_shard=0 Queue_total_len=1230

第9个块结束relay

[Propose wait] S1 N0 spin=50 epoch=10 now=1780902073 InitTime=1780902052 lastpropose=1780902072 wallGap=21 need>=18 ok1=true lastGap=1 need>=2 ok2=false
[Propose] S1 N0 时间条件满足: epoch=10->11 now=1780902074 InitTime=1780902052 lastpropose=1780902072 wallGap=22>=18 lastGap=2>=2 → propose1
[Propose] S1 N0 等待 sequenceLock…
[Propose] S1 N0 已持有 sequenceLock，seqID=10 即将 propose1
[propose1] S1 N0 seq=10 Tx_pool.Queue_len=1335
left_count: 500
更新树花时间为: 26
写数据库IO花时间为: 38
编号为 10 的区块已加入本地区块链！curBlock: 
blockHeader: 
[c89329bc8d4958ff0a5d3c37147523fe19e028beea92b39b937d650e18739aea a1c9cc771fb625789af11e2edb777dfab81b918939f889f76a34af742983e90a 9714d6d4ad8b76f437d95160b0686e7e7e94ddadc88bdc5c16d9d9e36808e9a1 10 1780902074]
# of transactions: 500
# of TXmig1s: 0
# of In1s: 0
# of Anns: 0
# of NSs: 0
blockHash: 
572e7870b54384f6469e14ad0d85ee0a921e05091a5f88872ef0684e4f5585f2

第10个块开始准备relay

[Propose wait] S1 N0 spin=1 epoch=11 now=1780902074 InitTime=1780902052 lastpropose=1780902074 wallGap=22 need>=20 ok1=true lastGap=0 need>=2 ok2=false
[handleTxFromClient] S1 N0 recv client batch, tx_count=523
[handleTxFromClient] S1 N0 append to Tx_pool.Queue: local_queued=523 forward_other_shard=0 Queue_total_len=1358

第10个块结束relay

[Propose wait] S1 N0 spin=50 epoch=11 now=1780902075 InitTime=1780902052 lastpropose=1780902074 wallGap=23 need>=20 ok1=true lastGap=1 need>=2 ok2=false
[Propose] S1 N0 时间条件满足: epoch=11->12 now=1780902076 InitTime=1780902052 lastpropose=1780902074 wallGap=24>=20 lastGap=2>=2 → propose1
[Propose] S1 N0 等待 sequenceLock…
[Propose] S1 N0 已持有 sequenceLock，seqID=11 即将 propose1
[propose1] S1 N0 seq=11 Tx_pool.Queue_len=1524
left_count: 500
更新树花时间为: 54
写数据库IO花时间为: 61
编号为 11 的区块已加入本地区块链！curBlock: 
blockHeader: 
[572e7870b54384f6469e14ad0d85ee0a921e05091a5f88872ef0684e4f5585f2 28a98bdca136ff1ffea7b750579766c56752aa925c65de385d0bb03ec6f6f6a2 c7e694e4d27f22f7ff2932ee094494066830306a00b6be821c1e6bb480ef64ca 11 1780902076]
# of transactions: 500
# of TXmig1s: 0
# of In1s: 0
# of Anns: 0
# of NSs: 0
blockHash: 
0f6e19771dd1d9285c5661687313179ad0e87266bb5c311bdfdaead639f2ce40

第11个块开始准备relay

[Propose wait] S1 N0 spin=1 epoch=12 now=1780902076 InitTime=1780902052 lastpropose=1780902076 wallGap=24 need>=22 ok1=true lastGap=0 need>=2 ok2=false
[handleTxFromClient] S1 N0 recv client batch, tx_count=249
[handleTxFromClient] S1 N0 append to Tx_pool.Queue: local_queued=249 forward_other_shard=0 Queue_total_len=1273

第11个块结束relay

[Propose wait] S1 N0 spin=50 epoch=12 now=1780902077 InitTime=1780902052 lastpropose=1780902076 wallGap=25 need>=22 ok1=true lastGap=1 need>=2 ok2=false
[Propose] S1 N0 时间条件满足: epoch=12->13 now=1780902078 InitTime=1780902052 lastpropose=1780902076 wallGap=26>=22 lastGap=2>=2 → propose1
[Propose] S1 N0 等待 sequenceLock…
[Propose] S1 N0 已持有 sequenceLock，seqID=12 即将 propose1
[propose1] S1 N0 seq=12 Tx_pool.Queue_len=1450
left_count: 500
更新树花时间为: 26
写数据库IO花时间为: 31
编号为 12 的区块已加入本地区块链！curBlock: 
blockHeader: 
[0f6e19771dd1d9285c5661687313179ad0e87266bb5c311bdfdaead639f2ce40 21272254d0083b8f68b90cc2ca727ed4479ffbbc98fbbb12c80ad2f352394b78 01b4a4149769de9006d956520baa85adcac29281ea29ce89bf45b2bb583ec37e 12 1780902078]
# of transactions: 500
# of TXmig1s: 0
# of In1s: 0
# of Anns: 0
# of NSs: 0
blockHash: 
7225c7dd9b5b25da5ad804549ca579f1796edf736ada3fd4cc461215d5fc085e

第12个块开始准备relay

[Propose wait] S1 N0 spin=1 epoch=13 now=1780902078 InitTime=1780902052 lastpropose=1780902078 wallGap=26 need>=24 ok1=true lastGap=0 need>=2 ok2=false
[handleTxFromClient] S1 N0 recv client batch, tx_count=167
[handleTxFromClient] S1 N0 append to Tx_pool.Queue: local_queued=167 forward_other_shard=0 Queue_total_len=1117

第12个块结束relay

[Propose wait] S1 N0 spin=50 epoch=13 now=1780902079 InitTime=1780902052 lastpropose=1780902078 wallGap=27 need>=24 ok1=true lastGap=1 need>=2 ok2=false
[Propose] S1 N0 时间条件满足: epoch=13->14 now=1780902080 InitTime=1780902052 lastpropose=1780902078 wallGap=28>=24 lastGap=2>=2 → propose1
[Propose] S1 N0 等待 sequenceLock…
[Propose] S1 N0 已持有 sequenceLock，seqID=13 即将 propose1
[propose1] S1 N0 seq=13 Tx_pool.Queue_len=1257
left_count: 500
更新树花时间为: 30
写数据库IO花时间为: 40
编号为 13 的区块已加入本地区块链！curBlock: 
blockHeader: 
[7225c7dd9b5b25da5ad804549ca579f1796edf736ada3fd4cc461215d5fc085e efdc6070cc2cda19c4f1a40e86e04bea7f7d7ad86ad594038938b65bdec97c07 42e0a268b27ba69e8872162b25ea733b5e3a25d07ff9fb3029912aefe2f46cfa 13 1780902080]
# of transactions: 500
# of TXmig1s: 0
# of In1s: 0
# of Anns: 0
# of NSs: 0
blockHash: 
d45f22d749c1814f4ff2c05524bcea05b14bd5a4438c0f14457b40dc05d8b704

第13个块开始准备relay

[Propose wait] S1 N0 spin=1 epoch=14 now=1780902080 InitTime=1780902052 lastpropose=1780902080 wallGap=28 need>=26 ok1=true lastGap=0 need>=2 ok2=false
[handleTxFromClient] S1 N0 recv client batch, tx_count=311
[handleTxFromClient] S1 N0 append to Tx_pool.Queue: local_queued=311 forward_other_shard=0 Queue_total_len=1068

第13个块结束relay

[Propose wait] S1 N0 spin=50 epoch=14 now=1780902081 InitTime=1780902052 lastpropose=1780902080 wallGap=29 need>=26 ok1=true lastGap=1 need>=2 ok2=false
[Propose] S1 N0 时间条件满足: epoch=14->15 now=1780902082 InitTime=1780902052 lastpropose=1780902080 wallGap=30>=26 lastGap=2>=2 → propose1
[Propose] S1 N0 等待 sequenceLock…
[Propose] S1 N0 已持有 sequenceLock，seqID=14 即将 propose1
[propose1] S1 N0 seq=14 Tx_pool.Queue_len=1275
left_count: 500
更新树花时间为: 61
写数据库IO花时间为: 66
编号为 14 的区块已加入本地区块链！curBlock: 
blockHeader: 
[d45f22d749c1814f4ff2c05524bcea05b14bd5a4438c0f14457b40dc05d8b704 1626bb0345478257d38a053790c8f2ee1dad3ad25642ab858e9fcee9f0335286 955b6432274f6add8446194f88995bfcaadcdb805d478cb5b14d36602a0410f4 14 1780902082]
# of transactions: 500
# of TXmig1s: 0
# of In1s: 0
# of Anns: 0
# of NSs: 0
blockHash: 
1dc0b443b6532341e84c08c04c43853a6b0f560bcffe15f96333d19cf4e93fd9

第14个块开始准备relay

[Propose wait] S1 N0 spin=1 epoch=15 now=1780902082 InitTime=1780902052 lastpropose=1780902082 wallGap=30 need>=28 ok1=true lastGap=0 need>=2 ok2=false
[handleTxFromClient] S1 N0 recv client batch, tx_count=304
[handleTxFromClient] S1 N0 append to Tx_pool.Queue: local_queued=304 forward_other_shard=0 Queue_total_len=1079

第14个块结束relay

[Propose wait] S1 N0 spin=50 epoch=15 now=1780902083 InitTime=1780902052 lastpropose=1780902082 wallGap=31 need>=28 ok1=true lastGap=1 need>=2 ok2=false
[Propose] S1 N0 时间条件满足: epoch=15->16 now=1780902084 InitTime=1780902052 lastpropose=1780902082 wallGap=32>=28 lastGap=2>=2 → propose1
[Propose] S1 N0 等待 sequenceLock…
[Propose] S1 N0 已持有 sequenceLock，seqID=15 即将 propose1
[propose1] S1 N0 seq=15 Tx_pool.Queue_len=1281
left_count: 500
更新树花时间为: 65
写数据库IO花时间为: 73
编号为 15 的区块已加入本地区块链！curBlock: 
blockHeader: 
[1dc0b443b6532341e84c08c04c43853a6b0f560bcffe15f96333d19cf4e93fd9 d24367c7445cd9e9134fac50089d09862c169be487e7f5d1dc7bfb4921834986 0c3114b7b00b2d7fd88ace4b01a64767a16c9e0e81db642be33582153dd75a0f 15 1780902084]
# of transactions: 500
# of TXmig1s: 0
# of In1s: 0
# of Anns: 0
# of NSs: 0
blockHash: 
31c3d5a9acb56edba960107a2524f5351a0abf285b6b25cef00c681c4bc5579f

第15个块开始准备relay

[Propose wait] S1 N0 spin=1 epoch=16 now=1780902084 InitTime=1780902052 lastpropose=1780902084 wallGap=32 need>=30 ok1=true lastGap=0 need>=2 ok2=false
[handleTxFromClient] S1 N0 recv client batch, tx_count=332
[handleTxFromClient] S1 N0 append to Tx_pool.Queue: local_queued=332 forward_other_shard=0 Queue_total_len=1113

第15个块结束relay

[Propose wait] S1 N0 spin=50 epoch=16 now=1780902085 InitTime=1780902052 lastpropose=1780902084 wallGap=33 need>=30 ok1=true lastGap=1 need>=2 ok2=false
[Propose] S1 N0 时间条件满足: epoch=16->17 now=1780902086 InitTime=1780902052 lastpropose=1780902084 wallGap=34>=30 lastGap=2>=2 → propose1
[Propose] S1 N0 等待 sequenceLock…
[Propose] S1 N0 已持有 sequenceLock，seqID=16 即将 propose1
[propose1] S1 N0 seq=16 Tx_pool.Queue_len=1285
left_count: 500
更新树花时间为: 42
写数据库IO花时间为: 55
编号为 16 的区块已加入本地区块链！curBlock: 
blockHeader: 
[31c3d5a9acb56edba960107a2524f5351a0abf285b6b25cef00c681c4bc5579f 4a1a59e2d717337a12c0ac41e59566eafe1e237556902ab926f65cc0021dff91 479882f4e5b49c8c23f1424c4f36e966ddac9f9a06c0374bc7afefd0fe8daa39 16 1780902086]
# of transactions: 500
# of TXmig1s: 0
# of In1s: 0
# of Anns: 0
# of NSs: 0
blockHash: 
b320a4092f9a556d355f8201525db46513f0fd7e9715f658d2cc0b4674e29536

第16个块开始准备relay

[Propose wait] S1 N0 spin=1 epoch=17 now=1780902086 InitTime=1780902052 lastpropose=1780902086 wallGap=34 need>=32 ok1=true lastGap=0 need>=2 ok2=false
[handleTxFromClient] S1 N0 recv client batch, tx_count=311
[handleTxFromClient] S1 N0 append to Tx_pool.Queue: local_queued=311 forward_other_shard=0 Queue_total_len=1096

第16个块结束relay

[Propose wait] S1 N0 spin=50 epoch=17 now=1780902087 InitTime=1780902052 lastpropose=1780902086 wallGap=35 need>=32 ok1=true lastGap=1 need>=2 ok2=false
[Propose] S1 N0 时间条件满足: epoch=17->18 now=1780902088 InitTime=1780902052 lastpropose=1780902086 wallGap=36>=32 lastGap=2>=2 → propose1
[Propose] S1 N0 等待 sequenceLock…
[Propose] S1 N0 已持有 sequenceLock，seqID=17 即将 propose1
[propose1] S1 N0 seq=17 Tx_pool.Queue_len=1337
left_count: 500
更新树花时间为: 45
写数据库IO花时间为: 55
编号为 17 的区块已加入本地区块链！curBlock: 
blockHeader: 
[b320a4092f9a556d355f8201525db46513f0fd7e9715f658d2cc0b4674e29536 0a75072d01ad0200e5d884790f77eb2b85435cd422329f59b50a8ee614ff5b14 c96b3baa40e3c5abdc8d907ade578e3a8778e3ea3ceca60f80e4ec5da512f97f 17 1780902088]
# of transactions: 500
# of TXmig1s: 0
# of In1s: 0
# of Anns: 0
# of NSs: 0
blockHash: 
df46568b4c3e28ffec3d1a9d059719470c4f54c10f0059bf5a26cc668af0b722

第17个块开始准备relay

[Propose wait] S1 N0 spin=1 epoch=18 now=1780902088 InitTime=1780902052 lastpropose=1780902088 wallGap=36 need>=34 ok1=true lastGap=0 need>=2 ok2=false
[handleTxFromClient] S1 N0 recv client batch, tx_count=634
[handleTxFromClient] S1 N0 append to Tx_pool.Queue: local_queued=634 forward_other_shard=0 Queue_total_len=1471

第17个块结束relay

[Propose wait] S1 N0 spin=50 epoch=18 now=1780902089 InitTime=1780902052 lastpropose=1780902088 wallGap=37 need>=34 ok1=true lastGap=1 need>=2 ok2=false
[Propose] S1 N0 时间条件满足: epoch=18->19 now=1780902090 InitTime=1780902052 lastpropose=1780902088 wallGap=38>=34 lastGap=2>=2 → propose1
[Propose] S1 N0 等待 sequenceLock…
[Propose] S1 N0 已持有 sequenceLock，seqID=18 即将 propose1
[propose1] S1 N0 seq=18 Tx_pool.Queue_len=1627
left_count: 500
更新树花时间为: 55
写数据库IO花时间为: 60
编号为 18 的区块已加入本地区块链！curBlock: 
blockHeader: 
[df46568b4c3e28ffec3d1a9d059719470c4f54c10f0059bf5a26cc668af0b722 da7d81b5f16cb006b666e0a8a5d7a51c50f483e732a58554f756579956ca392f 7928495c126114b8f28b7a4c4138cf72f135950d19d185d887c2fa8f859f16e5 18 1780902090]
# of transactions: 500
# of TXmig1s: 0
# of In1s: 0
# of Anns: 0
# of NSs: 0
blockHash: 
8658c26e4e5589522ce161e4ed7c072afc6f35d8ed481c88f2335d4d559694d7

第18个块开始准备relay

[Propose wait] S1 N0 spin=1 epoch=19 now=1780902090 InitTime=1780902052 lastpropose=1780902090 wallGap=38 need>=36 ok1=true lastGap=0 need>=2 ok2=false
[handleTxFromClient] S1 N0 recv client batch, tx_count=633
[handleTxFromClient] S1 N0 append to Tx_pool.Queue: local_queued=633 forward_other_shard=0 Queue_total_len=1760

第18个块结束relay

[Propose wait] S1 N0 spin=50 epoch=19 now=1780902091 InitTime=1780902052 lastpropose=1780902090 wallGap=39 need>=36 ok1=true lastGap=1 need>=2 ok2=false
[Propose] S1 N0 时间条件满足: epoch=19->20 now=1780902092 InitTime=1780902052 lastpropose=1780902090 wallGap=40>=36 lastGap=2>=2 → propose1
[Propose] S1 N0 等待 sequenceLock…
[Propose] S1 N0 已持有 sequenceLock，seqID=19 即将 propose1
[propose1] S1 N0 seq=19 Tx_pool.Queue_len=1935
left_count: 500
更新树花时间为: 45
写数据库IO花时间为: 55
编号为 19 的区块已加入本地区块链！curBlock: 
blockHeader: 
[8658c26e4e5589522ce161e4ed7c072afc6f35d8ed481c88f2335d4d559694d7 2301f1be1cc8aa71cbe86cff5c694620e4abc253c2b14b4c292ac9613202c1c8 d39a8ae1231c3e5c6f3bbe1f5e42ff1e01ffba5d27e2a04a818a82421cc2d448 19 1780902092]
# of transactions: 500
# of TXmig1s: 0
# of In1s: 0
# of Anns: 0
# of NSs: 0
blockHash: 
f1b8ab5254d66d9a50a874d4e9b84703cf281015a1db0baf87a7d4fecedf6e02

第19个块开始准备relay

[Propose wait] S1 N0 spin=1 epoch=20 now=1780902092 InitTime=1780902052 lastpropose=1780902092 wallGap=40 need>=38 ok1=true lastGap=0 need>=2 ok2=false
[handleTxFromClient] S1 N0 recv client batch, tx_count=245
[handleTxFromClient] S1 N0 append to Tx_pool.Queue: local_queued=245 forward_other_shard=0 Queue_total_len=1680

第19个块结束relay

[Propose wait] S1 N0 spin=50 epoch=20 now=1780902093 InitTime=1780902052 lastpropose=1780902092 wallGap=41 need>=38 ok1=true lastGap=1 need>=2 ok2=false
[Propose] S1 N0 时间条件满足: epoch=20->21 now=1780902094 InitTime=1780902052 lastpropose=1780902092 wallGap=42>=38 lastGap=2>=2 → propose1
[Propose] S1 N0 等待 sequenceLock…
[Propose] S1 N0 已持有 sequenceLock，seqID=20 即将 propose1
[propose1] S1 N0 seq=20 Tx_pool.Queue_len=1843
left_count: 500
更新树花时间为: 21
写数据库IO花时间为: 26
编号为 20 的区块已加入本地区块链！curBlock: 
blockHeader: 
[f1b8ab5254d66d9a50a874d4e9b84703cf281015a1db0baf87a7d4fecedf6e02 1e76eebc84236785af22242b9f2239a1567bf3cbe49ca29e1ffe0925af3847b8 9f74221b5a62e17878f9ca131fdab5d388ef8d4d9a876ba2d5245711aeab7132 20 1780902094]
# of transactions: 500
# of TXmig1s: 0
# of In1s: 0
# of Anns: 0
# of NSs: 0
blockHash: 
2fd650213beaea322277d2141540130ece378756dd25105e9815043662bc9753

第20个块开始准备relay

[Propose wait] S1 N0 spin=1 epoch=21 now=1780902094 InitTime=1780902052 lastpropose=1780902094 wallGap=42 need>=40 ok1=true lastGap=0 need>=2 ok2=false
[handleTxFromClient] S1 N0 recv client batch, tx_count=753
[handleTxFromClient] S1 N0 append to Tx_pool.Queue: local_queued=753 forward_other_shard=0 Queue_total_len=2096

第20个块结束relay

[Propose wait] S1 N0 spin=50 epoch=21 now=1780902095 InitTime=1780902052 lastpropose=1780902094 wallGap=43 need>=40 ok1=true lastGap=1 need>=2 ok2=false
[Propose] S1 N0 时间条件满足: epoch=21->22 now=1780902096 InitTime=1780902052 lastpropose=1780902094 wallGap=44>=40 lastGap=2>=2 → propose1
[Propose] S1 N0 等待 sequenceLock…
[Propose] S1 N0 已持有 sequenceLock，seqID=21 即将 propose1
[propose1] S1 N0 seq=21 Tx_pool.Queue_len=2356
left_count: 500
更新树花时间为: 25
写数据库IO花时间为: 36
编号为 21 的区块已加入本地区块链！curBlock: 
blockHeader: 
[2fd650213beaea322277d2141540130ece378756dd25105e9815043662bc9753 80d2a03212182dd24ca197608be457596039ee266d4bb2bb1c538a6cf302b394 17f8e9a4b0b4b1d8ad0cdce79fe53a582b9ad4ac1dd4c7a9cc8a365af923fdd2 21 1780902096]
# of transactions: 500
# of TXmig1s: 0
# of In1s: 0
# of Anns: 0
# of NSs: 0
blockHash: 
3eae2fca828d7fc49b667c512af2de16feefd260988898927680c6240798c13f

第21个块开始准备relay

[Propose wait] S1 N0 spin=1 epoch=22 now=1780902096 InitTime=1780902052 lastpropose=1780902096 wallGap=44 need>=42 ok1=true lastGap=0 need>=2 ok2=false
本节点已接收到client发来准备迁移通知
本节点已将 pending 发送到 client（1856 笔）
[handleTxFromClient] S1 N0 recv client batch, tx_count=775
[handleTxFromClient] S1 N0 append to Tx_pool.Queue: local_queued=775 forward_other_shard=0 Queue_total_len=2631

第21个块结束relay

本节点已接收到客户端发送的新映射
[Propose wait] S1 N0 spin=50 epoch=22 now=1780902097 InitTime=1780902052 lastpropose=1780902096 wallGap=45 need>=42 ok1=true lastGap=1 need>=2 ok2=false
[Propose] S1 N0 时间条件满足: epoch=22->23 now=1780902098 InitTime=1780902052 lastpropose=1780902096 wallGap=46>=42 lastGap=2>=2 → propose1
[Propose] S1 N0 等待 sequenceLock…
[Propose] S1 N0 已持有 sequenceLock，seqID=22 即将 propose1
[propose1] S1 N0 seq=22 Tx_pool.Queue_len=2757
left_count: 200
更新树花时间为: 38
写数据库IO花时间为: 54
编号为 22 的区块已加入本地区块链！curBlock: 
blockHeader: 
[3eae2fca828d7fc49b667c512af2de16feefd260988898927680c6240798c13f 0d1b7917fd5f5cddc6a1594c0ca437283c33944ba3c4be577cfd03ef8aaef7ae b71cc795aae40c2dd13f2232349f3ea447d7098bd09c7c5c052f1c6f2386982a 22 1780902098]
# of transactions: 200
# of TXmig1s: 300
# of In1s: 0
# of Anns: 0
# of NSs: 0
blockHash: 
0beeb90bce1f714e5ccc81dd00aca9c76871602773446d53c3ac5ce9c56ec26e

第22个块开始准备relay

[Propose wait] S1 N0 spin=1 epoch=23 now=1780902098 InitTime=1780902052 lastpropose=1780902098 wallGap=46 need>=44 ok1=true lastGap=0 need>=2 ok2=false
[SyncLog] write ok shard=S1 node=N0 event=recv mode=delta count=1
[MVSS-Delta] S1 收到分片 S0 的 TXsyncDelta，条数=4
[MVSS-Delta] S1 已获取 sequenceLock，开始处理 delta
[MVSS-Delta] 目标片 S1 暂存 delta 账户 f341cafc9ba3d91ef98c9ef811170c1c5f1ef28e [0,1)（MigCtx 未就绪）
[MVSS-Delta] S1 暂存 delta 账户 f341cafc9ba3d91ef98c9ef811170c1c5f1ef28e（尚无 MigCtx）
[MVSS-Delta] 目标片 S1 暂存 delta 账户 e0f9105dabf7076ef7376d0b0789a1d70dd82936 [0,0)（MigCtx 未就绪）
[MVSS-Delta] S1 暂存 delta 账户 e0f9105dabf7076ef7376d0b0789a1d70dd82936（尚无 MigCtx）
[MVSS-Delta] 目标片 S1 暂存 delta 账户 9e9ff119553d7ad5d40d1cd4c39aba4901955470 [1,1)（MigCtx 未就绪）
[MVSS-Delta] S1 暂存 delta 账户 9e9ff119553d7ad5d40d1cd4c39aba4901955470（尚无 MigCtx）
[MVSS-Delta] 目标片 S1 暂存 delta 账户 96904d8c1f1c88dfb6cfba916396bf4beabcf454 [0,1)（MigCtx 未就绪）
[MVSS-Delta] S1 暂存 delta 账户 96904d8c1f1c88dfb6cfba916396bf4beabcf454（尚无 MigCtx）

第22个块结束relay

[handleTxFromClient] S1 N0 recv client batch, tx_count=770
[handleTxFromClient] S1 N0 recv client batch, tx_count=1
[handleTxFromClient] S1 N0 append to Tx_pool.Queue: local_queued=0 forward_other_shard=0 Queue_total_len=2596
[handleTxFromClient] S1 N0 append to Tx_pool.Queue: local_queued=769 forward_other_shard=0 Queue_total_len=3365
[handleTxFromClient] S1 N0 recv client batch, tx_count=1
[handleTxFromClient] S1 N0 append to Tx_pool.Queue: local_queued=0 forward_other_shard=0 Queue_total_len=3365
[handleTxFromClient] S1 N0 recv client batch, tx_count=1
[handleTxFromClient] S1 N0 append to Tx_pool.Queue: local_queued=0 forward_other_shard=0 Queue_total_len=3365
[handleTxFromClient] S1 N0 recv client batch, tx_count=1
[handleTxFromClient] S1 N0 append to Tx_pool.Queue: local_queued=0 forward_other_shard=0 Queue_total_len=3365
[handleTxFromClient] S1 N0 recv client batch, tx_count=1
[handleTxFromClient] S1 N0 append to Tx_pool.Queue: local_queued=0 forward_other_shard=0 Queue_total_len=3365
[handleTxFromClient] S1 N0 recv client batch, tx_count=1
[handleTxFromClient] S1 N0 append to Tx_pool.Queue: local_queued=0 forward_other_shard=0 Queue_total_len=3365
[handleTxFromClient] S1 N0 recv client batch, tx_count=1
[handleTxFromClient] S1 N0 append to Tx_pool.Queue: local_queued=0 forward_other_shard=0 Queue_total_len=3365
[handleTxFromClient] S1 N0 recv client batch, tx_count=1
[handleTxFromClient] S1 N0 append to Tx_pool.Queue: local_queued=0 forward_other_shard=0 Queue_total_len=3365
[handleTxFromClient] S1 N0 recv client batch, tx_count=1
[handleTxFromClient] S1 N0 append to Tx_pool.Queue: local_queued=0 forward_other_shard=0 Queue_total_len=3365
[handleTxFromClient] S1 N0 recv client batch, tx_count=1
[handleTxFromClient] S1 N0 append to Tx_pool.Queue: local_queued=0 forward_other_shard=0 Queue_total_len=3365
[handleTxFromClient] S1 N0 recv client batch, tx_count=1
[handleTxFromClient] S1 N0 append to Tx_pool.Queue: local_queued=0 forward_other_shard=0 Queue_total_len=3365
[handleTxFromClient] S1 N0 recv client batch, tx_count=1
[handleTxFromClient] S1 N0 append to Tx_pool.Queue: local_queued=0 forward_other_shard=0 Queue_total_len=3365
[handleTxFromClient] S1 N0 recv client batch, tx_count=1
[handleTxFromClient] S1 N0 append to Tx_pool.Queue: local_queued=0 forward_other_shard=0 Queue_total_len=3365
[handleTxFromClient] S1 N0 recv client batch, tx_count=1
[handleTxFromClient] S1 N0 append to Tx_pool.Queue: local_queued=0 forward_other_shard=0 Queue_total_len=3365
[handleTxFromClient] S1 N0 recv client batch, tx_count=1
[handleTxFromClient] S1 N0 append to Tx_pool.Queue: local_queued=0 forward_other_shard=0 Queue_total_len=3365
[handleTxFromClient] S1 N0 recv client batch, tx_count=1
[handleTxFromClient] S1 N0 append to Tx_pool.Queue: local_queued=0 forward_other_shard=0 Queue_total_len=3365
[handleTxFromClient] S1 N0 recv client batch, tx_count=1
[handleTxFromClient] S1 N0 append to Tx_pool.Queue: local_queued=0 forward_other_shard=0 Queue_total_len=3365
[handleTxFromClient] S1 N0 recv client batch, tx_count=1
[handleTxFromClient] S1 N0 append to Tx_pool.Queue: local_queued=0 forward_other_shard=0 Queue_total_len=3365
[handleTxFromClient] S1 N0 recv client batch, tx_count=1
[handleTxFromClient] S1 N0 append to Tx_pool.Queue: local_queued=0 forward_other_shard=0 Queue_total_len=3365
[handleTxFromClient] S1 N0 recv client batch, tx_count=1
[handleTxFromClient] S1 N0 append to Tx_pool.Queue: local_queued=0 forward_other_shard=0 Queue_total_len=3365
[handleTxFromClient] S1 N0 recv client batch, tx_count=1
[handleTxFromClient] S1 N0 append to Tx_pool.Queue: local_queued=0 forward_other_shard=0 Queue_total_len=3365
[handleTxFromClient] S1 N0 recv client batch, tx_count=1
[handleTxFromClient] S1 N0 append to Tx_pool.Queue: local_queued=0 forward_other_shard=0 Queue_total_len=3365
[handleTxFromClient] S1 N0 recv client batch, tx_count=1
[handleTxFromClient] S1 N0 append to Tx_pool.Queue: local_queued=0 forward_other_shard=0 Queue_total_len=3365
[handleTxFromClient] S1 N0 recv client batch, tx_count=1
[handleTxFromClient] S1 N0 append to Tx_pool.Queue: local_queued=0 forward_other_shard=0 Queue_total_len=3365
[handleTxFromClient] S1 N0 recv client batch, tx_count=1
[handleTxFromClient] S1 N0 append to Tx_pool.Queue: local_queued=0 forward_other_shard=0 Queue_total_len=3365
[handleTxFromClient] S1 N0 recv client batch, tx_count=1
[handleTxFromClient] S1 N0 append to Tx_pool.Queue: local_queued=0 forward_other_shard=0 Queue_total_len=3365
[handleTxFromClient] S1 N0 recv client batch, tx_count=1
[handleTxFromClient] S1 N0 append to Tx_pool.Queue: local_queued=0 forward_other_shard=0 Queue_total_len=3365
[handleTxFromClient] S1 N0 recv client batch, tx_count=1
[handleTxFromClient] S1 N0 append to Tx_pool.Queue: local_queued=0 forward_other_shard=0 Queue_total_len=3365
[handleTxFromClient] S1 N0 recv client batch, tx_count=1
[handleTxFromClient] S1 N0 append to Tx_pool.Queue: local_queued=0 forward_other_shard=0 Queue_total_len=3365
[handleTxFromClient] S1 N0 recv client batch, tx_count=1
[handleTxFromClient] S1 N0 append to Tx_pool.Queue: local_queued=0 forward_other_shard=0 Queue_total_len=3365
[handleTxFromClient] S1 N0 recv client batch, tx_count=1
[handleTxFromClient] S1 N0 append to Tx_pool.Queue: local_queued=0 forward_other_shard=0 Queue_total_len=3365
[handleTxFromClient] S1 N0 recv client batch, tx_count=1
[handleTxFromClient] S1 N0 append to Tx_pool.Queue: local_queued=0 forward_other_shard=0 Queue_total_len=3365
[handleTxFromClient] S1 N0 recv client batch, tx_count=1
[handleTxFromClient] S1 N0 append to Tx_pool.Queue: local_queued=0 forward_other_shard=0 Queue_total_len=3365
[handleTxFromClient] S1 N0 recv client batch, tx_count=1
[handleTxFromClient] S1 N0 append to Tx_pool.Queue: local_queued=0 forward_other_shard=0 Queue_total_len=3365
[handleTxFromClient] S1 N0 recv client batch, tx_count=1
[handleTxFromClient] S1 N0 append to Tx_pool.Queue: local_queued=0 forward_other_shard=0 Queue_total_len=3365
[handleTxFromClient] S1 N0 recv client batch, tx_count=1
[handleTxFromClient] S1 N0 append to Tx_pool.Queue: local_queued=0 forward_other_shard=0 Queue_total_len=3365
[handleTxFromClient] S1 N0 recv client batch, tx_count=1
[handleTxFromClient] S1 N0 append to Tx_pool.Queue: local_queued=0 forward_other_shard=0 Queue_total_len=3365
[handleTxFromClient] S1 N0 recv client batch, tx_count=1
[handleTxFromClient] S1 N0 append to Tx_pool.Queue: local_queued=0 forward_other_shard=0 Queue_total_len=3365
[handleTxFromClient] S1 N0 recv client batch, tx_count=1
[handleTxFromClient] S1 N0 append to Tx_pool.Queue: local_queued=0 forward_other_shard=0 Queue_total_len=3365
[handleTxFromClient] S1 N0 recv client batch, tx_count=1
[handleTxFromClient] S1 N0 append to Tx_pool.Queue: local_queued=0 forward_other_shard=0 Queue_total_len=3365
[handleTxFromClient] S1 N0 recv client batch, tx_count=1
[handleTxFromClient] S1 N0 append to Tx_pool.Queue: local_queued=0 forward_other_shard=0 Queue_total_len=3365
[handleTxFromClient] S1 N0 recv client batch, tx_count=1
[handleTxFromClient] S1 N0 append to Tx_pool.Queue: local_queued=0 forward_other_shard=0 Queue_total_len=3365
[handleTxFromClient] S1 N0 recv client batch, tx_count=1
[handleTxFromClient] S1 N0 append to Tx_pool.Queue: local_queued=0 forward_other_shard=0 Queue_total_len=3365
[handleTxFromClient] S1 N0 recv client batch, tx_count=1
[handleTxFromClient] S1 N0 append to Tx_pool.Queue: local_queued=0 forward_other_shard=0 Queue_total_len=3365
[handleTxFromClient] S1 N0 recv client batch, tx_count=1
[handleTxFromClient] S1 N0 append to Tx_pool.Queue: local_queued=0 forward_other_shard=0 Queue_total_len=3365
[handleTxFromClient] S1 N0 recv client batch, tx_count=1
[handleTxFromClient] S1 N0 append to Tx_pool.Queue: local_queued=0 forward_other_shard=0 Queue_total_len=3365
[handleTxFromClient] S1 N0 recv client batch, tx_count=1
[handleTxFromClient] S1 N0 append to Tx_pool.Queue: local_queued=0 forward_other_shard=0 Queue_total_len=3365
[handleTxFromClient] S1 N0 recv client batch, tx_count=1
[handleTxFromClient] S1 N0 append to Tx_pool.Queue: local_queued=0 forward_other_shard=0 Queue_total_len=3365
[handleTxFromClient] S1 N0 recv client batch, tx_count=1
[handleTxFromClient] S1 N0 append to Tx_pool.Queue: local_queued=0 forward_other_shard=0 Queue_total_len=3365
[handleTxFromClient] S1 N0 recv client batch, tx_count=1
[handleTxFromClient] S1 N0 append to Tx_pool.Queue: local_queued=0 forward_other_shard=0 Queue_total_len=3365
[handleTxFromClient] S1 N0 recv client batch, tx_count=1
[handleTxFromClient] S1 N0 append to Tx_pool.Queue: local_queued=0 forward_other_shard=0 Queue_total_len=3365
[handleTxFromClient] S1 N0 recv client batch, tx_count=1
[handleTxFromClient] S1 N0 append to Tx_pool.Queue: local_queued=0 forward_other_shard=0 Queue_total_len=3365
[handleTxFromClient] S1 N0 recv client batch, tx_count=1
[handleTxFromClient] S1 N0 append to Tx_pool.Queue: local_queued=0 forward_other_shard=0 Queue_total_len=3365
[handleTxFromClient] S1 N0 recv client batch, tx_count=1
[handleTxFromClient] S1 N0 append to Tx_pool.Queue: local_queued=0 forward_other_shard=0 Queue_total_len=3365
[handleTxFromClient] S1 N0 recv client batch, tx_count=1
[handleTxFromClient] S1 N0 append to Tx_pool.Queue: local_queued=0 forward_other_shard=0 Queue_total_len=3365
[handleTxFromClient] S1 N0 recv client batch, tx_count=1
[handleTxFromClient] S1 N0 append to Tx_pool.Queue: local_queued=0 forward_other_shard=0 Queue_total_len=3365
[handleTxFromClient] S1 N0 recv client batch, tx_count=1
[handleTxFromClient] S1 N0 append to Tx_pool.Queue: local_queued=0 forward_other_shard=0 Queue_total_len=3365
[handleTxFromClient] S1 N0 recv client batch, tx_count=1
[handleTxFromClient] S1 N0 append to Tx_pool.Queue: local_queued=0 forward_other_shard=0 Queue_total_len=3365
[handleTxFromClient] S1 N0 recv client batch, tx_count=1
[handleTxFromClient] S1 N0 append to Tx_pool.Queue: local_queued=0 forward_other_shard=0 Queue_total_len=3365
[handleTxFromClient] S1 N0 recv client batch, tx_count=1
[handleTxFromClient] S1 N0 append to Tx_pool.Queue: local_queued=0 forward_other_shard=0 Queue_total_len=3365
[handleTxFromClient] S1 N0 recv client batch, tx_count=1
[handleTxFromClient] S1 N0 append to Tx_pool.Queue: local_queued=0 forward_other_shard=0 Queue_total_len=3365
[handleTxFromClient] S1 N0 recv client batch, tx_count=1
[handleTxFromClient] S1 N0 append to Tx_pool.Queue: local_queued=0 forward_other_shard=0 Queue_total_len=3365
[handleTxFromClient] S1 N0 recv client batch, tx_count=1
[handleTxFromClient] S1 N0 append to Tx_pool.Queue: local_queued=0 forward_other_shard=0 Queue_total_len=3365
[handleTxFromClient] S1 N0 recv client batch, tx_count=1
[handleTxFromClient] S1 N0 append to Tx_pool.Queue: local_queued=0 forward_other_shard=0 Queue_total_len=3365
[handleTxFromClient] S1 N0 recv client batch, tx_count=1
[handleTxFromClient] S1 N0 append to Tx_pool.Queue: local_queued=0 forward_other_shard=0 Queue_total_len=3365
[handleTxFromClient] S1 N0 recv client batch, tx_count=1
[handleTxFromClient] S1 N0 append to Tx_pool.Queue: local_queued=0 forward_other_shard=0 Queue_total_len=3365
[handleTxFromClient] S1 N0 recv client batch, tx_count=1
[handleTxFromClient] S1 N0 append to Tx_pool.Queue: local_queued=0 forward_other_shard=0 Queue_total_len=3365
[handleTxFromClient] S1 N0 recv client batch, tx_count=1
[handleTxFromClient] S1 N0 append to Tx_pool.Queue: local_queued=0 forward_other_shard=0 Queue_total_len=3365
[handleTxFromClient] S1 N0 recv client batch, tx_count=1
[handleTxFromClient] S1 N0 append to Tx_pool.Queue: local_queued=0 forward_other_shard=0 Queue_total_len=3365
[handleTxFromClient] S1 N0 recv client batch, tx_count=1
[handleTxFromClient] S1 N0 append to Tx_pool.Queue: local_queued=0 forward_other_shard=0 Queue_total_len=3365
[handleTxFromClient] S1 N0 recv client batch, tx_count=1
[handleTxFromClient] S1 N0 append to Tx_pool.Queue: local_queued=0 forward_other_shard=0 Queue_total_len=3365
[handleTxFromClient] S1 N0 recv client batch, tx_count=1
[handleTxFromClient] S1 N0 append to Tx_pool.Queue: local_queued=0 forward_other_shard=0 Queue_total_len=3365
[handleTxFromClient] S1 N0 recv client batch, tx_count=1
[handleTxFromClient] S1 N0 append to Tx_pool.Queue: local_queued=0 forward_other_shard=0 Queue_total_len=3365
[handleTxFromClient] S1 N0 recv client batch, tx_count=1
[handleTxFromClient] S1 N0 append to Tx_pool.Queue: local_queued=0 forward_other_shard=0 Queue_total_len=3365
[handleTxFromClient] S1 N0 recv client batch, tx_count=1
[handleTxFromClient] S1 N0 append to Tx_pool.Queue: local_queued=0 forward_other_shard=0 Queue_total_len=3365
[handleTxFromClient] S1 N0 recv client batch, tx_count=1
[handleTxFromClient] S1 N0 append to Tx_pool.Queue: local_queued=0 forward_other_shard=0 Queue_total_len=3365
[handleTxFromClient] S1 N0 recv client batch, tx_count=1
[handleTxFromClient] S1 N0 append to Tx_pool.Queue: local_queued=0 forward_other_shard=0 Queue_total_len=3365
[handleTxFromClient] S1 N0 recv client batch, tx_count=1
[handleTxFromClient] S1 N0 append to Tx_pool.Queue: local_queued=0 forward_other_shard=0 Queue_total_len=3365
[handleTxFromClient] S1 N0 recv client batch, tx_count=1
[handleTxFromClient] S1 N0 append to Tx_pool.Queue: local_queued=0 forward_other_shard=0 Queue_total_len=3365
[handleTxFromClient] S1 N0 recv client batch, tx_count=1
[handleTxFromClient] S1 N0 append to Tx_pool.Queue: local_queued=0 forward_other_shard=0 Queue_total_len=3365
[handleTxFromClient] S1 N0 recv client batch, tx_count=1
[handleTxFromClient] S1 N0 append to Tx_pool.Queue: local_queued=0 forward_other_shard=0 Queue_total_len=3365
[handleTxFromClient] S1 N0 recv client batch, tx_count=1
[handleTxFromClient] S1 N0 append to Tx_pool.Queue: local_queued=0 forward_other_shard=0 Queue_total_len=3365
[handleTxFromClient] S1 N0 recv client batch, tx_count=1
[handleTxFromClient] S1 N0 append to Tx_pool.Queue: local_queued=0 forward_other_shard=0 Queue_total_len=3365
[handleTxFromClient] S1 N0 recv client batch, tx_count=1
[handleTxFromClient] S1 N0 append to Tx_pool.Queue: local_queued=0 forward_other_shard=0 Queue_total_len=3365
[handleTxFromClient] S1 N0 recv client batch, tx_count=1
[handleTxFromClient] S1 N0 append to Tx_pool.Queue: local_queued=0 forward_other_shard=0 Queue_total_len=3365
[handleTxFromClient] S1 N0 recv client batch, tx_count=1
[handleTxFromClient] S1 N0 append to Tx_pool.Queue: local_queued=0 forward_other_shard=0 Queue_total_len=3365
[handleTxFromClient] S1 N0 recv client batch, tx_count=1
[handleTxFromClient] S1 N0 append to Tx_pool.Queue: local_queued=0 forward_other_shard=0 Queue_total_len=3365
[handleTxFromClient] S1 N0 recv client batch, tx_count=1
[handleTxFromClient] S1 N0 append to Tx_pool.Queue: local_queued=0 forward_other_shard=0 Queue_total_len=3365
[handleTxFromClient] S1 N0 recv client batch, tx_count=1
[handleTxFromClient] S1 N0 append to Tx_pool.Queue: local_queued=0 forward_other_shard=0 Queue_total_len=3365
[handleTxFromClient] S1 N0 recv client batch, tx_count=1
[handleTxFromClient] S1 N0 append to Tx_pool.Queue: local_queued=0 forward_other_shard=0 Queue_total_len=3365
[handleTxFromClient] S1 N0 recv client batch, tx_count=1
[handleTxFromClient] S1 N0 append to Tx_pool.Queue: local_queued=0 forward_other_shard=0 Queue_total_len=3365
[handleTxFromClient] S1 N0 recv client batch, tx_count=1
[handleTxFromClient] S1 N0 append to Tx_pool.Queue: local_queued=0 forward_other_shard=0 Queue_total_len=3365
[handleTxFromClient] S1 N0 recv client batch, tx_count=1
[handleTxFromClient] S1 N0 append to Tx_pool.Queue: local_queued=0 forward_other_shard=0 Queue_total_len=3365
[handleTxFromClient] S1 N0 recv client batch, tx_count=1
[handleTxFromClient] S1 N0 append to Tx_pool.Queue: local_queued=0 forward_other_shard=0 Queue_total_len=3365
[handleTxFromClient] S1 N0 recv client batch, tx_count=1
[handleTxFromClient] S1 N0 append to Tx_pool.Queue: local_queued=0 forward_other_shard=0 Queue_total_len=3365
[handleTxFromClient] S1 N0 recv client batch, tx_count=1
[handleTxFromClient] S1 N0 append to Tx_pool.Queue: local_queued=0 forward_other_shard=0 Queue_total_len=3365
[handleTxFromClient] S1 N0 recv client batch, tx_count=1
[handleTxFromClient] S1 N0 append to Tx_pool.Queue: local_queued=0 forward_other_shard=0 Queue_total_len=3365
[handleTxFromClient] S1 N0 recv client batch, tx_count=1
[handleTxFromClient] S1 N0 append to Tx_pool.Queue: local_queued=0 forward_other_shard=0 Queue_total_len=3365
[handleTxFromClient] S1 N0 recv client batch, tx_count=1
[handleTxFromClient] S1 N0 append to Tx_pool.Queue: local_queued=0 forward_other_shard=0 Queue_total_len=3365
[handleTxFromClient] S1 N0 recv client batch, tx_count=1
[handleTxFromClient] S1 N0 append to Tx_pool.Queue: local_queued=0 forward_other_shard=0 Queue_total_len=3365
[handleTxFromClient] S1 N0 recv client batch, tx_count=1
[handleTxFromClient] S1 N0 append to Tx_pool.Queue: local_queued=0 forward_other_shard=0 Queue_total_len=3365
[handleTxFromClient] S1 N0 recv client batch, tx_count=1
[handleTxFromClient] S1 N0 append to Tx_pool.Queue: local_queued=0 forward_other_shard=0 Queue_total_len=3365
[handleTxFromClient] S1 N0 recv client batch, tx_count=1
[handleTxFromClient] S1 N0 append to Tx_pool.Queue: local_queued=0 forward_other_shard=0 Queue_total_len=3365
[handleTxFromClient] S1 N0 recv client batch, tx_count=1
[handleTxFromClient] S1 N0 append to Tx_pool.Queue: local_queued=0 forward_other_shard=0 Queue_total_len=3365
[handleTxFromClient] S1 N0 recv client batch, tx_count=1
[handleTxFromClient] S1 N0 append to Tx_pool.Queue: local_queued=0 forward_other_shard=0 Queue_total_len=3365
[handleTxFromClient] S1 N0 recv client batch, tx_count=1
[handleTxFromClient] S1 N0 append to Tx_pool.Queue: local_queued=0 forward_other_shard=0 Queue_total_len=3365
[handleTxFromClient] S1 N0 recv client batch, tx_count=1
[handleTxFromClient] S1 N0 append to Tx_pool.Queue: local_queued=0 forward_other_shard=0 Queue_total_len=3365

本节点已接收到分片S0发来的迁移请求 
9999999999999999999999999999999999999999

[Propose wait] S1 N0 spin=50 epoch=23 now=1780902099 InitTime=1780902052 lastpropose=1780902098 wallGap=47 need>=44 ok1=true lastGap=1 need>=2 ok2=false
[handleTxFromClient] S1 N0 recv client batch, tx_count=1
[SyncProbe][Ingress] shard=S1 node=N0 tx=9000000002 senderSID=0 recSID=1 local=true tag=32 isRelay=true
[handleTxFromClient] S1 N0 recv client batch, tx_count=1
[SyncProbe][Ingress] shard=S1 node=N0 tx=9000000022 senderSID=0 recSID=1 local=true tag=32 isRelay=true
[handleTxFromClient] S1 N0 recv client batch, tx_count=1
[SyncProbe][Ingress] shard=S1 node=N0 tx=9000000012 senderSID=0 recSID=1 local=true tag=32 isRelay=true
[SyncProbe][Normalize] shard=S1 tx=9000000022 目标片清除 IsRelay，按本地 new 执行
[SyncProbe][Redirect] tx=9000000022 目标片本地接收，不在源片重定向
[SyncProbe][Normalize] shard=S1 tx=9000000012 目标片清除 IsRelay，按本地 new 执行
[SyncProbe][Normalize] shard=S1 tx=9000000002 目标片清除 IsRelay，按本地 new 执行
[SyncProbe][Redirect] tx=9000000002 目标片本地接收，不在源片重定向
[SyncProbe][Redirect] tx=9000000012 目标片本地接收，不在源片重定向
[SyncProbe][Ingress] shard=S1 tx=9000000022 本片入池(立即入池路径)
[handleTxFromClient] S1 N0 append to Tx_pool.Queue: local_queued=1 forward_other_shard=0 Queue_total_len=3366
[SyncProbe][Ingress] shard=S1 tx=9000000002 本片入池(立即入池路径)
[handleTxFromClient] S1 N0 append to Tx_pool.Queue: local_queued=1 forward_other_shard=0 Queue_total_len=3367
[SyncProbe][Ingress] shard=S1 tx=9000000012 本片入池(立即入池路径)
[handleTxFromClient] S1 N0 append to Tx_pool.Queue: local_queued=1 forward_other_shard=0 Queue_total_len=3368
[Propose] S1 N0 时间条件满足: epoch=23->24 now=1780902100 InitTime=1780902052 lastpropose=1780902098 wallGap=48>=44 lastGap=2>=2 → propose1
[Propose] S1 N0 等待 sequenceLock…
[Propose] S1 N0 已持有 sequenceLock，seqID=23 即将 propose1
[propose1] S1 N0 seq=23 Tx_pool.Queue_len=3368
left_count: 200
更新树花时间为: 53
写数据库IO花时间为: 70
编号为 23 的区块已加入本地区块链！curBlock: 
blockHeader: 
[0beeb90bce1f714e5ccc81dd00aca9c76871602773446d53c3ac5ce9c56ec26e 1f25e5fd16182289722a3bda649c8e0d73e05f2067c8ba17593a726e0f151503 6263113db93f02a2b8ee9eec7f53cc1a7cb3501288c89c26959ca802007c9b1e 23 1780902100]
# of transactions: 200
# of TXmig1s: 85
# of In1s: 215
# of Anns: 0
# of NSs: 0
blockHash: 
906b22ce26c92096057776669b0e008f28d31afee9131694ed04ab04c25bad3a

第23个块开始准备relay

[MVSS+] 目标片 S1 账户 f341cafc9ba3d91ef98c9ef811170c1c5f1ef28e apply 后将 1 笔 new 提至队首（nonce 自 1）
[SyncLog] write ok shard=S1 node=N0 event=apply mode=delta count=2
[MVSS-Delta] 目标片 S1 账户 f341cafc9ba3d91ef98c9ef811170c1c5f1ef28e apply delta [0,1)
[MVSS+] 目标片 S1 账户 96904d8c1f1c88dfb6cfba916396bf4beabcf454 apply 后将 1 笔 new 提至队首（nonce 自 1）
[SyncLog] write ok shard=S1 node=N0 event=apply mode=delta count=3
[MVSS-Delta] 目标片 S1 账户 96904d8c1f1c88dfb6cfba916396bf4beabcf454 apply delta [0,1)
[SyncLog] write ok shard=S1 node=N0 event=apply mode=delta count=4
[MVSS-Delta] 目标片 S1 账户 9e9ff119553d7ad5d40d1cd4c39aba4901955470 忽略重复 delta [1,1) nonce=1
[SyncLog] write ok shard=S1 node=N0 event=apply mode=delta count=5
[MVSS-Delta] 目标片 S1 账户 e0f9105dabf7076ef7376d0b0789a1d70dd82936 忽略重复 delta [0,0) nonce=0
[MVSS+] 目标片 S1 账户 f341cafc9ba3d91ef98c9ef811170c1c5f1ef28e 块 23 SyncApplied 但尚无 new 上链，等待打包
[MVSS+] 目标片 S1 账户 9e9ff119553d7ad5d40d1cd4c39aba4901955470 块 23 SyncApplied 但尚无 new 上链，等待打包
[MVSS+] 目标片 S1 账户 96904d8c1f1c88dfb6cfba916396bf4beabcf454 块 23 SyncApplied 但尚无 new 上链，等待打包
[MVSS+] 目标片 S1 账户 e0f9105dabf7076ef7376d0b0789a1d70dd82936 块 23 SyncApplied 但尚无 new 上链，等待打包
[Propose wait] S1 N0 spin=1 epoch=24 now=1780902100 InitTime=1780902052 lastpropose=1780902100 wallGap=48 need>=46 ok1=true lastGap=0 need>=2 ok2=false

第23个块结束relay

本节点已接收到分片S0发来通知 
1
2
3
[handleTxFromClient] S1 N0 recv client batch, tx_count=1
[handleTxFromClient] S1 N0 append to Tx_pool.Queue: local_queued=0 forward_other_shard=0 Queue_total_len=3200
[handleTxFromClient] S1 N0 recv client batch, tx_count=781
[handleTxFromClient] S1 N0 append to Tx_pool.Queue: local_queued=778 forward_other_shard=0 Queue_total_len=3978

本节点已接收到分片S0发来的迁移请求 
10000000000000000000000000000000000000000

[Propose wait] S1 N0 spin=50 epoch=24 now=1780902101 InitTime=1780902052 lastpropose=1780902100 wallGap=49 need>=46 ok1=true lastGap=1 need>=2 ok2=false
[Propose] S1 N0 时间条件满足: epoch=24->25 now=1780902102 InitTime=1780902052 lastpropose=1780902100 wallGap=50>=46 lastGap=2>=2 → propose1
[Propose] S1 N0 等待 sequenceLock…
[Propose] S1 N0 已持有 sequenceLock，seqID=24 即将 propose1
[propose1] S1 N0 seq=24 Tx_pool.Queue_len=3978
left_count: 200
[SyncProbe][Exec] shard=%!s(int=1) tx=9000000022 nonce 不匹配 expect=1 got=3，跳过执行
[SyncProbe][Exec] shard=%!s(int=1) tx=9000000022 nonce 不匹配 expect=1 got=3，跳过执行
更新树花时间为: 56
写数据库IO花时间为: 79
编号为 24 的区块已加入本地区块链！curBlock: 
blockHeader: 
[906b22ce26c92096057776669b0e008f28d31afee9131694ed04ab04c25bad3a 7a39608bcb570cd74a524022ba9839b91b28c398727cea992fac4d08413053d0 a38801f6b6a67a60b2c282f9d5e21a8255feb9fb0bb0fa8e1d8044d550c7e345 24 1780902102]
# of transactions: 200
# of TXmig1s: 0
# of In1s: 300
# of Anns: 0
# of NSs: 0
blockHash: 
15ba3d27b3bb71e3012f972b4288f68a855a8afb35dd44642d808d0edfca3c5b

第24个块开始准备relay

[MVSS+] 目标片 S1 账户 96904d8c1f1c88dfb6cfba916396bf4beabcf454 块 24 触发 sync ack (new 已执行)
[SyncLog] write ok shard=S1 node=N0 event=ack_send mode=delta count=6
[MVSS+] 目标片 S1 账户 f341cafc9ba3d91ef98c9ef811170c1c5f1ef28e 块 24 触发 sync ack (new 已执行)
[SyncLog] write ok shard=S1 node=N0 event=ack_send mode=delta count=7
[MVSS+] 目标片 S1 账户 9e9ff119553d7ad5d40d1cd4c39aba4901955470 块 24 SyncApplied 但尚无 new 上链，等待打包
[MVSS+] 目标片 S1 账户 e0f9105dabf7076ef7376d0b0789a1d70dd82936 块 24 SyncApplied 但尚无 new 上链，等待打包
[Propose wait] S1 N0 spin=1 epoch=25 now=1780902102 InitTime=1780902052 lastpropose=1780902102 wallGap=50 need>=48 ok1=true lastGap=0 need>=2 ok2=false

第24个块结束relay

[handleTxFromClient] S1 N0 recv client batch, tx_count=774
[handleTxFromClient] S1 N0 append to Tx_pool.Queue: local_queued=772 forward_other_shard=0 Queue_total_len=4606
[Propose wait] S1 N0 spin=50 epoch=25 now=1780902103 InitTime=1780902052 lastpropose=1780902102 wallGap=51 need>=48 ok1=true lastGap=1 need>=2 ok2=false
[Propose] S1 N0 时间条件满足: epoch=25->26 now=1780902104 InitTime=1780902052 lastpropose=1780902102 wallGap=52>=48 lastGap=2>=2 → propose1
[Propose] S1 N0 等待 sequenceLock…
[Propose] S1 N0 已持有 sequenceLock，seqID=25 即将 propose1
[propose1] S1 N0 seq=25 Tx_pool.Queue_len=4606
left_count: 415
更新树花时间为: 33
写数据库IO花时间为: 54
编号为 25 的区块已加入本地区块链！curBlock: 
blockHeader: 
[15ba3d27b3bb71e3012f972b4288f68a855a8afb35dd44642d808d0edfca3c5b ee56d933d1f0f2415279d307a88bda5318c421784bc2ac1212523adef7ea5d92 9fee9d7c7137c544857622007521f57c447ca45c909bace0359d885224856d94 25 1780902104]
# of transactions: 415
# of TXmig1s: 0
# of In1s: 14
# of Anns: 71
# of NSs: 0
blockHash: 
1ac1ea255aef681af9cd88c3bd9e0278558928ffebd6a982083e5d56099a17d0
handleAnns时是第25个块

handleannounce交易池操作时差为：0
handleannounce两锁时差为：0


第25个块开始准备relay

[MVSS+] 目标片 S1 账户 e0f9105dabf7076ef7376d0b0789a1d70dd82936 块 25 SyncApplied 但尚无 new 上链，等待打包
[MVSS+] 目标片 S1 账户 9e9ff119553d7ad5d40d1cd4c39aba4901955470 块 25 SyncApplied 但尚无 new 上链，等待打包
[Propose wait] S1 N0 spin=1 epoch=26 now=1780902104 InitTime=1780902052 lastpropose=1780902104 wallGap=52 need>=50 ok1=true lastGap=0 need>=2 ok2=false
本节点已接收到分片S0发来通知 
1
2
3

第25个块结束relay

[handleTxFromClient] S1 N0 recv client batch, tx_count=771
[handleTxFromClient] S1 N0 append to Tx_pool.Queue: local_queued=770 forward_other_shard=0 Queue_total_len=5008
时间：52580  正在向分片S0的主节点发送新
本节点已将不变的账户数量发送到client

时间：1780902104672  本节点已接收到新
本节点已将迁移过来的pending交易的账户数量发送到client

本节点已接收到分片S0发来通知 
1
2
3
[Propose wait] S1 N0 spin=50 epoch=26 now=1780902105 InitTime=1780902052 lastpropose=1780902104 wallGap=53 need>=50 ok1=true lastGap=1 need>=2 ok2=false
[Propose] S1 N0 时间条件满足: epoch=26->27 now=1780902106 InitTime=1780902052 lastpropose=1780902104 wallGap=54>=50 lastGap=2>=2 → propose1
[Propose] S1 N0 等待 sequenceLock…
[Propose] S1 N0 已持有 sequenceLock，seqID=26 即将 propose1
[propose1] S1 N0 seq=26 Tx_pool.Queue_len=5051
left_count: 200
更新树花时间为: 40
写数据库IO花时间为: 76
编号为 26 的区块已加入本地区块链！curBlock: 
blockHeader: 
[1ac1ea255aef681af9cd88c3bd9e0278558928ffebd6a982083e5d56099a17d0 13b92f2b3c32e69550103ed53b884e1a2fc2095445cd8d98d32fb41e8b9165ee 4d071c10a013aa4965a220545ae7e5e2f5dd382d721b284107234c0785dba22e 26 1780902106]
# of transactions: 200
# of TXmig1s: 0
# of In1s: 0
# of Anns: 300
# of NSs: 0
blockHash: 
6004b900b6cbf4ac48f6a546939616828e8323d2d98b6dbed54b491ca7453bca
handleAnns时是第26个块

handleannounce交易池操作时差为：2540
handleannounce两锁时差为：6571


第26个块开始准备relay

[MVSS+] 目标片 S1 账户 9e9ff119553d7ad5d40d1cd4c39aba4901955470 块 26 SyncApplied 但尚无 new 上链，等待打包
[MVSS+] 目标片 S1 账户 e0f9105dabf7076ef7376d0b0789a1d70dd82936 块 26 SyncApplied 但尚无 new 上链，等待打包
[Propose wait] S1 N0 spin=1 epoch=27 now=1780902106 InitTime=1780902052 lastpropose=1780902106 wallGap=54 need>=52 ok1=true lastGap=0 need>=2 ok2=false

第26个块结束relay

[Propose wait] S1 N0 spin=50 epoch=27 now=1780902107 InitTime=1780902052 lastpropose=1780902106 wallGap=55 need>=52 ok1=true lastGap=1 need>=2 ok2=false
[Propose] S1 N0 时间条件满足: epoch=27->28 now=1780902108 InitTime=1780902052 lastpropose=1780902106 wallGap=56>=52 lastGap=2>=2 → propose1
[Propose] S1 N0 等待 sequenceLock…
[Propose] S1 N0 已持有 sequenceLock，seqID=27 即将 propose1
[propose1] S1 N0 seq=27 Tx_pool.Queue_len=4685
left_count: 459
更新树花时间为: 30
写数据库IO花时间为: 45
编号为 27 的区块已加入本地区块链！curBlock: 
blockHeader: 
[6004b900b6cbf4ac48f6a546939616828e8323d2d98b6dbed54b491ca7453bca eae463d00206eba997d6252736322051c7b84b824417b02dedeff00a5cdd1be4 a486d541b2f047b926cb3e96dae49dd221775b8f45b6e37a3dbb6e758e6509f2 27 1780902108]
# of transactions: 459
# of TXmig1s: 0
# of In1s: 0
# of Anns: 14
# of NSs: 27
blockHash: 
59e27d047e48c8003073b6534c60b039c1f4f3f11ee996f0b1169d7c7c440a81
handleAnns时是第27个块

handleannounce交易池操作时差为：0
handleannounce两锁时差为：5000


第27个块开始准备relay

[MVSS+] 目标片 S1 账户 e0f9105dabf7076ef7376d0b0789a1d70dd82936 块 27 SyncApplied 但尚无 new 上链，等待打包
[MVSS+] 目标片 S1 账户 9e9ff119553d7ad5d40d1cd4c39aba4901955470 块 27 SyncApplied 但尚无 new 上链，等待打包
时间：56124  正在向分片S0的主节点发送新
[Propose wait] S1 N0 spin=1 epoch=28 now=1780902108 InitTime=1780902052 lastpropose=1780902108 wallGap=56 need>=54 ok1=true lastGap=0 need>=2 ok2=false
本节点已将不变的账户数量发送到client

时间：1780902108346  本节点已接收到新
本节点已将迁移过来的pending交易的账户数量发送到client

时间：56541  正在向分片S0的主节点发送新
本节点已将不变的账户数量发送到client


第27个块结束relay

[Propose wait] S1 N0 spin=50 epoch=28 now=1780902109 InitTime=1780902052 lastpropose=1780902108 wallGap=57 need>=54 ok1=true lastGap=1 need>=2 ok2=false
[Propose] S1 N0 时间条件满足: epoch=28->29 now=1780902110 InitTime=1780902052 lastpropose=1780902108 wallGap=58>=54 lastGap=2>=2 → propose1
[Propose] S1 N0 等待 sequenceLock…
[Propose] S1 N0 已持有 sequenceLock，seqID=28 即将 propose1
[propose1] S1 N0 seq=28 Tx_pool.Queue_len=4289
left_count: 486
时间：1780902110034  本节点已接收到新
更新树花时间为: 19
写数据库IO花时间为: 29
编号为 28 的区块已加入本地区块链！curBlock: 
blockHeader: 
[59e27d047e48c8003073b6534c60b039c1f4f3f11ee996f0b1169d7c7c440a81 fc1eab5ad8712506c53a6f75ebd9c9764a7201f36fbd44abb0f527a874d35f48 6d3c57b3be3e9120312b4bef9c91a6c946c8c595344c7f76ebbad9252b813a9e 28 1780902110]
# of transactions: 486
# of TXmig1s: 0
# of In1s: 0
# of Anns: 0
# of NSs: 14
blockHash: 
2b0a680dd664a24691bfb504d364e837cd2f0a8f47e11316d9a439a20370e527

第28个块开始准备relay

[MVSS+] 目标片 S1 账户 9e9ff119553d7ad5d40d1cd4c39aba4901955470 块 28 SyncApplied 但尚无 new 上链，等待打包
[MVSS+] 目标片 S1 账户 e0f9105dabf7076ef7376d0b0789a1d70dd82936 块 28 SyncApplied 但尚无 new 上链，等待打包
[Propose wait] S1 N0 spin=1 epoch=29 now=1780902110 InitTime=1780902052 lastpropose=1780902110 wallGap=58 need>=56 ok1=true lastGap=0 need>=2 ok2=false
本节点已将迁移过来的pending交易的账户数量发送到client


第28个块结束relay

[Propose wait] S1 N0 spin=50 epoch=29 now=1780902111 InitTime=1780902052 lastpropose=1780902110 wallGap=59 need>=56 ok1=true lastGap=1 need>=2 ok2=false
[Propose] S1 N0 时间条件满足: epoch=29->30 now=1780902112 InitTime=1780902052 lastpropose=1780902110 wallGap=60>=56 lastGap=2>=2 → propose1
[Propose] S1 N0 等待 sequenceLock…
[Propose] S1 N0 已持有 sequenceLock，seqID=29 即将 propose1
[propose1] S1 N0 seq=29 Tx_pool.Queue_len=3936
left_count: 309
更新树花时间为: 39
写数据库IO花时间为: 81
编号为 29 的区块已加入本地区块链！curBlock: 
blockHeader: 
[2b0a680dd664a24691bfb504d364e837cd2f0a8f47e11316d9a439a20370e527 ff4f340eaf9420904330c263f543cdb0a55f8b3f178a9db4d20a4446dd340d79 5db20fee245fe5eea54b9a2b4a6118c84e4b470f3010c1ea8a69a0885f287668 29 1780902112]
# of transactions: 309
# of TXmig1s: 0
# of In1s: 0
# of Anns: 0
# of NSs: 191
blockHash: 
c2b965b9feff1a75dd3991696d20043eccac0b4b6b93d8441f3589a884ef3ffb

第29个块开始准备relay

[MVSS+] 目标片 S1 账户 e0f9105dabf7076ef7376d0b0789a1d70dd82936 块 29 SyncApplied 但尚无 new 上链，等待打包
[MVSS+] 目标片 S1 账户 9e9ff119553d7ad5d40d1cd4c39aba4901955470 块 29 SyncApplied 但尚无 new 上链，等待打包
[Propose wait] S1 N0 spin=1 epoch=30 now=1780902112 InitTime=1780902052 lastpropose=1780902112 wallGap=60 need>=58 ok1=true lastGap=0 need>=2 ok2=false

第29个块结束relay

[Propose wait] S1 N0 spin=50 epoch=30 now=1780902113 InitTime=1780902052 lastpropose=1780902112 wallGap=61 need>=58 ok1=true lastGap=1 need>=2 ok2=false
[Propose] S1 N0 时间条件满足: epoch=30->31 now=1780902114 InitTime=1780902052 lastpropose=1780902112 wallGap=62>=58 lastGap=2>=2 → propose1
[Propose] S1 N0 等待 sequenceLock…
[Propose] S1 N0 已持有 sequenceLock，seqID=30 即将 propose1
[propose1] S1 N0 seq=30 Tx_pool.Queue_len=3627
left_count: 500
更新树花时间为: 31
写数据库IO花时间为: 41
编号为 30 的区块已加入本地区块链！curBlock: 
blockHeader: 
[c2b965b9feff1a75dd3991696d20043eccac0b4b6b93d8441f3589a884ef3ffb 20142cd9fc77e4060b84a6d7ae6fa30fecb93d5d9f2c51e9770455d89193f887 226be42a85e0545faa07ec8422aa9a6510082614d5fa3e986d97ca56d28eae41 30 1780902114]
# of transactions: 500
# of TXmig1s: 0
# of In1s: 0
# of Anns: 0
# of NSs: 0
blockHash: 
43588a8ade133dfb5035a91aa300f163f39bc9c9f8e8212dadb752dd604aec89

第30个块开始准备relay

[MVSS+] 目标片 S1 账户 9e9ff119553d7ad5d40d1cd4c39aba4901955470 块 30 SyncApplied 但尚无 new 上链，等待打包
[MVSS+] 目标片 S1 账户 e0f9105dabf7076ef7376d0b0789a1d70dd82936 块 30 SyncApplied 但尚无 new 上链，等待打包
[Propose wait] S1 N0 spin=1 epoch=31 now=1780902114 InitTime=1780902052 lastpropose=1780902114 wallGap=62 need>=60 ok1=true lastGap=0 need>=2 ok2=false

第30个块结束relay

[Propose wait] S1 N0 spin=50 epoch=31 now=1780902115 InitTime=1780902052 lastpropose=1780902114 wallGap=63 need>=60 ok1=true lastGap=1 need>=2 ok2=false
[Propose] S1 N0 时间条件满足: epoch=31->32 now=1780902116 InitTime=1780902052 lastpropose=1780902114 wallGap=64>=60 lastGap=2>=2 → propose1
[Propose] S1 N0 等待 sequenceLock…
[Propose] S1 N0 已持有 sequenceLock，seqID=31 即将 propose1
[propose1] S1 N0 seq=31 Tx_pool.Queue_len=3127
left_count: 500
更新树花时间为: 23
写数据库IO花时间为: 33
编号为 31 的区块已加入本地区块链！curBlock: 
blockHeader: 
[43588a8ade133dfb5035a91aa300f163f39bc9c9f8e8212dadb752dd604aec89 b4090eb4607383a469cf396246ef1ae1afd5efa3740235780e9e8c1a91c90b97 381271cd887fcee7a6742fa2a7f8e314aa7d0493145767fa97c896f6dc27f9a5 31 1780902116]
# of transactions: 500
# of TXmig1s: 0
# of In1s: 0
# of Anns: 0
# of NSs: 0
blockHash: 
721fcc224530b1e9483071cf3646a76e8f24b9bab396c48703260091b52137e5

第31个块开始准备relay

[MVSS+] 目标片 S1 账户 e0f9105dabf7076ef7376d0b0789a1d70dd82936 块 31 SyncApplied 但尚无 new 上链，等待打包
[MVSS+] 目标片 S1 账户 9e9ff119553d7ad5d40d1cd4c39aba4901955470 块 31 SyncApplied 但尚无 new 上链，等待打包
[Propose wait] S1 N0 spin=1 epoch=32 now=1780902116 InitTime=1780902052 lastpropose=1780902116 wallGap=64 need>=62 ok1=true lastGap=0 need>=2 ok2=false

第31个块结束relay

[Propose wait] S1 N0 spin=50 epoch=32 now=1780902117 InitTime=1780902052 lastpropose=1780902116 wallGap=65 need>=62 ok1=true lastGap=1 need>=2 ok2=false
[Propose] S1 N0 时间条件满足: epoch=32->33 now=1780902118 InitTime=1780902052 lastpropose=1780902116 wallGap=66>=62 lastGap=2>=2 → propose1
[Propose] S1 N0 等待 sequenceLock…
[Propose] S1 N0 已持有 sequenceLock，seqID=32 即将 propose1
[propose1] S1 N0 seq=32 Tx_pool.Queue_len=2627
left_count: 500
更新树花时间为: 28
写数据库IO花时间为: 39
编号为 32 的区块已加入本地区块链！curBlock: 
blockHeader: 
[721fcc224530b1e9483071cf3646a76e8f24b9bab396c48703260091b52137e5 ef2f41bfdddff1e815c73c2a631cd326d9cad7b9036c8025cdb1648b98ec1ef9 d270c551d864c55c529066e655c813cdd719026999a786d8a48f9f44bb8d4bcb 32 1780902118]
# of transactions: 500
# of TXmig1s: 0
# of In1s: 0
# of Anns: 0
# of NSs: 0
blockHash: 
022f51c2a7eee4f5b2e39c0f666249297b3afa519db702861e348b3bc994aac1

第32个块开始准备relay

[MVSS+] 目标片 S1 账户 e0f9105dabf7076ef7376d0b0789a1d70dd82936 块 32 SyncApplied 但尚无 new 上链，等待打包
[MVSS+] 目标片 S1 账户 9e9ff119553d7ad5d40d1cd4c39aba4901955470 块 32 SyncApplied 但尚无 new 上链，等待打包
[Propose wait] S1 N0 spin=1 epoch=33 now=1780902118 InitTime=1780902052 lastpropose=1780902118 wallGap=66 need>=64 ok1=true lastGap=0 need>=2 ok2=false

第32个块结束relay

[Propose wait] S1 N0 spin=50 epoch=33 now=1780902119 InitTime=1780902052 lastpropose=1780902118 wallGap=67 need>=64 ok1=true lastGap=1 need>=2 ok2=false
[Propose] S1 N0 时间条件满足: epoch=33->34 now=1780902120 InitTime=1780902052 lastpropose=1780902118 wallGap=68>=64 lastGap=2>=2 → propose1
[Propose] S1 N0 等待 sequenceLock…
[Propose] S1 N0 已持有 sequenceLock，seqID=33 即将 propose1
[propose1] S1 N0 seq=33 Tx_pool.Queue_len=2127
left_count: 500
更新树花时间为: 57
写数据库IO花时间为: 96
编号为 33 的区块已加入本地区块链！curBlock: 
blockHeader: 
[022f51c2a7eee4f5b2e39c0f666249297b3afa519db702861e348b3bc994aac1 28cf7d13399dd868040aec122c44872e7d76fc5d3104d395ab068d24195ed441 22320827a9cda09a36658ad9e325bc3f03cb58288966908e0a896862392921fc 33 1780902120]
# of transactions: 500
# of TXmig1s: 0
# of In1s: 0
# of Anns: 0
# of NSs: 0
blockHash: 
1b20b32cb1125320f66f74fa29fe8e7fa80f6b039af910744b2518892ced6511

第33个块开始准备relay

[MVSS+] 目标片 S1 账户 e0f9105dabf7076ef7376d0b0789a1d70dd82936 块 33 SyncApplied 但尚无 new 上链，等待打包
[MVSS+] 目标片 S1 账户 9e9ff119553d7ad5d40d1cd4c39aba4901955470 块 33 SyncApplied 但尚无 new 上链，等待打包
[Propose wait] S1 N0 spin=1 epoch=34 now=1780902120 InitTime=1780902052 lastpropose=1780902120 wallGap=68 need>=66 ok1=true lastGap=0 need>=2 ok2=false

第33个块结束relay

[Propose wait] S1 N0 spin=50 epoch=34 now=1780902121 InitTime=1780902052 lastpropose=1780902120 wallGap=69 need>=66 ok1=true lastGap=1 need>=2 ok2=false
[Propose] S1 N0 时间条件满足: epoch=34->35 now=1780902122 InitTime=1780902052 lastpropose=1780902120 wallGap=70>=66 lastGap=2>=2 → propose1
[Propose] S1 N0 等待 sequenceLock…
[Propose] S1 N0 已持有 sequenceLock，seqID=34 即将 propose1
[propose1] S1 N0 seq=34 Tx_pool.Queue_len=1627
left_count: 500
更新树花时间为: 25
写数据库IO花时间为: 44
编号为 34 的区块已加入本地区块链！curBlock: 
blockHeader: 
[1b20b32cb1125320f66f74fa29fe8e7fa80f6b039af910744b2518892ced6511 4e74fd0482441a83ac7f7b089c568e5a63c59c11d73514b37e05f521cef7e643 f38440054bb1cd6829d9954b068b13a6489f339e1f0a1963f70759ad234db2e6 34 1780902122]
# of transactions: 500
# of TXmig1s: 0
# of In1s: 0
# of Anns: 0
# of NSs: 0
blockHash: 
bc63eacb5972635adf86cf10604e9bc506744f2290278492b4d77e080c46783c

第34个块开始准备relay

[MVSS+] 目标片 S1 账户 9e9ff119553d7ad5d40d1cd4c39aba4901955470 块 34 SyncApplied 但尚无 new 上链，等待打包
[MVSS+] 目标片 S1 账户 e0f9105dabf7076ef7376d0b0789a1d70dd82936 块 34 SyncApplied 但尚无 new 上链，等待打包
[Propose wait] S1 N0 spin=1 epoch=35 now=1780902122 InitTime=1780902052 lastpropose=1780902122 wallGap=70 need>=68 ok1=true lastGap=0 need>=2 ok2=false

第34个块结束relay

[Propose wait] S1 N0 spin=50 epoch=35 now=1780902123 InitTime=1780902052 lastpropose=1780902122 wallGap=71 need>=68 ok1=true lastGap=1 need>=2 ok2=false
[Propose] S1 N0 时间条件满足: epoch=35->36 now=1780902124 InitTime=1780902052 lastpropose=1780902122 wallGap=72>=68 lastGap=2>=2 → propose1
[Propose] S1 N0 等待 sequenceLock…
[Propose] S1 N0 已持有 sequenceLock，seqID=35 即将 propose1
[propose1] S1 N0 seq=35 Tx_pool.Queue_len=1127
left_count: 500
更新树花时间为: 36
写数据库IO花时间为: 54
编号为 35 的区块已加入本地区块链！curBlock: 
blockHeader: 
[bc63eacb5972635adf86cf10604e9bc506744f2290278492b4d77e080c46783c b075d85ffe9fa82380e9a1a2b6a0120aaf85959129d00f5fe34c21e8cc67d825 aa01d048f743b02de160ead189ec974ad0e71adcee49f7b62492e907014f9b18 35 1780902124]
# of transactions: 500
# of TXmig1s: 0
# of In1s: 0
# of Anns: 0
# of NSs: 0
blockHash: 
e4b60fa7d9c14016b2ee325c3113838bd713913a1b6ef80b28110cf30f0a0c2e

第35个块开始准备relay

[MVSS+] 目标片 S1 账户 9e9ff119553d7ad5d40d1cd4c39aba4901955470 块 35 SyncApplied 但尚无 new 上链，等待打包
[MVSS+] 目标片 S1 账户 e0f9105dabf7076ef7376d0b0789a1d70dd82936 块 35 SyncApplied 但尚无 new 上链，等待打包
[Propose wait] S1 N0 spin=1 epoch=36 now=1780902124 InitTime=1780902052 lastpropose=1780902124 wallGap=72 need>=70 ok1=true lastGap=0 need>=2 ok2=false

第35个块结束relay

[Propose wait] S1 N0 spin=50 epoch=36 now=1780902125 InitTime=1780902052 lastpropose=1780902124 wallGap=73 need>=70 ok1=true lastGap=1 need>=2 ok2=false
[Propose] S1 N0 时间条件满足: epoch=36->37 now=1780902126 InitTime=1780902052 lastpropose=1780902124 wallGap=74>=70 lastGap=2>=2 → propose1
[Propose] S1 N0 等待 sequenceLock…
[Propose] S1 N0 已持有 sequenceLock，seqID=36 即将 propose1
[propose1] S1 N0 seq=36 Tx_pool.Queue_len=627
left_count: 500
更新树花时间为: 26
写数据库IO花时间为: 47
编号为 36 的区块已加入本地区块链！curBlock: 
blockHeader: 
[e4b60fa7d9c14016b2ee325c3113838bd713913a1b6ef80b28110cf30f0a0c2e a6899432710ee5720b3aaf81dc124b815719b49e7a34e080bf043fdf73971632 643ffe172a41a50d888cb6a1cacbcd86234c31420db8bead6e3ed501eb254aea 36 1780902126]
# of transactions: 500
# of TXmig1s: 0
# of In1s: 0
# of Anns: 0
# of NSs: 0
blockHash: 
ecdfd6c4d539f1a6d7848e06c32c760c11249d2688d7d0d5180226474881e6cc

第36个块开始准备relay

[MVSS+] 目标片 S1 账户 e0f9105dabf7076ef7376d0b0789a1d70dd82936 块 36 SyncApplied 但尚无 new 上链，等待打包
[MVSS+] 目标片 S1 账户 9e9ff119553d7ad5d40d1cd4c39aba4901955470 块 36 SyncApplied 但尚无 new 上链，等待打包
[Propose wait] S1 N0 spin=1 epoch=37 now=1780902126 InitTime=1780902052 lastpropose=1780902126 wallGap=74 need>=72 ok1=true lastGap=0 need>=2 ok2=false

第36个块结束relay

[Propose wait] S1 N0 spin=50 epoch=37 now=1780902127 InitTime=1780902052 lastpropose=1780902126 wallGap=75 need>=72 ok1=true lastGap=1 need>=2 ok2=false
[Propose] S1 N0 时间条件满足: epoch=37->38 now=1780902128 InitTime=1780902052 lastpropose=1780902126 wallGap=76>=72 lastGap=2>=2 → propose1
[Propose] S1 N0 等待 sequenceLock…
[Propose] S1 N0 已持有 sequenceLock，seqID=37 即将 propose1
[propose1] S1 N0 seq=37 Tx_pool.Queue_len=127
left_count: 500
更新树花时间为: 18
写数据库IO花时间为: 35
编号为 37 的区块已加入本地区块链！curBlock: 
blockHeader: 
[ecdfd6c4d539f1a6d7848e06c32c760c11249d2688d7d0d5180226474881e6cc 3f2b8f80d7851fc41ebb14b0f3b7ab51a1819cfe508bd3473c534d8f6a5580d0 899c2956a0bc6f5be92078a09ec8dab5497dfcc96767399266f3ad139d7435c1 37 1780902128]
# of transactions: 127
# of TXmig1s: 0
# of In1s: 0
# of Anns: 0
# of NSs: 0
blockHash: 
2fafcd3fbc350c7ff5559b65e61b3d7e96e851f744d66b503e4abefa3269462a
[MVSS+] 目标片 S1 账户 9e9ff119553d7ad5d40d1cd4c39aba4901955470 块 37 SyncApplied 但尚无 new 上链，等待打包
[MVSS+] 目标片 S1 账户 e0f9105dabf7076ef7376d0b0789a1d70dd82936 块 37 SyncApplied 但尚无 new 上链，等待打包
[Propose wait] S1 N0 spin=1 epoch=38 now=1780902128 InitTime=1780902052 lastpropose=1780902128 wallGap=76 need>=74 ok1=true lastGap=0 need>=2 ok2=false
[Propose wait] S1 N0 spin=50 epoch=38 now=1780902129 InitTime=1780902052 lastpropose=1780902128 wallGap=77 need>=74 ok1=true lastGap=1 need>=2 ok2=false
[Propose] S1 N0 时间条件满足: epoch=38->39 now=1780902130 InitTime=1780902052 lastpropose=1780902128 wallGap=78>=74 lastGap=2>=2 → propose1
[Propose] S1 N0 等待 sequenceLock…
[Propose] S1 N0 已持有 sequenceLock，seqID=38 即将 propose1
[propose1] S1 N0 seq=38 Tx_pool.Queue_len=0
left_count: 500
更新树花时间为: 1
写数据库IO花时间为: 14
编号为 38 的区块已加入本地区块链！curBlock: 
blockHeader: 
[2fafcd3fbc350c7ff5559b65e61b3d7e96e851f744d66b503e4abefa3269462a 3f2b8f80d7851fc41ebb14b0f3b7ab51a1819cfe508bd3473c534d8f6a5580d0 56e81f171bcc55a6ff8345e692c0f86e5b48e01b996cadc001622fb5e363b421 38 1780902130]
# of transactions: 0
# of TXmig1s: 0
# of In1s: 0
# of Anns: 0
# of NSs: 0
blockHash: 
027201c7f8a746640e57f871fc2e54affcd5bd8ae165fafe5a07c67a0e4c364a
[MVSS+] 目标片 S1 账户 e0f9105dabf7076ef7376d0b0789a1d70dd82936 块 38 SyncApplied 但尚无 new 上链，等待打包
[MVSS+] 目标片 S1 账户 9e9ff119553d7ad5d40d1cd4c39aba4901955470 块 38 SyncApplied 但尚无 new 上链，等待打包
[Propose wait] S1 N0 spin=1 epoch=39 now=1780902130 InitTime=1780902052 lastpropose=1780902130 wallGap=78 need>=76 ok1=true lastGap=0 need>=2 ok2=false
[Propose wait] S1 N0 spin=50 epoch=39 now=1780902131 InitTime=1780902052 lastpropose=1780902130 wallGap=79 need>=76 ok1=true lastGap=1 need>=2 ok2=false
[Propose] S1 N0 时间条件满足: epoch=39->40 now=1780902132 InitTime=1780902052 lastpropose=1780902130 wallGap=80>=76 lastGap=2>=2 → propose1
[Propose] S1 N0 等待 sequenceLock…
[Propose] S1 N0 已持有 sequenceLock，seqID=39 即将 propose1
[propose1] S1 N0 seq=39 Tx_pool.Queue_len=0
left_count: 500
更新树花时间为: 0
写数据库IO花时间为: 14
编号为 39 的区块已加入本地区块链！curBlock: 
blockHeader: 
[027201c7f8a746640e57f871fc2e54affcd5bd8ae165fafe5a07c67a0e4c364a 3f2b8f80d7851fc41ebb14b0f3b7ab51a1819cfe508bd3473c534d8f6a5580d0 56e81f171bcc55a6ff8345e692c0f86e5b48e01b996cadc001622fb5e363b421 39 1780902132]
# of transactions: 0
# of TXmig1s: 0
# of In1s: 0
# of Anns: 0
# of NSs: 0
blockHash: 
f0a000acbb1e2ee5a1cc959fa3deaebb6c5371594059bdc1c4a67f28dbb31843
[MVSS+] 目标片 S1 账户 9e9ff119553d7ad5d40d1cd4c39aba4901955470 块 39 SyncApplied 但尚无 new 上链，等待打包
[MVSS+] 目标片 S1 账户 e0f9105dabf7076ef7376d0b0789a1d70dd82936 块 39 SyncApplied 但尚无 new 上链，等待打包
[Propose wait] S1 N0 spin=1 epoch=40 now=1780902132 InitTime=1780902052 lastpropose=1780902132 wallGap=80 need>=78 ok1=true lastGap=0 need>=2 ok2=false
[Propose wait] S1 N0 spin=50 epoch=40 now=1780902133 InitTime=1780902052 lastpropose=1780902132 wallGap=81 need>=78 ok1=true lastGap=1 need>=2 ok2=false
[Propose] S1 N0 时间条件满足: epoch=40->41 now=1780902134 InitTime=1780902052 lastpropose=1780902132 wallGap=82>=78 lastGap=2>=2 → propose1
[Propose] S1 N0 等待 sequenceLock…
[Propose] S1 N0 已持有 sequenceLock，seqID=40 即将 propose1
[propose1] S1 N0 seq=40 Tx_pool.Queue_len=0
left_count: 500
更新树花时间为: 0
写数据库IO花时间为: 13
编号为 40 的区块已加入本地区块链！curBlock: 
blockHeader: 
[f0a000acbb1e2ee5a1cc959fa3deaebb6c5371594059bdc1c4a67f28dbb31843 3f2b8f80d7851fc41ebb14b0f3b7ab51a1819cfe508bd3473c534d8f6a5580d0 56e81f171bcc55a6ff8345e692c0f86e5b48e01b996cadc001622fb5e363b421 40 1780902134]
# of transactions: 0
# of TXmig1s: 0
# of In1s: 0
# of Anns: 0
# of NSs: 0
blockHash: 
0f58a1093a3cdd5638d141d48f1ebc96c7961a5ff589e217a1ad9ebdaaf66a62
[MVSS+] 目标片 S1 账户 9e9ff119553d7ad5d40d1cd4c39aba4901955470 块 40 SyncApplied 但尚无 new 上链，等待打包
[MVSS+] 目标片 S1 账户 e0f9105dabf7076ef7376d0b0789a1d70dd82936 块 40 SyncApplied 但尚无 new 上链，等待打包
[Propose wait] S1 N0 spin=1 epoch=41 now=1780902134 InitTime=1780902052 lastpropose=1780902134 wallGap=82 need>=80 ok1=true lastGap=0 need>=2 ok2=false
[Propose wait] S1 N0 spin=50 epoch=41 now=1780902135 InitTime=1780902052 lastpropose=1780902134 wallGap=83 need>=80 ok1=true lastGap=1 need>=2 ok2=false
[Propose] S1 N0 时间条件满足: epoch=41->42 now=1780902136 InitTime=1780902052 lastpropose=1780902134 wallGap=84>=80 lastGap=2>=2 → propose1
[Propose] S1 N0 等待 sequenceLock…
[Propose] S1 N0 已持有 sequenceLock，seqID=41 即将 propose1
[propose1] S1 N0 seq=41 Tx_pool.Queue_len=0
left_count: 500
更新树花时间为: 0
写数据库IO花时间为: 13
编号为 41 的区块已加入本地区块链！curBlock: 
blockHeader: 
[0f58a1093a3cdd5638d141d48f1ebc96c7961a5ff589e217a1ad9ebdaaf66a62 3f2b8f80d7851fc41ebb14b0f3b7ab51a1819cfe508bd3473c534d8f6a5580d0 56e81f171bcc55a6ff8345e692c0f86e5b48e01b996cadc001622fb5e363b421 41 1780902136]
# of transactions: 0
# of TXmig1s: 0
# of In1s: 0
# of Anns: 0
# of NSs: 0
blockHash: 
029025012aa6089f17f04e825af5d88e6bbe4a4e805362f9162d49dce955c1eb
[MVSS+] 目标片 S1 账户 9e9ff119553d7ad5d40d1cd4c39aba4901955470 块 41 SyncApplied 但尚无 new 上链，等待打包
[MVSS+] 目标片 S1 账户 e0f9105dabf7076ef7376d0b0789a1d70dd82936 块 41 SyncApplied 但尚无 new 上链，等待打包
[Propose wait] S1 N0 spin=1 epoch=42 now=1780902136 InitTime=1780902052 lastpropose=1780902136 wallGap=84 need>=82 ok1=true lastGap=0 need>=2 ok2=false
[Propose wait] S1 N0 spin=50 epoch=42 now=1780902137 InitTime=1780902052 lastpropose=1780902136 wallGap=85 need>=82 ok1=true lastGap=1 need>=2 ok2=false
[Propose] S1 N0 时间条件满足: epoch=42->43 now=1780902138 InitTime=1780902052 lastpropose=1780902136 wallGap=86>=82 lastGap=2>=2 → propose1
[Propose] S1 N0 等待 sequenceLock…
[Propose] S1 N0 已持有 sequenceLock，seqID=42 即将 propose1
[propose1] S1 N0 seq=42 Tx_pool.Queue_len=0
left_count: 500
更新树花时间为: 0
写数据库IO花时间为: 23
编号为 42 的区块已加入本地区块链！curBlock: 
blockHeader: 
[029025012aa6089f17f04e825af5d88e6bbe4a4e805362f9162d49dce955c1eb 3f2b8f80d7851fc41ebb14b0f3b7ab51a1819cfe508bd3473c534d8f6a5580d0 56e81f171bcc55a6ff8345e692c0f86e5b48e01b996cadc001622fb5e363b421 42 1780902138]
# of transactions: 0
# of TXmig1s: 0
# of In1s: 0
# of Anns: 0
# of NSs: 0
blockHash: 
5e6cd6f582e68e607807ffa07dbff07ba342bc5f0c74dc384af9b17362538a3a
[MVSS+] 目标片 S1 账户 e0f9105dabf7076ef7376d0b0789a1d70dd82936 块 42 SyncApplied 但尚无 new 上链，等待打包
[MVSS+] 目标片 S1 账户 9e9ff119553d7ad5d40d1cd4c39aba4901955470 块 42 SyncApplied 但尚无 new 上链，等待打包
[Propose wait] S1 N0 spin=1 epoch=43 now=1780902138 InitTime=1780902052 lastpropose=1780902138 wallGap=86 need>=84 ok1=true lastGap=0 need>=2 ok2=false
节点收到终止节点消息，停止运行
