MigrationStrategy=Fine-tuned-Lock (Stop=false Lock=false NotLock=false)
&{77 N0 S0 2 0 D:\Desktop\实验室\MVSS+\MVSS-main\selectedTxs_300K.csv 2 500 300 150 150 150 150 1000 10 1 400 20000 0 50000 20 true Fine-tuned-Lock false false false false true false 3 false 8 false false false PageRank false 100 true false}
&{77 N0 S0 2 0 D:\Desktop\实验室\MVSS+\MVSS-main\selectedTxs_300K.csv 2 500 300 150 150 150 150 1000 10 1 400 20000 0 50000 20 true Fine-tuned-Lock false false false false true false 3 false 8 false false false PageRank false 100 true false}
交易将由外部客户端发送
节点 N0 已启动，所属分片: S0
[Propose wait-first-tx] S0 N0 seq=1 Queue_len=0，首块等待交易注入后再出块
节点开启监听，地址：127.0.0.1:8010
[Propose wait-first-tx] S0 N0 seq=1 Queue_len=0，首块等待交易注入后再出块
[Propose wait-first-tx] S0 N0 seq=1 Queue_len=0，首块等待交易注入后再出块
[Propose wait-first-tx] S0 N0 seq=1 Queue_len=0，首块等待交易注入后再出块
[Propose wait-first-tx] S0 N0 seq=1 Queue_len=0，首块等待交易注入后再出块
[Propose wait-first-tx] S0 N0 seq=1 Queue_len=0，首块等待交易注入后再出块
[Propose wait-first-tx] S0 N0 seq=1 Queue_len=0，首块等待交易注入后再出块
[Propose wait-first-tx] S0 N0 seq=1 Queue_len=0，首块等待交易注入后再出块
[Propose wait-first-tx] S0 N0 seq=1 Queue_len=0，首块等待交易注入后再出块
[Propose wait-first-tx] S0 N0 seq=1 Queue_len=0，首块等待交易注入后再出块
[Propose wait-first-tx] S0 N0 seq=1 Queue_len=0，首块等待交易注入后再出块
[Propose wait-first-tx] S0 N0 seq=1 Queue_len=0，首块等待交易注入后再出块
[Propose wait-first-tx] S0 N0 seq=1 Queue_len=0，首块等待交易注入后再出块
[Propose wait-first-tx] S0 N0 seq=1 Queue_len=0，首块等待交易注入后再出块
[Propose wait-first-tx] S0 N0 seq=1 Queue_len=0，首块等待交易注入后再出块
[Propose wait-first-tx] S0 N0 seq=1 Queue_len=0，首块等待交易注入后再出块
[Propose wait-first-tx] S0 N0 seq=1 Queue_len=0，首块等待交易注入后再出块
本节点已接收到客户端发送的初始时间：1780066407（锚定 InitTime=1780066407，已重置 epoch=1）
[Propose wait-first-tx] S0 N0 seq=1 Queue_len=0，首块等待交易注入后再出块
[Propose wait-first-tx] S0 N0 seq=1 Queue_len=0，首块等待交易注入后再出块
[Propose wait-first-tx] S0 N0 seq=1 Queue_len=0，首块等待交易注入后再出块
[handleTxFromClient] S0 N0 recv client batch, tx_count=531
[handleTxFromClient] S0 N0 append to Tx_pool.Queue: local_queued=531 forward_other_shard=0 Queue_total_len=531
[Propose wait-first-tx] S0 N0 首块已检测到交易，结束等待，Queue_len=531
[Propose] S0 N0 时间条件满足: epoch=1->2 now=1780066411 InitTime=1780066407 lastpropose=1780066407 wallGap=4>=0 lastGap=4>=2 → propose1
[Propose] S0 N0 等待 sequenceLock…
[Propose] S0 N0 已持有 sequenceLock，seqID=1 即将 propose1
[propose1] S0 N0 seq=1 Tx_pool.Queue_len=531
left_count: 500
更新树花时间为: 107
写数据库IO花时间为: 114
编号为 1 的区块已加入本地区块链！curBlock: 
blockHeader: 
[1add38160db0458a48072f3ade543ffb4af4e9cfdf8f76549b9568e046a6a3ff 6bacc0654ede3ca193faa2d6f5ed73ef6c776996acf7adf25bc05e611a7fc3c5 7c8d4a37e9e1c8daf911881ba4fa8387fad6034fcb247ead05db4c097f3bc6e4 1 1780066411]
# of transactions: 500
# of TXmig1s: 0
# of In1s: 0
# of Anns: 0
# of NSs: 0
blockHash: 
2f8a54d46ad3a1da9d8980bd9805a65bcf52770eb0a91e0e60415aeadf59bfd9

第1个块开始准备relay

[Propose wait] S0 N0 spin=1 epoch=2 now=1780066411 InitTime=1780066407 lastpropose=1780066411 wallGap=4 need>=2 ok1=true lastGap=0 need>=2 ok2=false

第1个块结束relay

[Propose wait] S0 N0 spin=50 epoch=2 now=1780066412 InitTime=1780066407 lastpropose=1780066411 wallGap=5 need>=2 ok1=true lastGap=1 need>=2 ok2=false
[Propose] S0 N0 时间条件满足: epoch=2->3 now=1780066413 InitTime=1780066407 lastpropose=1780066411 wallGap=6>=2 lastGap=2>=2 → propose1
[Propose] S0 N0 等待 sequenceLock…
[Propose] S0 N0 已持有 sequenceLock，seqID=2 即将 propose1
[propose1] S0 N0 seq=2 Tx_pool.Queue_len=175
left_count: 500
[handleTxFromClient] S0 N0 recv client batch, tx_count=528
[handleTxFromClient] S0 N0 append to Tx_pool.Queue: local_queued=528 forward_other_shard=0 Queue_total_len=528
更新树花时间为: 19
写数据库IO花时间为: 44
编号为 2 的区块已加入本地区块链！curBlock: 
blockHeader: 
[2f8a54d46ad3a1da9d8980bd9805a65bcf52770eb0a91e0e60415aeadf59bfd9 ba710042886d3d5ef28632ab848d5375dbbf6347e08a56e657511840d242004a a0055d05ecee60da9209d533e71a68fc8ea126d5b575789e6b09eea68aac8afb 2 1780066413]
# of transactions: 175
# of TXmig1s: 0
# of In1s: 0
# of Anns: 0
# of NSs: 0
blockHash: 
16ffcb7abf0b97f5d2e9b62db5d8db99c8cfff1a858947b054a2d9dc1d3c0f95

第2个块开始准备relay

[Propose wait] S0 N0 spin=1 epoch=3 now=1780066413 InitTime=1780066407 lastpropose=1780066413 wallGap=6 need>=4 ok1=true lastGap=0 need>=2 ok2=false

第2个块结束relay

[Propose wait] S0 N0 spin=50 epoch=3 now=1780066414 InitTime=1780066407 lastpropose=1780066413 wallGap=7 need>=4 ok1=true lastGap=1 need>=2 ok2=false
[Propose] S0 N0 时间条件满足: epoch=3->4 now=1780066415 InitTime=1780066407 lastpropose=1780066413 wallGap=8>=4 lastGap=2>=2 → propose1
[Propose] S0 N0 等待 sequenceLock…
[Propose] S0 N0 已持有 sequenceLock，seqID=3 即将 propose1
[propose1] S0 N0 seq=3 Tx_pool.Queue_len=528
left_count: 500
[handleTxFromClient] S0 N0 recv client batch, tx_count=623
[handleTxFromClient] S0 N0 append to Tx_pool.Queue: local_queued=623 forward_other_shard=0 Queue_total_len=651
更新树花时间为: 74
写数据库IO花时间为: 80
编号为 3 的区块已加入本地区块链！curBlock: 
blockHeader: 
[16ffcb7abf0b97f5d2e9b62db5d8db99c8cfff1a858947b054a2d9dc1d3c0f95 4eb67029d3985e4d1e06c393762a643aec8e3fe9725b2c662653af2c90a42b3e 1a84ffeedf30234144a6b3f26aa15bd219cdc7a9e46351403a97c7c7a0b0d25d 3 1780066415]
# of transactions: 500
# of TXmig1s: 0
# of In1s: 0
# of Anns: 0
# of NSs: 0
blockHash: 
0ae94062f4b123e2a056067940c9b0adc7fed2189399b548dc9ea800dca3185f

第3个块开始准备relay

[Propose wait] S0 N0 spin=1 epoch=4 now=1780066415 InitTime=1780066407 lastpropose=1780066415 wallGap=8 need>=6 ok1=true lastGap=0 need>=2 ok2=false

第3个块结束relay

[Propose wait] S0 N0 spin=50 epoch=4 now=1780066416 InitTime=1780066407 lastpropose=1780066415 wallGap=9 need>=6 ok1=true lastGap=1 need>=2 ok2=false
[Propose] S0 N0 时间条件满足: epoch=4->5 now=1780066417 InitTime=1780066407 lastpropose=1780066415 wallGap=10>=6 lastGap=2>=2 → propose1
[Propose] S0 N0 等待 sequenceLock…
[Propose] S0 N0 已持有 sequenceLock，seqID=4 即将 propose1
[propose1] S0 N0 seq=4 Tx_pool.Queue_len=844
left_count: 500
[handleTxFromClient] S0 N0 recv client batch, tx_count=637
[handleTxFromClient] S0 N0 append to Tx_pool.Queue: local_queued=637 forward_other_shard=0 Queue_total_len=981
更新树花时间为: 75
写数据库IO花时间为: 81
编号为 4 的区块已加入本地区块链！curBlock: 
blockHeader: 
[0ae94062f4b123e2a056067940c9b0adc7fed2189399b548dc9ea800dca3185f b5d4029c59f314b5f646189ad677da317094c20e4873d6d4b13e7ce19e544eda 9ff1c72f8722bf0b88a4f067a33a5f6ab396d76432d2f0c485f883ab381153e3 4 1780066417]
# of transactions: 500
# of TXmig1s: 0
# of In1s: 0
# of Anns: 0
# of NSs: 0
blockHash: 
e269df089d4c89c2d44626d4c74312c8ae13c25aa7ae59eb5531b57abe9faaa6

第4个块开始准备relay

[Propose wait] S0 N0 spin=1 epoch=5 now=1780066417 InitTime=1780066407 lastpropose=1780066417 wallGap=10 need>=8 ok1=true lastGap=0 need>=2 ok2=false

第4个块结束relay

[Propose wait] S0 N0 spin=50 epoch=5 now=1780066418 InitTime=1780066407 lastpropose=1780066417 wallGap=11 need>=8 ok1=true lastGap=1 need>=2 ok2=false
[Propose] S0 N0 时间条件满足: epoch=5->6 now=1780066419 InitTime=1780066407 lastpropose=1780066417 wallGap=12>=8 lastGap=2>=2 → propose1
[Propose] S0 N0 等待 sequenceLock…
[Propose] S0 N0 已持有 sequenceLock，seqID=5 即将 propose1
[propose1] S0 N0 seq=5 Tx_pool.Queue_len=1072
left_count: 500
[handleTxFromClient] S0 N0 recv client batch, tx_count=641
[handleTxFromClient] S0 N0 append to Tx_pool.Queue: local_queued=641 forward_other_shard=0 Queue_total_len=1213
更新树花时间为: 65
写数据库IO花时间为: 71
编号为 5 的区块已加入本地区块链！curBlock: 
blockHeader: 
[e269df089d4c89c2d44626d4c74312c8ae13c25aa7ae59eb5531b57abe9faaa6 caecaeab9897c3714b51f6f2ec7f8dcd2cb64aabb25af5e15c1e05b5724632fc 3c1655f7b3e0ad0fbf1377f895e939373a44c42bfb8be7f4c2b5ca0402fcc929 5 1780066419]
# of transactions: 500
# of TXmig1s: 0
# of In1s: 0
# of Anns: 0
# of NSs: 0
blockHash: 
5712356890f55a3b15657ba3b080da31747784c948edf8838d57ccf5474005c1

第5个块开始准备relay

[Propose wait] S0 N0 spin=1 epoch=6 now=1780066419 InitTime=1780066407 lastpropose=1780066419 wallGap=12 need>=10 ok1=true lastGap=0 need>=2 ok2=false

第5个块结束relay

[Propose wait] S0 N0 spin=50 epoch=6 now=1780066420 InitTime=1780066407 lastpropose=1780066419 wallGap=13 need>=10 ok1=true lastGap=1 need>=2 ok2=false
[Propose] S0 N0 时间条件满足: epoch=6->7 now=1780066421 InitTime=1780066407 lastpropose=1780066419 wallGap=14>=10 lastGap=2>=2 → propose1
[Propose] S0 N0 等待 sequenceLock…
[Propose] S0 N0 已持有 sequenceLock，seqID=6 即将 propose1
[propose1] S0 N0 seq=6 Tx_pool.Queue_len=1285
left_count: 500
[handleTxFromClient] S0 N0 recv client batch, tx_count=409
[handleTxFromClient] S0 N0 append to Tx_pool.Queue: local_queued=409 forward_other_shard=0 Queue_total_len=1194
更新树花时间为: 76
写数据库IO花时间为: 84
编号为 6 的区块已加入本地区块链！curBlock: 
blockHeader: 
[5712356890f55a3b15657ba3b080da31747784c948edf8838d57ccf5474005c1 3ec630ba388a7ac672277767732741dc9e9f704513929040d4ff5170089b97d0 6e680090052b86677352d78346af83640c7d59806e87f6b6ebe1e9d471aa775e 6 1780066421]
# of transactions: 500
# of TXmig1s: 0
# of In1s: 0
# of Anns: 0
# of NSs: 0
blockHash: 
75906dd88f135beb2dc3ffebfffd01e82bb2fb44b617d244e3e870815bd65a50

第6个块开始准备relay

[Propose wait] S0 N0 spin=1 epoch=7 now=1780066421 InitTime=1780066407 lastpropose=1780066421 wallGap=14 need>=12 ok1=true lastGap=0 need>=2 ok2=false

第6个块结束relay

[Propose wait] S0 N0 spin=50 epoch=7 now=1780066422 InitTime=1780066407 lastpropose=1780066421 wallGap=15 need>=12 ok1=true lastGap=1 need>=2 ok2=false
[Propose] S0 N0 时间条件满足: epoch=7->8 now=1780066423 InitTime=1780066407 lastpropose=1780066421 wallGap=16>=12 lastGap=2>=2 → propose1
[Propose] S0 N0 等待 sequenceLock…
[Propose] S0 N0 已持有 sequenceLock，seqID=7 即将 propose1
[propose1] S0 N0 seq=7 Tx_pool.Queue_len=1269
left_count: 500
[handleTxFromClient] S0 N0 recv client batch, tx_count=55
[handleTxFromClient] S0 N0 append to Tx_pool.Queue: local_queued=55 forward_other_shard=0 Queue_total_len=824
更新树花时间为: 80
写数据库IO花时间为: 102
编号为 7 的区块已加入本地区块链！curBlock: 
blockHeader: 
[75906dd88f135beb2dc3ffebfffd01e82bb2fb44b617d244e3e870815bd65a50 2f053adbd1ae38c9cebff02c1311d3a0033a099d7e72b42d7aaa13209080579d 05373e2d13ef211d0ab16c51449463a723a855033490e17a53adfa800656647c 7 1780066423]
# of transactions: 500
# of TXmig1s: 0
# of In1s: 0
# of Anns: 0
# of NSs: 0
blockHash: 
d4e5f065483203de6972670c48fae273a4edca1bc160ed3905bb5428f0182e9e

第7个块开始准备relay

[Propose wait] S0 N0 spin=1 epoch=8 now=1780066423 InitTime=1780066407 lastpropose=1780066423 wallGap=16 need>=14 ok1=true lastGap=0 need>=2 ok2=false

第7个块结束relay

[Propose wait] S0 N0 spin=50 epoch=8 now=1780066424 InitTime=1780066407 lastpropose=1780066423 wallGap=17 need>=14 ok1=true lastGap=1 need>=2 ok2=false
[Propose] S0 N0 时间条件满足: epoch=8->9 now=1780066425 InitTime=1780066407 lastpropose=1780066423 wallGap=18>=14 lastGap=2>=2 → propose1
[Propose] S0 N0 等待 sequenceLock…
[Propose] S0 N0 已持有 sequenceLock，seqID=8 即将 propose1
[propose1] S0 N0 seq=8 Tx_pool.Queue_len=1039
left_count: 500
[handleTxFromClient] S0 N0 recv client batch, tx_count=278
[handleTxFromClient] S0 N0 append to Tx_pool.Queue: local_queued=278 forward_other_shard=0 Queue_total_len=817
更新树花时间为: 67
写数据库IO花时间为: 83
编号为 8 的区块已加入本地区块链！curBlock: 
blockHeader: 
[d4e5f065483203de6972670c48fae273a4edca1bc160ed3905bb5428f0182e9e 2840b30ba970f6c2d4be60cacfcdc11a1828d4354bb789e23eeac1bc5dea15b0 a57f1c46049d32459660034c30791d82ff74aaa09c181eddc749b68d2b045a2e 8 1780066425]
# of transactions: 500
# of TXmig1s: 0
# of In1s: 0
# of Anns: 0
# of NSs: 0
blockHash: 
9d87457a307b7ef073068ce94e32d257a0dac2da99ffce20e55a146e93850469

第8个块开始准备relay

[Propose wait] S0 N0 spin=1 epoch=9 now=1780066425 InitTime=1780066407 lastpropose=1780066425 wallGap=18 need>=16 ok1=true lastGap=0 need>=2 ok2=false

第8个块结束relay

[Propose wait] S0 N0 spin=50 epoch=9 now=1780066426 InitTime=1780066407 lastpropose=1780066425 wallGap=19 need>=16 ok1=true lastGap=1 need>=2 ok2=false
[Propose] S0 N0 时间条件满足: epoch=9->10 now=1780066427 InitTime=1780066407 lastpropose=1780066425 wallGap=20>=16 lastGap=2>=2 → propose1
[Propose] S0 N0 等待 sequenceLock…
[Propose] S0 N0 已持有 sequenceLock，seqID=9 即将 propose1
[propose1] S0 N0 seq=9 Tx_pool.Queue_len=983
left_count: 500
[handleTxFromClient] S0 N0 recv client batch, tx_count=407
[handleTxFromClient] S0 N0 append to Tx_pool.Queue: local_queued=407 forward_other_shard=0 Queue_total_len=890
更新树花时间为: 66
写数据库IO花时间为: 76
编号为 9 的区块已加入本地区块链！curBlock: 
blockHeader: 
[9d87457a307b7ef073068ce94e32d257a0dac2da99ffce20e55a146e93850469 d48c0b038582ee826d9d811b73c1036911897286d104cf17a42bcec119e77811 53da4bd1bb99859de7e9b29c3810ed25b8df4b2fd6410df4aa1da5bc2a8271fd 9 1780066427]
# of transactions: 500
# of TXmig1s: 0
# of In1s: 0
# of Anns: 0
# of NSs: 0
blockHash: 
8edfefe4f6ba36a53376a9c446504f9387e35bfdf8a44d44477009ad4efa87ee

第9个块开始准备relay

[Propose wait] S0 N0 spin=1 epoch=10 now=1780066427 InitTime=1780066407 lastpropose=1780066427 wallGap=20 need>=18 ok1=true lastGap=0 need>=2 ok2=false

第9个块结束relay

[Propose wait] S0 N0 spin=50 epoch=10 now=1780066428 InitTime=1780066407 lastpropose=1780066427 wallGap=21 need>=18 ok1=true lastGap=1 need>=2 ok2=false
[Propose] S0 N0 时间条件满足: epoch=10->11 now=1780066429 InitTime=1780066407 lastpropose=1780066427 wallGap=22>=18 lastGap=2>=2 → propose1
[Propose] S0 N0 等待 sequenceLock…
[Propose] S0 N0 已持有 sequenceLock，seqID=10 即将 propose1
[propose1] S0 N0 seq=10 Tx_pool.Queue_len=1076
left_count: 500
更新树花时间为: 70
写数据库IO花时间为: 91
编号为 10 的区块已加入本地区块链！curBlock: 
blockHeader: 
[8edfefe4f6ba36a53376a9c446504f9387e35bfdf8a44d44477009ad4efa87ee 5cff64109a011b60e15d7366b4304f2ea36100063174254766b18861a5e24704 27f00a4707978ac5b339a74d9c3b5dbe051cb4535f173f485239f1fc0f3f9f83 10 1780066429]
# of transactions: 500
# of TXmig1s: 0
# of In1s: 0
# of Anns: 0
# of NSs: 0
blockHash: 
9d797cd17a5b97ab3efcdd9c70ae649acd7e3f46a623246765f6670b39489622

第10个块开始准备relay

[Propose wait] S0 N0 spin=1 epoch=11 now=1780066429 InitTime=1780066407 lastpropose=1780066429 wallGap=22 need>=20 ok1=true lastGap=0 need>=2 ok2=false
[handleTxFromClient] S0 N0 recv client batch, tx_count=277
[handleTxFromClient] S0 N0 append to Tx_pool.Queue: local_queued=277 forward_other_shard=0 Queue_total_len=853

第10个块结束relay

[Propose wait] S0 N0 spin=50 epoch=11 now=1780066430 InitTime=1780066407 lastpropose=1780066429 wallGap=23 need>=20 ok1=true lastGap=1 need>=2 ok2=false
[Propose] S0 N0 时间条件满足: epoch=11->12 now=1780066431 InitTime=1780066407 lastpropose=1780066429 wallGap=24>=20 lastGap=2>=2 → propose1
[Propose] S0 N0 等待 sequenceLock…
[Propose] S0 N0 已持有 sequenceLock，seqID=11 即将 propose1
[propose1] S0 N0 seq=11 Tx_pool.Queue_len=1054
left_count: 500
更新树花时间为: 77
写数据库IO花时间为: 83
编号为 11 的区块已加入本地区块链！curBlock: 
blockHeader: 
[9d797cd17a5b97ab3efcdd9c70ae649acd7e3f46a623246765f6670b39489622 5c6318750a9a8d05408b82d4afa447dc417923744128c140f2515a6f41f676e6 8cce329b6df373b38781f59f2016280d0c44240eadd3b2cfa86144e059bffdb2 11 1780066431]
# of transactions: 500
# of TXmig1s: 0
# of In1s: 0
# of Anns: 0
# of NSs: 0
blockHash: 
d2d55a7893d27440074ea24f7f2641856b15bb42c118e2bf07260a5824bb1528

第11个块开始准备relay

[Propose wait] S0 N0 spin=1 epoch=12 now=1780066431 InitTime=1780066407 lastpropose=1780066431 wallGap=24 need>=22 ok1=true lastGap=0 need>=2 ok2=false
[handleTxFromClient] S0 N0 recv client batch, tx_count=551
[handleTxFromClient] S0 N0 append to Tx_pool.Queue: local_queued=551 forward_other_shard=0 Queue_total_len=1105

第11个块结束relay

[Propose wait] S0 N0 spin=50 epoch=12 now=1780066432 InitTime=1780066407 lastpropose=1780066431 wallGap=25 need>=22 ok1=true lastGap=1 need>=2 ok2=false
[Propose] S0 N0 时间条件满足: epoch=12->13 now=1780066433 InitTime=1780066407 lastpropose=1780066431 wallGap=26>=22 lastGap=2>=2 → propose1
[Propose] S0 N0 等待 sequenceLock…
[Propose] S0 N0 已持有 sequenceLock，seqID=12 即将 propose1
[propose1] S0 N0 seq=12 Tx_pool.Queue_len=1212
left_count: 500
更新树花时间为: 67
写数据库IO花时间为: 94
编号为 12 的区块已加入本地区块链！curBlock: 
blockHeader: 
[d2d55a7893d27440074ea24f7f2641856b15bb42c118e2bf07260a5824bb1528 5ef00a52b7a3a3380068955a05b8e1004e8f444d2a3205e7597b91e316d30118 70a70b7ab7689dd54c508a7de321842898c4993a9cade42563b7ad241c90cc86 12 1780066433]
# of transactions: 500
# of TXmig1s: 0
# of In1s: 0
# of Anns: 0
# of NSs: 0
blockHash: 
c4a9dd293bf4f32e0b3b4dceb346f63d0d64eed4be16fe12db04d06dc7c9dd9e

第12个块开始准备relay

[Propose wait] S0 N0 spin=1 epoch=13 now=1780066433 InitTime=1780066407 lastpropose=1780066433 wallGap=26 need>=24 ok1=true lastGap=0 need>=2 ok2=false
[handleTxFromClient] S0 N0 recv client batch, tx_count=633
[handleTxFromClient] S0 N0 append to Tx_pool.Queue: local_queued=633 forward_other_shard=0 Queue_total_len=1345

第12个块结束relay

[Propose wait] S0 N0 spin=50 epoch=13 now=1780066434 InitTime=1780066407 lastpropose=1780066433 wallGap=27 need>=24 ok1=true lastGap=1 need>=2 ok2=false
[Propose] S0 N0 时间条件满足: epoch=13->14 now=1780066435 InitTime=1780066407 lastpropose=1780066433 wallGap=28>=24 lastGap=2>=2 → propose1
[Propose] S0 N0 等待 sequenceLock…
[Propose] S0 N0 已持有 sequenceLock，seqID=13 即将 propose1
[propose1] S0 N0 seq=13 Tx_pool.Queue_len=1540
left_count: 500
更新树花时间为: 83
写数据库IO花时间为: 98
编号为 13 的区块已加入本地区块链！curBlock: 
blockHeader: 
[c4a9dd293bf4f32e0b3b4dceb346f63d0d64eed4be16fe12db04d06dc7c9dd9e e76051be3c49bfe63d86981fbd7fb808ad8dc428f178c51a1976c9530e9d54b4 e14e427db11f744b7749bdca923844deaa23e4ec2cf9d1727b20aa7e0c4286b0 13 1780066435]
# of transactions: 500
# of TXmig1s: 0
# of In1s: 0
# of Anns: 0
# of NSs: 0
blockHash: 
21621b2d3a380fc5fffe11aadf8008f3bb66cd2e7d28a9dc56ffbc2135a5fa9c

第13个块开始准备relay

[Propose wait] S0 N0 spin=1 epoch=14 now=1780066435 InitTime=1780066407 lastpropose=1780066435 wallGap=28 need>=26 ok1=true lastGap=0 need>=2 ok2=false
[handleTxFromClient] S0 N0 recv client batch, tx_count=489
[handleTxFromClient] S0 N0 append to Tx_pool.Queue: local_queued=489 forward_other_shard=0 Queue_total_len=1529

第13个块结束relay

[Propose wait] S0 N0 spin=50 epoch=14 now=1780066436 InitTime=1780066407 lastpropose=1780066435 wallGap=29 need>=26 ok1=true lastGap=1 need>=2 ok2=false
[Propose] S0 N0 时间条件满足: epoch=14->15 now=1780066437 InitTime=1780066407 lastpropose=1780066435 wallGap=30>=26 lastGap=2>=2 → propose1
[Propose] S0 N0 等待 sequenceLock…
[Propose] S0 N0 已持有 sequenceLock，seqID=14 即将 propose1
[propose1] S0 N0 seq=14 Tx_pool.Queue_len=1704
left_count: 500
更新树花时间为: 79
写数据库IO花时间为: 93
编号为 14 的区块已加入本地区块链！curBlock: 
blockHeader: 
[21621b2d3a380fc5fffe11aadf8008f3bb66cd2e7d28a9dc56ffbc2135a5fa9c b1fbb1bf89ed6c829199ef7ec6cdefbe0df6af1da25eb58df18b533aef31b508 558acc2c7fedf19da5628fabb760bc8f9ba569e03d8091ae1a3037d1bc9594e9 14 1780066437]
# of transactions: 500
# of TXmig1s: 0
# of In1s: 0
# of Anns: 0
# of NSs: 0
blockHash: 
280af895f3cfd770568480361f66382d5664bbde870b3a5764722018872b0bcd

第14个块开始准备relay

[Propose wait] S0 N0 spin=1 epoch=15 now=1780066437 InitTime=1780066407 lastpropose=1780066437 wallGap=30 need>=28 ok1=true lastGap=0 need>=2 ok2=false
[handleTxFromClient] S0 N0 recv client batch, tx_count=496
[handleTxFromClient] S0 N0 append to Tx_pool.Queue: local_queued=496 forward_other_shard=0 Queue_total_len=1700

第14个块结束relay

[Propose wait] S0 N0 spin=50 epoch=15 now=1780066438 InitTime=1780066407 lastpropose=1780066437 wallGap=31 need>=28 ok1=true lastGap=1 need>=2 ok2=false
[Propose] S0 N0 时间条件满足: epoch=15->16 now=1780066439 InitTime=1780066407 lastpropose=1780066437 wallGap=32>=28 lastGap=2>=2 → propose1
[Propose] S0 N0 等待 sequenceLock…
[Propose] S0 N0 已持有 sequenceLock，seqID=15 即将 propose1
[propose1] S0 N0 seq=15 Tx_pool.Queue_len=1861
left_count: 500
更新树花时间为: 73
写数据库IO花时间为: 85
编号为 15 的区块已加入本地区块链！curBlock: 
blockHeader: 
[280af895f3cfd770568480361f66382d5664bbde870b3a5764722018872b0bcd cbd5518827506f8a3b78f40d4bc6c1236c7ccb0e8d8df9d4d32e257089ecaf00 34321b4f57c621ce004a4977249153b1318c55da04116172ffe10bff455a6c3c 15 1780066439]
# of transactions: 500
# of TXmig1s: 0
# of In1s: 0
# of Anns: 0
# of NSs: 0
blockHash: 
2d5a6ada2370185795a1d8dd7576d5ca7026f4c5dadb50dcd1ccebe2d8c4235b

第15个块开始准备relay

[Propose wait] S0 N0 spin=1 epoch=16 now=1780066439 InitTime=1780066407 lastpropose=1780066439 wallGap=32 need>=30 ok1=true lastGap=0 need>=2 ok2=false
[handleTxFromClient] S0 N0 recv client batch, tx_count=468
[handleTxFromClient] S0 N0 append to Tx_pool.Queue: local_queued=468 forward_other_shard=0 Queue_total_len=1829

第15个块结束relay

[Propose wait] S0 N0 spin=50 epoch=16 now=1780066440 InitTime=1780066407 lastpropose=1780066439 wallGap=33 need>=30 ok1=true lastGap=1 need>=2 ok2=false
[Propose] S0 N0 时间条件满足: epoch=16->17 now=1780066441 InitTime=1780066407 lastpropose=1780066439 wallGap=34>=30 lastGap=2>=2 → propose1
[Propose] S0 N0 等待 sequenceLock…
[Propose] S0 N0 已持有 sequenceLock，seqID=16 即将 propose1
[propose1] S0 N0 seq=16 Tx_pool.Queue_len=1988
left_count: 500
更新树花时间为: 81
写数据库IO花时间为: 91
编号为 16 的区块已加入本地区块链！curBlock: 
blockHeader: 
[2d5a6ada2370185795a1d8dd7576d5ca7026f4c5dadb50dcd1ccebe2d8c4235b ce98c2957152bfcddd11ce4435eee7f1a0e404b0380261d8732514368f377f71 c2563fe7386f51b2e48a99ca13d417e9fc7bbcb5f8f47b0a32f75be18945353b 16 1780066441]
# of transactions: 500
# of TXmig1s: 0
# of In1s: 0
# of Anns: 0
# of NSs: 0
blockHash: 
5c38ab5a6875f7524594de947ad48892235e5703e18405f729c9a642214dd425

第16个块开始准备relay

[Propose wait] S0 N0 spin=1 epoch=17 now=1780066441 InitTime=1780066407 lastpropose=1780066441 wallGap=34 need>=32 ok1=true lastGap=0 need>=2 ok2=false
[handleTxFromClient] S0 N0 recv client batch, tx_count=489
[handleTxFromClient] S0 N0 append to Tx_pool.Queue: local_queued=489 forward_other_shard=0 Queue_total_len=1977

第16个块结束relay

[Propose wait] S0 N0 spin=50 epoch=17 now=1780066442 InitTime=1780066407 lastpropose=1780066441 wallGap=35 need>=32 ok1=true lastGap=1 need>=2 ok2=false
[Propose] S0 N0 时间条件满足: epoch=17->18 now=1780066443 InitTime=1780066407 lastpropose=1780066441 wallGap=36>=32 lastGap=2>=2 → propose1
[Propose] S0 N0 等待 sequenceLock…
[Propose] S0 N0 已持有 sequenceLock，seqID=17 即将 propose1
[propose1] S0 N0 seq=17 Tx_pool.Queue_len=2128
left_count: 500
更新树花时间为: 88
写数据库IO花时间为: 95
编号为 17 的区块已加入本地区块链！curBlock: 
blockHeader: 
[5c38ab5a6875f7524594de947ad48892235e5703e18405f729c9a642214dd425 6cf76d261a50b2c7bf4c12b9a042a9c819c1ff85e9cba8e3a10d76c30055f475 a1ded1b8a0a33364cdfc9a1c93065d5f78d60913bf58597a3122a28dc1f3ae3c 17 1780066443]
# of transactions: 500
# of TXmig1s: 0
# of In1s: 0
# of Anns: 0
# of NSs: 0
blockHash: 
fee909146e6e3775eaf62be577747ba062f29467f30feb1eaa1203b5e75af0f3

第17个块开始准备relay

[Propose wait] S0 N0 spin=1 epoch=18 now=1780066443 InitTime=1780066407 lastpropose=1780066443 wallGap=36 need>=34 ok1=true lastGap=0 need>=2 ok2=false
[handleTxFromClient] S0 N0 recv client batch, tx_count=166
[handleTxFromClient] S0 N0 append to Tx_pool.Queue: local_queued=166 forward_other_shard=0 Queue_total_len=1794

第17个块结束relay

[Propose wait] S0 N0 spin=50 epoch=18 now=1780066444 InitTime=1780066407 lastpropose=1780066443 wallGap=37 need>=34 ok1=true lastGap=1 need>=2 ok2=false
[Propose] S0 N0 时间条件满足: epoch=18->19 now=1780066445 InitTime=1780066407 lastpropose=1780066443 wallGap=38>=34 lastGap=2>=2 → propose1
[Propose] S0 N0 等待 sequenceLock…
[Propose] S0 N0 已持有 sequenceLock，seqID=18 即将 propose1
[propose1] S0 N0 seq=18 Tx_pool.Queue_len=1932
left_count: 500
更新树花时间为: 65
写数据库IO花时间为: 73
编号为 18 的区块已加入本地区块链！curBlock: 
blockHeader: 
[fee909146e6e3775eaf62be577747ba062f29467f30feb1eaa1203b5e75af0f3 aa159770d254bb2c045764034c2594ec4b5e6229029c89f1b613d906ef08c760 b9293b1a6f7c423deee40d9543e721e7c3ac3e7e54032fe4c917ebba920f65c5 18 1780066445]
# of transactions: 500
# of TXmig1s: 0
# of In1s: 0
# of Anns: 0
# of NSs: 0
blockHash: 
0794909d03acc1bde2af3806ec2c823b25bfa0a14f909645e058e7f461f14e22

第18个块开始准备relay

[Propose wait] S0 N0 spin=1 epoch=19 now=1780066445 InitTime=1780066407 lastpropose=1780066445 wallGap=38 need>=36 ok1=true lastGap=0 need>=2 ok2=false
[handleTxFromClient] S0 N0 recv client batch, tx_count=167
[handleTxFromClient] S0 N0 append to Tx_pool.Queue: local_queued=167 forward_other_shard=0 Queue_total_len=1599

第18个块结束relay

[Propose wait] S0 N0 spin=50 epoch=19 now=1780066446 InitTime=1780066407 lastpropose=1780066445 wallGap=39 need>=36 ok1=true lastGap=1 need>=2 ok2=false
[Propose] S0 N0 时间条件满足: epoch=19->20 now=1780066447 InitTime=1780066407 lastpropose=1780066445 wallGap=40>=36 lastGap=2>=2 → propose1
[Propose] S0 N0 等待 sequenceLock…
[Propose] S0 N0 已持有 sequenceLock，seqID=19 即将 propose1
[propose1] S0 N0 seq=19 Tx_pool.Queue_len=1757
left_count: 500
更新树花时间为: 61
写数据库IO花时间为: 66
编号为 19 的区块已加入本地区块链！curBlock: 
blockHeader: 
[0794909d03acc1bde2af3806ec2c823b25bfa0a14f909645e058e7f461f14e22 1568dfb40875f6d96e42ac8051140b94102d7fcc5c0461270ce3bfa0c7b62dbf 28654be8b637e23a3471febfd5d98849422f1ef8b8b908b5e9a2100e134bdb16 19 1780066447]
# of transactions: 500
# of TXmig1s: 0
# of In1s: 0
# of Anns: 0
# of NSs: 0
blockHash: 
cd360950a9a94d9a20c7c4b644f7d43560b766eee0dc9d20ea2a388d7ff97df2

第19个块开始准备relay

[Propose wait] S0 N0 spin=1 epoch=20 now=1780066447 InitTime=1780066407 lastpropose=1780066447 wallGap=40 need>=38 ok1=true lastGap=0 need>=2 ok2=false
[handleTxFromClient] S0 N0 recv client batch, tx_count=555
[handleTxFromClient] S0 N0 append to Tx_pool.Queue: local_queued=555 forward_other_shard=0 Queue_total_len=1812

第19个块结束relay

[Propose wait] S0 N0 spin=50 epoch=20 now=1780066448 InitTime=1780066407 lastpropose=1780066447 wallGap=41 need>=38 ok1=true lastGap=1 need>=2 ok2=false
[Propose] S0 N0 时间条件满足: epoch=20->21 now=1780066449 InitTime=1780066407 lastpropose=1780066447 wallGap=42>=38 lastGap=2>=2 → propose1
[Propose] S0 N0 等待 sequenceLock…
[Propose] S0 N0 已持有 sequenceLock，seqID=20 即将 propose1
[propose1] S0 N0 seq=20 Tx_pool.Queue_len=1918
left_count: 500
更新树花时间为: 88
写数据库IO花时间为: 95
编号为 20 的区块已加入本地区块链！curBlock: 
blockHeader: 
[cd360950a9a94d9a20c7c4b644f7d43560b766eee0dc9d20ea2a388d7ff97df2 368436b47f8bc0c9070c9f9cfb195501f0f52a90f52667cc7cf877adf85568a1 21d6f83550400430e5b12f6c7f9440e81f2a601be9ad1beff4ffc917309ff9d3 20 1780066449]
# of transactions: 500
# of TXmig1s: 0
# of In1s: 0
# of Anns: 0
# of NSs: 0
blockHash: 
85f37ff2fc22c27ec1b782de54c77515edef96db97ae67f2e9a19f5ae2ec408e

第20个块开始准备relay

[Propose wait] S0 N0 spin=1 epoch=21 now=1780066449 InitTime=1780066407 lastpropose=1780066449 wallGap=42 need>=40 ok1=true lastGap=0 need>=2 ok2=false
[handleTxFromClient] S0 N0 recv client batch, tx_count=47
[handleTxFromClient] S0 N0 append to Tx_pool.Queue: local_queued=47 forward_other_shard=0 Queue_total_len=1465

第20个块结束relay

[Propose wait] S0 N0 spin=50 epoch=21 now=1780066450 InitTime=1780066407 lastpropose=1780066449 wallGap=43 need>=40 ok1=true lastGap=1 need>=2 ok2=false
[Propose] S0 N0 时间条件满足: epoch=21->22 now=1780066451 InitTime=1780066407 lastpropose=1780066449 wallGap=44>=40 lastGap=2>=2 → propose1
[Propose] S0 N0 等待 sequenceLock…
[Propose] S0 N0 已持有 sequenceLock，seqID=21 即将 propose1
[propose1] S0 N0 seq=21 Tx_pool.Queue_len=1715
left_count: 500
更新树花时间为: 56
写数据库IO花时间为: 61
编号为 21 的区块已加入本地区块链！curBlock: 
blockHeader: 
[85f37ff2fc22c27ec1b782de54c77515edef96db97ae67f2e9a19f5ae2ec408e 3ef8fdf5ca639900936efc37ba5bd266a4b1782996c22d9a17d66463b54442e8 3f8b1e30b2467273257208534632c0404b63aae13f4388f776434f46cfcd4151 21 1780066451]
# of transactions: 500
# of TXmig1s: 0
# of In1s: 0
# of Anns: 0
# of NSs: 0
blockHash: 
0b7225ca0fa6a216b6de4222fd56a20cda2d7a9a30f7ebd338bfc132008977f0

第21个块开始准备relay

[Propose wait] S0 N0 spin=1 epoch=22 now=1780066451 InitTime=1780066407 lastpropose=1780066451 wallGap=44 need>=42 ok1=true lastGap=0 need>=2 ok2=false
本节点已接收到client发来准备迁移通知
本节点已将 pending 发送到 client（1215 笔）
本节点已接收到客户端发送的新映射
[handleTxFromClient] S0 N0 recv client batch, tx_count=25
[handleTxFromClient] S0 N0 append to Tx_pool.Queue: local_queued=25 forward_other_shard=0 Queue_total_len=1240

第21个块结束relay

[Propose wait] S0 N0 spin=50 epoch=22 now=1780066452 InitTime=1780066407 lastpropose=1780066451 wallGap=45 need>=42 ok1=true lastGap=1 need>=2 ok2=false
[Propose] S0 N0 时间条件满足: epoch=22->23 now=1780066453 InitTime=1780066407 lastpropose=1780066451 wallGap=46>=42 lastGap=2>=2 → propose1
[Propose] S0 N0 等待 sequenceLock…
[Propose] S0 N0 已持有 sequenceLock，seqID=22 即将 propose1
[propose1] S0 N0 seq=22 Tx_pool.Queue_len=1417
left_count: 200
更新树花时间为: 59
写数据库IO花时间为: 69
编号为 22 的区块已加入本地区块链！curBlock: 
blockHeader: 
[0b7225ca0fa6a216b6de4222fd56a20cda2d7a9a30f7ebd338bfc132008977f0 ba32dfc874ae0c748d171b793e35dfee765a74438fd42029a37a2920f45c657a f3441aa329a372fac10f2ea5fba4b700fac057c226e71dea7e762ea9177c622b 22 1780066453]
# of transactions: 200
# of TXmig1s: 300
# of In1s: 0
# of Anns: 0
# of NSs: 0
blockHash: 
bf1549013c3f49c0620dd03115eeb199f923ec1262ba450ef8a70241ac84d6bf

第22个块开始准备relay

[Propose wait] S0 N0 spin=1 epoch=23 now=1780066453 InitTime=1780066407 lastpropose=1780066453 wallGap=46 need>=44 ok1=true lastGap=0 need>=2 ok2=false

第22个块结束relay

[handleTxFromClient] S0 N0 recv client batch, tx_count=30
[handleTxFromClient] S0 N0 append to Tx_pool.Queue: local_queued=30 forward_other_shard=0 Queue_total_len=1331

本节点已接收到分片S1发来的迁移请求 
10000000000000000000000001680000000000000

[Propose wait] S0 N0 spin=50 epoch=23 now=1780066454 InitTime=1780066407 lastpropose=1780066453 wallGap=47 need>=44 ok1=true lastGap=1 need>=2 ok2=false
[Propose] S0 N0 时间条件满足: epoch=23->24 now=1780066455 InitTime=1780066407 lastpropose=1780066453 wallGap=48>=44 lastGap=2>=2 → propose1
[Propose] S0 N0 等待 sequenceLock…
[Propose] S0 N0 已持有 sequenceLock，seqID=23 即将 propose1
[propose1] S0 N0 seq=23 Tx_pool.Queue_len=1331
left_count: 200
更新树花时间为: 60
写数据库IO花时间为: 70
编号为 23 的区块已加入本地区块链！curBlock: 
blockHeader: 
[bf1549013c3f49c0620dd03115eeb199f923ec1262ba450ef8a70241ac84d6bf 238469136427b029e61cb2cf3d24757a070957acc8dbfb3c3b464d5e4a722666 407a48aa569b6614f74883ace635d823ea8f2d04677822716ee92d8ccb8f2e29 23 1780066455]
# of transactions: 200
# of TXmig1s: 219
# of In1s: 81
# of Anns: 0
# of NSs: 0
blockHash: 
dc7282b58e9dafc5af9e20cdf4dca9e934379217e576eda516586a70276f7ab3

第23个块开始准备relay

[Propose wait] S0 N0 spin=1 epoch=24 now=1780066455 InitTime=1780066407 lastpropose=1780066455 wallGap=48 need>=46 ok1=true lastGap=0 need>=2 ok2=false

第23个块结束relay

[handleTxFromClient] S0 N0 recv client batch, tx_count=19
[handleTxFromClient] S0 N0 append to Tx_pool.Queue: local_queued=19 forward_other_shard=0 Queue_total_len=1158

本节点已接收到分片S1发来的迁移请求 
10000000000000000000000000000000000000000

[Propose wait] S0 N0 spin=50 epoch=24 now=1780066456 InitTime=1780066407 lastpropose=1780066455 wallGap=49 need>=46 ok1=true lastGap=1 need>=2 ok2=false
本节点已接收到分片S1发来通知 
1
2
3
[Propose] S0 N0 时间条件满足: epoch=24->25 now=1780066457 InitTime=1780066407 lastpropose=1780066455 wallGap=50>=46 lastGap=2>=2 → propose1
[Propose] S0 N0 等待 sequenceLock…
[Propose] S0 N0 已持有 sequenceLock，seqID=24 即将 propose1
[propose1] S0 N0 seq=24 Tx_pool.Queue_len=1158
left_count: 200
更新树花时间为: 78
写数据库IO花时间为: 108
编号为 24 的区块已加入本地区块链！curBlock: 
blockHeader: 
[dc7282b58e9dafc5af9e20cdf4dca9e934379217e576eda516586a70276f7ab3 13df931c8ce7a308efd54174d45a1a74c2d394b852b27f2171ae92f8329bd111 733153b434994c1c10a9743c926fe22b0994480885ec1f949c424fa7345122e9 24 1780066457]
# of transactions: 200
# of TXmig1s: 0
# of In1s: 299
# of Anns: 1
# of NSs: 0
blockHash: 
7234d29936494da8c04c41fde75a2bfc5da6fc06d7c9e3afb8ab9344611e07be
handleAnns时是第24个块

handleannounce交易池操作时差为：535
handleannounce两锁时差为：535


第24个块开始准备relay

时间：50259  正在向分片S1的主节点发送新
[Propose wait] S0 N0 spin=1 epoch=25 now=1780066457 InitTime=1780066407 lastpropose=1780066457 wallGap=50 need>=48 ok1=true lastGap=0 need>=2 ok2=false
本节点已将不变的账户数量发送到client

时间：1780066457264  本节点已接收到新
本节点已将迁移过来的pending交易的账户数量发送到client


第24个块结束relay

[handleTxFromClient] S0 N0 recv client batch, tx_count=27
[handleTxFromClient] S0 N0 append to Tx_pool.Queue: local_queued=27 forward_other_shard=0 Queue_total_len=1033
[Propose wait] S0 N0 spin=50 epoch=25 now=1780066458 InitTime=1780066407 lastpropose=1780066457 wallGap=51 need>=48 ok1=true lastGap=1 need>=2 ok2=false
[Propose] S0 N0 时间条件满足: epoch=25->26 now=1780066459 InitTime=1780066407 lastpropose=1780066457 wallGap=52>=48 lastGap=2>=2 → propose1
[Propose] S0 N0 等待 sequenceLock…
[Propose] S0 N0 已持有 sequenceLock，seqID=25 即将 propose1
[propose1] S0 N0 seq=25 Tx_pool.Queue_len=1033
left_count: 281
更新树花时间为: 52
写数据库IO花时间为: 74
编号为 25 的区块已加入本地区块链！curBlock: 
blockHeader: 
[7234d29936494da8c04c41fde75a2bfc5da6fc06d7c9e3afb8ab9344611e07be 37a56f173d6d52c757e979477c3231887881e06cdafc107aaa4e11636bd8be60 732808a9d64f1d4c72be025a8480db5c4a785e3be1a08570b41555184e21a20a 25 1780066459]
# of transactions: 281
# of TXmig1s: 0
# of In1s: 0
# of Anns: 219
# of NSs: 0
blockHash: 
86b3c660f9b076bbcf3ae2b89c9950ac04dc1d7b3b72371ed2f412b99dde619e
handleAnns时是第25个块

handleannounce交易池操作时差为：0
handleannounce两锁时差为：0


第25个块开始准备relay

[Propose wait] S0 N0 spin=1 epoch=26 now=1780066459 InitTime=1780066407 lastpropose=1780066459 wallGap=52 need>=50 ok1=true lastGap=0 need>=2 ok2=false

第25个块结束relay

时间：1780066459431  本节点已接收到新
本节点已将迁移过来的pending交易的账户数量发送到client

[handleTxFromClient] S0 N0 recv client batch, tx_count=29
[handleTxFromClient] S0 N0 append to Tx_pool.Queue: local_queued=29 forward_other_shard=0 Queue_total_len=707
本节点已接收到分片S1发来通知 
1
2
3
时间：53233  正在向分片S1的主节点发送新
本节点已将不变的账户数量发送到client

[Propose wait] S0 N0 spin=50 epoch=26 now=1780066460 InitTime=1780066407 lastpropose=1780066459 wallGap=53 need>=50 ok1=true lastGap=1 need>=2 ok2=false
[Propose] S0 N0 时间条件满足: epoch=26->27 now=1780066461 InitTime=1780066407 lastpropose=1780066459 wallGap=54>=50 lastGap=2>=2 → propose1
[Propose] S0 N0 等待 sequenceLock…
[Propose] S0 N0 已持有 sequenceLock，seqID=26 即将 propose1
[propose1] S0 N0 seq=26 Tx_pool.Queue_len=808
left_count: 200
更新树花时间为: 49
写数据库IO花时间为: 83
编号为 26 的区块已加入本地区块链！curBlock: 
blockHeader: 
[86b3c660f9b076bbcf3ae2b89c9950ac04dc1d7b3b72371ed2f412b99dde619e 51b9914d42b212f8352650b8976a444d8323f8757b24e469f63ac414b9995828 1c86b93b4859c744aca49009d31c866dce04909ff414aa1f2e677119511c138d 26 1780066461]
# of transactions: 200
# of TXmig1s: 0
# of In1s: 0
# of Anns: 299
# of NSs: 1
blockHash: 
4535dbef5727dfe399eff0b0995c19abb8a575d6aaa1d6c3216b8b3608b96675
handleAnns时是第26个块

handleannounce交易池操作时差为：0
handleannounce两锁时差为：528


第26个块开始准备relay

[Propose wait] S0 N0 spin=1 epoch=27 now=1780066461 InitTime=1780066407 lastpropose=1780066461 wallGap=54 need>=52 ok1=true lastGap=0 need>=2 ok2=false

第26个块结束relay

[Propose wait] S0 N0 spin=50 epoch=27 now=1780066462 InitTime=1780066407 lastpropose=1780066461 wallGap=55 need>=52 ok1=true lastGap=1 need>=2 ok2=false
[Propose] S0 N0 时间条件满足: epoch=27->28 now=1780066463 InitTime=1780066407 lastpropose=1780066461 wallGap=56>=52 lastGap=2>=2 → propose1
[Propose] S0 N0 等待 sequenceLock…
[Propose] S0 N0 已持有 sequenceLock，seqID=27 即将 propose1
[propose1] S0 N0 seq=27 Tx_pool.Queue_len=617
left_count: 468
更新树花时间为: 78
写数据库IO花时间为: 107
编号为 27 的区块已加入本地区块链！curBlock: 
blockHeader: 
[4535dbef5727dfe399eff0b0995c19abb8a575d6aaa1d6c3216b8b3608b96675 406ed5745a9318a5418d3ec332c91ae4ed6047f3339318a02ed8825d1a85348b eb35912ce75c4d8bb2db66c735bc10ac674fc68697fb9c78c3b034c0e491f99f 27 1780066463]
# of transactions: 468
# of TXmig1s: 0
# of In1s: 0
# of Anns: 0
# of NSs: 32
blockHash: 
a1647ce1170d4020fadd6930302f8603102cac64c84267b79a9be497b196f576

第27个块开始准备relay

[Propose wait] S0 N0 spin=1 epoch=28 now=1780066463 InitTime=1780066407 lastpropose=1780066463 wallGap=56 need>=54 ok1=true lastGap=0 need>=2 ok2=false

第27个块结束relay

时间：1780066464017  本节点已接收到新
本节点已将迁移过来的pending交易的账户数量发送到client

[Propose wait] S0 N0 spin=50 epoch=28 now=1780066464 InitTime=1780066407 lastpropose=1780066463 wallGap=57 need>=54 ok1=true lastGap=1 need>=2 ok2=false
时间：57447  正在向分片S1的主节点发送新
本节点已将不变的账户数量发送到client

[Propose] S0 N0 时间条件满足: epoch=28->29 now=1780066465 InitTime=1780066407 lastpropose=1780066463 wallGap=58>=54 lastGap=2>=2 → propose1
[Propose] S0 N0 等待 sequenceLock…
[Propose] S0 N0 已持有 sequenceLock，seqID=28 即将 propose1
[propose1] S0 N0 seq=28 Tx_pool.Queue_len=471
left_count: 367
更新树花时间为: 78
写数据库IO花时间为: 122
编号为 28 的区块已加入本地区块链！curBlock: 
blockHeader: 
[a1647ce1170d4020fadd6930302f8603102cac64c84267b79a9be497b196f576 3a3dcbd90e3c3cff65320a621ad59e30cd9bf4afd1d54488e3e47ef93b73faa3 53c328de291a7de5820bed5936519627d9a51d9b6aa660da6c669fc2dd80b86e 28 1780066465]
# of transactions: 367
# of TXmig1s: 0
# of In1s: 0
# of Anns: 0
# of NSs: 133
blockHash: 
8e17f12cdc838e5fe1db265e2616ed6dd73db9d3aed0cbcaf5b1e2f586dac00c

第28个块开始准备relay

[Propose wait] S0 N0 spin=1 epoch=29 now=1780066465 InitTime=1780066407 lastpropose=1780066465 wallGap=58 need>=56 ok1=true lastGap=0 need>=2 ok2=false

第28个块结束relay

[Propose wait] S0 N0 spin=50 epoch=29 now=1780066466 InitTime=1780066407 lastpropose=1780066465 wallGap=59 need>=56 ok1=true lastGap=1 need>=2 ok2=false
[Propose] S0 N0 时间条件满足: epoch=29->30 now=1780066467 InitTime=1780066407 lastpropose=1780066465 wallGap=60>=56 lastGap=2>=2 → propose1
[Propose] S0 N0 等待 sequenceLock…
[Propose] S0 N0 已持有 sequenceLock，seqID=29 即将 propose1
[propose1] S0 N0 seq=29 Tx_pool.Queue_len=278
left_count: 500
更新树花时间为: 33
写数据库IO花时间为: 58
编号为 29 的区块已加入本地区块链！curBlock: 
blockHeader: 
[8e17f12cdc838e5fe1db265e2616ed6dd73db9d3aed0cbcaf5b1e2f586dac00c b741a0c867dc757ce9e2d012ecd8861f5f18ded39f0a32f70b22b00df157e9f4 01ec28ef101b1bc4d61a01803dca650b9062230a20724367eeab41182b8b33de 29 1780066467]
# of transactions: 278
# of TXmig1s: 0
# of In1s: 0
# of Anns: 0
# of NSs: 0
blockHash: 
411533ad3c34f4973071179c091ad700555bf1e8cf950b6f3d5aa4c40ba717d5

第29个块开始准备relay

[Propose wait] S0 N0 spin=1 epoch=30 now=1780066467 InitTime=1780066407 lastpropose=1780066467 wallGap=60 need>=58 ok1=true lastGap=0 need>=2 ok2=false

第29个块结束relay

[Propose wait] S0 N0 spin=50 epoch=30 now=1780066468 InitTime=1780066407 lastpropose=1780066467 wallGap=61 need>=58 ok1=true lastGap=1 need>=2 ok2=false
[Propose] S0 N0 时间条件满足: epoch=30->31 now=1780066469 InitTime=1780066407 lastpropose=1780066467 wallGap=62>=58 lastGap=2>=2 → propose1
[Propose] S0 N0 等待 sequenceLock…
[Propose] S0 N0 已持有 sequenceLock，seqID=30 即将 propose1
[propose1] S0 N0 seq=30 Tx_pool.Queue_len=208
left_count: 500
更新树花时间为: 21
写数据库IO花时间为: 30
编号为 30 的区块已加入本地区块链！curBlock: 
blockHeader: 
[411533ad3c34f4973071179c091ad700555bf1e8cf950b6f3d5aa4c40ba717d5 30c71900c97bd467133e41d7aaf7da7a2224058e3e2c1f415eb58ea5bc3fc09a 87c086809c441eb666c0002b87dc800cf71e0982169495a8207a0bfdb2f0be75 30 1780066469]
# of transactions: 208
# of TXmig1s: 0
# of In1s: 0
# of Anns: 0
# of NSs: 0
blockHash: 
bd910463e49c7aa23e4cee75e68f18abfd2694c1744619e80fa619f61c5b6bd9
[Propose wait] S0 N0 spin=1 epoch=31 now=1780066469 InitTime=1780066407 lastpropose=1780066469 wallGap=62 need>=60 ok1=true lastGap=0 need>=2 ok2=false
[Propose wait] S0 N0 spin=50 epoch=31 now=1780066470 InitTime=1780066407 lastpropose=1780066469 wallGap=63 need>=60 ok1=true lastGap=1 need>=2 ok2=false
[Propose] S0 N0 时间条件满足: epoch=31->32 now=1780066471 InitTime=1780066407 lastpropose=1780066469 wallGap=64>=60 lastGap=2>=2 → propose1
[Propose] S0 N0 等待 sequenceLock…
[Propose] S0 N0 已持有 sequenceLock，seqID=31 即将 propose1
[propose1] S0 N0 seq=31 Tx_pool.Queue_len=199
left_count: 500
更新树花时间为: 24
写数据库IO花时间为: 49
编号为 31 的区块已加入本地区块链！curBlock: 
blockHeader: 
[bd910463e49c7aa23e4cee75e68f18abfd2694c1744619e80fa619f61c5b6bd9 137f3891745a7213039a59f7d7d85a74b352c3ecd77442529daba71fd985757e 907b116b50cfb8992a0149b5ab5f2b0630f95f65f63dcc9b2d36de5c5f795a5b 31 1780066471]
# of transactions: 199
# of TXmig1s: 0
# of In1s: 0
# of Anns: 0
# of NSs: 0
blockHash: 
4830604ea088a6a5ef4f3b9ee9e5985dd959f81db5ce622ef9088de945bf9db1
[Propose wait] S0 N0 spin=1 epoch=32 now=1780066471 InitTime=1780066407 lastpropose=1780066471 wallGap=64 need>=62 ok1=true lastGap=0 need>=2 ok2=false
[Propose wait] S0 N0 spin=50 epoch=32 now=1780066472 InitTime=1780066407 lastpropose=1780066471 wallGap=65 need>=62 ok1=true lastGap=1 need>=2 ok2=false
[Propose] S0 N0 时间条件满足: epoch=32->33 now=1780066473 InitTime=1780066407 lastpropose=1780066471 wallGap=66>=62 lastGap=2>=2 → propose1
[Propose] S0 N0 等待 sequenceLock…
[Propose] S0 N0 已持有 sequenceLock，seqID=32 即将 propose1
[propose1] S0 N0 seq=32 Tx_pool.Queue_len=207
left_count: 500
更新树花时间为: 20
写数据库IO花时间为: 34
编号为 32 的区块已加入本地区块链！curBlock: 
blockHeader: 
[4830604ea088a6a5ef4f3b9ee9e5985dd959f81db5ce622ef9088de945bf9db1 69879aedb2654c70c2bd7e1ba71ad3c60fd2101e8c9e4dbcf38f954a32e88da6 f61b142f98ee2de8778a490c9448f671942a61efc7a719eb3ec34a486e235646 32 1780066473]
# of transactions: 207
# of TXmig1s: 0
# of In1s: 0
# of Anns: 0
# of NSs: 0
blockHash: 
9ff654117e3731c177274b87e5f336cf2092652a17bfe77e1c9fcf17191ef4d0
[Propose wait] S0 N0 spin=1 epoch=33 now=1780066473 InitTime=1780066407 lastpropose=1780066473 wallGap=66 need>=64 ok1=true lastGap=0 need>=2 ok2=false
[Propose wait] S0 N0 spin=50 epoch=33 now=1780066474 InitTime=1780066407 lastpropose=1780066473 wallGap=67 need>=64 ok1=true lastGap=1 need>=2 ok2=false
[Propose] S0 N0 时间条件满足: epoch=33->34 now=1780066475 InitTime=1780066407 lastpropose=1780066473 wallGap=68>=64 lastGap=2>=2 → propose1
[Propose] S0 N0 等待 sequenceLock…
[Propose] S0 N0 已持有 sequenceLock，seqID=33 即将 propose1
[propose1] S0 N0 seq=33 Tx_pool.Queue_len=238
left_count: 500
更新树花时间为: 26
写数据库IO花时间为: 32
编号为 33 的区块已加入本地区块链！curBlock: 
blockHeader: 
[9ff654117e3731c177274b87e5f336cf2092652a17bfe77e1c9fcf17191ef4d0 e781ea49dc49b2380e965d25d12a6acb3243eb055761a48f53e5050fe0bf3149 72eb6189d6f040b78f10956fa849c134d91d1c879317f7a2b893c807d7d6b2a0 33 1780066475]
# of transactions: 238
# of TXmig1s: 0
# of In1s: 0
# of Anns: 0
# of NSs: 0
blockHash: 
7cefb06cdb738ea925c020a22e06a3f31f09552d53d33f8d657be3719113ccd7
[Propose wait] S0 N0 spin=1 epoch=34 now=1780066475 InitTime=1780066407 lastpropose=1780066475 wallGap=68 need>=66 ok1=true lastGap=0 need>=2 ok2=false
[Propose wait] S0 N0 spin=50 epoch=34 now=1780066476 InitTime=1780066407 lastpropose=1780066475 wallGap=69 need>=66 ok1=true lastGap=1 need>=2 ok2=false
[Propose] S0 N0 时间条件满足: epoch=34->35 now=1780066477 InitTime=1780066407 lastpropose=1780066475 wallGap=70>=66 lastGap=2>=2 → propose1
[Propose] S0 N0 等待 sequenceLock…
[Propose] S0 N0 已持有 sequenceLock，seqID=34 即将 propose1
[propose1] S0 N0 seq=34 Tx_pool.Queue_len=229
left_count: 500
更新树花时间为: 30
写数据库IO花时间为: 43
编号为 34 的区块已加入本地区块链！curBlock: 
blockHeader: 
[7cefb06cdb738ea925c020a22e06a3f31f09552d53d33f8d657be3719113ccd7 48d841a5fe3889d7f5b78bb789aab3db15c0b349bf518184b2362ef8334a89ab ff52fb54ba39f28a9f81ff8ace5207b62e7276738235abb82973d18025b46227 34 1780066477]
# of transactions: 229
# of TXmig1s: 0
# of In1s: 0
# of Anns: 0
# of NSs: 0
blockHash: 
37e0f30210c0a6135e59d08044113b2b1ad75d41ee4202c4955755b0db8fec45
[Propose wait] S0 N0 spin=1 epoch=35 now=1780066477 InitTime=1780066407 lastpropose=1780066477 wallGap=70 need>=68 ok1=true lastGap=0 need>=2 ok2=false
[Propose wait] S0 N0 spin=50 epoch=35 now=1780066478 InitTime=1780066407 lastpropose=1780066477 wallGap=71 need>=68 ok1=true lastGap=1 need>=2 ok2=false
[Propose] S0 N0 时间条件满足: epoch=35->36 now=1780066479 InitTime=1780066407 lastpropose=1780066477 wallGap=72>=68 lastGap=2>=2 → propose1
[Propose] S0 N0 等待 sequenceLock…
[Propose] S0 N0 已持有 sequenceLock，seqID=35 即将 propose1
[propose1] S0 N0 seq=35 Tx_pool.Queue_len=259
left_count: 500
更新树花时间为: 26
写数据库IO花时间为: 41
编号为 35 的区块已加入本地区块链！curBlock: 
blockHeader: 
[37e0f30210c0a6135e59d08044113b2b1ad75d41ee4202c4955755b0db8fec45 ea197df0a3453e17f9ea6251f9505763fc9518c71a90258480282c0ebfd4f818 2b6fcfb2ec843f757ba6ca40a18273f8fd63d4fff8d67798a02b029d71489a37 35 1780066479]
# of transactions: 259
# of TXmig1s: 0
# of In1s: 0
# of Anns: 0
# of NSs: 0
blockHash: 
18ef52db4ccb945bb8b10143eaff0fe26a7dab14fcabeee55657ce88070999bb
[Propose wait] S0 N0 spin=1 epoch=36 now=1780066479 InitTime=1780066407 lastpropose=1780066479 wallGap=72 need>=70 ok1=true lastGap=0 need>=2 ok2=false
[Propose wait] S0 N0 spin=50 epoch=36 now=1780066480 InitTime=1780066407 lastpropose=1780066479 wallGap=73 need>=70 ok1=true lastGap=1 need>=2 ok2=false
[Propose] S0 N0 时间条件满足: epoch=36->37 now=1780066481 InitTime=1780066407 lastpropose=1780066479 wallGap=74>=70 lastGap=2>=2 → propose1
[Propose] S0 N0 等待 sequenceLock…
[Propose] S0 N0 已持有 sequenceLock，seqID=36 即将 propose1
[propose1] S0 N0 seq=36 Tx_pool.Queue_len=203
left_count: 500
更新树花时间为: 25
写数据库IO花时间为: 49
编号为 36 的区块已加入本地区块链！curBlock: 
blockHeader: 
[18ef52db4ccb945bb8b10143eaff0fe26a7dab14fcabeee55657ce88070999bb effa9764c53daf3425fa13152f5d58ad9e1de1710c46901ab716db629cda6b47 19002bac3a9010d1f019e767bf4be640b7a8fb3ea90365471de8d8d2f3624358 36 1780066481]
# of transactions: 203
# of TXmig1s: 0
# of In1s: 0
# of Anns: 0
# of NSs: 0
blockHash: 
89135993c82a7d9ccc3a9d01a7dbc53d2f1078c2211865bd11d1a133b3e006e6
[Propose wait] S0 N0 spin=1 epoch=37 now=1780066481 InitTime=1780066407 lastpropose=1780066481 wallGap=74 need>=72 ok1=true lastGap=0 need>=2 ok2=false
[Propose wait] S0 N0 spin=50 epoch=37 now=1780066482 InitTime=1780066407 lastpropose=1780066481 wallGap=75 need>=72 ok1=true lastGap=1 need>=2 ok2=false
[Propose] S0 N0 时间条件满足: epoch=37->38 now=1780066483 InitTime=1780066407 lastpropose=1780066481 wallGap=76>=72 lastGap=2>=2 → propose1
[Propose] S0 N0 等待 sequenceLock…
[Propose] S0 N0 已持有 sequenceLock，seqID=37 即将 propose1
[propose1] S0 N0 seq=37 Tx_pool.Queue_len=167
left_count: 500
更新树花时间为: 20
写数据库IO花时间为: 26
编号为 37 的区块已加入本地区块链！curBlock: 
blockHeader: 
[89135993c82a7d9ccc3a9d01a7dbc53d2f1078c2211865bd11d1a133b3e006e6 b3c01dad9106eef76a994c668f7bfc06864c5355ede521dc958bd9de2a4f03c6 ce9a16346723f45f668c98f40ad0c2403fd4e6a042370440e15161994ea93b26 37 1780066483]
# of transactions: 167
# of TXmig1s: 0
# of In1s: 0
# of Anns: 0
# of NSs: 0
blockHash: 
ccd13dff362a6e9ea7725782483676f2ef7d2c4117248f3b2798676d9d4a3095
[Propose wait] S0 N0 spin=1 epoch=38 now=1780066483 InitTime=1780066407 lastpropose=1780066483 wallGap=76 need>=74 ok1=true lastGap=0 need>=2 ok2=false
[Propose wait] S0 N0 spin=50 epoch=38 now=1780066484 InitTime=1780066407 lastpropose=1780066483 wallGap=77 need>=74 ok1=true lastGap=1 need>=2 ok2=false
[Propose] S0 N0 时间条件满足: epoch=38->39 now=1780066485 InitTime=1780066407 lastpropose=1780066483 wallGap=78>=74 lastGap=2>=2 → propose1
[Propose] S0 N0 等待 sequenceLock…
[Propose] S0 N0 已持有 sequenceLock，seqID=38 即将 propose1
[propose1] S0 N0 seq=38 Tx_pool.Queue_len=0
left_count: 500
更新树花时间为: 0
写数据库IO花时间为: 12
编号为 38 的区块已加入本地区块链！curBlock: 
blockHeader: 
[ccd13dff362a6e9ea7725782483676f2ef7d2c4117248f3b2798676d9d4a3095 b3c01dad9106eef76a994c668f7bfc06864c5355ede521dc958bd9de2a4f03c6 56e81f171bcc55a6ff8345e692c0f86e5b48e01b996cadc001622fb5e363b421 38 1780066485]
# of transactions: 0
# of TXmig1s: 0
# of In1s: 0
# of Anns: 0
# of NSs: 0
blockHash: 
718ef9756e9462105d60a3bd10ec895af79de93bbf3526f292c2ff45279d1cf5
[Propose wait] S0 N0 spin=1 epoch=39 now=1780066485 InitTime=1780066407 lastpropose=1780066485 wallGap=78 need>=76 ok1=true lastGap=0 need>=2 ok2=false
[Propose wait] S0 N0 spin=50 epoch=39 now=1780066486 InitTime=1780066407 lastpropose=1780066485 wallGap=79 need>=76 ok1=true lastGap=1 need>=2 ok2=false
[Propose] S0 N0 时间条件满足: epoch=39->40 now=1780066487 InitTime=1780066407 lastpropose=1780066485 wallGap=80>=76 lastGap=2>=2 → propose1
[Propose] S0 N0 等待 sequenceLock…
[Propose] S0 N0 已持有 sequenceLock，seqID=39 即将 propose1
[propose1] S0 N0 seq=39 Tx_pool.Queue_len=0
left_count: 500
更新树花时间为: 0
写数据库IO花时间为: 21
编号为 39 的区块已加入本地区块链！curBlock: 
blockHeader: 
[718ef9756e9462105d60a3bd10ec895af79de93bbf3526f292c2ff45279d1cf5 b3c01dad9106eef76a994c668f7bfc06864c5355ede521dc958bd9de2a4f03c6 56e81f171bcc55a6ff8345e692c0f86e5b48e01b996cadc001622fb5e363b421 39 1780066487]
# of transactions: 0
# of TXmig1s: 0
# of In1s: 0
# of Anns: 0
# of NSs: 0
blockHash: 
46d661770cd7d6b555334641d0456d5e181bd3082bc050c7af9aebe296616f8b
[Propose wait] S0 N0 spin=1 epoch=40 now=1780066487 InitTime=1780066407 lastpropose=1780066487 wallGap=80 need>=78 ok1=true lastGap=0 need>=2 ok2=false
[Propose wait] S0 N0 spin=50 epoch=40 now=1780066488 InitTime=1780066407 lastpropose=1780066487 wallGap=81 need>=78 ok1=true lastGap=1 need>=2 ok2=false
[Propose] S0 N0 时间条件满足: epoch=40->41 now=1780066489 InitTime=1780066407 lastpropose=1780066487 wallGap=82>=78 lastGap=2>=2 → propose1
[Propose] S0 N0 等待 sequenceLock…
[Propose] S0 N0 已持有 sequenceLock，seqID=40 即将 propose1
[propose1] S0 N0 seq=40 Tx_pool.Queue_len=0
left_count: 500
更新树花时间为: 0
写数据库IO花时间为: 7
编号为 40 的区块已加入本地区块链！curBlock: 
blockHeader: 
[46d661770cd7d6b555334641d0456d5e181bd3082bc050c7af9aebe296616f8b b3c01dad9106eef76a994c668f7bfc06864c5355ede521dc958bd9de2a4f03c6 56e81f171bcc55a6ff8345e692c0f86e5b48e01b996cadc001622fb5e363b421 40 1780066489]
# of transactions: 0
# of TXmig1s: 0
# of In1s: 0
# of Anns: 0
# of NSs: 0
blockHash: 
cefd6317efa3d603bfa7b476f8d819274617ca7f95300aee478f89fcc4ecdfdf
[Propose wait] S0 N0 spin=1 epoch=41 now=1780066489 InitTime=1780066407 lastpropose=1780066489 wallGap=82 need>=80 ok1=true lastGap=0 need>=2 ok2=false
[Propose wait] S0 N0 spin=50 epoch=41 now=1780066490 InitTime=1780066407 lastpropose=1780066489 wallGap=83 need>=80 ok1=true lastGap=1 need>=2 ok2=false
[Propose] S0 N0 时间条件满足: epoch=41->42 now=1780066491 InitTime=1780066407 lastpropose=1780066489 wallGap=84>=80 lastGap=2>=2 → propose1
[Propose] S0 N0 等待 sequenceLock…
[Propose] S0 N0 已持有 sequenceLock，seqID=41 即将 propose1
[propose1] S0 N0 seq=41 Tx_pool.Queue_len=0
left_count: 500
更新树花时间为: 0
写数据库IO花时间为: 9
编号为 41 的区块已加入本地区块链！curBlock: 
blockHeader: 
[cefd6317efa3d603bfa7b476f8d819274617ca7f95300aee478f89fcc4ecdfdf b3c01dad9106eef76a994c668f7bfc06864c5355ede521dc958bd9de2a4f03c6 56e81f171bcc55a6ff8345e692c0f86e5b48e01b996cadc001622fb5e363b421 41 1780066491]
# of transactions: 0
# of TXmig1s: 0
# of In1s: 0
# of Anns: 0
# of NSs: 0
blockHash: 
017b6b97222c53e16ffd39e1fe6d2d8a980e23363b4214d556e2f27973dbc0fd
[Propose wait] S0 N0 spin=1 epoch=42 now=1780066491 InitTime=1780066407 lastpropose=1780066491 wallGap=84 need>=82 ok1=true lastGap=0 need>=2 ok2=false
[Propose wait] S0 N0 spin=50 epoch=42 now=1780066492 InitTime=1780066407 lastpropose=1780066491 wallGap=85 need>=82 ok1=true lastGap=1 need>=2 ok2=false
[Propose] S0 N0 时间条件满足: epoch=42->43 now=1780066493 InitTime=1780066407 lastpropose=1780066491 wallGap=86>=82 lastGap=2>=2 → propose1
[Propose] S0 N0 等待 sequenceLock…
[Propose] S0 N0 已持有 sequenceLock，seqID=42 即将 propose1
[propose1] S0 N0 seq=42 Tx_pool.Queue_len=0
left_count: 500
更新树花时间为: 0
写数据库IO花时间为: 14
编号为 42 的区块已加入本地区块链！curBlock: 
blockHeader: 
[017b6b97222c53e16ffd39e1fe6d2d8a980e23363b4214d556e2f27973dbc0fd b3c01dad9106eef76a994c668f7bfc06864c5355ede521dc958bd9de2a4f03c6 56e81f171bcc55a6ff8345e692c0f86e5b48e01b996cadc001622fb5e363b421 42 1780066493]
# of transactions: 0
# of TXmig1s: 0
# of In1s: 0
# of Anns: 0
# of NSs: 0
blockHash: 
b60bb7d8010301716fac91979f57804c308ff1f1980320a65f431667d9adb6a0
[Propose wait] S0 N0 spin=1 epoch=43 now=1780066493 InitTime=1780066407 lastpropose=1780066493 wallGap=86 need>=84 ok1=true lastGap=0 need>=2 ok2=false
节点收到终止节点消息，停止运行
