MigrationStrategy=Fine-tuned-Lock (Stop=false Lock=false NotLock=false)
&{77 N0 S1 2 0 D:\Desktop\实验室\MVSS+\MVSS-main\selectedTxs_300K.csv 2 500 300 150 150 150 150 1000 10 1 400 20000 0 50000 20 true Fine-tuned-Lock false false false false true false 3 false 8 false false false PageRank false 100 true false}
&{77 N0 S1 2 0 D:\Desktop\实验室\MVSS+\MVSS-main\selectedTxs_300K.csv 2 500 300 150 150 150 150 1000 10 1 400 20000 0 50000 20 true Fine-tuned-Lock false false false false true false 3 false 8 false false false PageRank false 100 true false}
交易将由外部客户端发送
节点 N0 已启动，所属分片: S1
[Propose wait-first-tx] S1 N0 seq=1 Queue_len=0，首块等待交易注入后再出块
节点开启监听，地址：127.0.0.1:8020
[Propose wait-first-tx] S1 N0 seq=1 Queue_len=0，首块等待交易注入后再出块
[Propose wait-first-tx] S1 N0 seq=1 Queue_len=0，首块等待交易注入后再出块
[Propose wait-first-tx] S1 N0 seq=1 Queue_len=0，首块等待交易注入后再出块
[Propose wait-first-tx] S1 N0 seq=1 Queue_len=0，首块等待交易注入后再出块
[Propose wait-first-tx] S1 N0 seq=1 Queue_len=0，首块等待交易注入后再出块
[Propose wait-first-tx] S1 N0 seq=1 Queue_len=0，首块等待交易注入后再出块
[Propose wait-first-tx] S1 N0 seq=1 Queue_len=0，首块等待交易注入后再出块
[Propose wait-first-tx] S1 N0 seq=1 Queue_len=0，首块等待交易注入后再出块
[Propose wait-first-tx] S1 N0 seq=1 Queue_len=0，首块等待交易注入后再出块
[Propose wait-first-tx] S1 N0 seq=1 Queue_len=0，首块等待交易注入后再出块
[Propose wait-first-tx] S1 N0 seq=1 Queue_len=0，首块等待交易注入后再出块
[Propose wait-first-tx] S1 N0 seq=1 Queue_len=0，首块等待交易注入后再出块
[Propose wait-first-tx] S1 N0 seq=1 Queue_len=0，首块等待交易注入后再出块
[Propose wait-first-tx] S1 N0 seq=1 Queue_len=0，首块等待交易注入后再出块
[Propose wait-first-tx] S1 N0 seq=1 Queue_len=0，首块等待交易注入后再出块
[Propose wait-first-tx] S1 N0 seq=1 Queue_len=0，首块等待交易注入后再出块
本节点已接收到客户端发送的初始时间：1780066407（锚定 InitTime=1780066407，已重置 epoch=1）
[Propose wait-first-tx] S1 N0 seq=1 Queue_len=0，首块等待交易注入后再出块
[Propose wait-first-tx] S1 N0 seq=1 Queue_len=0，首块等待交易注入后再出块
[Propose wait-first-tx] S1 N0 seq=1 Queue_len=0，首块等待交易注入后再出块
[handleTxFromClient] S1 N0 recv client batch, tx_count=269
[handleTxFromClient] S1 N0 append to Tx_pool.Queue: local_queued=269 forward_other_shard=0 Queue_total_len=269
[Propose wait-first-tx] S1 N0 首块已检测到交易，结束等待，Queue_len=269
[Propose] S1 N0 时间条件满足: epoch=1->2 now=1780066411 InitTime=1780066407 lastpropose=1780066407 wallGap=4>=0 lastGap=4>=2 → propose1
[Propose] S1 N0 等待 sequenceLock…
[Propose] S1 N0 已持有 sequenceLock，seqID=1 即将 propose1
[propose1] S1 N0 seq=1 Tx_pool.Queue_len=269
left_count: 500
更新树花时间为: 52
写数据库IO花时间为: 77
编号为 1 的区块已加入本地区块链！curBlock: 
blockHeader: 
[1add38160db0458a48072f3ade543ffb4af4e9cfdf8f76549b9568e046a6a3ff 6c3648ad7d96904e827c426c7c5c217e89a5ffd58aaa49784b728136516fa326 ac80022c0ce49eb2a32a3a5f7d5d35df1597b4dcbfac5163f7c644f37968f03e 1 1780066411]
# of transactions: 269
# of TXmig1s: 0
# of In1s: 0
# of Anns: 0
# of NSs: 0
blockHash: 
f6be862c44a82602b2f00f374f97c591f7cfc7bc38b889ddcbd74e9a265c02ae

第1个块开始准备relay

[Propose wait] S1 N0 spin=1 epoch=2 now=1780066411 InitTime=1780066407 lastpropose=1780066411 wallGap=4 need>=2 ok1=true lastGap=0 need>=2 ok2=false

第1个块结束relay

[Propose wait] S1 N0 spin=50 epoch=2 now=1780066412 InitTime=1780066407 lastpropose=1780066411 wallGap=5 need>=2 ok1=true lastGap=1 need>=2 ok2=false
[Propose] S1 N0 时间条件满足: epoch=2->3 now=1780066413 InitTime=1780066407 lastpropose=1780066411 wallGap=6>=2 lastGap=2>=2 → propose1
[Propose] S1 N0 等待 sequenceLock…
[Propose] S1 N0 已持有 sequenceLock，seqID=2 即将 propose1
[propose1] S1 N0 seq=2 Tx_pool.Queue_len=226
left_count: 500
[handleTxFromClient] S1 N0 recv client batch, tx_count=272
[handleTxFromClient] S1 N0 append to Tx_pool.Queue: local_queued=272 forward_other_shard=0 Queue_total_len=272
更新树花时间为: 25
写数据库IO花时间为: 50
编号为 2 的区块已加入本地区块链！curBlock: 
blockHeader: 
[f6be862c44a82602b2f00f374f97c591f7cfc7bc38b889ddcbd74e9a265c02ae 5097eabf9f624187d57ae68c8fb6e826bb08f766308849399cb2b005f2d227bc 7b47a04b84caf6707928f3113eda1f11c02e55188952d04a1ed5faaff68c0fa1 2 1780066413]
# of transactions: 226
# of TXmig1s: 0
# of In1s: 0
# of Anns: 0
# of NSs: 0
blockHash: 
b67889fed97c29d360d1cb8b9c55f90fcf78ecaeadee16d8cbe4e500221fb16b
[Propose wait] S1 N0 spin=1 epoch=3 now=1780066413 InitTime=1780066407 lastpropose=1780066413 wallGap=6 need>=4 ok1=true lastGap=0 need>=2 ok2=false
[Propose wait] S1 N0 spin=50 epoch=3 now=1780066414 InitTime=1780066407 lastpropose=1780066413 wallGap=7 need>=4 ok1=true lastGap=1 need>=2 ok2=false
[Propose] S1 N0 时间条件满足: epoch=3->4 now=1780066415 InitTime=1780066407 lastpropose=1780066413 wallGap=8>=4 lastGap=2>=2 → propose1
[Propose] S1 N0 等待 sequenceLock…
[Propose] S1 N0 已持有 sequenceLock，seqID=3 即将 propose1
[propose1] S1 N0 seq=3 Tx_pool.Queue_len=285
left_count: 500
[handleTxFromClient] S1 N0 recv client batch, tx_count=177
[handleTxFromClient] S1 N0 append to Tx_pool.Queue: local_queued=177 forward_other_shard=0 Queue_total_len=177
更新树花时间为: 48
写数据库IO花时间为: 53
编号为 3 的区块已加入本地区块链！curBlock: 
blockHeader: 
[b67889fed97c29d360d1cb8b9c55f90fcf78ecaeadee16d8cbe4e500221fb16b f88c8aa528ac3cba7b951bd5ef9dbebe5324fd8879f7641585c1d11de02e70ee 65f6474da112901bb4d4e1bf64eaad85b9b9b40a407127f8d5eb0b272109deda 3 1780066415]
# of transactions: 285
# of TXmig1s: 0
# of In1s: 0
# of Anns: 0
# of NSs: 0
blockHash: 
bf9152c3c3488669fcf5d34c204df5d3f47d6c724700ce5762c1c89a8e71f97b

第3个块开始准备relay

[Propose wait] S1 N0 spin=1 epoch=4 now=1780066415 InitTime=1780066407 lastpropose=1780066415 wallGap=8 need>=6 ok1=true lastGap=0 need>=2 ok2=false

第3个块结束relay

[Propose wait] S1 N0 spin=50 epoch=4 now=1780066416 InitTime=1780066407 lastpropose=1780066415 wallGap=9 need>=6 ok1=true lastGap=1 need>=2 ok2=false
[Propose] S1 N0 时间条件满足: epoch=4->5 now=1780066417 InitTime=1780066407 lastpropose=1780066415 wallGap=10>=6 lastGap=2>=2 → propose1
[Propose] S1 N0 等待 sequenceLock…
[Propose] S1 N0 已持有 sequenceLock，seqID=4 即将 propose1
[propose1] S1 N0 seq=4 Tx_pool.Queue_len=393
left_count: 500
[handleTxFromClient] S1 N0 recv client batch, tx_count=163
[handleTxFromClient] S1 N0 append to Tx_pool.Queue: local_queued=163 forward_other_shard=0 Queue_total_len=163
更新树花时间为: 48
写数据库IO花时间为: 58
编号为 4 的区块已加入本地区块链！curBlock: 
blockHeader: 
[bf9152c3c3488669fcf5d34c204df5d3f47d6c724700ce5762c1c89a8e71f97b 11916a56d82d6d5fbf5f44166890a71ab964f6cada9d18617a202f2f8ff8caf2 871a81a7c6159094c701aff108c0b6819271f922175c8bf2bc9ec58f09d57920 4 1780066417]
# of transactions: 393
# of TXmig1s: 0
# of In1s: 0
# of Anns: 0
# of NSs: 0
blockHash: 
d8ac38a4a58208ce44746c73a951b92b72d87bb882d14f495937acaf42bfc076

第4个块开始准备relay

[Propose wait] S1 N0 spin=1 epoch=5 now=1780066417 InitTime=1780066407 lastpropose=1780066417 wallGap=10 need>=8 ok1=true lastGap=0 need>=2 ok2=false

第4个块结束relay

[Propose wait] S1 N0 spin=50 epoch=5 now=1780066418 InitTime=1780066407 lastpropose=1780066417 wallGap=11 need>=8 ok1=true lastGap=1 need>=2 ok2=false
[Propose] S1 N0 时间条件满足: epoch=5->6 now=1780066419 InitTime=1780066407 lastpropose=1780066417 wallGap=12>=8 lastGap=2>=2 → propose1
[Propose] S1 N0 等待 sequenceLock…
[Propose] S1 N0 已持有 sequenceLock，seqID=5 即将 propose1
[propose1] S1 N0 seq=5 Tx_pool.Queue_len=396
left_count: 500
[handleTxFromClient] S1 N0 recv client batch, tx_count=159
[handleTxFromClient] S1 N0 append to Tx_pool.Queue: local_queued=159 forward_other_shard=0 Queue_total_len=159
更新树花时间为: 53
写数据库IO花时间为: 61
编号为 5 的区块已加入本地区块链！curBlock: 
blockHeader: 
[d8ac38a4a58208ce44746c73a951b92b72d87bb882d14f495937acaf42bfc076 fb9583b98d84fd2ca39c9540e96f7ed3f482cc6ff3745211ec2abb3953175382 fc3ef869b0e77bb88b2ab10aabf78b839a06b7e24f296b31fdf8308554a0fed8 5 1780066419]
# of transactions: 396
# of TXmig1s: 0
# of In1s: 0
# of Anns: 0
# of NSs: 0
blockHash: 
6d2f1d1d556273ae2075f07854f54d49d02cf172512e427fdb2865af98822e51

第5个块开始准备relay

[Propose wait] S1 N0 spin=1 epoch=6 now=1780066419 InitTime=1780066407 lastpropose=1780066419 wallGap=12 need>=10 ok1=true lastGap=0 need>=2 ok2=false

第5个块结束relay

[Propose wait] S1 N0 spin=50 epoch=6 now=1780066420 InitTime=1780066407 lastpropose=1780066419 wallGap=13 need>=10 ok1=true lastGap=1 need>=2 ok2=false
[Propose] S1 N0 时间条件满足: epoch=6->7 now=1780066421 InitTime=1780066407 lastpropose=1780066419 wallGap=14>=10 lastGap=2>=2 → propose1
[Propose] S1 N0 等待 sequenceLock…
[Propose] S1 N0 已持有 sequenceLock，seqID=6 即将 propose1
[propose1] S1 N0 seq=6 Tx_pool.Queue_len=310
left_count: 500
更新树花时间为: 37
写数据库IO花时间为: 56
编号为 6 的区块已加入本地区块链！curBlock: 
blockHeader: 
[6d2f1d1d556273ae2075f07854f54d49d02cf172512e427fdb2865af98822e51 7088df601457e016bf0b2721f9b0b9f6f5fc496dc4bc1751727c7025a3ee3633 36d9ef7443cbf767a5c38648fa53df548b5ad2afb2a3b02b7fdd94256414a7ed 6 1780066421]
# of transactions: 310
# of TXmig1s: 0
# of In1s: 0
# of Anns: 0
# of NSs: 0
blockHash: 
9a5dd86d1608da02a117ffe4f247eb7de8e1c110e0b8c6a0fc224577ed42423d

第6个块开始准备relay

[Propose wait] S1 N0 spin=1 epoch=7 now=1780066421 InitTime=1780066407 lastpropose=1780066421 wallGap=14 need>=12 ok1=true lastGap=0 need>=2 ok2=false
[handleTxFromClient] S1 N0 recv client batch, tx_count=391
[handleTxFromClient] S1 N0 append to Tx_pool.Queue: local_queued=391 forward_other_shard=0 Queue_total_len=391

第6个块结束relay

[Propose wait] S1 N0 spin=50 epoch=7 now=1780066422 InitTime=1780066407 lastpropose=1780066421 wallGap=15 need>=12 ok1=true lastGap=1 need>=2 ok2=false
[Propose] S1 N0 时间条件满足: epoch=7->8 now=1780066423 InitTime=1780066407 lastpropose=1780066421 wallGap=16>=12 lastGap=2>=2 → propose1
[Propose] S1 N0 等待 sequenceLock…
[Propose] S1 N0 已持有 sequenceLock，seqID=7 即将 propose1
[propose1] S1 N0 seq=7 Tx_pool.Queue_len=630
left_count: 500
[handleTxFromClient] S1 N0 recv client batch, tx_count=745
[handleTxFromClient] S1 N0 append to Tx_pool.Queue: local_queued=745 forward_other_shard=0 Queue_total_len=875
更新树花时间为: 78
写数据库IO花时间为: 89
编号为 7 的区块已加入本地区块链！curBlock: 
blockHeader: 
[9a5dd86d1608da02a117ffe4f247eb7de8e1c110e0b8c6a0fc224577ed42423d 41a404f7551a1898f7ff61094e592494e4931228ac30c7beec1115f0f3e22374 c670cee3ca49106649ceaf8d9aa87d26f3fcfc2a2b9261717f4307f7a9eb180d 7 1780066423]
# of transactions: 500
# of TXmig1s: 0
# of In1s: 0
# of Anns: 0
# of NSs: 0
blockHash: 
7591b273d32c5d07bc626888c86e2ad4f55c0c197c63b530891103a39602f06c

第7个块开始准备relay

[Propose wait] S1 N0 spin=1 epoch=8 now=1780066423 InitTime=1780066407 lastpropose=1780066423 wallGap=16 need>=14 ok1=true lastGap=0 need>=2 ok2=false

第7个块结束relay

[Propose wait] S1 N0 spin=50 epoch=8 now=1780066424 InitTime=1780066407 lastpropose=1780066423 wallGap=17 need>=14 ok1=true lastGap=1 need>=2 ok2=false
[Propose] S1 N0 时间条件满足: epoch=8->9 now=1780066425 InitTime=1780066407 lastpropose=1780066423 wallGap=18>=14 lastGap=2>=2 → propose1
[Propose] S1 N0 等待 sequenceLock…
[Propose] S1 N0 已持有 sequenceLock，seqID=8 即将 propose1
[propose1] S1 N0 seq=8 Tx_pool.Queue_len=1101
left_count: 500
[handleTxFromClient] S1 N0 recv client batch, tx_count=522
[handleTxFromClient] S1 N0 append to Tx_pool.Queue: local_queued=522 forward_other_shard=0 Queue_total_len=1123
更新树花时间为: 65
写数据库IO花时间为: 75
编号为 8 的区块已加入本地区块链！curBlock: 
blockHeader: 
[7591b273d32c5d07bc626888c86e2ad4f55c0c197c63b530891103a39602f06c f19d6327bb512bfc7068d34c93d6570f799fef44a40948af02b2f251f7fa63ed ebeaab0274d13ccf835efeeb847760404550ce58c39925c9a34b1b31cd5d2268 8 1780066425]
# of transactions: 500
# of TXmig1s: 0
# of In1s: 0
# of Anns: 0
# of NSs: 0
blockHash: 
92376168a88e0fc40a25d2ccb177e3791d64c0ae4304de030e59595da2b48441

第8个块开始准备relay

[Propose wait] S1 N0 spin=1 epoch=9 now=1780066425 InitTime=1780066407 lastpropose=1780066425 wallGap=18 need>=16 ok1=true lastGap=0 need>=2 ok2=false

第8个块结束relay

[Propose wait] S1 N0 spin=50 epoch=9 now=1780066426 InitTime=1780066407 lastpropose=1780066425 wallGap=19 need>=16 ok1=true lastGap=1 need>=2 ok2=false
[Propose] S1 N0 时间条件满足: epoch=9->10 now=1780066427 InitTime=1780066407 lastpropose=1780066425 wallGap=20>=16 lastGap=2>=2 → propose1
[Propose] S1 N0 等待 sequenceLock…
[Propose] S1 N0 已持有 sequenceLock，seqID=9 即将 propose1
[propose1] S1 N0 seq=9 Tx_pool.Queue_len=1337
left_count: 500
[handleTxFromClient] S1 N0 recv client batch, tx_count=393
[handleTxFromClient] S1 N0 append to Tx_pool.Queue: local_queued=393 forward_other_shard=0 Queue_total_len=1230
更新树花时间为: 86
写数据库IO花时间为: 96
编号为 9 的区块已加入本地区块链！curBlock: 
blockHeader: 
[92376168a88e0fc40a25d2ccb177e3791d64c0ae4304de030e59595da2b48441 d312be8228a9499b51203d8d8fb463597cd498e277177abc63d3ea1a1f0adbfc 5eba82e1e9187599ab8cd8a9ac21f5cf635fd9546f6cbded54d677e8dcba9adc 9 1780066427]
# of transactions: 500
# of TXmig1s: 0
# of In1s: 0
# of Anns: 0
# of NSs: 0
blockHash: 
bbef61b61003482b62f6dd05ea83d9e637675435eaa240e3c84217371e27ac06

第9个块开始准备relay

[Propose wait] S1 N0 spin=1 epoch=10 now=1780066427 InitTime=1780066407 lastpropose=1780066427 wallGap=20 need>=18 ok1=true lastGap=0 need>=2 ok2=false

第9个块结束relay

[Propose wait] S1 N0 spin=50 epoch=10 now=1780066428 InitTime=1780066407 lastpropose=1780066427 wallGap=21 need>=18 ok1=true lastGap=1 need>=2 ok2=false
[Propose] S1 N0 时间条件满足: epoch=10->11 now=1780066429 InitTime=1780066407 lastpropose=1780066427 wallGap=22>=18 lastGap=2>=2 → propose1
[Propose] S1 N0 等待 sequenceLock…
[Propose] S1 N0 已持有 sequenceLock，seqID=10 即将 propose1
[propose1] S1 N0 seq=10 Tx_pool.Queue_len=1335
left_count: 500
更新树花时间为: 65
写数据库IO花时间为: 83
编号为 10 的区块已加入本地区块链！curBlock: 
blockHeader: 
[bbef61b61003482b62f6dd05ea83d9e637675435eaa240e3c84217371e27ac06 a02c7d48c727d1f74c72c8d00f0ca07fc9f32924e13076ee164744fba268117e 280a9e3508301830323a5769a7e59b6f239de67a516f6e0d12ab61921a2175cf 10 1780066429]
# of transactions: 500
# of TXmig1s: 0
# of In1s: 0
# of Anns: 0
# of NSs: 0
blockHash: 
657cecc6aff79d60b11588f06abb4945872f4cded93adc1ba8fdd496e1929aa4

第10个块开始准备relay

[Propose wait] S1 N0 spin=1 epoch=11 now=1780066429 InitTime=1780066407 lastpropose=1780066429 wallGap=22 need>=20 ok1=true lastGap=0 need>=2 ok2=false
[handleTxFromClient] S1 N0 recv client batch, tx_count=523
[handleTxFromClient] S1 N0 append to Tx_pool.Queue: local_queued=523 forward_other_shard=0 Queue_total_len=1358

第10个块结束relay

[Propose wait] S1 N0 spin=50 epoch=11 now=1780066430 InitTime=1780066407 lastpropose=1780066429 wallGap=23 need>=20 ok1=true lastGap=1 need>=2 ok2=false
[Propose] S1 N0 时间条件满足: epoch=11->12 now=1780066431 InitTime=1780066407 lastpropose=1780066429 wallGap=24>=20 lastGap=2>=2 → propose1
[Propose] S1 N0 等待 sequenceLock…
[Propose] S1 N0 已持有 sequenceLock，seqID=11 即将 propose1
[propose1] S1 N0 seq=11 Tx_pool.Queue_len=1524
left_count: 500
更新树花时间为: 68
写数据库IO花时间为: 73
编号为 11 的区块已加入本地区块链！curBlock: 
blockHeader: 
[657cecc6aff79d60b11588f06abb4945872f4cded93adc1ba8fdd496e1929aa4 9d785b05ea15549b4a046433775521438d62ba540dadce98e3d7719ad26757c1 ad24a681a49fec845ea817f881b759a35a1272ad665c09d3df686d5bd73b155a 11 1780066431]
# of transactions: 500
# of TXmig1s: 0
# of In1s: 0
# of Anns: 0
# of NSs: 0
blockHash: 
c925d9ac7389faefc67c00a12270bba58174e5c10a387be6a2485254cff03b9f

第11个块开始准备relay

[Propose wait] S1 N0 spin=1 epoch=12 now=1780066431 InitTime=1780066407 lastpropose=1780066431 wallGap=24 need>=22 ok1=true lastGap=0 need>=2 ok2=false
[handleTxFromClient] S1 N0 recv client batch, tx_count=249
[handleTxFromClient] S1 N0 append to Tx_pool.Queue: local_queued=249 forward_other_shard=0 Queue_total_len=1273

第11个块结束relay

[Propose wait] S1 N0 spin=50 epoch=12 now=1780066432 InitTime=1780066407 lastpropose=1780066431 wallGap=25 need>=22 ok1=true lastGap=1 need>=2 ok2=false
[Propose] S1 N0 时间条件满足: epoch=12->13 now=1780066433 InitTime=1780066407 lastpropose=1780066431 wallGap=26>=22 lastGap=2>=2 → propose1
[Propose] S1 N0 等待 sequenceLock…
[Propose] S1 N0 已持有 sequenceLock，seqID=12 即将 propose1
[propose1] S1 N0 seq=12 Tx_pool.Queue_len=1450
left_count: 500
更新树花时间为: 72
写数据库IO花时间为: 87
编号为 12 的区块已加入本地区块链！curBlock: 
blockHeader: 
[c925d9ac7389faefc67c00a12270bba58174e5c10a387be6a2485254cff03b9f 747b4204c72b90a4d81c3a0297bdb7b9d0a20f698c3539d8680be6b0032fe87d 63d2c404a8950482c8bbe91ef96fcdb5b465162ec2c988908273a3b37821cc9f 12 1780066433]
# of transactions: 500
# of TXmig1s: 0
# of In1s: 0
# of Anns: 0
# of NSs: 0
blockHash: 
3a9ade6e332bee3e40c5c43315b2175108a14a883f03aa0feee111cfe1389ca9

第12个块开始准备relay

[Propose wait] S1 N0 spin=1 epoch=13 now=1780066433 InitTime=1780066407 lastpropose=1780066433 wallGap=26 need>=24 ok1=true lastGap=0 need>=2 ok2=false
[handleTxFromClient] S1 N0 recv client batch, tx_count=167
[handleTxFromClient] S1 N0 append to Tx_pool.Queue: local_queued=167 forward_other_shard=0 Queue_total_len=1117

第12个块结束relay

[Propose wait] S1 N0 spin=50 epoch=13 now=1780066434 InitTime=1780066407 lastpropose=1780066433 wallGap=27 need>=24 ok1=true lastGap=1 need>=2 ok2=false
[Propose] S1 N0 时间条件满足: epoch=13->14 now=1780066435 InitTime=1780066407 lastpropose=1780066433 wallGap=28>=24 lastGap=2>=2 → propose1
[Propose] S1 N0 等待 sequenceLock…
[Propose] S1 N0 已持有 sequenceLock，seqID=13 即将 propose1
[propose1] S1 N0 seq=13 Tx_pool.Queue_len=1257
left_count: 500
更新树花时间为: 69
写数据库IO花时间为: 102
编号为 13 的区块已加入本地区块链！curBlock: 
blockHeader: 
[3a9ade6e332bee3e40c5c43315b2175108a14a883f03aa0feee111cfe1389ca9 5a5f9bf903b609ae4d0ea2df224ce2883971b1069f8f1b7bba4a1450d8d60def e1f50cfa11946c3df38cf31417548192f5750c4437f3a815ebf11192d88c4bc9 13 1780066435]
# of transactions: 500
# of TXmig1s: 0
# of In1s: 0
# of Anns: 0
# of NSs: 0
blockHash: 
8806b203cbba6609e1ee36ecc18850dab7838695d1395b6cf758b1a2e98e7ea4

第13个块开始准备relay

[Propose wait] S1 N0 spin=1 epoch=14 now=1780066435 InitTime=1780066407 lastpropose=1780066435 wallGap=28 need>=26 ok1=true lastGap=0 need>=2 ok2=false
[handleTxFromClient] S1 N0 recv client batch, tx_count=311
[handleTxFromClient] S1 N0 append to Tx_pool.Queue: local_queued=311 forward_other_shard=0 Queue_total_len=1068

第13个块结束relay

[Propose wait] S1 N0 spin=50 epoch=14 now=1780066436 InitTime=1780066407 lastpropose=1780066435 wallGap=29 need>=26 ok1=true lastGap=1 need>=2 ok2=false
[Propose] S1 N0 时间条件满足: epoch=14->15 now=1780066437 InitTime=1780066407 lastpropose=1780066435 wallGap=30>=26 lastGap=2>=2 → propose1
[Propose] S1 N0 等待 sequenceLock…
[Propose] S1 N0 已持有 sequenceLock，seqID=14 即将 propose1
[propose1] S1 N0 seq=14 Tx_pool.Queue_len=1275
left_count: 500
更新树花时间为: 83
写数据库IO花时间为: 96
编号为 14 的区块已加入本地区块链！curBlock: 
blockHeader: 
[8806b203cbba6609e1ee36ecc18850dab7838695d1395b6cf758b1a2e98e7ea4 3c70cdd47d44b84d0af0f2cc16de56483f9ba07bdf65b18ee4d8df0d4937cda5 951fa887670141ffbee717819c40181faa862b5270f44a4b0012740408f40acd 14 1780066437]
# of transactions: 500
# of TXmig1s: 0
# of In1s: 0
# of Anns: 0
# of NSs: 0
blockHash: 
0fff5d29551abdaa37be2e8d3acdd61cfd6c8d677c64fac5492b818379e912a9

第14个块开始准备relay

[Propose wait] S1 N0 spin=1 epoch=15 now=1780066437 InitTime=1780066407 lastpropose=1780066437 wallGap=30 need>=28 ok1=true lastGap=0 need>=2 ok2=false
[handleTxFromClient] S1 N0 recv client batch, tx_count=304
[handleTxFromClient] S1 N0 append to Tx_pool.Queue: local_queued=304 forward_other_shard=0 Queue_total_len=1079

第14个块结束relay

[Propose wait] S1 N0 spin=50 epoch=15 now=1780066438 InitTime=1780066407 lastpropose=1780066437 wallGap=31 need>=28 ok1=true lastGap=1 need>=2 ok2=false
[Propose] S1 N0 时间条件满足: epoch=15->16 now=1780066439 InitTime=1780066407 lastpropose=1780066437 wallGap=32>=28 lastGap=2>=2 → propose1
[Propose] S1 N0 等待 sequenceLock…
[Propose] S1 N0 已持有 sequenceLock，seqID=15 即将 propose1
[propose1] S1 N0 seq=15 Tx_pool.Queue_len=1281
left_count: 500
更新树花时间为: 83
写数据库IO花时间为: 91
编号为 15 的区块已加入本地区块链！curBlock: 
blockHeader: 
[0fff5d29551abdaa37be2e8d3acdd61cfd6c8d677c64fac5492b818379e912a9 2939c4d584b815bc046310d9272a4134fb36762d0906551e07e1905ff214ddb8 6740d9601fb63208c2cb017a014fd0ecc15ce0225ee11fc62c0f27f232341ab0 15 1780066439]
# of transactions: 500
# of TXmig1s: 0
# of In1s: 0
# of Anns: 0
# of NSs: 0
blockHash: 
cb593388c913342726ae799640281e56c190c1ed0008d3b5cf2c95054482ab19

第15个块开始准备relay

[Propose wait] S1 N0 spin=1 epoch=16 now=1780066439 InitTime=1780066407 lastpropose=1780066439 wallGap=32 need>=30 ok1=true lastGap=0 need>=2 ok2=false
[handleTxFromClient] S1 N0 recv client batch, tx_count=332
[handleTxFromClient] S1 N0 append to Tx_pool.Queue: local_queued=332 forward_other_shard=0 Queue_total_len=1113

第15个块结束relay

[Propose wait] S1 N0 spin=50 epoch=16 now=1780066440 InitTime=1780066407 lastpropose=1780066439 wallGap=33 need>=30 ok1=true lastGap=1 need>=2 ok2=false
[Propose] S1 N0 时间条件满足: epoch=16->17 now=1780066441 InitTime=1780066407 lastpropose=1780066439 wallGap=34>=30 lastGap=2>=2 → propose1
[Propose] S1 N0 等待 sequenceLock…
[Propose] S1 N0 已持有 sequenceLock，seqID=16 即将 propose1
[propose1] S1 N0 seq=16 Tx_pool.Queue_len=1285
left_count: 500
更新树花时间为: 70
写数据库IO花时间为: 80
编号为 16 的区块已加入本地区块链！curBlock: 
blockHeader: 
[cb593388c913342726ae799640281e56c190c1ed0008d3b5cf2c95054482ab19 694ec6f013888ffc862786219b886e31317545b4f47b551088b88601bb7a1dc2 f9842bfab45df7b6b98d363c6e869a927594278afa996a03108fcccedd94e1cd 16 1780066441]
# of transactions: 500
# of TXmig1s: 0
# of In1s: 0
# of Anns: 0
# of NSs: 0
blockHash: 
5691d358d3f7dd4da633f8771fb8af822c49561c81c741e19f86d283599e7055

第16个块开始准备relay

[Propose wait] S1 N0 spin=1 epoch=17 now=1780066441 InitTime=1780066407 lastpropose=1780066441 wallGap=34 need>=32 ok1=true lastGap=0 need>=2 ok2=false
[handleTxFromClient] S1 N0 recv client batch, tx_count=311
[handleTxFromClient] S1 N0 append to Tx_pool.Queue: local_queued=311 forward_other_shard=0 Queue_total_len=1096

第16个块结束relay

[Propose wait] S1 N0 spin=50 epoch=17 now=1780066442 InitTime=1780066407 lastpropose=1780066441 wallGap=35 need>=32 ok1=true lastGap=1 need>=2 ok2=false
[Propose] S1 N0 时间条件满足: epoch=17->18 now=1780066443 InitTime=1780066407 lastpropose=1780066441 wallGap=36>=32 lastGap=2>=2 → propose1
[Propose] S1 N0 等待 sequenceLock…
[Propose] S1 N0 已持有 sequenceLock，seqID=17 即将 propose1
[propose1] S1 N0 seq=17 Tx_pool.Queue_len=1337
left_count: 500
更新树花时间为: 75
写数据库IO花时间为: 81
编号为 17 的区块已加入本地区块链！curBlock: 
blockHeader: 
[5691d358d3f7dd4da633f8771fb8af822c49561c81c741e19f86d283599e7055 606e8719e7057eaa7c60d1ab6db39efb9c933a5cf4bf5a926179431931f5dc08 62b91530c10f1b3de54bd19b2f2a382572823a11700a83900ff1114d2c26e200 17 1780066443]
# of transactions: 500
# of TXmig1s: 0
# of In1s: 0
# of Anns: 0
# of NSs: 0
blockHash: 
9c322b96871686516de90a7a1a8fd39b1636ab1ff6a14020a63118c8bca1e9c0

第17个块开始准备relay

[Propose wait] S1 N0 spin=1 epoch=18 now=1780066443 InitTime=1780066407 lastpropose=1780066443 wallGap=36 need>=34 ok1=true lastGap=0 need>=2 ok2=false
[handleTxFromClient] S1 N0 recv client batch, tx_count=634
[handleTxFromClient] S1 N0 append to Tx_pool.Queue: local_queued=634 forward_other_shard=0 Queue_total_len=1471

第17个块结束relay

[Propose wait] S1 N0 spin=50 epoch=18 now=1780066444 InitTime=1780066407 lastpropose=1780066443 wallGap=37 need>=34 ok1=true lastGap=1 need>=2 ok2=false
[Propose] S1 N0 时间条件满足: epoch=18->19 now=1780066445 InitTime=1780066407 lastpropose=1780066443 wallGap=38>=34 lastGap=2>=2 → propose1
[Propose] S1 N0 等待 sequenceLock…
[Propose] S1 N0 已持有 sequenceLock，seqID=18 即将 propose1
[propose1] S1 N0 seq=18 Tx_pool.Queue_len=1627
left_count: 500
更新树花时间为: 65
写数据库IO花时间为: 75
编号为 18 的区块已加入本地区块链！curBlock: 
blockHeader: 
[9c322b96871686516de90a7a1a8fd39b1636ab1ff6a14020a63118c8bca1e9c0 5fce7e7c4cc037b24fdcc8a556877e46a305b476163b2d189247fa20207d1d04 b57ddb184de7195238ec29ae40d3fee08458b82d1d3a00ee4606b6ab6fa644a3 18 1780066445]
# of transactions: 500
# of TXmig1s: 0
# of In1s: 0
# of Anns: 0
# of NSs: 0
blockHash: 
38de5a5fb9f334080eba8a051191b8cfa7c985acc4c6bfe1a738cbfcc1736c8d

第18个块开始准备relay

[Propose wait] S1 N0 spin=1 epoch=19 now=1780066445 InitTime=1780066407 lastpropose=1780066445 wallGap=38 need>=36 ok1=true lastGap=0 need>=2 ok2=false
[handleTxFromClient] S1 N0 recv client batch, tx_count=633
[handleTxFromClient] S1 N0 append to Tx_pool.Queue: local_queued=633 forward_other_shard=0 Queue_total_len=1760

第18个块结束relay

[Propose wait] S1 N0 spin=50 epoch=19 now=1780066446 InitTime=1780066407 lastpropose=1780066445 wallGap=39 need>=36 ok1=true lastGap=1 need>=2 ok2=false
[Propose] S1 N0 时间条件满足: epoch=19->20 now=1780066447 InitTime=1780066407 lastpropose=1780066445 wallGap=40>=36 lastGap=2>=2 → propose1
[Propose] S1 N0 等待 sequenceLock…
[Propose] S1 N0 已持有 sequenceLock，seqID=19 即将 propose1
[propose1] S1 N0 seq=19 Tx_pool.Queue_len=1935
left_count: 500
更新树花时间为: 56
写数据库IO花时间为: 61
编号为 19 的区块已加入本地区块链！curBlock: 
blockHeader: 
[38de5a5fb9f334080eba8a051191b8cfa7c985acc4c6bfe1a738cbfcc1736c8d 6cf21997bdf01e44cd3f04928ebaaf115586459589de58868d8f5af9e12bd7a9 871814c2d37279be8a1af9fd268e1373e897f5c8b1813ef186a4963e981cdc1e 19 1780066447]
# of transactions: 500
# of TXmig1s: 0
# of In1s: 0
# of Anns: 0
# of NSs: 0
blockHash: 
9d9f4061293d8bea7df48bbd5ecc395fac498593126b88a5367b0ed789295850

第19个块开始准备relay

[Propose wait] S1 N0 spin=1 epoch=20 now=1780066447 InitTime=1780066407 lastpropose=1780066447 wallGap=40 need>=38 ok1=true lastGap=0 need>=2 ok2=false
[handleTxFromClient] S1 N0 recv client batch, tx_count=245
[handleTxFromClient] S1 N0 append to Tx_pool.Queue: local_queued=245 forward_other_shard=0 Queue_total_len=1680

第19个块结束relay

[Propose wait] S1 N0 spin=50 epoch=20 now=1780066448 InitTime=1780066407 lastpropose=1780066447 wallGap=41 need>=38 ok1=true lastGap=1 need>=2 ok2=false
[Propose] S1 N0 时间条件满足: epoch=20->21 now=1780066449 InitTime=1780066407 lastpropose=1780066447 wallGap=42>=38 lastGap=2>=2 → propose1
[Propose] S1 N0 等待 sequenceLock…
[Propose] S1 N0 已持有 sequenceLock，seqID=20 即将 propose1
[propose1] S1 N0 seq=20 Tx_pool.Queue_len=1843
left_count: 500
更新树花时间为: 85
写数据库IO花时间为: 91
编号为 20 的区块已加入本地区块链！curBlock: 
blockHeader: 
[9d9f4061293d8bea7df48bbd5ecc395fac498593126b88a5367b0ed789295850 35c38d405743f34dd5635bbfb4381262a60cd241ff315940efb6be921ceed7c9 11639b3afe8c543c0f0486fd74ac1e222d84e6f7d5d89848002aec2eaf9c3660 20 1780066449]
# of transactions: 500
# of TXmig1s: 0
# of In1s: 0
# of Anns: 0
# of NSs: 0
blockHash: 
729a97fd5fcb3d65af519e65d114cee531683bdb7ae098a6446b8d0d513e5729

第20个块开始准备relay

[Propose wait] S1 N0 spin=1 epoch=21 now=1780066449 InitTime=1780066407 lastpropose=1780066449 wallGap=42 need>=40 ok1=true lastGap=0 need>=2 ok2=false
[handleTxFromClient] S1 N0 recv client batch, tx_count=753
[handleTxFromClient] S1 N0 append to Tx_pool.Queue: local_queued=753 forward_other_shard=0 Queue_total_len=2096

第20个块结束relay

[Propose wait] S1 N0 spin=50 epoch=21 now=1780066450 InitTime=1780066407 lastpropose=1780066449 wallGap=43 need>=40 ok1=true lastGap=1 need>=2 ok2=false
[Propose] S1 N0 时间条件满足: epoch=21->22 now=1780066451 InitTime=1780066407 lastpropose=1780066449 wallGap=44>=40 lastGap=2>=2 → propose1
[Propose] S1 N0 等待 sequenceLock…
[Propose] S1 N0 已持有 sequenceLock，seqID=21 即将 propose1
[propose1] S1 N0 seq=21 Tx_pool.Queue_len=2356
left_count: 500
本节点已接收到client发来准备迁移通知
更新树花时间为: 87
写数据库IO花时间为: 93
编号为 21 的区块已加入本地区块链！curBlock: 
blockHeader: 
[729a97fd5fcb3d65af519e65d114cee531683bdb7ae098a6446b8d0d513e5729 e865dce434af0c81e2526ffd4c42616d84678154ef1ecbf54584e724b10c30f6 7a64390388e1aafe3e08f04d88913eb05069434df1a0a68ba500a09f3de95c34 21 1780066451]
# of transactions: 500
# of TXmig1s: 0
# of In1s: 0
# of Anns: 0
# of NSs: 0
blockHash: 
ba1e11abe5aeb2addfc5b77938373a3aa80a2ac328d204f56658c056034a7854

第21个块开始准备relay

[Propose wait] S1 N0 spin=1 epoch=22 now=1780066451 InitTime=1780066407 lastpropose=1780066451 wallGap=44 need>=42 ok1=true lastGap=0 need>=2 ok2=false
本节点已将 pending 发送到 client（1856 笔）
本节点已接收到客户端发送的新映射
[handleTxFromClient] S1 N0 recv client batch, tx_count=775
[handleTxFromClient] S1 N0 append to Tx_pool.Queue: local_queued=775 forward_other_shard=0 Queue_total_len=2631

第21个块结束relay

[Propose wait] S1 N0 spin=50 epoch=22 now=1780066452 InitTime=1780066407 lastpropose=1780066451 wallGap=45 need>=42 ok1=true lastGap=1 need>=2 ok2=false
[Propose] S1 N0 时间条件满足: epoch=22->23 now=1780066453 InitTime=1780066407 lastpropose=1780066451 wallGap=46>=42 lastGap=2>=2 → propose1
[Propose] S1 N0 等待 sequenceLock…
[Propose] S1 N0 已持有 sequenceLock，seqID=22 即将 propose1
[propose1] S1 N0 seq=22 Tx_pool.Queue_len=2757
left_count: 200
更新树花时间为: 57
写数据库IO花时间为: 62
编号为 22 的区块已加入本地区块链！curBlock: 
blockHeader: 
[ba1e11abe5aeb2addfc5b77938373a3aa80a2ac328d204f56658c056034a7854 c4d1d51a97f98d5c3a20dd1c8fdb1db99d961c2169c7941fb95bfafa5c206a48 31133a699aad1b3230f17387162457085a0199a1e43c7fc2fa9f4f8132332521 22 1780066453]
# of transactions: 200
# of TXmig1s: 300
# of In1s: 0
# of Anns: 0
# of NSs: 0
blockHash: 
cf48aee4d470636466c667a207047c0613efd81cdec30f4026b8e9d23c721ab1

第22个块开始准备relay

[Propose wait] S1 N0 spin=1 epoch=23 now=1780066453 InitTime=1780066407 lastpropose=1780066453 wallGap=46 need>=44 ok1=true lastGap=0 need>=2 ok2=false

第22个块结束relay

[handleTxFromClient] S1 N0 recv client batch, tx_count=770
[handleTxFromClient] S1 N0 append to Tx_pool.Queue: local_queued=770 forward_other_shard=0 Queue_total_len=3377

本节点已接收到分片S0发来的迁移请求 
9999999999999999999998345184920000000000

[Propose wait] S1 N0 spin=50 epoch=23 now=1780066454 InitTime=1780066407 lastpropose=1780066453 wallGap=47 need>=44 ok1=true lastGap=1 need>=2 ok2=false
[Propose] S1 N0 时间条件满足: epoch=23->24 now=1780066455 InitTime=1780066407 lastpropose=1780066453 wallGap=48>=44 lastGap=2>=2 → propose1
[Propose] S1 N0 等待 sequenceLock…
[Propose] S1 N0 已持有 sequenceLock，seqID=23 即将 propose1
[propose1] S1 N0 seq=23 Tx_pool.Queue_len=3377
left_count: 200
更新树花时间为: 57
写数据库IO花时间为: 71
编号为 23 的区块已加入本地区块链！curBlock: 
blockHeader: 
[cf48aee4d470636466c667a207047c0613efd81cdec30f4026b8e9d23c721ab1 88aca460a70181e5fe964696aa30ff5f415da92aaaed0479db1f30d9e3a2e514 94aa6130e9b1d42624f35412e5fa880721bfb57f960c3695d464673614ff9213 23 1780066455]
# of transactions: 200
# of TXmig1s: 80
# of In1s: 220
# of Anns: 0
# of NSs: 0
blockHash: 
243ab069a2ad20e5c74b8989e4185ffcf15adf6dd443e0a92802b39afa6a4e0d

第23个块开始准备relay

[Propose wait] S1 N0 spin=1 epoch=24 now=1780066455 InitTime=1780066407 lastpropose=1780066455 wallGap=48 need>=46 ok1=true lastGap=0 need>=2 ok2=false

第23个块结束relay

[handleTxFromClient] S1 N0 recv client batch, tx_count=781
[handleTxFromClient] S1 N0 append to Tx_pool.Queue: local_queued=781 forward_other_shard=0 Queue_total_len=3987
本节点已接收到分片S0发来通知 
1
2
3

本节点已接收到分片S0发来的迁移请求 
10000000000000000000000420809963307648960

[Propose wait] S1 N0 spin=50 epoch=24 now=1780066456 InitTime=1780066407 lastpropose=1780066455 wallGap=49 need>=46 ok1=true lastGap=1 need>=2 ok2=false
[Propose] S1 N0 时间条件满足: epoch=24->25 now=1780066457 InitTime=1780066407 lastpropose=1780066455 wallGap=50>=46 lastGap=2>=2 → propose1
[Propose] S1 N0 等待 sequenceLock…
[Propose] S1 N0 已持有 sequenceLock，seqID=24 即将 propose1
[propose1] S1 N0 seq=24 Tx_pool.Queue_len=3987
left_count: 200
更新树花时间为: 78
写数据库IO花时间为: 118
编号为 24 的区块已加入本地区块链！curBlock: 
blockHeader: 
[243ab069a2ad20e5c74b8989e4185ffcf15adf6dd443e0a92802b39afa6a4e0d 02c5f5eb878af161f7c056fdf8a75aeffdadf04b47ae080255ccc0a4363839b2 5b86128ae306fc00626107fe8c121bd7d22da30c548fe2f5d8a4613bb3c6e54f 24 1780066457]
# of transactions: 200
# of TXmig1s: 0
# of In1s: 299
# of Anns: 1
# of NSs: 0
blockHash: 
86961e96b1ffc054e12d5d7b94af6abbc6a118525e7f9f781c96da61470bb001
时间：1780066457260  本节点已接收到新
本节点已将迁移过来的pending交易的账户数量发送到client

handleAnns时是第24个块

handleannounce交易池操作时差为：1570
handleannounce两锁时差为：1570


第24个块开始准备relay

时间：50264  正在向分片S0的主节点发送新
[Propose wait] S1 N0 spin=1 epoch=25 now=1780066457 InitTime=1780066407 lastpropose=1780066457 wallGap=50 need>=48 ok1=true lastGap=0 need>=2 ok2=false
本节点已将不变的账户数量发送到client


第24个块结束relay

[handleTxFromClient] S1 N0 recv client batch, tx_count=773
[handleTxFromClient] S1 N0 append to Tx_pool.Queue: local_queued=773 forward_other_shard=0 Queue_total_len=4604
[Propose wait] S1 N0 spin=50 epoch=25 now=1780066458 InitTime=1780066407 lastpropose=1780066457 wallGap=51 need>=48 ok1=true lastGap=1 need>=2 ok2=false
[Propose] S1 N0 时间条件满足: epoch=25->26 now=1780066459 InitTime=1780066407 lastpropose=1780066457 wallGap=52>=48 lastGap=2>=2 → propose1
[Propose] S1 N0 等待 sequenceLock…
[Propose] S1 N0 已持有 sequenceLock，seqID=25 即将 propose1
[propose1] S1 N0 seq=25 Tx_pool.Queue_len=4604
left_count: 420
更新树花时间为: 57
写数据库IO花时间为: 68
编号为 25 的区块已加入本地区块链！curBlock: 
blockHeader: 
[86961e96b1ffc054e12d5d7b94af6abbc6a118525e7f9f781c96da61470bb001 436e66dd3a608b8fcf72a144037599fbdeaa07c57aab5f11bc695443ddcc6bdb c4dbded687b482783223de111e2ec06df4873d21507d4f00a6e7c3b4ce9adcb3 25 1780066459]
# of transactions: 420
# of TXmig1s: 0
# of In1s: 0
# of Anns: 80
# of NSs: 0
blockHash: 
b74450d6b756d6ebde41465fc30098ec14519e14effa449f767107ffdc7624b4
handleAnns时是第25个块

handleannounce交易池操作时差为：2078
handleannounce两锁时差为：2078


第25个块开始准备relay

[Propose wait] S1 N0 spin=1 epoch=26 now=1780066459 InitTime=1780066407 lastpropose=1780066459 wallGap=52 need>=50 ok1=true lastGap=0 need>=2 ok2=false
时间：52429  正在向分片S0的主节点发送新
本节点已将不变的账户数量发送到client


第25个块结束relay

[handleTxFromClient] S1 N0 recv client batch, tx_count=771
[handleTxFromClient] S1 N0 append to Tx_pool.Queue: local_queued=771 forward_other_shard=0 Queue_total_len=4976
本节点已接收到分片S0发来通知 
1
2
3
[Propose wait] S1 N0 spin=50 epoch=26 now=1780066460 InitTime=1780066407 lastpropose=1780066459 wallGap=53 need>=50 ok1=true lastGap=1 need>=2 ok2=false
时间：1780066460238  本节点已接收到新
本节点已将迁移过来的pending交易的账户数量发送到client

[Propose] S1 N0 时间条件满足: epoch=26->27 now=1780066461 InitTime=1780066407 lastpropose=1780066459 wallGap=54>=50 lastGap=2>=2 → propose1
[Propose] S1 N0 等待 sequenceLock…
[Propose] S1 N0 已持有 sequenceLock，seqID=26 即将 propose1
[propose1] S1 N0 seq=26 Tx_pool.Queue_len=5108
left_count: 200
更新树花时间为: 82
写数据库IO花时间为: 119
编号为 26 的区块已加入本地区块链！curBlock: 
blockHeader: 
[b74450d6b756d6ebde41465fc30098ec14519e14effa449f767107ffdc7624b4 53551d8f6fdd4273ec704b31812af08a6210eeabecc243d679f10b2d259dc6bc d4ceace5c080ec4f16b9e6e458b7bb8ae9ce253fe80388bd063c1c8eb6deb583 26 1780066461]
# of transactions: 200
# of TXmig1s: 0
# of In1s: 0
# of Anns: 299
# of NSs: 1
blockHash: 
27994af244e7cce7183b77a6b8d08d1d0290984d30eab7dcad56c59c327dc689
handleAnns时是第26个块

handleannounce交易池操作时差为：3580
handleannounce两锁时差为：3580


第26个块开始准备relay

[Propose wait] S1 N0 spin=1 epoch=27 now=1780066461 InitTime=1780066407 lastpropose=1780066461 wallGap=54 need>=52 ok1=true lastGap=0 need>=2 ok2=false

第26个块结束relay

[Propose wait] S1 N0 spin=50 epoch=27 now=1780066462 InitTime=1780066407 lastpropose=1780066461 wallGap=55 need>=52 ok1=true lastGap=1 need>=2 ok2=false
[Propose] S1 N0 时间条件满足: epoch=27->28 now=1780066463 InitTime=1780066407 lastpropose=1780066461 wallGap=56>=52 lastGap=2>=2 → propose1
[Propose] S1 N0 等待 sequenceLock…
[Propose] S1 N0 已持有 sequenceLock，seqID=27 即将 propose1
[propose1] S1 N0 seq=27 Tx_pool.Queue_len=4758
left_count: 433
更新树花时间为: 87
写数据库IO花时间为: 103
编号为 27 的区块已加入本地区块链！curBlock: 
blockHeader: 
[27994af244e7cce7183b77a6b8d08d1d0290984d30eab7dcad56c59c327dc689 777059dadae36667989383b4d4310f93540ccd93aa20026cc8577fe7a64c403c f57b7f5b0b7e741afe7d45caa0cc6b5e43b802f19bd3a619a76db6b73362d823 27 1780066463]
# of transactions: 433
# of TXmig1s: 0
# of In1s: 0
# of Anns: 0
# of NSs: 67
blockHash: 
9c3803aeb9b4032ae79aa9ea2abe405a5425f041bd164c93bc8e251600f3a7dc

第27个块开始准备relay

[Propose wait] S1 N0 spin=1 epoch=28 now=1780066463 InitTime=1780066407 lastpropose=1780066463 wallGap=56 need>=54 ok1=true lastGap=0 need>=2 ok2=false

第27个块结束relay

时间：56985  正在向分片S0的主节点发送新
本节点已将不变的账户数量发送到client

[Propose wait] S1 N0 spin=50 epoch=28 now=1780066464 InitTime=1780066407 lastpropose=1780066463 wallGap=57 need>=54 ok1=true lastGap=1 need>=2 ok2=false
时间：1780066464481  本节点已接收到新
本节点已将迁移过来的pending交易的账户数量发送到client

[Propose] S1 N0 时间条件满足: epoch=28->29 now=1780066465 InitTime=1780066407 lastpropose=1780066463 wallGap=58>=54 lastGap=2>=2 → propose1
[Propose] S1 N0 等待 sequenceLock…
[Propose] S1 N0 已持有 sequenceLock，seqID=28 即将 propose1
[propose1] S1 N0 seq=28 Tx_pool.Queue_len=4487
left_count: 340
更新树花时间为: 94
写数据库IO花时间为: 128
编号为 28 的区块已加入本地区块链！curBlock: 
blockHeader: 
[9c3803aeb9b4032ae79aa9ea2abe405a5425f041bd164c93bc8e251600f3a7dc 79d10a3658d8813e82f31f029b5f3c960989fa7d1689516aa3cda2e006e410bc d0de707ed6a4bac3d1fb017f3c3e260740f9a1178ea2a20fe51cf640873e6185 28 1780066465]
# of transactions: 340
# of TXmig1s: 0
# of In1s: 0
# of Anns: 0
# of NSs: 160
blockHash: 
f4b13a2e4c4ef7bc65e38acc8c6d08bb4df8aaffd3266fc902ecff692cbe1ddb

第28个块开始准备relay

[Propose wait] S1 N0 spin=1 epoch=29 now=1780066465 InitTime=1780066407 lastpropose=1780066465 wallGap=58 need>=56 ok1=true lastGap=0 need>=2 ok2=false

第28个块结束relay

[Propose wait] S1 N0 spin=50 epoch=29 now=1780066466 InitTime=1780066407 lastpropose=1780066465 wallGap=59 need>=56 ok1=true lastGap=1 need>=2 ok2=false
[Propose] S1 N0 时间条件满足: epoch=29->30 now=1780066467 InitTime=1780066407 lastpropose=1780066465 wallGap=60>=56 lastGap=2>=2 → propose1
[Propose] S1 N0 等待 sequenceLock…
[Propose] S1 N0 已持有 sequenceLock，seqID=29 即将 propose1
[propose1] S1 N0 seq=29 Tx_pool.Queue_len=4148
left_count: 500
更新树花时间为: 70
写数据库IO花时间为: 76
编号为 29 的区块已加入本地区块链！curBlock: 
blockHeader: 
[f4b13a2e4c4ef7bc65e38acc8c6d08bb4df8aaffd3266fc902ecff692cbe1ddb 89b2020a428dfa934dc761613a6a137866431b81ca4ede56dc888ed435d961e6 79584148606d4d7ff7fc02a0c103202d7a316d82094b087b9a4e91bf264703d2 29 1780066467]
# of transactions: 500
# of TXmig1s: 0
# of In1s: 0
# of Anns: 0
# of NSs: 0
blockHash: 
4686fe03f04549cedec83b8869d3e017475ff3a1f345e4e2871a5bf2239552c6

第29个块开始准备relay

[Propose wait] S1 N0 spin=1 epoch=30 now=1780066467 InitTime=1780066407 lastpropose=1780066467 wallGap=60 need>=58 ok1=true lastGap=0 need>=2 ok2=false

第29个块结束relay

[Propose wait] S1 N0 spin=50 epoch=30 now=1780066468 InitTime=1780066407 lastpropose=1780066467 wallGap=61 need>=58 ok1=true lastGap=1 need>=2 ok2=false
[Propose] S1 N0 时间条件满足: epoch=30->31 now=1780066469 InitTime=1780066407 lastpropose=1780066467 wallGap=62>=58 lastGap=2>=2 → propose1
[Propose] S1 N0 等待 sequenceLock…
[Propose] S1 N0 已持有 sequenceLock，seqID=30 即将 propose1
[propose1] S1 N0 seq=30 Tx_pool.Queue_len=3649
left_count: 500
更新树花时间为: 76
写数据库IO花时间为: 104
编号为 30 的区块已加入本地区块链！curBlock: 
blockHeader: 
[4686fe03f04549cedec83b8869d3e017475ff3a1f345e4e2871a5bf2239552c6 3334b949f6cae3b5b9267e1bb23d099c70188cf7ba44f33b466f56cd799351b0 9dafad8f017a322bed40041d8afd8dfb1777e08a7baf5f4afa76b6478740a48c 30 1780066469]
# of transactions: 500
# of TXmig1s: 0
# of In1s: 0
# of Anns: 0
# of NSs: 0
blockHash: 
e0b7a22fc6e4b8b7330465517056328d6dc07fe6fca4856a9bc96855a0fbc609

第30个块开始准备relay

[Propose wait] S1 N0 spin=1 epoch=31 now=1780066469 InitTime=1780066407 lastpropose=1780066469 wallGap=62 need>=60 ok1=true lastGap=0 need>=2 ok2=false

第30个块结束relay

[Propose wait] S1 N0 spin=50 epoch=31 now=1780066470 InitTime=1780066407 lastpropose=1780066469 wallGap=63 need>=60 ok1=true lastGap=1 need>=2 ok2=false
[Propose] S1 N0 时间条件满足: epoch=31->32 now=1780066471 InitTime=1780066407 lastpropose=1780066469 wallGap=64>=60 lastGap=2>=2 → propose1
[Propose] S1 N0 等待 sequenceLock…
[Propose] S1 N0 已持有 sequenceLock，seqID=31 即将 propose1
[propose1] S1 N0 seq=31 Tx_pool.Queue_len=3149
left_count: 500
更新树花时间为: 83
写数据库IO花时间为: 91
编号为 31 的区块已加入本地区块链！curBlock: 
blockHeader: 
[e0b7a22fc6e4b8b7330465517056328d6dc07fe6fca4856a9bc96855a0fbc609 c1e1ec4c87fb8ecbe5778be22e72fd1f4e2576ea06a0793ce7924dc64518947e 2e0616102b89d37a6eb74a532b5bb1cbcee321325174eceb829adee0e9fbdcfb 31 1780066471]
# of transactions: 500
# of TXmig1s: 0
# of In1s: 0
# of Anns: 0
# of NSs: 0
blockHash: 
6ee677823720672e0da3594872d10c134e5183034cb79953d7738352ab058975

第31个块开始准备relay

[Propose wait] S1 N0 spin=1 epoch=32 now=1780066471 InitTime=1780066407 lastpropose=1780066471 wallGap=64 need>=62 ok1=true lastGap=0 need>=2 ok2=false

第31个块结束relay

[Propose wait] S1 N0 spin=50 epoch=32 now=1780066472 InitTime=1780066407 lastpropose=1780066471 wallGap=65 need>=62 ok1=true lastGap=1 need>=2 ok2=false
[Propose] S1 N0 时间条件满足: epoch=32->33 now=1780066473 InitTime=1780066407 lastpropose=1780066471 wallGap=66>=62 lastGap=2>=2 → propose1
[Propose] S1 N0 等待 sequenceLock…
[Propose] S1 N0 已持有 sequenceLock，seqID=32 即将 propose1
[propose1] S1 N0 seq=32 Tx_pool.Queue_len=2649
left_count: 500
更新树花时间为: 92
写数据库IO花时间为: 107
编号为 32 的区块已加入本地区块链！curBlock: 
blockHeader: 
[6ee677823720672e0da3594872d10c134e5183034cb79953d7738352ab058975 d9a069631137c06cdc52ade69c1a647198bc829bfd7616a1fc7ea94a33ca54f5 39f5597e4c0725301404d56c22915ee8e163f7e118f2bf9d037331a43bbdf347 32 1780066473]
# of transactions: 500
# of TXmig1s: 0
# of In1s: 0
# of Anns: 0
# of NSs: 0
blockHash: 
2eb40acaa6fd9b93495aea5a25cd0e89615b974d8fb8a733f781a0b9ac8725db

第32个块开始准备relay

[Propose wait] S1 N0 spin=1 epoch=33 now=1780066473 InitTime=1780066407 lastpropose=1780066473 wallGap=66 need>=64 ok1=true lastGap=0 need>=2 ok2=false

第32个块结束relay

[Propose wait] S1 N0 spin=50 epoch=33 now=1780066474 InitTime=1780066407 lastpropose=1780066473 wallGap=67 need>=64 ok1=true lastGap=1 need>=2 ok2=false
[Propose] S1 N0 时间条件满足: epoch=33->34 now=1780066475 InitTime=1780066407 lastpropose=1780066473 wallGap=68>=64 lastGap=2>=2 → propose1
[Propose] S1 N0 等待 sequenceLock…
[Propose] S1 N0 已持有 sequenceLock，seqID=33 即将 propose1
[propose1] S1 N0 seq=33 Tx_pool.Queue_len=2149
left_count: 500
更新树花时间为: 85
写数据库IO花时间为: 103
编号为 33 的区块已加入本地区块链！curBlock: 
blockHeader: 
[2eb40acaa6fd9b93495aea5a25cd0e89615b974d8fb8a733f781a0b9ac8725db 7fee927a392723562480ca54a9ba56ae911aece319298f7f233d9c65d92f235f deeed61b461ae299b6c2db3a989f1dae9501ee2cc667a55b5bd620be56321b29 33 1780066475]
# of transactions: 500
# of TXmig1s: 0
# of In1s: 0
# of Anns: 0
# of NSs: 0
blockHash: 
fa408770727a5a9cf60fcf4b46f73ba73a7fe15479c974a529c9023fc3266481

第33个块开始准备relay

[Propose wait] S1 N0 spin=1 epoch=34 now=1780066475 InitTime=1780066407 lastpropose=1780066475 wallGap=68 need>=66 ok1=true lastGap=0 need>=2 ok2=false

第33个块结束relay

[Propose wait] S1 N0 spin=50 epoch=34 now=1780066476 InitTime=1780066407 lastpropose=1780066475 wallGap=69 need>=66 ok1=true lastGap=1 need>=2 ok2=false
[Propose] S1 N0 时间条件满足: epoch=34->35 now=1780066477 InitTime=1780066407 lastpropose=1780066475 wallGap=70>=66 lastGap=2>=2 → propose1
[Propose] S1 N0 等待 sequenceLock…
[Propose] S1 N0 已持有 sequenceLock，seqID=34 即将 propose1
[propose1] S1 N0 seq=34 Tx_pool.Queue_len=1649
left_count: 500
更新树花时间为: 89
写数据库IO花时间为: 94
编号为 34 的区块已加入本地区块链！curBlock: 
blockHeader: 
[fa408770727a5a9cf60fcf4b46f73ba73a7fe15479c974a529c9023fc3266481 23a923edd7dea7c586cf8b9a676bfb7ca673e8019c243702473f4d09ab54f349 f1306bc660bd02a8bfe0215e6aa4a97bbd1dc60738047d2b6478d590bfa2e451 34 1780066477]
# of transactions: 500
# of TXmig1s: 0
# of In1s: 0
# of Anns: 0
# of NSs: 0
blockHash: 
d90a29929b8415df4e32ade99dffc0c5d477549a7ebd21a6802986563bb892f6

第34个块开始准备relay

[Propose wait] S1 N0 spin=1 epoch=35 now=1780066477 InitTime=1780066407 lastpropose=1780066477 wallGap=70 need>=68 ok1=true lastGap=0 need>=2 ok2=false

第34个块结束relay

[Propose wait] S1 N0 spin=50 epoch=35 now=1780066478 InitTime=1780066407 lastpropose=1780066477 wallGap=71 need>=68 ok1=true lastGap=1 need>=2 ok2=false
[Propose] S1 N0 时间条件满足: epoch=35->36 now=1780066479 InitTime=1780066407 lastpropose=1780066477 wallGap=72>=68 lastGap=2>=2 → propose1
[Propose] S1 N0 等待 sequenceLock…
[Propose] S1 N0 已持有 sequenceLock，seqID=35 即将 propose1
[propose1] S1 N0 seq=35 Tx_pool.Queue_len=1149
left_count: 500
更新树花时间为: 91
写数据库IO花时间为: 96
编号为 35 的区块已加入本地区块链！curBlock: 
blockHeader: 
[d90a29929b8415df4e32ade99dffc0c5d477549a7ebd21a6802986563bb892f6 f6992f23f138f8f00c9dfc7be3727580c877a8e6332ccbfaa36f026f9fdd23d8 d82e4e1a1d3f04f17b27471ff69e98e75f93c13bfdc9d3410c7e4160aac66352 35 1780066479]
# of transactions: 500
# of TXmig1s: 0
# of In1s: 0
# of Anns: 0
# of NSs: 0
blockHash: 
a8fc00642b57e835c67041b95dde5d4a7c0c691299901f159636b76d7e5dabe9

第35个块开始准备relay

[Propose wait] S1 N0 spin=1 epoch=36 now=1780066479 InitTime=1780066407 lastpropose=1780066479 wallGap=72 need>=70 ok1=true lastGap=0 need>=2 ok2=false

第35个块结束relay

[Propose wait] S1 N0 spin=50 epoch=36 now=1780066480 InitTime=1780066407 lastpropose=1780066479 wallGap=73 need>=70 ok1=true lastGap=1 need>=2 ok2=false
[Propose] S1 N0 时间条件满足: epoch=36->37 now=1780066481 InitTime=1780066407 lastpropose=1780066479 wallGap=74>=70 lastGap=2>=2 → propose1
[Propose] S1 N0 等待 sequenceLock…
[Propose] S1 N0 已持有 sequenceLock，seqID=36 即将 propose1
[propose1] S1 N0 seq=36 Tx_pool.Queue_len=649
left_count: 500
更新树花时间为: 79
写数据库IO花时间为: 91
编号为 36 的区块已加入本地区块链！curBlock: 
blockHeader: 
[a8fc00642b57e835c67041b95dde5d4a7c0c691299901f159636b76d7e5dabe9 605bb00d8f8e634cc86022f2c4db797b7dc4b920edc478af480d09a6149b0b6a 3d568ac6847f7e8637bac03b095189661b0d992c7bea3b121e503e0a494a5df0 36 1780066481]
# of transactions: 500
# of TXmig1s: 0
# of In1s: 0
# of Anns: 0
# of NSs: 0
blockHash: 
85c7ef9231c8ec5c6924510cc3c5db4b6967df52dec0940c8e4050276575d280

第36个块开始准备relay

[Propose wait] S1 N0 spin=1 epoch=37 now=1780066481 InitTime=1780066407 lastpropose=1780066481 wallGap=74 need>=72 ok1=true lastGap=0 need>=2 ok2=false

第36个块结束relay

[Propose wait] S1 N0 spin=50 epoch=37 now=1780066482 InitTime=1780066407 lastpropose=1780066481 wallGap=75 need>=72 ok1=true lastGap=1 need>=2 ok2=false
[Propose] S1 N0 时间条件满足: epoch=37->38 now=1780066483 InitTime=1780066407 lastpropose=1780066481 wallGap=76>=72 lastGap=2>=2 → propose1
[Propose] S1 N0 等待 sequenceLock…
[Propose] S1 N0 已持有 sequenceLock，seqID=37 即将 propose1
[propose1] S1 N0 seq=37 Tx_pool.Queue_len=149
left_count: 500
更新树花时间为: 14
写数据库IO花时间为: 21
编号为 37 的区块已加入本地区块链！curBlock: 
blockHeader: 
[85c7ef9231c8ec5c6924510cc3c5db4b6967df52dec0940c8e4050276575d280 402ac16a3182cd2b53fba4c17adce6894b466384f72f960d1c5e9ecd7fe90e86 7bd46abc66fef69d1d66cc7e80ef558991ce0861bbfa09d9d6053730daa43df8 37 1780066483]
# of transactions: 149
# of TXmig1s: 0
# of In1s: 0
# of Anns: 0
# of NSs: 0
blockHash: 
6bc39e257defccc493f6d15cdbbb071636e0f6acf25149afc25f0d065bf87840
[Propose wait] S1 N0 spin=1 epoch=38 now=1780066483 InitTime=1780066407 lastpropose=1780066483 wallGap=76 need>=74 ok1=true lastGap=0 need>=2 ok2=false
[Propose wait] S1 N0 spin=50 epoch=38 now=1780066484 InitTime=1780066407 lastpropose=1780066483 wallGap=77 need>=74 ok1=true lastGap=1 need>=2 ok2=false
[Propose] S1 N0 时间条件满足: epoch=38->39 now=1780066485 InitTime=1780066407 lastpropose=1780066483 wallGap=78>=74 lastGap=2>=2 → propose1
[Propose] S1 N0 等待 sequenceLock…
[Propose] S1 N0 已持有 sequenceLock，seqID=38 即将 propose1
[propose1] S1 N0 seq=38 Tx_pool.Queue_len=0
left_count: 500
更新树花时间为: 0
写数据库IO花时间为: 7
编号为 38 的区块已加入本地区块链！curBlock: 
blockHeader: 
[6bc39e257defccc493f6d15cdbbb071636e0f6acf25149afc25f0d065bf87840 402ac16a3182cd2b53fba4c17adce6894b466384f72f960d1c5e9ecd7fe90e86 56e81f171bcc55a6ff8345e692c0f86e5b48e01b996cadc001622fb5e363b421 38 1780066485]
# of transactions: 0
# of TXmig1s: 0
# of In1s: 0
# of Anns: 0
# of NSs: 0
blockHash: 
6a023255f9725e229d063617a7f05c953dee6e35d7acdbf3460398349e66df45
[Propose wait] S1 N0 spin=1 epoch=39 now=1780066485 InitTime=1780066407 lastpropose=1780066485 wallGap=78 need>=76 ok1=true lastGap=0 need>=2 ok2=false
[Propose wait] S1 N0 spin=50 epoch=39 now=1780066486 InitTime=1780066407 lastpropose=1780066485 wallGap=79 need>=76 ok1=true lastGap=1 need>=2 ok2=false
[Propose] S1 N0 时间条件满足: epoch=39->40 now=1780066487 InitTime=1780066407 lastpropose=1780066485 wallGap=80>=76 lastGap=2>=2 → propose1
[Propose] S1 N0 等待 sequenceLock…
[Propose] S1 N0 已持有 sequenceLock，seqID=39 即将 propose1
[propose1] S1 N0 seq=39 Tx_pool.Queue_len=0
left_count: 500
更新树花时间为: 0
写数据库IO花时间为: 17
编号为 39 的区块已加入本地区块链！curBlock: 
blockHeader: 
[6a023255f9725e229d063617a7f05c953dee6e35d7acdbf3460398349e66df45 402ac16a3182cd2b53fba4c17adce6894b466384f72f960d1c5e9ecd7fe90e86 56e81f171bcc55a6ff8345e692c0f86e5b48e01b996cadc001622fb5e363b421 39 1780066487]
# of transactions: 0
# of TXmig1s: 0
# of In1s: 0
# of Anns: 0
# of NSs: 0
blockHash: 
55fae118a8d93948e1b565b6ca352cebfa4d051ab9e09d1fffe8187fba1a6f3d
[Propose wait] S1 N0 spin=1 epoch=40 now=1780066487 InitTime=1780066407 lastpropose=1780066487 wallGap=80 need>=78 ok1=true lastGap=0 need>=2 ok2=false
[Propose wait] S1 N0 spin=50 epoch=40 now=1780066488 InitTime=1780066407 lastpropose=1780066487 wallGap=81 need>=78 ok1=true lastGap=1 need>=2 ok2=false
[Propose] S1 N0 时间条件满足: epoch=40->41 now=1780066489 InitTime=1780066407 lastpropose=1780066487 wallGap=82>=78 lastGap=2>=2 → propose1
[Propose] S1 N0 等待 sequenceLock…
[Propose] S1 N0 已持有 sequenceLock，seqID=40 即将 propose1
[propose1] S1 N0 seq=40 Tx_pool.Queue_len=0
left_count: 500
更新树花时间为: 0
写数据库IO花时间为: 11
编号为 40 的区块已加入本地区块链！curBlock: 
blockHeader: 
[55fae118a8d93948e1b565b6ca352cebfa4d051ab9e09d1fffe8187fba1a6f3d 402ac16a3182cd2b53fba4c17adce6894b466384f72f960d1c5e9ecd7fe90e86 56e81f171bcc55a6ff8345e692c0f86e5b48e01b996cadc001622fb5e363b421 40 1780066489]
# of transactions: 0
# of TXmig1s: 0
# of In1s: 0
# of Anns: 0
# of NSs: 0
blockHash: 
98f17c404910936e9978f54267dbb79d0be44e7297c566e9241897d0e57f825b
[Propose wait] S1 N0 spin=1 epoch=41 now=1780066489 InitTime=1780066407 lastpropose=1780066489 wallGap=82 need>=80 ok1=true lastGap=0 need>=2 ok2=false
[Propose wait] S1 N0 spin=50 epoch=41 now=1780066490 InitTime=1780066407 lastpropose=1780066489 wallGap=83 need>=80 ok1=true lastGap=1 need>=2 ok2=false
[Propose] S1 N0 时间条件满足: epoch=41->42 now=1780066491 InitTime=1780066407 lastpropose=1780066489 wallGap=84>=80 lastGap=2>=2 → propose1
[Propose] S1 N0 等待 sequenceLock…
[Propose] S1 N0 已持有 sequenceLock，seqID=41 即将 propose1
[propose1] S1 N0 seq=41 Tx_pool.Queue_len=0
left_count: 500
更新树花时间为: 0
写数据库IO花时间为: 9
编号为 41 的区块已加入本地区块链！curBlock: 
blockHeader: 
[98f17c404910936e9978f54267dbb79d0be44e7297c566e9241897d0e57f825b 402ac16a3182cd2b53fba4c17adce6894b466384f72f960d1c5e9ecd7fe90e86 56e81f171bcc55a6ff8345e692c0f86e5b48e01b996cadc001622fb5e363b421 41 1780066491]
# of transactions: 0
# of TXmig1s: 0
# of In1s: 0
# of Anns: 0
# of NSs: 0
blockHash: 
867b662002c6262c0904ab78d7c6945c367a3a6fba06fea3720c3400cdf2a6e7
[Propose wait] S1 N0 spin=1 epoch=42 now=1780066491 InitTime=1780066407 lastpropose=1780066491 wallGap=84 need>=82 ok1=true lastGap=0 need>=2 ok2=false
[Propose wait] S1 N0 spin=50 epoch=42 now=1780066492 InitTime=1780066407 lastpropose=1780066491 wallGap=85 need>=82 ok1=true lastGap=1 need>=2 ok2=false
[Propose] S1 N0 时间条件满足: epoch=42->43 now=1780066493 InitTime=1780066407 lastpropose=1780066491 wallGap=86>=82 lastGap=2>=2 → propose1
[Propose] S1 N0 等待 sequenceLock…
[Propose] S1 N0 已持有 sequenceLock，seqID=42 即将 propose1
[propose1] S1 N0 seq=42 Tx_pool.Queue_len=0
left_count: 500
更新树花时间为: 0
写数据库IO花时间为: 13
编号为 42 的区块已加入本地区块链！curBlock: 
blockHeader: 
[867b662002c6262c0904ab78d7c6945c367a3a6fba06fea3720c3400cdf2a6e7 402ac16a3182cd2b53fba4c17adce6894b466384f72f960d1c5e9ecd7fe90e86 56e81f171bcc55a6ff8345e692c0f86e5b48e01b996cadc001622fb5e363b421 42 1780066493]
# of transactions: 0
# of TXmig1s: 0
# of In1s: 0
# of Anns: 0
# of NSs: 0
blockHash: 
59abc0c7964ade36ad65be6490a4d19043f96da22b51a070b82f1d1eb8d6b06e
[Propose wait] S1 N0 spin=1 epoch=43 now=1780066493 InitTime=1780066407 lastpropose=1780066493 wallGap=86 need>=84 ok1=true lastGap=0 need>=2 ok2=false
节点收到终止节点消息，停止运行
