MigrationStrategy=MVSS-Delta (Stop=false Lock=false NotLock=true)
&{77 N0 S0 2 0 selectedTxs_300K.csv 2 500 300 150 150 150 150 1000 10 1 400 20000 0 50000 20 true MVSS-Delta false false true false true false 3 false 8 false false false PageRank false 100 true false false 3 0 0 0 }
[SyncLog] init ok shard=S0 node=N0 file=./log/S0_sync.csv
交易将由外部客户端发送
节点 N0 已启动，所属分片: S0
[Propose wait-first-tx] S0 N0 seq=1 Queue_len=0，首块等待交易注入后再出块
节点开启监听，地址：127.0.0.1:8010
[Propose wait-first-tx] S0 N0 seq=1 Queue_len=0，首块等待交易注入后再出块
[Propose wait-first-tx] S0 N0 seq=1 Queue_len=0，首块等待交易注入后再出块
[Propose wait-first-tx] S0 N0 seq=1 Queue_len=0，首块等待交易注入后再出块
[Propose wait-first-tx] S0 N0 seq=1 Queue_len=0，首块等待交易注入后再出块
[Propose wait-first-tx] S0 N0 seq=1 Queue_len=0，首块等待交易注入后再出块
[Propose wait-first-tx] S0 N0 seq=1 Queue_len=0，首块等待交易注入后再出块
[Propose wait-first-tx] S0 N0 seq=1 Queue_len=0，首块等待交易注入后再出块
[Propose wait-first-tx] S0 N0 seq=1 Queue_len=0，首块等待交易注入后再出块
[Propose wait-first-tx] S0 N0 seq=1 Queue_len=0，首块等待交易注入后再出块
[Propose wait-first-tx] S0 N0 seq=1 Queue_len=0，首块等待交易注入后再出块
[Propose wait-first-tx] S0 N0 seq=1 Queue_len=0，首块等待交易注入后再出块
[Propose wait-first-tx] S0 N0 seq=1 Queue_len=0，首块等待交易注入后再出块
[Propose wait-first-tx] S0 N0 seq=1 Queue_len=0，首块等待交易注入后再出块
[Propose wait-first-tx] S0 N0 seq=1 Queue_len=0，首块等待交易注入后再出块
[Propose wait-first-tx] S0 N0 seq=1 Queue_len=0，首块等待交易注入后再出块
本节点已接收到客户端发送的初始时间：1780542752（锚定 InitTime=1780542752，已重置 epoch=1）
[Propose wait-first-tx] S0 N0 seq=1 Queue_len=0，首块等待交易注入后再出块
[Propose wait-first-tx] S0 N0 seq=1 Queue_len=0，首块等待交易注入后再出块
[Propose wait-first-tx] S0 N0 seq=1 Queue_len=0，首块等待交易注入后再出块
[Propose wait-first-tx] S0 N0 seq=1 Queue_len=0，首块等待交易注入后再出块
[handleTxFromClient] S0 N0 recv client batch, tx_count=531
[handleTxFromClient] S0 N0 append to Tx_pool.Queue: local_queued=531 forward_other_shard=0 Queue_total_len=531
[Propose wait-first-tx] S0 N0 首块已检测到交易，结束等待，Queue_len=531
[Propose] S0 N0 时间条件满足: epoch=1->2 now=1780542756 InitTime=1780542752 lastpropose=1780542752 wallGap=4>=0 lastGap=4>=2 → propose1
[Propose] S0 N0 等待 sequenceLock…
[Propose] S0 N0 已持有 sequenceLock，seqID=1 即将 propose1
[propose1] S0 N0 seq=1 Tx_pool.Queue_len=531
left_count: 500
更新树花时间为: 53
写数据库IO花时间为: 60
编号为 1 的区块已加入本地区块链！curBlock: 
blockHeader: 
[1add38160db0458a48072f3ade543ffb4af4e9cfdf8f76549b9568e046a6a3ff 8f07b4744f5f025fd87db920d3b66bd9b33a71af217a54a0454e96dfdfa71414 f7839051b273090387658de53ef7d0592cae2f6f8e8f67c59ff8a3803b86a018 1 1780542756]
# of transactions: 500
# of TXmig1s: 0
# of In1s: 0
# of Anns: 0
# of NSs: 0
blockHash: 
b03d183f7e123c9807a94899d25cdfb70dd4712fc4aaebe89eb1ac005c41f7d6

第1个块开始准备relay

[Propose wait] S0 N0 spin=1 epoch=2 now=1780542756 InitTime=1780542752 lastpropose=1780542756 wallGap=4 need>=2 ok1=true lastGap=0 need>=2 ok2=false

第1个块结束relay

[Propose wait] S0 N0 spin=50 epoch=2 now=1780542757 InitTime=1780542752 lastpropose=1780542756 wallGap=5 need>=2 ok1=true lastGap=1 need>=2 ok2=false
[Propose] S0 N0 时间条件满足: epoch=2->3 now=1780542758 InitTime=1780542752 lastpropose=1780542756 wallGap=6>=2 lastGap=2>=2 → propose1
[Propose] S0 N0 等待 sequenceLock…
[Propose] S0 N0 已持有 sequenceLock，seqID=2 即将 propose1
[propose1] S0 N0 seq=2 Tx_pool.Queue_len=175
left_count: 500
[handleTxFromClient] S0 N0 recv client batch, tx_count=528
[handleTxFromClient] S0 N0 append to Tx_pool.Queue: local_queued=528 forward_other_shard=0 Queue_total_len=528
更新树花时间为: 16
写数据库IO花时间为: 48
编号为 2 的区块已加入本地区块链！curBlock: 
blockHeader: 
[b03d183f7e123c9807a94899d25cdfb70dd4712fc4aaebe89eb1ac005c41f7d6 0636afdaa32e89d39c34e95159709fe349af318eea9c0ae43718a8c56795bf62 d59317ab19d4fbd816ad9a9727f7acd9a7dc829372dee3900bed024d81b254cf 2 1780542758]
# of transactions: 175
# of TXmig1s: 0
# of In1s: 0
# of Anns: 0
# of NSs: 0
blockHash: 
4068130b06a416eeb80d5d2be7180e0d1d6bfd3ea2577961b19c719d47a86f22

第2个块开始准备relay

[Propose wait] S0 N0 spin=1 epoch=3 now=1780542758 InitTime=1780542752 lastpropose=1780542758 wallGap=6 need>=4 ok1=true lastGap=0 need>=2 ok2=false

第2个块结束relay

[Propose wait] S0 N0 spin=50 epoch=3 now=1780542759 InitTime=1780542752 lastpropose=1780542758 wallGap=7 need>=4 ok1=true lastGap=1 need>=2 ok2=false
[Propose] S0 N0 时间条件满足: epoch=3->4 now=1780542760 InitTime=1780542752 lastpropose=1780542758 wallGap=8>=4 lastGap=2>=2 → propose1
[Propose] S0 N0 等待 sequenceLock…
[Propose] S0 N0 已持有 sequenceLock，seqID=3 即将 propose1
[propose1] S0 N0 seq=3 Tx_pool.Queue_len=528
left_count: 500
[handleTxFromClient] S0 N0 recv client batch, tx_count=623
[handleTxFromClient] S0 N0 append to Tx_pool.Queue: local_queued=623 forward_other_shard=0 Queue_total_len=651
更新树花时间为: 42
写数据库IO花时间为: 61
编号为 3 的区块已加入本地区块链！curBlock: 
blockHeader: 
[4068130b06a416eeb80d5d2be7180e0d1d6bfd3ea2577961b19c719d47a86f22 9703e1501648c179eff36a396d097819323e3c6944c758736584105f84babb4e d62a1219946992f0c4ad5c10fa1df5a2440367b000e86e4d74cc697360cffdb8 3 1780542760]
# of transactions: 500
# of TXmig1s: 0
# of In1s: 0
# of Anns: 0
# of NSs: 0
blockHash: 
57eb4fd02b58291bcf210a6025e3618902c82d21f7c71c6dba1b84a151ae5428

第3个块开始准备relay

[Propose wait] S0 N0 spin=1 epoch=4 now=1780542760 InitTime=1780542752 lastpropose=1780542760 wallGap=8 need>=6 ok1=true lastGap=0 need>=2 ok2=false

第3个块结束relay

[Propose wait] S0 N0 spin=50 epoch=4 now=1780542761 InitTime=1780542752 lastpropose=1780542760 wallGap=9 need>=6 ok1=true lastGap=1 need>=2 ok2=false
[Propose] S0 N0 时间条件满足: epoch=4->5 now=1780542762 InitTime=1780542752 lastpropose=1780542760 wallGap=10>=6 lastGap=2>=2 → propose1
[Propose] S0 N0 等待 sequenceLock…
[Propose] S0 N0 已持有 sequenceLock，seqID=4 即将 propose1
[propose1] S0 N0 seq=4 Tx_pool.Queue_len=844
left_count: 500
[handleTxFromClient] S0 N0 recv client batch, tx_count=637
[handleTxFromClient] S0 N0 append to Tx_pool.Queue: local_queued=637 forward_other_shard=0 Queue_total_len=981
更新树花时间为: 37
写数据库IO花时间为: 56
编号为 4 的区块已加入本地区块链！curBlock: 
blockHeader: 
[57eb4fd02b58291bcf210a6025e3618902c82d21f7c71c6dba1b84a151ae5428 9b038803d2d44b4809a6c43933ca89447014f849ad4d7a2d04d57163a05bc464 764be08ee82e2682c908b150c467a2ed5edcb612cef3b5dc651bfdf161d8b9db 4 1780542762]
# of transactions: 500
# of TXmig1s: 0
# of In1s: 0
# of Anns: 0
# of NSs: 0
blockHash: 
df2abd75213ad0b3852fb1ef96f4d821cda6ff117a3fd5a92f2c6744491f6814

第4个块开始准备relay

[Propose wait] S0 N0 spin=1 epoch=5 now=1780542762 InitTime=1780542752 lastpropose=1780542762 wallGap=10 need>=8 ok1=true lastGap=0 need>=2 ok2=false

第4个块结束relay

[Propose wait] S0 N0 spin=50 epoch=5 now=1780542763 InitTime=1780542752 lastpropose=1780542762 wallGap=11 need>=8 ok1=true lastGap=1 need>=2 ok2=false
[Propose] S0 N0 时间条件满足: epoch=5->6 now=1780542764 InitTime=1780542752 lastpropose=1780542762 wallGap=12>=8 lastGap=2>=2 → propose1
[Propose] S0 N0 等待 sequenceLock…
[Propose] S0 N0 已持有 sequenceLock，seqID=5 即将 propose1
[propose1] S0 N0 seq=5 Tx_pool.Queue_len=1072
left_count: 500
更新树花时间为: 41
写数据库IO花时间为: 48
编号为 5 的区块已加入本地区块链！curBlock: 
blockHeader: 
[df2abd75213ad0b3852fb1ef96f4d821cda6ff117a3fd5a92f2c6744491f6814 11bb33ee87da77b01368bc9bdc76a962afcbf1126b064cabae7e80b2bb5d7b35 efd7d0fc57d9892e003d8137356a32b402604de9956a20eee37ee5736c88f2f5 5 1780542764]
# of transactions: 500
# of TXmig1s: 0
# of In1s: 0
[handleTxFromClient] S0 N0 recv client batch, tx_count=641
# of Anns: 0
# of NSs: 0
blockHash: 
7b2c13598e94d1503cc659bf68f9e666b62f769ff86b00cf8958808bf80ef93a
[handleTxFromClient] S0 N0 append to Tx_pool.Queue: local_queued=641 forward_other_shard=0 Queue_total_len=1213

第5个块开始准备relay

[Propose wait] S0 N0 spin=1 epoch=6 now=1780542764 InitTime=1780542752 lastpropose=1780542764 wallGap=12 need>=10 ok1=true lastGap=0 need>=2 ok2=false

第5个块结束relay

[Propose wait] S0 N0 spin=50 epoch=6 now=1780542765 InitTime=1780542752 lastpropose=1780542764 wallGap=13 need>=10 ok1=true lastGap=1 need>=2 ok2=false
[Propose] S0 N0 时间条件满足: epoch=6->7 now=1780542766 InitTime=1780542752 lastpropose=1780542764 wallGap=14>=10 lastGap=2>=2 → propose1
[Propose] S0 N0 等待 sequenceLock…
[Propose] S0 N0 已持有 sequenceLock，seqID=6 即将 propose1
[propose1] S0 N0 seq=6 Tx_pool.Queue_len=1285
left_count: 500
更新树花时间为: 27
写数据库IO花时间为: 38
编号为 6 的区块已加入本地区块链！curBlock: 
blockHeader: 
[7b2c13598e94d1503cc659bf68f9e666b62f769ff86b00cf8958808bf80ef93a 58a76dae7e00ae1c89fbc569db1eaf7f01a669759cff8607b06cd36f76e274a0 2e2be8131d6ac81fe5f123ee79f10631ee667558c832816e001be0dcb711f368 6 1780542766]
# of transactions: 500
# of TXmig1s: 0
# of In1s: 0
# of Anns: 0
# of NSs: 0
blockHash: 
5c0128b7832ff1cd25b8a110a99bb5c5a18e1c9e0d0e5d39e7315d6186288b38

第6个块开始准备relay

[Propose wait] S0 N0 spin=1 epoch=7 now=1780542766 InitTime=1780542752 lastpropose=1780542766 wallGap=14 need>=12 ok1=true lastGap=0 need>=2 ok2=false
[handleTxFromClient] S0 N0 recv client batch, tx_count=409
[handleTxFromClient] S0 N0 append to Tx_pool.Queue: local_queued=409 forward_other_shard=0 Queue_total_len=1194

第6个块结束relay

[Propose wait] S0 N0 spin=50 epoch=7 now=1780542767 InitTime=1780542752 lastpropose=1780542766 wallGap=15 need>=12 ok1=true lastGap=1 need>=2 ok2=false
[Propose] S0 N0 时间条件满足: epoch=7->8 now=1780542768 InitTime=1780542752 lastpropose=1780542766 wallGap=16>=12 lastGap=2>=2 → propose1
[Propose] S0 N0 等待 sequenceLock…
[Propose] S0 N0 已持有 sequenceLock，seqID=7 即将 propose1
[propose1] S0 N0 seq=7 Tx_pool.Queue_len=1269
left_count: 500
更新树花时间为: 35
写数据库IO花时间为: 45
编号为 7 的区块已加入本地区块链！curBlock: 
blockHeader: 
[5c0128b7832ff1cd25b8a110a99bb5c5a18e1c9e0d0e5d39e7315d6186288b38 6dd7aa2442c0968fcb01c092512f7645aab42870b92dbd15476af95086894e7b 7bb5bb45c89c44c72002506032fc5a380caadcabb0aad317b4ee5808250c71ef 7 1780542768]
# of transactions: 500
# of TXmig1s: 0
# of In1s: 0
# of Anns: 0
# of NSs: 0
blockHash: 
c179699537387f944ca667a44a9426085060e8c835ddbe13a1cd19e6eb0f52e5

第7个块开始准备relay

[Propose wait] S0 N0 spin=1 epoch=8 now=1780542768 InitTime=1780542752 lastpropose=1780542768 wallGap=16 need>=14 ok1=true lastGap=0 need>=2 ok2=false
[handleTxFromClient] S0 N0 recv client batch, tx_count=55
[handleTxFromClient] S0 N0 append to Tx_pool.Queue: local_queued=55 forward_other_shard=0 Queue_total_len=824

第7个块结束relay

[Propose wait] S0 N0 spin=50 epoch=8 now=1780542769 InitTime=1780542752 lastpropose=1780542768 wallGap=17 need>=14 ok1=true lastGap=1 need>=2 ok2=false
[Propose] S0 N0 时间条件满足: epoch=8->9 now=1780542770 InitTime=1780542752 lastpropose=1780542768 wallGap=18>=14 lastGap=2>=2 → propose1
[Propose] S0 N0 等待 sequenceLock…
[Propose] S0 N0 已持有 sequenceLock，seqID=8 即将 propose1
[propose1] S0 N0 seq=8 Tx_pool.Queue_len=1039
left_count: 500
更新树花时间为: 43
写数据库IO花时间为: 73
编号为 8 的区块已加入本地区块链！curBlock: 
blockHeader: 
[c179699537387f944ca667a44a9426085060e8c835ddbe13a1cd19e6eb0f52e5 1e2a91143e81ea00556ed40fc3fbb8061d25635087d10893419a21baa2f4f270 e17c1fa26ccef2e1a6174df52ba20f3a5341a3c4a5be140f286f619d33b411a2 8 1780542770]
# of transactions: 500
# of TXmig1s: 0
# of In1s: 0
# of Anns: 0
# of NSs: 0
blockHash: 
385d9639058de515cf89714e0b8843ec10848e310e9622ebdd28608fd98decca

第8个块开始准备relay

[Propose wait] S0 N0 spin=1 epoch=9 now=1780542770 InitTime=1780542752 lastpropose=1780542770 wallGap=18 need>=16 ok1=true lastGap=0 need>=2 ok2=false
[handleTxFromClient] S0 N0 recv client batch, tx_count=278
[handleTxFromClient] S0 N0 append to Tx_pool.Queue: local_queued=278 forward_other_shard=0 Queue_total_len=817

第8个块结束relay

[Propose wait] S0 N0 spin=50 epoch=9 now=1780542771 InitTime=1780542752 lastpropose=1780542770 wallGap=19 need>=16 ok1=true lastGap=1 need>=2 ok2=false
[Propose] S0 N0 时间条件满足: epoch=9->10 now=1780542772 InitTime=1780542752 lastpropose=1780542770 wallGap=20>=16 lastGap=2>=2 → propose1
[Propose] S0 N0 等待 sequenceLock…
[Propose] S0 N0 已持有 sequenceLock，seqID=9 即将 propose1
[propose1] S0 N0 seq=9 Tx_pool.Queue_len=983
left_count: 500
更新树花时间为: 56
写数据库IO花时间为: 64
编号为 9 的区块已加入本地区块链！curBlock: 
blockHeader: 
[385d9639058de515cf89714e0b8843ec10848e310e9622ebdd28608fd98decca 40393be3187094a8f872af3f2a56bfa084e03b5f7a26f4a8a44f273ff4c93822 f6d00e036a47cbbb05c6cde22a48fedfb09a1dc9427e4b45677da1db2f518250 9 1780542772]
# of transactions: 500
# of TXmig1s: 0
# of In1s: 0
# of Anns: 0
# of NSs: 0
blockHash: 
d27d5952819a2a971b7d788331381290f7b24e2ddf1da1f9424ab5e4bf7da29d

第9个块开始准备relay

[Propose wait] S0 N0 spin=1 epoch=10 now=1780542772 InitTime=1780542752 lastpropose=1780542772 wallGap=20 need>=18 ok1=true lastGap=0 need>=2 ok2=false
[handleTxFromClient] S0 N0 recv client batch, tx_count=407
[handleTxFromClient] S0 N0 append to Tx_pool.Queue: local_queued=407 forward_other_shard=0 Queue_total_len=890

第9个块结束relay

[Propose wait] S0 N0 spin=50 epoch=10 now=1780542773 InitTime=1780542752 lastpropose=1780542772 wallGap=21 need>=18 ok1=true lastGap=1 need>=2 ok2=false
[Propose] S0 N0 时间条件满足: epoch=10->11 now=1780542774 InitTime=1780542752 lastpropose=1780542772 wallGap=22>=18 lastGap=2>=2 → propose1
[Propose] S0 N0 等待 sequenceLock…
[Propose] S0 N0 已持有 sequenceLock，seqID=10 即将 propose1
[propose1] S0 N0 seq=10 Tx_pool.Queue_len=1076
left_count: 500
更新树花时间为: 48
写数据库IO花时间为: 58
编号为 10 的区块已加入本地区块链！curBlock: 
blockHeader: 
[d27d5952819a2a971b7d788331381290f7b24e2ddf1da1f9424ab5e4bf7da29d c7ce0c0a5da463edbbb10ef2cd6c82edc8de69fc1e645fcd1d20e2932e69c670 495056b2c7d3883526a67559fd642202499f3df7f60fcc0a7eea72f92a6ccbcd 10 1780542774]
# of transactions: 500
# of TXmig1s: 0
# of In1s: 0
# of Anns: 0
# of NSs: 0
blockHash: 
9f6091828a925a9ad391edf6f620b1dec1d0506be9d81ddf26684d6817ce2753

第10个块开始准备relay

[Propose wait] S0 N0 spin=1 epoch=11 now=1780542774 InitTime=1780542752 lastpropose=1780542774 wallGap=22 need>=20 ok1=true lastGap=0 need>=2 ok2=false
[handleTxFromClient] S0 N0 recv client batch, tx_count=277
[handleTxFromClient] S0 N0 append to Tx_pool.Queue: local_queued=277 forward_other_shard=0 Queue_total_len=853

第10个块结束relay

[Propose wait] S0 N0 spin=50 epoch=11 now=1780542775 InitTime=1780542752 lastpropose=1780542774 wallGap=23 need>=20 ok1=true lastGap=1 need>=2 ok2=false
[Propose] S0 N0 时间条件满足: epoch=11->12 now=1780542776 InitTime=1780542752 lastpropose=1780542774 wallGap=24>=20 lastGap=2>=2 → propose1
[Propose] S0 N0 等待 sequenceLock…
[Propose] S0 N0 已持有 sequenceLock，seqID=11 即将 propose1
[propose1] S0 N0 seq=11 Tx_pool.Queue_len=1054
left_count: 500
更新树花时间为: 36
写数据库IO花时间为: 44
编号为 11 的区块已加入本地区块链！curBlock: 
blockHeader: 
[9f6091828a925a9ad391edf6f620b1dec1d0506be9d81ddf26684d6817ce2753 73b20f1d0e667298c0b069856c010fdd8fa6292c09b2e851417c3ab0cdff65c9 0441c3f1afd5197c41065d5facead8ddbfc0b1baccab665c45b370138eb54083 11 1780542776]
# of transactions: 500
# of TXmig1s: 0
# of In1s: 0
# of Anns: 0
# of NSs: 0
blockHash: 
c06b37c5cf9e020940ef9409f7cfcc61eb40f702a8daaeacc59e3e8f2df33095

第11个块开始准备relay

[Propose wait] S0 N0 spin=1 epoch=12 now=1780542776 InitTime=1780542752 lastpropose=1780542776 wallGap=24 need>=22 ok1=true lastGap=0 need>=2 ok2=false
[handleTxFromClient] S0 N0 recv client batch, tx_count=551
[handleTxFromClient] S0 N0 append to Tx_pool.Queue: local_queued=551 forward_other_shard=0 Queue_total_len=1105

第11个块结束relay

[Propose wait] S0 N0 spin=50 epoch=12 now=1780542777 InitTime=1780542752 lastpropose=1780542776 wallGap=25 need>=22 ok1=true lastGap=1 need>=2 ok2=false
[Propose] S0 N0 时间条件满足: epoch=12->13 now=1780542778 InitTime=1780542752 lastpropose=1780542776 wallGap=26>=22 lastGap=2>=2 → propose1
[Propose] S0 N0 等待 sequenceLock…
[Propose] S0 N0 已持有 sequenceLock，seqID=12 即将 propose1
[propose1] S0 N0 seq=12 Tx_pool.Queue_len=1212
left_count: 500
更新树花时间为: 42
写数据库IO花时间为: 52
编号为 12 的区块已加入本地区块链！curBlock: 
blockHeader: 
[c06b37c5cf9e020940ef9409f7cfcc61eb40f702a8daaeacc59e3e8f2df33095 f5563917ad3e0e78c08caf87bffd0e48a2cf9afb0a4448ccac62eca4fc4f2767 f47c018a57dbec0a1f10269e1d9728dada19316015d104a535e619abb31f32e1 12 1780542778]
# of transactions: 500
# of TXmig1s: 0
# of In1s: 0
# of Anns: 0
# of NSs: 0
blockHash: 
0ce1f728bd3338901a16e9af129d1cbf2862a37d7147c62481e40f8bd7f31836

第12个块开始准备relay

[Propose wait] S0 N0 spin=1 epoch=13 now=1780542778 InitTime=1780542752 lastpropose=1780542778 wallGap=26 need>=24 ok1=true lastGap=0 need>=2 ok2=false
[handleTxFromClient] S0 N0 recv client batch, tx_count=633
[handleTxFromClient] S0 N0 append to Tx_pool.Queue: local_queued=633 forward_other_shard=0 Queue_total_len=1345

第12个块结束relay

[Propose wait] S0 N0 spin=50 epoch=13 now=1780542779 InitTime=1780542752 lastpropose=1780542778 wallGap=27 need>=24 ok1=true lastGap=1 need>=2 ok2=false
[Propose] S0 N0 时间条件满足: epoch=13->14 now=1780542780 InitTime=1780542752 lastpropose=1780542778 wallGap=28>=24 lastGap=2>=2 → propose1
[Propose] S0 N0 等待 sequenceLock…
[Propose] S0 N0 已持有 sequenceLock，seqID=13 即将 propose1
[propose1] S0 N0 seq=13 Tx_pool.Queue_len=1540
left_count: 500
更新树花时间为: 44
写数据库IO花时间为: 55
编号为 13 的区块已加入本地区块链！curBlock: 
blockHeader: 
[0ce1f728bd3338901a16e9af129d1cbf2862a37d7147c62481e40f8bd7f31836 3bb5f60f3e948fb7a80a4180aab21104709ee720263743796d91072a80d887f5 b8f4039a34434629f689853441ee9382ceacda9ccf44caf90eee4d04be4ecdc9 13 1780542780]
# of transactions: 500
# of TXmig1s: 0
# of In1s: 0
# of Anns: 0
# of NSs: 0
blockHash: 
3475bb3d96d3d33568b34d02f4d426c3209bb05539ee85a7b14691a723d97378

第13个块开始准备relay

[Propose wait] S0 N0 spin=1 epoch=14 now=1780542780 InitTime=1780542752 lastpropose=1780542780 wallGap=28 need>=26 ok1=true lastGap=0 need>=2 ok2=false
[handleTxFromClient] S0 N0 recv client batch, tx_count=489
[handleTxFromClient] S0 N0 append to Tx_pool.Queue: local_queued=489 forward_other_shard=0 Queue_total_len=1529

第13个块结束relay

[Propose wait] S0 N0 spin=50 epoch=14 now=1780542781 InitTime=1780542752 lastpropose=1780542780 wallGap=29 need>=26 ok1=true lastGap=1 need>=2 ok2=false
[Propose] S0 N0 时间条件满足: epoch=14->15 now=1780542782 InitTime=1780542752 lastpropose=1780542780 wallGap=30>=26 lastGap=2>=2 → propose1
[Propose] S0 N0 等待 sequenceLock…
[Propose] S0 N0 已持有 sequenceLock，seqID=14 即将 propose1
[propose1] S0 N0 seq=14 Tx_pool.Queue_len=1704
left_count: 500
更新树花时间为: 42
写数据库IO花时间为: 73
编号为 14 的区块已加入本地区块链！curBlock: 
blockHeader: 
[3475bb3d96d3d33568b34d02f4d426c3209bb05539ee85a7b14691a723d97378 a5a552a4cb76003fe53fd075ad5e57dc6aff4ca9190ed53e5c82826d45156e4a 2d73a18606cfb4a23997e9c60f009cadcfa44034a18d9045d13862abbc6ee53a 14 1780542782]
# of transactions: 500
# of TXmig1s: 0
# of In1s: 0
# of Anns: 0
# of NSs: 0
blockHash: 
11a80c8bef36b47823111cff8c9f8a0de1d5fc6a30b619c01838d69d66684679

第14个块开始准备relay

[Propose wait] S0 N0 spin=1 epoch=15 now=1780542782 InitTime=1780542752 lastpropose=1780542782 wallGap=30 need>=28 ok1=true lastGap=0 need>=2 ok2=false
[handleTxFromClient] S0 N0 recv client batch, tx_count=496
[handleTxFromClient] S0 N0 append to Tx_pool.Queue: local_queued=496 forward_other_shard=0 Queue_total_len=1700

第14个块结束relay

[Propose wait] S0 N0 spin=50 epoch=15 now=1780542783 InitTime=1780542752 lastpropose=1780542782 wallGap=31 need>=28 ok1=true lastGap=1 need>=2 ok2=false
[Propose] S0 N0 时间条件满足: epoch=15->16 now=1780542784 InitTime=1780542752 lastpropose=1780542782 wallGap=32>=28 lastGap=2>=2 → propose1
[Propose] S0 N0 等待 sequenceLock…
[Propose] S0 N0 已持有 sequenceLock，seqID=15 即将 propose1
[propose1] S0 N0 seq=15 Tx_pool.Queue_len=1861
left_count: 500
更新树花时间为: 43
写数据库IO花时间为: 76
编号为 15 的区块已加入本地区块链！curBlock: 
blockHeader: 
[11a80c8bef36b47823111cff8c9f8a0de1d5fc6a30b619c01838d69d66684679 1fbfa591f8bb267265790bda167ad1ae0c94a6a365f8cd750e4f5a2f63d172e9 3d682a808aff32863e34c47b7ce3369aa40bf37fee2eb52bfa7754ab7632b287 15 1780542784]
# of transactions: 500
# of TXmig1s: 0
# of In1s: 0
# of Anns: 0
# of NSs: 0
blockHash: 
7f65a66efc7b41effe5ab9d87e7a321cea68f382cb99215c0d2529f9bbf4b4fa

第15个块开始准备relay

[Propose wait] S0 N0 spin=1 epoch=16 now=1780542784 InitTime=1780542752 lastpropose=1780542784 wallGap=32 need>=30 ok1=true lastGap=0 need>=2 ok2=false
[handleTxFromClient] S0 N0 recv client batch, tx_count=468
[handleTxFromClient] S0 N0 append to Tx_pool.Queue: local_queued=468 forward_other_shard=0 Queue_total_len=1829

第15个块结束relay

[Propose wait] S0 N0 spin=50 epoch=16 now=1780542785 InitTime=1780542752 lastpropose=1780542784 wallGap=33 need>=30 ok1=true lastGap=1 need>=2 ok2=false
[Propose] S0 N0 时间条件满足: epoch=16->17 now=1780542786 InitTime=1780542752 lastpropose=1780542784 wallGap=34>=30 lastGap=2>=2 → propose1
[Propose] S0 N0 等待 sequenceLock…
[Propose] S0 N0 已持有 sequenceLock，seqID=16 即将 propose1
[propose1] S0 N0 seq=16 Tx_pool.Queue_len=1988
left_count: 500
更新树花时间为: 57
写数据库IO花时间为: 67
编号为 16 的区块已加入本地区块链！curBlock: 
blockHeader: 
[7f65a66efc7b41effe5ab9d87e7a321cea68f382cb99215c0d2529f9bbf4b4fa 7577f89ff33ea8176f728a20ac7435563399c17e4242006e0b03db2c32904338 e058e1618664f2a79c52418c0caaaeb668e6fbce0b0c01facd45984f0891853d 16 1780542786]
# of transactions: 500
# of TXmig1s: 0
# of In1s: 0
# of Anns: 0
# of NSs: 0
blockHash: 
ece75748dc2108548a7eb1814f3ff533500096238985db64b32a318098e1e9da

第16个块开始准备relay

[Propose wait] S0 N0 spin=1 epoch=17 now=1780542786 InitTime=1780542752 lastpropose=1780542786 wallGap=34 need>=32 ok1=true lastGap=0 need>=2 ok2=false
[handleTxFromClient] S0 N0 recv client batch, tx_count=489
[handleTxFromClient] S0 N0 append to Tx_pool.Queue: local_queued=489 forward_other_shard=0 Queue_total_len=1977

第16个块结束relay

[Propose wait] S0 N0 spin=50 epoch=17 now=1780542787 InitTime=1780542752 lastpropose=1780542786 wallGap=35 need>=32 ok1=true lastGap=1 need>=2 ok2=false
[Propose] S0 N0 时间条件满足: epoch=17->18 now=1780542788 InitTime=1780542752 lastpropose=1780542786 wallGap=36>=32 lastGap=2>=2 → propose1
[Propose] S0 N0 等待 sequenceLock…
[Propose] S0 N0 已持有 sequenceLock，seqID=17 即将 propose1
[propose1] S0 N0 seq=17 Tx_pool.Queue_len=2128
left_count: 500
更新树花时间为: 38
写数据库IO花时间为: 48
编号为 17 的区块已加入本地区块链！curBlock: 
blockHeader: 
[ece75748dc2108548a7eb1814f3ff533500096238985db64b32a318098e1e9da de2627a5181c12dbe256822a8016ac81e62ca646226dcf41501b5e3324524ba1 73deecbf1b068a31a8a57b88b4ccfb1b054f4247bee1d57e7c2650914fcd0f7f 17 1780542788]
# of transactions: 500
# of TXmig1s: 0
# of In1s: 0
# of Anns: 0
# of NSs: 0
blockHash: 
b10a6ef2de5de539821011c052fac51a50fdf8c833cdadede1e308880749efa6

第17个块开始准备relay

[Propose wait] S0 N0 spin=1 epoch=18 now=1780542788 InitTime=1780542752 lastpropose=1780542788 wallGap=36 need>=34 ok1=true lastGap=0 need>=2 ok2=false
[handleTxFromClient] S0 N0 recv client batch, tx_count=166
[handleTxFromClient] S0 N0 append to Tx_pool.Queue: local_queued=166 forward_other_shard=0 Queue_total_len=1794

第17个块结束relay

[Propose wait] S0 N0 spin=50 epoch=18 now=1780542789 InitTime=1780542752 lastpropose=1780542788 wallGap=37 need>=34 ok1=true lastGap=1 need>=2 ok2=false
[Propose] S0 N0 时间条件满足: epoch=18->19 now=1780542790 InitTime=1780542752 lastpropose=1780542788 wallGap=38>=34 lastGap=2>=2 → propose1
[Propose] S0 N0 等待 sequenceLock…
[Propose] S0 N0 已持有 sequenceLock，seqID=18 即将 propose1
[propose1] S0 N0 seq=18 Tx_pool.Queue_len=1932
left_count: 500
更新树花时间为: 32
写数据库IO花时间为: 54
编号为 18 的区块已加入本地区块链！curBlock: 
blockHeader: 
[b10a6ef2de5de539821011c052fac51a50fdf8c833cdadede1e308880749efa6 702a54ced50fa6653120c815af1879afa84362d423b37bcbaa069e844c08868a fbbc3a098d7a1cab0dcba4f055cc120b5a354183ebd2780c02d1e584ad220a30 18 1780542790]
# of transactions: 500
# of TXmig1s: 0
# of In1s: 0
# of Anns: 0
# of NSs: 0
blockHash: 
12d72c8ed95c47073c3f6af05f664a67570b09465ecdea4f68d3a4e1d3539707

第18个块开始准备relay

[Propose wait] S0 N0 spin=1 epoch=19 now=1780542790 InitTime=1780542752 lastpropose=1780542790 wallGap=38 need>=36 ok1=true lastGap=0 need>=2 ok2=false
[handleTxFromClient] S0 N0 recv client batch, tx_count=167
[handleTxFromClient] S0 N0 append to Tx_pool.Queue: local_queued=167 forward_other_shard=0 Queue_total_len=1599

第18个块结束relay

[Propose wait] S0 N0 spin=50 epoch=19 now=1780542791 InitTime=1780542752 lastpropose=1780542790 wallGap=39 need>=36 ok1=true lastGap=1 need>=2 ok2=false
[Propose] S0 N0 时间条件满足: epoch=19->20 now=1780542792 InitTime=1780542752 lastpropose=1780542790 wallGap=40>=36 lastGap=2>=2 → propose1
[Propose] S0 N0 等待 sequenceLock…
[Propose] S0 N0 已持有 sequenceLock，seqID=19 即将 propose1
[propose1] S0 N0 seq=19 Tx_pool.Queue_len=1757
left_count: 500
更新树花时间为: 32
写数据库IO花时间为: 45
编号为 19 的区块已加入本地区块链！curBlock: 
blockHeader: 
[12d72c8ed95c47073c3f6af05f664a67570b09465ecdea4f68d3a4e1d3539707 ea2b2f697b3c341cfeb8baeb27ebfe3488ac93b00a9944951ea94c30712e787e acdb4004640292cf8cdd432b4fb4580cc890b836cfcffa161512b313b3e8d88b 19 1780542792]
# of transactions: 500
# of TXmig1s: 0
# of In1s: 0
# of Anns: 0
# of NSs: 0
blockHash: 
dbda48dee812e2319732760e082708c94f0f36f7130e34462f6006b896ff91ca

第19个块开始准备relay

[Propose wait] S0 N0 spin=1 epoch=20 now=1780542792 InitTime=1780542752 lastpropose=1780542792 wallGap=40 need>=38 ok1=true lastGap=0 need>=2 ok2=false
[handleTxFromClient] S0 N0 recv client batch, tx_count=555
[handleTxFromClient] S0 N0 append to Tx_pool.Queue: local_queued=555 forward_other_shard=0 Queue_total_len=1812

第19个块结束relay

[Propose wait] S0 N0 spin=50 epoch=20 now=1780542793 InitTime=1780542752 lastpropose=1780542792 wallGap=41 need>=38 ok1=true lastGap=1 need>=2 ok2=false
[Propose] S0 N0 时间条件满足: epoch=20->21 now=1780542794 InitTime=1780542752 lastpropose=1780542792 wallGap=42>=38 lastGap=2>=2 → propose1
[Propose] S0 N0 等待 sequenceLock…
[Propose] S0 N0 已持有 sequenceLock，seqID=20 即将 propose1
[propose1] S0 N0 seq=20 Tx_pool.Queue_len=1918
left_count: 500
更新树花时间为: 37
写数据库IO花时间为: 43
编号为 20 的区块已加入本地区块链！curBlock: 
blockHeader: 
[dbda48dee812e2319732760e082708c94f0f36f7130e34462f6006b896ff91ca d1d4e2e26416567ce38a827e42e396a7ae8145161ed406422985bbd46a2072a4 7022076dbc7cd3bb23a980e20a3a55035908314c509e8c3d0aba0fca8d324546 20 1780542794]
# of transactions: 500
# of TXmig1s: 0
# of In1s: 0
# of Anns: 0
# of NSs: 0
blockHash: 
93bc8788f487d21f9df518f44aabf149bbb4b5069dfff3fc1398b3d40b74093b

第20个块开始准备relay

[Propose wait] S0 N0 spin=1 epoch=21 now=1780542794 InitTime=1780542752 lastpropose=1780542794 wallGap=42 need>=40 ok1=true lastGap=0 need>=2 ok2=false
[handleTxFromClient] S0 N0 recv client batch, tx_count=47
[handleTxFromClient] S0 N0 append to Tx_pool.Queue: local_queued=47 forward_other_shard=0 Queue_total_len=1465

第20个块结束relay

[Propose wait] S0 N0 spin=50 epoch=21 now=1780542795 InitTime=1780542752 lastpropose=1780542794 wallGap=43 need>=40 ok1=true lastGap=1 need>=2 ok2=false
[Propose] S0 N0 时间条件满足: epoch=21->22 now=1780542796 InitTime=1780542752 lastpropose=1780542794 wallGap=44>=40 lastGap=2>=2 → propose1
[Propose] S0 N0 等待 sequenceLock…
[Propose] S0 N0 已持有 sequenceLock，seqID=21 即将 propose1
[propose1] S0 N0 seq=21 Tx_pool.Queue_len=1715
left_count: 500
本节点已接收到client发来准备迁移通知
更新树花时间为: 57
写数据库IO花时间为: 62
编号为 21 的区块已加入本地区块链！curBlock: 
blockHeader: 
[93bc8788f487d21f9df518f44aabf149bbb4b5069dfff3fc1398b3d40b74093b e98781d226cf3437728f4af41894d561e78607212b92377a57a105da64eb92f8 7bc8802d7ba1f65419fb3f636c8fa7474c7339cebbdffd055bbd397fb42c7620 21 1780542796]
# of transactions: 500
# of TXmig1s: 0
# of In1s: 0
# of Anns: 0
# of NSs: 0
blockHash: 
6a0a2916265ab88aa58e9e90e7c0e64aec4003a0113515924b5137aa4f1319d3
[Propose wait] S0 N0 spin=1 epoch=22 now=1780542796 InitTime=1780542752 lastpropose=1780542796 wallGap=44 need>=42 ok1=true lastGap=0 need>=2 ok2=false

第21个块开始准备relay

本节点已将 pending 发送到 client（1215 笔）
[handleTxFromClient] S0 N0 recv client batch, tx_count=6
[SyncProbe][Ingress] shard=S0 node=N0 tx=9000000001 senderSID=0 recSID=0 local=true tag=0 isRelay=false
[SyncProbe][Redirect] tx=9000000001 跳过重定向: 无MigCtx或非new(txRT=1)
[SyncProbe][Ingress] shard=S0 node=N0 tx=9000000003 senderSID=0 recSID=0 local=true tag=0 isRelay=false
[SyncProbe][Redirect] tx=9000000003 跳过重定向: 无MigCtx或非new(txRT=1)
[SyncProbe][Ingress] shard=S0 node=N0 tx=9000000011 senderSID=0 recSID=0 local=true tag=0 isRelay=false
[SyncProbe][Redirect] tx=9000000011 跳过重定向: 无MigCtx或非new(txRT=1)
[SyncProbe][Ingress] shard=S0 node=N0 tx=9000000013 senderSID=0 recSID=0 local=true tag=0 isRelay=false
[SyncProbe][Redirect] tx=9000000013 跳过重定向: 无MigCtx或非new(txRT=1)
[SyncProbe][Ingress] shard=S0 node=N0 tx=9000000021 senderSID=0 recSID=0 local=true tag=0 isRelay=false
[SyncProbe][Redirect] tx=9000000021 跳过重定向: 无MigCtx或非new(txRT=1)
[SyncProbe][Ingress] shard=S0 node=N0 tx=9000000023 senderSID=0 recSID=0 local=true tag=0 isRelay=false
[SyncProbe][Redirect] tx=9000000023 跳过重定向: 无MigCtx或非new(txRT=1)
[SyncProbe][Ingress] shard=S0 tx=9000000001 本片入池(立即入池路径)
[SyncProbe][Ingress] shard=S0 tx=9000000003 本片入池(立即入池路径)
[SyncProbe][Ingress] shard=S0 tx=9000000011 本片入池(立即入池路径)
[SyncProbe][Ingress] shard=S0 tx=9000000013 本片入池(立即入池路径)
[SyncProbe][Ingress] shard=S0 tx=9000000021 本片入池(立即入池路径)
[SyncProbe][Ingress] shard=S0 tx=9000000023 本片入池(立即入池路径)
[handleTxFromClient] S0 N0 append to Tx_pool.Queue: local_queued=6 forward_other_shard=0 Queue_total_len=1221
[handleTxFromClient] S0 N0 recv client batch, tx_count=25
[handleTxFromClient] S0 N0 append to Tx_pool.Queue: local_queued=25 forward_other_shard=0 Queue_total_len=1246

第21个块结束relay

本节点已接收到客户端发送的新映射
[SyncProbe] S0 账户 f341cafc9ba3d91ef98c9ef811170c1c5f1ef28e NewMap 后提前 Pause suffix-old（逻辑 tx2=9000000002），等待 PhaseB 真实 tx2
[SyncProbe]   Paused txId=9000000003
[SyncProbe] S0 账户 96904d8c1f1c88dfb6cfba916396bf4beabcf454 NewMap 后提前 Pause suffix-old（逻辑 tx2=9000000012），等待 PhaseB 真实 tx2
[SyncProbe]   Paused txId=9000000013
[SyncProbe] S0 账户 9e9ff119553d7ad5d40d1cd4c39aba4901955470 NewMap 后提前 Pause suffix-old（逻辑 tx2=9000000022），等待 PhaseB 真实 tx2
[SyncProbe]   Paused txId=9000000023
[Propose wait] S0 N0 spin=50 epoch=22 now=1780542797 InitTime=1780542752 lastpropose=1780542796 wallGap=45 need>=42 ok1=true lastGap=1 need>=2 ok2=false
[Propose] S0 N0 时间条件满足: epoch=22->23 now=1780542798 InitTime=1780542752 lastpropose=1780542796 wallGap=46>=42 lastGap=2>=2 → propose1
[Propose] S0 N0 等待 sequenceLock…
[Propose] S0 N0 已持有 sequenceLock，seqID=22 即将 propose1
[propose1] S0 N0 seq=22 Tx_pool.Queue_len=1423
left_count: 200
更新树花时间为: 55
写数据库IO花时间为: 78
编号为 22 的区块已加入本地区块链！curBlock: 
blockHeader: 
[6a0a2916265ab88aa58e9e90e7c0e64aec4003a0113515924b5137aa4f1319d3 f1666927e53c618f9f2c2385127bc50348538a0aadcb7dfa2b4a238d2006349b 5dc6e52b6aae1df829e78735ce37ad657fd1b5f31778da4397dd8a4dd941f02c 22 1780542798]
# of transactions: 200
# of TXmig1s: 300
# of In1s: 0
# of Anns: 0
# of NSs: 0
blockHash: 
2af7e7f60f3a049984e23813963b05f87e0ac0ba59ffcdd9114bf35bc44d5324

第22个块开始准备relay

[MVSS+] 源片 S0 账户 9e9ff119553d7ad5d40d1cd4c39aba4901955470 prefix old 就绪，发送 State_ini sync
[SyncLog] write ok shard=S0 node=N0 event=send mode=delta count=1
[MVSS+] 源片 S0 账户 f341cafc9ba3d91ef98c9ef811170c1c5f1ef28e prefix old 就绪，发送 State_ini sync
[SyncLog] write ok shard=S0 node=N0 event=send mode=delta count=2
[MVSS+] 源片 S0 账户 96904d8c1f1c88dfb6cfba916396bf4beabcf454 prefix old 就绪，发送 State_ini sync
[SyncLog] write ok shard=S0 node=N0 event=send mode=delta count=3
[Propose wait] S0 N0 spin=1 epoch=23 now=1780542798 InitTime=1780542752 lastpropose=1780542798 wallGap=46 need>=44 ok1=true lastGap=0 need>=2 ok2=false

第22个块结束relay

[handleTxFromClient] S0 N0 recv client batch, tx_count=30
[handleTxFromClient] S0 N0 append to Tx_pool.Queue: local_queued=30 forward_other_shard=0 Queue_total_len=1285
[handleTxFromClient] S0 N0 recv client batch, tx_count=1
[handleTxFromClient] S0 N0 append to Tx_pool.Queue: local_queued=0 forward_other_shard=1 Queue_total_len=1285
[handleTxFromClient] S0 N0 recv client batch, tx_count=1
[handleTxFromClient] S0 N0 append to Tx_pool.Queue: local_queued=0 forward_other_shard=1 Queue_total_len=1285
[handleTxFromClient] S0 N0 recv client batch, tx_count=1
[handleTxFromClient] S0 N0 append to Tx_pool.Queue: local_queued=0 forward_other_shard=1 Queue_total_len=1285
[handleTxFromClient] S0 N0 recv client batch, tx_count=1
[handleTxFromClient] S0 N0 append to Tx_pool.Queue: local_queued=0 forward_other_shard=1 Queue_total_len=1285
[handleTxFromClient] S0 N0 recv client batch, tx_count=1
[handleTxFromClient] S0 N0 append to Tx_pool.Queue: local_queued=0 forward_other_shard=1 Queue_total_len=1285
[handleTxFromClient] S0 N0 recv client batch, tx_count=1
[handleTxFromClient] S0 N0 append to Tx_pool.Queue: local_queued=0 forward_other_shard=1 Queue_total_len=1285
[handleTxFromClient] S0 N0 recv client batch, tx_count=1
[handleTxFromClient] S0 N0 append to Tx_pool.Queue: local_queued=0 forward_other_shard=1 Queue_total_len=1285
[handleTxFromClient] S0 N0 recv client batch, tx_count=1
[handleTxFromClient] S0 N0 append to Tx_pool.Queue: local_queued=0 forward_other_shard=1 Queue_total_len=1285
[handleTxFromClient] S0 N0 recv client batch, tx_count=1
[handleTxFromClient] S0 N0 append to Tx_pool.Queue: local_queued=0 forward_other_shard=1 Queue_total_len=1285
[handleTxFromClient] S0 N0 recv client batch, tx_count=1
[handleTxFromClient] S0 N0 append to Tx_pool.Queue: local_queued=0 forward_other_shard=1 Queue_total_len=1285
[handleTxFromClient] S0 N0 recv client batch, tx_count=1
[handleTxFromClient] S0 N0 append to Tx_pool.Queue: local_queued=0 forward_other_shard=1 Queue_total_len=1285
[handleTxFromClient] S0 N0 recv client batch, tx_count=1
[handleTxFromClient] S0 N0 append to Tx_pool.Queue: local_queued=0 forward_other_shard=1 Queue_total_len=1285
[handleTxFromClient] S0 N0 recv client batch, tx_count=1
[handleTxFromClient] S0 N0 append to Tx_pool.Queue: local_queued=0 forward_other_shard=1 Queue_total_len=1285
[handleTxFromClient] S0 N0 recv client batch, tx_count=1
[handleTxFromClient] S0 N0 append to Tx_pool.Queue: local_queued=0 forward_other_shard=1 Queue_total_len=1285
[handleTxFromClient] S0 N0 recv client batch, tx_count=1
[handleTxFromClient] S0 N0 append to Tx_pool.Queue: local_queued=0 forward_other_shard=1 Queue_total_len=1285
[handleTxFromClient] S0 N0 recv client batch, tx_count=1
[handleTxFromClient] S0 N0 append to Tx_pool.Queue: local_queued=0 forward_other_shard=1 Queue_total_len=1285
[handleTxFromClient] S0 N0 recv client batch, tx_count=1
[handleTxFromClient] S0 N0 append to Tx_pool.Queue: local_queued=0 forward_other_shard=1 Queue_total_len=1285
[handleTxFromClient] S0 N0 recv client batch, tx_count=1
[handleTxFromClient] S0 N0 append to Tx_pool.Queue: local_queued=0 forward_other_shard=1 Queue_total_len=1285
[handleTxFromClient] S0 N0 recv client batch, tx_count=1
[handleTxFromClient] S0 N0 append to Tx_pool.Queue: local_queued=0 forward_other_shard=1 Queue_total_len=1285
[handleTxFromClient] S0 N0 recv client batch, tx_count=1
[handleTxFromClient] S0 N0 append to Tx_pool.Queue: local_queued=0 forward_other_shard=1 Queue_total_len=1285
[handleTxFromClient] S0 N0 recv client batch, tx_count=1
[handleTxFromClient] S0 N0 append to Tx_pool.Queue: local_queued=0 forward_other_shard=1 Queue_total_len=1285
[handleTxFromClient] S0 N0 recv client batch, tx_count=1
[handleTxFromClient] S0 N0 append to Tx_pool.Queue: local_queued=0 forward_other_shard=1 Queue_total_len=1285
[handleTxFromClient] S0 N0 recv client batch, tx_count=1
[handleTxFromClient] S0 N0 append to Tx_pool.Queue: local_queued=0 forward_other_shard=1 Queue_total_len=1285
[handleTxFromClient] S0 N0 recv client batch, tx_count=1
[handleTxFromClient] S0 N0 append to Tx_pool.Queue: local_queued=0 forward_other_shard=1 Queue_total_len=1285
[handleTxFromClient] S0 N0 recv client batch, tx_count=1
[handleTxFromClient] S0 N0 append to Tx_pool.Queue: local_queued=0 forward_other_shard=1 Queue_total_len=1285
[handleTxFromClient] S0 N0 recv client batch, tx_count=1
[handleTxFromClient] S0 N0 append to Tx_pool.Queue: local_queued=0 forward_other_shard=1 Queue_total_len=1285
[handleTxFromClient] S0 N0 recv client batch, tx_count=1
[handleTxFromClient] S0 N0 append to Tx_pool.Queue: local_queued=0 forward_other_shard=1 Queue_total_len=1285
[handleTxFromClient] S0 N0 recv client batch, tx_count=1
[handleTxFromClient] S0 N0 append to Tx_pool.Queue: local_queued=0 forward_other_shard=1 Queue_total_len=1285
[handleTxFromClient] S0 N0 recv client batch, tx_count=1
[handleTxFromClient] S0 N0 append to Tx_pool.Queue: local_queued=0 forward_other_shard=1 Queue_total_len=1285
[handleTxFromClient] S0 N0 recv client batch, tx_count=1
[handleTxFromClient] S0 N0 append to Tx_pool.Queue: local_queued=0 forward_other_shard=1 Queue_total_len=1285
[handleTxFromClient] S0 N0 recv client batch, tx_count=1
[handleTxFromClient] S0 N0 append to Tx_pool.Queue: local_queued=0 forward_other_shard=1 Queue_total_len=1285
[handleTxFromClient] S0 N0 recv client batch, tx_count=1
[handleTxFromClient] S0 N0 append to Tx_pool.Queue: local_queued=0 forward_other_shard=1 Queue_total_len=1285
[handleTxFromClient] S0 N0 recv client batch, tx_count=1
[handleTxFromClient] S0 N0 append to Tx_pool.Queue: local_queued=0 forward_other_shard=1 Queue_total_len=1285
[handleTxFromClient] S0 N0 recv client batch, tx_count=1
[handleTxFromClient] S0 N0 append to Tx_pool.Queue: local_queued=0 forward_other_shard=1 Queue_total_len=1285
[handleTxFromClient] S0 N0 recv client batch, tx_count=1
[handleTxFromClient] S0 N0 append to Tx_pool.Queue: local_queued=0 forward_other_shard=1 Queue_total_len=1285
[handleTxFromClient] S0 N0 recv client batch, tx_count=1
[handleTxFromClient] S0 N0 append to Tx_pool.Queue: local_queued=0 forward_other_shard=1 Queue_total_len=1285
[handleTxFromClient] S0 N0 recv client batch, tx_count=1
[handleTxFromClient] S0 N0 append to Tx_pool.Queue: local_queued=0 forward_other_shard=1 Queue_total_len=1285
[handleTxFromClient] S0 N0 recv client batch, tx_count=1
[handleTxFromClient] S0 N0 append to Tx_pool.Queue: local_queued=0 forward_other_shard=1 Queue_total_len=1285
[handleTxFromClient] S0 N0 recv client batch, tx_count=1
[handleTxFromClient] S0 N0 append to Tx_pool.Queue: local_queued=0 forward_other_shard=1 Queue_total_len=1285
[handleTxFromClient] S0 N0 recv client batch, tx_count=1
[handleTxFromClient] S0 N0 append to Tx_pool.Queue: local_queued=0 forward_other_shard=1 Queue_total_len=1285
[handleTxFromClient] S0 N0 recv client batch, tx_count=1
[handleTxFromClient] S0 N0 append to Tx_pool.Queue: local_queued=0 forward_other_shard=1 Queue_total_len=1285
[handleTxFromClient] S0 N0 recv client batch, tx_count=1
[handleTxFromClient] S0 N0 append to Tx_pool.Queue: local_queued=0 forward_other_shard=1 Queue_total_len=1285
[handleTxFromClient] S0 N0 recv client batch, tx_count=1
[handleTxFromClient] S0 N0 append to Tx_pool.Queue: local_queued=0 forward_other_shard=1 Queue_total_len=1285
[handleTxFromClient] S0 N0 recv client batch, tx_count=1
[handleTxFromClient] S0 N0 append to Tx_pool.Queue: local_queued=0 forward_other_shard=1 Queue_total_len=1285
[handleTxFromClient] S0 N0 recv client batch, tx_count=1
[handleTxFromClient] S0 N0 append to Tx_pool.Queue: local_queued=0 forward_other_shard=1 Queue_total_len=1285
[handleTxFromClient] S0 N0 recv client batch, tx_count=1
[handleTxFromClient] S0 N0 append to Tx_pool.Queue: local_queued=0 forward_other_shard=1 Queue_total_len=1285
[handleTxFromClient] S0 N0 recv client batch, tx_count=1
[handleTxFromClient] S0 N0 append to Tx_pool.Queue: local_queued=0 forward_other_shard=1 Queue_total_len=1285
[handleTxFromClient] S0 N0 recv client batch, tx_count=1
[handleTxFromClient] S0 N0 append to Tx_pool.Queue: local_queued=0 forward_other_shard=1 Queue_total_len=1285
[handleTxFromClient] S0 N0 recv client batch, tx_count=1
[handleTxFromClient] S0 N0 append to Tx_pool.Queue: local_queued=0 forward_other_shard=1 Queue_total_len=1285
[handleTxFromClient] S0 N0 recv client batch, tx_count=1
[handleTxFromClient] S0 N0 append to Tx_pool.Queue: local_queued=0 forward_other_shard=1 Queue_total_len=1285
[handleTxFromClient] S0 N0 recv client batch, tx_count=1
[handleTxFromClient] S0 N0 append to Tx_pool.Queue: local_queued=0 forward_other_shard=1 Queue_total_len=1285
[handleTxFromClient] S0 N0 recv client batch, tx_count=1
[handleTxFromClient] S0 N0 append to Tx_pool.Queue: local_queued=0 forward_other_shard=1 Queue_total_len=1285
[handleTxFromClient] S0 N0 recv client batch, tx_count=1
[handleTxFromClient] S0 N0 append to Tx_pool.Queue: local_queued=0 forward_other_shard=1 Queue_total_len=1285
[handleTxFromClient] S0 N0 recv client batch, tx_count=1
[handleTxFromClient] S0 N0 append to Tx_pool.Queue: local_queued=0 forward_other_shard=1 Queue_total_len=1285
[handleTxFromClient] S0 N0 recv client batch, tx_count=1
[handleTxFromClient] S0 N0 append to Tx_pool.Queue: local_queued=0 forward_other_shard=1 Queue_total_len=1285
[handleTxFromClient] S0 N0 recv client batch, tx_count=1
[handleTxFromClient] S0 N0 append to Tx_pool.Queue: local_queued=0 forward_other_shard=1 Queue_total_len=1285
[handleTxFromClient] S0 N0 recv client batch, tx_count=1
[handleTxFromClient] S0 N0 append to Tx_pool.Queue: local_queued=0 forward_other_shard=1 Queue_total_len=1285
[handleTxFromClient] S0 N0 recv client batch, tx_count=1
[handleTxFromClient] S0 N0 append to Tx_pool.Queue: local_queued=0 forward_other_shard=1 Queue_total_len=1285
[handleTxFromClient] S0 N0 recv client batch, tx_count=1
[handleTxFromClient] S0 N0 append to Tx_pool.Queue: local_queued=0 forward_other_shard=1 Queue_total_len=1285
[handleTxFromClient] S0 N0 recv client batch, tx_count=1
[handleTxFromClient] S0 N0 append to Tx_pool.Queue: local_queued=0 forward_other_shard=1 Queue_total_len=1285
[handleTxFromClient] S0 N0 recv client batch, tx_count=1
[handleTxFromClient] S0 N0 append to Tx_pool.Queue: local_queued=0 forward_other_shard=1 Queue_total_len=1285
[handleTxFromClient] S0 N0 recv client batch, tx_count=1
[handleTxFromClient] S0 N0 append to Tx_pool.Queue: local_queued=0 forward_other_shard=1 Queue_total_len=1285
[handleTxFromClient] S0 N0 recv client batch, tx_count=1
[handleTxFromClient] S0 N0 append to Tx_pool.Queue: local_queued=0 forward_other_shard=1 Queue_total_len=1285
[handleTxFromClient] S0 N0 recv client batch, tx_count=1
[handleTxFromClient] S0 N0 append to Tx_pool.Queue: local_queued=0 forward_other_shard=1 Queue_total_len=1285
[handleTxFromClient] S0 N0 recv client batch, tx_count=1
[handleTxFromClient] S0 N0 append to Tx_pool.Queue: local_queued=0 forward_other_shard=1 Queue_total_len=1285
[handleTxFromClient] S0 N0 recv client batch, tx_count=1
[handleTxFromClient] S0 N0 append to Tx_pool.Queue: local_queued=0 forward_other_shard=1 Queue_total_len=1285
[handleTxFromClient] S0 N0 recv client batch, tx_count=1
[handleTxFromClient] S0 N0 append to Tx_pool.Queue: local_queued=0 forward_other_shard=1 Queue_total_len=1285
[handleTxFromClient] S0 N0 recv client batch, tx_count=1
[handleTxFromClient] S0 N0 append to Tx_pool.Queue: local_queued=0 forward_other_shard=1 Queue_total_len=1285
[handleTxFromClient] S0 N0 recv client batch, tx_count=1
[handleTxFromClient] S0 N0 append to Tx_pool.Queue: local_queued=0 forward_other_shard=1 Queue_total_len=1285
[handleTxFromClient] S0 N0 recv client batch, tx_count=1
[handleTxFromClient] S0 N0 append to Tx_pool.Queue: local_queued=0 forward_other_shard=1 Queue_total_len=1285
[handleTxFromClient] S0 N0 recv client batch, tx_count=1
[handleTxFromClient] S0 N0 append to Tx_pool.Queue: local_queued=0 forward_other_shard=1 Queue_total_len=1285
[handleTxFromClient] S0 N0 recv client batch, tx_count=1
[handleTxFromClient] S0 N0 append to Tx_pool.Queue: local_queued=0 forward_other_shard=1 Queue_total_len=1285
[handleTxFromClient] S0 N0 recv client batch, tx_count=1
[handleTxFromClient] S0 N0 append to Tx_pool.Queue: local_queued=0 forward_other_shard=1 Queue_total_len=1285
[handleTxFromClient] S0 N0 recv client batch, tx_count=1
[handleTxFromClient] S0 N0 append to Tx_pool.Queue: local_queued=0 forward_other_shard=1 Queue_total_len=1285
[handleTxFromClient] S0 N0 recv client batch, tx_count=1
[handleTxFromClient] S0 N0 append to Tx_pool.Queue: local_queued=0 forward_other_shard=1 Queue_total_len=1285
[handleTxFromClient] S0 N0 recv client batch, tx_count=1
[handleTxFromClient] S0 N0 append to Tx_pool.Queue: local_queued=0 forward_other_shard=1 Queue_total_len=1285
[handleTxFromClient] S0 N0 recv client batch, tx_count=1
[handleTxFromClient] S0 N0 append to Tx_pool.Queue: local_queued=0 forward_other_shard=1 Queue_total_len=1285
[handleTxFromClient] S0 N0 recv client batch, tx_count=1
[handleTxFromClient] S0 N0 append to Tx_pool.Queue: local_queued=0 forward_other_shard=1 Queue_total_len=1285
[handleTxFromClient] S0 N0 recv client batch, tx_count=1
[handleTxFromClient] S0 N0 append to Tx_pool.Queue: local_queued=0 forward_other_shard=1 Queue_total_len=1285
[handleTxFromClient] S0 N0 recv client batch, tx_count=1
[handleTxFromClient] S0 N0 append to Tx_pool.Queue: local_queued=0 forward_other_shard=1 Queue_total_len=1285
[handleTxFromClient] S0 N0 recv client batch, tx_count=1
[handleTxFromClient] S0 N0 append to Tx_pool.Queue: local_queued=0 forward_other_shard=1 Queue_total_len=1285
[handleTxFromClient] S0 N0 recv client batch, tx_count=1
[handleTxFromClient] S0 N0 append to Tx_pool.Queue: local_queued=0 forward_other_shard=1 Queue_total_len=1285
[handleTxFromClient] S0 N0 recv client batch, tx_count=1
[handleTxFromClient] S0 N0 append to Tx_pool.Queue: local_queued=0 forward_other_shard=1 Queue_total_len=1285
[handleTxFromClient] S0 N0 recv client batch, tx_count=1
[handleTxFromClient] S0 N0 append to Tx_pool.Queue: local_queued=0 forward_other_shard=1 Queue_total_len=1285
[handleTxFromClient] S0 N0 recv client batch, tx_count=1
[handleTxFromClient] S0 N0 append to Tx_pool.Queue: local_queued=0 forward_other_shard=1 Queue_total_len=1285
[handleTxFromClient] S0 N0 recv client batch, tx_count=1
[handleTxFromClient] S0 N0 append to Tx_pool.Queue: local_queued=0 forward_other_shard=1 Queue_total_len=1285
[handleTxFromClient] S0 N0 recv client batch, tx_count=1
[handleTxFromClient] S0 N0 append to Tx_pool.Queue: local_queued=0 forward_other_shard=1 Queue_total_len=1285
[handleTxFromClient] S0 N0 recv client batch, tx_count=1
[handleTxFromClient] S0 N0 append to Tx_pool.Queue: local_queued=0 forward_other_shard=1 Queue_total_len=1285
[handleTxFromClient] S0 N0 recv client batch, tx_count=1
[handleTxFromClient] S0 N0 append to Tx_pool.Queue: local_queued=0 forward_other_shard=1 Queue_total_len=1285
[handleTxFromClient] S0 N0 recv client batch, tx_count=1
[handleTxFromClient] S0 N0 append to Tx_pool.Queue: local_queued=0 forward_other_shard=1 Queue_total_len=1285
[handleTxFromClient] S0 N0 recv client batch, tx_count=1
[handleTxFromClient] S0 N0 append to Tx_pool.Queue: local_queued=0 forward_other_shard=1 Queue_total_len=1285
[handleTxFromClient] S0 N0 recv client batch, tx_count=1
[handleTxFromClient] S0 N0 append to Tx_pool.Queue: local_queued=0 forward_other_shard=1 Queue_total_len=1285
[handleTxFromClient] S0 N0 recv client batch, tx_count=1
[handleTxFromClient] S0 N0 append to Tx_pool.Queue: local_queued=0 forward_other_shard=1 Queue_total_len=1285
[handleTxFromClient] S0 N0 recv client batch, tx_count=1
[handleTxFromClient] S0 N0 append to Tx_pool.Queue: local_queued=0 forward_other_shard=1 Queue_total_len=1285
[handleTxFromClient] S0 N0 recv client batch, tx_count=1
[handleTxFromClient] S0 N0 append to Tx_pool.Queue: local_queued=0 forward_other_shard=1 Queue_total_len=1285
[handleTxFromClient] S0 N0 recv client batch, tx_count=1
[handleTxFromClient] S0 N0 append to Tx_pool.Queue: local_queued=0 forward_other_shard=1 Queue_total_len=1285
[handleTxFromClient] S0 N0 recv client batch, tx_count=1
[handleTxFromClient] S0 N0 append to Tx_pool.Queue: local_queued=0 forward_other_shard=1 Queue_total_len=1285
[handleTxFromClient] S0 N0 recv client batch, tx_count=1
[handleTxFromClient] S0 N0 append to Tx_pool.Queue: local_queued=0 forward_other_shard=1 Queue_total_len=1285
[handleTxFromClient] S0 N0 recv client batch, tx_count=1
[handleTxFromClient] S0 N0 append to Tx_pool.Queue: local_queued=0 forward_other_shard=1 Queue_total_len=1285
[handleTxFromClient] S0 N0 recv client batch, tx_count=1
[handleTxFromClient] S0 N0 append to Tx_pool.Queue: local_queued=0 forward_other_shard=1 Queue_total_len=1285
[handleTxFromClient] S0 N0 recv client batch, tx_count=1
[handleTxFromClient] S0 N0 append to Tx_pool.Queue: local_queued=0 forward_other_shard=1 Queue_total_len=1285
[handleTxFromClient] S0 N0 recv client batch, tx_count=1
[handleTxFromClient] S0 N0 append to Tx_pool.Queue: local_queued=0 forward_other_shard=1 Queue_total_len=1285
[handleTxFromClient] S0 N0 recv client batch, tx_count=1
[handleTxFromClient] S0 N0 append to Tx_pool.Queue: local_queued=0 forward_other_shard=1 Queue_total_len=1285
[handleTxFromClient] S0 N0 recv client batch, tx_count=1
[handleTxFromClient] S0 N0 append to Tx_pool.Queue: local_queued=0 forward_other_shard=1 Queue_total_len=1285
[handleTxFromClient] S0 N0 recv client batch, tx_count=1
[handleTxFromClient] S0 N0 append to Tx_pool.Queue: local_queued=0 forward_other_shard=1 Queue_total_len=1285
[handleTxFromClient] S0 N0 recv client batch, tx_count=1
[handleTxFromClient] S0 N0 append to Tx_pool.Queue: local_queued=0 forward_other_shard=1 Queue_total_len=1285
[handleTxFromClient] S0 N0 recv client batch, tx_count=1
[handleTxFromClient] S0 N0 append to Tx_pool.Queue: local_queued=0 forward_other_shard=1 Queue_total_len=1285
[handleTxFromClient] S0 N0 recv client batch, tx_count=1
[handleTxFromClient] S0 N0 append to Tx_pool.Queue: local_queued=0 forward_other_shard=1 Queue_total_len=1285
[handleTxFromClient] S0 N0 recv client batch, tx_count=1
[handleTxFromClient] S0 N0 append to Tx_pool.Queue: local_queued=0 forward_other_shard=1 Queue_total_len=1285
[handleTxFromClient] S0 N0 recv client batch, tx_count=1
[handleTxFromClient] S0 N0 append to Tx_pool.Queue: local_queued=0 forward_other_shard=1 Queue_total_len=1285
[handleTxFromClient] S0 N0 recv client batch, tx_count=1
[handleTxFromClient] S0 N0 append to Tx_pool.Queue: local_queued=0 forward_other_shard=1 Queue_total_len=1285
[handleTxFromClient] S0 N0 recv client batch, tx_count=1
[handleTxFromClient] S0 N0 append to Tx_pool.Queue: local_queued=0 forward_other_shard=1 Queue_total_len=1285
[handleTxFromClient] S0 N0 recv client batch, tx_count=1
[handleTxFromClient] S0 N0 append to Tx_pool.Queue: local_queued=0 forward_other_shard=1 Queue_total_len=1285
[handleTxFromClient] S0 N0 recv client batch, tx_count=1
[handleTxFromClient] S0 N0 append to Tx_pool.Queue: local_queued=0 forward_other_shard=1 Queue_total_len=1285
[handleTxFromClient] S0 N0 recv client batch, tx_count=1
[handleTxFromClient] S0 N0 append to Tx_pool.Queue: local_queued=0 forward_other_shard=1 Queue_total_len=1285
[handleTxFromClient] S0 N0 recv client batch, tx_count=1
[handleTxFromClient] S0 N0 append to Tx_pool.Queue: local_queued=0 forward_other_shard=1 Queue_total_len=1285
[handleTxFromClient] S0 N0 recv client batch, tx_count=1
[handleTxFromClient] S0 N0 append to Tx_pool.Queue: local_queued=0 forward_other_shard=1 Queue_total_len=1285
[handleTxFromClient] S0 N0 recv client batch, tx_count=1
[handleTxFromClient] S0 N0 append to Tx_pool.Queue: local_queued=0 forward_other_shard=1 Queue_total_len=1285
[handleTxFromClient] S0 N0 recv client batch, tx_count=1
[handleTxFromClient] S0 N0 append to Tx_pool.Queue: local_queued=0 forward_other_shard=1 Queue_total_len=1285
[handleTxFromClient] S0 N0 recv client batch, tx_count=1
[handleTxFromClient] S0 N0 append to Tx_pool.Queue: local_queued=0 forward_other_shard=1 Queue_total_len=1285
[handleTxFromClient] S0 N0 recv client batch, tx_count=1
[handleTxFromClient] S0 N0 append to Tx_pool.Queue: local_queued=0 forward_other_shard=1 Queue_total_len=1285
[handleTxFromClient] S0 N0 recv client batch, tx_count=1
[handleTxFromClient] S0 N0 append to Tx_pool.Queue: local_queued=0 forward_other_shard=1 Queue_total_len=1285
[handleTxFromClient] S0 N0 recv client batch, tx_count=1
[handleTxFromClient] S0 N0 append to Tx_pool.Queue: local_queued=0 forward_other_shard=1 Queue_total_len=1285

本节点已接收到分片S1发来的迁移请求 
9999999999999999999999430649140000000000

[handleTxFromClient] S0 N0 recv client batch, tx_count=1
[handleTxFromClient] S0 N0 append to Tx_pool.Queue: local_queued=1 forward_other_shard=0 Queue_total_len=1286
[Propose wait] S0 N0 spin=50 epoch=23 now=1780542799 InitTime=1780542752 lastpropose=1780542798 wallGap=47 need>=44 ok1=true lastGap=1 need>=2 ok2=false
[Propose] S0 N0 时间条件满足: epoch=23->24 now=1780542800 InitTime=1780542752 lastpropose=1780542798 wallGap=48>=44 lastGap=2>=2 → propose1
[Propose] S0 N0 等待 sequenceLock…
[Propose] S0 N0 已持有 sequenceLock，seqID=23 即将 propose1
[propose1] S0 N0 seq=23 Tx_pool.Queue_len=1286
left_count: 200
更新树花时间为: 58
写数据库IO花时间为: 71
编号为 23 的区块已加入本地区块链！curBlock: 
blockHeader: 
[2af7e7f60f3a049984e23813963b05f87e0ac0ba59ffcdd9114bf35bc44d5324 8976eb3ab88ff2b210c883b6ac42e53bd263771c8795097c5cb0379cd546f9bc 0716ee52da042c77c2eefc4b2066ed822c0ef0c77775c1198c6160c1c0459793 23 1780542800]
# of transactions: 200
# of TXmig1s: 228
# of In1s: 72
# of Anns: 0
# of NSs: 0
blockHash: 
3d59bc9325f8184b77232dca1d20e4dee00fc1be0c68db4293670530bd757110

第23个块开始准备relay

[Propose wait] S0 N0 spin=1 epoch=24 now=1780542800 InitTime=1780542752 lastpropose=1780542800 wallGap=48 need>=46 ok1=true lastGap=0 need>=2 ok2=false

第23个块结束relay

[handleTxFromClient] S0 N0 recv client batch, tx_count=19
[handleTxFromClient] S0 N0 append to Tx_pool.Queue: local_queued=18 forward_other_shard=0 Queue_total_len=1113

本节点已接收到分片S1发来的迁移请求 
10000000000000000000000000000000000000000

[Propose wait] S0 N0 spin=50 epoch=24 now=1780542801 InitTime=1780542752 lastpropose=1780542800 wallGap=49 need>=46 ok1=true lastGap=1 need>=2 ok2=false
本节点已接收到分片S1发来通知 
1
2
3
[Propose] S0 N0 时间条件满足: epoch=24->25 now=1780542802 InitTime=1780542752 lastpropose=1780542800 wallGap=50>=46 lastGap=2>=2 → propose1
[Propose] S0 N0 等待 sequenceLock…
[Propose] S0 N0 已持有 sequenceLock，seqID=24 即将 propose1
[propose1] S0 N0 seq=24 Tx_pool.Queue_len=1113
left_count: 200
更新树花时间为: 62
写数据库IO花时间为: 100
编号为 24 的区块已加入本地区块链！curBlock: 
blockHeader: 
[3d59bc9325f8184b77232dca1d20e4dee00fc1be0c68db4293670530bd757110 c1bf41c12e9126fb836df820a15196ad4e6cb05aa85bf635959b4393906fd258 632c6910ed1fcf2e9ed195bb4c4b3d876974311679d2d2470934e64f34acf3e1 24 1780542802]
# of transactions: 200
# of TXmig1s: 0
# of In1s: 300
# of Anns: 0
# of NSs: 0
blockHash: 
610f596afe321bad4e27e5a2f0d429ece4237fa8964752ecd7d813f73e3f0b32

第24个块开始准备relay

[Propose wait] S0 N0 spin=1 epoch=25 now=1780542802 InitTime=1780542752 lastpropose=1780542802 wallGap=50 need>=48 ok1=true lastGap=0 need>=2 ok2=false

第24个块结束relay

[handleTxFromClient] S0 N0 recv client batch, tx_count=26
[handleTxFromClient] S0 N0 append to Tx_pool.Queue: local_queued=26 forward_other_shard=0 Queue_total_len=981
[handleTxFromClient] S0 N0 recv client batch, tx_count=3
[SyncProbe][Ingress] shard=S0 node=N0 tx=9000000002 senderSID=0 recSID=1 local=true tag=0 isRelay=false
[SyncProbe][Redirect] tx=9000000002 源片=S0 -> 目标片=S1 leader=127.0.0.1:8020 nonce=2
[SyncProbe][Ingress] shard=S0 tx=9000000002 已重定向，源片不入池
[SyncProbe][Ingress] shard=S0 node=N0 tx=9000000012 senderSID=0 recSID=1 local=true tag=0 isRelay=false
[SyncProbe][Redirect] tx=9000000012 源片=S0 -> 目标片=S1 leader=127.0.0.1:8020 nonce=2
[SyncProbe][Ingress] shard=S0 tx=9000000012 已重定向，源片不入池
[SyncProbe][Ingress] shard=S0 node=N0 tx=9000000022 senderSID=0 recSID=1 local=true tag=0 isRelay=false
[SyncProbe][Redirect] tx=9000000022 源片=S0 -> 目标片=S1 leader=127.0.0.1:8020 nonce=3
[SyncProbe][Ingress] shard=S0 tx=9000000022 已重定向，源片不入池
[handleTxFromClient] S0 N0 append to Tx_pool.Queue: local_queued=0 forward_other_shard=0 Queue_total_len=981
[Propose wait] S0 N0 spin=50 epoch=25 now=1780542803 InitTime=1780542752 lastpropose=1780542802 wallGap=51 need>=48 ok1=true lastGap=1 need>=2 ok2=false
[Propose] S0 N0 时间条件满足: epoch=25->26 now=1780542804 InitTime=1780542752 lastpropose=1780542802 wallGap=52>=48 lastGap=2>=2 → propose1
[Propose] S0 N0 等待 sequenceLock…
[Propose] S0 N0 已持有 sequenceLock，seqID=25 即将 propose1
[propose1] S0 N0 seq=25 Tx_pool.Queue_len=981
left_count: 272
[SyncLog] write ok shard=S0 node=N0 event=recv mode=delta count=4
[MVSS-Delta] S0 收到分片 S1 的 TXsyncDelta，条数=1
[SyncLog] flush failed shard=S0 node=N0 event=recv mode=delta err=short write
[MVSS-Delta] S0 收到分片 S1 的 TXsyncDelta，条数=1
[SyncLog] flush failed shard=S0 node=N0 event=recv mode=delta err=short write
[MVSS-Delta] S0 收到分片 S1 的 TXsyncDelta，条数=1
更新树花时间为: 36
写数据库IO花时间为: 56
编号为 25 的区块已加入本地区块链！curBlock: 
blockHeader: 
[610f596afe321bad4e27e5a2f0d429ece4237fa8964752ecd7d813f73e3f0b32 15b5246b47495bf6a8a831b36a216df95861876e6b8c5de62eadd905d0d37d2f 26deb192e7c6c1b521bd1bda6e51ffe9b46d450f45bbcc05b68f5649b3b28ab1 25 1780542804]
# of transactions: 272
# of TXmig1s: 0
# of In1s: 13
# of Anns: 215
# of NSs: 0
blockHash: 
471ad0392aae086cc873ea575e0f4b82f97811fdf2bb420c78bf705e75acf452
handleAnns时是第25个块
[MVSS+] 账户 f341cafc9ba3d91ef98c9ef811170c1c5f1ef28e Stage3 进行中(FSM=2)，Announce 后暂缓清理 MigCtx
[MVSS+] 账户 96904d8c1f1c88dfb6cfba916396bf4beabcf454 Stage3 进行中(FSM=2)，Announce 后暂缓清理 MigCtx
[MVSS+] 账户 9e9ff119553d7ad5d40d1cd4c39aba4901955470 Stage3 进行中(FSM=2)，Announce 后暂缓清理 MigCtx

handleannounce交易池操作时差为：0
handleannounce两锁时差为：0


第25个块开始准备relay

[Propose wait] S0 N0 spin=1 epoch=26 now=1780542804 InitTime=1780542752 lastpropose=1780542804 wallGap=52 need>=50 ok1=true lastGap=0 need>=2 ok2=false
[MVSS-Delta] S0 已获取 sequenceLock，开始处理 delta
[MVSS+] 源片 S0 账户 9e9ff119553d7ad5d40d1cd4c39aba4901955470 ack 后 promote suffix-old 开始 Queue=666 FirstNew=9000000022
[MVSS+] 源片 S0 账户 9e9ff119553d7ad5d40d1cd4c39aba4901955470 ack 后将 1 笔 suffix-old 提至队首（nonce 自 3）
[SyncLog] write failed shard=S0 node=N0 event=ack_recv mode=delta err=short write
[MVSS-Delta] S0 收到目标片 S1 对账户 9e9ff119553d7ad5d40d1cd4c39aba4901955470 的 delta ack
[MVSS-Delta] S0 已获取 sequenceLock，开始处理 delta
[MVSS+] 源片 S0 账户 f341cafc9ba3d91ef98c9ef811170c1c5f1ef28e ack 后 promote suffix-old 开始 Queue=666 FirstNew=9000000002
[MVSS+] 源片 S0 账户 f341cafc9ba3d91ef98c9ef811170c1c5f1ef28e ack 后将 1 笔 suffix-old 提至队首（nonce 自 2）
[SyncLog] write failed shard=S0 node=N0 event=ack_recv mode=delta err=short write
[MVSS-Delta] S0 收到目标片 S1 对账户 f341cafc9ba3d91ef98c9ef811170c1c5f1ef28e 的 delta ack
[MVSS-Delta] S0 已获取 sequenceLock，开始处理 delta
[MVSS+] 源片 S0 账户 96904d8c1f1c88dfb6cfba916396bf4beabcf454 ack 后 promote suffix-old 开始 Queue=666 FirstNew=9000000012
[MVSS+] 源片 S0 账户 96904d8c1f1c88dfb6cfba916396bf4beabcf454 ack 后将 1 笔 suffix-old 提至队首（nonce 自 2）
[SyncLog] write failed shard=S0 node=N0 event=ack_recv mode=delta err=short write
[MVSS-Delta] S0 收到目标片 S1 对账户 96904d8c1f1c88dfb6cfba916396bf4beabcf454 的 delta ack
本节点已接收到分片S1发来通知 
1
2
3

第25个块结束relay

[handleTxFromClient] S0 N0 recv client batch, tx_count=29
[handleTxFromClient] S0 N0 append to Tx_pool.Queue: local_queued=27 forward_other_shard=0 Queue_total_len=791
时间：1780542804534  本节点已接收到新
本节点已将迁移过来的pending交易的账户数量发送到client

时间：52612  正在向分片S1的主节点发送新
本节点已将不变的账户数量发送到client

本节点已接收到分片S1发来通知 
1
2
3
[Propose wait] S0 N0 spin=50 epoch=26 now=1780542805 InitTime=1780542752 lastpropose=1780542804 wallGap=53 need>=50 ok1=true lastGap=1 need>=2 ok2=false
[Propose] S0 N0 时间条件满足: epoch=26->27 now=1780542806 InitTime=1780542752 lastpropose=1780542804 wallGap=54>=50 lastGap=2>=2 → propose1
[Propose] S0 N0 等待 sequenceLock…
[Propose] S0 N0 已持有 sequenceLock，seqID=26 即将 propose1
[propose1] S0 N0 seq=26 Tx_pool.Queue_len=810
left_count: 200
更新树花时间为: 43
写数据库IO花时间为: 66
编号为 26 的区块已加入本地区块链！curBlock: 
blockHeader: 
[471ad0392aae086cc873ea575e0f4b82f97811fdf2bb420c78bf705e75acf452 c287e802fb7e501552a34d2de96596d77cd0c9c091e07cdfc4d26953fb422ae9 10bed7bd701e6f639f08e1e6c18c4ffcdc7d93fe287f64d1505574290cc6680d 26 1780542806]
# of transactions: 200
# of TXmig1s: 0
# of In1s: 0
# of Anns: 300
# of NSs: 0
blockHash: 
9cea7fc5705ec4dd16b43863b43321a0c3ae78ed9fa2ea3782d122d3e962d59b
handleAnns时是第26个块

handleannounce交易池操作时差为：0
handleannounce两锁时差为：0


第26个块开始准备relay

[Propose wait] S0 N0 spin=1 epoch=27 now=1780542806 InitTime=1780542752 lastpropose=1780542806 wallGap=54 need>=52 ok1=true lastGap=0 need>=2 ok2=false

第26个块结束relay

[Propose wait] S0 N0 spin=50 epoch=27 now=1780542807 InitTime=1780542752 lastpropose=1780542806 wallGap=55 need>=52 ok1=true lastGap=1 need>=2 ok2=false
[Propose] S0 N0 时间条件满足: epoch=27->28 now=1780542808 InitTime=1780542752 lastpropose=1780542806 wallGap=56>=52 lastGap=2>=2 → propose1
[Propose] S0 N0 等待 sequenceLock…
[Propose] S0 N0 已持有 sequenceLock，seqID=27 即将 propose1
[propose1] S0 N0 seq=27 Tx_pool.Queue_len=577
left_count: 421
时间：1780542808122  本节点已接收到新
本节点已将迁移过来的pending交易的账户数量发送到client

更新树花时间为: 43
写数据库IO花时间为: 66
编号为 27 的区块已加入本地区块链！curBlock: 
blockHeader: 
[9cea7fc5705ec4dd16b43863b43321a0c3ae78ed9fa2ea3782d122d3e962d59b 9c91da0687c02dca3c086542072a74adc4c902aa7c316509693a43196eec7a33 a735db0c5ddba2287996bf692f5330aaebba890d51a31a5b0d3014580d17d7cf 27 1780542808]
# of transactions: 421
# of TXmig1s: 0
# of In1s: 0
# of Anns: 13
# of NSs: 66
blockHash: 
92044691945e4e6fead3b88a8115849a56b0f3123f9bdfd2445d8a0874aac925
handleAnns时是第27个块

handleannounce交易池操作时差为：0
handleannounce两锁时差为：0


第27个块开始准备relay

[Propose wait] S0 N0 spin=1 epoch=28 now=1780542808 InitTime=1780542752 lastpropose=1780542808 wallGap=56 need>=54 ok1=true lastGap=0 need>=2 ok2=false
时间：56334  正在向分片S1的主节点发送新
本节点已将不变的账户数量发送到client


第27个块结束relay

时间：1780542808521  本节点已接收到新
本节点已将迁移过来的pending交易的账户数量发送到client

[Propose wait] S0 N0 spin=50 epoch=28 now=1780542809 InitTime=1780542752 lastpropose=1780542808 wallGap=57 need>=54 ok1=true lastGap=1 need>=2 ok2=false
时间：57887  正在向分片S1的主节点发送新
本节点已将不变的账户数量发送到client

[Propose] S0 N0 时间条件满足: epoch=28->29 now=1780542810 InitTime=1780542752 lastpropose=1780542808 wallGap=58>=54 lastGap=2>=2 → propose1
[Propose] S0 N0 等待 sequenceLock…
[Propose] S0 N0 已持有 sequenceLock，seqID=28 即将 propose1
[propose1] S0 N0 seq=28 Tx_pool.Queue_len=488
left_count: 385
更新树花时间为: 38
写数据库IO花时间为: 70
编号为 28 的区块已加入本地区块链！curBlock: 
blockHeader: 
[92044691945e4e6fead3b88a8115849a56b0f3123f9bdfd2445d8a0874aac925 25f6287431c1fa1aee4d65c4aa2c40cf28394a47074c9069642570ea3a2d7f1d a23074e50bdc10810e9a87171afe3ea83f90f68f262a6dbdefcd3182e9ee8d9c 28 1780542810]
# of transactions: 385
# of TXmig1s: 0
# of In1s: 0
# of Anns: 0
# of NSs: 115
blockHash: 
6b2bd743f0559d016194aaade0db39faab0241332a750b8cf28fefb94e6b0b40

第28个块开始准备relay

[Propose wait] S0 N0 spin=1 epoch=29 now=1780542810 InitTime=1780542752 lastpropose=1780542810 wallGap=58 need>=56 ok1=true lastGap=0 need>=2 ok2=false

第28个块结束relay

[Propose wait] S0 N0 spin=50 epoch=29 now=1780542811 InitTime=1780542752 lastpropose=1780542810 wallGap=59 need>=56 ok1=true lastGap=1 need>=2 ok2=false
[Propose] S0 N0 时间条件满足: epoch=29->30 now=1780542812 InitTime=1780542752 lastpropose=1780542810 wallGap=60>=56 lastGap=2>=2 → propose1
[Propose] S0 N0 等待 sequenceLock…
[Propose] S0 N0 已持有 sequenceLock，seqID=29 即将 propose1
[propose1] S0 N0 seq=29 Tx_pool.Queue_len=255
left_count: 500
更新树花时间为: 35
写数据库IO花时间为: 55
编号为 29 的区块已加入本地区块链！curBlock: 
blockHeader: 
[6b2bd743f0559d016194aaade0db39faab0241332a750b8cf28fefb94e6b0b40 a3484c553c914ec692de1a5387c123d4cf4239198409d3311087e0ad7605cfcf 158040ed142787cd2d74b70451ee54f0a0d4e47c1058dd738dae7f17759384e3 29 1780542812]
# of transactions: 254
# of TXmig1s: 0
# of In1s: 0
# of Anns: 0
# of NSs: 0
blockHash: 
03120d7ffe72641744cf1cee95aa14b597bf38a2bcbf4cd620cfae8c3b0e1d6a
[Propose wait] S0 N0 spin=1 epoch=30 now=1780542812 InitTime=1780542752 lastpropose=1780542812 wallGap=60 need>=58 ok1=true lastGap=0 need>=2 ok2=false
[Propose wait] S0 N0 spin=50 epoch=30 now=1780542813 InitTime=1780542752 lastpropose=1780542812 wallGap=61 need>=58 ok1=true lastGap=1 need>=2 ok2=false
[Propose] S0 N0 时间条件满足: epoch=30->31 now=1780542814 InitTime=1780542752 lastpropose=1780542812 wallGap=62>=58 lastGap=2>=2 → propose1
[Propose] S0 N0 等待 sequenceLock…
[Propose] S0 N0 已持有 sequenceLock，seqID=30 即将 propose1
[propose1] S0 N0 seq=30 Tx_pool.Queue_len=230
left_count: 500
更新树花时间为: 27
写数据库IO花时间为: 37
编号为 30 的区块已加入本地区块链！curBlock: 
blockHeader: 
[03120d7ffe72641744cf1cee95aa14b597bf38a2bcbf4cd620cfae8c3b0e1d6a 66f5f1e83672a41b176a2f4d3ccd2e00b4948318b7e2d9388e263864f392ea19 249ab93a57c942b9453c5dc22646d633fd20bedc6a87df34e90566a77bcfa273 30 1780542814]
# of transactions: 229
# of TXmig1s: 0
# of In1s: 0
# of Anns: 0
# of NSs: 0
blockHash: 
06a4d0990c0063f3f61d282589cf04b656ad7b7d54c54de529f7e206c1846625
[Propose wait] S0 N0 spin=1 epoch=31 now=1780542814 InitTime=1780542752 lastpropose=1780542814 wallGap=62 need>=60 ok1=true lastGap=0 need>=2 ok2=false
[Propose wait] S0 N0 spin=50 epoch=31 now=1780542815 InitTime=1780542752 lastpropose=1780542814 wallGap=63 need>=60 ok1=true lastGap=1 need>=2 ok2=false
[Propose] S0 N0 时间条件满足: epoch=31->32 now=1780542816 InitTime=1780542752 lastpropose=1780542814 wallGap=64>=60 lastGap=2>=2 → propose1
[Propose] S0 N0 等待 sequenceLock…
[Propose] S0 N0 已持有 sequenceLock，seqID=31 即将 propose1
[propose1] S0 N0 seq=31 Tx_pool.Queue_len=188
left_count: 500
更新树花时间为: 20
写数据库IO花时间为: 36
编号为 31 的区块已加入本地区块链！curBlock: 
blockHeader: 
[06a4d0990c0063f3f61d282589cf04b656ad7b7d54c54de529f7e206c1846625 5c3de663d7d423a8cc894edb063d3e4c5b956bcadacfb7b90dd4648b5034fb72 7db7f4e648d48f680e2b14348785b0fe06ad84abe0b3c9de43c03e737bfad3be 31 1780542816]
# of transactions: 187
# of TXmig1s: 0
# of In1s: 0
# of Anns: 0
# of NSs: 0
blockHash: 
aca9324c61ac54cc259ab08012dae35fa944118fb6efb0365c82d3843fdbadda
[Propose wait] S0 N0 spin=1 epoch=32 now=1780542816 InitTime=1780542752 lastpropose=1780542816 wallGap=64 need>=62 ok1=true lastGap=0 need>=2 ok2=false
[Propose wait] S0 N0 spin=50 epoch=32 now=1780542817 InitTime=1780542752 lastpropose=1780542816 wallGap=65 need>=62 ok1=true lastGap=1 need>=2 ok2=false
[Propose] S0 N0 时间条件满足: epoch=32->33 now=1780542818 InitTime=1780542752 lastpropose=1780542816 wallGap=66>=62 lastGap=2>=2 → propose1
[Propose] S0 N0 等待 sequenceLock…
[Propose] S0 N0 已持有 sequenceLock，seqID=32 即将 propose1
[propose1] S0 N0 seq=32 Tx_pool.Queue_len=207
left_count: 500
更新树花时间为: 28
写数据库IO花时间为: 64
编号为 32 的区块已加入本地区块链！curBlock: 
blockHeader: 
[aca9324c61ac54cc259ab08012dae35fa944118fb6efb0365c82d3843fdbadda 2ac6989401cd3935fd9b85a6574d02eccaeed9e8500e7285016760066e5fd1bb 61a4e7b9064eb25534f3636e6b47938536590d9bcacc8090017d22e9c9ce637d 32 1780542818]
# of transactions: 206
# of TXmig1s: 0
# of In1s: 0
# of Anns: 0
# of NSs: 0
blockHash: 
463793d2aebf81029b1160f279643dec4d790410902a11eb8741f5b7039bf707
[Propose wait] S0 N0 spin=1 epoch=33 now=1780542818 InitTime=1780542752 lastpropose=1780542818 wallGap=66 need>=64 ok1=true lastGap=0 need>=2 ok2=false
[Propose wait] S0 N0 spin=50 epoch=33 now=1780542819 InitTime=1780542752 lastpropose=1780542818 wallGap=67 need>=64 ok1=true lastGap=1 need>=2 ok2=false
[Propose] S0 N0 时间条件满足: epoch=33->34 now=1780542820 InitTime=1780542752 lastpropose=1780542818 wallGap=68>=64 lastGap=2>=2 → propose1
[Propose] S0 N0 等待 sequenceLock…
[Propose] S0 N0 已持有 sequenceLock，seqID=33 即将 propose1
[propose1] S0 N0 seq=33 Tx_pool.Queue_len=236
left_count: 500
更新树花时间为: 29
写数据库IO花时间为: 57
编号为 33 的区块已加入本地区块链！curBlock: 
blockHeader: 
[463793d2aebf81029b1160f279643dec4d790410902a11eb8741f5b7039bf707 72ef8faef2839606081a4e85b788488b8dea6c6f9841d24835fb2fb31e00c122 ceca3e223e40669df60cf3862858093d97a15b9eb502feb5622209d2ed193969 33 1780542820]
# of transactions: 235
# of TXmig1s: 0
# of In1s: 0
# of Anns: 0
# of NSs: 0
blockHash: 
08f531fa4986627cdd4e7c693e08d4a91cfb3ec8cd4c778db3ab5372ca4cbbae
[Propose wait] S0 N0 spin=1 epoch=34 now=1780542820 InitTime=1780542752 lastpropose=1780542820 wallGap=68 need>=66 ok1=true lastGap=0 need>=2 ok2=false
[Propose wait] S0 N0 spin=50 epoch=34 now=1780542821 InitTime=1780542752 lastpropose=1780542820 wallGap=69 need>=66 ok1=true lastGap=1 need>=2 ok2=false
[Propose] S0 N0 时间条件满足: epoch=34->35 now=1780542822 InitTime=1780542752 lastpropose=1780542820 wallGap=70>=66 lastGap=2>=2 → propose1
[Propose] S0 N0 等待 sequenceLock…
[Propose] S0 N0 已持有 sequenceLock，seqID=34 即将 propose1
[propose1] S0 N0 seq=34 Tx_pool.Queue_len=232
left_count: 500
更新树花时间为: 25
写数据库IO花时间为: 38
编号为 34 的区块已加入本地区块链！curBlock: 
blockHeader: 
[08f531fa4986627cdd4e7c693e08d4a91cfb3ec8cd4c778db3ab5372ca4cbbae e383ca528e69159a85f1d7d1b47c1edd918081dcadcc91e047576eab5b5e3c5a e491c1454d78f3ed766fb0c48ac3c1da2ae979b9d9ec7cf3c661edee28f73e04 34 1780542822]
# of transactions: 231
# of TXmig1s: 0
# of In1s: 0
# of Anns: 0
# of NSs: 0
blockHash: 
f4954f9391d39a4b27061d963a6c59bb2dfdce7a750266db408cf46a07cbd745
[Propose wait] S0 N0 spin=1 epoch=35 now=1780542822 InitTime=1780542752 lastpropose=1780542822 wallGap=70 need>=68 ok1=true lastGap=0 need>=2 ok2=false
[Propose wait] S0 N0 spin=50 epoch=35 now=1780542823 InitTime=1780542752 lastpropose=1780542822 wallGap=71 need>=68 ok1=true lastGap=1 need>=2 ok2=false
[Propose] S0 N0 时间条件满足: epoch=35->36 now=1780542824 InitTime=1780542752 lastpropose=1780542822 wallGap=72>=68 lastGap=2>=2 → propose1
[Propose] S0 N0 等待 sequenceLock…
[Propose] S0 N0 已持有 sequenceLock，seqID=35 即将 propose1
[propose1] S0 N0 seq=35 Tx_pool.Queue_len=255
left_count: 500
更新树花时间为: 35
写数据库IO花时间为: 62
编号为 35 的区块已加入本地区块链！curBlock: 
blockHeader: 
[f4954f9391d39a4b27061d963a6c59bb2dfdce7a750266db408cf46a07cbd745 52f5a68822031fd1f680316225938c2d6944207c271d55ec1ddc44d9644a723f 620e25f3e1240338291196f5ba241e80842a1773b4109319038130c1f6666770 35 1780542824]
# of transactions: 254
# of TXmig1s: 0
# of In1s: 0
# of Anns: 0
# of NSs: 0
blockHash: 
780895a072e817b9025a07998ca69c2b7de061a6f72d7e940273de2037296647
[Propose wait] S0 N0 spin=1 epoch=36 now=1780542824 InitTime=1780542752 lastpropose=1780542824 wallGap=72 need>=70 ok1=true lastGap=0 need>=2 ok2=false
[Propose wait] S0 N0 spin=50 epoch=36 now=1780542825 InitTime=1780542752 lastpropose=1780542824 wallGap=73 need>=70 ok1=true lastGap=1 need>=2 ok2=false
[Propose] S0 N0 时间条件满足: epoch=36->37 now=1780542826 InitTime=1780542752 lastpropose=1780542824 wallGap=74>=70 lastGap=2>=2 → propose1
[Propose] S0 N0 等待 sequenceLock…
[Propose] S0 N0 已持有 sequenceLock，seqID=36 即将 propose1
[propose1] S0 N0 seq=36 Tx_pool.Queue_len=211
left_count: 500
更新树花时间为: 27
写数据库IO花时间为: 39
编号为 36 的区块已加入本地区块链！curBlock: 
blockHeader: 
[780895a072e817b9025a07998ca69c2b7de061a6f72d7e940273de2037296647 cd45cb951a0af3a0134bc90b8c236f6d3b7a4b12cc69863f8c95ea40c7c6f3da 17d57e55d08dfda530dc8f1dbba0cd5d5618a5272c85d2ee9e1c3f26a1773417 36 1780542826]
# of transactions: 210
# of TXmig1s: 0
# of In1s: 0
# of Anns: 0
# of NSs: 0
blockHash: 
b7f250c3320e1987261cf95e9dc9d0ac1698cb3b7385f9ac2ef98fe16d71264c
[Propose wait] S0 N0 spin=1 epoch=37 now=1780542826 InitTime=1780542752 lastpropose=1780542826 wallGap=74 need>=72 ok1=true lastGap=0 need>=2 ok2=false
[Propose wait] S0 N0 spin=50 epoch=37 now=1780542827 InitTime=1780542752 lastpropose=1780542826 wallGap=75 need>=72 ok1=true lastGap=1 need>=2 ok2=false
[Propose] S0 N0 时间条件满足: epoch=37->38 now=1780542828 InitTime=1780542752 lastpropose=1780542826 wallGap=76>=72 lastGap=2>=2 → propose1
[Propose] S0 N0 等待 sequenceLock…
[Propose] S0 N0 已持有 sequenceLock，seqID=37 即将 propose1
[propose1] S0 N0 seq=37 Tx_pool.Queue_len=177
left_count: 500
更新树花时间为: 22
写数据库IO花时间为: 29
编号为 37 的区块已加入本地区块链！curBlock: 
blockHeader: 
[b7f250c3320e1987261cf95e9dc9d0ac1698cb3b7385f9ac2ef98fe16d71264c 29e7432ac431463c1e1bd296f93ef10bd84aab25c6f6786816f39236f67c72db 5d2cb5c40a0845c7ddbbe8c348493d840ee04f0e9b6a1730c9d02a124288a52e 37 1780542828]
# of transactions: 176
# of TXmig1s: 0
# of In1s: 0
# of Anns: 0
# of NSs: 0
blockHash: 
b9a3a1f781837a0ad251743c7f38c15f805879812b7368f0b2323cab22cd235b
[Propose wait] S0 N0 spin=1 epoch=38 now=1780542828 InitTime=1780542752 lastpropose=1780542828 wallGap=76 need>=74 ok1=true lastGap=0 need>=2 ok2=false
[Propose wait] S0 N0 spin=50 epoch=38 now=1780542829 InitTime=1780542752 lastpropose=1780542828 wallGap=77 need>=74 ok1=true lastGap=1 need>=2 ok2=false
[Propose] S0 N0 时间条件满足: epoch=38->39 now=1780542830 InitTime=1780542752 lastpropose=1780542828 wallGap=78>=74 lastGap=2>=2 → propose1
[Propose] S0 N0 等待 sequenceLock…
[Propose] S0 N0 已持有 sequenceLock，seqID=38 即将 propose1
[propose1] S0 N0 seq=38 Tx_pool.Queue_len=1
left_count: 500
更新树花时间为: 0
写数据库IO花时间为: 23
编号为 38 的区块已加入本地区块链！curBlock: 
blockHeader: 
[b9a3a1f781837a0ad251743c7f38c15f805879812b7368f0b2323cab22cd235b 29e7432ac431463c1e1bd296f93ef10bd84aab25c6f6786816f39236f67c72db 56e81f171bcc55a6ff8345e692c0f86e5b48e01b996cadc001622fb5e363b421 38 1780542830]
# of transactions: 0
# of TXmig1s: 0
# of In1s: 0
# of Anns: 0
# of NSs: 0
blockHash: 
a836a55562a6506f09a5f9b51c8986c7e48ecfc8c8bc39f55d50db92f2c42e3e
[Propose wait] S0 N0 spin=1 epoch=39 now=1780542830 InitTime=1780542752 lastpropose=1780542830 wallGap=78 need>=76 ok1=true lastGap=0 need>=2 ok2=false
[Propose wait] S0 N0 spin=50 epoch=39 now=1780542831 InitTime=1780542752 lastpropose=1780542830 wallGap=79 need>=76 ok1=true lastGap=1 need>=2 ok2=false
[Propose] S0 N0 时间条件满足: epoch=39->40 now=1780542832 InitTime=1780542752 lastpropose=1780542830 wallGap=80>=76 lastGap=2>=2 → propose1
[Propose] S0 N0 等待 sequenceLock…
[Propose] S0 N0 已持有 sequenceLock，seqID=39 即将 propose1
[propose1] S0 N0 seq=39 Tx_pool.Queue_len=1
left_count: 500
更新树花时间为: 0
写数据库IO花时间为: 11
编号为 39 的区块已加入本地区块链！curBlock: 
blockHeader: 
[a836a55562a6506f09a5f9b51c8986c7e48ecfc8c8bc39f55d50db92f2c42e3e 29e7432ac431463c1e1bd296f93ef10bd84aab25c6f6786816f39236f67c72db 56e81f171bcc55a6ff8345e692c0f86e5b48e01b996cadc001622fb5e363b421 39 1780542832]
# of transactions: 0
# of TXmig1s: 0
# of In1s: 0
# of Anns: 0
# of NSs: 0
blockHash: 
deba29b01ab6c92264620aa5a4cb0d2584f8fe668e0973923589752f6bb89d9c
[Propose wait] S0 N0 spin=1 epoch=40 now=1780542832 InitTime=1780542752 lastpropose=1780542832 wallGap=80 need>=78 ok1=true lastGap=0 need>=2 ok2=false
[Propose wait] S0 N0 spin=50 epoch=40 now=1780542833 InitTime=1780542752 lastpropose=1780542832 wallGap=81 need>=78 ok1=true lastGap=1 need>=2 ok2=false
[Propose] S0 N0 时间条件满足: epoch=40->41 now=1780542834 InitTime=1780542752 lastpropose=1780542832 wallGap=82>=78 lastGap=2>=2 → propose1
[Propose] S0 N0 等待 sequenceLock…
[Propose] S0 N0 已持有 sequenceLock，seqID=40 即将 propose1
[propose1] S0 N0 seq=40 Tx_pool.Queue_len=1
left_count: 500
更新树花时间为: 0
写数据库IO花时间为: 31
编号为 40 的区块已加入本地区块链！curBlock: 
blockHeader: 
[deba29b01ab6c92264620aa5a4cb0d2584f8fe668e0973923589752f6bb89d9c 29e7432ac431463c1e1bd296f93ef10bd84aab25c6f6786816f39236f67c72db 56e81f171bcc55a6ff8345e692c0f86e5b48e01b996cadc001622fb5e363b421 40 1780542834]
# of transactions: 0
# of TXmig1s: 0
# of In1s: 0
# of Anns: 0
# of NSs: 0
blockHash: 
a0ba92a4293f19580467a07c834052abab4ed44eda2a35a7ce5afeb568be7b62
[Propose wait] S0 N0 spin=1 epoch=41 now=1780542834 InitTime=1780542752 lastpropose=1780542834 wallGap=82 need>=80 ok1=true lastGap=0 need>=2 ok2=false
[Propose wait] S0 N0 spin=50 epoch=41 now=1780542835 InitTime=1780542752 lastpropose=1780542834 wallGap=83 need>=80 ok1=true lastGap=1 need>=2 ok2=false
[Propose] S0 N0 时间条件满足: epoch=41->42 now=1780542836 InitTime=1780542752 lastpropose=1780542834 wallGap=84>=80 lastGap=2>=2 → propose1
[Propose] S0 N0 等待 sequenceLock…
[Propose] S0 N0 已持有 sequenceLock，seqID=41 即将 propose1
[propose1] S0 N0 seq=41 Tx_pool.Queue_len=1
left_count: 500
更新树花时间为: 0
写数据库IO花时间为: 16
编号为 41 的区块已加入本地区块链！curBlock: 
blockHeader: 
[a0ba92a4293f19580467a07c834052abab4ed44eda2a35a7ce5afeb568be7b62 29e7432ac431463c1e1bd296f93ef10bd84aab25c6f6786816f39236f67c72db 56e81f171bcc55a6ff8345e692c0f86e5b48e01b996cadc001622fb5e363b421 41 1780542836]
# of transactions: 0
# of TXmig1s: 0
# of In1s: 0
# of Anns: 0
# of NSs: 0
blockHash: 
d16726e8eabf494387ebf787a4028a24b7be35ca6d67377832abb13fb0e9731a
[Propose wait] S0 N0 spin=1 epoch=42 now=1780542836 InitTime=1780542752 lastpropose=1780542836 wallGap=84 need>=82 ok1=true lastGap=0 need>=2 ok2=false
[Propose wait] S0 N0 spin=50 epoch=42 now=1780542837 InitTime=1780542752 lastpropose=1780542836 wallGap=85 need>=82 ok1=true lastGap=1 need>=2 ok2=false
[Propose] S0 N0 时间条件满足: epoch=42->43 now=1780542838 InitTime=1780542752 lastpropose=1780542836 wallGap=86>=82 lastGap=2>=2 → propose1
[Propose] S0 N0 等待 sequenceLock…
[Propose] S0 N0 已持有 sequenceLock，seqID=42 即将 propose1
[propose1] S0 N0 seq=42 Tx_pool.Queue_len=1
left_count: 500
更新树花时间为: 0
写数据库IO花时间为: 18
编号为 42 的区块已加入本地区块链！curBlock: 
blockHeader: 
[d16726e8eabf494387ebf787a4028a24b7be35ca6d67377832abb13fb0e9731a 29e7432ac431463c1e1bd296f93ef10bd84aab25c6f6786816f39236f67c72db 56e81f171bcc55a6ff8345e692c0f86e5b48e01b996cadc001622fb5e363b421 42 1780542838]
# of transactions: 0
# of TXmig1s: 0
# of In1s: 0
# of Anns: 0
# of NSs: 0
blockHash: 
93ffc0af4983593957fc41146cadc4cff2439b828ce470d619a5137a7f07daac
[Propose wait] S0 N0 spin=1 epoch=43 now=1780542838 InitTime=1780542752 lastpropose=1780542838 wallGap=86 need>=84 ok1=true lastGap=0 need>=2 ok2=false
节点收到终止节点消息，停止运行
