MigrationStrategy=MVSS-Delta (Stop=false Lock=false NotLock=true)
&{77 N0 S1 2 0 selectedTxs_300K.csv 2 500 300 150 150 150 150 1000 10 1 400 20000 0 50000 20 true MVSS-Delta false false true false true false 3 false 8 false false false PageRank false 100 true false false 3 0 0 0 }
[SyncLog] init ok shard=S1 node=N0 file=./log/S1_sync.csv
交易将由外部客户端发送
节点 N0 已启动，所属分片: S1
[Propose wait-first-tx] S1 N0 seq=1 Queue_len=0，首块等待交易注入后再出块
节点开启监听，地址：127.0.0.1:8020
[Propose wait-first-tx] S1 N0 seq=1 Queue_len=0，首块等待交易注入后再出块
[Propose wait-first-tx] S1 N0 seq=1 Queue_len=0，首块等待交易注入后再出块
[Propose wait-first-tx] S1 N0 seq=1 Queue_len=0，首块等待交易注入后再出块
[Propose wait-first-tx] S1 N0 seq=1 Queue_len=0，首块等待交易注入后再出块
[Propose wait-first-tx] S1 N0 seq=1 Queue_len=0，首块等待交易注入后再出块
[Propose wait-first-tx] S1 N0 seq=1 Queue_len=0，首块等待交易注入后再出块
[Propose wait-first-tx] S1 N0 seq=1 Queue_len=0，首块等待交易注入后再出块
[Propose wait-first-tx] S1 N0 seq=1 Queue_len=0，首块等待交易注入后再出块
[Propose wait-first-tx] S1 N0 seq=1 Queue_len=0，首块等待交易注入后再出块
[Propose wait-first-tx] S1 N0 seq=1 Queue_len=0，首块等待交易注入后再出块
[Propose wait-first-tx] S1 N0 seq=1 Queue_len=0，首块等待交易注入后再出块
[Propose wait-first-tx] S1 N0 seq=1 Queue_len=0，首块等待交易注入后再出块
[Propose wait-first-tx] S1 N0 seq=1 Queue_len=0，首块等待交易注入后再出块
[Propose wait-first-tx] S1 N0 seq=1 Queue_len=0，首块等待交易注入后再出块
[Propose wait-first-tx] S1 N0 seq=1 Queue_len=0，首块等待交易注入后再出块
本节点已接收到客户端发送的初始时间：1780542752（锚定 InitTime=1780542752，已重置 epoch=1）
[Propose wait-first-tx] S1 N0 seq=1 Queue_len=0，首块等待交易注入后再出块
[Propose wait-first-tx] S1 N0 seq=1 Queue_len=0，首块等待交易注入后再出块
[Propose wait-first-tx] S1 N0 seq=1 Queue_len=0，首块等待交易注入后再出块
[Propose wait-first-tx] S1 N0 seq=1 Queue_len=0，首块等待交易注入后再出块
[handleTxFromClient] S1 N0 recv client batch, tx_count=269
[handleTxFromClient] S1 N0 append to Tx_pool.Queue: local_queued=269 forward_other_shard=0 Queue_total_len=269
[Propose wait-first-tx] S1 N0 首块已检测到交易，结束等待，Queue_len=269
[Propose] S1 N0 时间条件满足: epoch=1->2 now=1780542756 InitTime=1780542752 lastpropose=1780542752 wallGap=4>=0 lastGap=4>=2 → propose1
[Propose] S1 N0 等待 sequenceLock…
[Propose] S1 N0 已持有 sequenceLock，seqID=1 即将 propose1
[propose1] S1 N0 seq=1 Tx_pool.Queue_len=269
left_count: 500
更新树花时间为: 42
写数据库IO花时间为: 53
编号为 1 的区块已加入本地区块链！curBlock: 
blockHeader: 
[1add38160db0458a48072f3ade543ffb4af4e9cfdf8f76549b9568e046a6a3ff 654763dfb1c5f484d7ca7498750ad00ca0d5361c00984efe6f4189e9b6fe2934 4887cd5897b9e3f76969c0a3049dd2619cd6c62a4b1e98ffb608c8655c5c951a 1 1780542756]
# of transactions: 269
# of TXmig1s: 0
# of In1s: 0
# of Anns: 0
# of NSs: 0
blockHash: 
21892f7a1f6bc4a71745893c4221f468d70ca3864469e474703f10817ff3ba7c

第1个块开始准备relay

[Propose wait] S1 N0 spin=1 epoch=2 now=1780542756 InitTime=1780542752 lastpropose=1780542756 wallGap=4 need>=2 ok1=true lastGap=0 need>=2 ok2=false

第1个块结束relay

[Propose wait] S1 N0 spin=50 epoch=2 now=1780542757 InitTime=1780542752 lastpropose=1780542756 wallGap=5 need>=2 ok1=true lastGap=1 need>=2 ok2=false
[Propose] S1 N0 时间条件满足: epoch=2->3 now=1780542758 InitTime=1780542752 lastpropose=1780542756 wallGap=6>=2 lastGap=2>=2 → propose1
[Propose] S1 N0 等待 sequenceLock…
[Propose] S1 N0 已持有 sequenceLock，seqID=2 即将 propose1
[propose1] S1 N0 seq=2 Tx_pool.Queue_len=226
left_count: 500
[handleTxFromClient] S1 N0 recv client batch, tx_count=272
[handleTxFromClient] S1 N0 append to Tx_pool.Queue: local_queued=272 forward_other_shard=0 Queue_total_len=272
更新树花时间为: 29
写数据库IO花时间为: 54
编号为 2 的区块已加入本地区块链！curBlock: 
blockHeader: 
[21892f7a1f6bc4a71745893c4221f468d70ca3864469e474703f10817ff3ba7c 6e4fb126cdc7141ba01e371e6495c59480eca1ab8fed997c81fe4127c728e2c5 8dd17f220f0075d4ab26784069180131ef40638a478f31482139c254b194a304 2 1780542758]
# of transactions: 226
# of TXmig1s: 0
# of In1s: 0
# of Anns: 0
# of NSs: 0
blockHash: 
5122fdfced432435c5b1c3eaef647835930a69fe9421756c38fb80282495a337
[Propose wait] S1 N0 spin=1 epoch=3 now=1780542758 InitTime=1780542752 lastpropose=1780542758 wallGap=6 need>=4 ok1=true lastGap=0 need>=2 ok2=false
[Propose wait] S1 N0 spin=50 epoch=3 now=1780542759 InitTime=1780542752 lastpropose=1780542758 wallGap=7 need>=4 ok1=true lastGap=1 need>=2 ok2=false
[Propose] S1 N0 时间条件满足: epoch=3->4 now=1780542760 InitTime=1780542752 lastpropose=1780542758 wallGap=8>=4 lastGap=2>=2 → propose1
[Propose] S1 N0 等待 sequenceLock…
[Propose] S1 N0 已持有 sequenceLock，seqID=3 即将 propose1
[propose1] S1 N0 seq=3 Tx_pool.Queue_len=285
left_count: 500
[handleTxFromClient] S1 N0 recv client batch, tx_count=177
[handleTxFromClient] S1 N0 append to Tx_pool.Queue: local_queued=177 forward_other_shard=0 Queue_total_len=177
更新树花时间为: 32
写数据库IO花时间为: 57
编号为 3 的区块已加入本地区块链！curBlock: 
blockHeader: 
[5122fdfced432435c5b1c3eaef647835930a69fe9421756c38fb80282495a337 fe1b9861f17d836c8b992a48d6fbf02000eeb51e8cb27efd7308e88bf6f35961 dcd3f24fcc2ca9275415c1163b9f09e7ee872592c153b4239b0420bbc34617ad 3 1780542760]
# of transactions: 285
# of TXmig1s: 0
# of In1s: 0
# of Anns: 0
# of NSs: 0
blockHash: 
136ec7fa1e184371a994d9f9d59a3cef87a6df7bf2a4eb57f1ee229d39d86bfa

第3个块开始准备relay

[Propose wait] S1 N0 spin=1 epoch=4 now=1780542760 InitTime=1780542752 lastpropose=1780542760 wallGap=8 need>=6 ok1=true lastGap=0 need>=2 ok2=false

第3个块结束relay

[Propose wait] S1 N0 spin=50 epoch=4 now=1780542761 InitTime=1780542752 lastpropose=1780542760 wallGap=9 need>=6 ok1=true lastGap=1 need>=2 ok2=false
[Propose] S1 N0 时间条件满足: epoch=4->5 now=1780542762 InitTime=1780542752 lastpropose=1780542760 wallGap=10>=6 lastGap=2>=2 → propose1
[Propose] S1 N0 等待 sequenceLock…
[Propose] S1 N0 已持有 sequenceLock，seqID=4 即将 propose1
[propose1] S1 N0 seq=4 Tx_pool.Queue_len=393
left_count: 500
[handleTxFromClient] S1 N0 recv client batch, tx_count=163
[handleTxFromClient] S1 N0 append to Tx_pool.Queue: local_queued=163 forward_other_shard=0 Queue_total_len=163
更新树花时间为: 47
写数据库IO花时间为: 57
编号为 4 的区块已加入本地区块链！curBlock: 
blockHeader: 
[136ec7fa1e184371a994d9f9d59a3cef87a6df7bf2a4eb57f1ee229d39d86bfa 21ab9566e5a08e42e06d160e2c4b5fb9564435d051cb5bdc574526da7939ea11 832cddbd702cdf4d25fe52c0d702bdf0916c47d5d2b125fef2cd6ed2f7898d7e 4 1780542762]
# of transactions: 393
# of TXmig1s: 0
# of In1s: 0
# of Anns: 0
# of NSs: 0
blockHash: 
822844bfafd4d4bada87bbc19c782269f018b63630d128f6d31934ecffd8bb77

第4个块开始准备relay

[Propose wait] S1 N0 spin=1 epoch=5 now=1780542762 InitTime=1780542752 lastpropose=1780542762 wallGap=10 need>=8 ok1=true lastGap=0 need>=2 ok2=false

第4个块结束relay

[Propose wait] S1 N0 spin=50 epoch=5 now=1780542763 InitTime=1780542752 lastpropose=1780542762 wallGap=11 need>=8 ok1=true lastGap=1 need>=2 ok2=false
[Propose] S1 N0 时间条件满足: epoch=5->6 now=1780542764 InitTime=1780542752 lastpropose=1780542762 wallGap=12>=8 lastGap=2>=2 → propose1
[Propose] S1 N0 等待 sequenceLock…
[Propose] S1 N0 已持有 sequenceLock，seqID=5 即将 propose1
[propose1] S1 N0 seq=5 Tx_pool.Queue_len=396
left_count: 500
[handleTxFromClient] S1 N0 recv client batch, tx_count=159
[handleTxFromClient] S1 N0 append to Tx_pool.Queue: local_queued=159 forward_other_shard=0 Queue_total_len=159
更新树花时间为: 50
写数据库IO花时间为: 56
编号为 5 的区块已加入本地区块链！curBlock: 
blockHeader: 
[822844bfafd4d4bada87bbc19c782269f018b63630d128f6d31934ecffd8bb77 6c77d2f35508850ac7a5e577bdd3fbf8199f28348eb47161f514d3e985ff44f4 deee1bc3943459359021c77c4e8b62029b01700b10168412e7d46286852b168c 5 1780542764]
# of transactions: 396
# of TXmig1s: 0
# of In1s: 0
# of Anns: 0
# of NSs: 0
blockHash: 
accbcec73925e0e6fca4b02e56359cd65d17d51df8782b6e829c66f7ecfd6290

第5个块开始准备relay

[Propose wait] S1 N0 spin=1 epoch=6 now=1780542764 InitTime=1780542752 lastpropose=1780542764 wallGap=12 need>=10 ok1=true lastGap=0 need>=2 ok2=false

第5个块结束relay

[Propose wait] S1 N0 spin=50 epoch=6 now=1780542765 InitTime=1780542752 lastpropose=1780542764 wallGap=13 need>=10 ok1=true lastGap=1 need>=2 ok2=false
[Propose] S1 N0 时间条件满足: epoch=6->7 now=1780542766 InitTime=1780542752 lastpropose=1780542764 wallGap=14>=10 lastGap=2>=2 → propose1
[Propose] S1 N0 等待 sequenceLock…
[Propose] S1 N0 已持有 sequenceLock，seqID=6 即将 propose1
[propose1] S1 N0 seq=6 Tx_pool.Queue_len=310
left_count: 500
更新树花时间为: 30
写数据库IO花时间为: 38
编号为 6 的区块已加入本地区块链！curBlock: 
blockHeader: 
[accbcec73925e0e6fca4b02e56359cd65d17d51df8782b6e829c66f7ecfd6290 fa3a3ad7000a0de03e640fb1ae36bffa9785bf9939e612d391e5e0479290200e f92b50164cd8ae80581e2b4563bb8b212c51525479f3a5869f44e642f62a2909 6 1780542766]
# of transactions: 310
# of TXmig1s: 0
# of In1s: 0
# of Anns: 0
# of NSs: 0
blockHash: 
263b2cb13d19cd20a40a1e23fee5a75227f1faef6e6d13bcd7409f5b3d33c662

第6个块开始准备relay

[Propose wait] S1 N0 spin=1 epoch=7 now=1780542766 InitTime=1780542752 lastpropose=1780542766 wallGap=14 need>=12 ok1=true lastGap=0 need>=2 ok2=false
[handleTxFromClient] S1 N0 recv client batch, tx_count=391
[handleTxFromClient] S1 N0 append to Tx_pool.Queue: local_queued=391 forward_other_shard=0 Queue_total_len=391

第6个块结束relay

[Propose wait] S1 N0 spin=50 epoch=7 now=1780542767 InitTime=1780542752 lastpropose=1780542766 wallGap=15 need>=12 ok1=true lastGap=1 need>=2 ok2=false
[Propose] S1 N0 时间条件满足: epoch=7->8 now=1780542768 InitTime=1780542752 lastpropose=1780542766 wallGap=16>=12 lastGap=2>=2 → propose1
[Propose] S1 N0 等待 sequenceLock…
[Propose] S1 N0 已持有 sequenceLock，seqID=7 即将 propose1
[propose1] S1 N0 seq=7 Tx_pool.Queue_len=630
left_count: 500
更新树花时间为: 47
写数据库IO花时间为: 52
编号为 7 的区块已加入本地区块链！curBlock: 
blockHeader: 
[263b2cb13d19cd20a40a1e23fee5a75227f1faef6e6d13bcd7409f5b3d33c662 b0e36f2d8202930199249d2c51b22fd1b11b7eb102c090df8c3c68e6675d8a4a 9713d5bb85c19c72ef5845bc4d59f34bfc95581ebe16e83d0836f9f04d71246f 7 1780542768]
# of transactions: 500
# of TXmig1s: 0
# of In1s: 0
# of Anns: 0
# of NSs: 0
blockHash: 
f9318d49b141b08a34a63bb5b5700d2e66e2a452c7db99a20018fbb005e9778c

第7个块开始准备relay

[Propose wait] S1 N0 spin=1 epoch=8 now=1780542768 InitTime=1780542752 lastpropose=1780542768 wallGap=16 need>=14 ok1=true lastGap=0 need>=2 ok2=false
[handleTxFromClient] S1 N0 recv client batch, tx_count=745
[handleTxFromClient] S1 N0 append to Tx_pool.Queue: local_queued=745 forward_other_shard=0 Queue_total_len=875

第7个块结束relay

[Propose wait] S1 N0 spin=50 epoch=8 now=1780542769 InitTime=1780542752 lastpropose=1780542768 wallGap=17 need>=14 ok1=true lastGap=1 need>=2 ok2=false
[Propose] S1 N0 时间条件满足: epoch=8->9 now=1780542770 InitTime=1780542752 lastpropose=1780542768 wallGap=18>=14 lastGap=2>=2 → propose1
[Propose] S1 N0 等待 sequenceLock…
[Propose] S1 N0 已持有 sequenceLock，seqID=8 即将 propose1
[propose1] S1 N0 seq=8 Tx_pool.Queue_len=1101
left_count: 500
更新树花时间为: 32
写数据库IO花时间为: 66
编号为 8 的区块已加入本地区块链！curBlock: 
blockHeader: 
[f9318d49b141b08a34a63bb5b5700d2e66e2a452c7db99a20018fbb005e9778c 0a3e63cb29706d9c6f8e8510f439362cd998bed7f026dc9f937c38a5e343fb5c c420687c8b1dd0005ca1b730c5982d840d234405db1d770ce87cab67188132de 8 1780542770]
# of transactions: 500
# of TXmig1s: 0
# of In1s: 0
# of Anns: 0
# of NSs: 0
blockHash: 
dd5967816836896128836bcd1a346f56b6332bee9c3cf7fae30678e4acc7a091

第8个块开始准备relay

[Propose wait] S1 N0 spin=1 epoch=9 now=1780542770 InitTime=1780542752 lastpropose=1780542770 wallGap=18 need>=16 ok1=true lastGap=0 need>=2 ok2=false
[handleTxFromClient] S1 N0 recv client batch, tx_count=522
[handleTxFromClient] S1 N0 append to Tx_pool.Queue: local_queued=522 forward_other_shard=0 Queue_total_len=1123

第8个块结束relay

[Propose wait] S1 N0 spin=50 epoch=9 now=1780542771 InitTime=1780542752 lastpropose=1780542770 wallGap=19 need>=16 ok1=true lastGap=1 need>=2 ok2=false
[Propose] S1 N0 时间条件满足: epoch=9->10 now=1780542772 InitTime=1780542752 lastpropose=1780542770 wallGap=20>=16 lastGap=2>=2 → propose1
[Propose] S1 N0 等待 sequenceLock…
[Propose] S1 N0 已持有 sequenceLock，seqID=9 即将 propose1
[propose1] S1 N0 seq=9 Tx_pool.Queue_len=1337
left_count: 500
更新树花时间为: 34
写数据库IO花时间为: 44
编号为 9 的区块已加入本地区块链！curBlock: 
blockHeader: 
[dd5967816836896128836bcd1a346f56b6332bee9c3cf7fae30678e4acc7a091 144507fde399ed13a1d2a2579a08e4b41fe0cfe7cff92c5f9cca3c3c9624c016 1a1839d4e2406a36153e0227ae61ff2e82e6eaaef9138a06360abc2b403cdc15 9 1780542772]
# of transactions: 500
# of TXmig1s: 0
# of In1s: 0
# of Anns: 0
# of NSs: 0
blockHash: 
88fd75ed8d4bc8306178fcee59a12f787c33da3a0ac9d3bb5f0a74ce4f20b7de

第9个块开始准备relay

[Propose wait] S1 N0 spin=1 epoch=10 now=1780542772 InitTime=1780542752 lastpropose=1780542772 wallGap=20 need>=18 ok1=true lastGap=0 need>=2 ok2=false
[handleTxFromClient] S1 N0 recv client batch, tx_count=393
[handleTxFromClient] S1 N0 append to Tx_pool.Queue: local_queued=393 forward_other_shard=0 Queue_total_len=1230

第9个块结束relay

[Propose wait] S1 N0 spin=50 epoch=10 now=1780542773 InitTime=1780542752 lastpropose=1780542772 wallGap=21 need>=18 ok1=true lastGap=1 need>=2 ok2=false
[Propose] S1 N0 时间条件满足: epoch=10->11 now=1780542774 InitTime=1780542752 lastpropose=1780542772 wallGap=22>=18 lastGap=2>=2 → propose1
[Propose] S1 N0 等待 sequenceLock…
[Propose] S1 N0 已持有 sequenceLock，seqID=10 即将 propose1
[propose1] S1 N0 seq=10 Tx_pool.Queue_len=1335
left_count: 500
更新树花时间为: 26
写数据库IO花时间为: 35
编号为 10 的区块已加入本地区块链！curBlock: 
blockHeader: 
[88fd75ed8d4bc8306178fcee59a12f787c33da3a0ac9d3bb5f0a74ce4f20b7de a1c9cc771fb625789af11e2edb777dfab81b918939f889f76a34af742983e90a 50c97c109421484203f3d0f8915ce4564b70ec6ee97d4f7dbec18c63f33e530d 10 1780542774]
# of transactions: 500
# of TXmig1s: 0
# of In1s: 0
# of Anns: 0
# of NSs: 0
blockHash: 
a7240f285c1f1dc02684e6d35185e09739427c51e1bf7b8d8d305cd2e504e3ab

第10个块开始准备relay

[Propose wait] S1 N0 spin=1 epoch=11 now=1780542774 InitTime=1780542752 lastpropose=1780542774 wallGap=22 need>=20 ok1=true lastGap=0 need>=2 ok2=false
[handleTxFromClient] S1 N0 recv client batch, tx_count=523
[handleTxFromClient] S1 N0 append to Tx_pool.Queue: local_queued=523 forward_other_shard=0 Queue_total_len=1358

第10个块结束relay

[Propose wait] S1 N0 spin=50 epoch=11 now=1780542775 InitTime=1780542752 lastpropose=1780542774 wallGap=23 need>=20 ok1=true lastGap=1 need>=2 ok2=false
[Propose] S1 N0 时间条件满足: epoch=11->12 now=1780542776 InitTime=1780542752 lastpropose=1780542774 wallGap=24>=20 lastGap=2>=2 → propose1
[Propose] S1 N0 等待 sequenceLock…
[Propose] S1 N0 已持有 sequenceLock，seqID=11 即将 propose1
[propose1] S1 N0 seq=11 Tx_pool.Queue_len=1524
left_count: 500
更新树花时间为: 50
写数据库IO花时间为: 56
编号为 11 的区块已加入本地区块链！curBlock: 
blockHeader: 
[a7240f285c1f1dc02684e6d35185e09739427c51e1bf7b8d8d305cd2e504e3ab 28a98bdca136ff1ffea7b750579766c56752aa925c65de385d0bb03ec6f6f6a2 5e0b6fe4954a68fced5f1c235e842965c1b67b93e9ede58e4b9ed662add2442d 11 1780542776]
# of transactions: 500
# of TXmig1s: 0
# of In1s: 0
# of Anns: 0
# of NSs: 0
blockHash: 
d788245de82f56a9a845f5dbeb55bd3ceee771172faa42ebfa1251a21e87b101

第11个块开始准备relay

[Propose wait] S1 N0 spin=1 epoch=12 now=1780542776 InitTime=1780542752 lastpropose=1780542776 wallGap=24 need>=22 ok1=true lastGap=0 need>=2 ok2=false
[handleTxFromClient] S1 N0 recv client batch, tx_count=249
[handleTxFromClient] S1 N0 append to Tx_pool.Queue: local_queued=249 forward_other_shard=0 Queue_total_len=1273

第11个块结束relay

[Propose wait] S1 N0 spin=50 epoch=12 now=1780542777 InitTime=1780542752 lastpropose=1780542776 wallGap=25 need>=22 ok1=true lastGap=1 need>=2 ok2=false
[Propose] S1 N0 时间条件满足: epoch=12->13 now=1780542778 InitTime=1780542752 lastpropose=1780542776 wallGap=26>=22 lastGap=2>=2 → propose1
[Propose] S1 N0 等待 sequenceLock…
[Propose] S1 N0 已持有 sequenceLock，seqID=12 即将 propose1
[propose1] S1 N0 seq=12 Tx_pool.Queue_len=1450
left_count: 500
更新树花时间为: 25
写数据库IO花时间为: 52
编号为 12 的区块已加入本地区块链！curBlock: 
blockHeader: 
[d788245de82f56a9a845f5dbeb55bd3ceee771172faa42ebfa1251a21e87b101 21272254d0083b8f68b90cc2ca727ed4479ffbbc98fbbb12c80ad2f352394b78 14646fd6a4a3737e974748c70d0164fc7a2c7f348963310c1e4932a105a263e2 12 1780542778]
# of transactions: 500
# of TXmig1s: 0
# of In1s: 0
# of Anns: 0
# of NSs: 0
blockHash: 
9a6d5332d17d4285b56c060f63f03095997570dbf64d1a786477afe57010040b

第12个块开始准备relay

[Propose wait] S1 N0 spin=1 epoch=13 now=1780542778 InitTime=1780542752 lastpropose=1780542778 wallGap=26 need>=24 ok1=true lastGap=0 need>=2 ok2=false
[handleTxFromClient] S1 N0 recv client batch, tx_count=167
[handleTxFromClient] S1 N0 append to Tx_pool.Queue: local_queued=167 forward_other_shard=0 Queue_total_len=1117

第12个块结束relay

[Propose wait] S1 N0 spin=50 epoch=13 now=1780542779 InitTime=1780542752 lastpropose=1780542778 wallGap=27 need>=24 ok1=true lastGap=1 need>=2 ok2=false
[Propose] S1 N0 时间条件满足: epoch=13->14 now=1780542780 InitTime=1780542752 lastpropose=1780542778 wallGap=28>=24 lastGap=2>=2 → propose1
[Propose] S1 N0 等待 sequenceLock…
[Propose] S1 N0 已持有 sequenceLock，seqID=13 即将 propose1
[propose1] S1 N0 seq=13 Tx_pool.Queue_len=1257
left_count: 500
更新树花时间为: 30
写数据库IO花时间为: 46
编号为 13 的区块已加入本地区块链！curBlock: 
blockHeader: 
[9a6d5332d17d4285b56c060f63f03095997570dbf64d1a786477afe57010040b efdc6070cc2cda19c4f1a40e86e04bea7f7d7ad86ad594038938b65bdec97c07 ff50a648670a2cdf51db8ab77ea3359bcb53235db4285654c478b847390bc9f0 13 1780542780]
# of transactions: 500
# of TXmig1s: 0
# of In1s: 0
# of Anns: 0
# of NSs: 0
blockHash: 
f78362c8ed139e4b6e4450a8e5ba0b0fe6c17a9ffd264ada85ddc2aa826be88d

第13个块开始准备relay

[Propose wait] S1 N0 spin=1 epoch=14 now=1780542780 InitTime=1780542752 lastpropose=1780542780 wallGap=28 need>=26 ok1=true lastGap=0 need>=2 ok2=false
[handleTxFromClient] S1 N0 recv client batch, tx_count=311
[handleTxFromClient] S1 N0 append to Tx_pool.Queue: local_queued=311 forward_other_shard=0 Queue_total_len=1068

第13个块结束relay

[Propose wait] S1 N0 spin=50 epoch=14 now=1780542781 InitTime=1780542752 lastpropose=1780542780 wallGap=29 need>=26 ok1=true lastGap=1 need>=2 ok2=false
[Propose] S1 N0 时间条件满足: epoch=14->15 now=1780542782 InitTime=1780542752 lastpropose=1780542780 wallGap=30>=26 lastGap=2>=2 → propose1
[Propose] S1 N0 等待 sequenceLock…
[Propose] S1 N0 已持有 sequenceLock，seqID=14 即将 propose1
[propose1] S1 N0 seq=14 Tx_pool.Queue_len=1275
left_count: 500
更新树花时间为: 52
写数据库IO花时间为: 80
编号为 14 的区块已加入本地区块链！curBlock: 
blockHeader: 
[f78362c8ed139e4b6e4450a8e5ba0b0fe6c17a9ffd264ada85ddc2aa826be88d 1626bb0345478257d38a053790c8f2ee1dad3ad25642ab858e9fcee9f0335286 abb17399879b545b8245a13bb98db6c23ebcee41c1315794cc84b4c1b8a4e4e3 14 1780542782]
# of transactions: 500
# of TXmig1s: 0
# of In1s: 0
# of Anns: 0
# of NSs: 0
blockHash: 
f5d4519acc2df207acf1df8a1f0f695949da068620203389f5e9ce2a6d06656e

第14个块开始准备relay

[Propose wait] S1 N0 spin=1 epoch=15 now=1780542782 InitTime=1780542752 lastpropose=1780542782 wallGap=30 need>=28 ok1=true lastGap=0 need>=2 ok2=false
[handleTxFromClient] S1 N0 recv client batch, tx_count=304
[handleTxFromClient] S1 N0 append to Tx_pool.Queue: local_queued=304 forward_other_shard=0 Queue_total_len=1079

第14个块结束relay

[Propose wait] S1 N0 spin=50 epoch=15 now=1780542783 InitTime=1780542752 lastpropose=1780542782 wallGap=31 need>=28 ok1=true lastGap=1 need>=2 ok2=false
[Propose] S1 N0 时间条件满足: epoch=15->16 now=1780542784 InitTime=1780542752 lastpropose=1780542782 wallGap=32>=28 lastGap=2>=2 → propose1
[Propose] S1 N0 等待 sequenceLock…
[Propose] S1 N0 已持有 sequenceLock，seqID=15 即将 propose1
[propose1] S1 N0 seq=15 Tx_pool.Queue_len=1281
left_count: 500
更新树花时间为: 66
写数据库IO花时间为: 83
编号为 15 的区块已加入本地区块链！curBlock: 
blockHeader: 
[f5d4519acc2df207acf1df8a1f0f695949da068620203389f5e9ce2a6d06656e d24367c7445cd9e9134fac50089d09862c169be487e7f5d1dc7bfb4921834986 ab16cf1e6aa5b37c5d5413fbaec65449c8f15c8d4a49c2cdc6d049d0fc845bd9 15 1780542784]
# of transactions: 500
# of TXmig1s: 0
# of In1s: 0
# of Anns: 0
# of NSs: 0
blockHash: 
951aca08352949930b1af602028f3f51245395f31feb0757e8a46ee02279bc10

第15个块开始准备relay

[Propose wait] S1 N0 spin=1 epoch=16 now=1780542784 InitTime=1780542752 lastpropose=1780542784 wallGap=32 need>=30 ok1=true lastGap=0 need>=2 ok2=false
[handleTxFromClient] S1 N0 recv client batch, tx_count=332
[handleTxFromClient] S1 N0 append to Tx_pool.Queue: local_queued=332 forward_other_shard=0 Queue_total_len=1113

第15个块结束relay

[Propose wait] S1 N0 spin=50 epoch=16 now=1780542785 InitTime=1780542752 lastpropose=1780542784 wallGap=33 need>=30 ok1=true lastGap=1 need>=2 ok2=false
[Propose] S1 N0 时间条件满足: epoch=16->17 now=1780542786 InitTime=1780542752 lastpropose=1780542784 wallGap=34>=30 lastGap=2>=2 → propose1
[Propose] S1 N0 等待 sequenceLock…
[Propose] S1 N0 已持有 sequenceLock，seqID=16 即将 propose1
[propose1] S1 N0 seq=16 Tx_pool.Queue_len=1285
left_count: 500
更新树花时间为: 47
写数据库IO花时间为: 57
编号为 16 的区块已加入本地区块链！curBlock: 
blockHeader: 
[951aca08352949930b1af602028f3f51245395f31feb0757e8a46ee02279bc10 4a1a59e2d717337a12c0ac41e59566eafe1e237556902ab926f65cc0021dff91 8ec75d705ef8072b344d7bfe489c05daf546b0eaa7dc23f3687a8478cb385c95 16 1780542786]
# of transactions: 500
# of TXmig1s: 0
# of In1s: 0
# of Anns: 0
# of NSs: 0
blockHash: 
438a2b4813fca1d1a7da9ce2f21649871c1e297942fc0350e72dafa736bc6cc4

第16个块开始准备relay

[Propose wait] S1 N0 spin=1 epoch=17 now=1780542786 InitTime=1780542752 lastpropose=1780542786 wallGap=34 need>=32 ok1=true lastGap=0 need>=2 ok2=false
[handleTxFromClient] S1 N0 recv client batch, tx_count=311
[handleTxFromClient] S1 N0 append to Tx_pool.Queue: local_queued=311 forward_other_shard=0 Queue_total_len=1096

第16个块结束relay

[Propose wait] S1 N0 spin=50 epoch=17 now=1780542787 InitTime=1780542752 lastpropose=1780542786 wallGap=35 need>=32 ok1=true lastGap=1 need>=2 ok2=false
[Propose] S1 N0 时间条件满足: epoch=17->18 now=1780542788 InitTime=1780542752 lastpropose=1780542786 wallGap=36>=32 lastGap=2>=2 → propose1
[Propose] S1 N0 等待 sequenceLock…
[Propose] S1 N0 已持有 sequenceLock，seqID=17 即将 propose1
[propose1] S1 N0 seq=17 Tx_pool.Queue_len=1337
left_count: 500
更新树花时间为: 38
写数据库IO花时间为: 53
编号为 17 的区块已加入本地区块链！curBlock: 
blockHeader: 
[438a2b4813fca1d1a7da9ce2f21649871c1e297942fc0350e72dafa736bc6cc4 0a75072d01ad0200e5d884790f77eb2b85435cd422329f59b50a8ee614ff5b14 7b1c63dea9cb704787726f9a9b00ae5974b67ef0ad8e491202f6c1f4aea743f5 17 1780542788]
# of transactions: 500
# of TXmig1s: 0
# of In1s: 0
# of Anns: 0
# of NSs: 0
blockHash: 
746fb6cce36935c817930a3fa9c556e3c3b6ec8d4de1657f793f482c92b67151

第17个块开始准备relay

[Propose wait] S1 N0 spin=1 epoch=18 now=1780542788 InitTime=1780542752 lastpropose=1780542788 wallGap=36 need>=34 ok1=true lastGap=0 need>=2 ok2=false
[handleTxFromClient] S1 N0 recv client batch, tx_count=634
[handleTxFromClient] S1 N0 append to Tx_pool.Queue: local_queued=634 forward_other_shard=0 Queue_total_len=1471

第17个块结束relay

[Propose wait] S1 N0 spin=50 epoch=18 now=1780542789 InitTime=1780542752 lastpropose=1780542788 wallGap=37 need>=34 ok1=true lastGap=1 need>=2 ok2=false
[Propose] S1 N0 时间条件满足: epoch=18->19 now=1780542790 InitTime=1780542752 lastpropose=1780542788 wallGap=38>=34 lastGap=2>=2 → propose1
[Propose] S1 N0 等待 sequenceLock…
[Propose] S1 N0 已持有 sequenceLock，seqID=18 即将 propose1
[propose1] S1 N0 seq=18 Tx_pool.Queue_len=1627
left_count: 500
更新树花时间为: 50
写数据库IO花时间为: 59
编号为 18 的区块已加入本地区块链！curBlock: 
blockHeader: 
[746fb6cce36935c817930a3fa9c556e3c3b6ec8d4de1657f793f482c92b67151 da7d81b5f16cb006b666e0a8a5d7a51c50f483e732a58554f756579956ca392f 159a70ff8359543291f22749b9efbdf86cc2860299c5256ed985c2d095069b6f 18 1780542790]
# of transactions: 500
# of TXmig1s: 0
# of In1s: 0
# of Anns: 0
# of NSs: 0
blockHash: 
e10f107f5bce2986bba4a71882c528f287866f406c159ba1d96110941c37fea7

第18个块开始准备relay

[Propose wait] S1 N0 spin=1 epoch=19 now=1780542790 InitTime=1780542752 lastpropose=1780542790 wallGap=38 need>=36 ok1=true lastGap=0 need>=2 ok2=false
[handleTxFromClient] S1 N0 recv client batch, tx_count=633
[handleTxFromClient] S1 N0 append to Tx_pool.Queue: local_queued=633 forward_other_shard=0 Queue_total_len=1760

第18个块结束relay

[Propose wait] S1 N0 spin=50 epoch=19 now=1780542791 InitTime=1780542752 lastpropose=1780542790 wallGap=39 need>=36 ok1=true lastGap=1 need>=2 ok2=false
[Propose] S1 N0 时间条件满足: epoch=19->20 now=1780542792 InitTime=1780542752 lastpropose=1780542790 wallGap=40>=36 lastGap=2>=2 → propose1
[Propose] S1 N0 等待 sequenceLock…
[Propose] S1 N0 已持有 sequenceLock，seqID=19 即将 propose1
[propose1] S1 N0 seq=19 Tx_pool.Queue_len=1935
left_count: 500
更新树花时间为: 47
写数据库IO花时间为: 52
编号为 19 的区块已加入本地区块链！curBlock: 
blockHeader: 
[e10f107f5bce2986bba4a71882c528f287866f406c159ba1d96110941c37fea7 2301f1be1cc8aa71cbe86cff5c694620e4abc253c2b14b4c292ac9613202c1c8 962aa1e96d454dd6b111948aba417ce523222c39e3114a939489bffbc5f93fcb 19 1780542792]
# of transactions: 500
# of TXmig1s: 0
# of In1s: 0
# of Anns: 0
# of NSs: 0
blockHash: 
6fe526ffad2ba5611cfe2122b43779e930dca98d55d400cacfe11e24d5ff862f

第19个块开始准备relay

[Propose wait] S1 N0 spin=1 epoch=20 now=1780542792 InitTime=1780542752 lastpropose=1780542792 wallGap=40 need>=38 ok1=true lastGap=0 need>=2 ok2=false
[handleTxFromClient] S1 N0 recv client batch, tx_count=245
[handleTxFromClient] S1 N0 append to Tx_pool.Queue: local_queued=245 forward_other_shard=0 Queue_total_len=1680

第19个块结束relay

[Propose wait] S1 N0 spin=50 epoch=20 now=1780542793 InitTime=1780542752 lastpropose=1780542792 wallGap=41 need>=38 ok1=true lastGap=1 need>=2 ok2=false
[Propose] S1 N0 时间条件满足: epoch=20->21 now=1780542794 InitTime=1780542752 lastpropose=1780542792 wallGap=42>=38 lastGap=2>=2 → propose1
[Propose] S1 N0 等待 sequenceLock…
[Propose] S1 N0 已持有 sequenceLock，seqID=20 即将 propose1
[propose1] S1 N0 seq=20 Tx_pool.Queue_len=1843
left_count: 500
更新树花时间为: 22
写数据库IO花时间为: 27
编号为 20 的区块已加入本地区块链！curBlock: 
blockHeader: 
[6fe526ffad2ba5611cfe2122b43779e930dca98d55d400cacfe11e24d5ff862f 1e76eebc84236785af22242b9f2239a1567bf3cbe49ca29e1ffe0925af3847b8 3d4b0432784a8962efad0fb867a7a4a7cb0cab38141bff62863185ecaf16967d 20 1780542794]
# of transactions: 500
# of TXmig1s: 0
# of In1s: 0
# of Anns: 0
# of NSs: 0
blockHash: 
f22dd7e23bc50b8348d5167cc20b1a965189589fafc1df6d9bac5e33812de5c7

第20个块开始准备relay

[Propose wait] S1 N0 spin=1 epoch=21 now=1780542794 InitTime=1780542752 lastpropose=1780542794 wallGap=42 need>=40 ok1=true lastGap=0 need>=2 ok2=false
[handleTxFromClient] S1 N0 recv client batch, tx_count=753
[handleTxFromClient] S1 N0 append to Tx_pool.Queue: local_queued=753 forward_other_shard=0 Queue_total_len=2096

第20个块结束relay

[Propose wait] S1 N0 spin=50 epoch=21 now=1780542795 InitTime=1780542752 lastpropose=1780542794 wallGap=43 need>=40 ok1=true lastGap=1 need>=2 ok2=false
[Propose] S1 N0 时间条件满足: epoch=21->22 now=1780542796 InitTime=1780542752 lastpropose=1780542794 wallGap=44>=40 lastGap=2>=2 → propose1
[Propose] S1 N0 等待 sequenceLock…
[Propose] S1 N0 已持有 sequenceLock，seqID=21 即将 propose1
[propose1] S1 N0 seq=21 Tx_pool.Queue_len=2356
left_count: 500
更新树花时间为: 21
写数据库IO花时间为: 26
编号为 21 的区块已加入本地区块链！curBlock: 
blockHeader: 
[f22dd7e23bc50b8348d5167cc20b1a965189589fafc1df6d9bac5e33812de5c7 80d2a03212182dd24ca197608be457596039ee266d4bb2bb1c538a6cf302b394 ec74ad2f83c049014a74278dce20f2028004834ad3ef2efcbe68221f022f6dd1 21 1780542796]
# of transactions: 500
# of TXmig1s: 0
# of In1s: 0
# of Anns: 0
# of NSs: 0
blockHash: 
71bb37f291f97aa9ffb3dc072e016c16abb3b034479b4ed634a96deab10f19a9

第21个块开始准备relay

[Propose wait] S1 N0 spin=1 epoch=22 now=1780542796 InitTime=1780542752 lastpropose=1780542796 wallGap=44 need>=42 ok1=true lastGap=0 need>=2 ok2=false
本节点已接收到client发来准备迁移通知
本节点已将 pending 发送到 client（1856 笔）
[handleTxFromClient] S1 N0 recv client batch, tx_count=775
[handleTxFromClient] S1 N0 append to Tx_pool.Queue: local_queued=775 forward_other_shard=0 Queue_total_len=2631

第21个块结束relay

本节点已接收到客户端发送的新映射
[Propose wait] S1 N0 spin=50 epoch=22 now=1780542797 InitTime=1780542752 lastpropose=1780542796 wallGap=45 need>=42 ok1=true lastGap=1 need>=2 ok2=false
[Propose] S1 N0 时间条件满足: epoch=22->23 now=1780542798 InitTime=1780542752 lastpropose=1780542796 wallGap=46>=42 lastGap=2>=2 → propose1
[Propose] S1 N0 等待 sequenceLock…
[Propose] S1 N0 已持有 sequenceLock，seqID=22 即将 propose1
[propose1] S1 N0 seq=22 Tx_pool.Queue_len=2757
left_count: 200
更新树花时间为: 42
写数据库IO花时间为: 70
编号为 22 的区块已加入本地区块链！curBlock: 
blockHeader: 
[71bb37f291f97aa9ffb3dc072e016c16abb3b034479b4ed634a96deab10f19a9 0d1b7917fd5f5cddc6a1594c0ca437283c33944ba3c4be577cfd03ef8aaef7ae 9e3a17891f6c7517fc5868683324bc7f36a90c2ddf0161ba89e59f146e80ceb0 22 1780542798]
# of transactions: 200
# of TXmig1s: 300
# of In1s: 0
# of Anns: 0
# of NSs: 0
blockHash: 
0c4d17d68f3756ef8fdf98f9f51f22df2faef8a140c8164996425c6a2a9982f2

第22个块开始准备relay

[Propose wait] S1 N0 spin=1 epoch=23 now=1780542798 InitTime=1780542752 lastpropose=1780542798 wallGap=46 need>=44 ok1=true lastGap=0 need>=2 ok2=false
[SyncLog] flush failed shard=S1 node=N0 event=recv mode=delta err=short write
[MVSS-Delta] S1 收到分片 S0 的 TXsyncDelta，条数=1
[MVSS-Delta] S1 已获取 sequenceLock，开始处理 delta
[MVSS-Delta] 目标片 S1 暂存 delta 账户 f341cafc9ba3d91ef98c9ef811170c1c5f1ef28e [0,1)（MigCtx 未就绪）
[MVSS-Delta] S1 暂存 delta 账户 f341cafc9ba3d91ef98c9ef811170c1c5f1ef28e（尚无 MigCtx）
[SyncLog] flush failed shard=S1 node=N0 event=recv mode=delta err=short write
[MVSS-Delta] S1 收到分片 S0 的 TXsyncDelta，条数=1
[MVSS-Delta] S1 已获取 sequenceLock，开始处理 delta
[SyncLog] write failed shard=S1 node=N0 event=recv mode=delta err=short write
[MVSS-Delta] 目标片 S1 暂存 delta 账户 9e9ff119553d7ad5d40d1cd4c39aba4901955470 [1,2)（MigCtx 未就绪）
[MVSS-Delta] S1 暂存 delta 账户 9e9ff119553d7ad5d40d1cd4c39aba4901955470（尚无 MigCtx）
[MVSS-Delta] S1 收到分片 S0 的 TXsyncDelta，条数=1
[MVSS-Delta] S1 已获取 sequenceLock，开始处理 delta
[MVSS-Delta] 目标片 S1 暂存 delta 账户 96904d8c1f1c88dfb6cfba916396bf4beabcf454 [0,1)（MigCtx 未就绪）
[MVSS-Delta] S1 暂存 delta 账户 96904d8c1f1c88dfb6cfba916396bf4beabcf454（尚无 MigCtx）

第22个块结束relay

[handleTxFromClient] S1 N0 recv client batch, tx_count=770
[handleTxFromClient] S1 N0 recv client batch, tx_count=1
[handleTxFromClient] S1 N0 append to Tx_pool.Queue: local_queued=0 forward_other_shard=0 Queue_total_len=2596
[handleTxFromClient] S1 N0 append to Tx_pool.Queue: local_queued=769 forward_other_shard=0 Queue_total_len=3365
[handleTxFromClient] S1 N0 recv client batch, tx_count=1
[handleTxFromClient] S1 N0 append to Tx_pool.Queue: local_queued=0 forward_other_shard=0 Queue_total_len=3365
[handleTxFromClient] S1 N0 recv client batch, tx_count=1
[handleTxFromClient] S1 N0 append to Tx_pool.Queue: local_queued=0 forward_other_shard=0 Queue_total_len=3365
[handleTxFromClient] S1 N0 recv client batch, tx_count=1
[handleTxFromClient] S1 N0 append to Tx_pool.Queue: local_queued=0 forward_other_shard=0 Queue_total_len=3365
[handleTxFromClient] S1 N0 recv client batch, tx_count=1
[handleTxFromClient] S1 N0 append to Tx_pool.Queue: local_queued=0 forward_other_shard=0 Queue_total_len=3365
[handleTxFromClient] S1 N0 recv client batch, tx_count=1
[handleTxFromClient] S1 N0 append to Tx_pool.Queue: local_queued=0 forward_other_shard=0 Queue_total_len=3365
[handleTxFromClient] S1 N0 recv client batch, tx_count=1
[handleTxFromClient] S1 N0 append to Tx_pool.Queue: local_queued=0 forward_other_shard=0 Queue_total_len=3365
[handleTxFromClient] S1 N0 recv client batch, tx_count=1
[handleTxFromClient] S1 N0 append to Tx_pool.Queue: local_queued=0 forward_other_shard=0 Queue_total_len=3365
[handleTxFromClient] S1 N0 recv client batch, tx_count=1
[handleTxFromClient] S1 N0 append to Tx_pool.Queue: local_queued=0 forward_other_shard=0 Queue_total_len=3365
[handleTxFromClient] S1 N0 recv client batch, tx_count=1
[handleTxFromClient] S1 N0 append to Tx_pool.Queue: local_queued=0 forward_other_shard=0 Queue_total_len=3365
[handleTxFromClient] S1 N0 recv client batch, tx_count=1
[handleTxFromClient] S1 N0 append to Tx_pool.Queue: local_queued=0 forward_other_shard=0 Queue_total_len=3365
[handleTxFromClient] S1 N0 recv client batch, tx_count=1
[handleTxFromClient] S1 N0 append to Tx_pool.Queue: local_queued=0 forward_other_shard=0 Queue_total_len=3365
[handleTxFromClient] S1 N0 recv client batch, tx_count=1
[handleTxFromClient] S1 N0 append to Tx_pool.Queue: local_queued=0 forward_other_shard=0 Queue_total_len=3365
[handleTxFromClient] S1 N0 recv client batch, tx_count=1
[handleTxFromClient] S1 N0 append to Tx_pool.Queue: local_queued=0 forward_other_shard=0 Queue_total_len=3365
[handleTxFromClient] S1 N0 recv client batch, tx_count=1
[handleTxFromClient] S1 N0 append to Tx_pool.Queue: local_queued=0 forward_other_shard=0 Queue_total_len=3365
[handleTxFromClient] S1 N0 recv client batch, tx_count=1
[handleTxFromClient] S1 N0 append to Tx_pool.Queue: local_queued=0 forward_other_shard=0 Queue_total_len=3365
[handleTxFromClient] S1 N0 recv client batch, tx_count=1
[handleTxFromClient] S1 N0 append to Tx_pool.Queue: local_queued=0 forward_other_shard=0 Queue_total_len=3365
[handleTxFromClient] S1 N0 recv client batch, tx_count=1
[handleTxFromClient] S1 N0 append to Tx_pool.Queue: local_queued=0 forward_other_shard=0 Queue_total_len=3365
[handleTxFromClient] S1 N0 recv client batch, tx_count=1
[handleTxFromClient] S1 N0 append to Tx_pool.Queue: local_queued=0 forward_other_shard=0 Queue_total_len=3365
[handleTxFromClient] S1 N0 recv client batch, tx_count=1
[handleTxFromClient] S1 N0 append to Tx_pool.Queue: local_queued=0 forward_other_shard=0 Queue_total_len=3365
[handleTxFromClient] S1 N0 recv client batch, tx_count=1
[handleTxFromClient] S1 N0 append to Tx_pool.Queue: local_queued=0 forward_other_shard=0 Queue_total_len=3365
[handleTxFromClient] S1 N0 recv client batch, tx_count=1
[handleTxFromClient] S1 N0 append to Tx_pool.Queue: local_queued=0 forward_other_shard=0 Queue_total_len=3365
[handleTxFromClient] S1 N0 recv client batch, tx_count=1
[handleTxFromClient] S1 N0 append to Tx_pool.Queue: local_queued=0 forward_other_shard=0 Queue_total_len=3365
[handleTxFromClient] S1 N0 recv client batch, tx_count=1
[handleTxFromClient] S1 N0 append to Tx_pool.Queue: local_queued=0 forward_other_shard=0 Queue_total_len=3365
[handleTxFromClient] S1 N0 recv client batch, tx_count=1
[handleTxFromClient] S1 N0 append to Tx_pool.Queue: local_queued=0 forward_other_shard=0 Queue_total_len=3365
[handleTxFromClient] S1 N0 recv client batch, tx_count=1
[handleTxFromClient] S1 N0 append to Tx_pool.Queue: local_queued=0 forward_other_shard=0 Queue_total_len=3365
[handleTxFromClient] S1 N0 recv client batch, tx_count=1
[handleTxFromClient] S1 N0 append to Tx_pool.Queue: local_queued=0 forward_other_shard=0 Queue_total_len=3365
[handleTxFromClient] S1 N0 recv client batch, tx_count=1
[handleTxFromClient] S1 N0 append to Tx_pool.Queue: local_queued=0 forward_other_shard=0 Queue_total_len=3365
[handleTxFromClient] S1 N0 recv client batch, tx_count=1
[handleTxFromClient] S1 N0 append to Tx_pool.Queue: local_queued=0 forward_other_shard=0 Queue_total_len=3365
[handleTxFromClient] S1 N0 recv client batch, tx_count=1
[handleTxFromClient] S1 N0 append to Tx_pool.Queue: local_queued=0 forward_other_shard=0 Queue_total_len=3365
[handleTxFromClient] S1 N0 recv client batch, tx_count=1
[handleTxFromClient] S1 N0 append to Tx_pool.Queue: local_queued=0 forward_other_shard=0 Queue_total_len=3365
[handleTxFromClient] S1 N0 recv client batch, tx_count=1
[handleTxFromClient] S1 N0 append to Tx_pool.Queue: local_queued=0 forward_other_shard=0 Queue_total_len=3365
[handleTxFromClient] S1 N0 recv client batch, tx_count=1
[handleTxFromClient] S1 N0 append to Tx_pool.Queue: local_queued=0 forward_other_shard=0 Queue_total_len=3365
[handleTxFromClient] S1 N0 recv client batch, tx_count=1
[handleTxFromClient] S1 N0 append to Tx_pool.Queue: local_queued=0 forward_other_shard=0 Queue_total_len=3365
[handleTxFromClient] S1 N0 recv client batch, tx_count=1
[handleTxFromClient] S1 N0 append to Tx_pool.Queue: local_queued=0 forward_other_shard=0 Queue_total_len=3365
[handleTxFromClient] S1 N0 recv client batch, tx_count=1
[handleTxFromClient] S1 N0 append to Tx_pool.Queue: local_queued=0 forward_other_shard=0 Queue_total_len=3365
[handleTxFromClient] S1 N0 recv client batch, tx_count=1
[handleTxFromClient] S1 N0 append to Tx_pool.Queue: local_queued=0 forward_other_shard=0 Queue_total_len=3365
[handleTxFromClient] S1 N0 recv client batch, tx_count=1
[handleTxFromClient] S1 N0 append to Tx_pool.Queue: local_queued=0 forward_other_shard=0 Queue_total_len=3365
[handleTxFromClient] S1 N0 recv client batch, tx_count=1
[handleTxFromClient] S1 N0 append to Tx_pool.Queue: local_queued=0 forward_other_shard=0 Queue_total_len=3365
[handleTxFromClient] S1 N0 recv client batch, tx_count=1
[handleTxFromClient] S1 N0 append to Tx_pool.Queue: local_queued=0 forward_other_shard=0 Queue_total_len=3365
[handleTxFromClient] S1 N0 recv client batch, tx_count=1
[handleTxFromClient] S1 N0 append to Tx_pool.Queue: local_queued=0 forward_other_shard=0 Queue_total_len=3365
[handleTxFromClient] S1 N0 recv client batch, tx_count=1
[handleTxFromClient] S1 N0 append to Tx_pool.Queue: local_queued=0 forward_other_shard=0 Queue_total_len=3365
[handleTxFromClient] S1 N0 recv client batch, tx_count=1
[handleTxFromClient] S1 N0 append to Tx_pool.Queue: local_queued=0 forward_other_shard=0 Queue_total_len=3365
[handleTxFromClient] S1 N0 recv client batch, tx_count=1
[handleTxFromClient] S1 N0 append to Tx_pool.Queue: local_queued=0 forward_other_shard=0 Queue_total_len=3365
[handleTxFromClient] S1 N0 recv client batch, tx_count=1
[handleTxFromClient] S1 N0 append to Tx_pool.Queue: local_queued=0 forward_other_shard=0 Queue_total_len=3365
[handleTxFromClient] S1 N0 recv client batch, tx_count=1
[handleTxFromClient] S1 N0 append to Tx_pool.Queue: local_queued=0 forward_other_shard=0 Queue_total_len=3365
[handleTxFromClient] S1 N0 recv client batch, tx_count=1
[handleTxFromClient] S1 N0 append to Tx_pool.Queue: local_queued=0 forward_other_shard=0 Queue_total_len=3365
[handleTxFromClient] S1 N0 recv client batch, tx_count=1
[handleTxFromClient] S1 N0 append to Tx_pool.Queue: local_queued=0 forward_other_shard=0 Queue_total_len=3365
[handleTxFromClient] S1 N0 recv client batch, tx_count=1
[handleTxFromClient] S1 N0 append to Tx_pool.Queue: local_queued=0 forward_other_shard=0 Queue_total_len=3365
[handleTxFromClient] S1 N0 recv client batch, tx_count=1
[handleTxFromClient] S1 N0 append to Tx_pool.Queue: local_queued=0 forward_other_shard=0 Queue_total_len=3365
[handleTxFromClient] S1 N0 recv client batch, tx_count=1
[handleTxFromClient] S1 N0 append to Tx_pool.Queue: local_queued=0 forward_other_shard=0 Queue_total_len=3365
[handleTxFromClient] S1 N0 recv client batch, tx_count=1
[handleTxFromClient] S1 N0 append to Tx_pool.Queue: local_queued=0 forward_other_shard=0 Queue_total_len=3365
[handleTxFromClient] S1 N0 recv client batch, tx_count=1
[handleTxFromClient] S1 N0 append to Tx_pool.Queue: local_queued=0 forward_other_shard=0 Queue_total_len=3365
[handleTxFromClient] S1 N0 recv client batch, tx_count=1
[handleTxFromClient] S1 N0 append to Tx_pool.Queue: local_queued=0 forward_other_shard=0 Queue_total_len=3365
[handleTxFromClient] S1 N0 recv client batch, tx_count=1
[handleTxFromClient] S1 N0 append to Tx_pool.Queue: local_queued=0 forward_other_shard=0 Queue_total_len=3365
[handleTxFromClient] S1 N0 recv client batch, tx_count=1
[handleTxFromClient] S1 N0 append to Tx_pool.Queue: local_queued=0 forward_other_shard=0 Queue_total_len=3365
[handleTxFromClient] S1 N0 recv client batch, tx_count=1
[handleTxFromClient] S1 N0 append to Tx_pool.Queue: local_queued=0 forward_other_shard=0 Queue_total_len=3365
[handleTxFromClient] S1 N0 recv client batch, tx_count=1
[handleTxFromClient] S1 N0 append to Tx_pool.Queue: local_queued=0 forward_other_shard=0 Queue_total_len=3365
[handleTxFromClient] S1 N0 recv client batch, tx_count=1
[handleTxFromClient] S1 N0 append to Tx_pool.Queue: local_queued=0 forward_other_shard=0 Queue_total_len=3365
[handleTxFromClient] S1 N0 recv client batch, tx_count=1
[handleTxFromClient] S1 N0 append to Tx_pool.Queue: local_queued=0 forward_other_shard=0 Queue_total_len=3365
[handleTxFromClient] S1 N0 recv client batch, tx_count=1
[handleTxFromClient] S1 N0 append to Tx_pool.Queue: local_queued=0 forward_other_shard=0 Queue_total_len=3365
[handleTxFromClient] S1 N0 recv client batch, tx_count=1
[handleTxFromClient] S1 N0 append to Tx_pool.Queue: local_queued=0 forward_other_shard=0 Queue_total_len=3365
[handleTxFromClient] S1 N0 recv client batch, tx_count=1
[handleTxFromClient] S1 N0 append to Tx_pool.Queue: local_queued=0 forward_other_shard=0 Queue_total_len=3365
[handleTxFromClient] S1 N0 recv client batch, tx_count=1
[handleTxFromClient] S1 N0 append to Tx_pool.Queue: local_queued=0 forward_other_shard=0 Queue_total_len=3365
[handleTxFromClient] S1 N0 recv client batch, tx_count=1
[handleTxFromClient] S1 N0 append to Tx_pool.Queue: local_queued=0 forward_other_shard=0 Queue_total_len=3365
[handleTxFromClient] S1 N0 recv client batch, tx_count=1
[handleTxFromClient] S1 N0 append to Tx_pool.Queue: local_queued=0 forward_other_shard=0 Queue_total_len=3365
[handleTxFromClient] S1 N0 recv client batch, tx_count=1
[handleTxFromClient] S1 N0 append to Tx_pool.Queue: local_queued=0 forward_other_shard=0 Queue_total_len=3365
[handleTxFromClient] S1 N0 recv client batch, tx_count=1
[handleTxFromClient] S1 N0 append to Tx_pool.Queue: local_queued=0 forward_other_shard=0 Queue_total_len=3365
[handleTxFromClient] S1 N0 recv client batch, tx_count=1
[handleTxFromClient] S1 N0 append to Tx_pool.Queue: local_queued=0 forward_other_shard=0 Queue_total_len=3365
[handleTxFromClient] S1 N0 recv client batch, tx_count=1
[handleTxFromClient] S1 N0 append to Tx_pool.Queue: local_queued=0 forward_other_shard=0 Queue_total_len=3365
[handleTxFromClient] S1 N0 recv client batch, tx_count=1
[handleTxFromClient] S1 N0 append to Tx_pool.Queue: local_queued=0 forward_other_shard=0 Queue_total_len=3365
[handleTxFromClient] S1 N0 recv client batch, tx_count=1
[handleTxFromClient] S1 N0 append to Tx_pool.Queue: local_queued=0 forward_other_shard=0 Queue_total_len=3365
[handleTxFromClient] S1 N0 recv client batch, tx_count=1
[handleTxFromClient] S1 N0 append to Tx_pool.Queue: local_queued=0 forward_other_shard=0 Queue_total_len=3365
[handleTxFromClient] S1 N0 recv client batch, tx_count=1
[handleTxFromClient] S1 N0 append to Tx_pool.Queue: local_queued=0 forward_other_shard=0 Queue_total_len=3365
[handleTxFromClient] S1 N0 recv client batch, tx_count=1
[handleTxFromClient] S1 N0 append to Tx_pool.Queue: local_queued=0 forward_other_shard=0 Queue_total_len=3365
[handleTxFromClient] S1 N0 recv client batch, tx_count=1
[handleTxFromClient] S1 N0 append to Tx_pool.Queue: local_queued=0 forward_other_shard=0 Queue_total_len=3365
[handleTxFromClient] S1 N0 recv client batch, tx_count=1
[handleTxFromClient] S1 N0 append to Tx_pool.Queue: local_queued=0 forward_other_shard=0 Queue_total_len=3365
[handleTxFromClient] S1 N0 recv client batch, tx_count=1
[handleTxFromClient] S1 N0 append to Tx_pool.Queue: local_queued=0 forward_other_shard=0 Queue_total_len=3365
[handleTxFromClient] S1 N0 recv client batch, tx_count=1
[handleTxFromClient] S1 N0 append to Tx_pool.Queue: local_queued=0 forward_other_shard=0 Queue_total_len=3365
[handleTxFromClient] S1 N0 recv client batch, tx_count=1
[handleTxFromClient] S1 N0 append to Tx_pool.Queue: local_queued=0 forward_other_shard=0 Queue_total_len=3365
[handleTxFromClient] S1 N0 recv client batch, tx_count=1
[handleTxFromClient] S1 N0 append to Tx_pool.Queue: local_queued=0 forward_other_shard=0 Queue_total_len=3365
[handleTxFromClient] S1 N0 recv client batch, tx_count=1
[handleTxFromClient] S1 N0 append to Tx_pool.Queue: local_queued=0 forward_other_shard=0 Queue_total_len=3365
[handleTxFromClient] S1 N0 recv client batch, tx_count=1
[handleTxFromClient] S1 N0 append to Tx_pool.Queue: local_queued=0 forward_other_shard=0 Queue_total_len=3365
[handleTxFromClient] S1 N0 recv client batch, tx_count=1
[handleTxFromClient] S1 N0 append to Tx_pool.Queue: local_queued=0 forward_other_shard=0 Queue_total_len=3365
[handleTxFromClient] S1 N0 recv client batch, tx_count=1
[handleTxFromClient] S1 N0 append to Tx_pool.Queue: local_queued=0 forward_other_shard=0 Queue_total_len=3365
[handleTxFromClient] S1 N0 recv client batch, tx_count=1
[handleTxFromClient] S1 N0 append to Tx_pool.Queue: local_queued=0 forward_other_shard=0 Queue_total_len=3365
[handleTxFromClient] S1 N0 recv client batch, tx_count=1
[handleTxFromClient] S1 N0 append to Tx_pool.Queue: local_queued=0 forward_other_shard=0 Queue_total_len=3365
[handleTxFromClient] S1 N0 recv client batch, tx_count=1
[handleTxFromClient] S1 N0 append to Tx_pool.Queue: local_queued=0 forward_other_shard=0 Queue_total_len=3365
[handleTxFromClient] S1 N0 recv client batch, tx_count=1
[handleTxFromClient] S1 N0 append to Tx_pool.Queue: local_queued=0 forward_other_shard=0 Queue_total_len=3365
[handleTxFromClient] S1 N0 recv client batch, tx_count=1
[handleTxFromClient] S1 N0 append to Tx_pool.Queue: local_queued=0 forward_other_shard=0 Queue_total_len=3365
[handleTxFromClient] S1 N0 recv client batch, tx_count=1
[handleTxFromClient] S1 N0 append to Tx_pool.Queue: local_queued=0 forward_other_shard=0 Queue_total_len=3365
[handleTxFromClient] S1 N0 recv client batch, tx_count=1
[handleTxFromClient] S1 N0 append to Tx_pool.Queue: local_queued=0 forward_other_shard=0 Queue_total_len=3365
[handleTxFromClient] S1 N0 recv client batch, tx_count=1
[handleTxFromClient] S1 N0 append to Tx_pool.Queue: local_queued=0 forward_other_shard=0 Queue_total_len=3365
[handleTxFromClient] S1 N0 recv client batch, tx_count=1
[handleTxFromClient] S1 N0 append to Tx_pool.Queue: local_queued=0 forward_other_shard=0 Queue_total_len=3365
[handleTxFromClient] S1 N0 recv client batch, tx_count=1
[handleTxFromClient] S1 N0 append to Tx_pool.Queue: local_queued=0 forward_other_shard=0 Queue_total_len=3365
[handleTxFromClient] S1 N0 recv client batch, tx_count=1
[handleTxFromClient] S1 N0 append to Tx_pool.Queue: local_queued=0 forward_other_shard=0 Queue_total_len=3365
[handleTxFromClient] S1 N0 recv client batch, tx_count=1
[handleTxFromClient] S1 N0 append to Tx_pool.Queue: local_queued=0 forward_other_shard=0 Queue_total_len=3365
[handleTxFromClient] S1 N0 recv client batch, tx_count=1
[handleTxFromClient] S1 N0 append to Tx_pool.Queue: local_queued=0 forward_other_shard=0 Queue_total_len=3365
[handleTxFromClient] S1 N0 recv client batch, tx_count=1
[handleTxFromClient] S1 N0 append to Tx_pool.Queue: local_queued=0 forward_other_shard=0 Queue_total_len=3365
[handleTxFromClient] S1 N0 recv client batch, tx_count=1
[handleTxFromClient] S1 N0 append to Tx_pool.Queue: local_queued=0 forward_other_shard=0 Queue_total_len=3365
[handleTxFromClient] S1 N0 recv client batch, tx_count=1
[handleTxFromClient] S1 N0 append to Tx_pool.Queue: local_queued=0 forward_other_shard=0 Queue_total_len=3365
[handleTxFromClient] S1 N0 recv client batch, tx_count=1
[handleTxFromClient] S1 N0 append to Tx_pool.Queue: local_queued=0 forward_other_shard=0 Queue_total_len=3365
[handleTxFromClient] S1 N0 recv client batch, tx_count=1
[handleTxFromClient] S1 N0 append to Tx_pool.Queue: local_queued=0 forward_other_shard=0 Queue_total_len=3365
[handleTxFromClient] S1 N0 recv client batch, tx_count=1
[handleTxFromClient] S1 N0 append to Tx_pool.Queue: local_queued=0 forward_other_shard=0 Queue_total_len=3365
[handleTxFromClient] S1 N0 recv client batch, tx_count=1
[handleTxFromClient] S1 N0 append to Tx_pool.Queue: local_queued=0 forward_other_shard=0 Queue_total_len=3365
[handleTxFromClient] S1 N0 recv client batch, tx_count=1
[handleTxFromClient] S1 N0 append to Tx_pool.Queue: local_queued=0 forward_other_shard=0 Queue_total_len=3365
[handleTxFromClient] S1 N0 recv client batch, tx_count=1
[handleTxFromClient] S1 N0 append to Tx_pool.Queue: local_queued=0 forward_other_shard=0 Queue_total_len=3365
[handleTxFromClient] S1 N0 recv client batch, tx_count=1
[handleTxFromClient] S1 N0 append to Tx_pool.Queue: local_queued=0 forward_other_shard=0 Queue_total_len=3365
[handleTxFromClient] S1 N0 recv client batch, tx_count=1
[handleTxFromClient] S1 N0 append to Tx_pool.Queue: local_queued=0 forward_other_shard=0 Queue_total_len=3365
[handleTxFromClient] S1 N0 recv client batch, tx_count=1
[handleTxFromClient] S1 N0 append to Tx_pool.Queue: local_queued=0 forward_other_shard=0 Queue_total_len=3365
[handleTxFromClient] S1 N0 recv client batch, tx_count=1
[handleTxFromClient] S1 N0 append to Tx_pool.Queue: local_queued=0 forward_other_shard=0 Queue_total_len=3365
[handleTxFromClient] S1 N0 recv client batch, tx_count=1
[handleTxFromClient] S1 N0 append to Tx_pool.Queue: local_queued=0 forward_other_shard=0 Queue_total_len=3365
[handleTxFromClient] S1 N0 recv client batch, tx_count=1
[handleTxFromClient] S1 N0 append to Tx_pool.Queue: local_queued=0 forward_other_shard=0 Queue_total_len=3365
[handleTxFromClient] S1 N0 recv client batch, tx_count=1
[handleTxFromClient] S1 N0 append to Tx_pool.Queue: local_queued=0 forward_other_shard=0 Queue_total_len=3365
[handleTxFromClient] S1 N0 recv client batch, tx_count=1
[handleTxFromClient] S1 N0 append to Tx_pool.Queue: local_queued=0 forward_other_shard=0 Queue_total_len=3365
[handleTxFromClient] S1 N0 recv client batch, tx_count=1
[handleTxFromClient] S1 N0 append to Tx_pool.Queue: local_queued=0 forward_other_shard=0 Queue_total_len=3365
[handleTxFromClient] S1 N0 recv client batch, tx_count=1
[handleTxFromClient] S1 N0 append to Tx_pool.Queue: local_queued=0 forward_other_shard=0 Queue_total_len=3365
[handleTxFromClient] S1 N0 recv client batch, tx_count=1
[handleTxFromClient] S1 N0 append to Tx_pool.Queue: local_queued=0 forward_other_shard=0 Queue_total_len=3365
[handleTxFromClient] S1 N0 recv client batch, tx_count=1
[handleTxFromClient] S1 N0 append to Tx_pool.Queue: local_queued=0 forward_other_shard=0 Queue_total_len=3365
[handleTxFromClient] S1 N0 recv client batch, tx_count=1
[handleTxFromClient] S1 N0 append to Tx_pool.Queue: local_queued=0 forward_other_shard=0 Queue_total_len=3365
[handleTxFromClient] S1 N0 recv client batch, tx_count=1
[handleTxFromClient] S1 N0 append to Tx_pool.Queue: local_queued=0 forward_other_shard=0 Queue_total_len=3365
[handleTxFromClient] S1 N0 recv client batch, tx_count=1
[handleTxFromClient] S1 N0 append to Tx_pool.Queue: local_queued=0 forward_other_shard=0 Queue_total_len=3365
[handleTxFromClient] S1 N0 recv client batch, tx_count=1

本节点已接收到分片S0发来的迁移请求 
[handleTxFromClient] S1 N0 append to Tx_pool.Queue: local_queued=0 forward_other_shard=0 Queue_total_len=3365
9999999999999999999999999999999999999999

[Propose wait] S1 N0 spin=50 epoch=23 now=1780542799 InitTime=1780542752 lastpropose=1780542798 wallGap=47 need>=44 ok1=true lastGap=1 need>=2 ok2=false
[Propose] S1 N0 时间条件满足: epoch=23->24 now=1780542800 InitTime=1780542752 lastpropose=1780542798 wallGap=48>=44 lastGap=2>=2 → propose1
[Propose] S1 N0 等待 sequenceLock…
[Propose] S1 N0 已持有 sequenceLock，seqID=23 即将 propose1
[propose1] S1 N0 seq=23 Tx_pool.Queue_len=3365
left_count: 200
更新树花时间为: 52
写数据库IO花时间为: 64
编号为 23 的区块已加入本地区块链！curBlock: 
blockHeader: 
[0c4d17d68f3756ef8fdf98f9f51f22df2faef8a140c8164996425c6a2a9982f2 fc3e1d99f59e79444197c8dd1c94e8af8820efe26ab73377f6cdc3fadf0dc21e 68faf1e07ebecac97ce6899c84f3508ba31887eb2b68fe83aae734f1be181057 23 1780542800]
# of transactions: 200
# of TXmig1s: 85
# of In1s: 215
# of Anns: 0
# of NSs: 0
blockHash: 
d96d701c16dc3a6f5874ca8b2243e195ce7bc7bd71c197c6f8b412b8a15855b0

第23个块开始准备relay

[SyncLog] write failed shard=S1 node=N0 event=apply mode=delta err=short write
[MVSS-Delta] 目标片 S1 账户 f341cafc9ba3d91ef98c9ef811170c1c5f1ef28e apply delta [0,1)
[SyncLog] write failed shard=S1 node=N0 event=apply mode=delta err=short write
[MVSS-Delta] 目标片 S1 账户 96904d8c1f1c88dfb6cfba916396bf4beabcf454 apply delta [0,1)
[SyncLog] write failed shard=S1 node=N0 event=apply mode=delta err=short write
[MVSS-Delta] 目标片 S1 账户 9e9ff119553d7ad5d40d1cd4c39aba4901955470 apply delta [1,2)
[MVSS+] 目标片 S1 账户 96904d8c1f1c88dfb6cfba916396bf4beabcf454 块 23 SyncApplied 但尚无 new 上链，等待打包
[MVSS+] 目标片 S1 账户 9e9ff119553d7ad5d40d1cd4c39aba4901955470 块 23 SyncApplied 但尚无 new 上链，等待打包
[MVSS+] 目标片 S1 账户 f341cafc9ba3d91ef98c9ef811170c1c5f1ef28e 块 23 SyncApplied 但尚无 new 上链，等待打包
[Propose wait] S1 N0 spin=1 epoch=24 now=1780542800 InitTime=1780542752 lastpropose=1780542800 wallGap=48 need>=46 ok1=true lastGap=0 need>=2 ok2=false

第23个块结束relay

本节点已接收到分片S0发来通知 
1
2
3
[handleTxFromClient] S1 N0 recv client batch, tx_count=1
[handleTxFromClient] S1 N0 append to Tx_pool.Queue: local_queued=0 forward_other_shard=0 Queue_total_len=3197
[handleTxFromClient] S1 N0 recv client batch, tx_count=781
[handleTxFromClient] S1 N0 append to Tx_pool.Queue: local_queued=778 forward_other_shard=0 Queue_total_len=3975

本节点已接收到分片S0发来的迁移请求 
10000000000000000000000484157754210813312

[Propose wait] S1 N0 spin=50 epoch=24 now=1780542801 InitTime=1780542752 lastpropose=1780542800 wallGap=49 need>=46 ok1=true lastGap=1 need>=2 ok2=false
[Propose] S1 N0 时间条件满足: epoch=24->25 now=1780542802 InitTime=1780542752 lastpropose=1780542800 wallGap=50>=46 lastGap=2>=2 → propose1
[Propose] S1 N0 等待 sequenceLock…
[Propose] S1 N0 已持有 sequenceLock，seqID=24 即将 propose1
[propose1] S1 N0 seq=24 Tx_pool.Queue_len=3975
left_count: 200
更新树花时间为: 70
写数据库IO花时间为: 108
编号为 24 的区块已加入本地区块链！curBlock: 
blockHeader: 
[d96d701c16dc3a6f5874ca8b2243e195ce7bc7bd71c197c6f8b412b8a15855b0 0b9a9c2270d1c6a8f60ff93d1964f0081f0c53169f124fa20248bc87879671fa cdf86ed4af4985903fb51930505f53aa77bb0a5f3733991c55e1971d6a068116 24 1780542802]
# of transactions: 200
# of TXmig1s: 0
# of In1s: 300
# of Anns: 0
# of NSs: 0
blockHash: 
1a58aa9701f522cc5796fd2f8141c70a6f3904cf478cc0da584c6766e9c3392a

第24个块开始准备relay

[MVSS+] 目标片 S1 账户 96904d8c1f1c88dfb6cfba916396bf4beabcf454 块 24 SyncApplied 但尚无 new 上链，等待打包
[MVSS+] 目标片 S1 账户 f341cafc9ba3d91ef98c9ef811170c1c5f1ef28e 块 24 SyncApplied 但尚无 new 上链，等待打包
[MVSS+] 目标片 S1 账户 9e9ff119553d7ad5d40d1cd4c39aba4901955470 块 24 SyncApplied 但尚无 new 上链，等待打包
[Propose wait] S1 N0 spin=1 epoch=25 now=1780542802 InitTime=1780542752 lastpropose=1780542802 wallGap=50 need>=48 ok1=true lastGap=0 need>=2 ok2=false

第24个块结束relay

[handleTxFromClient] S1 N0 recv client batch, tx_count=774
[handleTxFromClient] S1 N0 append to Tx_pool.Queue: local_queued=772 forward_other_shard=0 Queue_total_len=4603
[handleTxFromClient] S1 N0 recv client batch, tx_count=1
[handleTxFromClient] S1 N0 recv client batch, tx_count=1
[SyncProbe][Ingress] shard=S1 node=N0 tx=9000000022 senderSID=1 recSID=1 local=true tag=32 isRelay=true
[SyncProbe][Normalize] shard=S1 tx=9000000022 目标片清除 IsRelay，按本地 new 执行
[SyncProbe][Redirect] tx=9000000022 目标片本地接收，不在源片重定向
[SyncProbe][Ingress] shard=S1 tx=9000000022 本片入池(立即入池路径)
[handleTxFromClient] S1 N0 recv client batch, tx_count=1
[SyncProbe][Ingress] shard=S1 node=N0 tx=9000000012 senderSID=1 recSID=1 local=true tag=32 isRelay=true
[handleTxFromClient] S1 N0 append to Tx_pool.Queue: local_queued=1 forward_other_shard=0 Queue_total_len=4604
[SyncProbe][Normalize] shard=S1 tx=9000000012 目标片清除 IsRelay，按本地 new 执行
[SyncProbe][Redirect] tx=9000000012 目标片本地接收，不在源片重定向
[SyncProbe][Ingress] shard=S1 tx=9000000012 本片入池(立即入池路径)
[SyncProbe][Ingress] shard=S1 node=N0 tx=9000000002 senderSID=1 recSID=1 local=true tag=32 isRelay=true
[handleTxFromClient] S1 N0 append to Tx_pool.Queue: local_queued=1 forward_other_shard=0 Queue_total_len=4605
[SyncProbe][Normalize] shard=S1 tx=9000000002 目标片清除 IsRelay，按本地 new 执行
[SyncProbe][Redirect] tx=9000000002 目标片本地接收，不在源片重定向
[SyncProbe][Ingress] shard=S1 tx=9000000002 本片入池(立即入池路径)
[handleTxFromClient] S1 N0 append to Tx_pool.Queue: local_queued=1 forward_other_shard=0 Queue_total_len=4606
[MVSS+] 目标片 S1 账户 9e9ff119553d7ad5d40d1cd4c39aba4901955470 apply 后将 1 笔 new 提至队首（nonce 自 2）
[MVSS+] 目标片 S1 账户 f341cafc9ba3d91ef98c9ef811170c1c5f1ef28e apply 后将 1 笔 new 提至队首（nonce 自 1）
[MVSS+] 目标片 S1 账户 96904d8c1f1c88dfb6cfba916396bf4beabcf454 apply 后将 1 笔 new 提至队首（nonce 自 1）
[Propose wait] S1 N0 spin=50 epoch=25 now=1780542803 InitTime=1780542752 lastpropose=1780542802 wallGap=51 need>=48 ok1=true lastGap=1 need>=2 ok2=false
[Propose] S1 N0 时间条件满足: epoch=25->26 now=1780542804 InitTime=1780542752 lastpropose=1780542802 wallGap=52>=48 lastGap=2>=2 → propose1
[Propose] S1 N0 等待 sequenceLock…
[Propose] S1 N0 已持有 sequenceLock，seqID=25 即将 propose1
[propose1] S1 N0 seq=25 Tx_pool.Queue_len=4606
left_count: 415
更新树花时间为: 30
写数据库IO花时间为: 51
编号为 25 的区块已加入本地区块链！curBlock: 
blockHeader: 
[1a58aa9701f522cc5796fd2f8141c70a6f3904cf478cc0da584c6766e9c3392a ab4e62e414dcffc7b247d73c3458d53756e17c2baf90f8aa4aa193be7d7092fe 4eeaaf1b86ee6b735407b21f9f569feee8dab7061eff5a705399da6c341554a5 25 1780542804]
# of transactions: 415
# of TXmig1s: 0
# of In1s: 13
# of Anns: 72
# of NSs: 0
blockHash: 
4222b869382ee13f9f6691436048e5a23e77d910c7d0401796afcf09a8aea414
handleAnns时是第25个块

handleannounce交易池操作时差为：0
handleannounce两锁时差为：0


第25个块开始准备relay

[MVSS+] 目标片 S1 账户 9e9ff119553d7ad5d40d1cd4c39aba4901955470 块 25 触发 sync ack (new 已执行)
[SyncLog] write failed shard=S1 node=N0 event=ack_send mode=delta err=short write
[MVSS+] 目标片 S1 账户 f341cafc9ba3d91ef98c9ef811170c1c5f1ef28e 块 25 触发 sync ack (new 已执行)
[SyncLog] write failed shard=S1 node=N0 event=ack_send mode=delta err=short write
[MVSS+] 目标片 S1 账户 96904d8c1f1c88dfb6cfba916396bf4beabcf454 块 25 触发 sync ack (new 已执行)
[SyncLog] write failed shard=S1 node=N0 event=ack_send mode=delta err=short write
[Propose wait] S1 N0 spin=1 epoch=26 now=1780542804 InitTime=1780542752 lastpropose=1780542804 wallGap=52 need>=50 ok1=true lastGap=0 need>=2 ok2=false
本节点已接收到分片S0发来通知 
1
2
3

第25个块结束relay

[handleTxFromClient] S1 N0 recv client batch, tx_count=771
[handleTxFromClient] S1 N0 append to Tx_pool.Queue: local_queued=770 forward_other_shard=0 Queue_total_len=5008
时间：52528  正在向分片S0的主节点发送新
本节点已将不变的账户数量发送到client

本节点已接收到分片S0发来通知 
1
2
3
时间：1780542804618  本节点已接收到新
本节点已将迁移过来的pending交易的账户数量发送到client

[Propose wait] S1 N0 spin=50 epoch=26 now=1780542805 InitTime=1780542752 lastpropose=1780542804 wallGap=53 need>=50 ok1=true lastGap=1 need>=2 ok2=false
[Propose] S1 N0 时间条件满足: epoch=26->27 now=1780542806 InitTime=1780542752 lastpropose=1780542804 wallGap=54>=50 lastGap=2>=2 → propose1
[Propose] S1 N0 等待 sequenceLock…
[Propose] S1 N0 已持有 sequenceLock，seqID=26 即将 propose1
[propose1] S1 N0 seq=26 Tx_pool.Queue_len=5051
left_count: 200
更新树花时间为: 34
写数据库IO花时间为: 68
编号为 26 的区块已加入本地区块链！curBlock: 
blockHeader: 
[4222b869382ee13f9f6691436048e5a23e77d910c7d0401796afcf09a8aea414 71d0248c61f9036c95d9f8aa20e876d23c30c976dfbf4fdbd3e651119566d5b0 0a636e106f877b28f4f4ccc15b90117c2c05f0f8b00a58a28651f752da7585ea 26 1780542806]
# of transactions: 200
# of TXmig1s: 0
# of In1s: 0
# of Anns: 300
# of NSs: 0
blockHash: 
482d9679c61a8b2fcfd25c8d995779bc88c1939b6234d1f5d4624d4f05f81d8e
handleAnns时是第26个块

handleannounce交易池操作时差为：0
handleannounce两锁时差为：4098


第26个块开始准备relay

[Propose wait] S1 N0 spin=1 epoch=27 now=1780542806 InitTime=1780542752 lastpropose=1780542806 wallGap=54 need>=52 ok1=true lastGap=0 need>=2 ok2=false

第26个块结束relay

[Propose wait] S1 N0 spin=50 epoch=27 now=1780542807 InitTime=1780542752 lastpropose=1780542806 wallGap=55 need>=52 ok1=true lastGap=1 need>=2 ok2=false
[Propose] S1 N0 时间条件满足: epoch=27->28 now=1780542808 InitTime=1780542752 lastpropose=1780542806 wallGap=56>=52 lastGap=2>=2 → propose1
[Propose] S1 N0 等待 sequenceLock…
[Propose] S1 N0 已持有 sequenceLock，seqID=27 即将 propose1
[propose1] S1 N0 seq=27 Tx_pool.Queue_len=4686
left_count: 461
更新树花时间为: 28
写数据库IO花时间为: 43
编号为 27 的区块已加入本地区块链！curBlock: 
blockHeader: 
[482d9679c61a8b2fcfd25c8d995779bc88c1939b6234d1f5d4624d4f05f81d8e 7c97be570ebef7b8864bfdd529a5c8ba4d01c1e083e37adca64914ee57a3bd47 d57a36b9465e8b7323e24d1e507fea225e935ea59e46c549ff1ee7075c4480dd 27 1780542808]
# of transactions: 461
# of TXmig1s: 0
# of In1s: 0
# of Anns: 13
# of NSs: 26
blockHash: 
0fc52c2446e6871e9adbe554d273cd454cec62dc7cb93a39b1c12069328f2d58
handleAnns时是第27个块

handleannounce交易池操作时差为：1545
handleannounce两锁时差为：1545


第27个块开始准备relay

时间：56122  正在向分片S0的主节点发送新
本节点已将不变的账户数量发送到client

[Propose wait] S1 N0 spin=1 epoch=28 now=1780542808 InitTime=1780542752 lastpropose=1780542808 wallGap=56 need>=54 ok1=true lastGap=0 need>=2 ok2=false
时间：1780542808337  本节点已接收到新
本节点已将迁移过来的pending交易的账户数量发送到client

时间：56511  正在向分片S0的主节点发送新
本节点已将不变的账户数量发送到client


第27个块结束relay

[Propose wait] S1 N0 spin=50 epoch=28 now=1780542809 InitTime=1780542752 lastpropose=1780542808 wallGap=57 need>=54 ok1=true lastGap=1 need>=2 ok2=false
时间：1780542809918  本节点已接收到新
本节点已将迁移过来的pending交易的账户数量发送到client

[Propose] S1 N0 时间条件满足: epoch=28->29 now=1780542810 InitTime=1780542752 lastpropose=1780542808 wallGap=58>=54 lastGap=2>=2 → propose1
[Propose] S1 N0 等待 sequenceLock…
[Propose] S1 N0 已持有 sequenceLock，seqID=28 即将 propose1
[propose1] S1 N0 seq=28 Tx_pool.Queue_len=4398
left_count: 297
更新树花时间为: 27
写数据库IO花时间为: 53
编号为 28 的区块已加入本地区块链！curBlock: 
blockHeader: 
[0fc52c2446e6871e9adbe554d273cd454cec62dc7cb93a39b1c12069328f2d58 96d4fc84ceef8f804c5fe38f4708931a62836b074a941b2b23f939f2dbb02e86 6dd880a74ed25d779c7ade0364b797ae6a5654ce0cd1eb209c18fd179bb6e659 28 1780542810]
# of transactions: 297
# of TXmig1s: 0
# of In1s: 0
# of Anns: 0
# of NSs: 203
blockHash: 
2a11cdfd4fd8c78469bdfdd611481ca89e45c1959a2107ce9925ae52cc2ee150

第28个块开始准备relay

[Propose wait] S1 N0 spin=1 epoch=29 now=1780542810 InitTime=1780542752 lastpropose=1780542810 wallGap=58 need>=56 ok1=true lastGap=0 need>=2 ok2=false

第28个块结束relay

[Propose wait] S1 N0 spin=50 epoch=29 now=1780542811 InitTime=1780542752 lastpropose=1780542810 wallGap=59 need>=56 ok1=true lastGap=1 need>=2 ok2=false
[Propose] S1 N0 时间条件满足: epoch=29->30 now=1780542812 InitTime=1780542752 lastpropose=1780542810 wallGap=60>=56 lastGap=2>=2 → propose1
[Propose] S1 N0 等待 sequenceLock…
[Propose] S1 N0 已持有 sequenceLock，seqID=29 即将 propose1
[propose1] S1 N0 seq=29 Tx_pool.Queue_len=4124
left_count: 500
更新树花时间为: 20
写数据库IO花时间为: 40
编号为 29 的区块已加入本地区块链！curBlock: 
blockHeader: 
[2a11cdfd4fd8c78469bdfdd611481ca89e45c1959a2107ce9925ae52cc2ee150 6ca58339ae06ed5f04b21852f52208052601be713d0a2097e602834a604a2c81 7e9999f91723c241c80a870365fae1c424b1e2ff874db0d0033646a1994e3a0f 29 1780542812]
# of transactions: 500
# of TXmig1s: 0
# of In1s: 0
# of Anns: 0
# of NSs: 0
blockHash: 
1213022da1f6920651d886bd3a160c1d3a17486ae292c5f93c833c415f6cb3b0

第29个块开始准备relay

[Propose wait] S1 N0 spin=1 epoch=30 now=1780542812 InitTime=1780542752 lastpropose=1780542812 wallGap=60 need>=58 ok1=true lastGap=0 need>=2 ok2=false

第29个块结束relay

[Propose wait] S1 N0 spin=50 epoch=30 now=1780542813 InitTime=1780542752 lastpropose=1780542812 wallGap=61 need>=58 ok1=true lastGap=1 need>=2 ok2=false
[Propose] S1 N0 时间条件满足: epoch=30->31 now=1780542814 InitTime=1780542752 lastpropose=1780542812 wallGap=62>=58 lastGap=2>=2 → propose1
[Propose] S1 N0 等待 sequenceLock…
[Propose] S1 N0 已持有 sequenceLock，seqID=30 即将 propose1
[propose1] S1 N0 seq=30 Tx_pool.Queue_len=3624
left_count: 500
更新树花时间为: 20
写数据库IO花时间为: 50
编号为 30 的区块已加入本地区块链！curBlock: 
blockHeader: 
[1213022da1f6920651d886bd3a160c1d3a17486ae292c5f93c833c415f6cb3b0 063c548eba5c47f3b8ac492caf7cc90fe8b809ba7f536a74147ef45bf0fb6b61 4622e9e13896164fa046c046f4e764e101df6b00c42d8c7ce51b4f9a10ef10ef 30 1780542814]
# of transactions: 500
# of TXmig1s: 0
# of In1s: 0
# of Anns: 0
# of NSs: 0
blockHash: 
2e8f8823f5e118ae1aadba972de96f77e5bed53eec55d5597ff0be3965a001ce

第30个块开始准备relay

[Propose wait] S1 N0 spin=1 epoch=31 now=1780542814 InitTime=1780542752 lastpropose=1780542814 wallGap=62 need>=60 ok1=true lastGap=0 need>=2 ok2=false

第30个块结束relay

[Propose wait] S1 N0 spin=50 epoch=31 now=1780542815 InitTime=1780542752 lastpropose=1780542814 wallGap=63 need>=60 ok1=true lastGap=1 need>=2 ok2=false
[Propose] S1 N0 时间条件满足: epoch=31->32 now=1780542816 InitTime=1780542752 lastpropose=1780542814 wallGap=64>=60 lastGap=2>=2 → propose1
[Propose] S1 N0 等待 sequenceLock…
[Propose] S1 N0 已持有 sequenceLock，seqID=31 即将 propose1
[propose1] S1 N0 seq=31 Tx_pool.Queue_len=3124
left_count: 500
更新树花时间为: 24
写数据库IO花时间为: 33
编号为 31 的区块已加入本地区块链！curBlock: 
blockHeader: 
[2e8f8823f5e118ae1aadba972de96f77e5bed53eec55d5597ff0be3965a001ce 64fa00053decb07825a21a0e9f89e3f76c2c2053c6eef4b873a68facfac491b6 5fd9369b4c15ad7317098edc7cf2732f9b61a117c00d729fea57b969373eddd6 31 1780542816]
# of transactions: 500
# of TXmig1s: 0
# of In1s: 0
# of Anns: 0
# of NSs: 0
blockHash: 
74b635cf5dc667ad8def05a03ab57b49591307c6ee45c054e0a276e14e6d9df9

第31个块开始准备relay

[Propose wait] S1 N0 spin=1 epoch=32 now=1780542816 InitTime=1780542752 lastpropose=1780542816 wallGap=64 need>=62 ok1=true lastGap=0 need>=2 ok2=false

第31个块结束relay

[Propose wait] S1 N0 spin=50 epoch=32 now=1780542817 InitTime=1780542752 lastpropose=1780542816 wallGap=65 need>=62 ok1=true lastGap=1 need>=2 ok2=false
[Propose] S1 N0 时间条件满足: epoch=32->33 now=1780542818 InitTime=1780542752 lastpropose=1780542816 wallGap=66>=62 lastGap=2>=2 → propose1
[Propose] S1 N0 等待 sequenceLock…
[Propose] S1 N0 已持有 sequenceLock，seqID=32 即将 propose1
[propose1] S1 N0 seq=32 Tx_pool.Queue_len=2624
left_count: 500
更新树花时间为: 18
写数据库IO花时间为: 47
编号为 32 的区块已加入本地区块链！curBlock: 
blockHeader: 
[74b635cf5dc667ad8def05a03ab57b49591307c6ee45c054e0a276e14e6d9df9 4bd5984f403b67d70f119024290f68b01265ccfe4db5530d8582b396693289da ca27fdd3e9972c50169e8bb9dcfc0c3188758f3297ce1339f47c9b046c987f45 32 1780542818]
# of transactions: 500
# of TXmig1s: 0
# of In1s: 0
# of Anns: 0
# of NSs: 0
blockHash: 
5c2ee607c5a289b56429ed43c942a4e108bb72dee03913da5c45fb4eaa3599d0

第32个块开始准备relay

[Propose wait] S1 N0 spin=1 epoch=33 now=1780542818 InitTime=1780542752 lastpropose=1780542818 wallGap=66 need>=64 ok1=true lastGap=0 need>=2 ok2=false

第32个块结束relay

[Propose wait] S1 N0 spin=50 epoch=33 now=1780542819 InitTime=1780542752 lastpropose=1780542818 wallGap=67 need>=64 ok1=true lastGap=1 need>=2 ok2=false
[Propose] S1 N0 时间条件满足: epoch=33->34 now=1780542820 InitTime=1780542752 lastpropose=1780542818 wallGap=68>=64 lastGap=2>=2 → propose1
[Propose] S1 N0 等待 sequenceLock…
[Propose] S1 N0 已持有 sequenceLock，seqID=33 即将 propose1
[propose1] S1 N0 seq=33 Tx_pool.Queue_len=2124
left_count: 500
更新树花时间为: 24
写数据库IO花时间为: 48
编号为 33 的区块已加入本地区块链！curBlock: 
blockHeader: 
[5c2ee607c5a289b56429ed43c942a4e108bb72dee03913da5c45fb4eaa3599d0 6f85a69b3d08f50a466c3d3b671578ebc785d502a88ecb1bbb0cf595519c6afc f2ea229bd15a57e1978d1d43fc96f4ab46f0abf4825c625aeb63fb3e49cd070e 33 1780542820]
# of transactions: 500
# of TXmig1s: 0
# of In1s: 0
# of Anns: 0
# of NSs: 0
blockHash: 
7ab3ca30f734976863a7dcbe2a92f11960174124647c885087bbdf881c539d15

第33个块开始准备relay

[Propose wait] S1 N0 spin=1 epoch=34 now=1780542820 InitTime=1780542752 lastpropose=1780542820 wallGap=68 need>=66 ok1=true lastGap=0 need>=2 ok2=false

第33个块结束relay

[Propose wait] S1 N0 spin=50 epoch=34 now=1780542821 InitTime=1780542752 lastpropose=1780542820 wallGap=69 need>=66 ok1=true lastGap=1 need>=2 ok2=false
[Propose] S1 N0 时间条件满足: epoch=34->35 now=1780542822 InitTime=1780542752 lastpropose=1780542820 wallGap=70>=66 lastGap=2>=2 → propose1
[Propose] S1 N0 等待 sequenceLock…
[Propose] S1 N0 已持有 sequenceLock，seqID=34 即将 propose1
[propose1] S1 N0 seq=34 Tx_pool.Queue_len=1624
left_count: 500
更新树花时间为: 21
写数据库IO花时间为: 34
编号为 34 的区块已加入本地区块链！curBlock: 
blockHeader: 
[7ab3ca30f734976863a7dcbe2a92f11960174124647c885087bbdf881c539d15 b39fba825ee83ff024833b931e25e6df17bc4a6ee1c0b907229232703d45dca8 f417874b6bf32c9768bf04a15aab6a86dc35c7c9a7be411ab3a7f1174fd7a1c4 34 1780542822]
# of transactions: 500
# of TXmig1s: 0
# of In1s: 0
# of Anns: 0
# of NSs: 0
blockHash: 
085a478f6ca62019b57da7bbfe5228d72cbc13ae91ec158aac14dbc2fcc4f5d0

第34个块开始准备relay

[Propose wait] S1 N0 spin=1 epoch=35 now=1780542822 InitTime=1780542752 lastpropose=1780542822 wallGap=70 need>=68 ok1=true lastGap=0 need>=2 ok2=false

第34个块结束relay

[Propose wait] S1 N0 spin=50 epoch=35 now=1780542823 InitTime=1780542752 lastpropose=1780542822 wallGap=71 need>=68 ok1=true lastGap=1 need>=2 ok2=false
[Propose] S1 N0 时间条件满足: epoch=35->36 now=1780542824 InitTime=1780542752 lastpropose=1780542822 wallGap=72>=68 lastGap=2>=2 → propose1
[Propose] S1 N0 等待 sequenceLock…
[Propose] S1 N0 已持有 sequenceLock，seqID=35 即将 propose1
[propose1] S1 N0 seq=35 Tx_pool.Queue_len=1124
left_count: 500
更新树花时间为: 28
写数据库IO花时间为: 49
编号为 35 的区块已加入本地区块链！curBlock: 
blockHeader: 
[085a478f6ca62019b57da7bbfe5228d72cbc13ae91ec158aac14dbc2fcc4f5d0 093b37fcd5a8c23b22ddfd6669235b21e59d22d73d37f8ec1c652d37a036673f d8a6cd95c7c971f64bb5c31bc52dcea8b6c2e8b1ff1c10f4940602fae494124f 35 1780542824]
# of transactions: 500
# of TXmig1s: 0
# of In1s: 0
# of Anns: 0
# of NSs: 0
blockHash: 
bdad0908b15758fa35cd4ee23a9a29c2a3b74f87b33cddbaf1639fc7d1fe7e5a

第35个块开始准备relay

[Propose wait] S1 N0 spin=1 epoch=36 now=1780542824 InitTime=1780542752 lastpropose=1780542824 wallGap=72 need>=70 ok1=true lastGap=0 need>=2 ok2=false

第35个块结束relay

[Propose wait] S1 N0 spin=50 epoch=36 now=1780542825 InitTime=1780542752 lastpropose=1780542824 wallGap=73 need>=70 ok1=true lastGap=1 need>=2 ok2=false
[Propose] S1 N0 时间条件满足: epoch=36->37 now=1780542826 InitTime=1780542752 lastpropose=1780542824 wallGap=74>=70 lastGap=2>=2 → propose1
[Propose] S1 N0 等待 sequenceLock…
[Propose] S1 N0 已持有 sequenceLock，seqID=36 即将 propose1
[propose1] S1 N0 seq=36 Tx_pool.Queue_len=624
left_count: 500
更新树花时间为: 30
写数据库IO花时间为: 42
编号为 36 的区块已加入本地区块链！curBlock: 
blockHeader: 
[bdad0908b15758fa35cd4ee23a9a29c2a3b74f87b33cddbaf1639fc7d1fe7e5a 3ceb043c080fef30db433895bf8aaeb768f8865ce58c990a32b4b3a6c563900b 867102eee7d493944cb4c06dd33b44065c39ce307edf780d67d00871b330bdf3 36 1780542826]
# of transactions: 500
# of TXmig1s: 0
# of In1s: 0
# of Anns: 0
# of NSs: 0
blockHash: 
52cdc1a13e6a661120d51baf3c31b32cc0089206200eb22a6424ac808731b740

第36个块开始准备relay

[Propose wait] S1 N0 spin=1 epoch=37 now=1780542826 InitTime=1780542752 lastpropose=1780542826 wallGap=74 need>=72 ok1=true lastGap=0 need>=2 ok2=false

第36个块结束relay

[Propose wait] S1 N0 spin=50 epoch=37 now=1780542827 InitTime=1780542752 lastpropose=1780542826 wallGap=75 need>=72 ok1=true lastGap=1 need>=2 ok2=false
[Propose] S1 N0 时间条件满足: epoch=37->38 now=1780542828 InitTime=1780542752 lastpropose=1780542826 wallGap=76>=72 lastGap=2>=2 → propose1
[Propose] S1 N0 等待 sequenceLock…
[Propose] S1 N0 已持有 sequenceLock，seqID=37 即将 propose1
[propose1] S1 N0 seq=37 Tx_pool.Queue_len=124
left_count: 500
更新树花时间为: 13
写数据库IO花时间为: 22
编号为 37 的区块已加入本地区块链！curBlock: 
blockHeader: 
[52cdc1a13e6a661120d51baf3c31b32cc0089206200eb22a6424ac808731b740 f06008655475b61566e1ac9c35ee01e394267d0d7e431518156a9b395556c3ac f0aed14c0d6e1f4abbce496fb1c2d72f8a31f394aee167b2522651489ce59f08 37 1780542828]
# of transactions: 124
# of TXmig1s: 0
# of In1s: 0
# of Anns: 0
# of NSs: 0
blockHash: 
fffdc5722caf1e3ed35e2ba9f86db55b53cf219489507ed7752fca9d538decae
[Propose wait] S1 N0 spin=1 epoch=38 now=1780542828 InitTime=1780542752 lastpropose=1780542828 wallGap=76 need>=74 ok1=true lastGap=0 need>=2 ok2=false
[Propose wait] S1 N0 spin=50 epoch=38 now=1780542829 InitTime=1780542752 lastpropose=1780542828 wallGap=77 need>=74 ok1=true lastGap=1 need>=2 ok2=false
[Propose] S1 N0 时间条件满足: epoch=38->39 now=1780542830 InitTime=1780542752 lastpropose=1780542828 wallGap=78>=74 lastGap=2>=2 → propose1
[Propose] S1 N0 等待 sequenceLock…
[Propose] S1 N0 已持有 sequenceLock，seqID=38 即将 propose1
[propose1] S1 N0 seq=38 Tx_pool.Queue_len=0
left_count: 500
更新树花时间为: 0
写数据库IO花时间为: 24
编号为 38 的区块已加入本地区块链！curBlock: 
blockHeader: 
[fffdc5722caf1e3ed35e2ba9f86db55b53cf219489507ed7752fca9d538decae f06008655475b61566e1ac9c35ee01e394267d0d7e431518156a9b395556c3ac 56e81f171bcc55a6ff8345e692c0f86e5b48e01b996cadc001622fb5e363b421 38 1780542830]
# of transactions: 0
# of TXmig1s: 0
# of In1s: 0
# of Anns: 0
# of NSs: 0
blockHash: 
935d990d2d3600dc65142c6ee94e5365bf67cb5e172983719e6bbd6fb1ba459c
[Propose wait] S1 N0 spin=1 epoch=39 now=1780542830 InitTime=1780542752 lastpropose=1780542830 wallGap=78 need>=76 ok1=true lastGap=0 need>=2 ok2=false
[Propose wait] S1 N0 spin=50 epoch=39 now=1780542831 InitTime=1780542752 lastpropose=1780542830 wallGap=79 need>=76 ok1=true lastGap=1 need>=2 ok2=false
[Propose] S1 N0 时间条件满足: epoch=39->40 now=1780542832 InitTime=1780542752 lastpropose=1780542830 wallGap=80>=76 lastGap=2>=2 → propose1
[Propose] S1 N0 等待 sequenceLock…
[Propose] S1 N0 已持有 sequenceLock，seqID=39 即将 propose1
[propose1] S1 N0 seq=39 Tx_pool.Queue_len=0
left_count: 500
更新树花时间为: 0
写数据库IO花时间为: 15
编号为 39 的区块已加入本地区块链！curBlock: 
blockHeader: 
[935d990d2d3600dc65142c6ee94e5365bf67cb5e172983719e6bbd6fb1ba459c f06008655475b61566e1ac9c35ee01e394267d0d7e431518156a9b395556c3ac 56e81f171bcc55a6ff8345e692c0f86e5b48e01b996cadc001622fb5e363b421 39 1780542832]
# of transactions: 0
# of TXmig1s: 0
# of In1s: 0
# of Anns: 0
# of NSs: 0
blockHash: 
ad0af8e558252e70279f157c1f2c33ea40d4526c904c4ebdde5ffbafa8eabdf5
[Propose wait] S1 N0 spin=1 epoch=40 now=1780542832 InitTime=1780542752 lastpropose=1780542832 wallGap=80 need>=78 ok1=true lastGap=0 need>=2 ok2=false
[Propose wait] S1 N0 spin=50 epoch=40 now=1780542833 InitTime=1780542752 lastpropose=1780542832 wallGap=81 need>=78 ok1=true lastGap=1 need>=2 ok2=false
[Propose] S1 N0 时间条件满足: epoch=40->41 now=1780542834 InitTime=1780542752 lastpropose=1780542832 wallGap=82>=78 lastGap=2>=2 → propose1
[Propose] S1 N0 等待 sequenceLock…
[Propose] S1 N0 已持有 sequenceLock，seqID=40 即将 propose1
[propose1] S1 N0 seq=40 Tx_pool.Queue_len=0
left_count: 500
更新树花时间为: 0
写数据库IO花时间为: 31
编号为 40 的区块已加入本地区块链！curBlock: 
blockHeader: 
[ad0af8e558252e70279f157c1f2c33ea40d4526c904c4ebdde5ffbafa8eabdf5 f06008655475b61566e1ac9c35ee01e394267d0d7e431518156a9b395556c3ac 56e81f171bcc55a6ff8345e692c0f86e5b48e01b996cadc001622fb5e363b421 40 1780542834]
# of transactions: 0
# of TXmig1s: 0
# of In1s: 0
# of Anns: 0
# of NSs: 0
blockHash: 
c1e108c446fab5db657ff74894267c49c054d798ec31554254d5dc8da1abf88a
[Propose wait] S1 N0 spin=1 epoch=41 now=1780542834 InitTime=1780542752 lastpropose=1780542834 wallGap=82 need>=80 ok1=true lastGap=0 need>=2 ok2=false
[Propose wait] S1 N0 spin=50 epoch=41 now=1780542835 InitTime=1780542752 lastpropose=1780542834 wallGap=83 need>=80 ok1=true lastGap=1 need>=2 ok2=false
[Propose] S1 N0 时间条件满足: epoch=41->42 now=1780542836 InitTime=1780542752 lastpropose=1780542834 wallGap=84>=80 lastGap=2>=2 → propose1
[Propose] S1 N0 等待 sequenceLock…
[Propose] S1 N0 已持有 sequenceLock，seqID=41 即将 propose1
[propose1] S1 N0 seq=41 Tx_pool.Queue_len=0
left_count: 500
更新树花时间为: 0
写数据库IO花时间为: 15
编号为 41 的区块已加入本地区块链！curBlock: 
blockHeader: 
[c1e108c446fab5db657ff74894267c49c054d798ec31554254d5dc8da1abf88a f06008655475b61566e1ac9c35ee01e394267d0d7e431518156a9b395556c3ac 56e81f171bcc55a6ff8345e692c0f86e5b48e01b996cadc001622fb5e363b421 41 1780542836]
# of transactions: 0
# of TXmig1s: 0
# of In1s: 0
# of Anns: 0
# of NSs: 0
blockHash: 
b454ca8fd5ba046237c6389749fdafa184f47f39e954676afdb5637c7defbd3d
[Propose wait] S1 N0 spin=1 epoch=42 now=1780542836 InitTime=1780542752 lastpropose=1780542836 wallGap=84 need>=82 ok1=true lastGap=0 need>=2 ok2=false
[Propose wait] S1 N0 spin=50 epoch=42 now=1780542837 InitTime=1780542752 lastpropose=1780542836 wallGap=85 need>=82 ok1=true lastGap=1 need>=2 ok2=false
[Propose] S1 N0 时间条件满足: epoch=42->43 now=1780542838 InitTime=1780542752 lastpropose=1780542836 wallGap=86>=82 lastGap=2>=2 → propose1
[Propose] S1 N0 等待 sequenceLock…
[Propose] S1 N0 已持有 sequenceLock，seqID=42 即将 propose1
[propose1] S1 N0 seq=42 Tx_pool.Queue_len=0
left_count: 500
更新树花时间为: 0
写数据库IO花时间为: 12
编号为 42 的区块已加入本地区块链！curBlock: 
blockHeader: 
[b454ca8fd5ba046237c6389749fdafa184f47f39e954676afdb5637c7defbd3d f06008655475b61566e1ac9c35ee01e394267d0d7e431518156a9b395556c3ac 56e81f171bcc55a6ff8345e692c0f86e5b48e01b996cadc001622fb5e363b421 42 1780542838]
# of transactions: 0
# of TXmig1s: 0
# of In1s: 0
# of Anns: 0
# of NSs: 0
blockHash: 
7d9c9d21605d022a4e0f63ddaaf6e221b34d0da058639675c54318685d06f3e0
[Propose wait] S1 N0 spin=1 epoch=43 now=1780542838 InitTime=1780542752 lastpropose=1780542838 wallGap=86 need>=84 ok1=true lastGap=0 need>=2 ok2=false
节点收到终止节点消息，停止运行
