MigrationStrategy=MVSS-Delta (Stop=false Lock=false NotLock=true)
&{77 N0 S0 2 0 selectedTxs_300K.csv 2 500 300 150 150 150 150 1000 10 1 400 20000 0 50000 20 true MVSS-Delta false false true false true false 3 false 8 false false false PageRank false 100 true false false 3 0 0 0 }
[SyncLog] init ok shard=S0 node=N0 file=./log/S0_sync.csv
交易将由外部客户端发送
节点 N0 已启动，所属分片: S0
[Propose wait-first-tx] S0 N0 seq=1 Queue_len=0，首块等待交易注入后再出块
节点开启监听，地址：127.0.0.1:8010
[Propose wait-first-tx] S0 N0 seq=1 Queue_len=0，首块等待交易注入后再出块
[Propose wait-first-tx] S0 N0 seq=1 Queue_len=0，首块等待交易注入后再出块
[Propose wait-first-tx] S0 N0 seq=1 Queue_len=0，首块等待交易注入后再出块
[Propose wait-first-tx] S0 N0 seq=1 Queue_len=0，首块等待交易注入后再出块
[Propose wait-first-tx] S0 N0 seq=1 Queue_len=0，首块等待交易注入后再出块
[Propose wait-first-tx] S0 N0 seq=1 Queue_len=0，首块等待交易注入后再出块
[Propose wait-first-tx] S0 N0 seq=1 Queue_len=0，首块等待交易注入后再出块
[Propose wait-first-tx] S0 N0 seq=1 Queue_len=0，首块等待交易注入后再出块
[Propose wait-first-tx] S0 N0 seq=1 Queue_len=0，首块等待交易注入后再出块
[Propose wait-first-tx] S0 N0 seq=1 Queue_len=0，首块等待交易注入后再出块
[Propose wait-first-tx] S0 N0 seq=1 Queue_len=0，首块等待交易注入后再出块
[Propose wait-first-tx] S0 N0 seq=1 Queue_len=0，首块等待交易注入后再出块
[Propose wait-first-tx] S0 N0 seq=1 Queue_len=0，首块等待交易注入后再出块
[Propose wait-first-tx] S0 N0 seq=1 Queue_len=0，首块等待交易注入后再出块
[Propose wait-first-tx] S0 N0 seq=1 Queue_len=0，首块等待交易注入后再出块
本节点已接收到客户端发送的初始时间：1780543419（锚定 InitTime=1780543419，已重置 epoch=1）
[Propose wait-first-tx] S0 N0 seq=1 Queue_len=0，首块等待交易注入后再出块
[Propose wait-first-tx] S0 N0 seq=1 Queue_len=0，首块等待交易注入后再出块
[Propose wait-first-tx] S0 N0 seq=1 Queue_len=0，首块等待交易注入后再出块
[handleTxFromClient] S0 N0 recv client batch, tx_count=531
[handleTxFromClient] S0 N0 append to Tx_pool.Queue: local_queued=531 forward_other_shard=0 Queue_total_len=531
[Propose wait-first-tx] S0 N0 首块已检测到交易，结束等待，Queue_len=531
[Propose] S0 N0 时间条件满足: epoch=1->2 now=1780543423 InitTime=1780543419 lastpropose=1780543419 wallGap=4>=0 lastGap=4>=2 → propose1
[Propose] S0 N0 等待 sequenceLock…
[Propose] S0 N0 已持有 sequenceLock，seqID=1 即将 propose1
[propose1] S0 N0 seq=1 Tx_pool.Queue_len=531
left_count: 500
更新树花时间为: 46
写数据库IO花时间为: 54
编号为 1 的区块已加入本地区块链！curBlock: 
blockHeader: 
[1add38160db0458a48072f3ade543ffb4af4e9cfdf8f76549b9568e046a6a3ff 8f07b4744f5f025fd87db920d3b66bd9b33a71af217a54a0454e96dfdfa71414 dcfbab4cb16cb47baf72a0a8ed18eab798c83c63c50b1792c4efb0539fa8442b 1 1780543423]
# of transactions: 500
# of TXmig1s: 0
# of In1s: 0
# of Anns: 0
# of NSs: 0
blockHash: 
97e19b20245b794c32712314a0ab906f47c25022bca554fd85e0c8133348f628

第1个块开始准备relay

[Propose wait] S0 N0 spin=1 epoch=2 now=1780543423 InitTime=1780543419 lastpropose=1780543423 wallGap=4 need>=2 ok1=true lastGap=0 need>=2 ok2=false

第1个块结束relay

[Propose wait] S0 N0 spin=50 epoch=2 now=1780543424 InitTime=1780543419 lastpropose=1780543423 wallGap=5 need>=2 ok1=true lastGap=1 need>=2 ok2=false
[Propose] S0 N0 时间条件满足: epoch=2->3 now=1780543425 InitTime=1780543419 lastpropose=1780543423 wallGap=6>=2 lastGap=2>=2 → propose1
[Propose] S0 N0 等待 sequenceLock…
[Propose] S0 N0 已持有 sequenceLock，seqID=2 即将 propose1
[propose1] S0 N0 seq=2 Tx_pool.Queue_len=175
left_count: 500
更新树花时间为: 19
写数据库IO花时间为: 30
编号为 2 的区块已加入本地区块链！curBlock: 
blockHeader: 
[97e19b20245b794c32712314a0ab906f47c25022bca554fd85e0c8133348f628 0636afdaa32e89d39c34e95159709fe349af318eea9c0ae43718a8c56795bf62 13122563a087fb029869d69b01583cbfff4edaab6020f177d215f015d733b213 2 1780543425]
# of transactions: 175
# of TXmig1s: 0
# of In1s: 0
# of Anns: 0
# of NSs: 0
blockHash: 
e9728d98a903591a5dc75de51c21973a35e229c1368b0fc0937c1d259eef5271

第2个块开始准备relay

[Propose wait] S0 N0 spin=1 epoch=3 now=1780543425 InitTime=1780543419 lastpropose=1780543425 wallGap=6 need>=4 ok1=true lastGap=0 need>=2 ok2=false
[handleTxFromClient] S0 N0 recv client batch, tx_count=528
[handleTxFromClient] S0 N0 append to Tx_pool.Queue: local_queued=528 forward_other_shard=0 Queue_total_len=528

第2个块结束relay

[Propose wait] S0 N0 spin=50 epoch=3 now=1780543426 InitTime=1780543419 lastpropose=1780543425 wallGap=7 need>=4 ok1=true lastGap=1 need>=2 ok2=false
[Propose] S0 N0 时间条件满足: epoch=3->4 now=1780543427 InitTime=1780543419 lastpropose=1780543425 wallGap=8>=4 lastGap=2>=2 → propose1
[Propose] S0 N0 等待 sequenceLock…
[Propose] S0 N0 已持有 sequenceLock，seqID=3 即将 propose1
[propose1] S0 N0 seq=3 Tx_pool.Queue_len=528
left_count: 500
[handleTxFromClient] S0 N0 recv client batch, tx_count=623
[handleTxFromClient] S0 N0 append to Tx_pool.Queue: local_queued=623 forward_other_shard=0 Queue_total_len=651
更新树花时间为: 36
写数据库IO花时间为: 64
编号为 3 的区块已加入本地区块链！curBlock: 
blockHeader: 
[e9728d98a903591a5dc75de51c21973a35e229c1368b0fc0937c1d259eef5271 9703e1501648c179eff36a396d097819323e3c6944c758736584105f84babb4e 21b527ad7f2e594bb101a5b998bfc2df3cededb5f21e96e9ffee93e4fa152db9 3 1780543427]
# of transactions: 500
# of TXmig1s: 0
# of In1s: 0
# of Anns: 0
# of NSs: 0
blockHash: 
8b6cb50136d21f527cd3e6b6a71ecc554bbe3a80924e37b04921eaea1994ddd4

第3个块开始准备relay

[Propose wait] S0 N0 spin=1 epoch=4 now=1780543427 InitTime=1780543419 lastpropose=1780543427 wallGap=8 need>=6 ok1=true lastGap=0 need>=2 ok2=false

第3个块结束relay

[Propose wait] S0 N0 spin=50 epoch=4 now=1780543428 InitTime=1780543419 lastpropose=1780543427 wallGap=9 need>=6 ok1=true lastGap=1 need>=2 ok2=false
[Propose] S0 N0 时间条件满足: epoch=4->5 now=1780543429 InitTime=1780543419 lastpropose=1780543427 wallGap=10>=6 lastGap=2>=2 → propose1
[Propose] S0 N0 等待 sequenceLock…
[Propose] S0 N0 已持有 sequenceLock，seqID=4 即将 propose1
[propose1] S0 N0 seq=4 Tx_pool.Queue_len=844
left_count: 500
更新树花时间为: 35
写数据库IO花时间为: 45
编号为 4 的区块已加入本地区块链！curBlock: 
blockHeader: 
[8b6cb50136d21f527cd3e6b6a71ecc554bbe3a80924e37b04921eaea1994ddd4 9b038803d2d44b4809a6c43933ca89447014f849ad4d7a2d04d57163a05bc464 ca33f6ea1c1cbc4bdab00194393411df93944c9288f8480cf6473089f4b3419b 4 1780543429]
# of transactions: 500
# of TXmig1s: 0
# of In1s: 0
# of Anns: 0
# of NSs: 0
blockHash: 
cdfad61b413557a46010340976d98f98e160668efac26cb865e44164961fd4e2

第4个块开始准备relay

[Propose wait] S0 N0 spin=1 epoch=5 now=1780543429 InitTime=1780543419 lastpropose=1780543429 wallGap=10 need>=8 ok1=true lastGap=0 need>=2 ok2=false
[handleTxFromClient] S0 N0 recv client batch, tx_count=637
[handleTxFromClient] S0 N0 append to Tx_pool.Queue: local_queued=637 forward_other_shard=0 Queue_total_len=981

第4个块结束relay

[Propose wait] S0 N0 spin=50 epoch=5 now=1780543430 InitTime=1780543419 lastpropose=1780543429 wallGap=11 need>=8 ok1=true lastGap=1 need>=2 ok2=false
[Propose] S0 N0 时间条件满足: epoch=5->6 now=1780543431 InitTime=1780543419 lastpropose=1780543429 wallGap=12>=8 lastGap=2>=2 → propose1
[Propose] S0 N0 等待 sequenceLock…
[Propose] S0 N0 已持有 sequenceLock，seqID=5 即将 propose1
[propose1] S0 N0 seq=5 Tx_pool.Queue_len=1072
left_count: 500
更新树花时间为: 34
写数据库IO花时间为: 70
编号为 5 的区块已加入本地区块链！curBlock: 
blockHeader: 
[cdfad61b413557a46010340976d98f98e160668efac26cb865e44164961fd4e2 11bb33ee87da77b01368bc9bdc76a962afcbf1126b064cabae7e80b2bb5d7b35 e8e573802d933ce4741396a9e83a08768ea91e7d8487dad53b427be52bebf23f 5 1780543431]
# of transactions: 500
# of TXmig1s: 0
# of In1s: 0
# of Anns: 0
# of NSs: 0
blockHash: 
bb7f696609159868bd0e46b516ba6b75e22d41c2f65e74af68bf024247ac319e

第5个块开始准备relay

[Propose wait] S0 N0 spin=1 epoch=6 now=1780543431 InitTime=1780543419 lastpropose=1780543431 wallGap=12 need>=10 ok1=true lastGap=0 need>=2 ok2=false
[handleTxFromClient] S0 N0 recv client batch, tx_count=641
[handleTxFromClient] S0 N0 append to Tx_pool.Queue: local_queued=641 forward_other_shard=0 Queue_total_len=1213

第5个块结束relay

[Propose wait] S0 N0 spin=50 epoch=6 now=1780543432 InitTime=1780543419 lastpropose=1780543431 wallGap=13 need>=10 ok1=true lastGap=1 need>=2 ok2=false
[Propose] S0 N0 时间条件满足: epoch=6->7 now=1780543433 InitTime=1780543419 lastpropose=1780543431 wallGap=14>=10 lastGap=2>=2 → propose1
[Propose] S0 N0 等待 sequenceLock…
[Propose] S0 N0 已持有 sequenceLock，seqID=6 即将 propose1
[propose1] S0 N0 seq=6 Tx_pool.Queue_len=1285
left_count: 500
更新树花时间为: 27
写数据库IO花时间为: 59
编号为 6 的区块已加入本地区块链！curBlock: 
blockHeader: 
[bb7f696609159868bd0e46b516ba6b75e22d41c2f65e74af68bf024247ac319e 58a76dae7e00ae1c89fbc569db1eaf7f01a669759cff8607b06cd36f76e274a0 83476c571ecdd7c0e151164a9f5a6fd030d6d743e9cb743c8b7196e417e83f89 6 1780543433]
# of transactions: 500
# of TXmig1s: 0
# of In1s: 0
# of Anns: 0
# of NSs: 0
blockHash: 
1844913a504020feb1a1c774093542bb0f8a0e2a62b8b0c4da803601b46a9884

第6个块开始准备relay

[Propose wait] S0 N0 spin=1 epoch=7 now=1780543433 InitTime=1780543419 lastpropose=1780543433 wallGap=14 need>=12 ok1=true lastGap=0 need>=2 ok2=false
[handleTxFromClient] S0 N0 recv client batch, tx_count=409
[handleTxFromClient] S0 N0 append to Tx_pool.Queue: local_queued=409 forward_other_shard=0 Queue_total_len=1194

第6个块结束relay

[Propose wait] S0 N0 spin=50 epoch=7 now=1780543434 InitTime=1780543419 lastpropose=1780543433 wallGap=15 need>=12 ok1=true lastGap=1 need>=2 ok2=false
[Propose] S0 N0 时间条件满足: epoch=7->8 now=1780543435 InitTime=1780543419 lastpropose=1780543433 wallGap=16>=12 lastGap=2>=2 → propose1
[Propose] S0 N0 等待 sequenceLock…
[Propose] S0 N0 已持有 sequenceLock，seqID=7 即将 propose1
[propose1] S0 N0 seq=7 Tx_pool.Queue_len=1269
left_count: 500
更新树花时间为: 31
写数据库IO花时间为: 46
编号为 7 的区块已加入本地区块链！curBlock: 
blockHeader: 
[1844913a504020feb1a1c774093542bb0f8a0e2a62b8b0c4da803601b46a9884 6dd7aa2442c0968fcb01c092512f7645aab42870b92dbd15476af95086894e7b dfd44f73be6d1fea0cdfadc2c4c6bc42492febe3fcbd8b9a9b125ad333ac61dd 7 1780543435]
# of transactions: 500
# of TXmig1s: 0
# of In1s: 0
# of Anns: 0
# of NSs: 0
blockHash: 
96f3901e390eb2dcc07f977b040da96d0e39fb5eeb36a7994fc4880c36463da9

第7个块开始准备relay

[Propose wait] S0 N0 spin=1 epoch=8 now=1780543435 InitTime=1780543419 lastpropose=1780543435 wallGap=16 need>=14 ok1=true lastGap=0 need>=2 ok2=false
[handleTxFromClient] S0 N0 recv client batch, tx_count=55
[handleTxFromClient] S0 N0 append to Tx_pool.Queue: local_queued=55 forward_other_shard=0 Queue_total_len=824

第7个块结束relay

[Propose wait] S0 N0 spin=50 epoch=8 now=1780543436 InitTime=1780543419 lastpropose=1780543435 wallGap=17 need>=14 ok1=true lastGap=1 need>=2 ok2=false
[Propose] S0 N0 时间条件满足: epoch=8->9 now=1780543437 InitTime=1780543419 lastpropose=1780543435 wallGap=18>=14 lastGap=2>=2 → propose1
[Propose] S0 N0 等待 sequenceLock…
[Propose] S0 N0 已持有 sequenceLock，seqID=8 即将 propose1
[propose1] S0 N0 seq=8 Tx_pool.Queue_len=1039
left_count: 500
更新树花时间为: 34
写数据库IO花时间为: 62
编号为 8 的区块已加入本地区块链！curBlock: 
blockHeader: 
[96f3901e390eb2dcc07f977b040da96d0e39fb5eeb36a7994fc4880c36463da9 1e2a91143e81ea00556ed40fc3fbb8061d25635087d10893419a21baa2f4f270 ea36bf7ce9521cb325e1b93671a04d901e02b7e8994b92ef322f7cb117aeb28b 8 1780543437]
# of transactions: 500
# of TXmig1s: 0
# of In1s: 0
# of Anns: 0
# of NSs: 0
blockHash: 
e3bb4be4fe34372caa0973de5e9e53c28751a6c9add26011af924aeba3d357bd

第8个块开始准备relay

[Propose wait] S0 N0 spin=1 epoch=9 now=1780543437 InitTime=1780543419 lastpropose=1780543437 wallGap=18 need>=16 ok1=true lastGap=0 need>=2 ok2=false
[handleTxFromClient] S0 N0 recv client batch, tx_count=278
[handleTxFromClient] S0 N0 append to Tx_pool.Queue: local_queued=278 forward_other_shard=0 Queue_total_len=817

第8个块结束relay

[Propose wait] S0 N0 spin=50 epoch=9 now=1780543438 InitTime=1780543419 lastpropose=1780543437 wallGap=19 need>=16 ok1=true lastGap=1 need>=2 ok2=false
[Propose] S0 N0 时间条件满足: epoch=9->10 now=1780543439 InitTime=1780543419 lastpropose=1780543437 wallGap=20>=16 lastGap=2>=2 → propose1
[Propose] S0 N0 等待 sequenceLock…
[Propose] S0 N0 已持有 sequenceLock，seqID=9 即将 propose1
[propose1] S0 N0 seq=9 Tx_pool.Queue_len=983
left_count: 500
更新树花时间为: 48
写数据库IO花时间为: 54
编号为 9 的区块已加入本地区块链！curBlock: 
blockHeader: 
[e3bb4be4fe34372caa0973de5e9e53c28751a6c9add26011af924aeba3d357bd 40393be3187094a8f872af3f2a56bfa084e03b5f7a26f4a8a44f273ff4c93822 dbd53641332349310be28574e083ea34e4409ea0de4c88e29bd89d75f29ffd89 9 1780543439]
# of transactions: 500
# of TXmig1s: 0
# of In1s: 0
# of Anns: 0
# of NSs: 0
blockHash: 
d534aa1ca76c0b0c75c1b35123e0830fc5e92966146a6c531344491d37cb25d0

第9个块开始准备relay

[Propose wait] S0 N0 spin=1 epoch=10 now=1780543439 InitTime=1780543419 lastpropose=1780543439 wallGap=20 need>=18 ok1=true lastGap=0 need>=2 ok2=false
[handleTxFromClient] S0 N0 recv client batch, tx_count=407
[handleTxFromClient] S0 N0 append to Tx_pool.Queue: local_queued=407 forward_other_shard=0 Queue_total_len=890

第9个块结束relay

[Propose wait] S0 N0 spin=50 epoch=10 now=1780543440 InitTime=1780543419 lastpropose=1780543439 wallGap=21 need>=18 ok1=true lastGap=1 need>=2 ok2=false
[Propose] S0 N0 时间条件满足: epoch=10->11 now=1780543441 InitTime=1780543419 lastpropose=1780543439 wallGap=22>=18 lastGap=2>=2 → propose1
[Propose] S0 N0 等待 sequenceLock…
[Propose] S0 N0 已持有 sequenceLock，seqID=10 即将 propose1
[propose1] S0 N0 seq=10 Tx_pool.Queue_len=1076
left_count: 500
更新树花时间为: 44
写数据库IO花时间为: 50
编号为 10 的区块已加入本地区块链！curBlock: 
blockHeader: 
[d534aa1ca76c0b0c75c1b35123e0830fc5e92966146a6c531344491d37cb25d0 c7ce0c0a5da463edbbb10ef2cd6c82edc8de69fc1e645fcd1d20e2932e69c670 32f94248ed86c4cd471ec1ba89e8f5517283203d130a2dff9b04dbff2dec6cd6 10 1780543441]
# of transactions: 500
# of TXmig1s: 0
# of In1s: 0
# of Anns: 0
# of NSs: 0
blockHash: 
fbbb7c25d112a4251cae64c157e795e65a7db63aa84cabb456bf7e37aa75377c

第10个块开始准备relay

[Propose wait] S0 N0 spin=1 epoch=11 now=1780543441 InitTime=1780543419 lastpropose=1780543441 wallGap=22 need>=20 ok1=true lastGap=0 need>=2 ok2=false
[handleTxFromClient] S0 N0 recv client batch, tx_count=277
[handleTxFromClient] S0 N0 append to Tx_pool.Queue: local_queued=277 forward_other_shard=0 Queue_total_len=853

第10个块结束relay

[Propose wait] S0 N0 spin=50 epoch=11 now=1780543442 InitTime=1780543419 lastpropose=1780543441 wallGap=23 need>=20 ok1=true lastGap=1 need>=2 ok2=false
[Propose] S0 N0 时间条件满足: epoch=11->12 now=1780543443 InitTime=1780543419 lastpropose=1780543441 wallGap=24>=20 lastGap=2>=2 → propose1
[Propose] S0 N0 等待 sequenceLock…
[Propose] S0 N0 已持有 sequenceLock，seqID=11 即将 propose1
[propose1] S0 N0 seq=11 Tx_pool.Queue_len=1054
left_count: 500
更新树花时间为: 41
写数据库IO花时间为: 51
编号为 11 的区块已加入本地区块链！curBlock: 
blockHeader: 
[fbbb7c25d112a4251cae64c157e795e65a7db63aa84cabb456bf7e37aa75377c 73b20f1d0e667298c0b069856c010fdd8fa6292c09b2e851417c3ab0cdff65c9 261d6aafbe0c5c3a968b0f799bf38b0406c25cf533130f2282c699f81b6130e0 11 1780543443]
# of transactions: 500
# of TXmig1s: 0
# of In1s: 0
# of Anns: 0
# of NSs: 0
blockHash: 
2fda2458a337d8f963430216cd1195425877d0ff33ded8bd44c94404fde9bbea

第11个块开始准备relay

[Propose wait] S0 N0 spin=1 epoch=12 now=1780543443 InitTime=1780543419 lastpropose=1780543443 wallGap=24 need>=22 ok1=true lastGap=0 need>=2 ok2=false
[handleTxFromClient] S0 N0 recv client batch, tx_count=551
[handleTxFromClient] S0 N0 append to Tx_pool.Queue: local_queued=551 forward_other_shard=0 Queue_total_len=1105

第11个块结束relay

[Propose wait] S0 N0 spin=50 epoch=12 now=1780543444 InitTime=1780543419 lastpropose=1780543443 wallGap=25 need>=22 ok1=true lastGap=1 need>=2 ok2=false
[Propose] S0 N0 时间条件满足: epoch=12->13 now=1780543445 InitTime=1780543419 lastpropose=1780543443 wallGap=26>=22 lastGap=2>=2 → propose1
[Propose] S0 N0 等待 sequenceLock…
[Propose] S0 N0 已持有 sequenceLock，seqID=12 即将 propose1
[propose1] S0 N0 seq=12 Tx_pool.Queue_len=1212
left_count: 500
更新树花时间为: 35
写数据库IO花时间为: 44
编号为 12 的区块已加入本地区块链！curBlock: 
blockHeader: 
[2fda2458a337d8f963430216cd1195425877d0ff33ded8bd44c94404fde9bbea f5563917ad3e0e78c08caf87bffd0e48a2cf9afb0a4448ccac62eca4fc4f2767 9d53c753ab20b5239203ead1c69d5ff414b3e10752f41945fef9fb830e063efd 12 1780543445]
# of transactions: 500
# of TXmig1s: 0
# of In1s: 0
# of Anns: 0
# of NSs: 0
blockHash: 
482cc820bfc38a044a3c749d19c62e0adc16f34149fa673019af9eefe76e33a3

第12个块开始准备relay

[Propose wait] S0 N0 spin=1 epoch=13 now=1780543445 InitTime=1780543419 lastpropose=1780543445 wallGap=26 need>=24 ok1=true lastGap=0 need>=2 ok2=false
[handleTxFromClient] S0 N0 recv client batch, tx_count=633
[handleTxFromClient] S0 N0 append to Tx_pool.Queue: local_queued=633 forward_other_shard=0 Queue_total_len=1345

第12个块结束relay

[Propose wait] S0 N0 spin=50 epoch=13 now=1780543446 InitTime=1780543419 lastpropose=1780543445 wallGap=27 need>=24 ok1=true lastGap=1 need>=2 ok2=false
[Propose] S0 N0 时间条件满足: epoch=13->14 now=1780543447 InitTime=1780543419 lastpropose=1780543445 wallGap=28>=24 lastGap=2>=2 → propose1
[Propose] S0 N0 等待 sequenceLock…
[Propose] S0 N0 已持有 sequenceLock，seqID=13 即将 propose1
[propose1] S0 N0 seq=13 Tx_pool.Queue_len=1540
left_count: 500
更新树花时间为: 47
写数据库IO花时间为: 53
编号为 13 的区块已加入本地区块链！curBlock: 
blockHeader: 
[482cc820bfc38a044a3c749d19c62e0adc16f34149fa673019af9eefe76e33a3 3bb5f60f3e948fb7a80a4180aab21104709ee720263743796d91072a80d887f5 406465c5a9a4c9d4d66425ef00f2b862c82c3d28afd77bb63e08d6d0c84d3b02 13 1780543447]
# of transactions: 500
# of TXmig1s: 0
# of In1s: 0
# of Anns: 0
# of NSs: 0
blockHash: 
3266bbe099d29868aca9dad478689e307a6cc800feafcb3e6b41e5df2ae5120d

第13个块开始准备relay

[Propose wait] S0 N0 spin=1 epoch=14 now=1780543447 InitTime=1780543419 lastpropose=1780543447 wallGap=28 need>=26 ok1=true lastGap=0 need>=2 ok2=false
[handleTxFromClient] S0 N0 recv client batch, tx_count=489
[handleTxFromClient] S0 N0 append to Tx_pool.Queue: local_queued=489 forward_other_shard=0 Queue_total_len=1529

第13个块结束relay

[Propose wait] S0 N0 spin=50 epoch=14 now=1780543448 InitTime=1780543419 lastpropose=1780543447 wallGap=29 need>=26 ok1=true lastGap=1 need>=2 ok2=false
[Propose] S0 N0 时间条件满足: epoch=14->15 now=1780543449 InitTime=1780543419 lastpropose=1780543447 wallGap=30>=26 lastGap=2>=2 → propose1
[Propose] S0 N0 等待 sequenceLock…
[Propose] S0 N0 已持有 sequenceLock，seqID=14 即将 propose1
[propose1] S0 N0 seq=14 Tx_pool.Queue_len=1704
left_count: 500
更新树花时间为: 32
写数据库IO花时间为: 54
编号为 14 的区块已加入本地区块链！curBlock: 
blockHeader: 
[3266bbe099d29868aca9dad478689e307a6cc800feafcb3e6b41e5df2ae5120d a5a552a4cb76003fe53fd075ad5e57dc6aff4ca9190ed53e5c82826d45156e4a b8a838d3007ea44785817e17b7bcf13c60b729296e1913399cdea2a9e725397d 14 1780543449]
# of transactions: 500
# of TXmig1s: 0
# of In1s: 0
# of Anns: 0
# of NSs: 0
blockHash: 
6b72095e2bfce5624011a41710a88c1acc05f644195515a01dcd23fbb923ada1

第14个块开始准备relay

[Propose wait] S0 N0 spin=1 epoch=15 now=1780543449 InitTime=1780543419 lastpropose=1780543449 wallGap=30 need>=28 ok1=true lastGap=0 need>=2 ok2=false
[handleTxFromClient] S0 N0 recv client batch, tx_count=496
[handleTxFromClient] S0 N0 append to Tx_pool.Queue: local_queued=496 forward_other_shard=0 Queue_total_len=1700

第14个块结束relay

[Propose wait] S0 N0 spin=50 epoch=15 now=1780543450 InitTime=1780543419 lastpropose=1780543449 wallGap=31 need>=28 ok1=true lastGap=1 need>=2 ok2=false
[Propose] S0 N0 时间条件满足: epoch=15->16 now=1780543451 InitTime=1780543419 lastpropose=1780543449 wallGap=32>=28 lastGap=2>=2 → propose1
[Propose] S0 N0 等待 sequenceLock…
[Propose] S0 N0 已持有 sequenceLock，seqID=15 即将 propose1
[propose1] S0 N0 seq=15 Tx_pool.Queue_len=1861
left_count: 500
更新树花时间为: 36
写数据库IO花时间为: 63
编号为 15 的区块已加入本地区块链！curBlock: 
blockHeader: 
[6b72095e2bfce5624011a41710a88c1acc05f644195515a01dcd23fbb923ada1 1fbfa591f8bb267265790bda167ad1ae0c94a6a365f8cd750e4f5a2f63d172e9 754ab13f83a7ec4d6b60ae0369b7815e60a9e8ac52fe8ad91037132468c4275e 15 1780543451]
# of transactions: 500
# of TXmig1s: 0
# of In1s: 0
# of Anns: 0
# of NSs: 0
blockHash: 
6020a88f720eee90e773abe4d9ec849f215723c46a8c0c57e6ef4992979ea8de

第15个块开始准备relay

[Propose wait] S0 N0 spin=1 epoch=16 now=1780543451 InitTime=1780543419 lastpropose=1780543451 wallGap=32 need>=30 ok1=true lastGap=0 need>=2 ok2=false
[handleTxFromClient] S0 N0 recv client batch, tx_count=468
[handleTxFromClient] S0 N0 append to Tx_pool.Queue: local_queued=468 forward_other_shard=0 Queue_total_len=1829

第15个块结束relay

[Propose wait] S0 N0 spin=50 epoch=16 now=1780543452 InitTime=1780543419 lastpropose=1780543451 wallGap=33 need>=30 ok1=true lastGap=1 need>=2 ok2=false
[Propose] S0 N0 时间条件满足: epoch=16->17 now=1780543453 InitTime=1780543419 lastpropose=1780543451 wallGap=34>=30 lastGap=2>=2 → propose1
[Propose] S0 N0 等待 sequenceLock…
[Propose] S0 N0 已持有 sequenceLock，seqID=16 即将 propose1
[propose1] S0 N0 seq=16 Tx_pool.Queue_len=1988
left_count: 500
更新树花时间为: 51
写数据库IO花时间为: 61
编号为 16 的区块已加入本地区块链！curBlock: 
blockHeader: 
[6020a88f720eee90e773abe4d9ec849f215723c46a8c0c57e6ef4992979ea8de 7577f89ff33ea8176f728a20ac7435563399c17e4242006e0b03db2c32904338 7d1748f1a3f2c5d6ab05648a7998af2c9f8b2e46cb2cf9445d1d918d87a2cbd9 16 1780543453]
# of transactions: 500
# of TXmig1s: 0
# of In1s: 0
# of Anns: 0
# of NSs: 0
blockHash: 
3fec014ed3ba9bf58349a6e4d9b15d77db8e1f77332e82d1fd350294f364f5ab

第16个块开始准备relay

[Propose wait] S0 N0 spin=1 epoch=17 now=1780543453 InitTime=1780543419 lastpropose=1780543453 wallGap=34 need>=32 ok1=true lastGap=0 need>=2 ok2=false
[handleTxFromClient] S0 N0 recv client batch, tx_count=489
[handleTxFromClient] S0 N0 append to Tx_pool.Queue: local_queued=489 forward_other_shard=0 Queue_total_len=1977

第16个块结束relay

[Propose wait] S0 N0 spin=50 epoch=17 now=1780543454 InitTime=1780543419 lastpropose=1780543453 wallGap=35 need>=32 ok1=true lastGap=1 need>=2 ok2=false
[Propose] S0 N0 时间条件满足: epoch=17->18 now=1780543455 InitTime=1780543419 lastpropose=1780543453 wallGap=36>=32 lastGap=2>=2 → propose1
[Propose] S0 N0 等待 sequenceLock…
[Propose] S0 N0 已持有 sequenceLock，seqID=17 即将 propose1
[propose1] S0 N0 seq=17 Tx_pool.Queue_len=2128
left_count: 500
更新树花时间为: 45
写数据库IO花时间为: 74
编号为 17 的区块已加入本地区块链！curBlock: 
blockHeader: 
[3fec014ed3ba9bf58349a6e4d9b15d77db8e1f77332e82d1fd350294f364f5ab de2627a5181c12dbe256822a8016ac81e62ca646226dcf41501b5e3324524ba1 617de0840b1f18fc7d19a8da0db9cb378201b88caaf92c2ccddd80371dcde8e6 17 1780543455]
# of transactions: 500
# of TXmig1s: 0
# of In1s: 0
# of Anns: 0
# of NSs: 0
blockHash: 
13d1fc2e361a65a154e5eba8b381c5cd24250c5a60c76cf68869ba58f2d5300b

第17个块开始准备relay

[Propose wait] S0 N0 spin=1 epoch=18 now=1780543455 InitTime=1780543419 lastpropose=1780543455 wallGap=36 need>=34 ok1=true lastGap=0 need>=2 ok2=false
[handleTxFromClient] S0 N0 recv client batch, tx_count=166
[handleTxFromClient] S0 N0 append to Tx_pool.Queue: local_queued=166 forward_other_shard=0 Queue_total_len=1794

第17个块结束relay

[Propose wait] S0 N0 spin=50 epoch=18 now=1780543456 InitTime=1780543419 lastpropose=1780543455 wallGap=37 need>=34 ok1=true lastGap=1 need>=2 ok2=false
[Propose] S0 N0 时间条件满足: epoch=18->19 now=1780543457 InitTime=1780543419 lastpropose=1780543455 wallGap=38>=34 lastGap=2>=2 → propose1
[Propose] S0 N0 等待 sequenceLock…
[Propose] S0 N0 已持有 sequenceLock，seqID=18 即将 propose1
[propose1] S0 N0 seq=18 Tx_pool.Queue_len=1932
left_count: 500
更新树花时间为: 38
写数据库IO花时间为: 71
编号为 18 的区块已加入本地区块链！curBlock: 
blockHeader: 
[13d1fc2e361a65a154e5eba8b381c5cd24250c5a60c76cf68869ba58f2d5300b 702a54ced50fa6653120c815af1879afa84362d423b37bcbaa069e844c08868a 889445ed429100c8ff5acb26af2b39b16388facd0da460af07e1be684a6ec47a 18 1780543457]
# of transactions: 500
# of TXmig1s: 0
# of In1s: 0
# of Anns: 0
# of NSs: 0
blockHash: 
fe46430f2e8df2a5eb66f47d95d7d922fa87c88f9efe99c4cae01c42d353b819

第18个块开始准备relay

[Propose wait] S0 N0 spin=1 epoch=19 now=1780543457 InitTime=1780543419 lastpropose=1780543457 wallGap=38 need>=36 ok1=true lastGap=0 need>=2 ok2=false
[handleTxFromClient] S0 N0 recv client batch, tx_count=167
[handleTxFromClient] S0 N0 append to Tx_pool.Queue: local_queued=167 forward_other_shard=0 Queue_total_len=1599

第18个块结束relay

[Propose wait] S0 N0 spin=50 epoch=19 now=1780543458 InitTime=1780543419 lastpropose=1780543457 wallGap=39 need>=36 ok1=true lastGap=1 need>=2 ok2=false
[Propose] S0 N0 时间条件满足: epoch=19->20 now=1780543459 InitTime=1780543419 lastpropose=1780543457 wallGap=40>=36 lastGap=2>=2 → propose1
[Propose] S0 N0 等待 sequenceLock…
[Propose] S0 N0 已持有 sequenceLock，seqID=19 即将 propose1
[propose1] S0 N0 seq=19 Tx_pool.Queue_len=1757
left_count: 500
更新树花时间为: 33
写数据库IO花时间为: 65
编号为 19 的区块已加入本地区块链！curBlock: 
blockHeader: 
[fe46430f2e8df2a5eb66f47d95d7d922fa87c88f9efe99c4cae01c42d353b819 ea2b2f697b3c341cfeb8baeb27ebfe3488ac93b00a9944951ea94c30712e787e 12dd5f43442cc310b1138d4fb06998a2bc1fa138cd35e36f58ea44dbc340c22b 19 1780543459]
# of transactions: 500
# of TXmig1s: 0
# of In1s: 0
# of Anns: 0
# of NSs: 0
blockHash: 
947f538d57fe4016eeb4ec87b780a804eb7fb855f0e3852da078430a793b09dd

第19个块开始准备relay

[Propose wait] S0 N0 spin=1 epoch=20 now=1780543459 InitTime=1780543419 lastpropose=1780543459 wallGap=40 need>=38 ok1=true lastGap=0 need>=2 ok2=false
[handleTxFromClient] S0 N0 recv client batch, tx_count=555
[handleTxFromClient] S0 N0 append to Tx_pool.Queue: local_queued=555 forward_other_shard=0 Queue_total_len=1812

第19个块结束relay

[Propose wait] S0 N0 spin=50 epoch=20 now=1780543460 InitTime=1780543419 lastpropose=1780543459 wallGap=41 need>=38 ok1=true lastGap=1 need>=2 ok2=false
[Propose] S0 N0 时间条件满足: epoch=20->21 now=1780543461 InitTime=1780543419 lastpropose=1780543459 wallGap=42>=38 lastGap=2>=2 → propose1
[Propose] S0 N0 等待 sequenceLock…
[Propose] S0 N0 已持有 sequenceLock，seqID=20 即将 propose1
[propose1] S0 N0 seq=20 Tx_pool.Queue_len=1918
left_count: 500
更新树花时间为: 35
写数据库IO花时间为: 62
编号为 20 的区块已加入本地区块链！curBlock: 
blockHeader: 
[947f538d57fe4016eeb4ec87b780a804eb7fb855f0e3852da078430a793b09dd d1d4e2e26416567ce38a827e42e396a7ae8145161ed406422985bbd46a2072a4 a29029f30a5da733dfbf6c3f943ce9b3c4b78668e95dbcff180d5d65f1e56555 20 1780543461]
# of transactions: 500
# of TXmig1s: 0
# of In1s: 0
# of Anns: 0
# of NSs: 0
blockHash: 
1636dd78ee2e4cf6e6aaa9ff0fa01ba1c223723cb09802494c4805495a2aa863

第20个块开始准备relay

[Propose wait] S0 N0 spin=1 epoch=21 now=1780543461 InitTime=1780543419 lastpropose=1780543461 wallGap=42 need>=40 ok1=true lastGap=0 need>=2 ok2=false
[handleTxFromClient] S0 N0 recv client batch, tx_count=47
[handleTxFromClient] S0 N0 append to Tx_pool.Queue: local_queued=47 forward_other_shard=0 Queue_total_len=1465

第20个块结束relay

[Propose wait] S0 N0 spin=50 epoch=21 now=1780543462 InitTime=1780543419 lastpropose=1780543461 wallGap=43 need>=40 ok1=true lastGap=1 need>=2 ok2=false
[Propose] S0 N0 时间条件满足: epoch=21->22 now=1780543463 InitTime=1780543419 lastpropose=1780543461 wallGap=44>=40 lastGap=2>=2 → propose1
[Propose] S0 N0 等待 sequenceLock…
[Propose] S0 N0 已持有 sequenceLock，seqID=21 即将 propose1
[propose1] S0 N0 seq=21 Tx_pool.Queue_len=1715
left_count: 500
本节点已接收到client发来准备迁移通知
更新树花时间为: 51
写数据库IO花时间为: 72
编号为 21 的区块已加入本地区块链！curBlock: 
blockHeader: 
[1636dd78ee2e4cf6e6aaa9ff0fa01ba1c223723cb09802494c4805495a2aa863 e98781d226cf3437728f4af41894d561e78607212b92377a57a105da64eb92f8 2a073b5462b4ceff144af3b23ab929101c0921681a7a9d4341ef98f9b758286d 21 1780543463]
# of transactions: 500
# of TXmig1s: 0
# of In1s: 0
# of Anns: 0
# of NSs: 0
blockHash: 
27625482d3c44543dd8138cc71993389578dd5ed080a9acb104f2593231c1e64

第21个块开始准备relay

[Propose wait] S0 N0 spin=1 epoch=22 now=1780543463 InitTime=1780543419 lastpropose=1780543463 wallGap=44 need>=42 ok1=true lastGap=0 need>=2 ok2=false
本节点已将 pending 发送到 client（1215 笔）
[handleTxFromClient] S0 N0 recv client batch, tx_count=6
[SyncProbe][Ingress] shard=S0 node=N0 tx=9000000001 senderSID=0 recSID=0 local=true tag=0 isRelay=false
[SyncProbe][Redirect] tx=9000000001 跳过重定向: 无MigCtx或非new(txRT=1)
[SyncProbe][Ingress] shard=S0 node=N0 tx=9000000003 senderSID=0 recSID=0 local=true tag=0 isRelay=false
[SyncProbe][Redirect] tx=9000000003 跳过重定向: 无MigCtx或非new(txRT=1)
[SyncProbe][Ingress] shard=S0 node=N0 tx=9000000011 senderSID=0 recSID=0 local=true tag=0 isRelay=false
[SyncProbe][Redirect] tx=9000000011 跳过重定向: 无MigCtx或非new(txRT=1)
[SyncProbe][Ingress] shard=S0 node=N0 tx=9000000013 senderSID=0 recSID=0 local=true tag=0 isRelay=false
[SyncProbe][Redirect] tx=9000000013 跳过重定向: 无MigCtx或非new(txRT=1)
[SyncProbe][Ingress] shard=S0 node=N0 tx=9000000021 senderSID=0 recSID=0 local=true tag=0 isRelay=false
[SyncProbe][Redirect] tx=9000000021 跳过重定向: 无MigCtx或非new(txRT=1)
[SyncProbe][Ingress] shard=S0 node=N0 tx=9000000023 senderSID=0 recSID=0 local=true tag=0 isRelay=false
[SyncProbe][Redirect] tx=9000000023 跳过重定向: 无MigCtx或非new(txRT=1)
[SyncProbe][Ingress] shard=S0 tx=9000000001 本片入池(立即入池路径)
[SyncProbe][Ingress] shard=S0 tx=9000000003 本片入池(立即入池路径)
[SyncProbe][Ingress] shard=S0 tx=9000000011 本片入池(立即入池路径)
[SyncProbe][Ingress] shard=S0 tx=9000000013 本片入池(立即入池路径)
[SyncProbe][Ingress] shard=S0 tx=9000000021 本片入池(立即入池路径)
[SyncProbe][Ingress] shard=S0 tx=9000000023 本片入池(立即入池路径)
[handleTxFromClient] S0 N0 append to Tx_pool.Queue: local_queued=6 forward_other_shard=0 Queue_total_len=1221
[handleTxFromClient] S0 N0 recv client batch, tx_count=25
[handleTxFromClient] S0 N0 append to Tx_pool.Queue: local_queued=25 forward_other_shard=0 Queue_total_len=1246

第21个块结束relay

本节点已接收到客户端发送的新映射
[SyncProbe] S0 账户 f341cafc9ba3d91ef98c9ef811170c1c5f1ef28e NewMap 后提前 Pause suffix-old（逻辑 tx2=9000000002），等待 PhaseB 真实 tx2
[SyncProbe]   Paused txId=9000000003
[SyncProbe] S0 账户 96904d8c1f1c88dfb6cfba916396bf4beabcf454 NewMap 后提前 Pause suffix-old（逻辑 tx2=9000000012），等待 PhaseB 真实 tx2
[SyncProbe]   Paused txId=9000000013
[SyncProbe] S0 账户 9e9ff119553d7ad5d40d1cd4c39aba4901955470 NewMap 后提前 Pause suffix-old（逻辑 tx2=9000000022），等待 PhaseB 真实 tx2
[SyncProbe]   Paused txId=9000000023
[Propose wait] S0 N0 spin=50 epoch=22 now=1780543464 InitTime=1780543419 lastpropose=1780543463 wallGap=45 need>=42 ok1=true lastGap=1 need>=2 ok2=false
[Propose] S0 N0 时间条件满足: epoch=22->23 now=1780543465 InitTime=1780543419 lastpropose=1780543463 wallGap=46>=42 lastGap=2>=2 → propose1
[Propose] S0 N0 等待 sequenceLock…
[Propose] S0 N0 已持有 sequenceLock，seqID=22 即将 propose1
[propose1] S0 N0 seq=22 Tx_pool.Queue_len=1423
left_count: 200
更新树花时间为: 68
写数据库IO花时间为: 102
编号为 22 的区块已加入本地区块链！curBlock: 
blockHeader: 
[27625482d3c44543dd8138cc71993389578dd5ed080a9acb104f2593231c1e64 9f2580d0649fe88a63947b3d96bff6b57725ff31614f40832669ad71ddfeda03 aae4adbe279d9585817b3f2530fa0ccce190ccfcfb456cd851eea8f5d7335dad 22 1780543465]
# of transactions: 200
# of TXmig1s: 300
# of In1s: 0
# of Anns: 0
# of NSs: 0
blockHash: 
ad65f63cb47a9d73eba1bd8d500c64f4ce1fc350c4f89f959da14cc3212a522f

第22个块开始准备relay

[MVSS+] 源片 S0 账户 9e9ff119553d7ad5d40d1cd4c39aba4901955470 prefix old 就绪，发送 State_ini sync
[SyncLog] write ok shard=S0 node=N0 event=send mode=delta count=1
[MVSS+] 源片 S0 账户 96904d8c1f1c88dfb6cfba916396bf4beabcf454 prefix old 就绪，发送 State_ini sync
[SyncLog] write ok shard=S0 node=N0 event=send mode=delta count=2
[MVSS+] 源片 S0 账户 f341cafc9ba3d91ef98c9ef811170c1c5f1ef28e prefix old 就绪，发送 State_ini sync
[SyncLog] write ok shard=S0 node=N0 event=send mode=delta count=3
[Propose wait] S0 N0 spin=1 epoch=23 now=1780543465 InitTime=1780543419 lastpropose=1780543465 wallGap=46 need>=44 ok1=true lastGap=0 need>=2 ok2=false

第22个块结束relay

[handleTxFromClient] S0 N0 recv client batch, tx_count=30
[handleTxFromClient] S0 N0 append to Tx_pool.Queue: local_queued=30 forward_other_shard=0 Queue_total_len=1285
[handleTxFromClient] S0 N0 recv client batch, tx_count=1
[handleTxFromClient] S0 N0 append to Tx_pool.Queue: local_queued=0 forward_other_shard=1 Queue_total_len=1285
[handleTxFromClient] S0 N0 recv client batch, tx_count=1
[handleTxFromClient] S0 N0 append to Tx_pool.Queue: local_queued=0 forward_other_shard=1 Queue_total_len=1285
[handleTxFromClient] S0 N0 recv client batch, tx_count=1
[handleTxFromClient] S0 N0 append to Tx_pool.Queue: local_queued=0 forward_other_shard=1 Queue_total_len=1285
[handleTxFromClient] S0 N0 recv client batch, tx_count=1
[handleTxFromClient] S0 N0 append to Tx_pool.Queue: local_queued=0 forward_other_shard=1 Queue_total_len=1285
[handleTxFromClient] S0 N0 recv client batch, tx_count=1
[handleTxFromClient] S0 N0 append to Tx_pool.Queue: local_queued=0 forward_other_shard=1 Queue_total_len=1285
[handleTxFromClient] S0 N0 recv client batch, tx_count=1
[handleTxFromClient] S0 N0 append to Tx_pool.Queue: local_queued=0 forward_other_shard=1 Queue_total_len=1285
[handleTxFromClient] S0 N0 recv client batch, tx_count=1
[handleTxFromClient] S0 N0 append to Tx_pool.Queue: local_queued=0 forward_other_shard=1 Queue_total_len=1285
[handleTxFromClient] S0 N0 recv client batch, tx_count=1
[handleTxFromClient] S0 N0 append to Tx_pool.Queue: local_queued=0 forward_other_shard=1 Queue_total_len=1285
[handleTxFromClient] S0 N0 recv client batch, tx_count=1
[handleTxFromClient] S0 N0 append to Tx_pool.Queue: local_queued=0 forward_other_shard=1 Queue_total_len=1285
[handleTxFromClient] S0 N0 recv client batch, tx_count=1
[handleTxFromClient] S0 N0 append to Tx_pool.Queue: local_queued=0 forward_other_shard=1 Queue_total_len=1285
[handleTxFromClient] S0 N0 recv client batch, tx_count=1
[handleTxFromClient] S0 N0 append to Tx_pool.Queue: local_queued=0 forward_other_shard=1 Queue_total_len=1285
[handleTxFromClient] S0 N0 recv client batch, tx_count=1
[handleTxFromClient] S0 N0 append to Tx_pool.Queue: local_queued=0 forward_other_shard=1 Queue_total_len=1285
[handleTxFromClient] S0 N0 recv client batch, tx_count=1
[handleTxFromClient] S0 N0 append to Tx_pool.Queue: local_queued=0 forward_other_shard=1 Queue_total_len=1285
[handleTxFromClient] S0 N0 recv client batch, tx_count=1
[handleTxFromClient] S0 N0 append to Tx_pool.Queue: local_queued=0 forward_other_shard=1 Queue_total_len=1285
[handleTxFromClient] S0 N0 recv client batch, tx_count=1
[handleTxFromClient] S0 N0 append to Tx_pool.Queue: local_queued=0 forward_other_shard=1 Queue_total_len=1285
[handleTxFromClient] S0 N0 recv client batch, tx_count=1
[handleTxFromClient] S0 N0 append to Tx_pool.Queue: local_queued=0 forward_other_shard=1 Queue_total_len=1285
[handleTxFromClient] S0 N0 recv client batch, tx_count=1
[handleTxFromClient] S0 N0 append to Tx_pool.Queue: local_queued=0 forward_other_shard=1 Queue_total_len=1285
[handleTxFromClient] S0 N0 recv client batch, tx_count=1
[handleTxFromClient] S0 N0 append to Tx_pool.Queue: local_queued=0 forward_other_shard=1 Queue_total_len=1285
[handleTxFromClient] S0 N0 recv client batch, tx_count=1
[handleTxFromClient] S0 N0 append to Tx_pool.Queue: local_queued=0 forward_other_shard=1 Queue_total_len=1285
[handleTxFromClient] S0 N0 recv client batch, tx_count=1
[handleTxFromClient] S0 N0 append to Tx_pool.Queue: local_queued=0 forward_other_shard=1 Queue_total_len=1285
[handleTxFromClient] S0 N0 recv client batch, tx_count=1
[handleTxFromClient] S0 N0 append to Tx_pool.Queue: local_queued=0 forward_other_shard=1 Queue_total_len=1285
[handleTxFromClient] S0 N0 recv client batch, tx_count=1
[handleTxFromClient] S0 N0 append to Tx_pool.Queue: local_queued=0 forward_other_shard=1 Queue_total_len=1285
[handleTxFromClient] S0 N0 recv client batch, tx_count=1
[handleTxFromClient] S0 N0 append to Tx_pool.Queue: local_queued=0 forward_other_shard=1 Queue_total_len=1285
[handleTxFromClient] S0 N0 recv client batch, tx_count=1
[handleTxFromClient] S0 N0 append to Tx_pool.Queue: local_queued=0 forward_other_shard=1 Queue_total_len=1285
[handleTxFromClient] S0 N0 recv client batch, tx_count=1
[handleTxFromClient] S0 N0 append to Tx_pool.Queue: local_queued=0 forward_other_shard=1 Queue_total_len=1285
[handleTxFromClient] S0 N0 recv client batch, tx_count=1
[handleTxFromClient] S0 N0 append to Tx_pool.Queue: local_queued=0 forward_other_shard=1 Queue_total_len=1285
[handleTxFromClient] S0 N0 recv client batch, tx_count=1
[handleTxFromClient] S0 N0 append to Tx_pool.Queue: local_queued=0 forward_other_shard=1 Queue_total_len=1285
[handleTxFromClient] S0 N0 recv client batch, tx_count=1
[handleTxFromClient] S0 N0 append to Tx_pool.Queue: local_queued=0 forward_other_shard=1 Queue_total_len=1285
[handleTxFromClient] S0 N0 recv client batch, tx_count=1
[handleTxFromClient] S0 N0 append to Tx_pool.Queue: local_queued=0 forward_other_shard=1 Queue_total_len=1285
[handleTxFromClient] S0 N0 recv client batch, tx_count=1
[handleTxFromClient] S0 N0 append to Tx_pool.Queue: local_queued=0 forward_other_shard=1 Queue_total_len=1285
[handleTxFromClient] S0 N0 recv client batch, tx_count=1
[handleTxFromClient] S0 N0 append to Tx_pool.Queue: local_queued=0 forward_other_shard=1 Queue_total_len=1285
[handleTxFromClient] S0 N0 recv client batch, tx_count=1
[handleTxFromClient] S0 N0 append to Tx_pool.Queue: local_queued=0 forward_other_shard=1 Queue_total_len=1285
[handleTxFromClient] S0 N0 recv client batch, tx_count=1
[handleTxFromClient] S0 N0 append to Tx_pool.Queue: local_queued=0 forward_other_shard=1 Queue_total_len=1285
[handleTxFromClient] S0 N0 recv client batch, tx_count=1
[handleTxFromClient] S0 N0 append to Tx_pool.Queue: local_queued=0 forward_other_shard=1 Queue_total_len=1285
[handleTxFromClient] S0 N0 recv client batch, tx_count=1
[handleTxFromClient] S0 N0 append to Tx_pool.Queue: local_queued=0 forward_other_shard=1 Queue_total_len=1285
[handleTxFromClient] S0 N0 recv client batch, tx_count=1
[handleTxFromClient] S0 N0 append to Tx_pool.Queue: local_queued=0 forward_other_shard=1 Queue_total_len=1285
[handleTxFromClient] S0 N0 recv client batch, tx_count=1
[handleTxFromClient] S0 N0 append to Tx_pool.Queue: local_queued=0 forward_other_shard=1 Queue_total_len=1285
[handleTxFromClient] S0 N0 recv client batch, tx_count=1
[handleTxFromClient] S0 N0 append to Tx_pool.Queue: local_queued=0 forward_other_shard=1 Queue_total_len=1285
[handleTxFromClient] S0 N0 recv client batch, tx_count=1
[handleTxFromClient] S0 N0 append to Tx_pool.Queue: local_queued=0 forward_other_shard=1 Queue_total_len=1285
[handleTxFromClient] S0 N0 recv client batch, tx_count=1
[handleTxFromClient] S0 N0 append to Tx_pool.Queue: local_queued=0 forward_other_shard=1 Queue_total_len=1285
[handleTxFromClient] S0 N0 recv client batch, tx_count=1
[handleTxFromClient] S0 N0 append to Tx_pool.Queue: local_queued=0 forward_other_shard=1 Queue_total_len=1285
[handleTxFromClient] S0 N0 recv client batch, tx_count=1
[handleTxFromClient] S0 N0 append to Tx_pool.Queue: local_queued=0 forward_other_shard=1 Queue_total_len=1285
[handleTxFromClient] S0 N0 recv client batch, tx_count=1
[handleTxFromClient] S0 N0 append to Tx_pool.Queue: local_queued=0 forward_other_shard=1 Queue_total_len=1285
[handleTxFromClient] S0 N0 recv client batch, tx_count=1
[handleTxFromClient] S0 N0 append to Tx_pool.Queue: local_queued=0 forward_other_shard=1 Queue_total_len=1285
[handleTxFromClient] S0 N0 recv client batch, tx_count=1
[handleTxFromClient] S0 N0 append to Tx_pool.Queue: local_queued=0 forward_other_shard=1 Queue_total_len=1285
[handleTxFromClient] S0 N0 recv client batch, tx_count=1
[handleTxFromClient] S0 N0 append to Tx_pool.Queue: local_queued=0 forward_other_shard=1 Queue_total_len=1285
[handleTxFromClient] S0 N0 recv client batch, tx_count=1
[handleTxFromClient] S0 N0 append to Tx_pool.Queue: local_queued=0 forward_other_shard=1 Queue_total_len=1285
[handleTxFromClient] S0 N0 recv client batch, tx_count=1
[handleTxFromClient] S0 N0 append to Tx_pool.Queue: local_queued=0 forward_other_shard=1 Queue_total_len=1285
[handleTxFromClient] S0 N0 recv client batch, tx_count=1
[handleTxFromClient] S0 N0 append to Tx_pool.Queue: local_queued=0 forward_other_shard=1 Queue_total_len=1285
[handleTxFromClient] S0 N0 recv client batch, tx_count=1
[handleTxFromClient] S0 N0 append to Tx_pool.Queue: local_queued=0 forward_other_shard=1 Queue_total_len=1285
[handleTxFromClient] S0 N0 recv client batch, tx_count=1
[handleTxFromClient] S0 N0 append to Tx_pool.Queue: local_queued=0 forward_other_shard=1 Queue_total_len=1285
[handleTxFromClient] S0 N0 recv client batch, tx_count=1
[handleTxFromClient] S0 N0 append to Tx_pool.Queue: local_queued=0 forward_other_shard=1 Queue_total_len=1285
[handleTxFromClient] S0 N0 recv client batch, tx_count=1
[handleTxFromClient] S0 N0 append to Tx_pool.Queue: local_queued=0 forward_other_shard=1 Queue_total_len=1285
[handleTxFromClient] S0 N0 recv client batch, tx_count=1
[handleTxFromClient] S0 N0 append to Tx_pool.Queue: local_queued=0 forward_other_shard=1 Queue_total_len=1285
[handleTxFromClient] S0 N0 recv client batch, tx_count=1
[handleTxFromClient] S0 N0 append to Tx_pool.Queue: local_queued=0 forward_other_shard=1 Queue_total_len=1285
[handleTxFromClient] S0 N0 recv client batch, tx_count=1
[handleTxFromClient] S0 N0 append to Tx_pool.Queue: local_queued=0 forward_other_shard=1 Queue_total_len=1285
[handleTxFromClient] S0 N0 recv client batch, tx_count=1
[handleTxFromClient] S0 N0 append to Tx_pool.Queue: local_queued=0 forward_other_shard=1 Queue_total_len=1285
[handleTxFromClient] S0 N0 recv client batch, tx_count=1
[handleTxFromClient] S0 N0 append to Tx_pool.Queue: local_queued=0 forward_other_shard=1 Queue_total_len=1285
[handleTxFromClient] S0 N0 recv client batch, tx_count=1
[handleTxFromClient] S0 N0 append to Tx_pool.Queue: local_queued=0 forward_other_shard=1 Queue_total_len=1285
[handleTxFromClient] S0 N0 recv client batch, tx_count=1
[handleTxFromClient] S0 N0 append to Tx_pool.Queue: local_queued=0 forward_other_shard=1 Queue_total_len=1285
[handleTxFromClient] S0 N0 recv client batch, tx_count=1
[handleTxFromClient] S0 N0 append to Tx_pool.Queue: local_queued=0 forward_other_shard=1 Queue_total_len=1285
[handleTxFromClient] S0 N0 recv client batch, tx_count=1
[handleTxFromClient] S0 N0 append to Tx_pool.Queue: local_queued=0 forward_other_shard=1 Queue_total_len=1285
[handleTxFromClient] S0 N0 recv client batch, tx_count=1
[handleTxFromClient] S0 N0 append to Tx_pool.Queue: local_queued=0 forward_other_shard=1 Queue_total_len=1285
[handleTxFromClient] S0 N0 recv client batch, tx_count=1
[handleTxFromClient] S0 N0 append to Tx_pool.Queue: local_queued=0 forward_other_shard=1 Queue_total_len=1285
[handleTxFromClient] S0 N0 recv client batch, tx_count=1
[handleTxFromClient] S0 N0 append to Tx_pool.Queue: local_queued=0 forward_other_shard=1 Queue_total_len=1285
[handleTxFromClient] S0 N0 recv client batch, tx_count=1
[handleTxFromClient] S0 N0 append to Tx_pool.Queue: local_queued=0 forward_other_shard=1 Queue_total_len=1285
[handleTxFromClient] S0 N0 recv client batch, tx_count=1
[handleTxFromClient] S0 N0 append to Tx_pool.Queue: local_queued=0 forward_other_shard=1 Queue_total_len=1285
[handleTxFromClient] S0 N0 recv client batch, tx_count=1
[handleTxFromClient] S0 N0 append to Tx_pool.Queue: local_queued=0 forward_other_shard=1 Queue_total_len=1285
[handleTxFromClient] S0 N0 recv client batch, tx_count=1
[handleTxFromClient] S0 N0 append to Tx_pool.Queue: local_queued=0 forward_other_shard=1 Queue_total_len=1285
[handleTxFromClient] S0 N0 recv client batch, tx_count=1
[handleTxFromClient] S0 N0 append to Tx_pool.Queue: local_queued=0 forward_other_shard=1 Queue_total_len=1285
[handleTxFromClient] S0 N0 recv client batch, tx_count=1
[handleTxFromClient] S0 N0 append to Tx_pool.Queue: local_queued=0 forward_other_shard=1 Queue_total_len=1285
[handleTxFromClient] S0 N0 recv client batch, tx_count=1
[handleTxFromClient] S0 N0 append to Tx_pool.Queue: local_queued=0 forward_other_shard=1 Queue_total_len=1285
[handleTxFromClient] S0 N0 recv client batch, tx_count=1
[handleTxFromClient] S0 N0 append to Tx_pool.Queue: local_queued=0 forward_other_shard=1 Queue_total_len=1285
[handleTxFromClient] S0 N0 recv client batch, tx_count=1
[handleTxFromClient] S0 N0 append to Tx_pool.Queue: local_queued=0 forward_other_shard=1 Queue_total_len=1285
[handleTxFromClient] S0 N0 recv client batch, tx_count=1
[handleTxFromClient] S0 N0 append to Tx_pool.Queue: local_queued=0 forward_other_shard=1 Queue_total_len=1285
[handleTxFromClient] S0 N0 recv client batch, tx_count=1
[handleTxFromClient] S0 N0 append to Tx_pool.Queue: local_queued=0 forward_other_shard=1 Queue_total_len=1285
[handleTxFromClient] S0 N0 recv client batch, tx_count=1
[handleTxFromClient] S0 N0 append to Tx_pool.Queue: local_queued=0 forward_other_shard=1 Queue_total_len=1285
[handleTxFromClient] S0 N0 recv client batch, tx_count=1
[handleTxFromClient] S0 N0 append to Tx_pool.Queue: local_queued=0 forward_other_shard=1 Queue_total_len=1285
[handleTxFromClient] S0 N0 recv client batch, tx_count=1
[handleTxFromClient] S0 N0 append to Tx_pool.Queue: local_queued=0 forward_other_shard=1 Queue_total_len=1285
[handleTxFromClient] S0 N0 recv client batch, tx_count=1
[handleTxFromClient] S0 N0 append to Tx_pool.Queue: local_queued=0 forward_other_shard=1 Queue_total_len=1285
[handleTxFromClient] S0 N0 recv client batch, tx_count=1
[handleTxFromClient] S0 N0 append to Tx_pool.Queue: local_queued=0 forward_other_shard=1 Queue_total_len=1285
[handleTxFromClient] S0 N0 recv client batch, tx_count=1
[handleTxFromClient] S0 N0 append to Tx_pool.Queue: local_queued=0 forward_other_shard=1 Queue_total_len=1285
[handleTxFromClient] S0 N0 recv client batch, tx_count=1
[handleTxFromClient] S0 N0 append to Tx_pool.Queue: local_queued=0 forward_other_shard=1 Queue_total_len=1285
[handleTxFromClient] S0 N0 recv client batch, tx_count=1
[handleTxFromClient] S0 N0 append to Tx_pool.Queue: local_queued=0 forward_other_shard=1 Queue_total_len=1285
[handleTxFromClient] S0 N0 recv client batch, tx_count=1
[handleTxFromClient] S0 N0 append to Tx_pool.Queue: local_queued=0 forward_other_shard=1 Queue_total_len=1285
[handleTxFromClient] S0 N0 recv client batch, tx_count=1
[handleTxFromClient] S0 N0 append to Tx_pool.Queue: local_queued=0 forward_other_shard=1 Queue_total_len=1285
[handleTxFromClient] S0 N0 recv client batch, tx_count=1
[handleTxFromClient] S0 N0 append to Tx_pool.Queue: local_queued=0 forward_other_shard=1 Queue_total_len=1285
[handleTxFromClient] S0 N0 recv client batch, tx_count=1
[handleTxFromClient] S0 N0 append to Tx_pool.Queue: local_queued=0 forward_other_shard=1 Queue_total_len=1285
[handleTxFromClient] S0 N0 recv client batch, tx_count=1
[handleTxFromClient] S0 N0 append to Tx_pool.Queue: local_queued=0 forward_other_shard=1 Queue_total_len=1285
[handleTxFromClient] S0 N0 recv client batch, tx_count=1
[handleTxFromClient] S0 N0 append to Tx_pool.Queue: local_queued=0 forward_other_shard=1 Queue_total_len=1285
[handleTxFromClient] S0 N0 recv client batch, tx_count=1
[handleTxFromClient] S0 N0 append to Tx_pool.Queue: local_queued=0 forward_other_shard=1 Queue_total_len=1285
[handleTxFromClient] S0 N0 recv client batch, tx_count=1
[handleTxFromClient] S0 N0 append to Tx_pool.Queue: local_queued=0 forward_other_shard=1 Queue_total_len=1285
[handleTxFromClient] S0 N0 recv client batch, tx_count=1
[handleTxFromClient] S0 N0 append to Tx_pool.Queue: local_queued=0 forward_other_shard=1 Queue_total_len=1285
[handleTxFromClient] S0 N0 recv client batch, tx_count=1
[handleTxFromClient] S0 N0 append to Tx_pool.Queue: local_queued=0 forward_other_shard=1 Queue_total_len=1285
[handleTxFromClient] S0 N0 recv client batch, tx_count=1
[handleTxFromClient] S0 N0 append to Tx_pool.Queue: local_queued=0 forward_other_shard=1 Queue_total_len=1285
[handleTxFromClient] S0 N0 recv client batch, tx_count=1
[handleTxFromClient] S0 N0 append to Tx_pool.Queue: local_queued=0 forward_other_shard=1 Queue_total_len=1285
[handleTxFromClient] S0 N0 recv client batch, tx_count=1
[handleTxFromClient] S0 N0 append to Tx_pool.Queue: local_queued=0 forward_other_shard=1 Queue_total_len=1285
[handleTxFromClient] S0 N0 recv client batch, tx_count=1
[handleTxFromClient] S0 N0 append to Tx_pool.Queue: local_queued=0 forward_other_shard=1 Queue_total_len=1285
[handleTxFromClient] S0 N0 recv client batch, tx_count=1
[handleTxFromClient] S0 N0 append to Tx_pool.Queue: local_queued=0 forward_other_shard=1 Queue_total_len=1285
[handleTxFromClient] S0 N0 recv client batch, tx_count=1
[handleTxFromClient] S0 N0 append to Tx_pool.Queue: local_queued=0 forward_other_shard=1 Queue_total_len=1285
[handleTxFromClient] S0 N0 recv client batch, tx_count=1
[handleTxFromClient] S0 N0 append to Tx_pool.Queue: local_queued=0 forward_other_shard=1 Queue_total_len=1285
[handleTxFromClient] S0 N0 recv client batch, tx_count=1
[handleTxFromClient] S0 N0 append to Tx_pool.Queue: local_queued=0 forward_other_shard=1 Queue_total_len=1285
[handleTxFromClient] S0 N0 recv client batch, tx_count=1
[handleTxFromClient] S0 N0 append to Tx_pool.Queue: local_queued=0 forward_other_shard=1 Queue_total_len=1285
[handleTxFromClient] S0 N0 recv client batch, tx_count=1
[handleTxFromClient] S0 N0 append to Tx_pool.Queue: local_queued=0 forward_other_shard=1 Queue_total_len=1285
[handleTxFromClient] S0 N0 recv client batch, tx_count=1
[handleTxFromClient] S0 N0 append to Tx_pool.Queue: local_queued=0 forward_other_shard=1 Queue_total_len=1285
[handleTxFromClient] S0 N0 recv client batch, tx_count=1
[handleTxFromClient] S0 N0 append to Tx_pool.Queue: local_queued=0 forward_other_shard=1 Queue_total_len=1285
[handleTxFromClient] S0 N0 recv client batch, tx_count=1
[handleTxFromClient] S0 N0 append to Tx_pool.Queue: local_queued=0 forward_other_shard=1 Queue_total_len=1285
[handleTxFromClient] S0 N0 recv client batch, tx_count=1
[handleTxFromClient] S0 N0 append to Tx_pool.Queue: local_queued=0 forward_other_shard=1 Queue_total_len=1285
[handleTxFromClient] S0 N0 recv client batch, tx_count=1
[handleTxFromClient] S0 N0 append to Tx_pool.Queue: local_queued=0 forward_other_shard=1 Queue_total_len=1285
[handleTxFromClient] S0 N0 recv client batch, tx_count=1
[handleTxFromClient] S0 N0 append to Tx_pool.Queue: local_queued=0 forward_other_shard=1 Queue_total_len=1285
[handleTxFromClient] S0 N0 recv client batch, tx_count=1
[handleTxFromClient] S0 N0 append to Tx_pool.Queue: local_queued=0 forward_other_shard=1 Queue_total_len=1285
[handleTxFromClient] S0 N0 recv client batch, tx_count=1
[handleTxFromClient] S0 N0 append to Tx_pool.Queue: local_queued=0 forward_other_shard=1 Queue_total_len=1285
[handleTxFromClient] S0 N0 recv client batch, tx_count=1
[handleTxFromClient] S0 N0 append to Tx_pool.Queue: local_queued=0 forward_other_shard=1 Queue_total_len=1285
[handleTxFromClient] S0 N0 recv client batch, tx_count=1
[handleTxFromClient] S0 N0 append to Tx_pool.Queue: local_queued=0 forward_other_shard=1 Queue_total_len=1285
[handleTxFromClient] S0 N0 recv client batch, tx_count=1
[handleTxFromClient] S0 N0 append to Tx_pool.Queue: local_queued=0 forward_other_shard=1 Queue_total_len=1285
[handleTxFromClient] S0 N0 recv client batch, tx_count=1
[handleTxFromClient] S0 N0 append to Tx_pool.Queue: local_queued=0 forward_other_shard=1 Queue_total_len=1285
[handleTxFromClient] S0 N0 recv client batch, tx_count=1
[handleTxFromClient] S0 N0 append to Tx_pool.Queue: local_queued=0 forward_other_shard=1 Queue_total_len=1285
[handleTxFromClient] S0 N0 recv client batch, tx_count=1
[handleTxFromClient] S0 N0 append to Tx_pool.Queue: local_queued=0 forward_other_shard=1 Queue_total_len=1285
[handleTxFromClient] S0 N0 recv client batch, tx_count=1
[handleTxFromClient] S0 N0 append to Tx_pool.Queue: local_queued=0 forward_other_shard=1 Queue_total_len=1285
[handleTxFromClient] S0 N0 recv client batch, tx_count=1
[handleTxFromClient] S0 N0 append to Tx_pool.Queue: local_queued=0 forward_other_shard=1 Queue_total_len=1285
[handleTxFromClient] S0 N0 recv client batch, tx_count=1
[handleTxFromClient] S0 N0 append to Tx_pool.Queue: local_queued=0 forward_other_shard=1 Queue_total_len=1285
[handleTxFromClient] S0 N0 recv client batch, tx_count=1
[handleTxFromClient] S0 N0 append to Tx_pool.Queue: local_queued=0 forward_other_shard=1 Queue_total_len=1285
[handleTxFromClient] S0 N0 recv client batch, tx_count=1
[handleTxFromClient] S0 N0 append to Tx_pool.Queue: local_queued=0 forward_other_shard=1 Queue_total_len=1285
[handleTxFromClient] S0 N0 recv client batch, tx_count=1
[handleTxFromClient] S0 N0 append to Tx_pool.Queue: local_queued=0 forward_other_shard=1 Queue_total_len=1285
[handleTxFromClient] S0 N0 recv client batch, tx_count=1

[handleTxFromClient] S0 N0 append to Tx_pool.Queue: local_queued=0 forward_other_shard=1 Queue_total_len=1285
本节点已接收到分片S1发来的迁移请求 
9999999999999999999999430649140000000000

[handleTxFromClient] S0 N0 recv client batch, tx_count=1
[handleTxFromClient] S0 N0 append to Tx_pool.Queue: local_queued=1 forward_other_shard=0 Queue_total_len=1286
[Propose wait] S0 N0 spin=50 epoch=23 now=1780543466 InitTime=1780543419 lastpropose=1780543465 wallGap=47 need>=44 ok1=true lastGap=1 need>=2 ok2=false
[Propose] S0 N0 时间条件满足: epoch=23->24 now=1780543467 InitTime=1780543419 lastpropose=1780543465 wallGap=48>=44 lastGap=2>=2 → propose1
[Propose] S0 N0 等待 sequenceLock…
[Propose] S0 N0 已持有 sequenceLock，seqID=23 即将 propose1
[propose1] S0 N0 seq=23 Tx_pool.Queue_len=1286
left_count: 200
更新树花时间为: 52
写数据库IO花时间为: 62
编号为 23 的区块已加入本地区块链！curBlock: 
blockHeader: 
[ad65f63cb47a9d73eba1bd8d500c64f4ce1fc350c4f89f959da14cc3212a522f 48e2a6a7e13867772d6fcff415257ca082dc94667e262246e7e7a7366d866674 b12f3517ce1f3118aa49a13a95be340ee2965708de1335251643806f2457a9b9 23 1780543467]
# of transactions: 200
# of TXmig1s: 228
# of In1s: 72
# of Anns: 0
# of NSs: 0
blockHash: 
dac9c6d25ceb177203f2f900f96dee1261913071746f7c0e2f8a201b6aaef75e

第23个块开始准备relay

[Propose wait] S0 N0 spin=1 epoch=24 now=1780543467 InitTime=1780543419 lastpropose=1780543467 wallGap=48 need>=46 ok1=true lastGap=0 need>=2 ok2=false

第23个块结束relay

[handleTxFromClient] S0 N0 recv client batch, tx_count=19
[handleTxFromClient] S0 N0 append to Tx_pool.Queue: local_queued=18 forward_other_shard=0 Queue_total_len=1113

本节点已接收到分片S1发来的迁移请求 
10000000000000000000000000000000000000000

[Propose wait] S0 N0 spin=50 epoch=24 now=1780543468 InitTime=1780543419 lastpropose=1780543467 wallGap=49 need>=46 ok1=true lastGap=1 need>=2 ok2=false
本节点已接收到分片S1发来通知 
1
2
3
[Propose] S0 N0 时间条件满足: epoch=24->25 now=1780543469 InitTime=1780543419 lastpropose=1780543467 wallGap=50>=46 lastGap=2>=2 → propose1
[Propose] S0 N0 等待 sequenceLock…
[Propose] S0 N0 已持有 sequenceLock，seqID=24 即将 propose1
[propose1] S0 N0 seq=24 Tx_pool.Queue_len=1113
left_count: 200
更新树花时间为: 54
写数据库IO花时间为: 79
编号为 24 的区块已加入本地区块链！curBlock: 
blockHeader: 
[dac9c6d25ceb177203f2f900f96dee1261913071746f7c0e2f8a201b6aaef75e db8f96f32d28942a12fc7bc036145adecdd0b3c234346f5bf21dca673371b0cc e297e81b6a8b7f34f27666a316d1b95843ed07eb62bb7d58ab39620fc1d1cba8 24 1780543469]
# of transactions: 200
# of TXmig1s: 0
# of In1s: 300
# of Anns: 0
# of NSs: 0
blockHash: 
17ec569252488fec5069174ed5de4d7c29df0ec14bf29befaa84591ee324f232

第24个块开始准备relay

[Propose wait] S0 N0 spin=1 epoch=25 now=1780543469 InitTime=1780543419 lastpropose=1780543469 wallGap=50 need>=48 ok1=true lastGap=0 need>=2 ok2=false

第24个块结束relay

[handleTxFromClient] S0 N0 recv client batch, tx_count=26
[handleTxFromClient] S0 N0 append to Tx_pool.Queue: local_queued=26 forward_other_shard=0 Queue_total_len=981
[handleTxFromClient] S0 N0 recv client batch, tx_count=3
[SyncProbe][Ingress] shard=S0 node=N0 tx=9000000002 senderSID=0 recSID=1 local=true tag=0 isRelay=false
[SyncProbe][Redirect] tx=9000000002 源片=S0 -> 目标片=S1 leader=127.0.0.1:8020 nonce=2
[SyncProbe][Ingress] shard=S0 tx=9000000002 已重定向，源片不入池
[SyncProbe][Ingress] shard=S0 node=N0 tx=9000000012 senderSID=0 recSID=1 local=true tag=0 isRelay=false
[SyncProbe][Redirect] tx=9000000012 源片=S0 -> 目标片=S1 leader=127.0.0.1:8020 nonce=2
[SyncProbe][Ingress] shard=S0 tx=9000000012 已重定向，源片不入池
[SyncProbe][Ingress] shard=S0 node=N0 tx=9000000022 senderSID=0 recSID=1 local=true tag=0 isRelay=false
[SyncProbe][Redirect] tx=9000000022 源片=S0 -> 目标片=S1 leader=127.0.0.1:8020 nonce=3
[SyncProbe][Ingress] shard=S0 tx=9000000022 已重定向，源片不入池
[handleTxFromClient] S0 N0 append to Tx_pool.Queue: local_queued=0 forward_other_shard=0 Queue_total_len=981
[Propose wait] S0 N0 spin=50 epoch=25 now=1780543470 InitTime=1780543419 lastpropose=1780543469 wallGap=51 need>=48 ok1=true lastGap=1 need>=2 ok2=false
[Propose] S0 N0 时间条件满足: epoch=25->26 now=1780543471 InitTime=1780543419 lastpropose=1780543469 wallGap=52>=48 lastGap=2>=2 → propose1
[Propose] S0 N0 等待 sequenceLock…
[Propose] S0 N0 已持有 sequenceLock，seqID=25 即将 propose1
[propose1] S0 N0 seq=25 Tx_pool.Queue_len=981
left_count: 272
更新树花时间为: 37
写数据库IO花时间为: 75
编号为 25 的区块已加入本地区块链！curBlock: 
blockHeader: 
[17ec569252488fec5069174ed5de4d7c29df0ec14bf29befaa84591ee324f232 8b261fab526b4e87cb7de12e1451a923de2aaf5e93842ecb1453de62b9746b32 22112ccb855ddf3570716e9458452c53ab01486c4f0545256d16c328bd1a51aa 25 1780543471]
# of transactions: 272
# of TXmig1s: 0
# of In1s: 13
# of Anns: 215
# of NSs: 0
blockHash: 
97d12d533c47437d20a801fb0c32f30552ca557ef00f1df3db6ef5d6ca0b5b2f
[SyncLog] write ok shard=S0 node=N0 event=recv mode=delta count=4
[MVSS-Delta] S0 收到分片 S1 的 TXsyncDelta，条数=1
[SyncLog] write ok shard=S0 node=N0 event=recv mode=delta count=5
[MVSS-Delta] S0 收到分片 S1 的 TXsyncDelta，条数=1
[SyncLog] write ok shard=S0 node=N0 event=recv mode=delta count=6
[MVSS-Delta] S0 收到分片 S1 的 TXsyncDelta，条数=1
handleAnns时是第25个块
[MVSS+] 账户 f341cafc9ba3d91ef98c9ef811170c1c5f1ef28e Stage3 进行中(FSM=2)，Announce 后暂缓清理 MigCtx
[MVSS+] 账户 96904d8c1f1c88dfb6cfba916396bf4beabcf454 Stage3 进行中(FSM=2)，Announce 后暂缓清理 MigCtx
[MVSS+] 账户 9e9ff119553d7ad5d40d1cd4c39aba4901955470 Stage3 进行中(FSM=2)，Announce 后暂缓清理 MigCtx

handleannounce交易池操作时差为：0
handleannounce两锁时差为：0


第25个块开始准备relay

[Propose wait] S0 N0 spin=1 epoch=26 now=1780543471 InitTime=1780543419 lastpropose=1780543471 wallGap=52 need>=50 ok1=true lastGap=0 need>=2 ok2=false
[MVSS-Delta] S0 已获取 sequenceLock，开始处理 delta
[MVSS+] 源片 S0 账户 9e9ff119553d7ad5d40d1cd4c39aba4901955470 ack 后 promote suffix-old 开始 Queue=666 FirstNew=9000000022
[MVSS+] 源片 S0 账户 9e9ff119553d7ad5d40d1cd4c39aba4901955470 ack 后将 1 笔 suffix-old 提至队首（nonce 自 3）
[SyncLog] write ok shard=S0 node=N0 event=ack_recv mode=delta count=7
[MVSS-Delta] S0 收到目标片 S1 对账户 9e9ff119553d7ad5d40d1cd4c39aba4901955470 的 delta ack
[MVSS-Delta] S0 已获取 sequenceLock，开始处理 delta
[MVSS+] 源片 S0 账户 f341cafc9ba3d91ef98c9ef811170c1c5f1ef28e ack 后 promote suffix-old 开始 Queue=666 FirstNew=9000000002
[MVSS+] 源片 S0 账户 f341cafc9ba3d91ef98c9ef811170c1c5f1ef28e ack 后将 1 笔 suffix-old 提至队首（nonce 自 2）
[SyncLog] write ok shard=S0 node=N0 event=ack_recv mode=delta count=8
[MVSS-Delta] S0 收到目标片 S1 对账户 f341cafc9ba3d91ef98c9ef811170c1c5f1ef28e 的 delta ack
[MVSS-Delta] S0 已获取 sequenceLock，开始处理 delta
[MVSS+] 源片 S0 账户 96904d8c1f1c88dfb6cfba916396bf4beabcf454 ack 后 promote suffix-old 开始 Queue=666 FirstNew=9000000012
[MVSS+] 源片 S0 账户 96904d8c1f1c88dfb6cfba916396bf4beabcf454 ack 后将 1 笔 suffix-old 提至队首（nonce 自 2）
[SyncLog] write ok shard=S0 node=N0 event=ack_recv mode=delta count=9
[MVSS-Delta] S0 收到目标片 S1 对账户 96904d8c1f1c88dfb6cfba916396bf4beabcf454 的 delta ack
本节点已接收到分片S1发来通知 
1
2
3

第25个块结束relay

[handleTxFromClient] S0 N0 recv client batch, tx_count=29
[handleTxFromClient] S0 N0 append to Tx_pool.Queue: local_queued=27 forward_other_shard=0 Queue_total_len=791
时间：1780543471589  本节点已接收到新
时间：52635  正在向分片S1的主节点发送新
本节点已将不变的账户数量发送到client

本节点已将迁移过来的pending交易的账户数量发送到client

本节点已接收到分片S1发来通知 
1
2
3
[Propose wait] S0 N0 spin=50 epoch=26 now=1780543472 InitTime=1780543419 lastpropose=1780543471 wallGap=53 need>=50 ok1=true lastGap=1 need>=2 ok2=false
[Propose] S0 N0 时间条件满足: epoch=26->27 now=1780543473 InitTime=1780543419 lastpropose=1780543471 wallGap=54>=50 lastGap=2>=2 → propose1
[Propose] S0 N0 等待 sequenceLock…
[Propose] S0 N0 已持有 sequenceLock，seqID=26 即将 propose1
[propose1] S0 N0 seq=26 Tx_pool.Queue_len=810
left_count: 200
更新树花时间为: 39
写数据库IO花时间为: 75
编号为 26 的区块已加入本地区块链！curBlock: 
blockHeader: 
[97d12d533c47437d20a801fb0c32f30552ca557ef00f1df3db6ef5d6ca0b5b2f d602051694e56245bd90b84b19a79fedb30454b6349f63b44b0a13878cd6d7d9 0394b55693cd6d31a480e0d060c0f470583160308f77812c1f17cbe35e255f17 26 1780543473]
# of transactions: 200
# of TXmig1s: 0
# of In1s: 0
# of Anns: 300
# of NSs: 0
blockHash: 
e07b91565ca3eea6ecde81f0732ff7d0c012d53768289ec54b1ca2d5ddf9253a
handleAnns时是第26个块

handleannounce交易池操作时差为：5002
handleannounce两锁时差为：5002


第26个块开始准备relay

[Propose wait] S0 N0 spin=1 epoch=27 now=1780543473 InitTime=1780543419 lastpropose=1780543473 wallGap=54 need>=52 ok1=true lastGap=0 need>=2 ok2=false

第26个块结束relay

[Propose wait] S0 N0 spin=50 epoch=27 now=1780543474 InitTime=1780543419 lastpropose=1780543473 wallGap=55 need>=52 ok1=true lastGap=1 need>=2 ok2=false
[Propose] S0 N0 时间条件满足: epoch=27->28 now=1780543475 InitTime=1780543419 lastpropose=1780543473 wallGap=56>=52 lastGap=2>=2 → propose1
[Propose] S0 N0 等待 sequenceLock…
[Propose] S0 N0 已持有 sequenceLock，seqID=27 即将 propose1
[propose1] S0 N0 seq=27 Tx_pool.Queue_len=577
left_count: 421
时间：1780543475138  本节点已接收到新
本节点已将迁移过来的pending交易的账户数量发送到client

更新树花时间为: 44
写数据库IO花时间为: 60
编号为 27 的区块已加入本地区块链！curBlock: 
blockHeader: 
[e07b91565ca3eea6ecde81f0732ff7d0c012d53768289ec54b1ca2d5ddf9253a a6a11757d2152ddfb3b96ecccb3bda5ed829953e5eb3d4b273a1a18c7922d422 3844ba5d13ce6f4f5aefcb196435d67dc27597e0578485cb7edd5cf1d61d325c 27 1780543475]
# of transactions: 421
# of TXmig1s: 0
# of In1s: 0
# of Anns: 13
# of NSs: 66
blockHash: 
371ab497a2aed5eb4c435cb357a898d0570a8d008c2a57a3c07dee281bc9b136
handleAnns时是第27个块

handleannounce交易池操作时差为：7
handleannounce两锁时差为：1011


第27个块开始准备relay

[Propose wait] S0 N0 spin=1 epoch=28 now=1780543475 InitTime=1780543419 lastpropose=1780543475 wallGap=56 need>=54 ok1=true lastGap=0 need>=2 ok2=false
时间：56310  正在向分片S1的主节点发送新
本节点已将不变的账户数量发送到client


第27个块结束relay

时间：1780543475524  本节点已接收到新
本节点已将迁移过来的pending交易的账户数量发送到client

[Propose wait] S0 N0 spin=50 epoch=28 now=1780543476 InitTime=1780543419 lastpropose=1780543475 wallGap=57 need>=54 ok1=true lastGap=1 need>=2 ok2=false
时间：57900  正在向分片S1的主节点发送新
本节点已将不变的账户数量发送到client

[Propose] S0 N0 时间条件满足: epoch=28->29 now=1780543477 InitTime=1780543419 lastpropose=1780543475 wallGap=58>=54 lastGap=2>=2 → propose1
[Propose] S0 N0 等待 sequenceLock…
[Propose] S0 N0 已持有 sequenceLock，seqID=28 即将 propose1
[propose1] S0 N0 seq=28 Tx_pool.Queue_len=488
left_count: 385
更新树花时间为: 48
写数据库IO花时间为: 68
编号为 28 的区块已加入本地区块链！curBlock: 
blockHeader: 
[371ab497a2aed5eb4c435cb357a898d0570a8d008c2a57a3c07dee281bc9b136 fd28868734f4b400d41d4aa9969e20660cb7ed1f741cc8e2e2dc39f4b081b045 1db608500198a5474d3e4707a302095af2cf831ba30baa3d5ffe2a5cbaec600c 28 1780543477]
# of transactions: 385
# of TXmig1s: 0
# of In1s: 0
# of Anns: 0
# of NSs: 115
blockHash: 
c469eecb0d14770c1340c57a2d3c89bc5f8ca26ea627c059c8142785c4dc5f2b

第28个块开始准备relay

[Propose wait] S0 N0 spin=1 epoch=29 now=1780543477 InitTime=1780543419 lastpropose=1780543477 wallGap=58 need>=56 ok1=true lastGap=0 need>=2 ok2=false

第28个块结束relay

[Propose wait] S0 N0 spin=50 epoch=29 now=1780543478 InitTime=1780543419 lastpropose=1780543477 wallGap=59 need>=56 ok1=true lastGap=1 need>=2 ok2=false
[Propose] S0 N0 时间条件满足: epoch=29->30 now=1780543479 InitTime=1780543419 lastpropose=1780543477 wallGap=60>=56 lastGap=2>=2 → propose1
[Propose] S0 N0 等待 sequenceLock…
[Propose] S0 N0 已持有 sequenceLock，seqID=29 即将 propose1
[propose1] S0 N0 seq=29 Tx_pool.Queue_len=255
left_count: 500
更新树花时间为: 33
写数据库IO花时间为: 76
编号为 29 的区块已加入本地区块链！curBlock: 
blockHeader: 
[c469eecb0d14770c1340c57a2d3c89bc5f8ca26ea627c059c8142785c4dc5f2b 1f5705a1c351e08b562e9c181f40ed68bfd9d053d4846bd50957be8f5fe5ca3a 65cedfe85d8ad05c42dc317238b93db735138fe2fb46bfbfe1d9a1cf692c0682 29 1780543479]
# of transactions: 254
# of TXmig1s: 0
# of In1s: 0
# of Anns: 0
# of NSs: 0
blockHash: 
b348c04c5d7854152adde473900b568467f136f30b226c4bcf1d2b1842fe1745
[Propose wait] S0 N0 spin=1 epoch=30 now=1780543479 InitTime=1780543419 lastpropose=1780543479 wallGap=60 need>=58 ok1=true lastGap=0 need>=2 ok2=false
[Propose wait] S0 N0 spin=50 epoch=30 now=1780543480 InitTime=1780543419 lastpropose=1780543479 wallGap=61 need>=58 ok1=true lastGap=1 need>=2 ok2=false
[Propose] S0 N0 时间条件满足: epoch=30->31 now=1780543481 InitTime=1780543419 lastpropose=1780543479 wallGap=62>=58 lastGap=2>=2 → propose1
[Propose] S0 N0 等待 sequenceLock…
[Propose] S0 N0 已持有 sequenceLock，seqID=30 即将 propose1
[propose1] S0 N0 seq=30 Tx_pool.Queue_len=230
left_count: 500
更新树花时间为: 25
写数据库IO花时间为: 35
编号为 30 的区块已加入本地区块链！curBlock: 
blockHeader: 
[b348c04c5d7854152adde473900b568467f136f30b226c4bcf1d2b1842fe1745 e56db3f25b28b52b6532e72bab8405a98e7f6d6095362ea341052eaf8ca87626 50974b8722c8485238985688808fb6612165b52d9adba74cd963ff47184e860f 30 1780543481]
# of transactions: 229
# of TXmig1s: 0
# of In1s: 0
# of Anns: 0
# of NSs: 0
blockHash: 
0a478b4451e9d494f76cce184737ee87137ddc2f9696deee883c5f4c0540b4ce
[Propose wait] S0 N0 spin=1 epoch=31 now=1780543481 InitTime=1780543419 lastpropose=1780543481 wallGap=62 need>=60 ok1=true lastGap=0 need>=2 ok2=false
[Propose wait] S0 N0 spin=50 epoch=31 now=1780543482 InitTime=1780543419 lastpropose=1780543481 wallGap=63 need>=60 ok1=true lastGap=1 need>=2 ok2=false
[Propose] S0 N0 时间条件满足: epoch=31->32 now=1780543483 InitTime=1780543419 lastpropose=1780543481 wallGap=64>=60 lastGap=2>=2 → propose1
[Propose] S0 N0 等待 sequenceLock…
[Propose] S0 N0 已持有 sequenceLock，seqID=31 即将 propose1
[propose1] S0 N0 seq=31 Tx_pool.Queue_len=188
left_count: 500
更新树花时间为: 21
写数据库IO花时间为: 55
编号为 31 的区块已加入本地区块链！curBlock: 
blockHeader: 
[0a478b4451e9d494f76cce184737ee87137ddc2f9696deee883c5f4c0540b4ce 712bc8299a2fca7ebccf15d141bf985fa443fa2de2245d2362e8bfa65c7778ae deaffe8f6534b4927668306a8e643bebde2531e8b8fe094995d8a003f46fa88e 31 1780543483]
# of transactions: 187
# of TXmig1s: 0
# of In1s: 0
# of Anns: 0
# of NSs: 0
blockHash: 
a18a57281197a7922b231ba4f7d504dc17b537a3fde9cefaa9e43a651c6b7575
[Propose wait] S0 N0 spin=1 epoch=32 now=1780543483 InitTime=1780543419 lastpropose=1780543483 wallGap=64 need>=62 ok1=true lastGap=0 need>=2 ok2=false
[Propose wait] S0 N0 spin=50 epoch=32 now=1780543484 InitTime=1780543419 lastpropose=1780543483 wallGap=65 need>=62 ok1=true lastGap=1 need>=2 ok2=false
[Propose] S0 N0 时间条件满足: epoch=32->33 now=1780543485 InitTime=1780543419 lastpropose=1780543483 wallGap=66>=62 lastGap=2>=2 → propose1
[Propose] S0 N0 等待 sequenceLock…
[Propose] S0 N0 已持有 sequenceLock，seqID=32 即将 propose1
[propose1] S0 N0 seq=32 Tx_pool.Queue_len=207
left_count: 500
更新树花时间为: 23
写数据库IO花时间为: 36
编号为 32 的区块已加入本地区块链！curBlock: 
blockHeader: 
[a18a57281197a7922b231ba4f7d504dc17b537a3fde9cefaa9e43a651c6b7575 efc299b1f39e2a4d2d8c7e4657eeca110a77607b7d9903117842d5cd8c3042db 942836661a72f99af0af5c8e7a560b00f17fcdd7646e4d94667758c9a712ee79 32 1780543485]
# of transactions: 206
# of TXmig1s: 0
# of In1s: 0
# of Anns: 0
# of NSs: 0
blockHash: 
d426692885f7404537bdc64359adfe1e5901124f2baf6f3eaccc62ef106f0d5a
[Propose wait] S0 N0 spin=1 epoch=33 now=1780543485 InitTime=1780543419 lastpropose=1780543485 wallGap=66 need>=64 ok1=true lastGap=0 need>=2 ok2=false
[Propose wait] S0 N0 spin=50 epoch=33 now=1780543486 InitTime=1780543419 lastpropose=1780543485 wallGap=67 need>=64 ok1=true lastGap=1 need>=2 ok2=false
[Propose] S0 N0 时间条件满足: epoch=33->34 now=1780543487 InitTime=1780543419 lastpropose=1780543485 wallGap=68>=64 lastGap=2>=2 → propose1
[Propose] S0 N0 等待 sequenceLock…
[Propose] S0 N0 已持有 sequenceLock，seqID=33 即将 propose1
[propose1] S0 N0 seq=33 Tx_pool.Queue_len=236
left_count: 500
更新树花时间为: 32
写数据库IO花时间为: 51
编号为 33 的区块已加入本地区块链！curBlock: 
blockHeader: 
[d426692885f7404537bdc64359adfe1e5901124f2baf6f3eaccc62ef106f0d5a 6f53c35493df3a25b951d1658cbf6b36770688bd5e81dcd064f5a1eaeb5e0d95 db8d354ce14a04ca47a0e2a241147ff6ad7b288618379110fc3d1b10c54b13a0 33 1780543487]
# of transactions: 235
# of TXmig1s: 0
# of In1s: 0
# of Anns: 0
# of NSs: 0
blockHash: 
3ca2020091b18881655c2fae2b1e40f1cd9904f1b450ab0c5e25cd91cc11eeb5
[Propose wait] S0 N0 spin=1 epoch=34 now=1780543487 InitTime=1780543419 lastpropose=1780543487 wallGap=68 need>=66 ok1=true lastGap=0 need>=2 ok2=false
[Propose wait] S0 N0 spin=50 epoch=34 now=1780543488 InitTime=1780543419 lastpropose=1780543487 wallGap=69 need>=66 ok1=true lastGap=1 need>=2 ok2=false
[Propose] S0 N0 时间条件满足: epoch=34->35 now=1780543489 InitTime=1780543419 lastpropose=1780543487 wallGap=70>=66 lastGap=2>=2 → propose1
[Propose] S0 N0 等待 sequenceLock…
[Propose] S0 N0 已持有 sequenceLock，seqID=34 即将 propose1
[propose1] S0 N0 seq=34 Tx_pool.Queue_len=232
left_count: 500
更新树花时间为: 32
写数据库IO花时间为: 62
编号为 34 的区块已加入本地区块链！curBlock: 
blockHeader: 
[3ca2020091b18881655c2fae2b1e40f1cd9904f1b450ab0c5e25cd91cc11eeb5 accc2368e5a5ac5b1872a82f6377a1e9e9bfecd90b4a10fa62e1c65d7d11d161 35204d0af48432a9d61831aa265957a302f8187d0c879845033e6ff4bdb039cd 34 1780543489]
# of transactions: 231
# of TXmig1s: 0
# of In1s: 0
# of Anns: 0
# of NSs: 0
blockHash: 
d2c4a127847820571904f4e04050af66790f6aa727f06f7e5c0d059680ece2a5
[Propose wait] S0 N0 spin=1 epoch=35 now=1780543489 InitTime=1780543419 lastpropose=1780543489 wallGap=70 need>=68 ok1=true lastGap=0 need>=2 ok2=false
[Propose wait] S0 N0 spin=50 epoch=35 now=1780543490 InitTime=1780543419 lastpropose=1780543489 wallGap=71 need>=68 ok1=true lastGap=1 need>=2 ok2=false
[Propose] S0 N0 时间条件满足: epoch=35->36 now=1780543491 InitTime=1780543419 lastpropose=1780543489 wallGap=72>=68 lastGap=2>=2 → propose1
[Propose] S0 N0 等待 sequenceLock…
[Propose] S0 N0 已持有 sequenceLock，seqID=35 即将 propose1
[propose1] S0 N0 seq=35 Tx_pool.Queue_len=255
left_count: 500
更新树花时间为: 31
写数据库IO花时间为: 46
编号为 35 的区块已加入本地区块链！curBlock: 
blockHeader: 
[d2c4a127847820571904f4e04050af66790f6aa727f06f7e5c0d059680ece2a5 4973f1d7754372ca8b264f1bb46fbbca1ddfff35adc0eb12b8393c061e03e883 7ecf616c6e5304df2fc5357065c0ec24dae3921af6a4284e22173e97a012da09 35 1780543491]
# of transactions: 254
# of TXmig1s: 0
# of In1s: 0
# of Anns: 0
# of NSs: 0
blockHash: 
8e55b2b2b323f2b4c49b9042f111ab053a4923a039e44ff650708723b629daeb
[Propose wait] S0 N0 spin=1 epoch=36 now=1780543491 InitTime=1780543419 lastpropose=1780543491 wallGap=72 need>=70 ok1=true lastGap=0 need>=2 ok2=false
[Propose wait] S0 N0 spin=50 epoch=36 now=1780543492 InitTime=1780543419 lastpropose=1780543491 wallGap=73 need>=70 ok1=true lastGap=1 need>=2 ok2=false
[Propose] S0 N0 时间条件满足: epoch=36->37 now=1780543493 InitTime=1780543419 lastpropose=1780543491 wallGap=74>=70 lastGap=2>=2 → propose1
[Propose] S0 N0 等待 sequenceLock…
[Propose] S0 N0 已持有 sequenceLock，seqID=36 即将 propose1
[propose1] S0 N0 seq=36 Tx_pool.Queue_len=211
left_count: 500
更新树花时间为: 21
写数据库IO花时间为: 51
编号为 36 的区块已加入本地区块链！curBlock: 
blockHeader: 
[8e55b2b2b323f2b4c49b9042f111ab053a4923a039e44ff650708723b629daeb 6fece965a0a082a27e342ca3151893b33845028f4385ec9e72bf9b6e1bbdd195 ed2352f31642a5d1a33bfca956b4c98967c07662294e67213c50780f97675318 36 1780543493]
# of transactions: 210
# of TXmig1s: 0
# of In1s: 0
# of Anns: 0
# of NSs: 0
blockHash: 
8b12ae75090abda65b43aa8e236289c0d20eb84fcd2517684b35ab2df109d200
[Propose wait] S0 N0 spin=1 epoch=37 now=1780543493 InitTime=1780543419 lastpropose=1780543493 wallGap=74 need>=72 ok1=true lastGap=0 need>=2 ok2=false
[Propose wait] S0 N0 spin=50 epoch=37 now=1780543494 InitTime=1780543419 lastpropose=1780543493 wallGap=75 need>=72 ok1=true lastGap=1 need>=2 ok2=false
[Propose] S0 N0 时间条件满足: epoch=37->38 now=1780543495 InitTime=1780543419 lastpropose=1780543493 wallGap=76>=72 lastGap=2>=2 → propose1
[Propose] S0 N0 等待 sequenceLock…
[Propose] S0 N0 已持有 sequenceLock，seqID=37 即将 propose1
[propose1] S0 N0 seq=37 Tx_pool.Queue_len=177
left_count: 500
更新树花时间为: 20
写数据库IO花时间为: 34
编号为 37 的区块已加入本地区块链！curBlock: 
blockHeader: 
[8b12ae75090abda65b43aa8e236289c0d20eb84fcd2517684b35ab2df109d200 95b0e31b6ef441a5b16c4e3de3cd3309ef027f3bd7a1638634a5cbfb02d7c5b2 b1b7d5e650ce58ca48aa998caa33ff1da617194fd89a63e1ed33c0fffade5a76 37 1780543495]
# of transactions: 176
# of TXmig1s: 0
# of In1s: 0
# of Anns: 0
# of NSs: 0
blockHash: 
019c9e12938c192e5aa2cfa71bdf2f41ca8196f9fe6f9560add08da187b49683
[Propose wait] S0 N0 spin=1 epoch=38 now=1780543495 InitTime=1780543419 lastpropose=1780543495 wallGap=76 need>=74 ok1=true lastGap=0 need>=2 ok2=false
[Propose wait] S0 N0 spin=50 epoch=38 now=1780543496 InitTime=1780543419 lastpropose=1780543495 wallGap=77 need>=74 ok1=true lastGap=1 need>=2 ok2=false
[Propose] S0 N0 时间条件满足: epoch=38->39 now=1780543497 InitTime=1780543419 lastpropose=1780543495 wallGap=78>=74 lastGap=2>=2 → propose1
[Propose] S0 N0 等待 sequenceLock…
[Propose] S0 N0 已持有 sequenceLock，seqID=38 即将 propose1
[propose1] S0 N0 seq=38 Tx_pool.Queue_len=1
left_count: 500
更新树花时间为: 0
写数据库IO花时间为: 30
编号为 38 的区块已加入本地区块链！curBlock: 
blockHeader: 
[019c9e12938c192e5aa2cfa71bdf2f41ca8196f9fe6f9560add08da187b49683 95b0e31b6ef441a5b16c4e3de3cd3309ef027f3bd7a1638634a5cbfb02d7c5b2 56e81f171bcc55a6ff8345e692c0f86e5b48e01b996cadc001622fb5e363b421 38 1780543497]
# of transactions: 0
# of TXmig1s: 0
# of In1s: 0
# of Anns: 0
# of NSs: 0
blockHash: 
a777e445139f383286424b57bddcd0e0cd9345956231d57d348d0ecd4885541f
[Propose wait] S0 N0 spin=1 epoch=39 now=1780543497 InitTime=1780543419 lastpropose=1780543497 wallGap=78 need>=76 ok1=true lastGap=0 need>=2 ok2=false
[Propose wait] S0 N0 spin=50 epoch=39 now=1780543498 InitTime=1780543419 lastpropose=1780543497 wallGap=79 need>=76 ok1=true lastGap=1 need>=2 ok2=false
[Propose] S0 N0 时间条件满足: epoch=39->40 now=1780543499 InitTime=1780543419 lastpropose=1780543497 wallGap=80>=76 lastGap=2>=2 → propose1
[Propose] S0 N0 等待 sequenceLock…
[Propose] S0 N0 已持有 sequenceLock，seqID=39 即将 propose1
[propose1] S0 N0 seq=39 Tx_pool.Queue_len=1
left_count: 500
更新树花时间为: 0
写数据库IO花时间为: 39
编号为 39 的区块已加入本地区块链！curBlock: 
blockHeader: 
[a777e445139f383286424b57bddcd0e0cd9345956231d57d348d0ecd4885541f 95b0e31b6ef441a5b16c4e3de3cd3309ef027f3bd7a1638634a5cbfb02d7c5b2 56e81f171bcc55a6ff8345e692c0f86e5b48e01b996cadc001622fb5e363b421 39 1780543499]
# of transactions: 0
# of TXmig1s: 0
# of In1s: 0
# of Anns: 0
# of NSs: 0
blockHash: 
b98324c3e8fa93f5366fc0a94b924b68388c86a28d745052c0b28d66d78f56b9
[Propose wait] S0 N0 spin=1 epoch=40 now=1780543499 InitTime=1780543419 lastpropose=1780543499 wallGap=80 need>=78 ok1=true lastGap=0 need>=2 ok2=false
[Propose wait] S0 N0 spin=50 epoch=40 now=1780543500 InitTime=1780543419 lastpropose=1780543499 wallGap=81 need>=78 ok1=true lastGap=1 need>=2 ok2=false
[Propose] S0 N0 时间条件满足: epoch=40->41 now=1780543501 InitTime=1780543419 lastpropose=1780543499 wallGap=82>=78 lastGap=2>=2 → propose1
[Propose] S0 N0 等待 sequenceLock…
[Propose] S0 N0 已持有 sequenceLock，seqID=40 即将 propose1
[propose1] S0 N0 seq=40 Tx_pool.Queue_len=1
left_count: 500
更新树花时间为: 0
写数据库IO花时间为: 17
编号为 40 的区块已加入本地区块链！curBlock: 
blockHeader: 
[b98324c3e8fa93f5366fc0a94b924b68388c86a28d745052c0b28d66d78f56b9 95b0e31b6ef441a5b16c4e3de3cd3309ef027f3bd7a1638634a5cbfb02d7c5b2 56e81f171bcc55a6ff8345e692c0f86e5b48e01b996cadc001622fb5e363b421 40 1780543501]
# of transactions: 0
# of TXmig1s: 0
# of In1s: 0
# of Anns: 0
# of NSs: 0
blockHash: 
b71691dd52a5efb8035ccfd6cc8b407ff09ec5ab08614a09481738a5fbcc3a4a
[Propose wait] S0 N0 spin=1 epoch=41 now=1780543501 InitTime=1780543419 lastpropose=1780543501 wallGap=82 need>=80 ok1=true lastGap=0 need>=2 ok2=false
[Propose wait] S0 N0 spin=50 epoch=41 now=1780543502 InitTime=1780543419 lastpropose=1780543501 wallGap=83 need>=80 ok1=true lastGap=1 need>=2 ok2=false
[Propose] S0 N0 时间条件满足: epoch=41->42 now=1780543503 InitTime=1780543419 lastpropose=1780543501 wallGap=84>=80 lastGap=2>=2 → propose1
[Propose] S0 N0 等待 sequenceLock…
[Propose] S0 N0 已持有 sequenceLock，seqID=41 即将 propose1
[propose1] S0 N0 seq=41 Tx_pool.Queue_len=1
left_count: 500
更新树花时间为: 0
写数据库IO花时间为: 19
编号为 41 的区块已加入本地区块链！curBlock: 
blockHeader: 
[b71691dd52a5efb8035ccfd6cc8b407ff09ec5ab08614a09481738a5fbcc3a4a 95b0e31b6ef441a5b16c4e3de3cd3309ef027f3bd7a1638634a5cbfb02d7c5b2 56e81f171bcc55a6ff8345e692c0f86e5b48e01b996cadc001622fb5e363b421 41 1780543503]
# of transactions: 0
# of TXmig1s: 0
# of In1s: 0
# of Anns: 0
# of NSs: 0
blockHash: 
d78e29dc5f05435c165a2adc9fa0c03f3646cc411d48bff9bf00402bee49aebf
[Propose wait] S0 N0 spin=1 epoch=42 now=1780543503 InitTime=1780543419 lastpropose=1780543503 wallGap=84 need>=82 ok1=true lastGap=0 need>=2 ok2=false
[Propose wait] S0 N0 spin=50 epoch=42 now=1780543504 InitTime=1780543419 lastpropose=1780543503 wallGap=85 need>=82 ok1=true lastGap=1 need>=2 ok2=false
[Propose] S0 N0 时间条件满足: epoch=42->43 now=1780543505 InitTime=1780543419 lastpropose=1780543503 wallGap=86>=82 lastGap=2>=2 → propose1
[Propose] S0 N0 等待 sequenceLock…
[Propose] S0 N0 已持有 sequenceLock，seqID=42 即将 propose1
[propose1] S0 N0 seq=42 Tx_pool.Queue_len=1
left_count: 500
更新树花时间为: 0
写数据库IO花时间为: 14
编号为 42 的区块已加入本地区块链！curBlock: 
blockHeader: 
[d78e29dc5f05435c165a2adc9fa0c03f3646cc411d48bff9bf00402bee49aebf 95b0e31b6ef441a5b16c4e3de3cd3309ef027f3bd7a1638634a5cbfb02d7c5b2 56e81f171bcc55a6ff8345e692c0f86e5b48e01b996cadc001622fb5e363b421 42 1780543505]
# of transactions: 0
# of TXmig1s: 0
# of In1s: 0
# of Anns: 0
# of NSs: 0
blockHash: 
40510252ed8231d273af9d3604af1acd28fa067dc62ef86c586691e51ebf7dff
[Propose wait] S0 N0 spin=1 epoch=43 now=1780543505 InitTime=1780543419 lastpropose=1780543505 wallGap=86 need>=84 ok1=true lastGap=0 need>=2 ok2=false
节点收到终止节点消息，停止运行
