MigrationStrategy=MVSS-Delta (Stop=false Lock=false NotLock=true)
&{77 N0 S1 2 0 selectedTxs_300K.csv 2 500 300 150 150 150 150 1000 10 1 400 20000 0 50000 20 true MVSS-Delta false false true false true false 3 false 8 false false false PageRank false 100 true false false 3 0 0 0 }
[SyncLog] init ok shard=S1 node=N0 file=./log/S1_sync.csv
交易将由外部客户端发送
节点 N0 已启动，所属分片: S1
[Propose wait-first-tx] S1 N0 seq=1 Queue_len=0，首块等待交易注入后再出块
节点开启监听，地址：127.0.0.1:8020
[Propose wait-first-tx] S1 N0 seq=1 Queue_len=0，首块等待交易注入后再出块
[Propose wait-first-tx] S1 N0 seq=1 Queue_len=0，首块等待交易注入后再出块
[Propose wait-first-tx] S1 N0 seq=1 Queue_len=0，首块等待交易注入后再出块
[Propose wait-first-tx] S1 N0 seq=1 Queue_len=0，首块等待交易注入后再出块
[Propose wait-first-tx] S1 N0 seq=1 Queue_len=0，首块等待交易注入后再出块
[Propose wait-first-tx] S1 N0 seq=1 Queue_len=0，首块等待交易注入后再出块
[Propose wait-first-tx] S1 N0 seq=1 Queue_len=0，首块等待交易注入后再出块
[Propose wait-first-tx] S1 N0 seq=1 Queue_len=0，首块等待交易注入后再出块
[Propose wait-first-tx] S1 N0 seq=1 Queue_len=0，首块等待交易注入后再出块
[Propose wait-first-tx] S1 N0 seq=1 Queue_len=0，首块等待交易注入后再出块
[Propose wait-first-tx] S1 N0 seq=1 Queue_len=0，首块等待交易注入后再出块
[Propose wait-first-tx] S1 N0 seq=1 Queue_len=0，首块等待交易注入后再出块
[Propose wait-first-tx] S1 N0 seq=1 Queue_len=0，首块等待交易注入后再出块
[Propose wait-first-tx] S1 N0 seq=1 Queue_len=0，首块等待交易注入后再出块
[Propose wait-first-tx] S1 N0 seq=1 Queue_len=0，首块等待交易注入后再出块
本节点已接收到客户端发送的初始时间：1780543419（锚定 InitTime=1780543419，已重置 epoch=1）
[Propose wait-first-tx] S1 N0 seq=1 Queue_len=0，首块等待交易注入后再出块
[Propose wait-first-tx] S1 N0 seq=1 Queue_len=0，首块等待交易注入后再出块
[Propose wait-first-tx] S1 N0 seq=1 Queue_len=0，首块等待交易注入后再出块
[handleTxFromClient] S1 N0 recv client batch, tx_count=269
[handleTxFromClient] S1 N0 append to Tx_pool.Queue: local_queued=269 forward_other_shard=0 Queue_total_len=269
[Propose wait-first-tx] S1 N0 首块已检测到交易，结束等待，Queue_len=269
[Propose] S1 N0 时间条件满足: epoch=1->2 now=1780543423 InitTime=1780543419 lastpropose=1780543419 wallGap=4>=0 lastGap=4>=2 → propose1
[Propose] S1 N0 等待 sequenceLock…
[Propose] S1 N0 已持有 sequenceLock，seqID=1 即将 propose1
[propose1] S1 N0 seq=1 Tx_pool.Queue_len=269
left_count: 500
更新树花时间为: 44
写数据库IO花时间为: 66
编号为 1 的区块已加入本地区块链！curBlock: 
blockHeader: 
[1add38160db0458a48072f3ade543ffb4af4e9cfdf8f76549b9568e046a6a3ff 654763dfb1c5f484d7ca7498750ad00ca0d5361c00984efe6f4189e9b6fe2934 b08452626f0ac1e1b8f2e1c3c7678049595a14731ddb1d4f678f5242b408d9dd 1 1780543423]
# of transactions: 269
# of TXmig1s: 0
# of In1s: 0
# of Anns: 0
# of NSs: 0
blockHash: 
5f6c61dbe304e1f7d2cc4b0619032c58fec17f28c31d8c13aa6d06a960df4660

第1个块开始准备relay

[Propose wait] S1 N0 spin=1 epoch=2 now=1780543423 InitTime=1780543419 lastpropose=1780543423 wallGap=4 need>=2 ok1=true lastGap=0 need>=2 ok2=false

第1个块结束relay

[Propose wait] S1 N0 spin=50 epoch=2 now=1780543424 InitTime=1780543419 lastpropose=1780543423 wallGap=5 need>=2 ok1=true lastGap=1 need>=2 ok2=false
[Propose] S1 N0 时间条件满足: epoch=2->3 now=1780543425 InitTime=1780543419 lastpropose=1780543423 wallGap=6>=2 lastGap=2>=2 → propose1
[Propose] S1 N0 等待 sequenceLock…
[Propose] S1 N0 已持有 sequenceLock，seqID=2 即将 propose1
[propose1] S1 N0 seq=2 Tx_pool.Queue_len=226
left_count: 500
[handleTxFromClient] S1 N0 recv client batch, tx_count=272
[handleTxFromClient] S1 N0 append to Tx_pool.Queue: local_queued=272 forward_other_shard=0 Queue_total_len=272
更新树花时间为: 31
写数据库IO花时间为: 36
编号为 2 的区块已加入本地区块链！curBlock: 
blockHeader: 
[5f6c61dbe304e1f7d2cc4b0619032c58fec17f28c31d8c13aa6d06a960df4660 6e4fb126cdc7141ba01e371e6495c59480eca1ab8fed997c81fe4127c728e2c5 35a78ac994daee26a4088b8cdba28f8d8bc25b0c5f6a1f119b825774aa7e66b0 2 1780543425]
# of transactions: 226
# of TXmig1s: 0
# of In1s: 0
# of Anns: 0
# of NSs: 0
blockHash: 
a7ae2dcf2aa1922821db123647562b1e483c4af8992189d6f9e131e09d54cdb3
[Propose wait] S1 N0 spin=1 epoch=3 now=1780543425 InitTime=1780543419 lastpropose=1780543425 wallGap=6 need>=4 ok1=true lastGap=0 need>=2 ok2=false
[Propose wait] S1 N0 spin=50 epoch=3 now=1780543426 InitTime=1780543419 lastpropose=1780543425 wallGap=7 need>=4 ok1=true lastGap=1 need>=2 ok2=false
[Propose] S1 N0 时间条件满足: epoch=3->4 now=1780543427 InitTime=1780543419 lastpropose=1780543425 wallGap=8>=4 lastGap=2>=2 → propose1
[Propose] S1 N0 等待 sequenceLock…
[Propose] S1 N0 已持有 sequenceLock，seqID=3 即将 propose1
[propose1] S1 N0 seq=3 Tx_pool.Queue_len=285
left_count: 500
[handleTxFromClient] S1 N0 recv client batch, tx_count=177
[handleTxFromClient] S1 N0 append to Tx_pool.Queue: local_queued=177 forward_other_shard=0 Queue_total_len=177
更新树花时间为: 29
写数据库IO花时间为: 60
编号为 3 的区块已加入本地区块链！curBlock: 
blockHeader: 
[a7ae2dcf2aa1922821db123647562b1e483c4af8992189d6f9e131e09d54cdb3 fe1b9861f17d836c8b992a48d6fbf02000eeb51e8cb27efd7308e88bf6f35961 afc287752a2da7062a7ae4957baa54cdf82156616fa2419f60965bd226cb6326 3 1780543427]
# of transactions: 285
# of TXmig1s: 0
# of In1s: 0
# of Anns: 0
# of NSs: 0
blockHash: 
3b3b74e47cff6ea6273f0d74643808323386c6b1dd60c80cb70325369316b443

第3个块开始准备relay

[Propose wait] S1 N0 spin=1 epoch=4 now=1780543427 InitTime=1780543419 lastpropose=1780543427 wallGap=8 need>=6 ok1=true lastGap=0 need>=2 ok2=false

第3个块结束relay

[Propose wait] S1 N0 spin=50 epoch=4 now=1780543428 InitTime=1780543419 lastpropose=1780543427 wallGap=9 need>=6 ok1=true lastGap=1 need>=2 ok2=false
[Propose] S1 N0 时间条件满足: epoch=4->5 now=1780543429 InitTime=1780543419 lastpropose=1780543427 wallGap=10>=6 lastGap=2>=2 → propose1
[Propose] S1 N0 等待 sequenceLock…
[Propose] S1 N0 已持有 sequenceLock，seqID=4 即将 propose1
[propose1] S1 N0 seq=4 Tx_pool.Queue_len=393
left_count: 500
[handleTxFromClient] S1 N0 recv client batch, tx_count=163
[handleTxFromClient] S1 N0 append to Tx_pool.Queue: local_queued=163 forward_other_shard=0 Queue_total_len=163
更新树花时间为: 67
写数据库IO花时间为: 73
编号为 4 的区块已加入本地区块链！curBlock: 
blockHeader: 
[3b3b74e47cff6ea6273f0d74643808323386c6b1dd60c80cb70325369316b443 21ab9566e5a08e42e06d160e2c4b5fb9564435d051cb5bdc574526da7939ea11 01823ecf6a5d79697d47ba75759c6bfd09451d10c43a9adf25e613b4467f1b5c 4 1780543429]
# of transactions: 393
# of TXmig1s: 0
# of In1s: 0
# of Anns: 0
# of NSs: 0
blockHash: 
34dcb7ba4ecd550077bacf40e5f811ae1e2f34eb99a59f3fcbe4ac978a8e7dbf

第4个块开始准备relay

[Propose wait] S1 N0 spin=1 epoch=5 now=1780543429 InitTime=1780543419 lastpropose=1780543429 wallGap=10 need>=8 ok1=true lastGap=0 need>=2 ok2=false

第4个块结束relay

[Propose wait] S1 N0 spin=50 epoch=5 now=1780543430 InitTime=1780543419 lastpropose=1780543429 wallGap=11 need>=8 ok1=true lastGap=1 need>=2 ok2=false
[Propose] S1 N0 时间条件满足: epoch=5->6 now=1780543431 InitTime=1780543419 lastpropose=1780543429 wallGap=12>=8 lastGap=2>=2 → propose1
[Propose] S1 N0 等待 sequenceLock…
[Propose] S1 N0 已持有 sequenceLock，seqID=5 即将 propose1
[propose1] S1 N0 seq=5 Tx_pool.Queue_len=396
left_count: 500
[handleTxFromClient] S1 N0 recv client batch, tx_count=159
[handleTxFromClient] S1 N0 append to Tx_pool.Queue: local_queued=159 forward_other_shard=0 Queue_total_len=159
更新树花时间为: 45
写数据库IO花时间为: 73
编号为 5 的区块已加入本地区块链！curBlock: 
blockHeader: 
[34dcb7ba4ecd550077bacf40e5f811ae1e2f34eb99a59f3fcbe4ac978a8e7dbf 6c77d2f35508850ac7a5e577bdd3fbf8199f28348eb47161f514d3e985ff44f4 a67166b772b42e5f22d8ddab0db8a1197e135e51df55fe01b54752400dd90b06 5 1780543431]
# of transactions: 396
# of TXmig1s: 0
# of In1s: 0
# of Anns: 0
# of NSs: 0
blockHash: 
d3e26c4d2bbb5360b1c450f9f8d808ed35c34c8feb0d41fce00628cb998751e2

第5个块开始准备relay

[Propose wait] S1 N0 spin=1 epoch=6 now=1780543431 InitTime=1780543419 lastpropose=1780543431 wallGap=12 need>=10 ok1=true lastGap=0 need>=2 ok2=false

第5个块结束relay

[Propose wait] S1 N0 spin=50 epoch=6 now=1780543432 InitTime=1780543419 lastpropose=1780543431 wallGap=13 need>=10 ok1=true lastGap=1 need>=2 ok2=false
[Propose] S1 N0 时间条件满足: epoch=6->7 now=1780543433 InitTime=1780543419 lastpropose=1780543431 wallGap=14>=10 lastGap=2>=2 → propose1
[Propose] S1 N0 等待 sequenceLock…
[Propose] S1 N0 已持有 sequenceLock，seqID=6 即将 propose1
[propose1] S1 N0 seq=6 Tx_pool.Queue_len=310
left_count: 500
更新树花时间为: 37
写数据库IO花时间为: 63
编号为 6 的区块已加入本地区块链！curBlock: 
blockHeader: 
[d3e26c4d2bbb5360b1c450f9f8d808ed35c34c8feb0d41fce00628cb998751e2 fa3a3ad7000a0de03e640fb1ae36bffa9785bf9939e612d391e5e0479290200e 7f646712aad198c95e19d50c9224e39c17530a9f890383ea1ef51cae485c8514 6 1780543433]
# of transactions: 310
# of TXmig1s: 0
# of In1s: 0
# of Anns: 0
# of NSs: 0
blockHash: 
f869192dc6060da1a29d382406a0dca6e0d7b13d1314dd2ad5f23ef5fe28ecd8

第6个块开始准备relay

[Propose wait] S1 N0 spin=1 epoch=7 now=1780543433 InitTime=1780543419 lastpropose=1780543433 wallGap=14 need>=12 ok1=true lastGap=0 need>=2 ok2=false
[handleTxFromClient] S1 N0 recv client batch, tx_count=391
[handleTxFromClient] S1 N0 append to Tx_pool.Queue: local_queued=391 forward_other_shard=0 Queue_total_len=391

第6个块结束relay

[Propose wait] S1 N0 spin=50 epoch=7 now=1780543434 InitTime=1780543419 lastpropose=1780543433 wallGap=15 need>=12 ok1=true lastGap=1 need>=2 ok2=false
[Propose] S1 N0 时间条件满足: epoch=7->8 now=1780543435 InitTime=1780543419 lastpropose=1780543433 wallGap=16>=12 lastGap=2>=2 → propose1
[Propose] S1 N0 等待 sequenceLock…
[Propose] S1 N0 已持有 sequenceLock，seqID=7 即将 propose1
[propose1] S1 N0 seq=7 Tx_pool.Queue_len=630
left_count: 500
更新树花时间为: 51
写数据库IO花时间为: 56
编号为 7 的区块已加入本地区块链！curBlock: 
blockHeader: 
[f869192dc6060da1a29d382406a0dca6e0d7b13d1314dd2ad5f23ef5fe28ecd8 b0e36f2d8202930199249d2c51b22fd1b11b7eb102c090df8c3c68e6675d8a4a 5b839abb88ec91dd92543c97d55da35c5a3e4b831490848ccf62e7a238064cf7 7 1780543435]
# of transactions: 500
# of TXmig1s: 0
# of In1s: 0
# of Anns: 0
# of NSs: 0
blockHash: 
e65d1e951b8a154fa693976ade74b3091edf2f0892de519e4051644763b2e467

第7个块开始准备relay

[Propose wait] S1 N0 spin=1 epoch=8 now=1780543435 InitTime=1780543419 lastpropose=1780543435 wallGap=16 need>=14 ok1=true lastGap=0 need>=2 ok2=false
[handleTxFromClient] S1 N0 recv client batch, tx_count=745
[handleTxFromClient] S1 N0 append to Tx_pool.Queue: local_queued=745 forward_other_shard=0 Queue_total_len=875

第7个块结束relay

[Propose wait] S1 N0 spin=50 epoch=8 now=1780543436 InitTime=1780543419 lastpropose=1780543435 wallGap=17 need>=14 ok1=true lastGap=1 need>=2 ok2=false
[Propose] S1 N0 时间条件满足: epoch=8->9 now=1780543437 InitTime=1780543419 lastpropose=1780543435 wallGap=18>=14 lastGap=2>=2 → propose1
[Propose] S1 N0 等待 sequenceLock…
[Propose] S1 N0 已持有 sequenceLock，seqID=8 即将 propose1
[propose1] S1 N0 seq=8 Tx_pool.Queue_len=1101
left_count: 500
更新树花时间为: 28
写数据库IO花时间为: 62
编号为 8 的区块已加入本地区块链！curBlock: 
blockHeader: 
[e65d1e951b8a154fa693976ade74b3091edf2f0892de519e4051644763b2e467 0a3e63cb29706d9c6f8e8510f439362cd998bed7f026dc9f937c38a5e343fb5c 3baed8c7c935481675f8d3112ca742a6b4e2fc866c0709deeeab11fe43c990bc 8 1780543437]
# of transactions: 500
# of TXmig1s: 0
# of In1s: 0
# of Anns: 0
# of NSs: 0
blockHash: 
ec823573863a63e8cc3bcfe7243cb28b01675839ade4c1fa66fb2d2181567081

第8个块开始准备relay

[Propose wait] S1 N0 spin=1 epoch=9 now=1780543437 InitTime=1780543419 lastpropose=1780543437 wallGap=18 need>=16 ok1=true lastGap=0 need>=2 ok2=false
[handleTxFromClient] S1 N0 recv client batch, tx_count=522
[handleTxFromClient] S1 N0 append to Tx_pool.Queue: local_queued=522 forward_other_shard=0 Queue_total_len=1123

第8个块结束relay

[Propose wait] S1 N0 spin=50 epoch=9 now=1780543438 InitTime=1780543419 lastpropose=1780543437 wallGap=19 need>=16 ok1=true lastGap=1 need>=2 ok2=false
[Propose] S1 N0 时间条件满足: epoch=9->10 now=1780543439 InitTime=1780543419 lastpropose=1780543437 wallGap=20>=16 lastGap=2>=2 → propose1
[Propose] S1 N0 等待 sequenceLock…
[Propose] S1 N0 已持有 sequenceLock，seqID=9 即将 propose1
[propose1] S1 N0 seq=9 Tx_pool.Queue_len=1337
left_count: 500
更新树花时间为: 29
写数据库IO花时间为: 39
编号为 9 的区块已加入本地区块链！curBlock: 
blockHeader: 
[ec823573863a63e8cc3bcfe7243cb28b01675839ade4c1fa66fb2d2181567081 144507fde399ed13a1d2a2579a08e4b41fe0cfe7cff92c5f9cca3c3c9624c016 9eeb693e22c852bf09e9a78141fad3a4218fe97449f75ff2af0a22327a12c7c2 9 1780543439]
# of transactions: 500
# of TXmig1s: 0
# of In1s: 0
# of Anns: 0
# of NSs: 0
blockHash: 
7480ef29c2dfe038e0c54d1535811c588ec050893ca8662c554cbed0de037bcf

第9个块开始准备relay

[Propose wait] S1 N0 spin=1 epoch=10 now=1780543439 InitTime=1780543419 lastpropose=1780543439 wallGap=20 need>=18 ok1=true lastGap=0 need>=2 ok2=false
[handleTxFromClient] S1 N0 recv client batch, tx_count=393
[handleTxFromClient] S1 N0 append to Tx_pool.Queue: local_queued=393 forward_other_shard=0 Queue_total_len=1230

第9个块结束relay

[Propose wait] S1 N0 spin=50 epoch=10 now=1780543440 InitTime=1780543419 lastpropose=1780543439 wallGap=21 need>=18 ok1=true lastGap=1 need>=2 ok2=false
[Propose] S1 N0 时间条件满足: epoch=10->11 now=1780543441 InitTime=1780543419 lastpropose=1780543439 wallGap=22>=18 lastGap=2>=2 → propose1
[Propose] S1 N0 等待 sequenceLock…
[Propose] S1 N0 已持有 sequenceLock，seqID=10 即将 propose1
[propose1] S1 N0 seq=10 Tx_pool.Queue_len=1335
left_count: 500
更新树花时间为: 25
写数据库IO花时间为: 52
编号为 10 的区块已加入本地区块链！curBlock: 
blockHeader: 
[7480ef29c2dfe038e0c54d1535811c588ec050893ca8662c554cbed0de037bcf a1c9cc771fb625789af11e2edb777dfab81b918939f889f76a34af742983e90a 351f0dcca150ed947cf9aacebf26bc86c8ba209556b4a31b10a161f2b9ccbdc3 10 1780543441]
# of transactions: 500
# of TXmig1s: 0
# of In1s: 0
# of Anns: 0
# of NSs: 0
blockHash: 
5aded95cb1787833de5616da7ebe5e3474ecbc79eab04891bf809a993930b59c

第10个块开始准备relay

[Propose wait] S1 N0 spin=1 epoch=11 now=1780543441 InitTime=1780543419 lastpropose=1780543441 wallGap=22 need>=20 ok1=true lastGap=0 need>=2 ok2=false
[handleTxFromClient] S1 N0 recv client batch, tx_count=523
[handleTxFromClient] S1 N0 append to Tx_pool.Queue: local_queued=523 forward_other_shard=0 Queue_total_len=1358

第10个块结束relay

[Propose wait] S1 N0 spin=50 epoch=11 now=1780543442 InitTime=1780543419 lastpropose=1780543441 wallGap=23 need>=20 ok1=true lastGap=1 need>=2 ok2=false
[Propose] S1 N0 时间条件满足: epoch=11->12 now=1780543443 InitTime=1780543419 lastpropose=1780543441 wallGap=24>=20 lastGap=2>=2 → propose1
[Propose] S1 N0 等待 sequenceLock…
[Propose] S1 N0 已持有 sequenceLock，seqID=11 即将 propose1
[propose1] S1 N0 seq=11 Tx_pool.Queue_len=1524
left_count: 500
更新树花时间为: 52
写数据库IO花时间为: 62
编号为 11 的区块已加入本地区块链！curBlock: 
blockHeader: 
[5aded95cb1787833de5616da7ebe5e3474ecbc79eab04891bf809a993930b59c 28a98bdca136ff1ffea7b750579766c56752aa925c65de385d0bb03ec6f6f6a2 60a1abdcfb197803f1af9bc325649dc16deb44d08c5ba2af5f4b30e22d949446 11 1780543443]
# of transactions: 500
# of TXmig1s: 0
# of In1s: 0
# of Anns: 0
# of NSs: 0
blockHash: 
f3369e52a78cd54fe42771eb063300be4f108d935fa2b873adbba31b3286b36a

第11个块开始准备relay

[Propose wait] S1 N0 spin=1 epoch=12 now=1780543443 InitTime=1780543419 lastpropose=1780543443 wallGap=24 need>=22 ok1=true lastGap=0 need>=2 ok2=false
[handleTxFromClient] S1 N0 recv client batch, tx_count=249
[handleTxFromClient] S1 N0 append to Tx_pool.Queue: local_queued=249 forward_other_shard=0 Queue_total_len=1273

第11个块结束relay

[Propose wait] S1 N0 spin=50 epoch=12 now=1780543444 InitTime=1780543419 lastpropose=1780543443 wallGap=25 need>=22 ok1=true lastGap=1 need>=2 ok2=false
[Propose] S1 N0 时间条件满足: epoch=12->13 now=1780543445 InitTime=1780543419 lastpropose=1780543443 wallGap=26>=22 lastGap=2>=2 → propose1
[Propose] S1 N0 等待 sequenceLock…
[Propose] S1 N0 已持有 sequenceLock，seqID=12 即将 propose1
[propose1] S1 N0 seq=12 Tx_pool.Queue_len=1450
left_count: 500
更新树花时间为: 25
写数据库IO花时间为: 53
编号为 12 的区块已加入本地区块链！curBlock: 
blockHeader: 
[f3369e52a78cd54fe42771eb063300be4f108d935fa2b873adbba31b3286b36a 21272254d0083b8f68b90cc2ca727ed4479ffbbc98fbbb12c80ad2f352394b78 11d420723400b80dabd2ab925294098950f869ee88741c809719e6573ba7e617 12 1780543445]
# of transactions: 500
# of TXmig1s: 0
# of In1s: 0
# of Anns: 0
# of NSs: 0
blockHash: 
9b35ebb76b33d138d78bcf0934585fc86f1c3baf728826728281009bd31637da

第12个块开始准备relay

[Propose wait] S1 N0 spin=1 epoch=13 now=1780543445 InitTime=1780543419 lastpropose=1780543445 wallGap=26 need>=24 ok1=true lastGap=0 need>=2 ok2=false
[handleTxFromClient] S1 N0 recv client batch, tx_count=167
[handleTxFromClient] S1 N0 append to Tx_pool.Queue: local_queued=167 forward_other_shard=0 Queue_total_len=1117

第12个块结束relay

[Propose wait] S1 N0 spin=50 epoch=13 now=1780543446 InitTime=1780543419 lastpropose=1780543445 wallGap=27 need>=24 ok1=true lastGap=1 need>=2 ok2=false
[Propose] S1 N0 时间条件满足: epoch=13->14 now=1780543447 InitTime=1780543419 lastpropose=1780543445 wallGap=28>=24 lastGap=2>=2 → propose1
[Propose] S1 N0 等待 sequenceLock…
[Propose] S1 N0 已持有 sequenceLock，seqID=13 即将 propose1
[propose1] S1 N0 seq=13 Tx_pool.Queue_len=1257
left_count: 500
更新树花时间为: 26
写数据库IO花时间为: 33
编号为 13 的区块已加入本地区块链！curBlock: 
blockHeader: 
[9b35ebb76b33d138d78bcf0934585fc86f1c3baf728826728281009bd31637da efdc6070cc2cda19c4f1a40e86e04bea7f7d7ad86ad594038938b65bdec97c07 22d4b201cf2892e385efded22c0ec6719bdd914afc52dc248972e86859fec6ec 13 1780543447]
# of transactions: 500
# of TXmig1s: 0
# of In1s: 0
# of Anns: 0
# of NSs: 0
blockHash: 
47df59224458d9c47c5131a1cce5041a7f28b8a8245f5beb929f87ed97315ec8

第13个块开始准备relay

[Propose wait] S1 N0 spin=1 epoch=14 now=1780543447 InitTime=1780543419 lastpropose=1780543447 wallGap=28 need>=26 ok1=true lastGap=0 need>=2 ok2=false
[handleTxFromClient] S1 N0 recv client batch, tx_count=311
[handleTxFromClient] S1 N0 append to Tx_pool.Queue: local_queued=311 forward_other_shard=0 Queue_total_len=1068

第13个块结束relay

[Propose wait] S1 N0 spin=50 epoch=14 now=1780543448 InitTime=1780543419 lastpropose=1780543447 wallGap=29 need>=26 ok1=true lastGap=1 need>=2 ok2=false
[Propose] S1 N0 时间条件满足: epoch=14->15 now=1780543449 InitTime=1780543419 lastpropose=1780543447 wallGap=30>=26 lastGap=2>=2 → propose1
[Propose] S1 N0 等待 sequenceLock…
[Propose] S1 N0 已持有 sequenceLock，seqID=14 即将 propose1
[propose1] S1 N0 seq=14 Tx_pool.Queue_len=1275
left_count: 500
更新树花时间为: 60
写数据库IO花时间为: 68
编号为 14 的区块已加入本地区块链！curBlock: 
blockHeader: 
[47df59224458d9c47c5131a1cce5041a7f28b8a8245f5beb929f87ed97315ec8 1626bb0345478257d38a053790c8f2ee1dad3ad25642ab858e9fcee9f0335286 d3b7c2653cc9277880a38953a5a9a30e8e2558d258cfbf81e4026629cfe46808 14 1780543449]
# of transactions: 500
# of TXmig1s: 0
# of In1s: 0
# of Anns: 0
# of NSs: 0
blockHash: 
cf37a31d2ae65f08abc9c6031030cb399479db1980b68701c5c865ffd5517f08

第14个块开始准备relay

[Propose wait] S1 N0 spin=1 epoch=15 now=1780543449 InitTime=1780543419 lastpropose=1780543449 wallGap=30 need>=28 ok1=true lastGap=0 need>=2 ok2=false
[handleTxFromClient] S1 N0 recv client batch, tx_count=304
[handleTxFromClient] S1 N0 append to Tx_pool.Queue: local_queued=304 forward_other_shard=0 Queue_total_len=1079

第14个块结束relay

[Propose wait] S1 N0 spin=50 epoch=15 now=1780543450 InitTime=1780543419 lastpropose=1780543449 wallGap=31 need>=28 ok1=true lastGap=1 need>=2 ok2=false
[Propose] S1 N0 时间条件满足: epoch=15->16 now=1780543451 InitTime=1780543419 lastpropose=1780543449 wallGap=32>=28 lastGap=2>=2 → propose1
[Propose] S1 N0 等待 sequenceLock…
[Propose] S1 N0 已持有 sequenceLock，seqID=15 即将 propose1
[propose1] S1 N0 seq=15 Tx_pool.Queue_len=1281
left_count: 500
更新树花时间为: 60
写数据库IO花时间为: 68
编号为 15 的区块已加入本地区块链！curBlock: 
blockHeader: 
[cf37a31d2ae65f08abc9c6031030cb399479db1980b68701c5c865ffd5517f08 d24367c7445cd9e9134fac50089d09862c169be487e7f5d1dc7bfb4921834986 231e62c09671755e9a778cf93c7cf79c2b7ba02184955c9f0ef64f5b1b5adcc4 15 1780543451]
# of transactions: 500
# of TXmig1s: 0
# of In1s: 0
# of Anns: 0
# of NSs: 0
blockHash: 
78b165c1f1878d86e48357724ff6456b0f01e5e3f5d08a59e5ec3654b304e5fa

第15个块开始准备relay

[Propose wait] S1 N0 spin=1 epoch=16 now=1780543451 InitTime=1780543419 lastpropose=1780543451 wallGap=32 need>=30 ok1=true lastGap=0 need>=2 ok2=false
[handleTxFromClient] S1 N0 recv client batch, tx_count=332
[handleTxFromClient] S1 N0 append to Tx_pool.Queue: local_queued=332 forward_other_shard=0 Queue_total_len=1113

第15个块结束relay

[Propose wait] S1 N0 spin=50 epoch=16 now=1780543452 InitTime=1780543419 lastpropose=1780543451 wallGap=33 need>=30 ok1=true lastGap=1 need>=2 ok2=false
[Propose] S1 N0 时间条件满足: epoch=16->17 now=1780543453 InitTime=1780543419 lastpropose=1780543451 wallGap=34>=30 lastGap=2>=2 → propose1
[Propose] S1 N0 等待 sequenceLock…
[Propose] S1 N0 已持有 sequenceLock，seqID=16 即将 propose1
[propose1] S1 N0 seq=16 Tx_pool.Queue_len=1285
left_count: 500
更新树花时间为: 55
写数据库IO花时间为: 65
编号为 16 的区块已加入本地区块链！curBlock: 
blockHeader: 
[78b165c1f1878d86e48357724ff6456b0f01e5e3f5d08a59e5ec3654b304e5fa 4a1a59e2d717337a12c0ac41e59566eafe1e237556902ab926f65cc0021dff91 3e83b5ca6d274247ad02c46c3a75c87cc0b176e9c883fb45b5795aea4d4a4888 16 1780543453]
# of transactions: 500
# of TXmig1s: 0
# of In1s: 0
# of Anns: 0
# of NSs: 0
blockHash: 
321faa1c9b33a6d81f96f07f2521454d0a273f1c5aea87481b8f0baff866ef2f

第16个块开始准备relay

[Propose wait] S1 N0 spin=1 epoch=17 now=1780543453 InitTime=1780543419 lastpropose=1780543453 wallGap=34 need>=32 ok1=true lastGap=0 need>=2 ok2=false
[handleTxFromClient] S1 N0 recv client batch, tx_count=311
[handleTxFromClient] S1 N0 append to Tx_pool.Queue: local_queued=311 forward_other_shard=0 Queue_total_len=1096

第16个块结束relay

[Propose wait] S1 N0 spin=50 epoch=17 now=1780543454 InitTime=1780543419 lastpropose=1780543453 wallGap=35 need>=32 ok1=true lastGap=1 need>=2 ok2=false
[Propose] S1 N0 时间条件满足: epoch=17->18 now=1780543455 InitTime=1780543419 lastpropose=1780543453 wallGap=36>=32 lastGap=2>=2 → propose1
[Propose] S1 N0 等待 sequenceLock…
[Propose] S1 N0 已持有 sequenceLock，seqID=17 即将 propose1
[propose1] S1 N0 seq=17 Tx_pool.Queue_len=1337
left_count: 500
更新树花时间为: 41
写数据库IO花时间为: 74
编号为 17 的区块已加入本地区块链！curBlock: 
blockHeader: 
[321faa1c9b33a6d81f96f07f2521454d0a273f1c5aea87481b8f0baff866ef2f 0a75072d01ad0200e5d884790f77eb2b85435cd422329f59b50a8ee614ff5b14 f34aca115e7f0d1a342c6d7479b305f297513eb47766856352104edb0d38150a 17 1780543455]
# of transactions: 500
# of TXmig1s: 0
# of In1s: 0
# of Anns: 0
# of NSs: 0
blockHash: 
5dce49dc7614e74b36165cff1d51109d0af5fd3d82f83b6d1b34d58c7f1e07b0

第17个块开始准备relay

[Propose wait] S1 N0 spin=1 epoch=18 now=1780543455 InitTime=1780543419 lastpropose=1780543455 wallGap=36 need>=34 ok1=true lastGap=0 need>=2 ok2=false
[handleTxFromClient] S1 N0 recv client batch, tx_count=634
[handleTxFromClient] S1 N0 append to Tx_pool.Queue: local_queued=634 forward_other_shard=0 Queue_total_len=1471

第17个块结束relay

[Propose wait] S1 N0 spin=50 epoch=18 now=1780543456 InitTime=1780543419 lastpropose=1780543455 wallGap=37 need>=34 ok1=true lastGap=1 need>=2 ok2=false
[Propose] S1 N0 时间条件满足: epoch=18->19 now=1780543457 InitTime=1780543419 lastpropose=1780543455 wallGap=38>=34 lastGap=2>=2 → propose1
[Propose] S1 N0 等待 sequenceLock…
[Propose] S1 N0 已持有 sequenceLock，seqID=18 即将 propose1
[propose1] S1 N0 seq=18 Tx_pool.Queue_len=1627
left_count: 500
更新树花时间为: 45
写数据库IO花时间为: 70
编号为 18 的区块已加入本地区块链！curBlock: 
blockHeader: 
[5dce49dc7614e74b36165cff1d51109d0af5fd3d82f83b6d1b34d58c7f1e07b0 da7d81b5f16cb006b666e0a8a5d7a51c50f483e732a58554f756579956ca392f aeb502fc1aa32a03a9e9e3826abe62088e20d755e9a4eeb226d934a1da2df6d3 18 1780543457]
# of transactions: 500
# of TXmig1s: 0
# of In1s: 0
# of Anns: 0
# of NSs: 0
blockHash: 
ba89250322c0bcea9680f88486d16381425094e4793fb1f7436fa33a02fcd2ff

第18个块开始准备relay

[Propose wait] S1 N0 spin=1 epoch=19 now=1780543457 InitTime=1780543419 lastpropose=1780543457 wallGap=38 need>=36 ok1=true lastGap=0 need>=2 ok2=false
[handleTxFromClient] S1 N0 recv client batch, tx_count=633
[handleTxFromClient] S1 N0 append to Tx_pool.Queue: local_queued=633 forward_other_shard=0 Queue_total_len=1760

第18个块结束relay

[Propose wait] S1 N0 spin=50 epoch=19 now=1780543458 InitTime=1780543419 lastpropose=1780543457 wallGap=39 need>=36 ok1=true lastGap=1 need>=2 ok2=false
[Propose] S1 N0 时间条件满足: epoch=19->20 now=1780543459 InitTime=1780543419 lastpropose=1780543457 wallGap=40>=36 lastGap=2>=2 → propose1
[Propose] S1 N0 等待 sequenceLock…
[Propose] S1 N0 已持有 sequenceLock，seqID=19 即将 propose1
[propose1] S1 N0 seq=19 Tx_pool.Queue_len=1935
left_count: 500
更新树花时间为: 40
写数据库IO花时间为: 66
编号为 19 的区块已加入本地区块链！curBlock: 
blockHeader: 
[ba89250322c0bcea9680f88486d16381425094e4793fb1f7436fa33a02fcd2ff 2301f1be1cc8aa71cbe86cff5c694620e4abc253c2b14b4c292ac9613202c1c8 e0a55dee4c8164e015fee757776e311507e1816d20c25474ec7721980df653b7 19 1780543459]
# of transactions: 500
# of TXmig1s: 0
# of In1s: 0
# of Anns: 0
# of NSs: 0
blockHash: 
8fb2b796f7524c57c80d10b3a7675772dbddb9a53e8fc416086c4fb58ccb4daa

第19个块开始准备relay

[Propose wait] S1 N0 spin=1 epoch=20 now=1780543459 InitTime=1780543419 lastpropose=1780543459 wallGap=40 need>=38 ok1=true lastGap=0 need>=2 ok2=false
[handleTxFromClient] S1 N0 recv client batch, tx_count=245
[handleTxFromClient] S1 N0 append to Tx_pool.Queue: local_queued=245 forward_other_shard=0 Queue_total_len=1680

第19个块结束relay

[Propose wait] S1 N0 spin=50 epoch=20 now=1780543460 InitTime=1780543419 lastpropose=1780543459 wallGap=41 need>=38 ok1=true lastGap=1 need>=2 ok2=false
[Propose] S1 N0 时间条件满足: epoch=20->21 now=1780543461 InitTime=1780543419 lastpropose=1780543459 wallGap=42>=38 lastGap=2>=2 → propose1
[Propose] S1 N0 等待 sequenceLock…
[Propose] S1 N0 已持有 sequenceLock，seqID=20 即将 propose1
[propose1] S1 N0 seq=20 Tx_pool.Queue_len=1843
left_count: 500
更新树花时间为: 17
写数据库IO花时间为: 48
编号为 20 的区块已加入本地区块链！curBlock: 
blockHeader: 
[8fb2b796f7524c57c80d10b3a7675772dbddb9a53e8fc416086c4fb58ccb4daa 1e76eebc84236785af22242b9f2239a1567bf3cbe49ca29e1ffe0925af3847b8 91694c073053cc2b475202e9bf8e9dffbbefc3732ee6959d30921618e4cc4c9e 20 1780543461]
# of transactions: 500
# of TXmig1s: 0
# of In1s: 0
# of Anns: 0
# of NSs: 0
blockHash: 
908678ca09f9d6f41d8d5c3c1ebd17814d52c48e8ed956f67671e4d081c47fda

第20个块开始准备relay

[Propose wait] S1 N0 spin=1 epoch=21 now=1780543461 InitTime=1780543419 lastpropose=1780543461 wallGap=42 need>=40 ok1=true lastGap=0 need>=2 ok2=false
[handleTxFromClient] S1 N0 recv client batch, tx_count=753
[handleTxFromClient] S1 N0 append to Tx_pool.Queue: local_queued=753 forward_other_shard=0 Queue_total_len=2096

第20个块结束relay

[Propose wait] S1 N0 spin=50 epoch=21 now=1780543462 InitTime=1780543419 lastpropose=1780543461 wallGap=43 need>=40 ok1=true lastGap=1 need>=2 ok2=false
[Propose] S1 N0 时间条件满足: epoch=21->22 now=1780543463 InitTime=1780543419 lastpropose=1780543461 wallGap=44>=40 lastGap=2>=2 → propose1
[Propose] S1 N0 等待 sequenceLock…
[Propose] S1 N0 已持有 sequenceLock，seqID=21 即将 propose1
[propose1] S1 N0 seq=21 Tx_pool.Queue_len=2356
left_count: 500
更新树花时间为: 26
写数据库IO花时间为: 60
编号为 21 的区块已加入本地区块链！curBlock: 
blockHeader: 
[908678ca09f9d6f41d8d5c3c1ebd17814d52c48e8ed956f67671e4d081c47fda 80d2a03212182dd24ca197608be457596039ee266d4bb2bb1c538a6cf302b394 b69694d1bb6d2772dee190ec8efc374f64059f5bdb3654f61268ed3135a1b016 21 1780543463]
# of transactions: 500
# of TXmig1s: 0
# of In1s: 0
# of Anns: 0
# of NSs: 0
blockHash: 
e06b6ac2a2817d590a70557d9c2eec1d9400d34819a5341bd56e69b1276e32c7

第21个块开始准备relay

[Propose wait] S1 N0 spin=1 epoch=22 now=1780543463 InitTime=1780543419 lastpropose=1780543463 wallGap=44 need>=42 ok1=true lastGap=0 need>=2 ok2=false
本节点已接收到client发来准备迁移通知
本节点已将 pending 发送到 client（1856 笔）
[handleTxFromClient] S1 N0 recv client batch, tx_count=775
[handleTxFromClient] S1 N0 append to Tx_pool.Queue: local_queued=775 forward_other_shard=0 Queue_total_len=2631

第21个块结束relay

本节点已接收到客户端发送的新映射
[Propose wait] S1 N0 spin=50 epoch=22 now=1780543464 InitTime=1780543419 lastpropose=1780543463 wallGap=45 need>=42 ok1=true lastGap=1 need>=2 ok2=false
[Propose] S1 N0 时间条件满足: epoch=22->23 now=1780543465 InitTime=1780543419 lastpropose=1780543463 wallGap=46>=42 lastGap=2>=2 → propose1
[Propose] S1 N0 等待 sequenceLock…
[Propose] S1 N0 已持有 sequenceLock，seqID=22 即将 propose1
[propose1] S1 N0 seq=22 Tx_pool.Queue_len=2757
left_count: 200
更新树花时间为: 39
写数据库IO花时间为: 71
编号为 22 的区块已加入本地区块链！curBlock: 
blockHeader: 
[e06b6ac2a2817d590a70557d9c2eec1d9400d34819a5341bd56e69b1276e32c7 0d1b7917fd5f5cddc6a1594c0ca437283c33944ba3c4be577cfd03ef8aaef7ae 3fab60281ea742dc461a94bc39f4276d09fa35ec3143a0ab5651f01763c753d7 22 1780543465]
# of transactions: 200
# of TXmig1s: 300
# of In1s: 0
# of Anns: 0
# of NSs: 0
blockHash: 
07b70b23c76535642862a6896e1edbcc032ce1e35a7a6e60e48d6d1c7d6eb69b

第22个块开始准备relay

[Propose wait] S1 N0 spin=1 epoch=23 now=1780543465 InitTime=1780543419 lastpropose=1780543465 wallGap=46 need>=44 ok1=true lastGap=0 need>=2 ok2=false
[SyncLog] write ok shard=S1 node=N0 event=recv mode=delta count=1
[MVSS-Delta] S1 收到分片 S0 的 TXsyncDelta，条数=1
[MVSS-Delta] S1 已获取 sequenceLock，开始处理 delta
[MVSS-Delta] 目标片 S1 暂存 delta 账户 9e9ff119553d7ad5d40d1cd4c39aba4901955470 [1,2)（MigCtx 未就绪）
[MVSS-Delta] S1 暂存 delta 账户 9e9ff119553d7ad5d40d1cd4c39aba4901955470（尚无 MigCtx）
[SyncLog] write ok shard=S1 node=N0 event=recv mode=delta count=2
[MVSS-Delta] S1 收到分片 S0 的 TXsyncDelta，条数=1
[MVSS-Delta] S1 已获取 sequenceLock，开始处理 delta
[MVSS-Delta] 目标片 S1 暂存 delta 账户 96904d8c1f1c88dfb6cfba916396bf4beabcf454 [0,1)（MigCtx 未就绪）
[MVSS-Delta] S1 暂存 delta 账户 96904d8c1f1c88dfb6cfba916396bf4beabcf454（尚无 MigCtx）
[SyncLog] write ok shard=S1 node=N0 event=recv mode=delta count=3
[MVSS-Delta] S1 收到分片 S0 的 TXsyncDelta，条数=1
[MVSS-Delta] S1 已获取 sequenceLock，开始处理 delta
[MVSS-Delta] 目标片 S1 暂存 delta 账户 f341cafc9ba3d91ef98c9ef811170c1c5f1ef28e [0,1)（MigCtx 未就绪）
[MVSS-Delta] S1 暂存 delta 账户 f341cafc9ba3d91ef98c9ef811170c1c5f1ef28e（尚无 MigCtx）

第22个块结束relay

[handleTxFromClient] S1 N0 recv client batch, tx_count=770
[handleTxFromClient] S1 N0 recv client batch, tx_count=1
[handleTxFromClient] S1 N0 append to Tx_pool.Queue: local_queued=0 forward_other_shard=0 Queue_total_len=2596
[handleTxFromClient] S1 N0 recv client batch, tx_count=1
[handleTxFromClient] S1 N0 append to Tx_pool.Queue: local_queued=0 forward_other_shard=0 Queue_total_len=2596
[handleTxFromClient] S1 N0 recv client batch, tx_count=1
[handleTxFromClient] S1 N0 append to Tx_pool.Queue: local_queued=769 forward_other_shard=0 Queue_total_len=3365
[handleTxFromClient] S1 N0 append to Tx_pool.Queue: local_queued=0 forward_other_shard=0 Queue_total_len=3365
[handleTxFromClient] S1 N0 recv client batch, tx_count=1
[handleTxFromClient] S1 N0 append to Tx_pool.Queue: local_queued=0 forward_other_shard=0 Queue_total_len=3365
[handleTxFromClient] S1 N0 recv client batch, tx_count=1
[handleTxFromClient] S1 N0 append to Tx_pool.Queue: local_queued=0 forward_other_shard=0 Queue_total_len=3365
[handleTxFromClient] S1 N0 recv client batch, tx_count=1
[handleTxFromClient] S1 N0 append to Tx_pool.Queue: local_queued=0 forward_other_shard=0 Queue_total_len=3365
[handleTxFromClient] S1 N0 recv client batch, tx_count=1
[handleTxFromClient] S1 N0 append to Tx_pool.Queue: local_queued=0 forward_other_shard=0 Queue_total_len=3365
[handleTxFromClient] S1 N0 recv client batch, tx_count=1
[handleTxFromClient] S1 N0 append to Tx_pool.Queue: local_queued=0 forward_other_shard=0 Queue_total_len=3365
[handleTxFromClient] S1 N0 recv client batch, tx_count=1
[handleTxFromClient] S1 N0 append to Tx_pool.Queue: local_queued=0 forward_other_shard=0 Queue_total_len=3365
[handleTxFromClient] S1 N0 recv client batch, tx_count=1
[handleTxFromClient] S1 N0 append to Tx_pool.Queue: local_queued=0 forward_other_shard=0 Queue_total_len=3365
[handleTxFromClient] S1 N0 recv client batch, tx_count=1
[handleTxFromClient] S1 N0 append to Tx_pool.Queue: local_queued=0 forward_other_shard=0 Queue_total_len=3365
[handleTxFromClient] S1 N0 recv client batch, tx_count=1
[handleTxFromClient] S1 N0 append to Tx_pool.Queue: local_queued=0 forward_other_shard=0 Queue_total_len=3365
[handleTxFromClient] S1 N0 recv client batch, tx_count=1
[handleTxFromClient] S1 N0 append to Tx_pool.Queue: local_queued=0 forward_other_shard=0 Queue_total_len=3365
[handleTxFromClient] S1 N0 recv client batch, tx_count=1
[handleTxFromClient] S1 N0 append to Tx_pool.Queue: local_queued=0 forward_other_shard=0 Queue_total_len=3365
[handleTxFromClient] S1 N0 recv client batch, tx_count=1
[handleTxFromClient] S1 N0 append to Tx_pool.Queue: local_queued=0 forward_other_shard=0 Queue_total_len=3365
[handleTxFromClient] S1 N0 recv client batch, tx_count=1
[handleTxFromClient] S1 N0 append to Tx_pool.Queue: local_queued=0 forward_other_shard=0 Queue_total_len=3365
[handleTxFromClient] S1 N0 recv client batch, tx_count=1
[handleTxFromClient] S1 N0 append to Tx_pool.Queue: local_queued=0 forward_other_shard=0 Queue_total_len=3365
[handleTxFromClient] S1 N0 recv client batch, tx_count=1
[handleTxFromClient] S1 N0 append to Tx_pool.Queue: local_queued=0 forward_other_shard=0 Queue_total_len=3365
[handleTxFromClient] S1 N0 recv client batch, tx_count=1
[handleTxFromClient] S1 N0 append to Tx_pool.Queue: local_queued=0 forward_other_shard=0 Queue_total_len=3365
[handleTxFromClient] S1 N0 recv client batch, tx_count=1
[handleTxFromClient] S1 N0 append to Tx_pool.Queue: local_queued=0 forward_other_shard=0 Queue_total_len=3365
[handleTxFromClient] S1 N0 recv client batch, tx_count=1
[handleTxFromClient] S1 N0 append to Tx_pool.Queue: local_queued=0 forward_other_shard=0 Queue_total_len=3365
[handleTxFromClient] S1 N0 recv client batch, tx_count=1
[handleTxFromClient] S1 N0 append to Tx_pool.Queue: local_queued=0 forward_other_shard=0 Queue_total_len=3365
[handleTxFromClient] S1 N0 recv client batch, tx_count=1
[handleTxFromClient] S1 N0 append to Tx_pool.Queue: local_queued=0 forward_other_shard=0 Queue_total_len=3365
[handleTxFromClient] S1 N0 recv client batch, tx_count=1
[handleTxFromClient] S1 N0 append to Tx_pool.Queue: local_queued=0 forward_other_shard=0 Queue_total_len=3365
[handleTxFromClient] S1 N0 recv client batch, tx_count=1
[handleTxFromClient] S1 N0 append to Tx_pool.Queue: local_queued=0 forward_other_shard=0 Queue_total_len=3365
[handleTxFromClient] S1 N0 recv client batch, tx_count=1
[handleTxFromClient] S1 N0 append to Tx_pool.Queue: local_queued=0 forward_other_shard=0 Queue_total_len=3365
[handleTxFromClient] S1 N0 recv client batch, tx_count=1
[handleTxFromClient] S1 N0 append to Tx_pool.Queue: local_queued=0 forward_other_shard=0 Queue_total_len=3365
[handleTxFromClient] S1 N0 recv client batch, tx_count=1
[handleTxFromClient] S1 N0 append to Tx_pool.Queue: local_queued=0 forward_other_shard=0 Queue_total_len=3365
[handleTxFromClient] S1 N0 recv client batch, tx_count=1
[handleTxFromClient] S1 N0 append to Tx_pool.Queue: local_queued=0 forward_other_shard=0 Queue_total_len=3365
[handleTxFromClient] S1 N0 recv client batch, tx_count=1
[handleTxFromClient] S1 N0 append to Tx_pool.Queue: local_queued=0 forward_other_shard=0 Queue_total_len=3365
[handleTxFromClient] S1 N0 recv client batch, tx_count=1
[handleTxFromClient] S1 N0 append to Tx_pool.Queue: local_queued=0 forward_other_shard=0 Queue_total_len=3365
[handleTxFromClient] S1 N0 recv client batch, tx_count=1
[handleTxFromClient] S1 N0 append to Tx_pool.Queue: local_queued=0 forward_other_shard=0 Queue_total_len=3365
[handleTxFromClient] S1 N0 recv client batch, tx_count=1
[handleTxFromClient] S1 N0 append to Tx_pool.Queue: local_queued=0 forward_other_shard=0 Queue_total_len=3365
[handleTxFromClient] S1 N0 recv client batch, tx_count=1
[handleTxFromClient] S1 N0 append to Tx_pool.Queue: local_queued=0 forward_other_shard=0 Queue_total_len=3365
[handleTxFromClient] S1 N0 recv client batch, tx_count=1
[handleTxFromClient] S1 N0 append to Tx_pool.Queue: local_queued=0 forward_other_shard=0 Queue_total_len=3365
[handleTxFromClient] S1 N0 recv client batch, tx_count=1
[handleTxFromClient] S1 N0 append to Tx_pool.Queue: local_queued=0 forward_other_shard=0 Queue_total_len=3365
[handleTxFromClient] S1 N0 recv client batch, tx_count=1
[handleTxFromClient] S1 N0 append to Tx_pool.Queue: local_queued=0 forward_other_shard=0 Queue_total_len=3365
[handleTxFromClient] S1 N0 recv client batch, tx_count=1
[handleTxFromClient] S1 N0 append to Tx_pool.Queue: local_queued=0 forward_other_shard=0 Queue_total_len=3365
[handleTxFromClient] S1 N0 recv client batch, tx_count=1
[handleTxFromClient] S1 N0 append to Tx_pool.Queue: local_queued=0 forward_other_shard=0 Queue_total_len=3365
[handleTxFromClient] S1 N0 recv client batch, tx_count=1
[handleTxFromClient] S1 N0 append to Tx_pool.Queue: local_queued=0 forward_other_shard=0 Queue_total_len=3365
[handleTxFromClient] S1 N0 recv client batch, tx_count=1
[handleTxFromClient] S1 N0 append to Tx_pool.Queue: local_queued=0 forward_other_shard=0 Queue_total_len=3365
[handleTxFromClient] S1 N0 recv client batch, tx_count=1
[handleTxFromClient] S1 N0 append to Tx_pool.Queue: local_queued=0 forward_other_shard=0 Queue_total_len=3365
[handleTxFromClient] S1 N0 recv client batch, tx_count=1
[handleTxFromClient] S1 N0 append to Tx_pool.Queue: local_queued=0 forward_other_shard=0 Queue_total_len=3365
[handleTxFromClient] S1 N0 recv client batch, tx_count=1
[handleTxFromClient] S1 N0 append to Tx_pool.Queue: local_queued=0 forward_other_shard=0 Queue_total_len=3365
[handleTxFromClient] S1 N0 recv client batch, tx_count=1
[handleTxFromClient] S1 N0 append to Tx_pool.Queue: local_queued=0 forward_other_shard=0 Queue_total_len=3365
[handleTxFromClient] S1 N0 recv client batch, tx_count=1
[handleTxFromClient] S1 N0 append to Tx_pool.Queue: local_queued=0 forward_other_shard=0 Queue_total_len=3365
[handleTxFromClient] S1 N0 recv client batch, tx_count=1
[handleTxFromClient] S1 N0 append to Tx_pool.Queue: local_queued=0 forward_other_shard=0 Queue_total_len=3365
[handleTxFromClient] S1 N0 recv client batch, tx_count=1
[handleTxFromClient] S1 N0 append to Tx_pool.Queue: local_queued=0 forward_other_shard=0 Queue_total_len=3365
[handleTxFromClient] S1 N0 recv client batch, tx_count=1
[handleTxFromClient] S1 N0 append to Tx_pool.Queue: local_queued=0 forward_other_shard=0 Queue_total_len=3365
[handleTxFromClient] S1 N0 recv client batch, tx_count=1
[handleTxFromClient] S1 N0 append to Tx_pool.Queue: local_queued=0 forward_other_shard=0 Queue_total_len=3365
[handleTxFromClient] S1 N0 recv client batch, tx_count=1
[handleTxFromClient] S1 N0 append to Tx_pool.Queue: local_queued=0 forward_other_shard=0 Queue_total_len=3365
[handleTxFromClient] S1 N0 recv client batch, tx_count=1
[handleTxFromClient] S1 N0 append to Tx_pool.Queue: local_queued=0 forward_other_shard=0 Queue_total_len=3365
[handleTxFromClient] S1 N0 recv client batch, tx_count=1
[handleTxFromClient] S1 N0 append to Tx_pool.Queue: local_queued=0 forward_other_shard=0 Queue_total_len=3365
[handleTxFromClient] S1 N0 recv client batch, tx_count=1
[handleTxFromClient] S1 N0 append to Tx_pool.Queue: local_queued=0 forward_other_shard=0 Queue_total_len=3365
[handleTxFromClient] S1 N0 recv client batch, tx_count=1
[handleTxFromClient] S1 N0 append to Tx_pool.Queue: local_queued=0 forward_other_shard=0 Queue_total_len=3365
[handleTxFromClient] S1 N0 recv client batch, tx_count=1
[handleTxFromClient] S1 N0 append to Tx_pool.Queue: local_queued=0 forward_other_shard=0 Queue_total_len=3365
[handleTxFromClient] S1 N0 recv client batch, tx_count=1
[handleTxFromClient] S1 N0 append to Tx_pool.Queue: local_queued=0 forward_other_shard=0 Queue_total_len=3365
[handleTxFromClient] S1 N0 recv client batch, tx_count=1
[handleTxFromClient] S1 N0 append to Tx_pool.Queue: local_queued=0 forward_other_shard=0 Queue_total_len=3365
[handleTxFromClient] S1 N0 recv client batch, tx_count=1
[handleTxFromClient] S1 N0 append to Tx_pool.Queue: local_queued=0 forward_other_shard=0 Queue_total_len=3365
[handleTxFromClient] S1 N0 recv client batch, tx_count=1
[handleTxFromClient] S1 N0 append to Tx_pool.Queue: local_queued=0 forward_other_shard=0 Queue_total_len=3365
[handleTxFromClient] S1 N0 recv client batch, tx_count=1
[handleTxFromClient] S1 N0 append to Tx_pool.Queue: local_queued=0 forward_other_shard=0 Queue_total_len=3365
[handleTxFromClient] S1 N0 recv client batch, tx_count=1
[handleTxFromClient] S1 N0 append to Tx_pool.Queue: local_queued=0 forward_other_shard=0 Queue_total_len=3365
[handleTxFromClient] S1 N0 recv client batch, tx_count=1
[handleTxFromClient] S1 N0 append to Tx_pool.Queue: local_queued=0 forward_other_shard=0 Queue_total_len=3365
[handleTxFromClient] S1 N0 recv client batch, tx_count=1
[handleTxFromClient] S1 N0 append to Tx_pool.Queue: local_queued=0 forward_other_shard=0 Queue_total_len=3365
[handleTxFromClient] S1 N0 recv client batch, tx_count=1
[handleTxFromClient] S1 N0 append to Tx_pool.Queue: local_queued=0 forward_other_shard=0 Queue_total_len=3365
[handleTxFromClient] S1 N0 recv client batch, tx_count=1
[handleTxFromClient] S1 N0 append to Tx_pool.Queue: local_queued=0 forward_other_shard=0 Queue_total_len=3365
[handleTxFromClient] S1 N0 recv client batch, tx_count=1
[handleTxFromClient] S1 N0 append to Tx_pool.Queue: local_queued=0 forward_other_shard=0 Queue_total_len=3365
[handleTxFromClient] S1 N0 recv client batch, tx_count=1
[handleTxFromClient] S1 N0 append to Tx_pool.Queue: local_queued=0 forward_other_shard=0 Queue_total_len=3365
[handleTxFromClient] S1 N0 recv client batch, tx_count=1
[handleTxFromClient] S1 N0 append to Tx_pool.Queue: local_queued=0 forward_other_shard=0 Queue_total_len=3365
[handleTxFromClient] S1 N0 recv client batch, tx_count=1
[handleTxFromClient] S1 N0 append to Tx_pool.Queue: local_queued=0 forward_other_shard=0 Queue_total_len=3365
[handleTxFromClient] S1 N0 recv client batch, tx_count=1
[handleTxFromClient] S1 N0 append to Tx_pool.Queue: local_queued=0 forward_other_shard=0 Queue_total_len=3365
[handleTxFromClient] S1 N0 recv client batch, tx_count=1
[handleTxFromClient] S1 N0 append to Tx_pool.Queue: local_queued=0 forward_other_shard=0 Queue_total_len=3365
[handleTxFromClient] S1 N0 recv client batch, tx_count=1
[handleTxFromClient] S1 N0 append to Tx_pool.Queue: local_queued=0 forward_other_shard=0 Queue_total_len=3365
[handleTxFromClient] S1 N0 recv client batch, tx_count=1
[handleTxFromClient] S1 N0 append to Tx_pool.Queue: local_queued=0 forward_other_shard=0 Queue_total_len=3365
[handleTxFromClient] S1 N0 recv client batch, tx_count=1
[handleTxFromClient] S1 N0 append to Tx_pool.Queue: local_queued=0 forward_other_shard=0 Queue_total_len=3365
[handleTxFromClient] S1 N0 recv client batch, tx_count=1
[handleTxFromClient] S1 N0 append to Tx_pool.Queue: local_queued=0 forward_other_shard=0 Queue_total_len=3365
[handleTxFromClient] S1 N0 recv client batch, tx_count=1
[handleTxFromClient] S1 N0 append to Tx_pool.Queue: local_queued=0 forward_other_shard=0 Queue_total_len=3365
[handleTxFromClient] S1 N0 recv client batch, tx_count=1
[handleTxFromClient] S1 N0 append to Tx_pool.Queue: local_queued=0 forward_other_shard=0 Queue_total_len=3365
[handleTxFromClient] S1 N0 recv client batch, tx_count=1
[handleTxFromClient] S1 N0 append to Tx_pool.Queue: local_queued=0 forward_other_shard=0 Queue_total_len=3365
[handleTxFromClient] S1 N0 recv client batch, tx_count=1
[handleTxFromClient] S1 N0 append to Tx_pool.Queue: local_queued=0 forward_other_shard=0 Queue_total_len=3365
[handleTxFromClient] S1 N0 recv client batch, tx_count=1
[handleTxFromClient] S1 N0 append to Tx_pool.Queue: local_queued=0 forward_other_shard=0 Queue_total_len=3365
[handleTxFromClient] S1 N0 recv client batch, tx_count=1
[handleTxFromClient] S1 N0 append to Tx_pool.Queue: local_queued=0 forward_other_shard=0 Queue_total_len=3365
[handleTxFromClient] S1 N0 recv client batch, tx_count=1
[handleTxFromClient] S1 N0 append to Tx_pool.Queue: local_queued=0 forward_other_shard=0 Queue_total_len=3365
[handleTxFromClient] S1 N0 recv client batch, tx_count=1
[handleTxFromClient] S1 N0 append to Tx_pool.Queue: local_queued=0 forward_other_shard=0 Queue_total_len=3365
[handleTxFromClient] S1 N0 recv client batch, tx_count=1
[handleTxFromClient] S1 N0 append to Tx_pool.Queue: local_queued=0 forward_other_shard=0 Queue_total_len=3365
[handleTxFromClient] S1 N0 recv client batch, tx_count=1
[handleTxFromClient] S1 N0 append to Tx_pool.Queue: local_queued=0 forward_other_shard=0 Queue_total_len=3365
[handleTxFromClient] S1 N0 recv client batch, tx_count=1
[handleTxFromClient] S1 N0 append to Tx_pool.Queue: local_queued=0 forward_other_shard=0 Queue_total_len=3365
[handleTxFromClient] S1 N0 recv client batch, tx_count=1
[handleTxFromClient] S1 N0 append to Tx_pool.Queue: local_queued=0 forward_other_shard=0 Queue_total_len=3365
[handleTxFromClient] S1 N0 recv client batch, tx_count=1
[handleTxFromClient] S1 N0 append to Tx_pool.Queue: local_queued=0 forward_other_shard=0 Queue_total_len=3365
[handleTxFromClient] S1 N0 recv client batch, tx_count=1
[handleTxFromClient] S1 N0 append to Tx_pool.Queue: local_queued=0 forward_other_shard=0 Queue_total_len=3365
[handleTxFromClient] S1 N0 recv client batch, tx_count=1
[handleTxFromClient] S1 N0 append to Tx_pool.Queue: local_queued=0 forward_other_shard=0 Queue_total_len=3365
[handleTxFromClient] S1 N0 recv client batch, tx_count=1
[handleTxFromClient] S1 N0 append to Tx_pool.Queue: local_queued=0 forward_other_shard=0 Queue_total_len=3365
[handleTxFromClient] S1 N0 recv client batch, tx_count=1
[handleTxFromClient] S1 N0 append to Tx_pool.Queue: local_queued=0 forward_other_shard=0 Queue_total_len=3365
[handleTxFromClient] S1 N0 recv client batch, tx_count=1
[handleTxFromClient] S1 N0 append to Tx_pool.Queue: local_queued=0 forward_other_shard=0 Queue_total_len=3365
[handleTxFromClient] S1 N0 recv client batch, tx_count=1
[handleTxFromClient] S1 N0 append to Tx_pool.Queue: local_queued=0 forward_other_shard=0 Queue_total_len=3365
[handleTxFromClient] S1 N0 recv client batch, tx_count=1
[handleTxFromClient] S1 N0 append to Tx_pool.Queue: local_queued=0 forward_other_shard=0 Queue_total_len=3365
[handleTxFromClient] S1 N0 recv client batch, tx_count=1
[handleTxFromClient] S1 N0 append to Tx_pool.Queue: local_queued=0 forward_other_shard=0 Queue_total_len=3365
[handleTxFromClient] S1 N0 recv client batch, tx_count=1
[handleTxFromClient] S1 N0 append to Tx_pool.Queue: local_queued=0 forward_other_shard=0 Queue_total_len=3365
[handleTxFromClient] S1 N0 recv client batch, tx_count=1
[handleTxFromClient] S1 N0 append to Tx_pool.Queue: local_queued=0 forward_other_shard=0 Queue_total_len=3365
[handleTxFromClient] S1 N0 recv client batch, tx_count=1
[handleTxFromClient] S1 N0 append to Tx_pool.Queue: local_queued=0 forward_other_shard=0 Queue_total_len=3365
[handleTxFromClient] S1 N0 recv client batch, tx_count=1
[handleTxFromClient] S1 N0 append to Tx_pool.Queue: local_queued=0 forward_other_shard=0 Queue_total_len=3365
[handleTxFromClient] S1 N0 recv client batch, tx_count=1
[handleTxFromClient] S1 N0 append to Tx_pool.Queue: local_queued=0 forward_other_shard=0 Queue_total_len=3365
[handleTxFromClient] S1 N0 recv client batch, tx_count=1
[handleTxFromClient] S1 N0 append to Tx_pool.Queue: local_queued=0 forward_other_shard=0 Queue_total_len=3365
[handleTxFromClient] S1 N0 recv client batch, tx_count=1
[handleTxFromClient] S1 N0 append to Tx_pool.Queue: local_queued=0 forward_other_shard=0 Queue_total_len=3365
[handleTxFromClient] S1 N0 recv client batch, tx_count=1
[handleTxFromClient] S1 N0 append to Tx_pool.Queue: local_queued=0 forward_other_shard=0 Queue_total_len=3365
[handleTxFromClient] S1 N0 recv client batch, tx_count=1
[handleTxFromClient] S1 N0 append to Tx_pool.Queue: local_queued=0 forward_other_shard=0 Queue_total_len=3365
[handleTxFromClient] S1 N0 recv client batch, tx_count=1
[handleTxFromClient] S1 N0 append to Tx_pool.Queue: local_queued=0 forward_other_shard=0 Queue_total_len=3365
[handleTxFromClient] S1 N0 recv client batch, tx_count=1
[handleTxFromClient] S1 N0 append to Tx_pool.Queue: local_queued=0 forward_other_shard=0 Queue_total_len=3365
[handleTxFromClient] S1 N0 recv client batch, tx_count=1
[handleTxFromClient] S1 N0 append to Tx_pool.Queue: local_queued=0 forward_other_shard=0 Queue_total_len=3365
[handleTxFromClient] S1 N0 recv client batch, tx_count=1
[handleTxFromClient] S1 N0 append to Tx_pool.Queue: local_queued=0 forward_other_shard=0 Queue_total_len=3365
[handleTxFromClient] S1 N0 recv client batch, tx_count=1
[handleTxFromClient] S1 N0 append to Tx_pool.Queue: local_queued=0 forward_other_shard=0 Queue_total_len=3365
[handleTxFromClient] S1 N0 recv client batch, tx_count=1
[handleTxFromClient] S1 N0 append to Tx_pool.Queue: local_queued=0 forward_other_shard=0 Queue_total_len=3365
[handleTxFromClient] S1 N0 recv client batch, tx_count=1
[handleTxFromClient] S1 N0 append to Tx_pool.Queue: local_queued=0 forward_other_shard=0 Queue_total_len=3365
[handleTxFromClient] S1 N0 recv client batch, tx_count=1
[handleTxFromClient] S1 N0 append to Tx_pool.Queue: local_queued=0 forward_other_shard=0 Queue_total_len=3365
[handleTxFromClient] S1 N0 recv client batch, tx_count=1
[handleTxFromClient] S1 N0 append to Tx_pool.Queue: local_queued=0 forward_other_shard=0 Queue_total_len=3365
[handleTxFromClient] S1 N0 recv client batch, tx_count=1
[handleTxFromClient] S1 N0 append to Tx_pool.Queue: local_queued=0 forward_other_shard=0 Queue_total_len=3365
[handleTxFromClient] S1 N0 recv client batch, tx_count=1
[handleTxFromClient] S1 N0 append to Tx_pool.Queue: local_queued=0 forward_other_shard=0 Queue_total_len=3365
[handleTxFromClient] S1 N0 recv client batch, tx_count=1
[handleTxFromClient] S1 N0 append to Tx_pool.Queue: local_queued=0 forward_other_shard=0 Queue_total_len=3365
[handleTxFromClient] S1 N0 recv client batch, tx_count=1
[handleTxFromClient] S1 N0 append to Tx_pool.Queue: local_queued=0 forward_other_shard=0 Queue_total_len=3365
[handleTxFromClient] S1 N0 recv client batch, tx_count=1
[handleTxFromClient] S1 N0 append to Tx_pool.Queue: local_queued=0 forward_other_shard=0 Queue_total_len=3365
[handleTxFromClient] S1 N0 recv client batch, tx_count=1
[handleTxFromClient] S1 N0 append to Tx_pool.Queue: local_queued=0 forward_other_shard=0 Queue_total_len=3365
[handleTxFromClient] S1 N0 recv client batch, tx_count=1
[handleTxFromClient] S1 N0 append to Tx_pool.Queue: local_queued=0 forward_other_shard=0 Queue_total_len=3365
[handleTxFromClient] S1 N0 recv client batch, tx_count=1
[handleTxFromClient] S1 N0 append to Tx_pool.Queue: local_queued=0 forward_other_shard=0 Queue_total_len=3365
[handleTxFromClient] S1 N0 recv client batch, tx_count=1
[handleTxFromClient] S1 N0 append to Tx_pool.Queue: local_queued=0 forward_other_shard=0 Queue_total_len=3365

本节点已接收到分片S0发来的迁移请求 
[handleTxFromClient] S1 N0 recv client batch, tx_count=1
9999999999999999999999999999999999999999

[handleTxFromClient] S1 N0 append to Tx_pool.Queue: local_queued=0 forward_other_shard=0 Queue_total_len=3365
[Propose wait] S1 N0 spin=50 epoch=23 now=1780543466 InitTime=1780543419 lastpropose=1780543465 wallGap=47 need>=44 ok1=true lastGap=1 need>=2 ok2=false
[Propose] S1 N0 时间条件满足: epoch=23->24 now=1780543467 InitTime=1780543419 lastpropose=1780543465 wallGap=48>=44 lastGap=2>=2 → propose1
[Propose] S1 N0 等待 sequenceLock…
[Propose] S1 N0 已持有 sequenceLock，seqID=23 即将 propose1
[propose1] S1 N0 seq=23 Tx_pool.Queue_len=3365
left_count: 200
更新树花时间为: 52
写数据库IO花时间为: 67
编号为 23 的区块已加入本地区块链！curBlock: 
blockHeader: 
[07b70b23c76535642862a6896e1edbcc032ce1e35a7a6e60e48d6d1c7d6eb69b fc3e1d99f59e79444197c8dd1c94e8af8820efe26ab73377f6cdc3fadf0dc21e e18bbf5a5d1369ada9f4d5cfa166caf87f32a6912af4f824b0c931c9513aea70 23 1780543467]
# of transactions: 200
# of TXmig1s: 85
# of In1s: 215
# of Anns: 0
# of NSs: 0
blockHash: 
820ee0539edfb1c41048daed87eff10531f86962816480dbf5a760a1d3410c3e

第23个块开始准备relay

[SyncLog] write ok shard=S1 node=N0 event=apply mode=delta count=4
[MVSS-Delta] 目标片 S1 账户 f341cafc9ba3d91ef98c9ef811170c1c5f1ef28e apply delta [0,1)
[SyncLog] write ok shard=S1 node=N0 event=apply mode=delta count=5
[MVSS-Delta] 目标片 S1 账户 96904d8c1f1c88dfb6cfba916396bf4beabcf454 apply delta [0,1)
[SyncLog] write ok shard=S1 node=N0 event=apply mode=delta count=6
[MVSS-Delta] 目标片 S1 账户 9e9ff119553d7ad5d40d1cd4c39aba4901955470 apply delta [1,2)
[MVSS+] 目标片 S1 账户 9e9ff119553d7ad5d40d1cd4c39aba4901955470 块 23 SyncApplied 但尚无 new 上链，等待打包
[MVSS+] 目标片 S1 账户 f341cafc9ba3d91ef98c9ef811170c1c5f1ef28e 块 23 SyncApplied 但尚无 new 上链，等待打包
[MVSS+] 目标片 S1 账户 96904d8c1f1c88dfb6cfba916396bf4beabcf454 块 23 SyncApplied 但尚无 new 上链，等待打包
[Propose wait] S1 N0 spin=1 epoch=24 now=1780543467 InitTime=1780543419 lastpropose=1780543467 wallGap=48 need>=46 ok1=true lastGap=0 need>=2 ok2=false

第23个块结束relay

本节点已接收到分片S0发来通知 
1
2
3
[handleTxFromClient] S1 N0 recv client batch, tx_count=1
[handleTxFromClient] S1 N0 append to Tx_pool.Queue: local_queued=0 forward_other_shard=0 Queue_total_len=3197
[handleTxFromClient] S1 N0 recv client batch, tx_count=781
[handleTxFromClient] S1 N0 append to Tx_pool.Queue: local_queued=778 forward_other_shard=0 Queue_total_len=3975

本节点已接收到分片S0发来的迁移请求 
10000000000000000000000484157754210813312

[Propose wait] S1 N0 spin=50 epoch=24 now=1780543468 InitTime=1780543419 lastpropose=1780543467 wallGap=49 need>=46 ok1=true lastGap=1 need>=2 ok2=false
[Propose] S1 N0 时间条件满足: epoch=24->25 now=1780543469 InitTime=1780543419 lastpropose=1780543467 wallGap=50>=46 lastGap=2>=2 → propose1
[Propose] S1 N0 等待 sequenceLock…
[Propose] S1 N0 已持有 sequenceLock，seqID=24 即将 propose1
[propose1] S1 N0 seq=24 Tx_pool.Queue_len=3975
left_count: 200
更新树花时间为: 53
写数据库IO花时间为: 67
编号为 24 的区块已加入本地区块链！curBlock: 
blockHeader: 
[820ee0539edfb1c41048daed87eff10531f86962816480dbf5a760a1d3410c3e 0b9a9c2270d1c6a8f60ff93d1964f0081f0c53169f124fa20248bc87879671fa 5bfdd68a3d069da09ea7fd8c3f449c6b0f016dd0abfa96f3e65d5fdb178673fb 24 1780543469]
# of transactions: 200
# of TXmig1s: 0
# of In1s: 300
# of Anns: 0
# of NSs: 0
blockHash: 
c3cd9022d96ce5b87346ea78057a97c6f1bfcbf932d52144c6a18a02f61976ad

第24个块开始准备relay

[MVSS+] 目标片 S1 账户 9e9ff119553d7ad5d40d1cd4c39aba4901955470 块 24 SyncApplied 但尚无 new 上链，等待打包
[MVSS+] 目标片 S1 账户 96904d8c1f1c88dfb6cfba916396bf4beabcf454 块 24 SyncApplied 但尚无 new 上链，等待打包
[MVSS+] 目标片 S1 账户 f341cafc9ba3d91ef98c9ef811170c1c5f1ef28e 块 24 SyncApplied 但尚无 new 上链，等待打包
[Propose wait] S1 N0 spin=1 epoch=25 now=1780543469 InitTime=1780543419 lastpropose=1780543469 wallGap=50 need>=48 ok1=true lastGap=0 need>=2 ok2=false

第24个块结束relay

[handleTxFromClient] S1 N0 recv client batch, tx_count=774
[handleTxFromClient] S1 N0 append to Tx_pool.Queue: local_queued=772 forward_other_shard=0 Queue_total_len=4603
[handleTxFromClient] S1 N0 recv client batch, tx_count=1
[handleTxFromClient] S1 N0 recv client batch, tx_count=1
[SyncProbe][Ingress] shard=S1 node=N0 tx=9000000012 senderSID=1 recSID=1 local=true tag=32 isRelay=true
[SyncProbe][Ingress] shard=S1 node=N0 tx=9000000002 senderSID=1 recSID=1 local=true tag=32 isRelay=true
[SyncProbe][Normalize] shard=S1 tx=9000000012 目标片清除 IsRelay，按本地 new 执行
[SyncProbe][Redirect] tx=9000000012 目标片本地接收，不在源片重定向
[SyncProbe][Ingress] shard=S1 tx=9000000012 本片入池(立即入池路径)
[SyncProbe][Normalize] shard=S1 tx=9000000002 目标片清除 IsRelay，按本地 new 执行
[handleTxFromClient] S1 N0 append to Tx_pool.Queue: local_queued=1 forward_other_shard=0 Queue_total_len=4604
[handleTxFromClient] S1 N0 recv client batch, tx_count=1
[SyncProbe][Redirect] tx=9000000002 目标片本地接收，不在源片重定向
[SyncProbe][Ingress] shard=S1 tx=9000000002 本片入池(立即入池路径)
[SyncProbe][Ingress] shard=S1 node=N0 tx=9000000022 senderSID=1 recSID=1 local=true tag=32 isRelay=true
[SyncProbe][Normalize] shard=S1 tx=9000000022 目标片清除 IsRelay，按本地 new 执行
[SyncProbe][Redirect] tx=9000000022 目标片本地接收，不在源片重定向
[handleTxFromClient] S1 N0 append to Tx_pool.Queue: local_queued=1 forward_other_shard=0 Queue_total_len=4605
[SyncProbe][Ingress] shard=S1 tx=9000000022 本片入池(立即入池路径)
[handleTxFromClient] S1 N0 append to Tx_pool.Queue: local_queued=1 forward_other_shard=0 Queue_total_len=4606
[MVSS+] 目标片 S1 账户 96904d8c1f1c88dfb6cfba916396bf4beabcf454 apply 后将 1 笔 new 提至队首（nonce 自 1）
[MVSS+] 目标片 S1 账户 f341cafc9ba3d91ef98c9ef811170c1c5f1ef28e apply 后将 1 笔 new 提至队首（nonce 自 1）
[MVSS+] 目标片 S1 账户 9e9ff119553d7ad5d40d1cd4c39aba4901955470 apply 后将 1 笔 new 提至队首（nonce 自 2）
[Propose wait] S1 N0 spin=50 epoch=25 now=1780543470 InitTime=1780543419 lastpropose=1780543469 wallGap=51 need>=48 ok1=true lastGap=1 need>=2 ok2=false
[Propose] S1 N0 时间条件满足: epoch=25->26 now=1780543471 InitTime=1780543419 lastpropose=1780543469 wallGap=52>=48 lastGap=2>=2 → propose1
[Propose] S1 N0 等待 sequenceLock…
[Propose] S1 N0 已持有 sequenceLock，seqID=25 即将 propose1
[propose1] S1 N0 seq=25 Tx_pool.Queue_len=4606
left_count: 415
更新树花时间为: 39
写数据库IO花时间为: 77
编号为 25 的区块已加入本地区块链！curBlock: 
blockHeader: 
[c3cd9022d96ce5b87346ea78057a97c6f1bfcbf932d52144c6a18a02f61976ad decbb60c291001e373193f49eb69128154c4920c0f2f5e3ea37def368159720f 1504aa7fb8b1d848f7d31a6e73d54c159735836583929e570300ed5995796db1 25 1780543471]
# of transactions: 415
# of TXmig1s: 0
# of In1s: 13
# of Anns: 72
# of NSs: 0
blockHash: 
67b3ad45a1cf594c92a26825ca7fcf511cfef7b39345597c263af9ea9451f3bc
handleAnns时是第25个块

handleannounce交易池操作时差为：3018
handleannounce两锁时差为：3018


第25个块开始准备relay

[MVSS+] 目标片 S1 账户 9e9ff119553d7ad5d40d1cd4c39aba4901955470 块 25 触发 sync ack (new 已执行)
[SyncLog] write ok shard=S1 node=N0 event=ack_send mode=delta count=7
[MVSS+] 目标片 S1 账户 f341cafc9ba3d91ef98c9ef811170c1c5f1ef28e 块 25 触发 sync ack (new 已执行)
[SyncLog] write ok shard=S1 node=N0 event=ack_send mode=delta count=8
[MVSS+] 目标片 S1 账户 96904d8c1f1c88dfb6cfba916396bf4beabcf454 块 25 触发 sync ack (new 已执行)
[SyncLog] write ok shard=S1 node=N0 event=ack_send mode=delta count=9
[Propose wait] S1 N0 spin=1 epoch=26 now=1780543471 InitTime=1780543419 lastpropose=1780543471 wallGap=52 need>=50 ok1=true lastGap=0 need>=2 ok2=false
本节点已接收到分片S0发来通知 
1
2
3

第25个块结束relay

[handleTxFromClient] S1 N0 recv client batch, tx_count=771
[handleTxFromClient] S1 N0 append to Tx_pool.Queue: local_queued=770 forward_other_shard=0 Queue_total_len=5008
时间：52584  正在向分片S0的主节点发送新
本节点已将不变的账户数量发送到client

本节点已接收到分片S0发来通知 
1
2
3
时间：1780543471635  本节点已接收到新
本节点已将迁移过来的pending交易的账户数量发送到client

[Propose wait] S1 N0 spin=50 epoch=26 now=1780543472 InitTime=1780543419 lastpropose=1780543471 wallGap=53 need>=50 ok1=true lastGap=1 need>=2 ok2=false
[Propose] S1 N0 时间条件满足: epoch=26->27 now=1780543473 InitTime=1780543419 lastpropose=1780543471 wallGap=54>=50 lastGap=2>=2 → propose1
[Propose] S1 N0 等待 sequenceLock…
[Propose] S1 N0 已持有 sequenceLock，seqID=26 即将 propose1
[propose1] S1 N0 seq=26 Tx_pool.Queue_len=5051
left_count: 200
更新树花时间为: 38
写数据库IO花时间为: 75
编号为 26 的区块已加入本地区块链！curBlock: 
blockHeader: 
[67b3ad45a1cf594c92a26825ca7fcf511cfef7b39345597c263af9ea9451f3bc 5480c854453b54fb75dc00f565e7ecd205e168054a6da275425443bec91853c7 39b136fa841d01dc063c0cb01616bb52f8544ed7cf9e8560b04295f63120badf 26 1780543473]
# of transactions: 200
# of TXmig1s: 0
# of In1s: 0
# of Anns: 300
# of NSs: 0
blockHash: 
c6a9289eda045ffc2a5e732aeeb81d64dc8070a3887b2ab1e6e2a59cac0cb697
handleAnns时是第26个块

handleannounce交易池操作时差为：0
handleannounce两锁时差为：0


第26个块开始准备relay

[Propose wait] S1 N0 spin=1 epoch=27 now=1780543473 InitTime=1780543419 lastpropose=1780543473 wallGap=54 need>=52 ok1=true lastGap=0 need>=2 ok2=false

第26个块结束relay

[Propose wait] S1 N0 spin=50 epoch=27 now=1780543474 InitTime=1780543419 lastpropose=1780543473 wallGap=55 need>=52 ok1=true lastGap=1 need>=2 ok2=false
[Propose] S1 N0 时间条件满足: epoch=27->28 now=1780543475 InitTime=1780543419 lastpropose=1780543473 wallGap=56>=52 lastGap=2>=2 → propose1
[Propose] S1 N0 等待 sequenceLock…
[Propose] S1 N0 已持有 sequenceLock，seqID=27 即将 propose1
[propose1] S1 N0 seq=27 Tx_pool.Queue_len=4686
left_count: 461
更新树花时间为: 28
写数据库IO花时间为: 64
编号为 27 的区块已加入本地区块链！curBlock: 
blockHeader: 
[c6a9289eda045ffc2a5e732aeeb81d64dc8070a3887b2ab1e6e2a59cac0cb697 05c70ec32634a97c0199dc251b1302740fc8c3af400a50a0c86cc638c5b72f94 6d1f501c63a67402308b8a6681ad6e306197e5994a811cf543b7fbc7e127f1eb 27 1780543475]
# of transactions: 461
# of TXmig1s: 0
# of In1s: 0
# of Anns: 13
# of NSs: 26
blockHash: 
4b7e98c5520a9cb85ca5a3c1015b5390a4aff4ea49f01a3c7b71a649f010e591
handleAnns时是第27个块

handleannounce交易池操作时差为：0
handleannounce两锁时差为：0


第27个块开始准备relay

时间：56135  正在向分片S0的主节点发送新
本节点已将不变的账户数量发送到client

[Propose wait] S1 N0 spin=1 epoch=28 now=1780543475 InitTime=1780543419 lastpropose=1780543475 wallGap=56 need>=54 ok1=true lastGap=0 need>=2 ok2=false
时间：1780543475310  本节点已接收到新
本节点已将迁移过来的pending交易的账户数量发送到client

时间：56514  正在向分片S0的主节点发送新
本节点已将不变的账户数量发送到client


第27个块结束relay

[Propose wait] S1 N0 spin=50 epoch=28 now=1780543476 InitTime=1780543419 lastpropose=1780543475 wallGap=57 need>=54 ok1=true lastGap=1 need>=2 ok2=false
时间：1780543476926  本节点已接收到新
本节点已将迁移过来的pending交易的账户数量发送到client

[Propose] S1 N0 时间条件满足: epoch=28->29 now=1780543477 InitTime=1780543419 lastpropose=1780543475 wallGap=58>=54 lastGap=2>=2 → propose1
[Propose] S1 N0 等待 sequenceLock…
[Propose] S1 N0 已持有 sequenceLock，seqID=28 即将 propose1
[propose1] S1 N0 seq=28 Tx_pool.Queue_len=4398
left_count: 297
更新树花时间为: 29
写数据库IO花时间为: 53
编号为 28 的区块已加入本地区块链！curBlock: 
blockHeader: 
[4b7e98c5520a9cb85ca5a3c1015b5390a4aff4ea49f01a3c7b71a649f010e591 db9e604b0b44f95075d548136442bfa22e3d1d90279d0a20cac70490b9f7f2ca 58d281134c56583fe6b26fbf59e0cf0c969b4ea2e0f242da1c49c58d8673fb94 28 1780543477]
# of transactions: 297
# of TXmig1s: 0
# of In1s: 0
# of Anns: 0
# of NSs: 203
blockHash: 
79b015cfe50515c6fd28a744411bf14d6a28ec416fb66cb6e848c0dd3466fe15

第28个块开始准备relay

[Propose wait] S1 N0 spin=1 epoch=29 now=1780543477 InitTime=1780543419 lastpropose=1780543477 wallGap=58 need>=56 ok1=true lastGap=0 need>=2 ok2=false

第28个块结束relay

[Propose wait] S1 N0 spin=50 epoch=29 now=1780543478 InitTime=1780543419 lastpropose=1780543477 wallGap=59 need>=56 ok1=true lastGap=1 need>=2 ok2=false
[Propose] S1 N0 时间条件满足: epoch=29->30 now=1780543479 InitTime=1780543419 lastpropose=1780543477 wallGap=60>=56 lastGap=2>=2 → propose1
[Propose] S1 N0 等待 sequenceLock…
[Propose] S1 N0 已持有 sequenceLock，seqID=29 即将 propose1
[propose1] S1 N0 seq=29 Tx_pool.Queue_len=4124
left_count: 500
更新树花时间为: 20
写数据库IO花时间为: 72
编号为 29 的区块已加入本地区块链！curBlock: 
blockHeader: 
[79b015cfe50515c6fd28a744411bf14d6a28ec416fb66cb6e848c0dd3466fe15 40f4e5a1cfaf82b5b468839fc167e7942332c5629dba835f88213eb20de099b8 e31245b97fcade7234ad36356b7ccb22a16457add33fe0ba8bea7875de7cdbd7 29 1780543479]
# of transactions: 500
# of TXmig1s: 0
# of In1s: 0
# of Anns: 0
# of NSs: 0
blockHash: 
7a401e3a0fcc2c6253683017ce0b0501d9264d219209bde59986c9368bc7a7a9

第29个块开始准备relay

[Propose wait] S1 N0 spin=1 epoch=30 now=1780543479 InitTime=1780543419 lastpropose=1780543479 wallGap=60 need>=58 ok1=true lastGap=0 need>=2 ok2=false

第29个块结束relay

[Propose wait] S1 N0 spin=50 epoch=30 now=1780543480 InitTime=1780543419 lastpropose=1780543479 wallGap=61 need>=58 ok1=true lastGap=1 need>=2 ok2=false
[Propose] S1 N0 时间条件满足: epoch=30->31 now=1780543481 InitTime=1780543419 lastpropose=1780543479 wallGap=62>=58 lastGap=2>=2 → propose1
[Propose] S1 N0 等待 sequenceLock…
[Propose] S1 N0 已持有 sequenceLock，seqID=30 即将 propose1
[propose1] S1 N0 seq=30 Tx_pool.Queue_len=3624
left_count: 500
更新树花时间为: 20
写数据库IO花时间为: 30
编号为 30 的区块已加入本地区块链！curBlock: 
blockHeader: 
[7a401e3a0fcc2c6253683017ce0b0501d9264d219209bde59986c9368bc7a7a9 3a8e4565e0fa2a2e67b3f1a523981c91e70cce7bbb2aaaf338f90e060a181981 b0fa59416bafc351afe0089fd3be9dc88fba85cfeef3cb13620230c6d3516652 30 1780543481]
# of transactions: 500
# of TXmig1s: 0
# of In1s: 0
# of Anns: 0
# of NSs: 0
blockHash: 
db4dea69f16857d41c73d1db6c459cc5f760eedae6384a4d51745ae3a083f396

第30个块开始准备relay

[Propose wait] S1 N0 spin=1 epoch=31 now=1780543481 InitTime=1780543419 lastpropose=1780543481 wallGap=62 need>=60 ok1=true lastGap=0 need>=2 ok2=false

第30个块结束relay

[Propose wait] S1 N0 spin=50 epoch=31 now=1780543482 InitTime=1780543419 lastpropose=1780543481 wallGap=63 need>=60 ok1=true lastGap=1 need>=2 ok2=false
[Propose] S1 N0 时间条件满足: epoch=31->32 now=1780543483 InitTime=1780543419 lastpropose=1780543481 wallGap=64>=60 lastGap=2>=2 → propose1
[Propose] S1 N0 等待 sequenceLock…
[Propose] S1 N0 已持有 sequenceLock，seqID=31 即将 propose1
[propose1] S1 N0 seq=31 Tx_pool.Queue_len=3124
left_count: 500
更新树花时间为: 23
写数据库IO花时间为: 54
编号为 31 的区块已加入本地区块链！curBlock: 
blockHeader: 
[db4dea69f16857d41c73d1db6c459cc5f760eedae6384a4d51745ae3a083f396 d4ceb92b90cdac83e48116ede1b8a1e3f3293ca9212e2c0dc36767b0c75ed90c a4ae74148f5c6984ef52de9f3bffb32303d5e7981320d87d5c17d520b205742e 31 1780543483]
# of transactions: 500
# of TXmig1s: 0
# of In1s: 0
# of Anns: 0
# of NSs: 0
blockHash: 
095aada65b40b543e3bbc6eea5fb11344a4e0c8c5d0a7b4caf6313af06319917

第31个块开始准备relay

[Propose wait] S1 N0 spin=1 epoch=32 now=1780543483 InitTime=1780543419 lastpropose=1780543483 wallGap=64 need>=62 ok1=true lastGap=0 need>=2 ok2=false

第31个块结束relay

[Propose wait] S1 N0 spin=50 epoch=32 now=1780543484 InitTime=1780543419 lastpropose=1780543483 wallGap=65 need>=62 ok1=true lastGap=1 need>=2 ok2=false
[Propose] S1 N0 时间条件满足: epoch=32->33 now=1780543485 InitTime=1780543419 lastpropose=1780543483 wallGap=66>=62 lastGap=2>=2 → propose1
[Propose] S1 N0 等待 sequenceLock…
[Propose] S1 N0 已持有 sequenceLock，seqID=32 即将 propose1
[propose1] S1 N0 seq=32 Tx_pool.Queue_len=2624
left_count: 500
更新树花时间为: 17
写数据库IO花时间为: 24
编号为 32 的区块已加入本地区块链！curBlock: 
blockHeader: 
[095aada65b40b543e3bbc6eea5fb11344a4e0c8c5d0a7b4caf6313af06319917 62709fec38b6d0adf119c23e3b51fe91260c49d5f510e37c02d0e2425abc5434 44e36d86c124449124b1fe1465c2abd84a2de127fcfb31fff30ada52e8163a6f 32 1780543485]
# of transactions: 500
# of TXmig1s: 0
# of In1s: 0
# of Anns: 0
# of NSs: 0
blockHash: 
f33e14b42b9b252606a478000c41cd24167a8f1a7e9234b4c9abb24676ecdca3

第32个块开始准备relay

[Propose wait] S1 N0 spin=1 epoch=33 now=1780543485 InitTime=1780543419 lastpropose=1780543485 wallGap=66 need>=64 ok1=true lastGap=0 need>=2 ok2=false

第32个块结束relay

[Propose wait] S1 N0 spin=50 epoch=33 now=1780543486 InitTime=1780543419 lastpropose=1780543485 wallGap=67 need>=64 ok1=true lastGap=1 need>=2 ok2=false
[Propose] S1 N0 时间条件满足: epoch=33->34 now=1780543487 InitTime=1780543419 lastpropose=1780543485 wallGap=68>=64 lastGap=2>=2 → propose1
[Propose] S1 N0 等待 sequenceLock…
[Propose] S1 N0 已持有 sequenceLock，seqID=33 即将 propose1
[propose1] S1 N0 seq=33 Tx_pool.Queue_len=2124
left_count: 500
更新树花时间为: 25
写数据库IO花时间为: 41
编号为 33 的区块已加入本地区块链！curBlock: 
blockHeader: 
[f33e14b42b9b252606a478000c41cd24167a8f1a7e9234b4c9abb24676ecdca3 d9a87fe6eb1a95cc999186d5b07c1e125cd0b40513ad242a7f86d2e798afaf92 0861e8fa0aa8da43d5fe3ee1c3b6bbd6b025e20221761bb54960cbab63664349 33 1780543487]
# of transactions: 500
# of TXmig1s: 0
# of In1s: 0
# of Anns: 0
# of NSs: 0
blockHash: 
6153c66d8ce5470c09c1ba746385d1228122d382fb7cca3b21116b48fc5b2cae

第33个块开始准备relay

[Propose wait] S1 N0 spin=1 epoch=34 now=1780543487 InitTime=1780543419 lastpropose=1780543487 wallGap=68 need>=66 ok1=true lastGap=0 need>=2 ok2=false

第33个块结束relay

[Propose wait] S1 N0 spin=50 epoch=34 now=1780543488 InitTime=1780543419 lastpropose=1780543487 wallGap=69 need>=66 ok1=true lastGap=1 need>=2 ok2=false
[Propose] S1 N0 时间条件满足: epoch=34->35 now=1780543489 InitTime=1780543419 lastpropose=1780543487 wallGap=70>=66 lastGap=2>=2 → propose1
[Propose] S1 N0 等待 sequenceLock…
[Propose] S1 N0 已持有 sequenceLock，seqID=34 即将 propose1
[propose1] S1 N0 seq=34 Tx_pool.Queue_len=1624
left_count: 500
更新树花时间为: 25
写数据库IO花时间为: 40
编号为 34 的区块已加入本地区块链！curBlock: 
blockHeader: 
[6153c66d8ce5470c09c1ba746385d1228122d382fb7cca3b21116b48fc5b2cae 2908e37c25bfa6063d22384c7a22cc7023ecf5903f500ad9fd9913776bf84bec 4b421a8a6d8aba4245cca0a5c7c531c6319224a6d064900e72a9a9c734abf58d 34 1780543489]
# of transactions: 500
# of TXmig1s: 0
# of In1s: 0
# of Anns: 0
# of NSs: 0
blockHash: 
3eaa5617b38d84f7dc78c0e038368994b2b9ec66c1a0c9455fda959986a46621

第34个块开始准备relay

[Propose wait] S1 N0 spin=1 epoch=35 now=1780543489 InitTime=1780543419 lastpropose=1780543489 wallGap=70 need>=68 ok1=true lastGap=0 need>=2 ok2=false

第34个块结束relay

[Propose wait] S1 N0 spin=50 epoch=35 now=1780543490 InitTime=1780543419 lastpropose=1780543489 wallGap=71 need>=68 ok1=true lastGap=1 need>=2 ok2=false
[Propose] S1 N0 时间条件满足: epoch=35->36 now=1780543491 InitTime=1780543419 lastpropose=1780543489 wallGap=72>=68 lastGap=2>=2 → propose1
[Propose] S1 N0 等待 sequenceLock…
[Propose] S1 N0 已持有 sequenceLock，seqID=35 即将 propose1
[propose1] S1 N0 seq=35 Tx_pool.Queue_len=1124
left_count: 500
更新树花时间为: 25
写数据库IO花时间为: 35
编号为 35 的区块已加入本地区块链！curBlock: 
blockHeader: 
[3eaa5617b38d84f7dc78c0e038368994b2b9ec66c1a0c9455fda959986a46621 294d84c4223df220ce97a369110a4133913e107f14f625bb157fb15d02be67df f053068b91c58048aaf13f767142e6d2131f8caba6a82f3598bd1fced9702e9c 35 1780543491]
# of transactions: 500
# of TXmig1s: 0
# of In1s: 0
# of Anns: 0
# of NSs: 0
blockHash: 
a42896a676d1882fa8a4c27b940a0ee3518909267a410901f60e56e9177c8735

第35个块开始准备relay

[Propose wait] S1 N0 spin=1 epoch=36 now=1780543491 InitTime=1780543419 lastpropose=1780543491 wallGap=72 need>=70 ok1=true lastGap=0 need>=2 ok2=false

第35个块结束relay

[Propose wait] S1 N0 spin=50 epoch=36 now=1780543492 InitTime=1780543419 lastpropose=1780543491 wallGap=73 need>=70 ok1=true lastGap=1 need>=2 ok2=false
[Propose] S1 N0 时间条件满足: epoch=36->37 now=1780543493 InitTime=1780543419 lastpropose=1780543491 wallGap=74>=70 lastGap=2>=2 → propose1
[Propose] S1 N0 等待 sequenceLock…
[Propose] S1 N0 已持有 sequenceLock，seqID=36 即将 propose1
[propose1] S1 N0 seq=36 Tx_pool.Queue_len=624
left_count: 500
更新树花时间为: 27
写数据库IO花时间为: 56
编号为 36 的区块已加入本地区块链！curBlock: 
blockHeader: 
[a42896a676d1882fa8a4c27b940a0ee3518909267a410901f60e56e9177c8735 5304563e11f77fa2756484c1f8cc798ef8398f87bdc3dfaf9e5f0796b705eca0 2fb288c4a5eb3c6b268c8c1b2fa924e34293417cdb2b803b9ba0911a8550edf5 36 1780543493]
# of transactions: 500
# of TXmig1s: 0
# of In1s: 0
# of Anns: 0
# of NSs: 0
blockHash: 
14078d1fa9e45b63e09ea2e5f8ca8ae5bfea01fdcfc62966c6a26e75bb659dec

第36个块开始准备relay

[Propose wait] S1 N0 spin=1 epoch=37 now=1780543493 InitTime=1780543419 lastpropose=1780543493 wallGap=74 need>=72 ok1=true lastGap=0 need>=2 ok2=false

第36个块结束relay

[Propose wait] S1 N0 spin=50 epoch=37 now=1780543494 InitTime=1780543419 lastpropose=1780543493 wallGap=75 need>=72 ok1=true lastGap=1 need>=2 ok2=false
[Propose] S1 N0 时间条件满足: epoch=37->38 now=1780543495 InitTime=1780543419 lastpropose=1780543493 wallGap=76>=72 lastGap=2>=2 → propose1
[Propose] S1 N0 等待 sequenceLock…
[Propose] S1 N0 已持有 sequenceLock，seqID=37 即将 propose1
[propose1] S1 N0 seq=37 Tx_pool.Queue_len=124
left_count: 500
更新树花时间为: 13
写数据库IO花时间为: 26
编号为 37 的区块已加入本地区块链！curBlock: 
blockHeader: 
[14078d1fa9e45b63e09ea2e5f8ca8ae5bfea01fdcfc62966c6a26e75bb659dec be4b59847995bb392431bfe5e36196f720351639464500e7c9a563212ef2f26a 59babbdf7ebb40e175f960fa6b3365f136c0cc590d30896a8c746a0912c41012 37 1780543495]
# of transactions: 124
# of TXmig1s: 0
# of In1s: 0
# of Anns: 0
# of NSs: 0
blockHash: 
4ca5656462a38c6f82fd9c70a73262a7915d6c6110ce39e4827814a2898a7dee
[Propose wait] S1 N0 spin=1 epoch=38 now=1780543495 InitTime=1780543419 lastpropose=1780543495 wallGap=76 need>=74 ok1=true lastGap=0 need>=2 ok2=false
[Propose wait] S1 N0 spin=50 epoch=38 now=1780543496 InitTime=1780543419 lastpropose=1780543495 wallGap=77 need>=74 ok1=true lastGap=1 need>=2 ok2=false
[Propose] S1 N0 时间条件满足: epoch=38->39 now=1780543497 InitTime=1780543419 lastpropose=1780543495 wallGap=78>=74 lastGap=2>=2 → propose1
[Propose] S1 N0 等待 sequenceLock…
[Propose] S1 N0 已持有 sequenceLock，seqID=38 即将 propose1
[propose1] S1 N0 seq=38 Tx_pool.Queue_len=0
left_count: 500
更新树花时间为: 0
写数据库IO花时间为: 36
编号为 38 的区块已加入本地区块链！curBlock: 
blockHeader: 
[4ca5656462a38c6f82fd9c70a73262a7915d6c6110ce39e4827814a2898a7dee be4b59847995bb392431bfe5e36196f720351639464500e7c9a563212ef2f26a 56e81f171bcc55a6ff8345e692c0f86e5b48e01b996cadc001622fb5e363b421 38 1780543497]
# of transactions: 0
# of TXmig1s: 0
# of In1s: 0
# of Anns: 0
# of NSs: 0
blockHash: 
bfaecc3487c3c4063cba62e5a8eaf078bd87f7a6f257ccff1ea4ad9c0a3970fa
[Propose wait] S1 N0 spin=1 epoch=39 now=1780543497 InitTime=1780543419 lastpropose=1780543497 wallGap=78 need>=76 ok1=true lastGap=0 need>=2 ok2=false
[Propose wait] S1 N0 spin=50 epoch=39 now=1780543498 InitTime=1780543419 lastpropose=1780543497 wallGap=79 need>=76 ok1=true lastGap=1 need>=2 ok2=false
[Propose] S1 N0 时间条件满足: epoch=39->40 now=1780543499 InitTime=1780543419 lastpropose=1780543497 wallGap=80>=76 lastGap=2>=2 → propose1
[Propose] S1 N0 等待 sequenceLock…
[Propose] S1 N0 已持有 sequenceLock，seqID=39 即将 propose1
[propose1] S1 N0 seq=39 Tx_pool.Queue_len=0
left_count: 500
更新树花时间为: 0
写数据库IO花时间为: 36
编号为 39 的区块已加入本地区块链！curBlock: 
blockHeader: 
[bfaecc3487c3c4063cba62e5a8eaf078bd87f7a6f257ccff1ea4ad9c0a3970fa be4b59847995bb392431bfe5e36196f720351639464500e7c9a563212ef2f26a 56e81f171bcc55a6ff8345e692c0f86e5b48e01b996cadc001622fb5e363b421 39 1780543499]
# of transactions: 0
# of TXmig1s: 0
# of In1s: 0
# of Anns: 0
# of NSs: 0
blockHash: 
70f777936b3d6b3a1b91e3fb6a73ed47dfac9d37a5fa25cbabf0b5cb11736318
[Propose wait] S1 N0 spin=1 epoch=40 now=1780543499 InitTime=1780543419 lastpropose=1780543499 wallGap=80 need>=78 ok1=true lastGap=0 need>=2 ok2=false
[Propose wait] S1 N0 spin=50 epoch=40 now=1780543500 InitTime=1780543419 lastpropose=1780543499 wallGap=81 need>=78 ok1=true lastGap=1 need>=2 ok2=false
[Propose] S1 N0 时间条件满足: epoch=40->41 now=1780543501 InitTime=1780543419 lastpropose=1780543499 wallGap=82>=78 lastGap=2>=2 → propose1
[Propose] S1 N0 等待 sequenceLock…
[Propose] S1 N0 已持有 sequenceLock，seqID=40 即将 propose1
[propose1] S1 N0 seq=40 Tx_pool.Queue_len=0
left_count: 500
更新树花时间为: 2
写数据库IO花时间为: 11
编号为 40 的区块已加入本地区块链！curBlock: 
blockHeader: 
[70f777936b3d6b3a1b91e3fb6a73ed47dfac9d37a5fa25cbabf0b5cb11736318 be4b59847995bb392431bfe5e36196f720351639464500e7c9a563212ef2f26a 56e81f171bcc55a6ff8345e692c0f86e5b48e01b996cadc001622fb5e363b421 40 1780543501]
# of transactions: 0
# of TXmig1s: 0
# of In1s: 0
# of Anns: 0
# of NSs: 0
blockHash: 
26c7acbf7eebe4b4f3dea84047acb1dc7849054e94981fb44b532ceb7feee41c
[Propose wait] S1 N0 spin=1 epoch=41 now=1780543501 InitTime=1780543419 lastpropose=1780543501 wallGap=82 need>=80 ok1=true lastGap=0 need>=2 ok2=false
[Propose wait] S1 N0 spin=50 epoch=41 now=1780543502 InitTime=1780543419 lastpropose=1780543501 wallGap=83 need>=80 ok1=true lastGap=1 need>=2 ok2=false
[Propose] S1 N0 时间条件满足: epoch=41->42 now=1780543503 InitTime=1780543419 lastpropose=1780543501 wallGap=84>=80 lastGap=2>=2 → propose1
[Propose] S1 N0 等待 sequenceLock…
[Propose] S1 N0 已持有 sequenceLock，seqID=41 即将 propose1
[propose1] S1 N0 seq=41 Tx_pool.Queue_len=0
left_count: 500
更新树花时间为: 0
写数据库IO花时间为: 10
编号为 41 的区块已加入本地区块链！curBlock: 
blockHeader: 
[26c7acbf7eebe4b4f3dea84047acb1dc7849054e94981fb44b532ceb7feee41c be4b59847995bb392431bfe5e36196f720351639464500e7c9a563212ef2f26a 56e81f171bcc55a6ff8345e692c0f86e5b48e01b996cadc001622fb5e363b421 41 1780543503]
# of transactions: 0
# of TXmig1s: 0
# of In1s: 0
# of Anns: 0
# of NSs: 0
blockHash: 
aa2e144547c51e590e562cfe5649f4f78f2ce7977f1d20dbeae3ff2589a55b7b
[Propose wait] S1 N0 spin=1 epoch=42 now=1780543503 InitTime=1780543419 lastpropose=1780543503 wallGap=84 need>=82 ok1=true lastGap=0 need>=2 ok2=false
[Propose wait] S1 N0 spin=50 epoch=42 now=1780543504 InitTime=1780543419 lastpropose=1780543503 wallGap=85 need>=82 ok1=true lastGap=1 need>=2 ok2=false
[Propose] S1 N0 时间条件满足: epoch=42->43 now=1780543505 InitTime=1780543419 lastpropose=1780543503 wallGap=86>=82 lastGap=2>=2 → propose1
[Propose] S1 N0 等待 sequenceLock…
[Propose] S1 N0 已持有 sequenceLock，seqID=42 即将 propose1
[propose1] S1 N0 seq=42 Tx_pool.Queue_len=0
left_count: 500
更新树花时间为: 0
写数据库IO花时间为: 12
编号为 42 的区块已加入本地区块链！curBlock: 
blockHeader: 
[aa2e144547c51e590e562cfe5649f4f78f2ce7977f1d20dbeae3ff2589a55b7b be4b59847995bb392431bfe5e36196f720351639464500e7c9a563212ef2f26a 56e81f171bcc55a6ff8345e692c0f86e5b48e01b996cadc001622fb5e363b421 42 1780543505]
# of transactions: 0
# of TXmig1s: 0
# of In1s: 0
# of Anns: 0
# of NSs: 0
blockHash: 
2dd6237c27acbeed7427ec78651402f938af76d1a96a42da699f49b8d2197ee7
[Propose wait] S1 N0 spin=1 epoch=43 now=1780543505 InitTime=1780543419 lastpropose=1780543505 wallGap=86 need>=84 ok1=true lastGap=0 need>=2 ok2=false
节点收到终止节点消息，停止运行
