MigrationStrategy=SOTA-Lock (Stop=false Lock=true NotLock=false)
&{77 N0 S1 2 0 D:\Desktop\实验室\MVSS+\MVSS-main\selectedTxs_300K.csv 2 500 300 150 150 150 150 1000 10 1 400 20000 0 50000 20 true SOTA-Lock false true false false true false 3 false 8 false false false PageRank false 100 true false}
&{77 N0 S1 2 0 D:\Desktop\实验室\MVSS+\MVSS-main\selectedTxs_300K.csv 2 500 300 150 150 150 150 1000 10 1 400 20000 0 50000 20 true SOTA-Lock false true false false true false 3 false 8 false false false PageRank false 100 true false}
交易将由外部客户端发送
节点 N0 已启动，所属分片: S1
[Propose wait-first-tx] S1 N0 seq=1 Queue_len=0，首块等待交易注入后再出块
节点开启监听，地址：127.0.0.1:8020
[Propose wait-first-tx] S1 N0 seq=1 Queue_len=0，首块等待交易注入后再出块
[Propose wait-first-tx] S1 N0 seq=1 Queue_len=0，首块等待交易注入后再出块
[Propose wait-first-tx] S1 N0 seq=1 Queue_len=0，首块等待交易注入后再出块
[Propose wait-first-tx] S1 N0 seq=1 Queue_len=0，首块等待交易注入后再出块
[Propose wait-first-tx] S1 N0 seq=1 Queue_len=0，首块等待交易注入后再出块
[Propose wait-first-tx] S1 N0 seq=1 Queue_len=0，首块等待交易注入后再出块
[Propose wait-first-tx] S1 N0 seq=1 Queue_len=0，首块等待交易注入后再出块
[Propose wait-first-tx] S1 N0 seq=1 Queue_len=0，首块等待交易注入后再出块
[Propose wait-first-tx] S1 N0 seq=1 Queue_len=0，首块等待交易注入后再出块
[Propose wait-first-tx] S1 N0 seq=1 Queue_len=0，首块等待交易注入后再出块
[Propose wait-first-tx] S1 N0 seq=1 Queue_len=0，首块等待交易注入后再出块
[Propose wait-first-tx] S1 N0 seq=1 Queue_len=0，首块等待交易注入后再出块
[Propose wait-first-tx] S1 N0 seq=1 Queue_len=0，首块等待交易注入后再出块
[Propose wait-first-tx] S1 N0 seq=1 Queue_len=0，首块等待交易注入后再出块
[Propose wait-first-tx] S1 N0 seq=1 Queue_len=0，首块等待交易注入后再出块
本节点已接收到客户端发送的初始时间：1780065979（锚定 InitTime=1780065979，已重置 epoch=1）
[Propose wait-first-tx] S1 N0 seq=1 Queue_len=0，首块等待交易注入后再出块
[Propose wait-first-tx] S1 N0 seq=1 Queue_len=0，首块等待交易注入后再出块
[Propose wait-first-tx] S1 N0 seq=1 Queue_len=0，首块等待交易注入后再出块
[handleTxFromClient] S1 N0 recv client batch, tx_count=255
[handleTxFromClient] S1 N0 append to Tx_pool.Queue: local_queued=255 forward_other_shard=0 Queue_total_len=255
[Propose wait-first-tx] S1 N0 首块已检测到交易，结束等待，Queue_len=255
[Propose] S1 N0 时间条件满足: epoch=1->2 now=1780065983 InitTime=1780065979 lastpropose=1780065979 wallGap=4>=0 lastGap=4>=2 → propose1
[Propose] S1 N0 等待 sequenceLock…
[Propose] S1 N0 已持有 sequenceLock，seqID=1 即将 propose1
[propose1] S1 N0 seq=1 Tx_pool.Queue_len=255
left_count: 500
更新树花时间为: 49
写数据库IO花时间为: 55
编号为 1 的区块已加入本地区块链！curBlock: 
blockHeader: 
[1add38160db0458a48072f3ade543ffb4af4e9cfdf8f76549b9568e046a6a3ff 6557cc78541aef2dd8c1ce5a6bcb96b759f504e4194b5296157263e1459744e1 1d658df9e65f4d1544f488c5a45efddc4fc23ae6f3270cd0411636e266d3af12 1 1780065983]
# of transactions: 255
# of TXmig1s: 0
# of In1s: 0
# of Anns: 0
# of NSs: 0
blockHash: 
7a7a50f2d1353e349337f9273660851f7c68d870ec0717196c52655e21d90834

第1个块开始准备relay

[Propose wait] S1 N0 spin=1 epoch=2 now=1780065983 InitTime=1780065979 lastpropose=1780065983 wallGap=4 need>=2 ok1=true lastGap=0 need>=2 ok2=false

第1个块结束relay

[Propose wait] S1 N0 spin=50 epoch=2 now=1780065984 InitTime=1780065979 lastpropose=1780065983 wallGap=5 need>=2 ok1=true lastGap=1 need>=2 ok2=false
[Propose] S1 N0 时间条件满足: epoch=2->3 now=1780065985 InitTime=1780065979 lastpropose=1780065983 wallGap=6>=2 lastGap=2>=2 → propose1
[Propose] S1 N0 等待 sequenceLock…
[Propose] S1 N0 已持有 sequenceLock，seqID=2 即将 propose1
[propose1] S1 N0 seq=2 Tx_pool.Queue_len=241
left_count: 500
[handleTxFromClient] S1 N0 recv client batch, tx_count=652
[handleTxFromClient] S1 N0 append to Tx_pool.Queue: local_queued=652 forward_other_shard=0 Queue_total_len=652
更新树花时间为: 25
写数据库IO花时间为: 31
编号为 2 的区块已加入本地区块链！curBlock: 
blockHeader: 
[7a7a50f2d1353e349337f9273660851f7c68d870ec0717196c52655e21d90834 79dc5f0f0e28274ba37065df4cae7a47ecfb96682e43a2349ae3731df9493f76 1373782a0ce4ec9148bedc0eb6f10a22ccd02e7ef203607447fc746e20a87ede 2 1780065985]
# of transactions: 241
# of TXmig1s: 0
# of In1s: 0
# of Anns: 0
# of NSs: 0
blockHash: 
29ad2aeedd0db512407de77bbd96ceec343caf93c51553d06d005187c3560277
[Propose wait] S1 N0 spin=1 epoch=3 now=1780065985 InitTime=1780065979 lastpropose=1780065985 wallGap=6 need>=4 ok1=true lastGap=0 need>=2 ok2=false
[Propose wait] S1 N0 spin=50 epoch=3 now=1780065986 InitTime=1780065979 lastpropose=1780065985 wallGap=7 need>=4 ok1=true lastGap=1 need>=2 ok2=false
[Propose] S1 N0 时间条件满足: epoch=3->4 now=1780065987 InitTime=1780065979 lastpropose=1780065985 wallGap=8>=4 lastGap=2>=2 → propose1
[Propose] S1 N0 等待 sequenceLock…
[Propose] S1 N0 已持有 sequenceLock，seqID=3 即将 propose1
[propose1] S1 N0 seq=3 Tx_pool.Queue_len=676
left_count: 500
[handleTxFromClient] S1 N0 recv client batch, tx_count=558
[handleTxFromClient] S1 N0 append to Tx_pool.Queue: local_queued=558 forward_other_shard=0 Queue_total_len=734
更新树花时间为: 86
写数据库IO花时间为: 92
编号为 3 的区块已加入本地区块链！curBlock: 
blockHeader: 
[29ad2aeedd0db512407de77bbd96ceec343caf93c51553d06d005187c3560277 7050fb8b05f63d54842dd1a17d7dbf6848b75af2891034587272644861eff757 59333283b3953b705248b05035e22e894c28d7d06e48e039263cbc6e9b50ebdc 3 1780065987]
# of transactions: 500
# of TXmig1s: 0
# of In1s: 0
# of Anns: 0
# of NSs: 0
blockHash: 
66339795ed1e827152775b94ff13ab31660fe400ef232f8a21f35bb0698a37f8

第3个块开始准备relay

[Propose wait] S1 N0 spin=1 epoch=4 now=1780065987 InitTime=1780065979 lastpropose=1780065987 wallGap=8 need>=6 ok1=true lastGap=0 need>=2 ok2=false

第3个块结束relay

[Propose wait] S1 N0 spin=50 epoch=4 now=1780065988 InitTime=1780065979 lastpropose=1780065987 wallGap=9 need>=6 ok1=true lastGap=1 need>=2 ok2=false
[Propose] S1 N0 时间条件满足: epoch=4->5 now=1780065989 InitTime=1780065979 lastpropose=1780065987 wallGap=10>=6 lastGap=2>=2 → propose1
[Propose] S1 N0 等待 sequenceLock…
[Propose] S1 N0 已持有 sequenceLock，seqID=4 即将 propose1
[propose1] S1 N0 seq=4 Tx_pool.Queue_len=810
left_count: 500
[handleTxFromClient] S1 N0 recv client batch, tx_count=238
[handleTxFromClient] S1 N0 append to Tx_pool.Queue: local_queued=238 forward_other_shard=0 Queue_total_len=548
更新树花时间为: 75
写数据库IO花时间为: 82
编号为 4 的区块已加入本地区块链！curBlock: 
blockHeader: 
[66339795ed1e827152775b94ff13ab31660fe400ef232f8a21f35bb0698a37f8 70102d389a093812e5a082935750342d88e7925e07c97ff69770d9069ace51df 1a986ba1208e0db9f52dace77f32fc108a7c7620f4e40fde5d0fff8f2d6da18a 4 1780065989]
# of transactions: 500
# of TXmig1s: 0
# of In1s: 0
# of Anns: 0
# of NSs: 0
blockHash: 
d54509183d1967f980fdcded1447ede915c45799fcfbdeba8c2de2e08125568f

第4个块开始准备relay

[Propose wait] S1 N0 spin=1 epoch=5 now=1780065989 InitTime=1780065979 lastpropose=1780065989 wallGap=10 need>=8 ok1=true lastGap=0 need>=2 ok2=false

第4个块结束relay

[Propose wait] S1 N0 spin=50 epoch=5 now=1780065990 InitTime=1780065979 lastpropose=1780065989 wallGap=11 need>=8 ok1=true lastGap=1 need>=2 ok2=false
[Propose] S1 N0 时间条件满足: epoch=5->6 now=1780065991 InitTime=1780065979 lastpropose=1780065989 wallGap=12>=8 lastGap=2>=2 → propose1
[Propose] S1 N0 等待 sequenceLock…
[Propose] S1 N0 已持有 sequenceLock，seqID=5 即将 propose1
[propose1] S1 N0 seq=5 Tx_pool.Queue_len=688
left_count: 500
[handleTxFromClient] S1 N0 recv client batch, tx_count=687
[handleTxFromClient] S1 N0 append to Tx_pool.Queue: local_queued=687 forward_other_shard=0 Queue_total_len=875
更新树花时间为: 68
写数据库IO花时间为: 75
编号为 5 的区块已加入本地区块链！curBlock: 
blockHeader: 
[d54509183d1967f980fdcded1447ede915c45799fcfbdeba8c2de2e08125568f c8259f937d308dec4ae915d5717aa83fafd7a42032e8afb77d905b7fc2d9de25 f484d9a877791d125fc191e6e7c843dcd8eee7d052d8d9cde9e2c4340cab1ef5 5 1780065991]
# of transactions: 500
# of TXmig1s: 0
# of In1s: 0
# of Anns: 0
# of NSs: 0
blockHash: 
41fcf80876997310bfe09ce339d6c76c7e2290b7d27593ff6f3f02ec25335f28

第5个块开始准备relay

[Propose wait] S1 N0 spin=1 epoch=6 now=1780065991 InitTime=1780065979 lastpropose=1780065991 wallGap=12 need>=10 ok1=true lastGap=0 need>=2 ok2=false

第5个块结束relay

[Propose wait] S1 N0 spin=50 epoch=6 now=1780065992 InitTime=1780065979 lastpropose=1780065991 wallGap=13 need>=10 ok1=true lastGap=1 need>=2 ok2=false
[Propose] S1 N0 时间条件满足: epoch=6->7 now=1780065993 InitTime=1780065979 lastpropose=1780065991 wallGap=14>=10 lastGap=2>=2 → propose1
[Propose] S1 N0 等待 sequenceLock…
[Propose] S1 N0 已持有 sequenceLock，seqID=6 即将 propose1
[propose1] S1 N0 seq=6 Tx_pool.Queue_len=1133
left_count: 500
[handleTxFromClient] S1 N0 recv client batch, tx_count=180
[handleTxFromClient] S1 N0 append to Tx_pool.Queue: local_queued=180 forward_other_shard=0 Queue_total_len=813
更新树花时间为: 62
写数据库IO花时间为: 69
编号为 6 的区块已加入本地区块链！curBlock: 
blockHeader: 
[41fcf80876997310bfe09ce339d6c76c7e2290b7d27593ff6f3f02ec25335f28 00e79fe7da80114ea5ae204aa25a4abf4ab16185d9f09d383892b697c43d48bd 293367fd0477eb5f240f2d6974e76ebea022c5e8f1fbf618bed406dfd788e732 6 1780065993]
# of transactions: 500
# of TXmig1s: 0
# of In1s: 0
# of Anns: 0
# of NSs: 0
blockHash: 
39a684ee458424c950900fce89121f1c356405eb0fe68962cf02102334cc94ba

第6个块开始准备relay

[Propose wait] S1 N0 spin=1 epoch=7 now=1780065993 InitTime=1780065979 lastpropose=1780065993 wallGap=14 need>=12 ok1=true lastGap=0 need>=2 ok2=false

第6个块结束relay

[Propose wait] S1 N0 spin=50 epoch=7 now=1780065994 InitTime=1780065979 lastpropose=1780065993 wallGap=15 need>=12 ok1=true lastGap=1 need>=2 ok2=false
[Propose] S1 N0 时间条件满足: epoch=7->8 now=1780065995 InitTime=1780065979 lastpropose=1780065993 wallGap=16>=12 lastGap=2>=2 → propose1
[Propose] S1 N0 等待 sequenceLock…
[Propose] S1 N0 已持有 sequenceLock，seqID=7 即将 propose1
[propose1] S1 N0 seq=7 Tx_pool.Queue_len=904
left_count: 500
[handleTxFromClient] S1 N0 recv client batch, tx_count=200
[handleTxFromClient] S1 N0 append to Tx_pool.Queue: local_queued=200 forward_other_shard=0 Queue_total_len=604
更新树花时间为: 80
写数据库IO花时间为: 88
编号为 7 的区块已加入本地区块链！curBlock: 
blockHeader: 
[39a684ee458424c950900fce89121f1c356405eb0fe68962cf02102334cc94ba b8e50fa62c492e43ab1e83c906d46f48b3946715e0e101283b35757bd567357d 8791c32ea6d1f5f4db2801e525bacadfc0f81a55b309f37a5dcdd9698709f13a 7 1780065995]
# of transactions: 500
# of TXmig1s: 0
# of In1s: 0
# of Anns: 0
# of NSs: 0
blockHash: 
dc4ad39bb771f64d3e2347399ffb11d05d56e19255ac1055de8b996f7adcc979

第7个块开始准备relay

[Propose wait] S1 N0 spin=1 epoch=8 now=1780065995 InitTime=1780065979 lastpropose=1780065995 wallGap=16 need>=14 ok1=true lastGap=0 need>=2 ok2=false

第7个块结束relay

[Propose wait] S1 N0 spin=50 epoch=8 now=1780065996 InitTime=1780065979 lastpropose=1780065995 wallGap=17 need>=14 ok1=true lastGap=1 need>=2 ok2=false
[Propose] S1 N0 时间条件满足: epoch=8->9 now=1780065997 InitTime=1780065979 lastpropose=1780065995 wallGap=18>=14 lastGap=2>=2 → propose1
[Propose] S1 N0 等待 sequenceLock…
[Propose] S1 N0 已持有 sequenceLock，seqID=8 即将 propose1
[propose1] S1 N0 seq=8 Tx_pool.Queue_len=817
left_count: 500
[handleTxFromClient] S1 N0 recv client batch, tx_count=196
[handleTxFromClient] S1 N0 append to Tx_pool.Queue: local_queued=196 forward_other_shard=0 Queue_total_len=513
更新树花时间为: 62
写数据库IO花时间为: 68
编号为 8 的区块已加入本地区块链！curBlock: 
blockHeader: 
[dc4ad39bb771f64d3e2347399ffb11d05d56e19255ac1055de8b996f7adcc979 2de84296ba056b8109d43e4c17442ce78548bd31a56a54f264f5380adbe4893b f321afb566a2757477f70c22f0e261aaaa63bb408d2324300c96df05ba173250 8 1780065997]
# of transactions: 500
# of TXmig1s: 0
# of In1s: 0
# of Anns: 0
# of NSs: 0
blockHash: 
6e659f8dff5924b7456dafa8b03166fccb17c0c71cb1ccf3b559457a37046e31

第8个块开始准备relay

[Propose wait] S1 N0 spin=1 epoch=9 now=1780065997 InitTime=1780065979 lastpropose=1780065997 wallGap=18 need>=16 ok1=true lastGap=0 need>=2 ok2=false

第8个块结束relay

[Propose wait] S1 N0 spin=50 epoch=9 now=1780065998 InitTime=1780065979 lastpropose=1780065997 wallGap=19 need>=16 ok1=true lastGap=1 need>=2 ok2=false
[Propose] S1 N0 时间条件满足: epoch=9->10 now=1780065999 InitTime=1780065979 lastpropose=1780065997 wallGap=20>=16 lastGap=2>=2 → propose1
[Propose] S1 N0 等待 sequenceLock…
[Propose] S1 N0 已持有 sequenceLock，seqID=9 即将 propose1
[propose1] S1 N0 seq=9 Tx_pool.Queue_len=682
left_count: 500
更新树花时间为: 60
写数据库IO花时间为: 67
编号为 9 的区块已加入本地区块链！curBlock: 
blockHeader: 
[6e659f8dff5924b7456dafa8b03166fccb17c0c71cb1ccf3b559457a37046e31 5a6fe9bdc849f03185920a82f47c6038271e55d8377293661279f017b1a3516b d9cd0b283276617c2099cc4c262a3a02ecb2864b58cfbae3ccb0de318159fe26 9 1780065999]
# of transactions: 500
# of TXmig1s: 0
# of In1s: 0
# of Anns: 0
# of NSs: 0
blockHash: 
6a15e8ee6a28216e1a687365fb726c271b653aa2819515a4439a45871cf36847

第9个块开始准备relay

[Propose wait] S1 N0 spin=1 epoch=10 now=1780065999 InitTime=1780065979 lastpropose=1780065999 wallGap=20 need>=18 ok1=true lastGap=0 need>=2 ok2=false
[handleTxFromClient] S1 N0 recv client batch, tx_count=317
[handleTxFromClient] S1 N0 append to Tx_pool.Queue: local_queued=317 forward_other_shard=0 Queue_total_len=499

第9个块结束relay

[Propose wait] S1 N0 spin=50 epoch=10 now=1780066000 InitTime=1780065979 lastpropose=1780065999 wallGap=21 need>=18 ok1=true lastGap=1 need>=2 ok2=false
[Propose] S1 N0 时间条件满足: epoch=10->11 now=1780066001 InitTime=1780065979 lastpropose=1780065999 wallGap=22>=18 lastGap=2>=2 → propose1
[Propose] S1 N0 等待 sequenceLock…
[Propose] S1 N0 已持有 sequenceLock，seqID=10 即将 propose1
[propose1] S1 N0 seq=10 Tx_pool.Queue_len=768
left_count: 500
更新树花时间为: 65
写数据库IO花时间为: 86
编号为 10 的区块已加入本地区块链！curBlock: 
blockHeader: 
[6a15e8ee6a28216e1a687365fb726c271b653aa2819515a4439a45871cf36847 fb220af803dde9a41ea170f8ca84220e89a810f2da646b24e1f0cbef8af1c948 068aa71e6beb1ae4fc76109b52b8cb589339cfde35ed2093973e01f9f60faf38 10 1780066001]
# of transactions: 500
# of TXmig1s: 0
# of In1s: 0
# of Anns: 0
# of NSs: 0
blockHash: 
42aa9c19a9d18354bc453cf2ddb5a3092e5eab83514c9ad1aa1162a4026e2c0b

第10个块开始准备relay

[Propose wait] S1 N0 spin=1 epoch=11 now=1780066001 InitTime=1780065979 lastpropose=1780066001 wallGap=22 need>=20 ok1=true lastGap=0 need>=2 ok2=false
[handleTxFromClient] S1 N0 recv client batch, tx_count=170
[handleTxFromClient] S1 N0 append to Tx_pool.Queue: local_queued=170 forward_other_shard=0 Queue_total_len=438

第10个块结束relay

[Propose wait] S1 N0 spin=50 epoch=11 now=1780066002 InitTime=1780065979 lastpropose=1780066001 wallGap=23 need>=20 ok1=true lastGap=1 need>=2 ok2=false
[Propose] S1 N0 时间条件满足: epoch=11->12 now=1780066003 InitTime=1780065979 lastpropose=1780066001 wallGap=24>=20 lastGap=2>=2 → propose1
[Propose] S1 N0 等待 sequenceLock…
[Propose] S1 N0 已持有 sequenceLock，seqID=11 即将 propose1
[propose1] S1 N0 seq=11 Tx_pool.Queue_len=591
left_count: 500
更新树花时间为: 59
写数据库IO花时间为: 66
编号为 11 的区块已加入本地区块链！curBlock: 
blockHeader: 
[42aa9c19a9d18354bc453cf2ddb5a3092e5eab83514c9ad1aa1162a4026e2c0b 44b9fa5d747359e523f50cf13c5716cc7875845a6af51ada09e3a2e3f462ce62 060cb41633de404eba4641f983f4f25c7b22c56a32f8271e080025f4748d36cd 11 1780066003]
# of transactions: 500
# of TXmig1s: 0
# of In1s: 0
# of Anns: 0
# of NSs: 0
blockHash: 
5631ba792c59f6fc5377d976337bdbe94659bcd7b084be97e9bdd58e4e188264

第11个块开始准备relay

[Propose wait] S1 N0 spin=1 epoch=12 now=1780066003 InitTime=1780065979 lastpropose=1780066003 wallGap=24 need>=22 ok1=true lastGap=0 need>=2 ok2=false
[handleTxFromClient] S1 N0 recv client batch, tx_count=581
[handleTxFromClient] S1 N0 append to Tx_pool.Queue: local_queued=581 forward_other_shard=0 Queue_total_len=672

第11个块结束relay

[Propose wait] S1 N0 spin=50 epoch=12 now=1780066004 InitTime=1780065979 lastpropose=1780066003 wallGap=25 need>=22 ok1=true lastGap=1 need>=2 ok2=false
[Propose] S1 N0 时间条件满足: epoch=12->13 now=1780066005 InitTime=1780065979 lastpropose=1780066003 wallGap=26>=22 lastGap=2>=2 → propose1
[Propose] S1 N0 等待 sequenceLock…
[Propose] S1 N0 已持有 sequenceLock，seqID=12 即将 propose1
[propose1] S1 N0 seq=12 Tx_pool.Queue_len=888
left_count: 500
更新树花时间为: 104
写数据库IO花时间为: 111
编号为 12 的区块已加入本地区块链！curBlock: 
blockHeader: 
[5631ba792c59f6fc5377d976337bdbe94659bcd7b084be97e9bdd58e4e188264 b157fba095de1162bd14a9219f25d1c12bb20e6c071986a07d658944ff6a75b2 638d316ddf9f687e4f8b22d731e19f8b594610c3c7d31a3d04fa36870305e7b0 12 1780066005]
# of transactions: 500
# of TXmig1s: 0
# of In1s: 0
# of Anns: 0
# of NSs: 0
blockHash: 
a8fbe21599b97ec22cd8646ae00ded4410000f8966277b2920b681b251269145

第12个块开始准备relay

[Propose wait] S1 N0 spin=1 epoch=13 now=1780066005 InitTime=1780065979 lastpropose=1780066005 wallGap=26 need>=24 ok1=true lastGap=0 need>=2 ok2=false
[handleTxFromClient] S1 N0 recv client batch, tx_count=684
[handleTxFromClient] S1 N0 append to Tx_pool.Queue: local_queued=684 forward_other_shard=0 Queue_total_len=1072

第12个块结束relay

[Propose wait] S1 N0 spin=50 epoch=13 now=1780066006 InitTime=1780065979 lastpropose=1780066005 wallGap=27 need>=24 ok1=true lastGap=1 need>=2 ok2=false
[Propose] S1 N0 时间条件满足: epoch=13->14 now=1780066007 InitTime=1780065979 lastpropose=1780066005 wallGap=28>=24 lastGap=2>=2 → propose1
[Propose] S1 N0 等待 sequenceLock…
[Propose] S1 N0 已持有 sequenceLock，seqID=13 即将 propose1
[propose1] S1 N0 seq=13 Tx_pool.Queue_len=1269
left_count: 500
更新树花时间为: 56
写数据库IO花时间为: 62
编号为 13 的区块已加入本地区块链！curBlock: 
blockHeader: 
[a8fbe21599b97ec22cd8646ae00ded4410000f8966277b2920b681b251269145 56536807338c07ea31cd326ecfc113f18e90128693e18c5f39d026c9fb77c6b7 b30653bd4974f9297b49952f0e9c9962ccb92d2d81517f0c9d945ba1854da7db 13 1780066007]
# of transactions: 500
# of TXmig1s: 0
# of In1s: 0
# of Anns: 0
# of NSs: 0
blockHash: 
49ae9aa6b1a443aaef30b70a5029899f5e19b94cefdb5eef4455733bf359ce3c

第13个块开始准备relay

[Propose wait] S1 N0 spin=1 epoch=14 now=1780066007 InitTime=1780065979 lastpropose=1780066007 wallGap=28 need>=26 ok1=true lastGap=0 need>=2 ok2=false
[handleTxFromClient] S1 N0 recv client batch, tx_count=216
[handleTxFromClient] S1 N0 append to Tx_pool.Queue: local_queued=216 forward_other_shard=0 Queue_total_len=985

第13个块结束relay

[Propose wait] S1 N0 spin=50 epoch=14 now=1780066008 InitTime=1780065979 lastpropose=1780066007 wallGap=29 need>=26 ok1=true lastGap=1 need>=2 ok2=false
[Propose] S1 N0 时间条件满足: epoch=14->15 now=1780066009 InitTime=1780065979 lastpropose=1780066007 wallGap=30>=26 lastGap=2>=2 → propose1
[Propose] S1 N0 等待 sequenceLock…
[Propose] S1 N0 已持有 sequenceLock，seqID=14 即将 propose1
[propose1] S1 N0 seq=14 Tx_pool.Queue_len=1255
left_count: 500
更新树花时间为: 83
写数据库IO花时间为: 90
编号为 14 的区块已加入本地区块链！curBlock: 
blockHeader: 
[49ae9aa6b1a443aaef30b70a5029899f5e19b94cefdb5eef4455733bf359ce3c 4db8d1cc8afbc10c2247ae4691b10fe3af0289d5291117a45db8a667f722ce5b 11f116e4d5e756f4a1ec3015c3e59a5a38003e5460db5a80e5873a4c2f8d337e 14 1780066009]
# of transactions: 500
# of TXmig1s: 0
# of In1s: 0
# of Anns: 0
# of NSs: 0
blockHash: 
9e9cc3673ca85f9987acc1a413c2644e0020ef90f61ffdfab650219a9246d283

第14个块开始准备relay

[Propose wait] S1 N0 spin=1 epoch=15 now=1780066009 InitTime=1780065979 lastpropose=1780066009 wallGap=30 need>=28 ok1=true lastGap=0 need>=2 ok2=false
[handleTxFromClient] S1 N0 recv client batch, tx_count=184
[handleTxFromClient] S1 N0 append to Tx_pool.Queue: local_queued=184 forward_other_shard=0 Queue_total_len=939

第14个块结束relay

[Propose wait] S1 N0 spin=50 epoch=15 now=1780066010 InitTime=1780065979 lastpropose=1780066009 wallGap=31 need>=28 ok1=true lastGap=1 need>=2 ok2=false
[Propose] S1 N0 时间条件满足: epoch=15->16 now=1780066011 InitTime=1780065979 lastpropose=1780066009 wallGap=32>=28 lastGap=2>=2 → propose1
[Propose] S1 N0 等待 sequenceLock…
[Propose] S1 N0 已持有 sequenceLock，seqID=15 即将 propose1
[propose1] S1 N0 seq=15 Tx_pool.Queue_len=1107
left_count: 500
更新树花时间为: 78
写数据库IO花时间为: 87
编号为 15 的区块已加入本地区块链！curBlock: 
blockHeader: 
[9e9cc3673ca85f9987acc1a413c2644e0020ef90f61ffdfab650219a9246d283 4d17af6d4be11a645e635a308d0f27aeb12770e71ffedec538826c347d2d8fe5 2eb0d586e9eb0de41f7925f05717bf9ef2b7896b140729482966fcdfa26b9efb 15 1780066011]
# of transactions: 500
# of TXmig1s: 0
# of In1s: 0
# of Anns: 0
# of NSs: 0
blockHash: 
0704d0b701c1c02c4be9e41915b3c72b90c9c4f32ff9180e150ad13764b7eddc

第15个块开始准备relay

[Propose wait] S1 N0 spin=1 epoch=16 now=1780066011 InitTime=1780065979 lastpropose=1780066011 wallGap=32 need>=30 ok1=true lastGap=0 need>=2 ok2=false
[handleTxFromClient] S1 N0 recv client batch, tx_count=228
[handleTxFromClient] S1 N0 append to Tx_pool.Queue: local_queued=228 forward_other_shard=0 Queue_total_len=835

第15个块结束relay

[Propose wait] S1 N0 spin=50 epoch=16 now=1780066012 InitTime=1780065979 lastpropose=1780066011 wallGap=33 need>=30 ok1=true lastGap=1 need>=2 ok2=false
[Propose] S1 N0 时间条件满足: epoch=16->17 now=1780066013 InitTime=1780065979 lastpropose=1780066011 wallGap=34>=30 lastGap=2>=2 → propose1
[Propose] S1 N0 等待 sequenceLock…
[Propose] S1 N0 已持有 sequenceLock，seqID=16 即将 propose1
[propose1] S1 N0 seq=16 Tx_pool.Queue_len=976
left_count: 500
更新树花时间为: 62
写数据库IO花时间为: 83
编号为 16 的区块已加入本地区块链！curBlock: 
blockHeader: 
[0704d0b701c1c02c4be9e41915b3c72b90c9c4f32ff9180e150ad13764b7eddc a3042e3df869050cc18689f1a5dd5ebf6afe5865a374c81db9caa2eb3eded134 34f998ccbcba065611dba96b275f46d1db3a699123a5dd79e884b50f3bf5a3ff 16 1780066013]
# of transactions: 500
# of TXmig1s: 0
# of In1s: 0
# of Anns: 0
# of NSs: 0
blockHash: 
60e073a7497b8c880618510bc051a62da5b78aa4e9f87c8dec056466806f2720

第16个块开始准备relay

[Propose wait] S1 N0 spin=1 epoch=17 now=1780066013 InitTime=1780065979 lastpropose=1780066013 wallGap=34 need>=32 ok1=true lastGap=0 need>=2 ok2=false
[handleTxFromClient] S1 N0 recv client batch, tx_count=276
[handleTxFromClient] S1 N0 append to Tx_pool.Queue: local_queued=276 forward_other_shard=0 Queue_total_len=752

第16个块结束relay

[Propose wait] S1 N0 spin=50 epoch=17 now=1780066014 InitTime=1780065979 lastpropose=1780066013 wallGap=35 need>=32 ok1=true lastGap=1 need>=2 ok2=false
[Propose] S1 N0 时间条件满足: epoch=17->18 now=1780066015 InitTime=1780065979 lastpropose=1780066013 wallGap=36>=32 lastGap=2>=2 → propose1
[Propose] S1 N0 等待 sequenceLock…
[Propose] S1 N0 已持有 sequenceLock，seqID=17 即将 propose1
[propose1] S1 N0 seq=17 Tx_pool.Queue_len=999
left_count: 500
更新树花时间为: 74
写数据库IO花时间为: 80
编号为 17 的区块已加入本地区块链！curBlock: 
blockHeader: 
[60e073a7497b8c880618510bc051a62da5b78aa4e9f87c8dec056466806f2720 f1134b1bc427bbc64fee3f7d6edf8cfcd1e2870b95668afa12c1119e7fe63510 a9e7fc6304d4526506120394c7bb0efc61b83475c1eefaee13bce7f4388a144b 17 1780066015]
# of transactions: 500
# of TXmig1s: 0
# of In1s: 0
# of Anns: 0
# of NSs: 0
blockHash: 
9fa76dc7f83067d85c8765ce5a4072d2fd7dad53a16daf185676504885a6a5ac

第17个块开始准备relay

[Propose wait] S1 N0 spin=1 epoch=18 now=1780066015 InitTime=1780065979 lastpropose=1780066015 wallGap=36 need>=34 ok1=true lastGap=0 need>=2 ok2=false
[handleTxFromClient] S1 N0 recv client batch, tx_count=742
[handleTxFromClient] S1 N0 append to Tx_pool.Queue: local_queued=742 forward_other_shard=0 Queue_total_len=1241

第17个块结束relay

[Propose wait] S1 N0 spin=50 epoch=18 now=1780066016 InitTime=1780065979 lastpropose=1780066015 wallGap=37 need>=34 ok1=true lastGap=1 need>=2 ok2=false
[Propose] S1 N0 时间条件满足: epoch=18->19 now=1780066017 InitTime=1780065979 lastpropose=1780066015 wallGap=38>=34 lastGap=2>=2 → propose1
[Propose] S1 N0 等待 sequenceLock…
[Propose] S1 N0 已持有 sequenceLock，seqID=18 即将 propose1
[propose1] S1 N0 seq=18 Tx_pool.Queue_len=1444
left_count: 500
更新树花时间为: 68
写数据库IO花时间为: 75
编号为 18 的区块已加入本地区块链！curBlock: 
blockHeader: 
[9fa76dc7f83067d85c8765ce5a4072d2fd7dad53a16daf185676504885a6a5ac 5f0dcc4ccb1d9868914c9f8d4e977ed120a301b7ad31a8d82529c35d45452830 dd087f5d7d697c7dd70306ed1dde9c7e0b0b1a386f313d39cb89f8eb9583e6bc 18 1780066017]
# of transactions: 500
# of TXmig1s: 0
# of In1s: 0
# of Anns: 0
# of NSs: 0
blockHash: 
ace66ca428a10a9ae48ffea784560d6bb0390a4d57c18314ad9c5d1be1def75b

第18个块开始准备relay

[Propose wait] S1 N0 spin=1 epoch=19 now=1780066017 InitTime=1780065979 lastpropose=1780066017 wallGap=38 need>=36 ok1=true lastGap=0 need>=2 ok2=false
[handleTxFromClient] S1 N0 recv client batch, tx_count=752
[handleTxFromClient] S1 N0 append to Tx_pool.Queue: local_queued=752 forward_other_shard=0 Queue_total_len=1696

第18个块结束relay

[Propose wait] S1 N0 spin=50 epoch=19 now=1780066018 InitTime=1780065979 lastpropose=1780066017 wallGap=39 need>=36 ok1=true lastGap=1 need>=2 ok2=false
[Propose] S1 N0 时间条件满足: epoch=19->20 now=1780066019 InitTime=1780065979 lastpropose=1780066017 wallGap=40>=36 lastGap=2>=2 → propose1
[Propose] S1 N0 等待 sequenceLock…
[Propose] S1 N0 已持有 sequenceLock，seqID=19 即将 propose1
[propose1] S1 N0 seq=19 Tx_pool.Queue_len=1852
left_count: 500
更新树花时间为: 82
写数据库IO花时间为: 91
编号为 19 的区块已加入本地区块链！curBlock: 
blockHeader: 
[ace66ca428a10a9ae48ffea784560d6bb0390a4d57c18314ad9c5d1be1def75b f9084a1a219bf85658bcaa09ec370b17c8bf64e945efd73b9789a2fc52163140 acfe1c16e6d262e4ad20672cf5b75b6c3507fd6b34e696bee70f2c4e2dce0c7e 19 1780066019]
# of transactions: 500
# of TXmig1s: 0
# of In1s: 0
# of Anns: 0
# of NSs: 0
blockHash: 
7f1582178e57c18b003ba2315eb16c738d2f17cc687d760c78c5241ad391e6b8

第19个块开始准备relay

[Propose wait] S1 N0 spin=1 epoch=20 now=1780066019 InitTime=1780065979 lastpropose=1780066019 wallGap=40 need>=38 ok1=true lastGap=0 need>=2 ok2=false
[handleTxFromClient] S1 N0 recv client batch, tx_count=767
[handleTxFromClient] S1 N0 append to Tx_pool.Queue: local_queued=767 forward_other_shard=0 Queue_total_len=2119

第19个块结束relay

[Propose wait] S1 N0 spin=50 epoch=20 now=1780066020 InitTime=1780065979 lastpropose=1780066019 wallGap=41 need>=38 ok1=true lastGap=1 need>=2 ok2=false
[Propose] S1 N0 时间条件满足: epoch=20->21 now=1780066021 InitTime=1780065979 lastpropose=1780066019 wallGap=42>=38 lastGap=2>=2 → propose1
[Propose] S1 N0 等待 sequenceLock…
[Propose] S1 N0 已持有 sequenceLock，seqID=20 即将 propose1
[propose1] S1 N0 seq=20 Tx_pool.Queue_len=2373
left_count: 500
更新树花时间为: 72
写数据库IO花时间为: 78
编号为 20 的区块已加入本地区块链！curBlock: 
blockHeader: 
[7f1582178e57c18b003ba2315eb16c738d2f17cc687d760c78c5241ad391e6b8 33bd924ff5ecb12ad2a77a604c85a33162cbb028deb5273a69d0d478b9726806 178b7bae529dbc7e49ffcc3aa53657a3380c2a8d8dd3de1525bf7b836cc41705 20 1780066021]
# of transactions: 500
# of TXmig1s: 0
# of In1s: 0
# of Anns: 0
# of NSs: 0
blockHash: 
03e96bc6e29327ef075449dcb7f9d93b8bb1e8e0e2b5fa35533657276edccacf

第20个块开始准备relay

[Propose wait] S1 N0 spin=1 epoch=21 now=1780066021 InitTime=1780065979 lastpropose=1780066021 wallGap=42 need>=40 ok1=true lastGap=0 need>=2 ok2=false
[handleTxFromClient] S1 N0 recv client batch, tx_count=779
[handleTxFromClient] S1 N0 append to Tx_pool.Queue: local_queued=779 forward_other_shard=0 Queue_total_len=2652

第20个块结束relay

[Propose wait] S1 N0 spin=50 epoch=21 now=1780066022 InitTime=1780065979 lastpropose=1780066021 wallGap=43 need>=40 ok1=true lastGap=1 need>=2 ok2=false
[Propose] S1 N0 时间条件满足: epoch=21->22 now=1780066023 InitTime=1780065979 lastpropose=1780066021 wallGap=44>=40 lastGap=2>=2 → propose1
[Propose] S1 N0 等待 sequenceLock…
[Propose] S1 N0 已持有 sequenceLock，seqID=21 即将 propose1
[propose1] S1 N0 seq=21 Tx_pool.Queue_len=2852
left_count: 500
本节点已接收到client发来准备迁移通知
更新树花时间为: 88
写数据库IO花时间为: 94
编号为 21 的区块已加入本地区块链！curBlock: 
blockHeader: 
[03e96bc6e29327ef075449dcb7f9d93b8bb1e8e0e2b5fa35533657276edccacf a8a93d36bb423748e146fc124ac225ec9a775f5fe002e0feef5982f503d0944c 6b249117474622ad6f4679bbb1f95350801a80bdb9549aa02852d7a33c23be3f 21 1780066023]
# of transactions: 500
# of TXmig1s: 0
# of In1s: 0
# of Anns: 0
# of NSs: 0
blockHash: 
357623e65eed67a4014661a7c2b9982d91241fd8e89b45126a9efc8ed192dc40

第21个块开始准备relay

[Propose wait] S1 N0 spin=1 epoch=22 now=1780066023 InitTime=1780065979 lastpropose=1780066023 wallGap=44 need>=42 ok1=true lastGap=0 need>=2 ok2=false
本节点已将 pending 发送到 client（2352 笔）
本节点已接收到客户端发送的新映射
[handleTxFromClient] S1 N0 recv client batch, tx_count=765
[handleTxFromClient] S1 N0 append to Tx_pool.Queue: local_queued=765 forward_other_shard=0 Queue_total_len=3117

第21个块结束relay

[Propose wait] S1 N0 spin=50 epoch=22 now=1780066024 InitTime=1780065979 lastpropose=1780066023 wallGap=45 need>=42 ok1=true lastGap=1 need>=2 ok2=false
[Propose] S1 N0 时间条件满足: epoch=22->23 now=1780066025 InitTime=1780065979 lastpropose=1780066023 wallGap=46>=42 lastGap=2>=2 → propose1
[Propose] S1 N0 等待 sequenceLock…
[Propose] S1 N0 已持有 sequenceLock，seqID=22 即将 propose1
[propose1] S1 N0 seq=22 Tx_pool.Queue_len=3285
left_count: 488
更新树花时间为: 67
写数据库IO花时间为: 73
编号为 22 的区块已加入本地区块链！curBlock: 
blockHeader: 
[357623e65eed67a4014661a7c2b9982d91241fd8e89b45126a9efc8ed192dc40 40ca92369cb01fb1fa332ce2ae97f92412151374580e0db71ba0744afd0e91a8 bb98b016bccbddc436831cf866acd6103494fd320f44a2f568c90289c500c013 22 1780066025]
# of transactions: 488
# of TXmig1s: 12
# of In1s: 0
# of Anns: 0
# of NSs: 0
blockHash: 
6c8a2de93fb0a4af0cd15165961a75979f5d4b6c2ed8c3541b88139205684c2b

第22个块开始准备relay

[Propose wait] S1 N0 spin=1 epoch=23 now=1780066025 InitTime=1780065979 lastpropose=1780066025 wallGap=46 need>=44 ok1=true lastGap=0 need>=2 ok2=false
[handleTxFromClient] S1 N0 recv client batch, tx_count=770
[handleTxFromClient] S1 N0 append to Tx_pool.Queue: local_queued=770 forward_other_shard=0 Queue_total_len=3601

本节点已接收到分片S0发来的迁移请求 
9999999999999999999999967582257438217000


第22个块结束relay

[Propose wait] S1 N0 spin=50 epoch=23 now=1780066026 InitTime=1780065979 lastpropose=1780066025 wallGap=47 need>=44 ok1=true lastGap=1 need>=2 ok2=false
[Propose] S1 N0 时间条件满足: epoch=23->24 now=1780066027 InitTime=1780065979 lastpropose=1780066025 wallGap=48>=44 lastGap=2>=2 → propose1
[Propose] S1 N0 等待 sequenceLock…
[Propose] S1 N0 已持有 sequenceLock，seqID=23 即将 propose1
[propose1] S1 N0 seq=23 Tx_pool.Queue_len=3601
left_count: 200
本节点已接收到分片S0发来通知 
更新树花时间为: 72
写数据库IO花时间为: 87
编号为 23 的区块已加入本地区块链！curBlock: 
blockHeader: 
[6c8a2de93fb0a4af0cd15165961a75979f5d4b6c2ed8c3541b88139205684c2b 5dec05568fe2c12bde12a1ff047eb7f9ac0a1b70849af89af8c3866465be81f8 48b0f10f71108fd02e9e4e5884c7a683cedf2aeb30916d019abd0c38a880a76e 23 1780066027]
# of transactions: 200
# of TXmig1s: 0
# of In1s: 300
# of Anns: 0
# of NSs: 0
blockHash: 
d3c580210b156998077111e5e996a365164a818ef8f44f05bb5789f71cae7efd

第23个块开始准备relay

[Propose wait] S1 N0 spin=1 epoch=24 now=1780066027 InitTime=1780065979 lastpropose=1780066027 wallGap=48 need>=46 ok1=true lastGap=0 need>=2 ok2=false
1
2
3

本节点已接收到分片S0发来的迁移请求 
10000000000000000000000013673410000000000


第23个块结束relay

[handleTxFromClient] S1 N0 recv client batch, tx_count=340
[handleTxFromClient] S1 N0 append to Tx_pool.Queue: local_queued=340 forward_other_shard=0 Queue_total_len=3770
[Propose wait] S1 N0 spin=50 epoch=24 now=1780066028 InitTime=1780065979 lastpropose=1780066027 wallGap=49 need>=46 ok1=true lastGap=1 need>=2 ok2=false
[Propose] S1 N0 时间条件满足: epoch=24->25 now=1780066029 InitTime=1780065979 lastpropose=1780066027 wallGap=50>=46 lastGap=2>=2 → propose1
[Propose] S1 N0 等待 sequenceLock…
[Propose] S1 N0 已持有 sequenceLock，seqID=24 即将 propose1
[propose1] S1 N0 seq=24 Tx_pool.Queue_len=3770
left_count: 326
更新树花时间为: 73
写数据库IO花时间为: 84
编号为 24 的区块已加入本地区块链！curBlock: 
blockHeader: 
[d3c580210b156998077111e5e996a365164a818ef8f44f05bb5789f71cae7efd 0f156469030da8977180a65da0fb7ec4cfeb2ad6b0da00408db48cc865ce9920 af886e090fd20e08473f96d87fcb5ee6e76767ad8da3c628b022301c850e4a80 24 1780066029]
# of transactions: 326
# of TXmig1s: 0
# of In1s: 162
# of Anns: 12
# of NSs: 0
blockHash: 
6e81008f482dde435bd1605815a1e4b2f97203a47d0139af666088d0a19f1bbf
handleAnns时是第24个块

handleannounce交易池操作时差为：1559
handleannounce两锁时差为：1559


第24个块开始准备relay

[Propose wait] S1 N0 spin=1 epoch=25 now=1780066029 InitTime=1780065979 lastpropose=1780066029 wallGap=50 need>=48 ok1=true lastGap=0 need>=2 ok2=false
时间：50205  正在向分片S0的主节点发送新
本节点已将不变的账户数量发送到client

[handleTxFromClient] S1 N0 recv client batch, tx_count=413
[handleTxFromClient] S1 N0 append to Tx_pool.Queue: local_queued=413 forward_other_shard=0 Queue_total_len=3847

第24个块结束relay

[Propose wait] S1 N0 spin=50 epoch=25 now=1780066030 InitTime=1780065979 lastpropose=1780066029 wallGap=51 need>=48 ok1=true lastGap=1 need>=2 ok2=false
[Propose] S1 N0 时间条件满足: epoch=25->26 now=1780066031 InitTime=1780065979 lastpropose=1780066029 wallGap=52>=48 lastGap=2>=2 → propose1
[Propose] S1 N0 等待 sequenceLock…
[Propose] S1 N0 已持有 sequenceLock，seqID=25 即将 propose1
[propose1] S1 N0 seq=25 Tx_pool.Queue_len=3936
left_count: 500
更新树花时间为: 66
写数据库IO花时间为: 76
编号为 25 的区块已加入本地区块链！curBlock: 
blockHeader: 
[6e81008f482dde435bd1605815a1e4b2f97203a47d0139af666088d0a19f1bbf 6e401c749a6a295708fd679cedfada8a1ded1463259133f2bff78e844ba1a3d1 f3f3d68e47029d3c3245af396949f9e77f78f5bea23b6a6bb225fc76bfb5e19d 25 1780066031]
# of transactions: 500
# of TXmig1s: 0
# of In1s: 0
# of Anns: 0
# of NSs: 0
blockHash: 
49707f70e59ff76f87e0db32bf13776548c5e6c8e8a24b0e08fa953539f9e19a

第25个块开始准备relay

[Propose wait] S1 N0 spin=1 epoch=26 now=1780066031 InitTime=1780065979 lastpropose=1780066031 wallGap=52 need>=50 ok1=true lastGap=0 need>=2 ok2=false
时间：1780066031236  本节点已接收到新
本节点已将迁移过来的pending交易的账户数量发送到client


第25个块结束relay

[handleTxFromClient] S1 N0 recv client batch, tx_count=734
[handleTxFromClient] S1 N0 append to Tx_pool.Queue: local_queued=734 forward_other_shard=0 Queue_total_len=4547
[Propose wait] S1 N0 spin=50 epoch=26 now=1780066032 InitTime=1780065979 lastpropose=1780066031 wallGap=53 need>=50 ok1=true lastGap=1 need>=2 ok2=false
[Propose] S1 N0 时间条件满足: epoch=26->27 now=1780066033 InitTime=1780065979 lastpropose=1780066031 wallGap=54>=50 lastGap=2>=2 → propose1
[Propose] S1 N0 等待 sequenceLock…
[Propose] S1 N0 已持有 sequenceLock，seqID=26 即将 propose1
[propose1] S1 N0 seq=26 Tx_pool.Queue_len=4547
left_count: 500
时间：1780066033188  本节点已接收到新
本节点已将迁移过来的pending交易的账户数量发送到client

更新树花时间为: 83
写数据库IO花时间为: 89
编号为 26 的区块已加入本地区块链！curBlock: 
blockHeader: 
[49707f70e59ff76f87e0db32bf13776548c5e6c8e8a24b0e08fa953539f9e19a 15ed886eca74e2975b1038f42ae0a33ad8a79cb32176d319a17dc26fcf2b5de5 910c0e78dd52f5a6ffa9440459bffc887247d788a816e65ffd100baa02f41f5f 26 1780066033]
# of transactions: 500
# of TXmig1s: 0
# of In1s: 0
# of Anns: 0
# of NSs: 0
blockHash: 
bd3b4ed56888c066ae086a67f999167e3208a9042d1a96031f0c768b76963230

第26个块开始准备relay

[Propose wait] S1 N0 spin=1 epoch=27 now=1780066033 InitTime=1780065979 lastpropose=1780066033 wallGap=54 need>=52 ok1=true lastGap=0 need>=2 ok2=false

第26个块结束relay

[Propose wait] S1 N0 spin=50 epoch=27 now=1780066034 InitTime=1780065979 lastpropose=1780066033 wallGap=55 need>=52 ok1=true lastGap=1 need>=2 ok2=false
[Propose] S1 N0 时间条件满足: epoch=27->28 now=1780066035 InitTime=1780065979 lastpropose=1780066033 wallGap=56>=52 lastGap=2>=2 → propose1
[Propose] S1 N0 等待 sequenceLock…
[Propose] S1 N0 已持有 sequenceLock，seqID=27 即将 propose1
[propose1] S1 N0 seq=27 Tx_pool.Queue_len=4243
left_count: 500
更新树花时间为: 70
写数据库IO花时间为: 78
编号为 27 的区块已加入本地区块链！curBlock: 
blockHeader: 
[bd3b4ed56888c066ae086a67f999167e3208a9042d1a96031f0c768b76963230 a6c1edac131b693268e660c480c0c9dc8d429dbf86559f6bdbea06096c431c51 87ce365194e57a020da95c2a23489b6881f68046d762af1546c8676fd38bcc93 27 1780066035]
# of transactions: 500
# of TXmig1s: 0
# of In1s: 0
# of Anns: 0
# of NSs: 0
blockHash: 
2395e189c59f39b65b0b3b579167eec11b8a096a2d6158732676ccfc76f41bd0

第27个块开始准备relay

[Propose wait] S1 N0 spin=1 epoch=28 now=1780066035 InitTime=1780065979 lastpropose=1780066035 wallGap=56 need>=54 ok1=true lastGap=0 need>=2 ok2=false

第27个块结束relay

[Propose wait] S1 N0 spin=50 epoch=28 now=1780066036 InitTime=1780065979 lastpropose=1780066035 wallGap=57 need>=54 ok1=true lastGap=1 need>=2 ok2=false
[Propose] S1 N0 时间条件满足: epoch=28->29 now=1780066037 InitTime=1780065979 lastpropose=1780066035 wallGap=58>=54 lastGap=2>=2 → propose1
[Propose] S1 N0 等待 sequenceLock…
[Propose] S1 N0 已持有 sequenceLock，seqID=28 即将 propose1
[propose1] S1 N0 seq=28 Tx_pool.Queue_len=3860
left_count: 500
更新树花时间为: 74
写数据库IO花时间为: 81
编号为 28 的区块已加入本地区块链！curBlock: 
blockHeader: 
[2395e189c59f39b65b0b3b579167eec11b8a096a2d6158732676ccfc76f41bd0 245522dee9ef031f0abd020d45d8bf104d70db48b6d7656e21507f4fea121054 162d7d62852f9b4e2cca1177c4dc89c91d82194fcf6bb6b9c2b42cfc3641f406 28 1780066037]
# of transactions: 500
# of TXmig1s: 0
# of In1s: 0
# of Anns: 0
# of NSs: 0
blockHash: 
c27722e4b220a6460a2520bf6492659d456942e8af1d8948ace63834be121588

第28个块开始准备relay

[Propose wait] S1 N0 spin=1 epoch=29 now=1780066037 InitTime=1780065979 lastpropose=1780066037 wallGap=58 need>=56 ok1=true lastGap=0 need>=2 ok2=false

第28个块结束relay

[Propose wait] S1 N0 spin=50 epoch=29 now=1780066038 InitTime=1780065979 lastpropose=1780066037 wallGap=59 need>=56 ok1=true lastGap=1 need>=2 ok2=false
[Propose] S1 N0 时间条件满足: epoch=29->30 now=1780066039 InitTime=1780065979 lastpropose=1780066037 wallGap=60>=56 lastGap=2>=2 → propose1
[Propose] S1 N0 等待 sequenceLock…
[Propose] S1 N0 已持有 sequenceLock，seqID=29 即将 propose1
[propose1] S1 N0 seq=29 Tx_pool.Queue_len=3360
left_count: 500
更新树花时间为: 90
写数据库IO花时间为: 110
编号为 29 的区块已加入本地区块链！curBlock: 
blockHeader: 
[c27722e4b220a6460a2520bf6492659d456942e8af1d8948ace63834be121588 445a81dcb561ca17115466e7497543c9f77669f4ef9bfd6d45cee611ea03ae07 b9033e039b65f0d5f09e43647d6c262bc7385f4373ee7786212de4dad6fe7981 29 1780066039]
# of transactions: 500
# of TXmig1s: 0
# of In1s: 0
# of Anns: 0
# of NSs: 0
blockHash: 
fb7ed7ea0de19deb6f1b39faefd121c8bc4ee6d3128ba21061af201002e6ba32

第29个块开始准备relay

[Propose wait] S1 N0 spin=1 epoch=30 now=1780066039 InitTime=1780065979 lastpropose=1780066039 wallGap=60 need>=58 ok1=true lastGap=0 need>=2 ok2=false

第29个块结束relay

[Propose wait] S1 N0 spin=50 epoch=30 now=1780066040 InitTime=1780065979 lastpropose=1780066039 wallGap=61 need>=58 ok1=true lastGap=1 need>=2 ok2=false
[Propose] S1 N0 时间条件满足: epoch=30->31 now=1780066041 InitTime=1780065979 lastpropose=1780066039 wallGap=62>=58 lastGap=2>=2 → propose1
[Propose] S1 N0 等待 sequenceLock…
[Propose] S1 N0 已持有 sequenceLock，seqID=30 即将 propose1
[propose1] S1 N0 seq=30 Tx_pool.Queue_len=2860
left_count: 500
更新树花时间为: 79
写数据库IO花时间为: 86
编号为 30 的区块已加入本地区块链！curBlock: 
blockHeader: 
[fb7ed7ea0de19deb6f1b39faefd121c8bc4ee6d3128ba21061af201002e6ba32 40724a9d6db8c763da1baedea23138aca9b35b14d96501587bf9f59d0808fe71 0a05cc2abe62bd66b78652c37c940ee46a087a7a83f26421f8ff80d996e24a50 30 1780066041]
# of transactions: 500
# of TXmig1s: 0
# of In1s: 0
# of Anns: 0
# of NSs: 0
blockHash: 
179b6901f4b56532de129bef52d9b920d1e184ac37122bd34799fd9f28ecde95

第30个块开始准备relay

[Propose wait] S1 N0 spin=1 epoch=31 now=1780066041 InitTime=1780065979 lastpropose=1780066041 wallGap=62 need>=60 ok1=true lastGap=0 need>=2 ok2=false

第30个块结束relay

[Propose wait] S1 N0 spin=50 epoch=31 now=1780066042 InitTime=1780065979 lastpropose=1780066041 wallGap=63 need>=60 ok1=true lastGap=1 need>=2 ok2=false
[Propose] S1 N0 时间条件满足: epoch=31->32 now=1780066043 InitTime=1780065979 lastpropose=1780066041 wallGap=64>=60 lastGap=2>=2 → propose1
[Propose] S1 N0 等待 sequenceLock…
[Propose] S1 N0 已持有 sequenceLock，seqID=31 即将 propose1
[propose1] S1 N0 seq=31 Tx_pool.Queue_len=2360
left_count: 500
更新树花时间为: 73
写数据库IO花时间为: 80
编号为 31 的区块已加入本地区块链！curBlock: 
blockHeader: 
[179b6901f4b56532de129bef52d9b920d1e184ac37122bd34799fd9f28ecde95 01c2cf12739599086d544ee193a069fa67432ba0b8dbb92263af3a391763d102 7830a06a9b1c3168e7c12cb1939dafc1ab7213ddc42f1bbac903ea0a1e7bcd23 31 1780066043]
# of transactions: 500
# of TXmig1s: 0
# of In1s: 0
# of Anns: 0
# of NSs: 0
blockHash: 
8ee1c511ef7f75e1283ab4d895cff25ed6152d4934370fa0aebf6adfc73cc3cb

第31个块开始准备relay

[Propose wait] S1 N0 spin=1 epoch=32 now=1780066043 InitTime=1780065979 lastpropose=1780066043 wallGap=64 need>=62 ok1=true lastGap=0 need>=2 ok2=false

第31个块结束relay

[Propose wait] S1 N0 spin=50 epoch=32 now=1780066044 InitTime=1780065979 lastpropose=1780066043 wallGap=65 need>=62 ok1=true lastGap=1 need>=2 ok2=false
[Propose] S1 N0 时间条件满足: epoch=32->33 now=1780066045 InitTime=1780065979 lastpropose=1780066043 wallGap=66>=62 lastGap=2>=2 → propose1
[Propose] S1 N0 等待 sequenceLock…
[Propose] S1 N0 已持有 sequenceLock，seqID=32 即将 propose1
[propose1] S1 N0 seq=32 Tx_pool.Queue_len=1860
left_count: 500
更新树花时间为: 68
写数据库IO花时间为: 75
编号为 32 的区块已加入本地区块链！curBlock: 
blockHeader: 
[8ee1c511ef7f75e1283ab4d895cff25ed6152d4934370fa0aebf6adfc73cc3cb 41970e3bbbfe0105cec892ac9e32bc5c5e520ddccdbb88cfe35d1612af34f45a fb3475e43f725e535d3c68a26b7e5d885b85ed41ab9006a9dc08d4cbb57e9ad5 32 1780066045]
# of transactions: 500
# of TXmig1s: 0
# of In1s: 0
# of Anns: 0
# of NSs: 0
blockHash: 
419cf1edee80a9807b6a7028c9c90621681d54f706c00d30bc4bf53bfe17abcf

第32个块开始准备relay

[Propose wait] S1 N0 spin=1 epoch=33 now=1780066045 InitTime=1780065979 lastpropose=1780066045 wallGap=66 need>=64 ok1=true lastGap=0 need>=2 ok2=false

第32个块结束relay

[Propose wait] S1 N0 spin=50 epoch=33 now=1780066046 InitTime=1780065979 lastpropose=1780066045 wallGap=67 need>=64 ok1=true lastGap=1 need>=2 ok2=false
[Propose] S1 N0 时间条件满足: epoch=33->34 now=1780066047 InitTime=1780065979 lastpropose=1780066045 wallGap=68>=64 lastGap=2>=2 → propose1
[Propose] S1 N0 等待 sequenceLock…
[Propose] S1 N0 已持有 sequenceLock，seqID=33 即将 propose1
[propose1] S1 N0 seq=33 Tx_pool.Queue_len=1360
left_count: 500
更新树花时间为: 72
写数据库IO花时间为: 79
编号为 33 的区块已加入本地区块链！curBlock: 
blockHeader: 
[419cf1edee80a9807b6a7028c9c90621681d54f706c00d30bc4bf53bfe17abcf ea7c8a376527d8692211bcaa5f1d018c84a428f4e838c6b102b0f43f414168d4 462910a2967a6fb996079918d22c8502ff41358a45e48555e08c8d742714c1b7 33 1780066047]
# of transactions: 500
# of TXmig1s: 0
# of In1s: 0
# of Anns: 0
# of NSs: 0
blockHash: 
a0466af60926bc12a8086ef6b90c626b7f375bc479590e8c5e330c4395c8e022

第33个块开始准备relay

[Propose wait] S1 N0 spin=1 epoch=34 now=1780066047 InitTime=1780065979 lastpropose=1780066047 wallGap=68 need>=66 ok1=true lastGap=0 need>=2 ok2=false

第33个块结束relay

[Propose wait] S1 N0 spin=50 epoch=34 now=1780066048 InitTime=1780065979 lastpropose=1780066047 wallGap=69 need>=66 ok1=true lastGap=1 need>=2 ok2=false
[Propose] S1 N0 时间条件满足: epoch=34->35 now=1780066049 InitTime=1780065979 lastpropose=1780066047 wallGap=70>=66 lastGap=2>=2 → propose1
[Propose] S1 N0 等待 sequenceLock…
[Propose] S1 N0 已持有 sequenceLock，seqID=34 即将 propose1
[propose1] S1 N0 seq=34 Tx_pool.Queue_len=860
left_count: 500
更新树花时间为: 86
写数据库IO花时间为: 94
编号为 34 的区块已加入本地区块链！curBlock: 
blockHeader: 
[a0466af60926bc12a8086ef6b90c626b7f375bc479590e8c5e330c4395c8e022 c5485a52f8495614a5e9d3e84fd5b431907da7c28be0a49776ee910d88c3aeac 17a648e5c3d4eabe8d9e508b0bf52e2ce857e42d179e513ef7805fc42846b567 34 1780066049]
# of transactions: 500
# of TXmig1s: 0
# of In1s: 0
# of Anns: 0
# of NSs: 0
blockHash: 
c1aa041db9f748e846847ee1dae38485caae03546347d88c3c6dce1ddaf7b33e

第34个块开始准备relay

[Propose wait] S1 N0 spin=1 epoch=35 now=1780066049 InitTime=1780065979 lastpropose=1780066049 wallGap=70 need>=68 ok1=true lastGap=0 need>=2 ok2=false

第34个块结束relay

[Propose wait] S1 N0 spin=50 epoch=35 now=1780066050 InitTime=1780065979 lastpropose=1780066049 wallGap=71 need>=68 ok1=true lastGap=1 need>=2 ok2=false
[Propose] S1 N0 时间条件满足: epoch=35->36 now=1780066051 InitTime=1780065979 lastpropose=1780066049 wallGap=72>=68 lastGap=2>=2 → propose1
[Propose] S1 N0 等待 sequenceLock…
[Propose] S1 N0 已持有 sequenceLock，seqID=35 即将 propose1
[propose1] S1 N0 seq=35 Tx_pool.Queue_len=360
left_count: 500
更新树花时间为: 40
写数据库IO花时间为: 47
编号为 35 的区块已加入本地区块链！curBlock: 
blockHeader: 
[c1aa041db9f748e846847ee1dae38485caae03546347d88c3c6dce1ddaf7b33e cdb7fdcac93a226ea01a2facdfec1f9e3a0ccb1920093b1e0537940e6fff3e74 21e6ff6704ed15d29440d6947d10b55bd7b52d65bd682700d5178c1592a980dd 35 1780066051]
# of transactions: 360
# of TXmig1s: 0
# of In1s: 0
# of Anns: 0
# of NSs: 0
blockHash: 
d38bb6e6cd9208d6592dcc0582f8be17c0b71d8b9c4032d0d0e873f89c6d15f5

第35个块开始准备relay

[Propose wait] S1 N0 spin=1 epoch=36 now=1780066051 InitTime=1780065979 lastpropose=1780066051 wallGap=72 need>=70 ok1=true lastGap=0 need>=2 ok2=false

第35个块结束relay

[Propose wait] S1 N0 spin=50 epoch=36 now=1780066052 InitTime=1780065979 lastpropose=1780066051 wallGap=73 need>=70 ok1=true lastGap=1 need>=2 ok2=false
[Propose] S1 N0 时间条件满足: epoch=36->37 now=1780066053 InitTime=1780065979 lastpropose=1780066051 wallGap=74>=70 lastGap=2>=2 → propose1
[Propose] S1 N0 等待 sequenceLock…
[Propose] S1 N0 已持有 sequenceLock，seqID=36 即将 propose1
[propose1] S1 N0 seq=36 Tx_pool.Queue_len=0
left_count: 500
更新树花时间为: 0
写数据库IO花时间为: 6
编号为 36 的区块已加入本地区块链！curBlock: 
blockHeader: 
[d38bb6e6cd9208d6592dcc0582f8be17c0b71d8b9c4032d0d0e873f89c6d15f5 cdb7fdcac93a226ea01a2facdfec1f9e3a0ccb1920093b1e0537940e6fff3e74 56e81f171bcc55a6ff8345e692c0f86e5b48e01b996cadc001622fb5e363b421 36 1780066053]
# of transactions: 0
# of TXmig1s: 0
# of In1s: 0
# of Anns: 0
# of NSs: 0
blockHash: 
b8f62d87b6f2100a9f4f9fa19c7cb33ec662cd1a2b9d2dfb1d308d04e6e84f9d
[Propose wait] S1 N0 spin=1 epoch=37 now=1780066053 InitTime=1780065979 lastpropose=1780066053 wallGap=74 need>=72 ok1=true lastGap=0 need>=2 ok2=false
[Propose wait] S1 N0 spin=50 epoch=37 now=1780066054 InitTime=1780065979 lastpropose=1780066053 wallGap=75 need>=72 ok1=true lastGap=1 need>=2 ok2=false
[Propose] S1 N0 时间条件满足: epoch=37->38 now=1780066055 InitTime=1780065979 lastpropose=1780066053 wallGap=76>=72 lastGap=2>=2 → propose1
[Propose] S1 N0 等待 sequenceLock…
[Propose] S1 N0 已持有 sequenceLock，seqID=37 即将 propose1
[propose1] S1 N0 seq=37 Tx_pool.Queue_len=0
left_count: 500
更新树花时间为: 0
写数据库IO花时间为: 9
编号为 37 的区块已加入本地区块链！curBlock: 
blockHeader: 
[b8f62d87b6f2100a9f4f9fa19c7cb33ec662cd1a2b9d2dfb1d308d04e6e84f9d cdb7fdcac93a226ea01a2facdfec1f9e3a0ccb1920093b1e0537940e6fff3e74 56e81f171bcc55a6ff8345e692c0f86e5b48e01b996cadc001622fb5e363b421 37 1780066055]
# of transactions: 0
# of TXmig1s: 0
# of In1s: 0
# of Anns: 0
# of NSs: 0
blockHash: 
8e9e714d4ff2ad6bb5411aa861c82b3f05daf93894b246ff8b09a2f5c6e1caf2
[Propose wait] S1 N0 spin=1 epoch=38 now=1780066055 InitTime=1780065979 lastpropose=1780066055 wallGap=76 need>=74 ok1=true lastGap=0 need>=2 ok2=false
[Propose wait] S1 N0 spin=50 epoch=38 now=1780066056 InitTime=1780065979 lastpropose=1780066055 wallGap=77 need>=74 ok1=true lastGap=1 need>=2 ok2=false
[Propose] S1 N0 时间条件满足: epoch=38->39 now=1780066057 InitTime=1780065979 lastpropose=1780066055 wallGap=78>=74 lastGap=2>=2 → propose1
[Propose] S1 N0 等待 sequenceLock…
[Propose] S1 N0 已持有 sequenceLock，seqID=38 即将 propose1
[propose1] S1 N0 seq=38 Tx_pool.Queue_len=0
left_count: 500
更新树花时间为: 0
写数据库IO花时间为: 19
编号为 38 的区块已加入本地区块链！curBlock: 
blockHeader: 
[8e9e714d4ff2ad6bb5411aa861c82b3f05daf93894b246ff8b09a2f5c6e1caf2 cdb7fdcac93a226ea01a2facdfec1f9e3a0ccb1920093b1e0537940e6fff3e74 56e81f171bcc55a6ff8345e692c0f86e5b48e01b996cadc001622fb5e363b421 38 1780066057]
# of transactions: 0
# of TXmig1s: 0
# of In1s: 0
# of Anns: 0
# of NSs: 0
blockHash: 
f25082e8cf29311a68d542a2df93df0bd6525457c5b3b20b0f44e0b6c16393d2
[Propose wait] S1 N0 spin=1 epoch=39 now=1780066057 InitTime=1780065979 lastpropose=1780066057 wallGap=78 need>=76 ok1=true lastGap=0 need>=2 ok2=false
[Propose wait] S1 N0 spin=50 epoch=39 now=1780066058 InitTime=1780065979 lastpropose=1780066057 wallGap=79 need>=76 ok1=true lastGap=1 need>=2 ok2=false
[Propose] S1 N0 时间条件满足: epoch=39->40 now=1780066059 InitTime=1780065979 lastpropose=1780066057 wallGap=80>=76 lastGap=2>=2 → propose1
[Propose] S1 N0 等待 sequenceLock…
[Propose] S1 N0 已持有 sequenceLock，seqID=39 即将 propose1
[propose1] S1 N0 seq=39 Tx_pool.Queue_len=0
left_count: 500
更新树花时间为: 0
写数据库IO花时间为: 9
编号为 39 的区块已加入本地区块链！curBlock: 
blockHeader: 
[f25082e8cf29311a68d542a2df93df0bd6525457c5b3b20b0f44e0b6c16393d2 cdb7fdcac93a226ea01a2facdfec1f9e3a0ccb1920093b1e0537940e6fff3e74 56e81f171bcc55a6ff8345e692c0f86e5b48e01b996cadc001622fb5e363b421 39 1780066059]
# of transactions: 0
# of TXmig1s: 0
# of In1s: 0
# of Anns: 0
# of NSs: 0
blockHash: 
e5eb71ce88939d760abec996bad058a2e41342a06fc4defe366dd28e52dc6749
[Propose wait] S1 N0 spin=1 epoch=40 now=1780066059 InitTime=1780065979 lastpropose=1780066059 wallGap=80 need>=78 ok1=true lastGap=0 need>=2 ok2=false
[Propose wait] S1 N0 spin=50 epoch=40 now=1780066060 InitTime=1780065979 lastpropose=1780066059 wallGap=81 need>=78 ok1=true lastGap=1 need>=2 ok2=false
[Propose] S1 N0 时间条件满足: epoch=40->41 now=1780066061 InitTime=1780065979 lastpropose=1780066059 wallGap=82>=78 lastGap=2>=2 → propose1
[Propose] S1 N0 等待 sequenceLock…
[Propose] S1 N0 已持有 sequenceLock，seqID=40 即将 propose1
[propose1] S1 N0 seq=40 Tx_pool.Queue_len=0
left_count: 500
更新树花时间为: 0
写数据库IO花时间为: 8
编号为 40 的区块已加入本地区块链！curBlock: 
blockHeader: 
[e5eb71ce88939d760abec996bad058a2e41342a06fc4defe366dd28e52dc6749 cdb7fdcac93a226ea01a2facdfec1f9e3a0ccb1920093b1e0537940e6fff3e74 56e81f171bcc55a6ff8345e692c0f86e5b48e01b996cadc001622fb5e363b421 40 1780066061]
# of transactions: 0
# of TXmig1s: 0
# of In1s: 0
# of Anns: 0
# of NSs: 0
blockHash: 
094dfd12ec6288daaa8208de4d6f40c19e80d04bc16b4606b4a19d54e7edf7cc
[Propose wait] S1 N0 spin=1 epoch=41 now=1780066061 InitTime=1780065979 lastpropose=1780066061 wallGap=82 need>=80 ok1=true lastGap=0 need>=2 ok2=false
[Propose wait] S1 N0 spin=50 epoch=41 now=1780066062 InitTime=1780065979 lastpropose=1780066061 wallGap=83 need>=80 ok1=true lastGap=1 need>=2 ok2=false
[Propose] S1 N0 时间条件满足: epoch=41->42 now=1780066063 InitTime=1780065979 lastpropose=1780066061 wallGap=84>=80 lastGap=2>=2 → propose1
[Propose] S1 N0 等待 sequenceLock…
[Propose] S1 N0 已持有 sequenceLock，seqID=41 即将 propose1
[propose1] S1 N0 seq=41 Tx_pool.Queue_len=0
left_count: 500
节点收到终止节点消息，停止运行
更新树花时间为: 0
