MigrationStrategy=SOTA-Lock (Stop=false Lock=true NotLock=false)
&{77 N0 S0 2 0 D:\Desktop\实验室\MVSS+\MVSS-main\selectedTxs_300K.csv 2 500 300 150 150 150 150 1000 10 1 400 20000 0 50000 20 true SOTA-Lock false true false false true false 3 false 8 false false false PageRank false 100 true false}
&{77 N0 S0 2 0 D:\Desktop\实验室\MVSS+\MVSS-main\selectedTxs_300K.csv 2 500 300 150 150 150 150 1000 10 1 400 20000 0 50000 20 true SOTA-Lock false true false false true false 3 false 8 false false false PageRank false 100 true false}
交易将由外部客户端发送
节点 N0 已启动，所属分片: S0
[Propose wait-first-tx] S0 N0 seq=1 Queue_len=0，首块等待交易注入后再出块
节点开启监听，地址：127.0.0.1:8010
[Propose wait-first-tx] S0 N0 seq=1 Queue_len=0，首块等待交易注入后再出块
[Propose wait-first-tx] S0 N0 seq=1 Queue_len=0，首块等待交易注入后再出块
[Propose wait-first-tx] S0 N0 seq=1 Queue_len=0，首块等待交易注入后再出块
[Propose wait-first-tx] S0 N0 seq=1 Queue_len=0，首块等待交易注入后再出块
[Propose wait-first-tx] S0 N0 seq=1 Queue_len=0，首块等待交易注入后再出块
[Propose wait-first-tx] S0 N0 seq=1 Queue_len=0，首块等待交易注入后再出块
[Propose wait-first-tx] S0 N0 seq=1 Queue_len=0，首块等待交易注入后再出块
[Propose wait-first-tx] S0 N0 seq=1 Queue_len=0，首块等待交易注入后再出块
[Propose wait-first-tx] S0 N0 seq=1 Queue_len=0，首块等待交易注入后再出块
[Propose wait-first-tx] S0 N0 seq=1 Queue_len=0，首块等待交易注入后再出块
[Propose wait-first-tx] S0 N0 seq=1 Queue_len=0，首块等待交易注入后再出块
[Propose wait-first-tx] S0 N0 seq=1 Queue_len=0，首块等待交易注入后再出块
[Propose wait-first-tx] S0 N0 seq=1 Queue_len=0，首块等待交易注入后再出块
[Propose wait-first-tx] S0 N0 seq=1 Queue_len=0，首块等待交易注入后再出块
[Propose wait-first-tx] S0 N0 seq=1 Queue_len=0，首块等待交易注入后再出块
本节点已接收到客户端发送的初始时间：1780065979（锚定 InitTime=1780065979，已重置 epoch=1）
[Propose wait-first-tx] S0 N0 seq=1 Queue_len=0，首块等待交易注入后再出块
[Propose wait-first-tx] S0 N0 seq=1 Queue_len=0，首块等待交易注入后再出块
[Propose wait-first-tx] S0 N0 seq=1 Queue_len=0，首块等待交易注入后再出块
[handleTxFromClient] S0 N0 recv client batch, tx_count=545
[handleTxFromClient] S0 N0 append to Tx_pool.Queue: local_queued=545 forward_other_shard=0 Queue_total_len=545
[Propose wait-first-tx] S0 N0 首块已检测到交易，结束等待，Queue_len=545
[Propose] S0 N0 时间条件满足: epoch=1->2 now=1780065983 InitTime=1780065979 lastpropose=1780065979 wallGap=4>=0 lastGap=4>=2 → propose1
[Propose] S0 N0 等待 sequenceLock…
[Propose] S0 N0 已持有 sequenceLock，seqID=1 即将 propose1
[propose1] S0 N0 seq=1 Tx_pool.Queue_len=545
left_count: 500
更新树花时间为: 86
写数据库IO花时间为: 93
编号为 1 的区块已加入本地区块链！curBlock: 
blockHeader: 
[1add38160db0458a48072f3ade543ffb4af4e9cfdf8f76549b9568e046a6a3ff dd763effbb543a2a09c1b783b16f237a63da77e2116466188f816363c3f15db9 bb53213af878a14715e46bf95550dcf7db6439efacb2745998a3f620d4a49f10 1 1780065983]
# of transactions: 500
# of TXmig1s: 0
# of In1s: 0
# of Anns: 0
# of NSs: 0
blockHash: 
3ea1bf25204e6f9a5ecaffc28f5c1b243b68e47dd088ebd429e1e0927a410237

第1个块开始准备relay

[Propose wait] S0 N0 spin=1 epoch=2 now=1780065983 InitTime=1780065979 lastpropose=1780065983 wallGap=4 need>=2 ok1=true lastGap=0 need>=2 ok2=false

第1个块结束relay

[Propose wait] S0 N0 spin=50 epoch=2 now=1780065984 InitTime=1780065979 lastpropose=1780065983 wallGap=5 need>=2 ok1=true lastGap=1 need>=2 ok2=false
[Propose] S0 N0 时间条件满足: epoch=2->3 now=1780065985 InitTime=1780065979 lastpropose=1780065983 wallGap=6>=2 lastGap=2>=2 → propose1
[Propose] S0 N0 等待 sequenceLock…
[Propose] S0 N0 已持有 sequenceLock，seqID=2 即将 propose1
[propose1] S0 N0 seq=2 Tx_pool.Queue_len=150
left_count: 500
[handleTxFromClient] S0 N0 recv client batch, tx_count=148
[handleTxFromClient] S0 N0 append to Tx_pool.Queue: local_queued=148 forward_other_shard=0 Queue_total_len=148
更新树花时间为: 24
写数据库IO花时间为: 31
编号为 2 的区块已加入本地区块链！curBlock: 
blockHeader: 
[3ea1bf25204e6f9a5ecaffc28f5c1b243b68e47dd088ebd429e1e0927a410237 5228d623c7d117da7499e8b042ef91183729fafc57aa9d04679a4e9e72557bee 8f35365311cc99c6d193ddb530714be66f2ba514e10945d07f699ffb1599c4a2 2 1780065985]
# of transactions: 150
# of TXmig1s: 0
# of In1s: 0
# of Anns: 0
# of NSs: 0
blockHash: 
127e10bf9538017b32db40c36054275ef3840453927b6660f21b59f6408eb3f4

第2个块开始准备relay

[Propose wait] S0 N0 spin=1 epoch=3 now=1780065985 InitTime=1780065979 lastpropose=1780065985 wallGap=6 need>=4 ok1=true lastGap=0 need>=2 ok2=false

第2个块结束relay

[Propose wait] S0 N0 spin=50 epoch=3 now=1780065986 InitTime=1780065979 lastpropose=1780065985 wallGap=7 need>=4 ok1=true lastGap=1 need>=2 ok2=false
[Propose] S0 N0 时间条件满足: epoch=3->4 now=1780065987 InitTime=1780065979 lastpropose=1780065985 wallGap=8>=4 lastGap=2>=2 → propose1
[Propose] S0 N0 等待 sequenceLock…
[Propose] S0 N0 已持有 sequenceLock，seqID=3 即将 propose1
[propose1] S0 N0 seq=3 Tx_pool.Queue_len=148
left_count: 500
[handleTxFromClient] S0 N0 recv client batch, tx_count=242
[handleTxFromClient] S0 N0 append to Tx_pool.Queue: local_queued=242 forward_other_shard=0 Queue_total_len=242
更新树花时间为: 27
写数据库IO花时间为: 48
编号为 3 的区块已加入本地区块链！curBlock: 
blockHeader: 
[127e10bf9538017b32db40c36054275ef3840453927b6660f21b59f6408eb3f4 2d87e4b1ec22e93412e8bbd6ad956db3a7b9ddaca4cd2e776d5e4dadc2bc9275 ac128530bd62b4c5643671f39a59fbcebeafdde9b43dbfb84bda936b25abbc42 3 1780065987]
# of transactions: 148
# of TXmig1s: 0
# of In1s: 0
# of Anns: 0
# of NSs: 0
blockHash: 
704c3a9f389fb6542bcf4a6486978e9abaed7fd635c908ac854e4d0109aa63cd

第3个块开始准备relay

[Propose wait] S0 N0 spin=1 epoch=4 now=1780065987 InitTime=1780065979 lastpropose=1780065987 wallGap=8 need>=6 ok1=true lastGap=0 need>=2 ok2=false

第3个块结束relay

[Propose wait] S0 N0 spin=50 epoch=4 now=1780065988 InitTime=1780065979 lastpropose=1780065987 wallGap=9 need>=6 ok1=true lastGap=1 need>=2 ok2=false
[Propose] S0 N0 时间条件满足: epoch=4->5 now=1780065989 InitTime=1780065979 lastpropose=1780065987 wallGap=10>=6 lastGap=2>=2 → propose1
[Propose] S0 N0 等待 sequenceLock…
[Propose] S0 N0 已持有 sequenceLock，seqID=4 即将 propose1
[propose1] S0 N0 seq=4 Tx_pool.Queue_len=501
left_count: 500
[handleTxFromClient] S0 N0 recv client batch, tx_count=562
[handleTxFromClient] S0 N0 append to Tx_pool.Queue: local_queued=562 forward_other_shard=0 Queue_total_len=563
更新树花时间为: 63
写数据库IO花时间为: 70
编号为 4 的区块已加入本地区块链！curBlock: 
blockHeader: 
[704c3a9f389fb6542bcf4a6486978e9abaed7fd635c908ac854e4d0109aa63cd 36e9e7b18cc9a6d94102264160e4bab0b2de5673755248e826ec921f0f2306db a810b75594a6b0d45398f567bd60506727745cc7480b62eaa936c9d5cc2e7792 4 1780065989]
# of transactions: 500
# of TXmig1s: 0
# of In1s: 0
# of Anns: 0
# of NSs: 0
blockHash: 
ebb0721a201500d4cba7ce2a19f41b229e7031eed2915b27026f84dde60d410f

第4个块开始准备relay

[Propose wait] S0 N0 spin=1 epoch=5 now=1780065989 InitTime=1780065979 lastpropose=1780065989 wallGap=10 need>=8 ok1=true lastGap=0 need>=2 ok2=false

第4个块结束relay

[Propose wait] S0 N0 spin=50 epoch=5 now=1780065990 InitTime=1780065979 lastpropose=1780065989 wallGap=11 need>=8 ok1=true lastGap=1 need>=2 ok2=false
[Propose] S0 N0 时间条件满足: epoch=5->6 now=1780065991 InitTime=1780065979 lastpropose=1780065989 wallGap=12>=8 lastGap=2>=2 → propose1
[Propose] S0 N0 等待 sequenceLock…
[Propose] S0 N0 已持有 sequenceLock，seqID=5 即将 propose1
[propose1] S0 N0 seq=5 Tx_pool.Queue_len=806
left_count: 500
[handleTxFromClient] S0 N0 recv client batch, tx_count=113
[handleTxFromClient] S0 N0 append to Tx_pool.Queue: local_queued=113 forward_other_shard=0 Queue_total_len=419
更新树花时间为: 66
写数据库IO花时间为: 73
编号为 5 的区块已加入本地区块链！curBlock: 
blockHeader: 
[ebb0721a201500d4cba7ce2a19f41b229e7031eed2915b27026f84dde60d410f fdb18319bf43204c6e761ac8dc1a238ef7f0b5f5cd384ac23a57f08c9cf5725b cbadc817c2183a0c7e57c0d4899bc86def30f86cb72b563901db25595293841e 5 1780065991]
# of transactions: 500
# of TXmig1s: 0
# of In1s: 0
# of Anns: 0
# of NSs: 0
blockHash: 
b33df1c9b7cb99a5242e72aefc15dc18b5aae1b9ab96cc01e83dde73c2333a7d

第5个块开始准备relay

[Propose wait] S0 N0 spin=1 epoch=6 now=1780065991 InitTime=1780065979 lastpropose=1780065991 wallGap=12 need>=10 ok1=true lastGap=0 need>=2 ok2=false

第5个块结束relay

[Propose wait] S0 N0 spin=50 epoch=6 now=1780065992 InitTime=1780065979 lastpropose=1780065991 wallGap=13 need>=10 ok1=true lastGap=1 need>=2 ok2=false
[Propose] S0 N0 时间条件满足: epoch=6->7 now=1780065993 InitTime=1780065979 lastpropose=1780065991 wallGap=14>=10 lastGap=2>=2 → propose1
[Propose] S0 N0 等待 sequenceLock…
[Propose] S0 N0 已持有 sequenceLock，seqID=6 即将 propose1
[propose1] S0 N0 seq=6 Tx_pool.Queue_len=589
left_count: 500
[handleTxFromClient] S0 N0 recv client batch, tx_count=620
[handleTxFromClient] S0 N0 append to Tx_pool.Queue: local_queued=620 forward_other_shard=0 Queue_total_len=709
更新树花时间为: 59
写数据库IO花时间为: 67
编号为 6 的区块已加入本地区块链！curBlock: 
blockHeader: 
[b33df1c9b7cb99a5242e72aefc15dc18b5aae1b9ab96cc01e83dde73c2333a7d f9cc16c9ac0fb2e031e5b058a1fe22bfd759e762eab7a830c6582b93f5762751 1c8629daace13f3cc72f978470d719be24f599d054e224291a7fc36924e97f23 6 1780065993]
# of transactions: 500
# of TXmig1s: 0
# of In1s: 0
# of Anns: 0
# of NSs: 0
blockHash: 
5c2d8315fb5d301deec83bcde43d49d8eb5c3ef19c1862f388d714cfba0c2c4c

第6个块开始准备relay

[Propose wait] S0 N0 spin=1 epoch=7 now=1780065993 InitTime=1780065979 lastpropose=1780065993 wallGap=14 need>=12 ok1=true lastGap=0 need>=2 ok2=false

第6个块结束relay

[Propose wait] S0 N0 spin=50 epoch=7 now=1780065994 InitTime=1780065979 lastpropose=1780065993 wallGap=15 need>=12 ok1=true lastGap=1 need>=2 ok2=false
[Propose] S0 N0 时间条件满足: epoch=7->8 now=1780065995 InitTime=1780065979 lastpropose=1780065993 wallGap=16>=12 lastGap=2>=2 → propose1
[Propose] S0 N0 等待 sequenceLock…
[Propose] S0 N0 已持有 sequenceLock，seqID=7 即将 propose1
[propose1] S0 N0 seq=7 Tx_pool.Queue_len=895
left_count: 500
[handleTxFromClient] S0 N0 recv client batch, tx_count=600
[handleTxFromClient] S0 N0 append to Tx_pool.Queue: local_queued=600 forward_other_shard=0 Queue_total_len=995
更新树花时间为: 72
写数据库IO花时间为: 80
编号为 7 的区块已加入本地区块链！curBlock: 
blockHeader: 
[5c2d8315fb5d301deec83bcde43d49d8eb5c3ef19c1862f388d714cfba0c2c4c 8dbe054e12e5d4bea1091f11e53e3687a9ab29905d196a960e06ede9e5784541 792f7234b17b2ee9399082ace10ae80cc3c0bb8840c41d0744bc5a5d1876089d 7 1780065995]
# of transactions: 500
# of TXmig1s: 0
# of In1s: 0
# of Anns: 0
# of NSs: 0
blockHash: 
e6eb46de9e41ff1dcc581fc6d595dc32867dbdff4f3103f372ede674e8c94a47

第7个块开始准备relay

[Propose wait] S0 N0 spin=1 epoch=8 now=1780065995 InitTime=1780065979 lastpropose=1780065995 wallGap=16 need>=14 ok1=true lastGap=0 need>=2 ok2=false

第7个块结束relay

[Propose wait] S0 N0 spin=50 epoch=8 now=1780065996 InitTime=1780065979 lastpropose=1780065995 wallGap=17 need>=14 ok1=true lastGap=1 need>=2 ok2=false
[Propose] S0 N0 时间条件满足: epoch=8->9 now=1780065997 InitTime=1780065979 lastpropose=1780065995 wallGap=18>=14 lastGap=2>=2 → propose1
[Propose] S0 N0 等待 sequenceLock…
[Propose] S0 N0 已持有 sequenceLock，seqID=8 即将 propose1
[propose1] S0 N0 seq=8 Tx_pool.Queue_len=1172
left_count: 500
[handleTxFromClient] S0 N0 recv client batch, tx_count=604
[handleTxFromClient] S0 N0 append to Tx_pool.Queue: local_queued=604 forward_other_shard=0 Queue_total_len=1276
更新树花时间为: 63
写数据库IO花时间为: 69
编号为 8 的区块已加入本地区块链！curBlock: 
blockHeader: 
[e6eb46de9e41ff1dcc581fc6d595dc32867dbdff4f3103f372ede674e8c94a47 4d9b5e391a487a11ff2cecad32bb5611778e915b28ad0d4f8427a6f7ed56b7d8 48c37b937282292b8ed7902081d214418a30776d59e0acd9d501af067b187cb9 8 1780065997]
# of transactions: 500
# of TXmig1s: 0
# of In1s: 0
# of Anns: 0
# of NSs: 0
blockHash: 
a852b74cdfe8247cbdd2976576e46de01b6cf97a9138650c4ff3a5a65d5b6fdc

第8个块开始准备relay

[Propose wait] S0 N0 spin=1 epoch=9 now=1780065997 InitTime=1780065979 lastpropose=1780065997 wallGap=18 need>=16 ok1=true lastGap=0 need>=2 ok2=false

第8个块结束relay

[Propose wait] S0 N0 spin=50 epoch=9 now=1780065998 InitTime=1780065979 lastpropose=1780065997 wallGap=19 need>=16 ok1=true lastGap=1 need>=2 ok2=false
[Propose] S0 N0 时间条件满足: epoch=9->10 now=1780065999 InitTime=1780065979 lastpropose=1780065997 wallGap=20>=16 lastGap=2>=2 → propose1
[Propose] S0 N0 等待 sequenceLock…
[Propose] S0 N0 已持有 sequenceLock，seqID=9 即将 propose1
[propose1] S0 N0 seq=9 Tx_pool.Queue_len=1391
left_count: 500
更新树花时间为: 67
写数据库IO花时间为: 72
编号为 9 的区块已加入本地区块链！curBlock: 
blockHeader: 
[a852b74cdfe8247cbdd2976576e46de01b6cf97a9138650c4ff3a5a65d5b6fdc c58c9fb4db10b5459ffeef454a26117897bfe150babbcd2e6bd40c6dba3ebc9a f97b35d535cbe001bc0400991ed5c698f8e801fd2038ee179bbe96cf630e1d10 9 1780065999]
# of transactions: 500
# of TXmig1s: 0
# of In1s: 0
# of Anns: 0
# of NSs: 0
blockHash: 
46913023b131149d0c813276399052d6d18135aa4d6f809e87f2f84731223a6d

第9个块开始准备relay

[Propose wait] S0 N0 spin=1 epoch=10 now=1780065999 InitTime=1780065979 lastpropose=1780065999 wallGap=20 need>=18 ok1=true lastGap=0 need>=2 ok2=false
[handleTxFromClient] S0 N0 recv client batch, tx_count=483
[handleTxFromClient] S0 N0 append to Tx_pool.Queue: local_queued=483 forward_other_shard=0 Queue_total_len=1374

第9个块结束relay

[Propose wait] S0 N0 spin=50 epoch=10 now=1780066000 InitTime=1780065979 lastpropose=1780065999 wallGap=21 need>=18 ok1=true lastGap=1 need>=2 ok2=false
[Propose] S0 N0 时间条件满足: epoch=10->11 now=1780066001 InitTime=1780065979 lastpropose=1780065999 wallGap=22>=18 lastGap=2>=2 → propose1
[Propose] S0 N0 等待 sequenceLock…
[Propose] S0 N0 已持有 sequenceLock，seqID=10 即将 propose1
[propose1] S0 N0 seq=10 Tx_pool.Queue_len=1497
left_count: 500
更新树花时间为: 63
写数据库IO花时间为: 90
编号为 10 的区块已加入本地区块链！curBlock: 
blockHeader: 
[46913023b131149d0c813276399052d6d18135aa4d6f809e87f2f84731223a6d 04a874e062704f759eb0dbef43d1fd794f79b902c39206f5c182a895640881f4 ba71b5a27abbab12588f0d2d31f24d84fa1a17a4b1e97bcc62ebf2479071b971 10 1780066001]
# of transactions: 500
# of TXmig1s: 0
# of In1s: 0
# of Anns: 0
# of NSs: 0
blockHash: 
983109c81e5a5a0f406c734466e00394ba053d1aa5f6bc043d3a36470163b1d5

第10个块开始准备relay

[Propose wait] S0 N0 spin=1 epoch=11 now=1780066001 InitTime=1780065979 lastpropose=1780066001 wallGap=22 need>=20 ok1=true lastGap=0 need>=2 ok2=false
[handleTxFromClient] S0 N0 recv client batch, tx_count=630
[handleTxFromClient] S0 N0 append to Tx_pool.Queue: local_queued=630 forward_other_shard=0 Queue_total_len=1627

第10个块结束relay

[Propose wait] S0 N0 spin=50 epoch=11 now=1780066002 InitTime=1780065979 lastpropose=1780066001 wallGap=23 need>=20 ok1=true lastGap=1 need>=2 ok2=false
[Propose] S0 N0 时间条件满足: epoch=11->12 now=1780066003 InitTime=1780065979 lastpropose=1780066001 wallGap=24>=20 lastGap=2>=2 → propose1
[Propose] S0 N0 等待 sequenceLock…
[Propose] S0 N0 已持有 sequenceLock，seqID=11 即将 propose1
[propose1] S0 N0 seq=11 Tx_pool.Queue_len=1787
left_count: 500
更新树花时间为: 64
写数据库IO花时间为: 71
编号为 11 的区块已加入本地区块链！curBlock: 
blockHeader: 
[983109c81e5a5a0f406c734466e00394ba053d1aa5f6bc043d3a36470163b1d5 c34d4d6bba7ceac0d45ca4be171ad407202aa5962045c5a304e497e3b87a1968 2b118ea0396143c4c4bfae486e7ddf4a7cd8c44beb472cf1b8a05c5be202b426 11 1780066003]
# of transactions: 500
# of TXmig1s: 0
# of In1s: 0
# of Anns: 0
# of NSs: 0
blockHash: 
4ada61aab99e9740bdc6840771b58b102b600a3b4c09e7af2637a557dcf2cd7b

第11个块开始准备relay

[Propose wait] S0 N0 spin=1 epoch=12 now=1780066003 InitTime=1780065979 lastpropose=1780066003 wallGap=24 need>=22 ok1=true lastGap=0 need>=2 ok2=false
[handleTxFromClient] S0 N0 recv client batch, tx_count=219
[handleTxFromClient] S0 N0 append to Tx_pool.Queue: local_queued=219 forward_other_shard=0 Queue_total_len=1506

第11个块结束relay

[Propose wait] S0 N0 spin=50 epoch=12 now=1780066004 InitTime=1780065979 lastpropose=1780066003 wallGap=25 need>=22 ok1=true lastGap=1 need>=2 ok2=false
[Propose] S0 N0 时间条件满足: epoch=12->13 now=1780066005 InitTime=1780065979 lastpropose=1780066003 wallGap=26>=22 lastGap=2>=2 → propose1
[Propose] S0 N0 等待 sequenceLock…
[Propose] S0 N0 已持有 sequenceLock，seqID=12 即将 propose1
[propose1] S0 N0 seq=12 Tx_pool.Queue_len=1583
left_count: 500
更新树花时间为: 90
写数据库IO花时间为: 97
编号为 12 的区块已加入本地区块链！curBlock: 
blockHeader: 
[4ada61aab99e9740bdc6840771b58b102b600a3b4c09e7af2637a557dcf2cd7b bc2c9f730a0785c7d8f179f30bd585233eb8bc5f1ca067250474e33ba652cef5 36fd0cf379b165793287314838d6f86c8245d0d993b06a7dd2c7452c4e2dba80 12 1780066005]
# of transactions: 500
# of TXmig1s: 0
# of In1s: 0
# of Anns: 0
# of NSs: 0
blockHash: 
15c94689c119fc018e7be120bcde3797319e04614feaf1be66e4491be5ea122d

第12个块开始准备relay

[Propose wait] S0 N0 spin=1 epoch=13 now=1780066005 InitTime=1780065979 lastpropose=1780066005 wallGap=26 need>=24 ok1=true lastGap=0 need>=2 ok2=false
[handleTxFromClient] S0 N0 recv client batch, tx_count=116
[handleTxFromClient] S0 N0 append to Tx_pool.Queue: local_queued=116 forward_other_shard=0 Queue_total_len=1199

第12个块结束relay

[Propose wait] S0 N0 spin=50 epoch=13 now=1780066006 InitTime=1780065979 lastpropose=1780066005 wallGap=27 need>=24 ok1=true lastGap=1 need>=2 ok2=false
[Propose] S0 N0 时间条件满足: epoch=13->14 now=1780066007 InitTime=1780065979 lastpropose=1780066005 wallGap=28>=24 lastGap=2>=2 → propose1
[Propose] S0 N0 等待 sequenceLock…
[Propose] S0 N0 已持有 sequenceLock，seqID=13 即将 propose1
[propose1] S0 N0 seq=13 Tx_pool.Queue_len=1390
left_count: 500
更新树花时间为: 66
写数据库IO花时间为: 73
编号为 13 的区块已加入本地区块链！curBlock: 
blockHeader: 
[15c94689c119fc018e7be120bcde3797319e04614feaf1be66e4491be5ea122d 96f6069bb5ea853c6fbe7e2930abf6ffa9bf4b1149ee45697d70a99a81cca915 3bedbcd45c91b6c235090115489c0a0d660faafcd7b75d1ae80c077b8ce4ef8c 13 1780066007]
# of transactions: 500
# of TXmig1s: 0
# of In1s: 0
# of Anns: 0
# of NSs: 0
blockHash: 
20eebc0b122eec9247c4029bd4f5f2b1462691dcc28001d32242868391ca9511

第13个块开始准备relay

[Propose wait] S0 N0 spin=1 epoch=14 now=1780066007 InitTime=1780065979 lastpropose=1780066007 wallGap=28 need>=26 ok1=true lastGap=0 need>=2 ok2=false
[handleTxFromClient] S0 N0 recv client batch, tx_count=584
[handleTxFromClient] S0 N0 append to Tx_pool.Queue: local_queued=584 forward_other_shard=0 Queue_total_len=1474

第13个块结束relay

[Propose wait] S0 N0 spin=50 epoch=14 now=1780066008 InitTime=1780065979 lastpropose=1780066007 wallGap=29 need>=26 ok1=true lastGap=1 need>=2 ok2=false
[Propose] S0 N0 时间条件满足: epoch=14->15 now=1780066009 InitTime=1780065979 lastpropose=1780066007 wallGap=30>=26 lastGap=2>=2 → propose1
[Propose] S0 N0 等待 sequenceLock…
[Propose] S0 N0 已持有 sequenceLock，seqID=14 即将 propose1
[propose1] S0 N0 seq=14 Tx_pool.Queue_len=1630
left_count: 500
更新树花时间为: 57
写数据库IO花时间为: 66
编号为 14 的区块已加入本地区块链！curBlock: 
blockHeader: 
[20eebc0b122eec9247c4029bd4f5f2b1462691dcc28001d32242868391ca9511 d64b30d25ea6550ff3807fa0757e5b23f8099085ca50b12413f5b65f6bed55dc 03c4fd5f71dc838c1902b88b9d2e09cfa2289284ece83c14e2c8cbee83d53ee1 14 1780066009]
# of transactions: 500
# of TXmig1s: 0
# of In1s: 0
# of Anns: 0
# of NSs: 0
blockHash: 
c9aeccc8b373b03f59e2a5d49058541c5c226d8764c786900002b7ef8b71f156

第14个块开始准备relay

[Propose wait] S0 N0 spin=1 epoch=15 now=1780066009 InitTime=1780065979 lastpropose=1780066009 wallGap=30 need>=28 ok1=true lastGap=0 need>=2 ok2=false
[handleTxFromClient] S0 N0 recv client batch, tx_count=616
[handleTxFromClient] S0 N0 append to Tx_pool.Queue: local_queued=616 forward_other_shard=0 Queue_total_len=1746

第14个块结束relay

[Propose wait] S0 N0 spin=50 epoch=15 now=1780066010 InitTime=1780065979 lastpropose=1780066009 wallGap=31 need>=28 ok1=true lastGap=1 need>=2 ok2=false
[Propose] S0 N0 时间条件满足: epoch=15->16 now=1780066011 InitTime=1780065979 lastpropose=1780066009 wallGap=32>=28 lastGap=2>=2 → propose1
[Propose] S0 N0 等待 sequenceLock…
[Propose] S0 N0 已持有 sequenceLock，seqID=15 即将 propose1
[propose1] S0 N0 seq=15 Tx_pool.Queue_len=1987
left_count: 500
更新树花时间为: 78
写数据库IO花时间为: 85
编号为 15 的区块已加入本地区块链！curBlock: 
blockHeader: 
[c9aeccc8b373b03f59e2a5d49058541c5c226d8764c786900002b7ef8b71f156 cb265aae7c3aff8409090255dfb077d3964e637d61760675c514e00b3d8e2961 bf6312b588639e5df0e30fc04e189a31e0e337e7ff676d177d2deb3a421e9454 15 1780066011]
# of transactions: 500
# of TXmig1s: 0
# of In1s: 0
# of Anns: 0
# of NSs: 0
blockHash: 
4697c5ad6b51d75351bdb75141001dd6bcab5df7edba76d071e2e8ae64e35f91

第15个块开始准备relay

[Propose wait] S0 N0 spin=1 epoch=16 now=1780066011 InitTime=1780065979 lastpropose=1780066011 wallGap=32 need>=30 ok1=true lastGap=0 need>=2 ok2=false
[handleTxFromClient] S0 N0 recv client batch, tx_count=572
[handleTxFromClient] S0 N0 append to Tx_pool.Queue: local_queued=572 forward_other_shard=0 Queue_total_len=2059

第15个块结束relay

[Propose wait] S0 N0 spin=50 epoch=16 now=1780066012 InitTime=1780065979 lastpropose=1780066011 wallGap=33 need>=30 ok1=true lastGap=1 need>=2 ok2=false
[Propose] S0 N0 时间条件满足: epoch=16->17 now=1780066013 InitTime=1780065979 lastpropose=1780066011 wallGap=34>=30 lastGap=2>=2 → propose1
[Propose] S0 N0 等待 sequenceLock…
[Propose] S0 N0 已持有 sequenceLock，seqID=16 即将 propose1
[propose1] S0 N0 seq=16 Tx_pool.Queue_len=2184
left_count: 500
更新树花时间为: 73
写数据库IO花时间为: 91
编号为 16 的区块已加入本地区块链！curBlock: 
blockHeader: 
[4697c5ad6b51d75351bdb75141001dd6bcab5df7edba76d071e2e8ae64e35f91 6a119dbcb8c48b88fb626aacd4fe2f7abc334b4834d61ba2a07b9f4143ad5f48 6897f5f7cdf7152a95f2a7438379388fc4c29e6ac70cd781db7661933c6b502d 16 1780066013]
# of transactions: 500
# of TXmig1s: 0
# of In1s: 0
# of Anns: 0
# of NSs: 0
blockHash: 
ae284daf860fe86a9e381fc0ccee92cda8854a67273a4bff949d513ffcc621c3

第16个块开始准备relay

[Propose wait] S0 N0 spin=1 epoch=17 now=1780066013 InitTime=1780065979 lastpropose=1780066013 wallGap=34 need>=32 ok1=true lastGap=0 need>=2 ok2=false
[handleTxFromClient] S0 N0 recv client batch, tx_count=524
[handleTxFromClient] S0 N0 append to Tx_pool.Queue: local_queued=524 forward_other_shard=0 Queue_total_len=2208

第16个块结束relay

[Propose wait] S0 N0 spin=50 epoch=17 now=1780066014 InitTime=1780065979 lastpropose=1780066013 wallGap=35 need>=32 ok1=true lastGap=1 need>=2 ok2=false
[Propose] S0 N0 时间条件满足: epoch=17->18 now=1780066015 InitTime=1780065979 lastpropose=1780066013 wallGap=36>=32 lastGap=2>=2 → propose1
[Propose] S0 N0 等待 sequenceLock…
[Propose] S0 N0 已持有 sequenceLock，seqID=17 即将 propose1
[propose1] S0 N0 seq=17 Tx_pool.Queue_len=2308
left_count: 500
更新树花时间为: 79
写数据库IO花时间为: 85
编号为 17 的区块已加入本地区块链！curBlock: 
blockHeader: 
[ae284daf860fe86a9e381fc0ccee92cda8854a67273a4bff949d513ffcc621c3 2ff3c759faa12bd5ef501d883cf6dcf3a8a7cfe0b0f7e43f7fc915c36b8e057a b3c5a32e6a9e42109579ab7c3ee3d4015e1319e80f997895b06648a5aa5283ad 17 1780066015]
# of transactions: 500
# of TXmig1s: 0
# of In1s: 0
# of Anns: 0
# of NSs: 0
blockHash: 
734e3f77908ee7e4ba9f68119f7295fadf926ca968f6478364511178ac6ff557

第17个块开始准备relay

[Propose wait] S0 N0 spin=1 epoch=18 now=1780066015 InitTime=1780065979 lastpropose=1780066015 wallGap=36 need>=34 ok1=true lastGap=0 need>=2 ok2=false
[handleTxFromClient] S0 N0 recv client batch, tx_count=58
[handleTxFromClient] S0 N0 append to Tx_pool.Queue: local_queued=58 forward_other_shard=0 Queue_total_len=1866

第17个块结束relay

[Propose wait] S0 N0 spin=50 epoch=18 now=1780066016 InitTime=1780065979 lastpropose=1780066015 wallGap=37 need>=34 ok1=true lastGap=1 need>=2 ok2=false
[Propose] S0 N0 时间条件满足: epoch=18->19 now=1780066017 InitTime=1780065979 lastpropose=1780066015 wallGap=38>=34 lastGap=2>=2 → propose1
[Propose] S0 N0 等待 sequenceLock…
[Propose] S0 N0 已持有 sequenceLock，seqID=18 即将 propose1
[propose1] S0 N0 seq=18 Tx_pool.Queue_len=1974
left_count: 500
更新树花时间为: 67
写数据库IO花时间为: 74
编号为 18 的区块已加入本地区块链！curBlock: 
blockHeader: 
[734e3f77908ee7e4ba9f68119f7295fadf926ca968f6478364511178ac6ff557 e4511f908fcb4f4d2d27c2e999fd58749df5d59fb95d517bbffdf00f233a1c04 9481988ae949520249156eae6ecc9be3e74291201aedf8d7b325d2614be44ff8 18 1780066017]
# of transactions: 500
# of TXmig1s: 0
# of In1s: 0
# of Anns: 0
# of NSs: 0
blockHash: 
75a505da039d9d5e99da220878aaf9ba781712839632f5ab8cdb81aef7364c65

第18个块开始准备relay

[Propose wait] S0 N0 spin=1 epoch=19 now=1780066017 InitTime=1780065979 lastpropose=1780066017 wallGap=38 need>=36 ok1=true lastGap=0 need>=2 ok2=false
[handleTxFromClient] S0 N0 recv client batch, tx_count=48
[handleTxFromClient] S0 N0 append to Tx_pool.Queue: local_queued=48 forward_other_shard=0 Queue_total_len=1522

第18个块结束relay

[Propose wait] S0 N0 spin=50 epoch=19 now=1780066018 InitTime=1780065979 lastpropose=1780066017 wallGap=39 need>=36 ok1=true lastGap=1 need>=2 ok2=false
[Propose] S0 N0 时间条件满足: epoch=19->20 now=1780066019 InitTime=1780065979 lastpropose=1780066017 wallGap=40>=36 lastGap=2>=2 → propose1
[Propose] S0 N0 等待 sequenceLock…
[Propose] S0 N0 已持有 sequenceLock，seqID=19 即将 propose1
[propose1] S0 N0 seq=19 Tx_pool.Queue_len=1639
left_count: 500
更新树花时间为: 75
写数据库IO花时间为: 82
编号为 19 的区块已加入本地区块链！curBlock: 
blockHeader: 
[75a505da039d9d5e99da220878aaf9ba781712839632f5ab8cdb81aef7364c65 e687ebfe3dc30d635189e2c1637093465ac04bc1d51e95cde06b3f139b309071 d1a961e77bc0bc1132ceefa6c06de6c389dcba0bf82c0942d0bace35b0ba158d 19 1780066019]
# of transactions: 500
# of TXmig1s: 0
# of In1s: 0
# of Anns: 0
# of NSs: 0
blockHash: 
8bf1c87bc5a8af80956c55ad744cf61182597c15b74f580cdc65d68d135fe034

第19个块开始准备relay

[Propose wait] S0 N0 spin=1 epoch=20 now=1780066019 InitTime=1780065979 lastpropose=1780066019 wallGap=40 need>=38 ok1=true lastGap=0 need>=2 ok2=false
[handleTxFromClient] S0 N0 recv client batch, tx_count=33
[handleTxFromClient] S0 N0 append to Tx_pool.Queue: local_queued=33 forward_other_shard=0 Queue_total_len=1172

第19个块结束relay

[Propose wait] S0 N0 spin=50 epoch=20 now=1780066020 InitTime=1780065979 lastpropose=1780066019 wallGap=41 need>=38 ok1=true lastGap=1 need>=2 ok2=false
[Propose] S0 N0 时间条件满足: epoch=20->21 now=1780066021 InitTime=1780065979 lastpropose=1780066019 wallGap=42>=38 lastGap=2>=2 → propose1
[Propose] S0 N0 等待 sequenceLock…
[Propose] S0 N0 已持有 sequenceLock，seqID=20 即将 propose1
[propose1] S0 N0 seq=20 Tx_pool.Queue_len=1404
left_count: 500
更新树花时间为: 65
写数据库IO花时间为: 73
编号为 20 的区块已加入本地区块链！curBlock: 
blockHeader: 
[8bf1c87bc5a8af80956c55ad744cf61182597c15b74f580cdc65d68d135fe034 d9f1aa6c46893f6c060d928dd0850aad8f52f2690c23c925cd5abf50882192c2 8b85ee2a31f7b20d7f989531350343c373015a04a79f05c7f5341526f7f3c744 20 1780066021]
# of transactions: 500
# of TXmig1s: 0
# of In1s: 0
# of Anns: 0
# of NSs: 0
blockHash: 
339e3488a3d8dd2f1769d38f40c1a38cdb1b6ca6a3bfd841e153cb05608a88e1

第20个块开始准备relay

[Propose wait] S0 N0 spin=1 epoch=21 now=1780066021 InitTime=1780065979 lastpropose=1780066021 wallGap=42 need>=40 ok1=true lastGap=0 need>=2 ok2=false
[handleTxFromClient] S0 N0 recv client batch, tx_count=21
[handleTxFromClient] S0 N0 append to Tx_pool.Queue: local_queued=21 forward_other_shard=0 Queue_total_len=925

第20个块结束relay

[Propose wait] S0 N0 spin=50 epoch=21 now=1780066022 InitTime=1780065979 lastpropose=1780066021 wallGap=43 need>=40 ok1=true lastGap=1 need>=2 ok2=false
[Propose] S0 N0 时间条件满足: epoch=21->22 now=1780066023 InitTime=1780065979 lastpropose=1780066021 wallGap=44>=40 lastGap=2>=2 → propose1
[Propose] S0 N0 等待 sequenceLock…
[Propose] S0 N0 已持有 sequenceLock，seqID=21 即将 propose1
[propose1] S0 N0 seq=21 Tx_pool.Queue_len=1065
left_count: 500
更新树花时间为: 52
写数据库IO花时间为: 59
编号为 21 的区块已加入本地区块链！curBlock: 
blockHeader: 
[339e3488a3d8dd2f1769d38f40c1a38cdb1b6ca6a3bfd841e153cb05608a88e1 09ddef021c3fea788a7259e6783b9b874df1aae77ee1240ce86a0526529305e0 48c6753e807e374c0382aa95984afc02753d9790630403c7e76c18acc4bd3b62 21 1780066023]
# of transactions: 500
# of TXmig1s: 0
# of In1s: 0
# of Anns: 0
# of NSs: 0
blockHash: 
73acb8ba90dfc43cb31f223eb5c39b1a7256989c1cbffb5989a1824e4cfb2f09

第21个块开始准备relay

[Propose wait] S0 N0 spin=1 epoch=22 now=1780066023 InitTime=1780065979 lastpropose=1780066023 wallGap=44 need>=42 ok1=true lastGap=0 need>=2 ok2=false
本节点已接收到client发来准备迁移通知
本节点已将 pending 发送到 client（565 笔）
本节点已接收到客户端发送的新映射
[handleTxFromClient] S0 N0 recv client batch, tx_count=35
[handleTxFromClient] S0 N0 append to Tx_pool.Queue: local_queued=35 forward_other_shard=0 Queue_total_len=600

第21个块结束relay

[Propose wait] S0 N0 spin=50 epoch=22 now=1780066024 InitTime=1780065979 lastpropose=1780066023 wallGap=45 need>=42 ok1=true lastGap=1 need>=2 ok2=false
[Propose] S0 N0 时间条件满足: epoch=22->23 now=1780066025 InitTime=1780065979 lastpropose=1780066023 wallGap=46>=42 lastGap=2>=2 → propose1
[Propose] S0 N0 等待 sequenceLock…
[Propose] S0 N0 已持有 sequenceLock，seqID=22 即将 propose1
[propose1] S0 N0 seq=22 Tx_pool.Queue_len=856
left_count: 200
更新树花时间为: 46
写数据库IO花时间为: 52
编号为 22 的区块已加入本地区块链！curBlock: 
blockHeader: 
[73acb8ba90dfc43cb31f223eb5c39b1a7256989c1cbffb5989a1824e4cfb2f09 914a6106c3b5df2f23482491defabb7a265575939c7f58e1592868c0399498a1 743d9938d4cbf2ba1106933b9fe2dab9014bffec6fa3bcfee7ebabb099efc22c 22 1780066025]
# of transactions: 200
# of TXmig1s: 300
# of In1s: 0
# of Anns: 0
# of NSs: 0
blockHash: 
1394c4f0c581fbbd617408ecd79172fc3a47efaa66f24ca2aa34c502c249ac25

第22个块开始准备relay

[Propose wait] S0 N0 spin=1 epoch=23 now=1780066025 InitTime=1780065979 lastpropose=1780066025 wallGap=46 need>=44 ok1=true lastGap=0 need>=2 ok2=false

本节点已接收到分片S1发来的迁移请求 
10000000000000000000000000420000000000000


第22个块结束relay

[handleTxFromClient] S0 N0 recv client batch, tx_count=30
[handleTxFromClient] S0 N0 append to Tx_pool.Queue: local_queued=30 forward_other_shard=0 Queue_total_len=686
[Propose wait] S0 N0 spin=50 epoch=23 now=1780066026 InitTime=1780065979 lastpropose=1780066025 wallGap=47 need>=44 ok1=true lastGap=1 need>=2 ok2=false
[Propose] S0 N0 时间条件满足: epoch=23->24 now=1780066027 InitTime=1780065979 lastpropose=1780066025 wallGap=48>=44 lastGap=2>=2 → propose1
[Propose] S0 N0 等待 sequenceLock…
[Propose] S0 N0 已持有 sequenceLock，seqID=23 即将 propose1
[propose1] S0 N0 seq=23 Tx_pool.Queue_len=840
left_count: 326
更新树花时间为: 46
写数据库IO花时间为: 52
编号为 23 的区块已加入本地区块链！curBlock: 
blockHeader: 
[1394c4f0c581fbbd617408ecd79172fc3a47efaa66f24ca2aa34c502c249ac25 091e447ae9002a8b96ae3d9e2f5d3ed152ef358f40574eaa25c5354da8c19ee5 accaa92ab45a2ff3fafe092385d7a61fab491765af18c710514bacf678b00698 23 1780066027]
# of transactions: 326
# of TXmig1s: 162
# of In1s: 12
# of Anns: 0
# of NSs: 0
blockHash: 
626c8cd3bca7aec7baeeb4339be601995136cacf4d18cac3a400c87e0c83df01

第23个块开始准备relay

[Propose wait] S0 N0 spin=1 epoch=24 now=1780066027 InitTime=1780065979 lastpropose=1780066027 wallGap=48 need>=46 ok1=true lastGap=0 need>=2 ok2=false

第23个块结束relay

[handleTxFromClient] S0 N0 recv client batch, tx_count=460
[handleTxFromClient] S0 N0 append to Tx_pool.Queue: local_queued=460 forward_other_shard=0 Queue_total_len=820
[Propose wait] S0 N0 spin=50 epoch=24 now=1780066028 InitTime=1780065979 lastpropose=1780066027 wallGap=49 need>=46 ok1=true lastGap=1 need>=2 ok2=false
[Propose] S0 N0 时间条件满足: epoch=24->25 now=1780066029 InitTime=1780065979 lastpropose=1780066027 wallGap=50>=46 lastGap=2>=2 → propose1
[Propose] S0 N0 等待 sequenceLock…
[Propose] S0 N0 已持有 sequenceLock，seqID=24 即将 propose1
[propose1] S0 N0 seq=24 Tx_pool.Queue_len=820
left_count: 500
更新树花时间为: 68
写数据库IO花时间为: 74
编号为 24 的区块已加入本地区块链！curBlock: 
blockHeader: 
[626c8cd3bca7aec7baeeb4339be601995136cacf4d18cac3a400c87e0c83df01 f4fe4e313e62dd1f52beb92c60997e1d9d2476413f59003d237fbe7c0063e1e9 14b1363af2e5eb6ee38ebac6a68cc20997cbbaf407085343c861ef14e38ddf9b 24 1780066029]
# of transactions: 500
# of TXmig1s: 0
# of In1s: 0
# of Anns: 0
# of NSs: 0
blockHash: 
b0162bb3a62d9a271ec72a0b8f0d188ff97b4bdd84df33dbab467857cc5264a3

第24个块开始准备relay

[Propose wait] S0 N0 spin=1 epoch=25 now=1780066029 InitTime=1780065979 lastpropose=1780066029 wallGap=50 need>=48 ok1=true lastGap=0 need>=2 ok2=false
时间：1780066029206  本节点已接收到新
本节点已将迁移过来的pending交易的账户数量发送到client


第24个块结束relay

[handleTxFromClient] S0 N0 recv client batch, tx_count=387
[handleTxFromClient] S0 N0 append to Tx_pool.Queue: local_queued=387 forward_other_shard=0 Queue_total_len=688
本节点已接收到分片S1发来通知 
1
2
3
本节点已接收到分片S1发来通知 
1
2
3
[Propose wait] S0 N0 spin=50 epoch=25 now=1780066030 InitTime=1780065979 lastpropose=1780066029 wallGap=51 need>=48 ok1=true lastGap=1 need>=2 ok2=false
[Propose] S0 N0 时间条件满足: epoch=25->26 now=1780066031 InitTime=1780065979 lastpropose=1780066029 wallGap=52>=48 lastGap=2>=2 → propose1
[Propose] S0 N0 等待 sequenceLock…
[Propose] S0 N0 已持有 sequenceLock，seqID=25 即将 propose1
[propose1] S0 N0 seq=25 Tx_pool.Queue_len=827
left_count: 200
更新树花时间为: 54
写数据库IO花时间为: 75
编号为 25 的区块已加入本地区块链！curBlock: 
blockHeader: 
[b0162bb3a62d9a271ec72a0b8f0d188ff97b4bdd84df33dbab467857cc5264a3 3948be3f9f32709fc4a63022cc0522963bf01936bf1658354e791b5cff0eb4c8 9690a5091db2f6211aba230b8de088d58821d4a3b9bec019cf8905d1f247ab80 25 1780066031]
# of transactions: 200
# of TXmig1s: 0
# of In1s: 0
# of Anns: 300
# of NSs: 0
blockHash: 
7e5b158f1d2908c1d26ce2ae2455718cfc914535ce71f6efdcc40f2a56b1c690
handleAnns时是第25个块

handleannounce交易池操作时差为：0
handleannounce两锁时差为：1002


第25个块开始准备relay

[Propose wait] S0 N0 spin=1 epoch=26 now=1780066031 InitTime=1780065979 lastpropose=1780066031 wallGap=52 need>=50 ok1=true lastGap=0 need>=2 ok2=false
时间：52234  正在向分片S1的主节点发送新
本节点已将不变的账户数量发送到client


第25个块结束relay

[handleTxFromClient] S0 N0 recv client batch, tx_count=66
[handleTxFromClient] S0 N0 append to Tx_pool.Queue: local_queued=66 forward_other_shard=0 Queue_total_len=686
[Propose wait] S0 N0 spin=50 epoch=26 now=1780066032 InitTime=1780065979 lastpropose=1780066031 wallGap=53 need>=50 ok1=true lastGap=1 need>=2 ok2=false
[Propose] S0 N0 时间条件满足: epoch=26->27 now=1780066033 InitTime=1780065979 lastpropose=1780066031 wallGap=54>=50 lastGap=2>=2 → propose1
[Propose] S0 N0 等待 sequenceLock…
[Propose] S0 N0 已持有 sequenceLock，seqID=26 即将 propose1
[propose1] S0 N0 seq=26 Tx_pool.Queue_len=790
left_count: 338
更新树花时间为: 54
写数据库IO花时间为: 69
编号为 26 的区块已加入本地区块链！curBlock: 
blockHeader: 
[7e5b158f1d2908c1d26ce2ae2455718cfc914535ce71f6efdcc40f2a56b1c690 31fbf9d20ddee1538ffb99381b023e47ba603b4177c3476e3453676498006960 a93dad70cc49f51b581c924092f8cd3c94316b3078d72b94ccf48215b94390b8 26 1780066033]
# of transactions: 338
# of TXmig1s: 0
# of In1s: 0
# of Anns: 162
# of NSs: 0
blockHash: 
cbb2f234d5dd973070117f3307bc5e147b5340ed9796a9c47e657562449b90f3
handleAnns时是第26个块

handleannounce交易池操作时差为：564
handleannounce两锁时差为：564


第26个块开始准备relay

[Propose wait] S0 N0 spin=1 epoch=27 now=1780066033 InitTime=1780065979 lastpropose=1780066033 wallGap=54 need>=52 ok1=true lastGap=0 need>=2 ok2=false
时间：54187  正在向分片S1的主节点发送新
本节点已将不变的账户数量发送到client


第26个块结束relay

[Propose wait] S0 N0 spin=50 epoch=27 now=1780066034 InitTime=1780065979 lastpropose=1780066033 wallGap=55 need>=52 ok1=true lastGap=1 need>=2 ok2=false
[Propose] S0 N0 时间条件满足: epoch=27->28 now=1780066035 InitTime=1780065979 lastpropose=1780066033 wallGap=56>=52 lastGap=2>=2 → propose1
[Propose] S0 N0 等待 sequenceLock…
[Propose] S0 N0 已持有 sequenceLock，seqID=27 即将 propose1
[propose1] S0 N0 seq=27 Tx_pool.Queue_len=677
left_count: 500
更新树花时间为: 67
写数据库IO花时间为: 74
编号为 27 的区块已加入本地区块链！curBlock: 
blockHeader: 
[cbb2f234d5dd973070117f3307bc5e147b5340ed9796a9c47e657562449b90f3 953ca57472898ae6a3fb1defa7c46e5e4a50d3cf07ff707c4abe0ac63af9d66e 00ae53655053b002abe391abedad6f2bcd04ffa791336d8f8f5e25e2714f30f7 27 1780066035]
# of transactions: 500
# of TXmig1s: 0
# of In1s: 0
# of Anns: 0
# of NSs: 0
blockHash: 
cb98e88879974d572be15cd0d2756308f6510d23adeb4150669f1c2e3fc40f95

第27个块开始准备relay

[Propose wait] S0 N0 spin=1 epoch=28 now=1780066035 InitTime=1780065979 lastpropose=1780066035 wallGap=56 need>=54 ok1=true lastGap=0 need>=2 ok2=false

第27个块结束relay

[Propose wait] S0 N0 spin=50 epoch=28 now=1780066036 InitTime=1780065979 lastpropose=1780066035 wallGap=57 need>=54 ok1=true lastGap=1 need>=2 ok2=false
[Propose] S0 N0 时间条件满足: epoch=28->29 now=1780066037 InitTime=1780065979 lastpropose=1780066035 wallGap=58>=54 lastGap=2>=2 → propose1
[Propose] S0 N0 等待 sequenceLock…
[Propose] S0 N0 已持有 sequenceLock，seqID=28 即将 propose1
[propose1] S0 N0 seq=28 Tx_pool.Queue_len=323
left_count: 500
更新树花时间为: 46
写数据库IO花时间为: 62
编号为 28 的区块已加入本地区块链！curBlock: 
blockHeader: 
[cb98e88879974d572be15cd0d2756308f6510d23adeb4150669f1c2e3fc40f95 4c110253347adb4e498b44b153c94ef933739719af50493142f16859ba8751df f22d94518d6e6c4d5eb7f1bd4fe7f3c2585bf8b3a9feda1f1774d78c2d2665af 28 1780066037]
# of transactions: 323
# of TXmig1s: 0
# of In1s: 0
# of Anns: 0
# of NSs: 0
blockHash: 
955933de69c826a828c68531d4832ddcd84658c61ac5fb5128b41f45e806e0f2
[Propose wait] S0 N0 spin=1 epoch=29 now=1780066037 InitTime=1780065979 lastpropose=1780066037 wallGap=58 need>=56 ok1=true lastGap=0 need>=2 ok2=false
[Propose wait] S0 N0 spin=50 epoch=29 now=1780066038 InitTime=1780065979 lastpropose=1780066037 wallGap=59 need>=56 ok1=true lastGap=1 need>=2 ok2=false
[Propose] S0 N0 时间条件满足: epoch=29->30 now=1780066039 InitTime=1780065979 lastpropose=1780066037 wallGap=60>=56 lastGap=2>=2 → propose1
[Propose] S0 N0 等待 sequenceLock…
[Propose] S0 N0 已持有 sequenceLock，seqID=29 即将 propose1
[propose1] S0 N0 seq=29 Tx_pool.Queue_len=274
left_count: 500
更新树花时间为: 61
写数据库IO花时间为: 73
编号为 29 的区块已加入本地区块链！curBlock: 
blockHeader: 
[955933de69c826a828c68531d4832ddcd84658c61ac5fb5128b41f45e806e0f2 37b1f3fca615c0d861f76d430ab22367b26c3f395c4773af2e0c4114410f4aa5 18ccfc536be1311e47b03cc0a7bedf5ee9a65eb64004ffee0930db5ee4c77bac 29 1780066039]
# of transactions: 274
# of TXmig1s: 0
# of In1s: 0
# of Anns: 0
# of NSs: 0
blockHash: 
215fb2895c0c049a5aecf97c97683a69f53c47ef6b37a0d14654ff1300609237
[Propose wait] S0 N0 spin=1 epoch=30 now=1780066039 InitTime=1780065979 lastpropose=1780066039 wallGap=60 need>=58 ok1=true lastGap=0 need>=2 ok2=false
[Propose wait] S0 N0 spin=50 epoch=30 now=1780066040 InitTime=1780065979 lastpropose=1780066039 wallGap=61 need>=58 ok1=true lastGap=1 need>=2 ok2=false
[Propose] S0 N0 时间条件满足: epoch=30->31 now=1780066041 InitTime=1780065979 lastpropose=1780066039 wallGap=62>=58 lastGap=2>=2 → propose1
[Propose] S0 N0 等待 sequenceLock…
[Propose] S0 N0 已持有 sequenceLock，seqID=30 即将 propose1
[propose1] S0 N0 seq=30 Tx_pool.Queue_len=147
left_count: 500
更新树花时间为: 15
写数据库IO花时间为: 22
编号为 30 的区块已加入本地区块链！curBlock: 
blockHeader: 
[215fb2895c0c049a5aecf97c97683a69f53c47ef6b37a0d14654ff1300609237 0dea59e946f6b1b276389f5eb3231d11cdb28446bd75cc68f76e656db462670a 39b5a8ada4d8aabad5f604758762989e02b174b4b8d2b529c2fb9e71dcffa78b 30 1780066041]
# of transactions: 147
# of TXmig1s: 0
# of In1s: 0
# of Anns: 0
# of NSs: 0
blockHash: 
097718e4b6907a5beae0a4cb9ed765c0f9a2dea7cf6cb8a9cbb89e90018a5027
[Propose wait] S0 N0 spin=1 epoch=31 now=1780066041 InitTime=1780065979 lastpropose=1780066041 wallGap=62 need>=60 ok1=true lastGap=0 need>=2 ok2=false
[Propose wait] S0 N0 spin=50 epoch=31 now=1780066042 InitTime=1780065979 lastpropose=1780066041 wallGap=63 need>=60 ok1=true lastGap=1 need>=2 ok2=false
[Propose] S0 N0 时间条件满足: epoch=31->32 now=1780066043 InitTime=1780065979 lastpropose=1780066041 wallGap=64>=60 lastGap=2>=2 → propose1
[Propose] S0 N0 等待 sequenceLock…
[Propose] S0 N0 已持有 sequenceLock，seqID=31 即将 propose1
[propose1] S0 N0 seq=31 Tx_pool.Queue_len=243
left_count: 500
更新树花时间为: 24
写数据库IO花时间为: 29
编号为 31 的区块已加入本地区块链！curBlock: 
blockHeader: 
[097718e4b6907a5beae0a4cb9ed765c0f9a2dea7cf6cb8a9cbb89e90018a5027 67b1d9edc41f9e202b5c397bc3fc97a35e47af53cd1cbe8d740af08f32d6fcbd b844d34ab412d4042ff7ebe00456aebc2e4faaee02e2b7d08660442c4902cead 31 1780066043]
# of transactions: 243
# of TXmig1s: 0
# of In1s: 0
# of Anns: 0
# of NSs: 0
blockHash: 
2f2e3ca5fc359bb2096845bff4f79132b01b2316f6b03ed8696cbe4e8cea6ad4
[Propose wait] S0 N0 spin=1 epoch=32 now=1780066043 InitTime=1780065979 lastpropose=1780066043 wallGap=64 need>=62 ok1=true lastGap=0 need>=2 ok2=false
[Propose wait] S0 N0 spin=50 epoch=32 now=1780066044 InitTime=1780065979 lastpropose=1780066043 wallGap=65 need>=62 ok1=true lastGap=1 need>=2 ok2=false
[Propose] S0 N0 时间条件满足: epoch=32->33 now=1780066045 InitTime=1780065979 lastpropose=1780066043 wallGap=66>=62 lastGap=2>=2 → propose1
[Propose] S0 N0 等待 sequenceLock…
[Propose] S0 N0 已持有 sequenceLock，seqID=32 即将 propose1
[propose1] S0 N0 seq=32 Tx_pool.Queue_len=223
left_count: 500
更新树花时间为: 18
写数据库IO花时间为: 24
编号为 32 的区块已加入本地区块链！curBlock: 
blockHeader: 
[2f2e3ca5fc359bb2096845bff4f79132b01b2316f6b03ed8696cbe4e8cea6ad4 d503ff5ff765951347f393271849322a4f3b49118231ce7731eb835fe0b1c84a 4ebab9ea6080dff8a08332b12fc2fa29b3fb6bd979d6304466c0f44328e912d9 32 1780066045]
# of transactions: 223
# of TXmig1s: 0
# of In1s: 0
# of Anns: 0
# of NSs: 0
blockHash: 
5ec000e5dc8ef25304c7c542608c60a63be3782889edd5c34566d3a7269e6668
[Propose wait] S0 N0 spin=1 epoch=33 now=1780066045 InitTime=1780065979 lastpropose=1780066045 wallGap=66 need>=64 ok1=true lastGap=0 need>=2 ok2=false
[Propose wait] S0 N0 spin=50 epoch=33 now=1780066046 InitTime=1780065979 lastpropose=1780066045 wallGap=67 need>=64 ok1=true lastGap=1 need>=2 ok2=false
[Propose] S0 N0 时间条件满足: epoch=33->34 now=1780066047 InitTime=1780065979 lastpropose=1780066045 wallGap=68>=64 lastGap=2>=2 → propose1
[Propose] S0 N0 等待 sequenceLock…
[Propose] S0 N0 已持有 sequenceLock，seqID=33 即将 propose1
[propose1] S0 N0 seq=33 Tx_pool.Queue_len=182
left_count: 500
更新树花时间为: 21
写数据库IO花时间为: 32
编号为 33 的区块已加入本地区块链！curBlock: 
blockHeader: 
[5ec000e5dc8ef25304c7c542608c60a63be3782889edd5c34566d3a7269e6668 111de52592a102483976a640c73266cfd8b7b83ada8faae319dd997555dbebc5 e4b653e0fe6b2573791d8007eba0fa4350881fef04542bfd0c749091a9927497 33 1780066047]
# of transactions: 182
# of TXmig1s: 0
# of In1s: 0
# of Anns: 0
# of NSs: 0
blockHash: 
0ce9966c2b6cd6a14b080f1157b2bc0f7748a8d406ee446550a65e66f95e1695
[Propose wait] S0 N0 spin=1 epoch=34 now=1780066047 InitTime=1780065979 lastpropose=1780066047 wallGap=68 need>=66 ok1=true lastGap=0 need>=2 ok2=false
[Propose wait] S0 N0 spin=50 epoch=34 now=1780066048 InitTime=1780065979 lastpropose=1780066047 wallGap=69 need>=66 ok1=true lastGap=1 need>=2 ok2=false
[Propose] S0 N0 时间条件满足: epoch=34->35 now=1780066049 InitTime=1780065979 lastpropose=1780066047 wallGap=70>=66 lastGap=2>=2 → propose1
[Propose] S0 N0 等待 sequenceLock…
[Propose] S0 N0 已持有 sequenceLock，seqID=34 即将 propose1
[propose1] S0 N0 seq=34 Tx_pool.Queue_len=103
left_count: 500
更新树花时间为: 12
写数据库IO花时间为: 20
编号为 34 的区块已加入本地区块链！curBlock: 
blockHeader: 
[0ce9966c2b6cd6a14b080f1157b2bc0f7748a8d406ee446550a65e66f95e1695 191dafe0b0542e8dbd413672b9dc49c9036605290faca4b5066042e45230a4f3 24ef1f988b54f2ac8ef1a8b1956734470aa81a2e71f7c8e4a56fec5896ee4c4a 34 1780066049]
# of transactions: 103
# of TXmig1s: 0
# of In1s: 0
# of Anns: 0
# of NSs: 0
blockHash: 
a44da9da22cae41c852c1d2602803b1bcd04fac1983c5e77fad14726e69a9f2a
[Propose wait] S0 N0 spin=1 epoch=35 now=1780066049 InitTime=1780065979 lastpropose=1780066049 wallGap=70 need>=68 ok1=true lastGap=0 need>=2 ok2=false
[Propose wait] S0 N0 spin=50 epoch=35 now=1780066050 InitTime=1780065979 lastpropose=1780066049 wallGap=71 need>=68 ok1=true lastGap=1 need>=2 ok2=false
[Propose] S0 N0 时间条件满足: epoch=35->36 now=1780066051 InitTime=1780065979 lastpropose=1780066049 wallGap=72>=68 lastGap=2>=2 → propose1
[Propose] S0 N0 等待 sequenceLock…
[Propose] S0 N0 已持有 sequenceLock，seqID=35 即将 propose1
[propose1] S0 N0 seq=35 Tx_pool.Queue_len=245
left_count: 500
更新树花时间为: 26
写数据库IO花时间为: 38
编号为 35 的区块已加入本地区块链！curBlock: 
blockHeader: 
[a44da9da22cae41c852c1d2602803b1bcd04fac1983c5e77fad14726e69a9f2a 308b362f330cd6d6baeea3b475f65792e2c53af131750414fa3f0dbdf3b124b6 19cc516f1b59edb090f9e79d1ab8cb9354da76584c38510782f18094c1855e34 35 1780066051]
# of transactions: 245
# of TXmig1s: 0
# of In1s: 0
# of Anns: 0
# of NSs: 0
blockHash: 
aecea500ae45a0a538715cf7c6158b0a174418056aa7a9552b6ab17f3fe15ddc
[Propose wait] S0 N0 spin=1 epoch=36 now=1780066051 InitTime=1780065979 lastpropose=1780066051 wallGap=72 need>=70 ok1=true lastGap=0 need>=2 ok2=false
[Propose wait] S0 N0 spin=50 epoch=36 now=1780066052 InitTime=1780065979 lastpropose=1780066051 wallGap=73 need>=70 ok1=true lastGap=1 need>=2 ok2=false
[Propose] S0 N0 时间条件满足: epoch=36->37 now=1780066053 InitTime=1780065979 lastpropose=1780066051 wallGap=74>=70 lastGap=2>=2 → propose1
[Propose] S0 N0 等待 sequenceLock…
[Propose] S0 N0 已持有 sequenceLock，seqID=36 即将 propose1
[propose1] S0 N0 seq=36 Tx_pool.Queue_len=21
left_count: 500
更新树花时间为: 3
写数据库IO花时间为: 15
编号为 36 的区块已加入本地区块链！curBlock: 
blockHeader: 
[aecea500ae45a0a538715cf7c6158b0a174418056aa7a9552b6ab17f3fe15ddc 8c0649726c8a22f39cf8d42c717c0a9037e19a2ff11877677477624b798e0508 ba56b57663861fd083c5e67f50f5a9bf45cf524ed3d525e30bf038f05d0942a5 36 1780066053]
# of transactions: 21
# of TXmig1s: 0
# of In1s: 0
# of Anns: 0
# of NSs: 0
blockHash: 
f9eaa39acd1d05b11808fe338868e8401b6ac9cded70b68f1cd1bab4e1e0292c
[Propose wait] S0 N0 spin=1 epoch=37 now=1780066053 InitTime=1780065979 lastpropose=1780066053 wallGap=74 need>=72 ok1=true lastGap=0 need>=2 ok2=false
[Propose wait] S0 N0 spin=50 epoch=37 now=1780066054 InitTime=1780065979 lastpropose=1780066053 wallGap=75 need>=72 ok1=true lastGap=1 need>=2 ok2=false
[Propose] S0 N0 时间条件满足: epoch=37->38 now=1780066055 InitTime=1780065979 lastpropose=1780066053 wallGap=76>=72 lastGap=2>=2 → propose1
[Propose] S0 N0 等待 sequenceLock…
[Propose] S0 N0 已持有 sequenceLock，seqID=37 即将 propose1
[propose1] S0 N0 seq=37 Tx_pool.Queue_len=0
left_count: 500
更新树花时间为: 0
写数据库IO花时间为: 16
编号为 37 的区块已加入本地区块链！curBlock: 
blockHeader: 
[f9eaa39acd1d05b11808fe338868e8401b6ac9cded70b68f1cd1bab4e1e0292c 8c0649726c8a22f39cf8d42c717c0a9037e19a2ff11877677477624b798e0508 56e81f171bcc55a6ff8345e692c0f86e5b48e01b996cadc001622fb5e363b421 37 1780066055]
# of transactions: 0
# of TXmig1s: 0
# of In1s: 0
# of Anns: 0
# of NSs: 0
blockHash: 
8cffe03e68dccc7741a7da16a28b2af1ed8dbbcc9fcd9546238bbb7ba3c8d6ae
[Propose wait] S0 N0 spin=1 epoch=38 now=1780066055 InitTime=1780065979 lastpropose=1780066055 wallGap=76 need>=74 ok1=true lastGap=0 need>=2 ok2=false
[Propose wait] S0 N0 spin=50 epoch=38 now=1780066056 InitTime=1780065979 lastpropose=1780066055 wallGap=77 need>=74 ok1=true lastGap=1 need>=2 ok2=false
[Propose] S0 N0 时间条件满足: epoch=38->39 now=1780066057 InitTime=1780065979 lastpropose=1780066055 wallGap=78>=74 lastGap=2>=2 → propose1
[Propose] S0 N0 等待 sequenceLock…
[Propose] S0 N0 已持有 sequenceLock，seqID=38 即将 propose1
[propose1] S0 N0 seq=38 Tx_pool.Queue_len=0
left_count: 500
更新树花时间为: 0
写数据库IO花时间为: 18
编号为 38 的区块已加入本地区块链！curBlock: 
blockHeader: 
[8cffe03e68dccc7741a7da16a28b2af1ed8dbbcc9fcd9546238bbb7ba3c8d6ae 8c0649726c8a22f39cf8d42c717c0a9037e19a2ff11877677477624b798e0508 56e81f171bcc55a6ff8345e692c0f86e5b48e01b996cadc001622fb5e363b421 38 1780066057]
# of transactions: 0
# of TXmig1s: 0
# of In1s: 0
# of Anns: 0
# of NSs: 0
blockHash: 
684238a41d04be4e028d11e40748e8f17db9fd1508c6ae3ccd041057a385fb3b
[Propose wait] S0 N0 spin=1 epoch=39 now=1780066057 InitTime=1780065979 lastpropose=1780066057 wallGap=78 need>=76 ok1=true lastGap=0 need>=2 ok2=false
[Propose wait] S0 N0 spin=50 epoch=39 now=1780066058 InitTime=1780065979 lastpropose=1780066057 wallGap=79 need>=76 ok1=true lastGap=1 need>=2 ok2=false
[Propose] S0 N0 时间条件满足: epoch=39->40 now=1780066059 InitTime=1780065979 lastpropose=1780066057 wallGap=80>=76 lastGap=2>=2 → propose1
[Propose] S0 N0 等待 sequenceLock…
[Propose] S0 N0 已持有 sequenceLock，seqID=39 即将 propose1
[propose1] S0 N0 seq=39 Tx_pool.Queue_len=0
left_count: 500
更新树花时间为: 0
写数据库IO花时间为: 8
编号为 39 的区块已加入本地区块链！curBlock: 
blockHeader: 
[684238a41d04be4e028d11e40748e8f17db9fd1508c6ae3ccd041057a385fb3b 8c0649726c8a22f39cf8d42c717c0a9037e19a2ff11877677477624b798e0508 56e81f171bcc55a6ff8345e692c0f86e5b48e01b996cadc001622fb5e363b421 39 1780066059]
# of transactions: 0
# of TXmig1s: 0
# of In1s: 0
# of Anns: 0
# of NSs: 0
blockHash: 
3db496c4df02b34205f4d57cfd889f31a963643b25a80fa19b3ccc5cc7febe02
[Propose wait] S0 N0 spin=1 epoch=40 now=1780066059 InitTime=1780065979 lastpropose=1780066059 wallGap=80 need>=78 ok1=true lastGap=0 need>=2 ok2=false
[Propose wait] S0 N0 spin=50 epoch=40 now=1780066060 InitTime=1780065979 lastpropose=1780066059 wallGap=81 need>=78 ok1=true lastGap=1 need>=2 ok2=false
[Propose] S0 N0 时间条件满足: epoch=40->41 now=1780066061 InitTime=1780065979 lastpropose=1780066059 wallGap=82>=78 lastGap=2>=2 → propose1
[Propose] S0 N0 等待 sequenceLock…
[Propose] S0 N0 已持有 sequenceLock，seqID=40 即将 propose1
[propose1] S0 N0 seq=40 Tx_pool.Queue_len=0
left_count: 500
更新树花时间为: 0
写数据库IO花时间为: 18
编号为 40 的区块已加入本地区块链！curBlock: 
blockHeader: 
[3db496c4df02b34205f4d57cfd889f31a963643b25a80fa19b3ccc5cc7febe02 8c0649726c8a22f39cf8d42c717c0a9037e19a2ff11877677477624b798e0508 56e81f171bcc55a6ff8345e692c0f86e5b48e01b996cadc001622fb5e363b421 40 1780066061]
# of transactions: 0
# of TXmig1s: 0
# of In1s: 0
# of Anns: 0
# of NSs: 0
blockHash: 
8c80f719703b79f2bc94e9f8c19cbac6938d3e43f936cf60a834bd181b75ef2b
[Propose wait] S0 N0 spin=1 epoch=41 now=1780066061 InitTime=1780065979 lastpropose=1780066061 wallGap=82 need>=80 ok1=true lastGap=0 need>=2 ok2=false
[Propose wait] S0 N0 spin=50 epoch=41 now=1780066062 InitTime=1780065979 lastpropose=1780066061 wallGap=83 need>=80 ok1=true lastGap=1 need>=2 ok2=false
[Propose] S0 N0 时间条件满足: epoch=41->42 now=1780066063 InitTime=1780065979 lastpropose=1780066061 wallGap=84>=80 lastGap=2>=2 → propose1
[Propose] S0 N0 等待 sequenceLock…
[Propose] S0 N0 已持有 sequenceLock，seqID=41 即将 propose1
[propose1] S0 N0 seq=41 Tx_pool.Queue_len=0
left_count: 500
更新树花时间为: 0
写数据库IO花时间为: 12
编号为 41 的区块已加入本地区块链！curBlock: 
blockHeader: 
[8c80f719703b79f2bc94e9f8c19cbac6938d3e43f936cf60a834bd181b75ef2b 8c0649726c8a22f39cf8d42c717c0a9037e19a2ff11877677477624b798e0508 56e81f171bcc55a6ff8345e692c0f86e5b48e01b996cadc001622fb5e363b421 41 1780066063]
# of transactions: 0
# of TXmig1s: 0
# of In1s: 0
# of Anns: 0
# of NSs: 0
blockHash: 
e8399bf600e39bb380440e950aafc2b29ce7eb3a487968521988da9cec8751e4
[Propose wait] S0 N0 spin=1 epoch=42 now=1780066063 InitTime=1780065979 lastpropose=1780066063 wallGap=84 need>=82 ok1=true lastGap=0 need>=2 ok2=false
节点收到终止节点消息，停止运行
