MigrationStrategy=Fine-tuned-Lock (Stop=false Lock=false NotLock=false)
&{77 N0 S0 2 0 D:\Desktop\实验室\MVSS+\MVSS-main\selectedTxs_300K.csv 2 500 300 150 150 150 150 1000 10 1 400 20000 0 50000 20 true Fine-tuned-Lock false false false false true false 3 false 8 false false false PageRank false 100 true false}
&{77 N0 S0 2 0 D:\Desktop\实验室\MVSS+\MVSS-main\selectedTxs_300K.csv 2 500 300 150 150 150 150 1000 10 1 400 20000 0 50000 20 true Fine-tuned-Lock false false false false true false 3 false 8 false false false PageRank false 100 true false}
交易将由外部客户端发送
节点 N0 已启动，所属分片: S0
[Propose wait-first-tx] S0 N0 seq=1 Queue_len=0，首块等待交易注入后再出块
节点开启监听，地址：127.0.0.1:8010
[Propose wait-first-tx] S0 N0 seq=1 Queue_len=0，首块等待交易注入后再出块
[Propose wait-first-tx] S0 N0 seq=1 Queue_len=0，首块等待交易注入后再出块
[Propose wait-first-tx] S0 N0 seq=1 Queue_len=0，首块等待交易注入后再出块
[Propose wait-first-tx] S0 N0 seq=1 Queue_len=0，首块等待交易注入后再出块
[Propose wait-first-tx] S0 N0 seq=1 Queue_len=0，首块等待交易注入后再出块
[Propose wait-first-tx] S0 N0 seq=1 Queue_len=0，首块等待交易注入后再出块
[Propose wait-first-tx] S0 N0 seq=1 Queue_len=0，首块等待交易注入后再出块
[Propose wait-first-tx] S0 N0 seq=1 Queue_len=0，首块等待交易注入后再出块
[Propose wait-first-tx] S0 N0 seq=1 Queue_len=0，首块等待交易注入后再出块
[Propose wait-first-tx] S0 N0 seq=1 Queue_len=0，首块等待交易注入后再出块
[Propose wait-first-tx] S0 N0 seq=1 Queue_len=0，首块等待交易注入后再出块
[Propose wait-first-tx] S0 N0 seq=1 Queue_len=0，首块等待交易注入后再出块
[Propose wait-first-tx] S0 N0 seq=1 Queue_len=0，首块等待交易注入后再出块
[Propose wait-first-tx] S0 N0 seq=1 Queue_len=0，首块等待交易注入后再出块
[Propose wait-first-tx] S0 N0 seq=1 Queue_len=0，首块等待交易注入后再出块
[Propose wait-first-tx] S0 N0 seq=1 Queue_len=0，首块等待交易注入后再出块
本节点已接收到客户端发送的初始时间：1780066520（锚定 InitTime=1780066520，已重置 epoch=1）
[Propose wait-first-tx] S0 N0 seq=1 Queue_len=0，首块等待交易注入后再出块
[Propose wait-first-tx] S0 N0 seq=1 Queue_len=0，首块等待交易注入后再出块
[Propose wait-first-tx] S0 N0 seq=1 Queue_len=0，首块等待交易注入后再出块
[handleTxFromClient] S0 N0 recv client batch, tx_count=501
[handleTxFromClient] S0 N0 append to Tx_pool.Queue: local_queued=501 forward_other_shard=0 Queue_total_len=501
[Propose wait-first-tx] S0 N0 首块已检测到交易，结束等待，Queue_len=501
[Propose] S0 N0 时间条件满足: epoch=1->2 now=1780066524 InitTime=1780066520 lastpropose=1780066520 wallGap=4>=0 lastGap=4>=2 → propose1
[Propose] S0 N0 等待 sequenceLock…
[Propose] S0 N0 已持有 sequenceLock，seqID=1 即将 propose1
[propose1] S0 N0 seq=1 Tx_pool.Queue_len=501
left_count: 500
更新树花时间为: 102
写数据库IO花时间为: 108
编号为 1 的区块已加入本地区块链！curBlock: 
blockHeader: 
[1add38160db0458a48072f3ade543ffb4af4e9cfdf8f76549b9568e046a6a3ff 7b3e88fa0b5e1e4338b9737d5a0e564bf0bcc9b86578f5c7afd64da08aa444d3 e9598028333a515d838882a9db7bb2bf197b968f465d458519d50397f290c6e5 1 1780066524]
# of transactions: 500
# of TXmig1s: 0
# of In1s: 0
# of Anns: 0
# of NSs: 0
blockHash: 
8edc7f56a36edbce99af221e461bf5c806b5d2ccabf5954cce7ca3a0c720a5c9

第1个块开始准备relay

[Propose wait] S0 N0 spin=1 epoch=2 now=1780066524 InitTime=1780066520 lastpropose=1780066524 wallGap=4 need>=2 ok1=true lastGap=0 need>=2 ok2=false

第1个块结束relay

[Propose wait] S0 N0 spin=50 epoch=2 now=1780066525 InitTime=1780066520 lastpropose=1780066524 wallGap=5 need>=2 ok1=true lastGap=1 need>=2 ok2=false
[Propose] S0 N0 时间条件满足: epoch=2->3 now=1780066526 InitTime=1780066520 lastpropose=1780066524 wallGap=6>=2 lastGap=2>=2 → propose1
[Propose] S0 N0 等待 sequenceLock…
[Propose] S0 N0 已持有 sequenceLock，seqID=2 即将 propose1
[propose1] S0 N0 seq=2 Tx_pool.Queue_len=197
left_count: 500
[handleTxFromClient] S0 N0 recv client batch, tx_count=472
[handleTxFromClient] S0 N0 append to Tx_pool.Queue: local_queued=472 forward_other_shard=0 Queue_total_len=472
更新树花时间为: 11
写数据库IO花时间为: 28
编号为 2 的区块已加入本地区块链！curBlock: 
blockHeader: 
[8edc7f56a36edbce99af221e461bf5c806b5d2ccabf5954cce7ca3a0c720a5c9 2d8145dcd3756a6f0737e162608e0d19ec8650e7dba92ade69155a660750c2b5 a5581c408bd0132cb4e32f75d874910d6a4c7db09983debd9a7b3e99e15dc080 2 1780066526]
# of transactions: 197
# of TXmig1s: 0
# of In1s: 0
# of Anns: 0
# of NSs: 0
blockHash: 
42e198c49de4856a154e8c2c2acfb6dc258ac59b13057585720bed03baf75ed5

第2个块开始准备relay

[Propose wait] S0 N0 spin=1 epoch=3 now=1780066526 InitTime=1780066520 lastpropose=1780066526 wallGap=6 need>=4 ok1=true lastGap=0 need>=2 ok2=false

第2个块结束relay

[Propose wait] S0 N0 spin=50 epoch=3 now=1780066527 InitTime=1780066520 lastpropose=1780066526 wallGap=7 need>=4 ok1=true lastGap=1 need>=2 ok2=false
[Propose] S0 N0 时间条件满足: epoch=3->4 now=1780066528 InitTime=1780066520 lastpropose=1780066526 wallGap=8>=4 lastGap=2>=2 → propose1
[Propose] S0 N0 等待 sequenceLock…
[Propose] S0 N0 已持有 sequenceLock，seqID=3 即将 propose1
[propose1] S0 N0 seq=3 Tx_pool.Queue_len=472
left_count: 500
[handleTxFromClient] S0 N0 recv client batch, tx_count=513
[handleTxFromClient] S0 N0 append to Tx_pool.Queue: local_queued=513 forward_other_shard=0 Queue_total_len=513
更新树花时间为: 75
写数据库IO花时间为: 82
编号为 3 的区块已加入本地区块链！curBlock: 
blockHeader: 
[42e198c49de4856a154e8c2c2acfb6dc258ac59b13057585720bed03baf75ed5 a0fc74b0bda76b3c737fa9fc5050f08df494368e453572ea547d2d45c66277aa 4cc08baa72fdbe7225fd118ea89157dcd8404585ffc5b21c3579727d791cb1bb 3 1780066528]
# of transactions: 472
# of TXmig1s: 0
# of In1s: 0
# of Anns: 0
# of NSs: 0
blockHash: 
07d49d297fb3b3960c0f210ddcf9398754b5bcb512fb2c8551ad491a43b2957c

第3个块开始准备relay

[Propose wait] S0 N0 spin=1 epoch=4 now=1780066528 InitTime=1780066520 lastpropose=1780066528 wallGap=8 need>=6 ok1=true lastGap=0 need>=2 ok2=false

第3个块结束relay

[Propose wait] S0 N0 spin=50 epoch=4 now=1780066529 InitTime=1780066520 lastpropose=1780066528 wallGap=9 need>=6 ok1=true lastGap=1 need>=2 ok2=false
[Propose] S0 N0 时间条件满足: epoch=4->5 now=1780066530 InitTime=1780066520 lastpropose=1780066528 wallGap=10>=6 lastGap=2>=2 → propose1
[Propose] S0 N0 等待 sequenceLock…
[Propose] S0 N0 已持有 sequenceLock，seqID=4 即将 propose1
[propose1] S0 N0 seq=4 Tx_pool.Queue_len=744
left_count: 500
[handleTxFromClient] S0 N0 recv client batch, tx_count=164
[handleTxFromClient] S0 N0 append to Tx_pool.Queue: local_queued=164 forward_other_shard=0 Queue_total_len=408
更新树花时间为: 67
写数据库IO花时间为: 77
编号为 4 的区块已加入本地区块链！curBlock: 
blockHeader: 
[07d49d297fb3b3960c0f210ddcf9398754b5bcb512fb2c8551ad491a43b2957c a28f6290833b99a2c8933e091d48fe991df05edf4df82e46ac1e3c265bf11497 fd9dfd09d8412fb9862436353aa698d7f1693d3a24479d265bfb80329e02ab81 4 1780066530]
# of transactions: 500
# of TXmig1s: 0
# of In1s: 0
# of Anns: 0
# of NSs: 0
blockHash: 
10f9f4f6d0aa96b4ea018a54db99509fd100017026e84e01d3b5b77432e7b6b5

第4个块开始准备relay

[Propose wait] S0 N0 spin=1 epoch=5 now=1780066530 InitTime=1780066520 lastpropose=1780066530 wallGap=10 need>=8 ok1=true lastGap=0 need>=2 ok2=false

第4个块结束relay

[Propose wait] S0 N0 spin=50 epoch=5 now=1780066531 InitTime=1780066520 lastpropose=1780066530 wallGap=11 need>=8 ok1=true lastGap=1 need>=2 ok2=false
[Propose] S0 N0 时间条件满足: epoch=5->6 now=1780066532 InitTime=1780066520 lastpropose=1780066530 wallGap=12>=8 lastGap=2>=2 → propose1
[Propose] S0 N0 等待 sequenceLock…
[Propose] S0 N0 已持有 sequenceLock，seqID=5 即将 propose1
[propose1] S0 N0 seq=5 Tx_pool.Queue_len=574
left_count: 500
[handleTxFromClient] S0 N0 recv client batch, tx_count=273
[handleTxFromClient] S0 N0 append to Tx_pool.Queue: local_queued=273 forward_other_shard=0 Queue_total_len=347
更新树花时间为: 51
写数据库IO花时间为: 72
编号为 5 的区块已加入本地区块链！curBlock: 
blockHeader: 
[10f9f4f6d0aa96b4ea018a54db99509fd100017026e84e01d3b5b77432e7b6b5 f33f4b3e9506ea2f012dd9ae31732f078c7d9a3e7d191ac53e516438f791671f e6b613f69bc36b5abbc6ddb88e3a09e5185b01daa4bee690fe2d8a0819d31056 5 1780066532]
# of transactions: 500
# of TXmig1s: 0
# of In1s: 0
# of Anns: 0
# of NSs: 0
blockHash: 
b624dddddaff8789b455198874c0eead1c0f0e7955ce0ed11b83100dedfe6ed2

第5个块开始准备relay

[Propose wait] S0 N0 spin=1 epoch=6 now=1780066532 InitTime=1780066520 lastpropose=1780066532 wallGap=12 need>=10 ok1=true lastGap=0 need>=2 ok2=false

第5个块结束relay

[Propose wait] S0 N0 spin=50 epoch=6 now=1780066533 InitTime=1780066520 lastpropose=1780066532 wallGap=13 need>=10 ok1=true lastGap=1 need>=2 ok2=false
[Propose] S0 N0 时间条件满足: epoch=6->7 now=1780066534 InitTime=1780066520 lastpropose=1780066532 wallGap=14>=10 lastGap=2>=2 → propose1
[Propose] S0 N0 等待 sequenceLock…
[Propose] S0 N0 已持有 sequenceLock，seqID=6 即将 propose1
[propose1] S0 N0 seq=6 Tx_pool.Queue_len=606
left_count: 500
[handleTxFromClient] S0 N0 recv client batch, tx_count=564
[handleTxFromClient] S0 N0 append to Tx_pool.Queue: local_queued=564 forward_other_shard=0 Queue_total_len=670
更新树花时间为: 61
写数据库IO花时间为: 78
编号为 6 的区块已加入本地区块链！curBlock: 
blockHeader: 
[b624dddddaff8789b455198874c0eead1c0f0e7955ce0ed11b83100dedfe6ed2 b9ddd1427b9bdf1098a13823141b34af972ae9b5849f3b8b021e77f682c477ef 3249facde77584adb87a4a40346e60afb3316a45462e7398e25c12ec044bf82a 6 1780066534]
# of transactions: 500
# of TXmig1s: 0
# of In1s: 0
# of Anns: 0
# of NSs: 0
blockHash: 
34eef72cb13dc8a94d55fcbc5b7751adf605d44c41a9032480c3fa127d595a1a

第6个块开始准备relay

[Propose wait] S0 N0 spin=1 epoch=7 now=1780066534 InitTime=1780066520 lastpropose=1780066534 wallGap=14 need>=12 ok1=true lastGap=0 need>=2 ok2=false

第6个块结束relay

[Propose wait] S0 N0 spin=50 epoch=7 now=1780066535 InitTime=1780066520 lastpropose=1780066534 wallGap=15 need>=12 ok1=true lastGap=1 need>=2 ok2=false
[Propose] S0 N0 时间条件满足: epoch=7->8 now=1780066536 InitTime=1780066520 lastpropose=1780066534 wallGap=16>=12 lastGap=2>=2 → propose1
[Propose] S0 N0 等待 sequenceLock…
[Propose] S0 N0 已持有 sequenceLock，seqID=7 即将 propose1
[propose1] S0 N0 seq=7 Tx_pool.Queue_len=813
left_count: 500
[handleTxFromClient] S0 N0 recv client batch, tx_count=516
[handleTxFromClient] S0 N0 append to Tx_pool.Queue: local_queued=516 forward_other_shard=0 Queue_total_len=829
更新树花时间为: 84
写数据库IO花时间为: 92
编号为 7 的区块已加入本地区块链！curBlock: 
blockHeader: 
[34eef72cb13dc8a94d55fcbc5b7751adf605d44c41a9032480c3fa127d595a1a 9fbc87926f6c0845e4069d3105f615c8067c4dc991e4b4a3c1a6fd645ada47c3 c5c68f66984e2791351c0871c4eac5e4ff6c76072181346daccf8f0199909688 7 1780066536]
# of transactions: 500
# of TXmig1s: 0
# of In1s: 0
# of Anns: 0
# of NSs: 0
blockHash: 
9060abedb5e0ed1cb50608cb8ce4f2a1bae70f0a2ae32e486387c99f448e15a8

第7个块开始准备relay

[Propose wait] S0 N0 spin=1 epoch=8 now=1780066536 InitTime=1780066520 lastpropose=1780066536 wallGap=16 need>=14 ok1=true lastGap=0 need>=2 ok2=false

第7个块结束relay

[Propose wait] S0 N0 spin=50 epoch=8 now=1780066537 InitTime=1780066520 lastpropose=1780066536 wallGap=17 need>=14 ok1=true lastGap=1 need>=2 ok2=false
[Propose] S0 N0 时间条件满足: epoch=8->9 now=1780066538 InitTime=1780066520 lastpropose=1780066536 wallGap=18>=14 lastGap=2>=2 → propose1
[Propose] S0 N0 等待 sequenceLock…
[Propose] S0 N0 已持有 sequenceLock，seqID=8 即将 propose1
[propose1] S0 N0 seq=8 Tx_pool.Queue_len=1013
left_count: 500
[handleTxFromClient] S0 N0 recv client batch, tx_count=564
[handleTxFromClient] S0 N0 append to Tx_pool.Queue: local_queued=564 forward_other_shard=0 Queue_total_len=1077
更新树花时间为: 72
写数据库IO花时间为: 80
编号为 8 的区块已加入本地区块链！curBlock: 
blockHeader: 
[9060abedb5e0ed1cb50608cb8ce4f2a1bae70f0a2ae32e486387c99f448e15a8 16662d4451de481bf92877d7358feb6e9f8d1321609f63536d4859d8ab30f093 f33204e3278fefa6091044b8b75778137691ef04dbdc689ea0c067f68a1569f7 8 1780066538]
# of transactions: 500
# of TXmig1s: 0
# of In1s: 0
# of Anns: 0
# of NSs: 0
blockHash: 
f7b139743c7e0a806f75236af3c0f9f6a70c5f1b1b08f8905ea943af2d5407da

第8个块开始准备relay

[Propose wait] S0 N0 spin=1 epoch=9 now=1780066538 InitTime=1780066520 lastpropose=1780066538 wallGap=18 need>=16 ok1=true lastGap=0 need>=2 ok2=false

第8个块结束relay

[Propose wait] S0 N0 spin=50 epoch=9 now=1780066539 InitTime=1780066520 lastpropose=1780066538 wallGap=19 need>=16 ok1=true lastGap=1 need>=2 ok2=false
[Propose] S0 N0 时间条件满足: epoch=9->10 now=1780066540 InitTime=1780066520 lastpropose=1780066538 wallGap=20>=16 lastGap=2>=2 → propose1
[Propose] S0 N0 等待 sequenceLock…
[Propose] S0 N0 已持有 sequenceLock，seqID=9 即将 propose1
[propose1] S0 N0 seq=9 Tx_pool.Queue_len=1274
left_count: 500
[handleTxFromClient] S0 N0 recv client batch, tx_count=365
[handleTxFromClient] S0 N0 append to Tx_pool.Queue: local_queued=365 forward_other_shard=0 Queue_total_len=1139
更新树花时间为: 63
写数据库IO花时间为: 87
编号为 9 的区块已加入本地区块链！curBlock: 
blockHeader: 
[f7b139743c7e0a806f75236af3c0f9f6a70c5f1b1b08f8905ea943af2d5407da 05c5df46c2b53dfffb2762bbe2f1a992074c51c645364b2b159fd2490bbb1b26 3024f9faaa8f086f83eaa25f9f751f3ada26ac774b15142ed09820666447ada5 9 1780066540]
# of transactions: 500
# of TXmig1s: 0
# of In1s: 0
# of Anns: 0
# of NSs: 0
blockHash: 
b0145887c938d93626dc150ee1e38519a4f10351550a309955cc2c4aa7d54ad9

第9个块开始准备relay

[Propose wait] S0 N0 spin=1 epoch=10 now=1780066540 InitTime=1780066520 lastpropose=1780066540 wallGap=20 need>=18 ok1=true lastGap=0 need>=2 ok2=false

第9个块结束relay

[Propose wait] S0 N0 spin=50 epoch=10 now=1780066541 InitTime=1780066520 lastpropose=1780066540 wallGap=21 need>=18 ok1=true lastGap=1 need>=2 ok2=false
[Propose] S0 N0 时间条件满足: epoch=10->11 now=1780066542 InitTime=1780066520 lastpropose=1780066540 wallGap=22>=18 lastGap=2>=2 → propose1
[Propose] S0 N0 等待 sequenceLock…
[Propose] S0 N0 已持有 sequenceLock，seqID=10 即将 propose1
[propose1] S0 N0 seq=10 Tx_pool.Queue_len=1300
left_count: 500
[handleTxFromClient] S0 N0 recv client batch, tx_count=524
[handleTxFromClient] S0 N0 append to Tx_pool.Queue: local_queued=524 forward_other_shard=0 Queue_total_len=1324
更新树花时间为: 81
写数据库IO花时间为: 105
编号为 10 的区块已加入本地区块链！curBlock: 
blockHeader: 
[b0145887c938d93626dc150ee1e38519a4f10351550a309955cc2c4aa7d54ad9 ae5b608b9c25b44de85ebc4f50cff556f8a917857214c33b5c3684b41c92c572 bd4c299a6e46344cefd52062fc1cfd6eb4d0a05dc38522a20af5814f41bb120a 10 1780066542]
# of transactions: 500
# of TXmig1s: 0
# of In1s: 0
# of Anns: 0
# of NSs: 0
blockHash: 
96754bbf392ff42d8d65f5672ab92217676c44fe1a92fa1d38ab258a98e3a020

第10个块开始准备relay

[Propose wait] S0 N0 spin=1 epoch=11 now=1780066542 InitTime=1780066520 lastpropose=1780066542 wallGap=22 need>=20 ok1=true lastGap=0 need>=2 ok2=false

第10个块结束relay

[Propose wait] S0 N0 spin=50 epoch=11 now=1780066543 InitTime=1780066520 lastpropose=1780066542 wallGap=23 need>=20 ok1=true lastGap=1 need>=2 ok2=false
[Propose] S0 N0 时间条件满足: epoch=11->12 now=1780066544 InitTime=1780066520 lastpropose=1780066542 wallGap=24>=20 lastGap=2>=2 → propose1
[Propose] S0 N0 等待 sequenceLock…
[Propose] S0 N0 已持有 sequenceLock，seqID=11 即将 propose1
[propose1] S0 N0 seq=11 Tx_pool.Queue_len=1476
left_count: 500
更新树花时间为: 80
写数据库IO花时间为: 85
编号为 11 的区块已加入本地区块链！curBlock: 
blockHeader: 
[96754bbf392ff42d8d65f5672ab92217676c44fe1a92fa1d38ab258a98e3a020 016cb6916140f2e150d3f9cc73afca68b7645de1c01a7a90900e5db8e0116d75 5b0f1a0186b1a9f0aa487f7d99b15135132e2f46b4cc6fa41e99048756f5bf27 11 1780066544]
# of transactions: 500
# of TXmig1s: 0
# of In1s: 0
# of Anns: 0
# of NSs: 0
blockHash: 
5bad23d1f90fc49fe23153c160007c4b16eb47aaabe19c88b43499411e5d25bd

第11个块开始准备relay

[Propose wait] S0 N0 spin=1 epoch=12 now=1780066544 InitTime=1780066520 lastpropose=1780066544 wallGap=24 need>=22 ok1=true lastGap=0 need>=2 ok2=false
[handleTxFromClient] S0 N0 recv client batch, tx_count=38
[handleTxFromClient] S0 N0 append to Tx_pool.Queue: local_queued=38 forward_other_shard=0 Queue_total_len=1014

第11个块结束relay

[Propose wait] S0 N0 spin=50 epoch=12 now=1780066545 InitTime=1780066520 lastpropose=1780066544 wallGap=25 need>=22 ok1=true lastGap=1 need>=2 ok2=false
[Propose] S0 N0 时间条件满足: epoch=12->13 now=1780066546 InitTime=1780066520 lastpropose=1780066544 wallGap=26>=22 lastGap=2>=2 → propose1
[Propose] S0 N0 等待 sequenceLock…
[Propose] S0 N0 已持有 sequenceLock，seqID=12 即将 propose1
[propose1] S0 N0 seq=12 Tx_pool.Queue_len=1177
left_count: 500
更新树花时间为: 71
写数据库IO花时间为: 82
编号为 12 的区块已加入本地区块链！curBlock: 
blockHeader: 
[5bad23d1f90fc49fe23153c160007c4b16eb47aaabe19c88b43499411e5d25bd 25d964d9223c50e52e0408a10ea57cad1e5b39f6723028b41300175447582b97 4d309775687b9be38186f01a8d842aedb9bfcdf2d5691d1812c9469b81bf9d01 12 1780066546]
# of transactions: 500
# of TXmig1s: 0
# of In1s: 0
# of Anns: 0
# of NSs: 0
blockHash: 
027af4e3229c9db8d644b5b22aad77e5a5ecfa60e2f93b1cac0311b256514938

第12个块开始准备relay

[Propose wait] S0 N0 spin=1 epoch=13 now=1780066546 InitTime=1780066520 lastpropose=1780066546 wallGap=26 need>=24 ok1=true lastGap=0 need>=2 ok2=false
[handleTxFromClient] S0 N0 recv client batch, tx_count=20
[handleTxFromClient] S0 N0 append to Tx_pool.Queue: local_queued=20 forward_other_shard=0 Queue_total_len=697

第12个块结束relay

[Propose wait] S0 N0 spin=50 epoch=13 now=1780066547 InitTime=1780066520 lastpropose=1780066546 wallGap=27 need>=24 ok1=true lastGap=1 need>=2 ok2=false
[Propose] S0 N0 时间条件满足: epoch=13->14 now=1780066548 InitTime=1780066520 lastpropose=1780066546 wallGap=28>=24 lastGap=2>=2 → propose1
[Propose] S0 N0 等待 sequenceLock…
[Propose] S0 N0 已持有 sequenceLock，seqID=13 即将 propose1
[propose1] S0 N0 seq=13 Tx_pool.Queue_len=821
left_count: 500
更新树花时间为: 73
写数据库IO花时间为: 88
编号为 13 的区块已加入本地区块链！curBlock: 
blockHeader: 
[027af4e3229c9db8d644b5b22aad77e5a5ecfa60e2f93b1cac0311b256514938 d1b15db6b96f4737ce8bbe512767c0e94324a0b41bdb4f0f87ee8694e743774a 612a30ddd3512fd9ec9ddb10e23b6f0b46abcff2aec7ffe5e9d837e4ae907f44 13 1780066548]
# of transactions: 500
# of TXmig1s: 0
# of In1s: 0
# of Anns: 0
# of NSs: 0
blockHash: 
4cc27f2184aae25be77a74318d01568c7139a3665c6d36d8a33c5ffb4d975cf0

第13个块开始准备relay

[Propose wait] S0 N0 spin=1 epoch=14 now=1780066548 InitTime=1780066520 lastpropose=1780066548 wallGap=28 need>=26 ok1=true lastGap=0 need>=2 ok2=false
[handleTxFromClient] S0 N0 recv client batch, tx_count=41
[handleTxFromClient] S0 N0 append to Tx_pool.Queue: local_queued=41 forward_other_shard=0 Queue_total_len=362

第13个块结束relay

[Propose wait] S0 N0 spin=50 epoch=14 now=1780066549 InitTime=1780066520 lastpropose=1780066548 wallGap=29 need>=26 ok1=true lastGap=1 need>=2 ok2=false
[Propose] S0 N0 时间条件满足: epoch=14->15 now=1780066550 InitTime=1780066520 lastpropose=1780066548 wallGap=30>=26 lastGap=2>=2 → propose1
[Propose] S0 N0 等待 sequenceLock…
[Propose] S0 N0 已持有 sequenceLock，seqID=14 即将 propose1
[propose1] S0 N0 seq=14 Tx_pool.Queue_len=591
left_count: 500
更新树花时间为: 63
写数据库IO花时间为: 83
编号为 14 的区块已加入本地区块链！curBlock: 
blockHeader: 
[4cc27f2184aae25be77a74318d01568c7139a3665c6d36d8a33c5ffb4d975cf0 c766780f749b091e0838f2f21fe8873e517edf8900c07fc3e060c70418f1b10b 191908cb261142e6f955436fa4fca9b16d53becec674698164b58dfd9988eb8c 14 1780066550]
# of transactions: 500
# of TXmig1s: 0
# of In1s: 0
# of Anns: 0
# of NSs: 0
blockHash: 
4bf9bfb29ce51c0ff0940827483a7574a876fa2f541ee7512d2197b49f25da1a

第14个块开始准备relay

[Propose wait] S0 N0 spin=1 epoch=15 now=1780066550 InitTime=1780066520 lastpropose=1780066550 wallGap=30 need>=28 ok1=true lastGap=0 need>=2 ok2=false
[handleTxFromClient] S0 N0 recv client batch, tx_count=22
[handleTxFromClient] S0 N0 append to Tx_pool.Queue: local_queued=22 forward_other_shard=0 Queue_total_len=113

第14个块结束relay

[Propose wait] S0 N0 spin=50 epoch=15 now=1780066551 InitTime=1780066520 lastpropose=1780066550 wallGap=31 need>=28 ok1=true lastGap=1 need>=2 ok2=false
[Propose] S0 N0 时间条件满足: epoch=15->16 now=1780066552 InitTime=1780066520 lastpropose=1780066550 wallGap=32>=28 lastGap=2>=2 → propose1
[Propose] S0 N0 等待 sequenceLock…
[Propose] S0 N0 已持有 sequenceLock，seqID=15 即将 propose1
[propose1] S0 N0 seq=15 Tx_pool.Queue_len=279
left_count: 500
更新树花时间为: 34
写数据库IO花时间为: 66
编号为 15 的区块已加入本地区块链！curBlock: 
blockHeader: 
[4bf9bfb29ce51c0ff0940827483a7574a876fa2f541ee7512d2197b49f25da1a f1bcc840a34d0e1a1a6de01882da1f244668775e079556e6d96101d988cf5136 fe756e2c20ce70458dc8913beb2fc23a994f30017e7ad679d22dc6de15d66c1c 15 1780066552]
# of transactions: 279
# of TXmig1s: 0
# of In1s: 0
# of Anns: 0
# of NSs: 0
blockHash: 
65ae5041832b7e7ec9811037538b68dcbdb6bcbe8b42c3d520ec0a4c0ac5b4a0

第15个块开始准备relay

[Propose wait] S0 N0 spin=1 epoch=16 now=1780066552 InitTime=1780066520 lastpropose=1780066552 wallGap=32 need>=30 ok1=true lastGap=0 need>=2 ok2=false

第15个块结束relay

[handleTxFromClient] S0 N0 recv client batch, tx_count=72
[handleTxFromClient] S0 N0 append to Tx_pool.Queue: local_queued=72 forward_other_shard=0 Queue_total_len=72
[Propose wait] S0 N0 spin=50 epoch=16 now=1780066553 InitTime=1780066520 lastpropose=1780066552 wallGap=33 need>=30 ok1=true lastGap=1 need>=2 ok2=false
[Propose] S0 N0 时间条件满足: epoch=16->17 now=1780066554 InitTime=1780066520 lastpropose=1780066552 wallGap=34>=30 lastGap=2>=2 → propose1
[Propose] S0 N0 等待 sequenceLock…
[Propose] S0 N0 已持有 sequenceLock，seqID=16 即将 propose1
[propose1] S0 N0 seq=16 Tx_pool.Queue_len=330
left_count: 500
更新树花时间为: 46
写数据库IO花时间为: 58
编号为 16 的区块已加入本地区块链！curBlock: 
blockHeader: 
[65ae5041832b7e7ec9811037538b68dcbdb6bcbe8b42c3d520ec0a4c0ac5b4a0 1ee73b9aec5985e1e4ad643be3459901a09ef1e5e44031d37b65e14eb438c48d b85cb5b3eea53a42e1f8a727a30c257eddc49158cbac928d8a344d65db382d41 16 1780066554]
# of transactions: 330
# of TXmig1s: 0
# of In1s: 0
# of Anns: 0
# of NSs: 0
blockHash: 
27fe89bccc6509342cc459ebce4360ca977fe24859fbb7a4fea69d3bffb45a81

第16个块开始准备relay

[Propose wait] S0 N0 spin=1 epoch=17 now=1780066554 InitTime=1780066520 lastpropose=1780066554 wallGap=34 need>=32 ok1=true lastGap=0 need>=2 ok2=false

第16个块结束relay

[handleTxFromClient] S0 N0 recv client batch, tx_count=10
[handleTxFromClient] S0 N0 append to Tx_pool.Queue: local_queued=10 forward_other_shard=0 Queue_total_len=10
[Propose wait] S0 N0 spin=50 epoch=17 now=1780066555 InitTime=1780066520 lastpropose=1780066554 wallGap=35 need>=32 ok1=true lastGap=1 need>=2 ok2=false
[Propose] S0 N0 时间条件满足: epoch=17->18 now=1780066556 InitTime=1780066520 lastpropose=1780066554 wallGap=36>=32 lastGap=2>=2 → propose1
[Propose] S0 N0 等待 sequenceLock…
[Propose] S0 N0 已持有 sequenceLock，seqID=17 即将 propose1
[propose1] S0 N0 seq=17 Tx_pool.Queue_len=178
left_count: 500
更新树花时间为: 22
写数据库IO花时间为: 28
编号为 17 的区块已加入本地区块链！curBlock: 
blockHeader: 
[27fe89bccc6509342cc459ebce4360ca977fe24859fbb7a4fea69d3bffb45a81 044affc0ebf244fba617a78fb6ce64967bab5f3fb3707f3d9708b2fdd4989cc3 cc48273d71f90093f641e57070af7d0d80d57e3e432b609189715bd22985d102 17 1780066556]
# of transactions: 178
# of TXmig1s: 0
# of In1s: 0
# of Anns: 0
# of NSs: 0
blockHash: 
f94299a139f53b0089d2b7c9a7fcec3778f1c476d44e9638e35ccaf5fcfa854c

第17个块开始准备relay

[Propose wait] S0 N0 spin=1 epoch=18 now=1780066556 InitTime=1780066520 lastpropose=1780066556 wallGap=36 need>=34 ok1=true lastGap=0 need>=2 ok2=false

第17个块结束relay

[handleTxFromClient] S0 N0 recv client batch, tx_count=14
[handleTxFromClient] S0 N0 append to Tx_pool.Queue: local_queued=14 forward_other_shard=0 Queue_total_len=14
[Propose wait] S0 N0 spin=50 epoch=18 now=1780066557 InitTime=1780066520 lastpropose=1780066556 wallGap=37 need>=34 ok1=true lastGap=1 need>=2 ok2=false
[Propose] S0 N0 时间条件满足: epoch=18->19 now=1780066558 InitTime=1780066520 lastpropose=1780066556 wallGap=38>=34 lastGap=2>=2 → propose1
[Propose] S0 N0 等待 sequenceLock…
[Propose] S0 N0 已持有 sequenceLock，seqID=18 即将 propose1
[propose1] S0 N0 seq=18 Tx_pool.Queue_len=264
left_count: 500
更新树花时间为: 39
写数据库IO花时间为: 49
编号为 18 的区块已加入本地区块链！curBlock: 
blockHeader: 
[f94299a139f53b0089d2b7c9a7fcec3778f1c476d44e9638e35ccaf5fcfa854c 4a10471d2b27602142aa6b9549e7708b9fd798048379f02d166580902729c25b fecba9e7ef6c71c3e9202428571ed64c6e41eb16bd716e6894c7a4b22d3648cc 18 1780066558]
# of transactions: 264
# of TXmig1s: 0
# of In1s: 0
# of Anns: 0
# of NSs: 0
blockHash: 
d9fc64390b0667355d635e877c6d7705859da20b61318afa56746b4d766f2935

第18个块开始准备relay

[Propose wait] S0 N0 spin=1 epoch=19 now=1780066558 InitTime=1780066520 lastpropose=1780066558 wallGap=38 need>=36 ok1=true lastGap=0 need>=2 ok2=false

第18个块结束relay

[handleTxFromClient] S0 N0 recv client batch, tx_count=31
[handleTxFromClient] S0 N0 append to Tx_pool.Queue: local_queued=31 forward_other_shard=0 Queue_total_len=31
[Propose wait] S0 N0 spin=50 epoch=19 now=1780066559 InitTime=1780066520 lastpropose=1780066558 wallGap=39 need>=36 ok1=true lastGap=1 need>=2 ok2=false
[Propose] S0 N0 时间条件满足: epoch=19->20 now=1780066560 InitTime=1780066520 lastpropose=1780066558 wallGap=40>=36 lastGap=2>=2 → propose1
[Propose] S0 N0 等待 sequenceLock…
[Propose] S0 N0 已持有 sequenceLock，seqID=19 即将 propose1
[propose1] S0 N0 seq=19 Tx_pool.Queue_len=210
left_count: 500
更新树花时间为: 20
写数据库IO花时间为: 26
编号为 19 的区块已加入本地区块链！curBlock: 
blockHeader: 
[d9fc64390b0667355d635e877c6d7705859da20b61318afa56746b4d766f2935 c9f0bae887fcebee00003792cd075f6b9f1141b3be82d78498566c3d085a873d ae66af91031e223919bba76398f3f24886a2123757e77f3bc91bcdc4d2376181 19 1780066560]
# of transactions: 210
# of TXmig1s: 0
# of In1s: 0
# of Anns: 0
# of NSs: 0
blockHash: 
f1b5ee6cf12b35bcea65118820eb5ebbcff0ccbe18652ea11da5d4f3b1b1a172

第19个块开始准备relay

[Propose wait] S0 N0 spin=1 epoch=20 now=1780066560 InitTime=1780066520 lastpropose=1780066560 wallGap=40 need>=38 ok1=true lastGap=0 need>=2 ok2=false

第19个块结束relay

[handleTxFromClient] S0 N0 recv client batch, tx_count=333
[handleTxFromClient] S0 N0 append to Tx_pool.Queue: local_queued=333 forward_other_shard=0 Queue_total_len=333
[Propose wait] S0 N0 spin=50 epoch=20 now=1780066561 InitTime=1780066520 lastpropose=1780066560 wallGap=41 need>=38 ok1=true lastGap=1 need>=2 ok2=false
[Propose] S0 N0 时间条件满足: epoch=20->21 now=1780066562 InitTime=1780066520 lastpropose=1780066560 wallGap=42>=38 lastGap=2>=2 → propose1
[Propose] S0 N0 等待 sequenceLock…
[Propose] S0 N0 已持有 sequenceLock，seqID=20 即将 propose1
[propose1] S0 N0 seq=20 Tx_pool.Queue_len=561
left_count: 500
更新树花时间为: 80
写数据库IO花时间为: 85
编号为 20 的区块已加入本地区块链！curBlock: 
blockHeader: 
[f1b5ee6cf12b35bcea65118820eb5ebbcff0ccbe18652ea11da5d4f3b1b1a172 576374816d9638cb85c480bdd2c528511fe74de4f0e2bebae1c18f4483867cfc e526dd61451c6d67226e41161b1013916209e558541e0718cb7f60cac02e0878 20 1780066562]
# of transactions: 500
# of TXmig1s: 0
# of In1s: 0
# of Anns: 0
# of NSs: 0
blockHash: 
7936a26e5af71b926b2b3672d7eed1e3223e374c5a6a2d95defaeb0fe0e8e264

第20个块开始准备relay

[Propose wait] S0 N0 spin=1 epoch=21 now=1780066562 InitTime=1780066520 lastpropose=1780066562 wallGap=42 need>=40 ok1=true lastGap=0 need>=2 ok2=false
[handleTxFromClient] S0 N0 recv client batch, tx_count=581
[handleTxFromClient] S0 N0 append to Tx_pool.Queue: local_queued=581 forward_other_shard=0 Queue_total_len=642

第20个块结束relay

[Propose wait] S0 N0 spin=50 epoch=21 now=1780066563 InitTime=1780066520 lastpropose=1780066562 wallGap=43 need>=40 ok1=true lastGap=1 need>=2 ok2=false
[Propose] S0 N0 时间条件满足: epoch=21->22 now=1780066564 InitTime=1780066520 lastpropose=1780066562 wallGap=44>=40 lastGap=2>=2 → propose1
[Propose] S0 N0 等待 sequenceLock…
[Propose] S0 N0 已持有 sequenceLock，seqID=21 即将 propose1
[propose1] S0 N0 seq=21 Tx_pool.Queue_len=872
left_count: 500
更新树花时间为: 78
写数据库IO花时间为: 83
编号为 21 的区块已加入本地区块链！curBlock: 
blockHeader: 
[7936a26e5af71b926b2b3672d7eed1e3223e374c5a6a2d95defaeb0fe0e8e264 2324c6c33c8367ea21200794176e8ec64f9b233b49604b6f97ec994a44c86897 dcc18b4a1e179d1fd2754e5d3d59bccdd6c10b71dbc4143877808be9bd2ac2da 21 1780066564]
# of transactions: 500
# of TXmig1s: 0
# of In1s: 0
# of Anns: 0
# of NSs: 0
blockHash: 
28eab337d98d02feef6bb86f72103a98b106d90037600f823a0a5ba7b6f4f3aa
本节点已接收到client发来准备迁移通知

第21个块开始准备relay

[Propose wait] S0 N0 spin=1 epoch=22 now=1780066564 InitTime=1780066520 lastpropose=1780066564 wallGap=44 need>=42 ok1=true lastGap=0 need>=2 ok2=false
本节点已将 pending 发送到 client（372 笔）
本节点已接收到客户端发送的新映射
[handleTxFromClient] S0 N0 recv client batch, tx_count=636
[handleTxFromClient] S0 N0 append to Tx_pool.Queue: local_queued=636 forward_other_shard=0 Queue_total_len=1008

第21个块结束relay

[Propose wait] S0 N0 spin=50 epoch=22 now=1780066565 InitTime=1780066520 lastpropose=1780066564 wallGap=45 need>=42 ok1=true lastGap=1 need>=2 ok2=false
[Propose] S0 N0 时间条件满足: epoch=22->23 now=1780066566 InitTime=1780066520 lastpropose=1780066564 wallGap=46>=42 lastGap=2>=2 → propose1
[Propose] S0 N0 等待 sequenceLock…
[Propose] S0 N0 已持有 sequenceLock，seqID=22 即将 propose1
[propose1] S0 N0 seq=22 Tx_pool.Queue_len=1204
left_count: 200
更新树花时间为: 58
写数据库IO花时间为: 63
编号为 22 的区块已加入本地区块链！curBlock: 
blockHeader: 
[28eab337d98d02feef6bb86f72103a98b106d90037600f823a0a5ba7b6f4f3aa 59be0ecb5a6b38644de0523b4789d405cb2e4aefc559ebbfd3875bb1c608aca3 a1a266351c2579be0ffd4d648496372386bf6001a99656806f6f4ef696760bc0 22 1780066566]
# of transactions: 200
# of TXmig1s: 300
# of In1s: 0
# of Anns: 0
# of NSs: 0
blockHash: 
29b3793521ec90a1600f2791ba6b28794c6ce548a79e9be61aac36ac6dc373eb

第22个块开始准备relay

[Propose wait] S0 N0 spin=1 epoch=23 now=1780066566 InitTime=1780066520 lastpropose=1780066566 wallGap=46 need>=44 ok1=true lastGap=0 need>=2 ok2=false

本节点已接收到分片S1发来的迁移请求 
9999999999999999999999399469560000000000


第22个块结束relay

[handleTxFromClient] S0 N0 recv client batch, tx_count=688
[handleTxFromClient] S0 N0 append to Tx_pool.Queue: local_queued=688 forward_other_shard=0 Queue_total_len=1692
[Propose wait] S0 N0 spin=50 epoch=23 now=1780066567 InitTime=1780066520 lastpropose=1780066566 wallGap=47 need>=44 ok1=true lastGap=1 need>=2 ok2=false
[Propose] S0 N0 时间条件满足: epoch=23->24 now=1780066568 InitTime=1780066520 lastpropose=1780066566 wallGap=48>=44 lastGap=2>=2 → propose1
[Propose] S0 N0 等待 sequenceLock…
[Propose] S0 N0 已持有 sequenceLock，seqID=23 即将 propose1
[propose1] S0 N0 seq=23 Tx_pool.Queue_len=1917
left_count: 288
更新树花时间为: 65
写数据库IO花时间为: 80
编号为 23 的区块已加入本地区块链！curBlock: 
blockHeader: 
[29b3793521ec90a1600f2791ba6b28794c6ce548a79e9be61aac36ac6dc373eb 700295ad53ed52510359af0bb00995201a1dd7daa478763a6f1df27f3bd47c37 ced86bd14f79b41cfdb6324e64ef3272c58a1e18dead3081cb0c1c4cad63cd00 23 1780066568]
# of transactions: 288
# of TXmig1s: 152
# of In1s: 60
# of Anns: 0
# of NSs: 0
blockHash: 
1d25a9c449095aaf47547d36ed255c351791c1c6e5e10665c85ce0b3f811e1e6

第23个块开始准备relay

[Propose wait] S0 N0 spin=1 epoch=24 now=1780066568 InitTime=1780066520 lastpropose=1780066568 wallGap=48 need>=46 ok1=true lastGap=0 need>=2 ok2=false

第23个块结束relay

[handleTxFromClient] S0 N0 recv client batch, tx_count=626
[handleTxFromClient] S0 N0 append to Tx_pool.Queue: local_queued=626 forward_other_shard=0 Queue_total_len=2333
[Propose wait] S0 N0 spin=50 epoch=24 now=1780066569 InitTime=1780066520 lastpropose=1780066568 wallGap=49 need>=46 ok1=true lastGap=1 need>=2 ok2=false
[Propose] S0 N0 时间条件满足: epoch=24->25 now=1780066570 InitTime=1780066520 lastpropose=1780066568 wallGap=50>=46 lastGap=2>=2 → propose1
[Propose] S0 N0 等待 sequenceLock…
[Propose] S0 N0 已持有 sequenceLock，seqID=24 即将 propose1
[propose1] S0 N0 seq=24 Tx_pool.Queue_len=2333
left_count: 500
更新树花时间为: 77
写数据库IO花时间为: 104
编号为 24 的区块已加入本地区块链！curBlock: 
blockHeader: 
[1d25a9c449095aaf47547d36ed255c351791c1c6e5e10665c85ce0b3f811e1e6 bc85be771c834c8876e32d46b98e17fecf889955b85aa99f0c82e54f60389431 dfb5a3bb890f4ed6236be8e2e01b2650fe5feb6075e943eaa2d39321f202b7af 24 1780066570]
# of transactions: 500
# of TXmig1s: 0
# of In1s: 0
# of Anns: 0
# of NSs: 0
blockHash: 
b9330c44bc790b22caacad2164304cdf262d13bced2d46afc74e1779902aa3cc

第24个块开始准备relay

[Propose wait] S0 N0 spin=1 epoch=25 now=1780066570 InitTime=1780066520 lastpropose=1780066570 wallGap=50 need>=48 ok1=true lastGap=0 need>=2 ok2=false
时间：1780066570204  本节点已接收到新
本节点已将迁移过来的pending交易的账户数量发送到client

[handleTxFromClient] S0 N0 recv client batch, tx_count=665
[handleTxFromClient] S0 N0 append to Tx_pool.Queue: local_queued=665 forward_other_shard=0 Queue_total_len=2696
本节点已接收到分片S1发来通知 
1
2
3

第24个块结束relay

[Propose wait] S0 N0 spin=50 epoch=25 now=1780066571 InitTime=1780066520 lastpropose=1780066570 wallGap=51 need>=48 ok1=true lastGap=1 need>=2 ok2=false
本节点已接收到分片S1发来通知 
1
2
3
[Propose] S0 N0 时间条件满足: epoch=25->26 now=1780066572 InitTime=1780066520 lastpropose=1780066570 wallGap=52>=48 lastGap=2>=2 → propose1
[Propose] S0 N0 等待 sequenceLock…
[Propose] S0 N0 已持有 sequenceLock，seqID=25 即将 propose1
[propose1] S0 N0 seq=25 Tx_pool.Queue_len=2696
left_count: 200
更新树花时间为: 53
写数据库IO花时间为: 87
编号为 25 的区块已加入本地区块链！curBlock: 
blockHeader: 
[b9330c44bc790b22caacad2164304cdf262d13bced2d46afc74e1779902aa3cc 6d62fa979609d5f4ab523a5d388de4b17e9a104923dbdea2a448266090ee887b e31cdfecefda929558926245c577d2f8354a0f9db9812494321f13a307a86333 25 1780066572]
# of transactions: 200
# of TXmig1s: 0
# of In1s: 0
# of Anns: 300
# of NSs: 0
blockHash: 
93d680277accd2544253515187ed1277327eb93720fbdf4813dbe87902414a91
handleAnns时是第25个块

handleannounce交易池操作时差为：0
handleannounce两锁时差为：5337


第25个块开始准备relay

[Propose wait] S0 N0 spin=1 epoch=26 now=1780066572 InitTime=1780066520 lastpropose=1780066572 wallGap=52 need>=50 ok1=true lastGap=0 need>=2 ok2=false

第25个块结束relay

[handleTxFromClient] S0 N0 recv client batch, tx_count=667
[handleTxFromClient] S0 N0 append to Tx_pool.Queue: local_queued=667 forward_other_shard=0 Queue_total_len=3139
[Propose wait] S0 N0 spin=50 epoch=26 now=1780066573 InitTime=1780066520 lastpropose=1780066572 wallGap=53 need>=50 ok1=true lastGap=1 need>=2 ok2=false
[Propose] S0 N0 时间条件满足: epoch=26->27 now=1780066574 InitTime=1780066520 lastpropose=1780066572 wallGap=54>=50 lastGap=2>=2 → propose1
[Propose] S0 N0 等待 sequenceLock…
[Propose] S0 N0 已持有 sequenceLock，seqID=26 即将 propose1
[propose1] S0 N0 seq=26 Tx_pool.Queue_len=3357
left_count: 348
更新树花时间为: 50
写数据库IO花时间为: 77
编号为 26 的区块已加入本地区块链！curBlock: 
blockHeader: 
[93d680277accd2544253515187ed1277327eb93720fbdf4813dbe87902414a91 46e4bbcabbc362cd49ee08c82b408c2d3f3938ae9eec65a3e9daa68b37601f4b 0b7f1c73a6f144a25ea56e91360b6341748ca3a4e81223264881ae43e64ca0b6 26 1780066574]
# of transactions: 348
# of TXmig1s: 0
# of In1s: 0
# of Anns: 152
# of NSs: 0
blockHash: 
a89ae0e62b6fea1412310a8fcc37a65bea6e3be47c9d744534be96ca6311523e
handleAnns时是第26个块

handleannounce交易池操作时差为：1551
handleannounce两锁时差为：1561


第26个块开始准备relay

[Propose wait] S0 N0 spin=1 epoch=27 now=1780066574 InitTime=1780066520 lastpropose=1780066574 wallGap=54 need>=52 ok1=true lastGap=0 need>=2 ok2=false
时间：54348  正在向分片S1的主节点发送新
本节点已将不变的账户数量发送到client


第26个块结束relay

[Propose wait] S0 N0 spin=50 epoch=27 now=1780066575 InitTime=1780066520 lastpropose=1780066574 wallGap=55 need>=52 ok1=true lastGap=1 need>=2 ok2=false
时间：55624  正在向分片S1的主节点发送新
本节点已将不变的账户数量发送到client

[Propose] S0 N0 时间条件满足: epoch=27->28 now=1780066576 InitTime=1780066520 lastpropose=1780066574 wallGap=56>=52 lastGap=2>=2 → propose1
[Propose] S0 N0 等待 sequenceLock…
[Propose] S0 N0 已持有 sequenceLock，seqID=27 即将 propose1
[propose1] S0 N0 seq=27 Tx_pool.Queue_len=3177
left_count: 500
更新树花时间为: 89
写数据库IO花时间为: 105
编号为 27 的区块已加入本地区块链！curBlock: 
blockHeader: 
[a89ae0e62b6fea1412310a8fcc37a65bea6e3be47c9d744534be96ca6311523e a80f2693afbd51a901215a960a39671c7100de45af9a98de7eb6caf0cca11fe6 37e4be713e0df75f1c0af20de266a3c32dc26d4a06bed0cbb491db41fc696369 27 1780066576]
# of transactions: 500
# of TXmig1s: 0
# of In1s: 0
# of Anns: 0
# of NSs: 0
blockHash: 
1337cd1deb13077700bdd13db3f0091ba9426460c8bd7cd0583199eaa802aa8a

第27个块开始准备relay

[Propose wait] S0 N0 spin=1 epoch=28 now=1780066576 InitTime=1780066520 lastpropose=1780066576 wallGap=56 need>=54 ok1=true lastGap=0 need>=2 ok2=false

第27个块结束relay

[Propose wait] S0 N0 spin=50 epoch=28 now=1780066577 InitTime=1780066520 lastpropose=1780066576 wallGap=57 need>=54 ok1=true lastGap=1 need>=2 ok2=false
[Propose] S0 N0 时间条件满足: epoch=28->29 now=1780066578 InitTime=1780066520 lastpropose=1780066576 wallGap=58>=54 lastGap=2>=2 → propose1
[Propose] S0 N0 等待 sequenceLock…
[Propose] S0 N0 已持有 sequenceLock，seqID=28 即将 propose1
[propose1] S0 N0 seq=28 Tx_pool.Queue_len=2813
left_count: 500
更新树花时间为: 98
写数据库IO花时间为: 108
编号为 28 的区块已加入本地区块链！curBlock: 
blockHeader: 
[1337cd1deb13077700bdd13db3f0091ba9426460c8bd7cd0583199eaa802aa8a 884dca9f59b53dc6309699ac0088dcfa587296bb7f9d61d96b46b3213df610e2 1abaac724226a94279f9e2be0c45811ff0a8d8ae8a8d123af635a8208c60c50b 28 1780066578]
# of transactions: 500
# of TXmig1s: 0
# of In1s: 0
# of Anns: 0
# of NSs: 0
blockHash: 
6c4bba206af9e4e2afedd29711f1f71bfc0e54c5276597b5226e1973960e3536

第28个块开始准备relay

[Propose wait] S0 N0 spin=1 epoch=29 now=1780066578 InitTime=1780066520 lastpropose=1780066578 wallGap=58 need>=56 ok1=true lastGap=0 need>=2 ok2=false

第28个块结束relay

[Propose wait] S0 N0 spin=50 epoch=29 now=1780066579 InitTime=1780066520 lastpropose=1780066578 wallGap=59 need>=56 ok1=true lastGap=1 need>=2 ok2=false
[Propose] S0 N0 时间条件满足: epoch=29->30 now=1780066580 InitTime=1780066520 lastpropose=1780066578 wallGap=60>=56 lastGap=2>=2 → propose1
[Propose] S0 N0 等待 sequenceLock…
[Propose] S0 N0 已持有 sequenceLock，seqID=29 即将 propose1
[propose1] S0 N0 seq=29 Tx_pool.Queue_len=2456
left_count: 500
更新树花时间为: 82
写数据库IO花时间为: 114
编号为 29 的区块已加入本地区块链！curBlock: 
blockHeader: 
[6c4bba206af9e4e2afedd29711f1f71bfc0e54c5276597b5226e1973960e3536 325000769bea94f385b42ec9fbd8b64bbde21c067ffa2dc06e02994d0314385e 2b29d9cd4df89ef096ae0157dcb6bdb4386b0fa141c64bc1882e2236f820f41b 29 1780066580]
# of transactions: 500
# of TXmig1s: 0
# of In1s: 0
# of Anns: 0
# of NSs: 0
blockHash: 
343c01d5d09dd881d835f87f279f742247a1defff5bd5aef695b0bc9dbde2e7e

第29个块开始准备relay

[Propose wait] S0 N0 spin=1 epoch=30 now=1780066580 InitTime=1780066520 lastpropose=1780066580 wallGap=60 need>=58 ok1=true lastGap=0 need>=2 ok2=false

第29个块结束relay

[Propose wait] S0 N0 spin=50 epoch=30 now=1780066581 InitTime=1780066520 lastpropose=1780066580 wallGap=61 need>=58 ok1=true lastGap=1 need>=2 ok2=false
[Propose] S0 N0 时间条件满足: epoch=30->31 now=1780066582 InitTime=1780066520 lastpropose=1780066580 wallGap=62>=58 lastGap=2>=2 → propose1
[Propose] S0 N0 等待 sequenceLock…
[Propose] S0 N0 已持有 sequenceLock，seqID=30 即将 propose1
[propose1] S0 N0 seq=30 Tx_pool.Queue_len=2057
left_count: 500
更新树花时间为: 99
写数据库IO花时间为: 106
编号为 30 的区块已加入本地区块链！curBlock: 
blockHeader: 
[343c01d5d09dd881d835f87f279f742247a1defff5bd5aef695b0bc9dbde2e7e cb03b939f0d9ab986f9e0f023902a540dbef3b377a2f8f2c050f8ac70144a166 b2d9482c954fb1aef2335738dbbd3733bb2809cc69dc679e5746ed51c1c9f4a7 30 1780066582]
# of transactions: 500
# of TXmig1s: 0
# of In1s: 0
# of Anns: 0
# of NSs: 0
blockHash: 
52694c70cac64ab65a3b7dddf047dc7827db6c14e82bf803e19a8d8cd670552b

第30个块开始准备relay

[Propose wait] S0 N0 spin=1 epoch=31 now=1780066582 InitTime=1780066520 lastpropose=1780066582 wallGap=62 need>=60 ok1=true lastGap=0 need>=2 ok2=false

第30个块结束relay

[Propose wait] S0 N0 spin=50 epoch=31 now=1780066583 InitTime=1780066520 lastpropose=1780066582 wallGap=63 need>=60 ok1=true lastGap=1 need>=2 ok2=false
[Propose] S0 N0 时间条件满足: epoch=31->32 now=1780066584 InitTime=1780066520 lastpropose=1780066582 wallGap=64>=60 lastGap=2>=2 → propose1
[Propose] S0 N0 等待 sequenceLock…
[Propose] S0 N0 已持有 sequenceLock，seqID=31 即将 propose1
[propose1] S0 N0 seq=31 Tx_pool.Queue_len=1662
left_count: 500
更新树花时间为: 87
写数据库IO花时间为: 92
编号为 31 的区块已加入本地区块链！curBlock: 
blockHeader: 
[52694c70cac64ab65a3b7dddf047dc7827db6c14e82bf803e19a8d8cd670552b d150a26d78c5ce690972c7db66cfb22e65c9599b9237afe82b300402ba1a6506 a7a5e6bb897a947a38271e5acf3ca540c3c858307023e248f568148ebabf7614 31 1780066584]
# of transactions: 500
# of TXmig1s: 0
# of In1s: 0
# of Anns: 0
# of NSs: 0
blockHash: 
1800789d577885f795e773d9610b062fdc9dad820ca2eebf5d06d977afcc0e53

第31个块开始准备relay

[Propose wait] S0 N0 spin=1 epoch=32 now=1780066584 InitTime=1780066520 lastpropose=1780066584 wallGap=64 need>=62 ok1=true lastGap=0 need>=2 ok2=false

第31个块结束relay

[Propose wait] S0 N0 spin=50 epoch=32 now=1780066585 InitTime=1780066520 lastpropose=1780066584 wallGap=65 need>=62 ok1=true lastGap=1 need>=2 ok2=false
[Propose] S0 N0 时间条件满足: epoch=32->33 now=1780066586 InitTime=1780066520 lastpropose=1780066584 wallGap=66>=62 lastGap=2>=2 → propose1
[Propose] S0 N0 等待 sequenceLock…
[Propose] S0 N0 已持有 sequenceLock，seqID=32 即将 propose1
[propose1] S0 N0 seq=32 Tx_pool.Queue_len=1228
left_count: 500
更新树花时间为: 82
写数据库IO花时间为: 89
编号为 32 的区块已加入本地区块链！curBlock: 
blockHeader: 
[1800789d577885f795e773d9610b062fdc9dad820ca2eebf5d06d977afcc0e53 bcfb08f5340ca2633c2512cb1d185c6f37196b9ff4ad4d94c906b4037a0239c4 d77a32182582c59a4f56f296f3790e16867ca35acf7ddf4cbae94c13ff0658c9 32 1780066586]
# of transactions: 500
# of TXmig1s: 0
# of In1s: 0
# of Anns: 0
# of NSs: 0
blockHash: 
3d1c0b29b599b26213760b6aba623437ef8f4c3b59fa5963dc0f72cfe27c914c

第32个块开始准备relay

[Propose wait] S0 N0 spin=1 epoch=33 now=1780066586 InitTime=1780066520 lastpropose=1780066586 wallGap=66 need>=64 ok1=true lastGap=0 need>=2 ok2=false

第32个块结束relay

[Propose wait] S0 N0 spin=50 epoch=33 now=1780066587 InitTime=1780066520 lastpropose=1780066586 wallGap=67 need>=64 ok1=true lastGap=1 need>=2 ok2=false
[Propose] S0 N0 时间条件满足: epoch=33->34 now=1780066588 InitTime=1780066520 lastpropose=1780066586 wallGap=68>=64 lastGap=2>=2 → propose1
[Propose] S0 N0 等待 sequenceLock…
[Propose] S0 N0 已持有 sequenceLock，seqID=33 即将 propose1
[propose1] S0 N0 seq=33 Tx_pool.Queue_len=733
left_count: 500
更新树花时间为: 65
写数据库IO花时间为: 73
编号为 33 的区块已加入本地区块链！curBlock: 
blockHeader: 
[3d1c0b29b599b26213760b6aba623437ef8f4c3b59fa5963dc0f72cfe27c914c cf2c712c26582eaf9dbe66aa6f0649baa9463f57363d934b24d8170ef35c419b d2072e23769f7b988392b3b12e3a712744d0b3b3f4e0004c5747eead4247c366 33 1780066588]
# of transactions: 500
# of TXmig1s: 0
# of In1s: 0
# of Anns: 0
# of NSs: 0
blockHash: 
3068fa1d2b5871e04e9ebd79f800274a66ea84389decf0ed5670ac1de799d70e
[Propose wait] S0 N0 spin=1 epoch=34 now=1780066588 InitTime=1780066520 lastpropose=1780066588 wallGap=68 need>=66 ok1=true lastGap=0 need>=2 ok2=false
[Propose wait] S0 N0 spin=50 epoch=34 now=1780066589 InitTime=1780066520 lastpropose=1780066588 wallGap=69 need>=66 ok1=true lastGap=1 need>=2 ok2=false
[Propose] S0 N0 时间条件满足: epoch=34->35 now=1780066590 InitTime=1780066520 lastpropose=1780066588 wallGap=70>=66 lastGap=2>=2 → propose1
[Propose] S0 N0 等待 sequenceLock…
[Propose] S0 N0 已持有 sequenceLock，seqID=34 即将 propose1
[propose1] S0 N0 seq=34 Tx_pool.Queue_len=233
left_count: 500
更新树花时间为: 28
写数据库IO花时间为: 57
编号为 34 的区块已加入本地区块链！curBlock: 
blockHeader: 
[3068fa1d2b5871e04e9ebd79f800274a66ea84389decf0ed5670ac1de799d70e fe6c72879230385eb4fc17c0f04eea22bd81e66998e715fe79f9f76f9f4acebf c1c0153cd42d971f625f92b49423dbc322f8925c0289e38bc572a16cd0edc5c9 34 1780066590]
# of transactions: 233
# of TXmig1s: 0
# of In1s: 0
# of Anns: 0
# of NSs: 0
blockHash: 
42faa7e9cd0683b6f53307ad4b52e9e18e11386b6130cb446928315ff6815031
[Propose wait] S0 N0 spin=1 epoch=35 now=1780066590 InitTime=1780066520 lastpropose=1780066590 wallGap=70 need>=68 ok1=true lastGap=0 need>=2 ok2=false
[Propose wait] S0 N0 spin=50 epoch=35 now=1780066591 InitTime=1780066520 lastpropose=1780066590 wallGap=71 need>=68 ok1=true lastGap=1 need>=2 ok2=false
[Propose] S0 N0 时间条件满足: epoch=35->36 now=1780066592 InitTime=1780066520 lastpropose=1780066590 wallGap=72>=68 lastGap=2>=2 → propose1
[Propose] S0 N0 等待 sequenceLock…
[Propose] S0 N0 已持有 sequenceLock，seqID=35 即将 propose1
[propose1] S0 N0 seq=35 Tx_pool.Queue_len=0
left_count: 500
更新树花时间为: 0
写数据库IO花时间为: 9
编号为 35 的区块已加入本地区块链！curBlock: 
blockHeader: 
[42faa7e9cd0683b6f53307ad4b52e9e18e11386b6130cb446928315ff6815031 fe6c72879230385eb4fc17c0f04eea22bd81e66998e715fe79f9f76f9f4acebf 56e81f171bcc55a6ff8345e692c0f86e5b48e01b996cadc001622fb5e363b421 35 1780066592]
# of transactions: 0
# of TXmig1s: 0
# of In1s: 0
# of Anns: 0
# of NSs: 0
blockHash: 
1932139666e085f09494446ce741d22cae1486024077be342f218ef0478b0159
[Propose wait] S0 N0 spin=1 epoch=36 now=1780066592 InitTime=1780066520 lastpropose=1780066592 wallGap=72 need>=70 ok1=true lastGap=0 need>=2 ok2=false
[Propose wait] S0 N0 spin=50 epoch=36 now=1780066593 InitTime=1780066520 lastpropose=1780066592 wallGap=73 need>=70 ok1=true lastGap=1 need>=2 ok2=false
[Propose] S0 N0 时间条件满足: epoch=36->37 now=1780066594 InitTime=1780066520 lastpropose=1780066592 wallGap=74>=70 lastGap=2>=2 → propose1
[Propose] S0 N0 等待 sequenceLock…
[Propose] S0 N0 已持有 sequenceLock，seqID=36 即将 propose1
[propose1] S0 N0 seq=36 Tx_pool.Queue_len=0
left_count: 500
更新树花时间为: 0
写数据库IO花时间为: 10
编号为 36 的区块已加入本地区块链！curBlock: 
blockHeader: 
[1932139666e085f09494446ce741d22cae1486024077be342f218ef0478b0159 fe6c72879230385eb4fc17c0f04eea22bd81e66998e715fe79f9f76f9f4acebf 56e81f171bcc55a6ff8345e692c0f86e5b48e01b996cadc001622fb5e363b421 36 1780066594]
# of transactions: 0
# of TXmig1s: 0
# of In1s: 0
# of Anns: 0
# of NSs: 0
blockHash: 
bd819d4b25fdd0f61aad60c7ec87ca68e14869399541a01651602c0822b694e7
[Propose wait] S0 N0 spin=1 epoch=37 now=1780066594 InitTime=1780066520 lastpropose=1780066594 wallGap=74 need>=72 ok1=true lastGap=0 need>=2 ok2=false
[Propose wait] S0 N0 spin=50 epoch=37 now=1780066595 InitTime=1780066520 lastpropose=1780066594 wallGap=75 need>=72 ok1=true lastGap=1 need>=2 ok2=false
[Propose] S0 N0 时间条件满足: epoch=37->38 now=1780066596 InitTime=1780066520 lastpropose=1780066594 wallGap=76>=72 lastGap=2>=2 → propose1
[Propose] S0 N0 等待 sequenceLock…
[Propose] S0 N0 已持有 sequenceLock，seqID=37 即将 propose1
[propose1] S0 N0 seq=37 Tx_pool.Queue_len=0
left_count: 500
更新树花时间为: 0
写数据库IO花时间为: 17
编号为 37 的区块已加入本地区块链！curBlock: 
blockHeader: 
[bd819d4b25fdd0f61aad60c7ec87ca68e14869399541a01651602c0822b694e7 fe6c72879230385eb4fc17c0f04eea22bd81e66998e715fe79f9f76f9f4acebf 56e81f171bcc55a6ff8345e692c0f86e5b48e01b996cadc001622fb5e363b421 37 1780066596]
# of transactions: 0
# of TXmig1s: 0
# of In1s: 0
# of Anns: 0
# of NSs: 0
blockHash: 
6f114a6865f5336d0389c846a5c292e077c8d2801cee646988eb9733d1c3c4e7
[Propose wait] S0 N0 spin=1 epoch=38 now=1780066596 InitTime=1780066520 lastpropose=1780066596 wallGap=76 need>=74 ok1=true lastGap=0 need>=2 ok2=false
[Propose wait] S0 N0 spin=50 epoch=38 now=1780066597 InitTime=1780066520 lastpropose=1780066596 wallGap=77 need>=74 ok1=true lastGap=1 need>=2 ok2=false
[Propose] S0 N0 时间条件满足: epoch=38->39 now=1780066598 InitTime=1780066520 lastpropose=1780066596 wallGap=78>=74 lastGap=2>=2 → propose1
[Propose] S0 N0 等待 sequenceLock…
[Propose] S0 N0 已持有 sequenceLock，seqID=38 即将 propose1
[propose1] S0 N0 seq=38 Tx_pool.Queue_len=0
left_count: 500
更新树花时间为: 0
写数据库IO花时间为: 15
编号为 38 的区块已加入本地区块链！curBlock: 
blockHeader: 
[6f114a6865f5336d0389c846a5c292e077c8d2801cee646988eb9733d1c3c4e7 fe6c72879230385eb4fc17c0f04eea22bd81e66998e715fe79f9f76f9f4acebf 56e81f171bcc55a6ff8345e692c0f86e5b48e01b996cadc001622fb5e363b421 38 1780066598]
# of transactions: 0
# of TXmig1s: 0
# of In1s: 0
# of Anns: 0
# of NSs: 0
blockHash: 
127bf493f2725b17385c38fdfe16371874fdfff81a7a5bbd09e710dd79696a12
[Propose wait] S0 N0 spin=1 epoch=39 now=1780066598 InitTime=1780066520 lastpropose=1780066598 wallGap=78 need>=76 ok1=true lastGap=0 need>=2 ok2=false
[Propose wait] S0 N0 spin=50 epoch=39 now=1780066599 InitTime=1780066520 lastpropose=1780066598 wallGap=79 need>=76 ok1=true lastGap=1 need>=2 ok2=false
[Propose] S0 N0 时间条件满足: epoch=39->40 now=1780066600 InitTime=1780066520 lastpropose=1780066598 wallGap=80>=76 lastGap=2>=2 → propose1
[Propose] S0 N0 等待 sequenceLock…
[Propose] S0 N0 已持有 sequenceLock，seqID=39 即将 propose1
[propose1] S0 N0 seq=39 Tx_pool.Queue_len=0
left_count: 500
更新树花时间为: 0
写数据库IO花时间为: 17
编号为 39 的区块已加入本地区块链！curBlock: 
blockHeader: 
[127bf493f2725b17385c38fdfe16371874fdfff81a7a5bbd09e710dd79696a12 fe6c72879230385eb4fc17c0f04eea22bd81e66998e715fe79f9f76f9f4acebf 56e81f171bcc55a6ff8345e692c0f86e5b48e01b996cadc001622fb5e363b421 39 1780066600]
# of transactions: 0
# of TXmig1s: 0
# of In1s: 0
# of Anns: 0
# of NSs: 0
blockHash: 
17874a0645e5999a998038f2d086c237a401df6ecbeb711b57dcacfcb64c6c87
[Propose wait] S0 N0 spin=1 epoch=40 now=1780066600 InitTime=1780066520 lastpropose=1780066600 wallGap=80 need>=78 ok1=true lastGap=0 need>=2 ok2=false
节点收到终止节点消息，停止运行
