MigrationStrategy=Fine-tuned-Lock (Stop=false Lock=false NotLock=false)
&{77 N0 S1 2 0 D:\Desktop\实验室\MVSS+\MVSS-main\selectedTxs_300K.csv 2 500 300 150 150 150 150 1000 10 1 400 20000 0 50000 20 true Fine-tuned-Lock false false false false true false 3 false 8 false false false PageRank false 100 true false}
&{77 N0 S1 2 0 D:\Desktop\实验室\MVSS+\MVSS-main\selectedTxs_300K.csv 2 500 300 150 150 150 150 1000 10 1 400 20000 0 50000 20 true Fine-tuned-Lock false false false false true false 3 false 8 false false false PageRank false 100 true false}
交易将由外部客户端发送
节点 N0 已启动，所属分片: S1
节点开启监听，地址：127.0.0.1:8020
[Propose wait-first-tx] S1 N0 seq=1 Queue_len=0，首块等待交易注入后再出块
[Propose wait-first-tx] S1 N0 seq=1 Queue_len=0，首块等待交易注入后再出块
[Propose wait-first-tx] S1 N0 seq=1 Queue_len=0，首块等待交易注入后再出块
[Propose wait-first-tx] S1 N0 seq=1 Queue_len=0，首块等待交易注入后再出块
[Propose wait-first-tx] S1 N0 seq=1 Queue_len=0，首块等待交易注入后再出块
[Propose wait-first-tx] S1 N0 seq=1 Queue_len=0，首块等待交易注入后再出块
[Propose wait-first-tx] S1 N0 seq=1 Queue_len=0，首块等待交易注入后再出块
[Propose wait-first-tx] S1 N0 seq=1 Queue_len=0，首块等待交易注入后再出块
[Propose wait-first-tx] S1 N0 seq=1 Queue_len=0，首块等待交易注入后再出块
[Propose wait-first-tx] S1 N0 seq=1 Queue_len=0，首块等待交易注入后再出块
[Propose wait-first-tx] S1 N0 seq=1 Queue_len=0，首块等待交易注入后再出块
[Propose wait-first-tx] S1 N0 seq=1 Queue_len=0，首块等待交易注入后再出块
[Propose wait-first-tx] S1 N0 seq=1 Queue_len=0，首块等待交易注入后再出块
[Propose wait-first-tx] S1 N0 seq=1 Queue_len=0，首块等待交易注入后再出块
[Propose wait-first-tx] S1 N0 seq=1 Queue_len=0，首块等待交易注入后再出块
[Propose wait-first-tx] S1 N0 seq=1 Queue_len=0，首块等待交易注入后再出块
[Propose wait-first-tx] S1 N0 seq=1 Queue_len=0，首块等待交易注入后再出块
本节点已接收到客户端发送的初始时间：1780066520（锚定 InitTime=1780066520，已重置 epoch=1）
[Propose wait-first-tx] S1 N0 seq=1 Queue_len=0，首块等待交易注入后再出块
[Propose wait-first-tx] S1 N0 seq=1 Queue_len=0，首块等待交易注入后再出块
[Propose wait-first-tx] S1 N0 seq=1 Queue_len=0，首块等待交易注入后再出块
[handleTxFromClient] S1 N0 recv client batch, tx_count=299
[handleTxFromClient] S1 N0 append to Tx_pool.Queue: local_queued=299 forward_other_shard=0 Queue_total_len=299
[Propose wait-first-tx] S1 N0 首块已检测到交易，结束等待，Queue_len=299
[Propose] S1 N0 时间条件满足: epoch=1->2 now=1780066524 InitTime=1780066520 lastpropose=1780066520 wallGap=4>=0 lastGap=4>=2 → propose1
[Propose] S1 N0 等待 sequenceLock…
[Propose] S1 N0 已持有 sequenceLock，seqID=1 即将 propose1
[propose1] S1 N0 seq=1 Tx_pool.Queue_len=299
left_count: 500
更新树花时间为: 48
写数据库IO花时间为: 63
编号为 1 的区块已加入本地区块链！curBlock: 
blockHeader: 
[1add38160db0458a48072f3ade543ffb4af4e9cfdf8f76549b9568e046a6a3ff dba33cc8cdd570619fbad69316e04db2366108231fd138011bf7408e151738b6 cec8826db1c8725ee771410da9ecba918f38daddeed1b85a9e23a8a9a981d450 1 1780066524]
# of transactions: 299
# of TXmig1s: 0
# of In1s: 0
# of Anns: 0
# of NSs: 0
blockHash: 
48df07fc1a71d783c9b82e887284eb166fa8c12ce1d0e302a6163445c838673f

第1个块开始准备relay

[Propose wait] S1 N0 spin=1 epoch=2 now=1780066524 InitTime=1780066520 lastpropose=1780066524 wallGap=4 need>=2 ok1=true lastGap=0 need>=2 ok2=false

第1个块结束relay

[Propose wait] S1 N0 spin=50 epoch=2 now=1780066525 InitTime=1780066520 lastpropose=1780066524 wallGap=5 need>=2 ok1=true lastGap=1 need>=2 ok2=false
[Propose] S1 N0 时间条件满足: epoch=2->3 now=1780066526 InitTime=1780066520 lastpropose=1780066524 wallGap=6>=2 lastGap=2>=2 → propose1
[Propose] S1 N0 等待 sequenceLock…
[Propose] S1 N0 已持有 sequenceLock，seqID=2 即将 propose1
[propose1] S1 N0 seq=2 Tx_pool.Queue_len=185
left_count: 500
[handleTxFromClient] S1 N0 recv client batch, tx_count=328
[handleTxFromClient] S1 N0 append to Tx_pool.Queue: local_queued=328 forward_other_shard=0 Queue_total_len=328
更新树花时间为: 23
写数据库IO花时间为: 31
编号为 2 的区块已加入本地区块链！curBlock: 
blockHeader: 
[48df07fc1a71d783c9b82e887284eb166fa8c12ce1d0e302a6163445c838673f a7503b225023f931d2a679345b921d4b9cec6915e542071a1ec98679f45cefd2 541f8cb73d5e42009a5c3effea4a515c96a2532ce4f457c2a549450d48fb76ec 2 1780066526]
# of transactions: 185
# of TXmig1s: 0
# of In1s: 0
# of Anns: 0
# of NSs: 0
blockHash: 
5024dad2ca90a9f3ab57e83ea27bef409c0af29175088a93c48a7c643b86f711
[Propose wait] S1 N0 spin=1 epoch=3 now=1780066526 InitTime=1780066520 lastpropose=1780066526 wallGap=6 need>=4 ok1=true lastGap=0 need>=2 ok2=false
[Propose wait] S1 N0 spin=50 epoch=3 now=1780066527 InitTime=1780066520 lastpropose=1780066526 wallGap=7 need>=4 ok1=true lastGap=1 need>=2 ok2=false
[Propose] S1 N0 时间条件满足: epoch=3->4 now=1780066528 InitTime=1780066520 lastpropose=1780066526 wallGap=8>=4 lastGap=2>=2 → propose1
[Propose] S1 N0 等待 sequenceLock…
[Propose] S1 N0 已持有 sequenceLock，seqID=3 即将 propose1
[propose1] S1 N0 seq=3 Tx_pool.Queue_len=329
left_count: 500
[handleTxFromClient] S1 N0 recv client batch, tx_count=287
[handleTxFromClient] S1 N0 append to Tx_pool.Queue: local_queued=287 forward_other_shard=0 Queue_total_len=287
更新树花时间为: 49
写数据库IO花时间为: 65
编号为 3 的区块已加入本地区块链！curBlock: 
blockHeader: 
[5024dad2ca90a9f3ab57e83ea27bef409c0af29175088a93c48a7c643b86f711 6a3504c60a4c0a43b46a40fde94d4754128a2e53c885d52af6615b141fcb9a82 5a5389acd9e2d9a4f2a1fda9ec785439bf402853e1b4fc34357afc17546af074 3 1780066528]
# of transactions: 329
# of TXmig1s: 0
# of In1s: 0
# of Anns: 0
# of NSs: 0
blockHash: 
e3c74341c7d1ae3f75881bf9abc8172006dffd9374723c8614d8e3ce2bbd2ff3

第3个块开始准备relay

[Propose wait] S1 N0 spin=1 epoch=4 now=1780066528 InitTime=1780066520 lastpropose=1780066528 wallGap=8 need>=6 ok1=true lastGap=0 need>=2 ok2=false

第3个块结束relay

[Propose wait] S1 N0 spin=50 epoch=4 now=1780066529 InitTime=1780066520 lastpropose=1780066528 wallGap=9 need>=6 ok1=true lastGap=1 need>=2 ok2=false
[Propose] S1 N0 时间条件满足: epoch=4->5 now=1780066530 InitTime=1780066520 lastpropose=1780066528 wallGap=10>=6 lastGap=2>=2 → propose1
[Propose] S1 N0 等待 sequenceLock…
[Propose] S1 N0 已持有 sequenceLock，seqID=4 即将 propose1
[propose1] S1 N0 seq=4 Tx_pool.Queue_len=436
left_count: 500
[handleTxFromClient] S1 N0 recv client batch, tx_count=636
[handleTxFromClient] S1 N0 append to Tx_pool.Queue: local_queued=636 forward_other_shard=0 Queue_total_len=636
更新树花时间为: 61
写数据库IO花时间为: 66
编号为 4 的区块已加入本地区块链！curBlock: 
blockHeader: 
[e3c74341c7d1ae3f75881bf9abc8172006dffd9374723c8614d8e3ce2bbd2ff3 5eaebae2f36a57a39d0ea00d5511c3e3373be7e60f93b8eba5be0171c9267fc4 2b2bca96b1283818c1895a1f1330de253ff77f98cb9b7c0f1db4a1adb2ec2d2f 4 1780066530]
# of transactions: 436
# of TXmig1s: 0
# of In1s: 0
# of Anns: 0
# of NSs: 0
blockHash: 
ee99c2606fc5b7166ee32ffa7ba2d851fec167846439c1951ec5a4046fc3cef5

第4个块开始准备relay

[Propose wait] S1 N0 spin=1 epoch=5 now=1780066530 InitTime=1780066520 lastpropose=1780066530 wallGap=10 need>=8 ok1=true lastGap=0 need>=2 ok2=false

第4个块结束relay

[Propose wait] S1 N0 spin=50 epoch=5 now=1780066531 InitTime=1780066520 lastpropose=1780066530 wallGap=11 need>=8 ok1=true lastGap=1 need>=2 ok2=false
[Propose] S1 N0 时间条件满足: epoch=5->6 now=1780066532 InitTime=1780066520 lastpropose=1780066530 wallGap=12>=8 lastGap=2>=2 → propose1
[Propose] S1 N0 等待 sequenceLock…
[Propose] S1 N0 已持有 sequenceLock，seqID=5 即将 propose1
[propose1] S1 N0 seq=5 Tx_pool.Queue_len=845
left_count: 500
[handleTxFromClient] S1 N0 recv client batch, tx_count=527
[handleTxFromClient] S1 N0 append to Tx_pool.Queue: local_queued=527 forward_other_shard=0 Queue_total_len=872
更新树花时间为: 69
写数据库IO花时间为: 76
编号为 5 的区块已加入本地区块链！curBlock: 
blockHeader: 
[ee99c2606fc5b7166ee32ffa7ba2d851fec167846439c1951ec5a4046fc3cef5 969afe19ce1f049635d427b5a9647df83ba273d674f46dbdfb61dff4a3c782a2 85123ebdc6228b199a392f1897076a2953328ce02ce1a7415a25996353a5ec36 5 1780066532]
# of transactions: 500
# of TXmig1s: 0
# of In1s: 0
# of Anns: 0
# of NSs: 0
blockHash: 
75a20119bdb6e22227235ac447c251c60bfac944be02846d55aec640f8edfb46

第5个块开始准备relay

[Propose wait] S1 N0 spin=1 epoch=6 now=1780066532 InitTime=1780066520 lastpropose=1780066532 wallGap=12 need>=10 ok1=true lastGap=0 need>=2 ok2=false

第5个块结束relay

[Propose wait] S1 N0 spin=50 epoch=6 now=1780066533 InitTime=1780066520 lastpropose=1780066532 wallGap=13 need>=10 ok1=true lastGap=1 need>=2 ok2=false
[Propose] S1 N0 时间条件满足: epoch=6->7 now=1780066534 InitTime=1780066520 lastpropose=1780066532 wallGap=14>=10 lastGap=2>=2 → propose1
[Propose] S1 N0 等待 sequenceLock…
[Propose] S1 N0 已持有 sequenceLock，seqID=6 即将 propose1
[propose1] S1 N0 seq=6 Tx_pool.Queue_len=949
left_count: 500
[handleTxFromClient] S1 N0 recv client batch, tx_count=236
[handleTxFromClient] S1 N0 append to Tx_pool.Queue: local_queued=236 forward_other_shard=0 Queue_total_len=685
更新树花时间为: 61
写数据库IO花时间为: 82
编号为 6 的区块已加入本地区块链！curBlock: 
blockHeader: 
[75a20119bdb6e22227235ac447c251c60bfac944be02846d55aec640f8edfb46 5f9af60af7455e70fb56033bb9c9417c449c3151a8b4340c66ca9ce01f13fb8c b9b7e9be4b1acfc41e3a0695ba863fcf2033f681db8a9c24d6fa321a07ce0fc5 6 1780066534]
# of transactions: 500
# of TXmig1s: 0
# of In1s: 0
# of Anns: 0
# of NSs: 0
blockHash: 
467e36593271fd294484c76ef686f4b90b113445cb7c7c35b48aece98d6eff08

第6个块开始准备relay

[Propose wait] S1 N0 spin=1 epoch=7 now=1780066534 InitTime=1780066520 lastpropose=1780066534 wallGap=14 need>=12 ok1=true lastGap=0 need>=2 ok2=false

第6个块结束relay

[Propose wait] S1 N0 spin=50 epoch=7 now=1780066535 InitTime=1780066520 lastpropose=1780066534 wallGap=15 need>=12 ok1=true lastGap=1 need>=2 ok2=false
[Propose] S1 N0 时间条件满足: epoch=7->8 now=1780066536 InitTime=1780066520 lastpropose=1780066534 wallGap=16>=12 lastGap=2>=2 → propose1
[Propose] S1 N0 等待 sequenceLock…
[Propose] S1 N0 已持有 sequenceLock，seqID=7 即将 propose1
[propose1] S1 N0 seq=7 Tx_pool.Queue_len=827
left_count: 500
[handleTxFromClient] S1 N0 recv client batch, tx_count=284
[handleTxFromClient] S1 N0 append to Tx_pool.Queue: local_queued=284 forward_other_shard=0 Queue_total_len=611
更新树花时间为: 72
写数据库IO花时间为: 83
编号为 7 的区块已加入本地区块链！curBlock: 
blockHeader: 
[467e36593271fd294484c76ef686f4b90b113445cb7c7c35b48aece98d6eff08 97e1d6c525678cc6e8df3f86511026f23918c7dbac7b5f0f753166064bbfaa6f b0d0afa26248b164f5475e450c11cbe1cbf5c49d56f0ee6cc8e28272820f2c0e 7 1780066536]
# of transactions: 500
# of TXmig1s: 0
# of In1s: 0
# of Anns: 0
# of NSs: 0
blockHash: 
a41404657e93a523ecba5ce6a38b0f1889cec9223751be6707ecaeb1deebf75e

第7个块开始准备relay

[Propose wait] S1 N0 spin=1 epoch=8 now=1780066536 InitTime=1780066520 lastpropose=1780066536 wallGap=16 need>=14 ok1=true lastGap=0 need>=2 ok2=false

第7个块结束relay

[Propose wait] S1 N0 spin=50 epoch=8 now=1780066537 InitTime=1780066520 lastpropose=1780066536 wallGap=17 need>=14 ok1=true lastGap=1 need>=2 ok2=false
[Propose] S1 N0 时间条件满足: epoch=8->9 now=1780066538 InitTime=1780066520 lastpropose=1780066536 wallGap=18>=14 lastGap=2>=2 → propose1
[Propose] S1 N0 等待 sequenceLock…
[Propose] S1 N0 已持有 sequenceLock，seqID=8 即将 propose1
[propose1] S1 N0 seq=8 Tx_pool.Queue_len=793
left_count: 500
[handleTxFromClient] S1 N0 recv client batch, tx_count=236
[handleTxFromClient] S1 N0 append to Tx_pool.Queue: local_queued=236 forward_other_shard=0 Queue_total_len=529
更新树花时间为: 64
写数据库IO花时间为: 72
编号为 8 的区块已加入本地区块链！curBlock: 
blockHeader: 
[a41404657e93a523ecba5ce6a38b0f1889cec9223751be6707ecaeb1deebf75e bb0ed7af40bef421a0e3531cce58bce09341c2d2ebf03e7ff0593bb938bb5873 125c96e6e8c2c881ee2724708ce2e1d689a301f81aed64102bcc93177f271fb8 8 1780066538]
# of transactions: 500
# of TXmig1s: 0
# of In1s: 0
# of Anns: 0
# of NSs: 0
blockHash: 
115e4818ddcae87ab48a6b8d494dab96bb8b69451c0c61e60a8b96b6bd2534ae

第8个块开始准备relay

[Propose wait] S1 N0 spin=1 epoch=9 now=1780066538 InitTime=1780066520 lastpropose=1780066538 wallGap=18 need>=16 ok1=true lastGap=0 need>=2 ok2=false

第8个块结束relay

[Propose wait] S1 N0 spin=50 epoch=9 now=1780066539 InitTime=1780066520 lastpropose=1780066538 wallGap=19 need>=16 ok1=true lastGap=1 need>=2 ok2=false
[Propose] S1 N0 时间条件满足: epoch=9->10 now=1780066540 InitTime=1780066520 lastpropose=1780066538 wallGap=20>=16 lastGap=2>=2 → propose1
[Propose] S1 N0 等待 sequenceLock…
[Propose] S1 N0 已持有 sequenceLock，seqID=9 即将 propose1
[propose1] S1 N0 seq=9 Tx_pool.Queue_len=718
left_count: 500
[handleTxFromClient] S1 N0 recv client batch, tx_count=435
更新树花时间为: 63
写数据库IO花时间为: 87
编号为 9 的区块已加入本地区块链！curBlock: 
blockHeader: 
[handleTxFromClient] S1 N0 append to Tx_pool.Queue: local_queued=435 forward_other_shard=0 Queue_total_len=653
[115e4818ddcae87ab48a6b8d494dab96bb8b69451c0c61e60a8b96b6bd2534ae e5d8c114c0080617074cde2e58a12197249d1a6c6e5ad17325ac6962e9c3a211 dc4ba1dc5a9fd6962cf5ded3b2c99724ee998b3c790b85001679b654f27465d0 9 1780066540]
# of transactions: 500
# of TXmig1s: 0
# of In1s: 0
# of Anns: 0
# of NSs: 0
blockHash: 
d65c70651c722bae612db97b2c22ce2c47cd64dabd8523384257856de62dee4a

第9个块开始准备relay

[Propose wait] S1 N0 spin=1 epoch=10 now=1780066540 InitTime=1780066520 lastpropose=1780066540 wallGap=20 need>=18 ok1=true lastGap=0 need>=2 ok2=false

第9个块结束relay

[Propose wait] S1 N0 spin=50 epoch=10 now=1780066541 InitTime=1780066520 lastpropose=1780066540 wallGap=21 need>=18 ok1=true lastGap=1 need>=2 ok2=false
[Propose] S1 N0 时间条件满足: epoch=10->11 now=1780066542 InitTime=1780066520 lastpropose=1780066540 wallGap=22>=18 lastGap=2>=2 → propose1
[Propose] S1 N0 等待 sequenceLock…
[Propose] S1 N0 已持有 sequenceLock，seqID=10 即将 propose1
[propose1] S1 N0 seq=10 Tx_pool.Queue_len=833
left_count: 500
[handleTxFromClient] S1 N0 recv client batch, tx_count=276
更新树花时间为: 69
写数据库IO花时间为: 99
编号为 10 的区块已加入本地区块链！curBlock: 
blockHeader: 
[d65c70651c722bae612db97b2c22ce2c47cd64dabd8523384257856de62dee4a 3e2555cf52d169fe5fafd774dd6729adb287e0e119db1208dabf5942eee9b4bf f64c3d656839225e43a0cc7150f9c641ff27d8f9e3cc99d11d43cbfbc1172e12 10 1780066542]
# of transactions: 500
# of TXmig1s: 0
# of In1s: 0
# of Anns: 0
# of NSs: 0
blockHash: 
88431ddb1e1e9828044112a61930f286252f71c58fe79b65e4639c95d8415d25
[handleTxFromClient] S1 N0 append to Tx_pool.Queue: local_queued=276 forward_other_shard=0 Queue_total_len=609

第10个块开始准备relay

[Propose wait] S1 N0 spin=1 epoch=11 now=1780066542 InitTime=1780066520 lastpropose=1780066542 wallGap=22 need>=20 ok1=true lastGap=0 need>=2 ok2=false

第10个块结束relay

[Propose wait] S1 N0 spin=50 epoch=11 now=1780066543 InitTime=1780066520 lastpropose=1780066542 wallGap=23 need>=20 ok1=true lastGap=1 need>=2 ok2=false
[Propose] S1 N0 时间条件满足: epoch=11->12 now=1780066544 InitTime=1780066520 lastpropose=1780066542 wallGap=24>=20 lastGap=2>=2 → propose1
[Propose] S1 N0 等待 sequenceLock…
[Propose] S1 N0 已持有 sequenceLock，seqID=11 即将 propose1
[propose1] S1 N0 seq=11 Tx_pool.Queue_len=850
left_count: 500
更新树花时间为: 74
写数据库IO花时间为: 79
编号为 11 的区块已加入本地区块链！curBlock: 
blockHeader: 
[88431ddb1e1e9828044112a61930f286252f71c58fe79b65e4639c95d8415d25 2dfb2f97df9933c8697cad38a0f3b9771fd4d962f212026b3479536c29908ef5 97c19df34a7b5370fd40ee1949e105e79663f140287fb9c6d695e6efd2551ff4 11 1780066544]
# of transactions: 500
# of TXmig1s: 0
# of In1s: 0
# of Anns: 0
# of NSs: 0
blockHash: 
7a575d64a7cefbb7b78070b313a8b2baef13693b3a51bd5d8ebc29d3b31ec059

第11个块开始准备relay

[Propose wait] S1 N0 spin=1 epoch=12 now=1780066544 InitTime=1780066520 lastpropose=1780066544 wallGap=24 need>=22 ok1=true lastGap=0 need>=2 ok2=false
[handleTxFromClient] S1 N0 recv client batch, tx_count=762
[handleTxFromClient] S1 N0 append to Tx_pool.Queue: local_queued=762 forward_other_shard=0 Queue_total_len=1112

第11个块结束relay

[Propose wait] S1 N0 spin=50 epoch=12 now=1780066545 InitTime=1780066520 lastpropose=1780066544 wallGap=25 need>=22 ok1=true lastGap=1 need>=2 ok2=false
[Propose] S1 N0 时间条件满足: epoch=12->13 now=1780066546 InitTime=1780066520 lastpropose=1780066544 wallGap=26>=22 lastGap=2>=2 → propose1
[Propose] S1 N0 等待 sequenceLock…
[Propose] S1 N0 已持有 sequenceLock，seqID=12 即将 propose1
[propose1] S1 N0 seq=12 Tx_pool.Queue_len=1260
left_count: 500
更新树花时间为: 66
写数据库IO花时间为: 77
编号为 12 的区块已加入本地区块链！curBlock: 
blockHeader: 
[7a575d64a7cefbb7b78070b313a8b2baef13693b3a51bd5d8ebc29d3b31ec059 a8b55fafb1721b187e6ab368b6cd4323ba25b9602022236903e2fde662ab9968 b2be9f9064103f441631577a8e2df6332651b234494968e379a5579f8c3dedfc 12 1780066546]
# of transactions: 500
# of TXmig1s: 0
# of In1s: 0
# of Anns: 0
# of NSs: 0
blockHash: 
271709176cda543dc01dfdbec6f26fbd3fd90d45aa3f289a30aa5c784e3b13a8

第12个块开始准备relay

[Propose wait] S1 N0 spin=1 epoch=13 now=1780066546 InitTime=1780066520 lastpropose=1780066546 wallGap=26 need>=24 ok1=true lastGap=0 need>=2 ok2=false
[handleTxFromClient] S1 N0 recv client batch, tx_count=780
[handleTxFromClient] S1 N0 append to Tx_pool.Queue: local_queued=780 forward_other_shard=0 Queue_total_len=1540

第12个块结束relay

[Propose wait] S1 N0 spin=50 epoch=13 now=1780066547 InitTime=1780066520 lastpropose=1780066546 wallGap=27 need>=24 ok1=true lastGap=1 need>=2 ok2=false
[Propose] S1 N0 时间条件满足: epoch=13->14 now=1780066548 InitTime=1780066520 lastpropose=1780066546 wallGap=28>=24 lastGap=2>=2 → propose1
[Propose] S1 N0 等待 sequenceLock…
[Propose] S1 N0 已持有 sequenceLock，seqID=13 即将 propose1
[propose1] S1 N0 seq=13 Tx_pool.Queue_len=1699
left_count: 500
更新树花时间为: 81
写数据库IO花时间为: 93
编号为 13 的区块已加入本地区块链！curBlock: 
blockHeader: 
[271709176cda543dc01dfdbec6f26fbd3fd90d45aa3f289a30aa5c784e3b13a8 29350bd3593760411c1de1e22c40bdf7766e09c0b6695abff267fa66a26a0834 5582c31849d0d218bf5fd29bd2c352f27d0c9f6cd1e72c9ac3277e2e95ef0c9b 13 1780066548]
# of transactions: 500
# of TXmig1s: 0
# of In1s: 0
# of Anns: 0
# of NSs: 0
blockHash: 
a25d6878fe139bd6d06355965b4f4c9f8e3ab29f46311b112afd1df78dd4b7c5

第13个块开始准备relay

[Propose wait] S1 N0 spin=1 epoch=14 now=1780066548 InitTime=1780066520 lastpropose=1780066548 wallGap=28 need>=26 ok1=true lastGap=0 need>=2 ok2=false
[handleTxFromClient] S1 N0 recv client batch, tx_count=759
[handleTxFromClient] S1 N0 append to Tx_pool.Queue: local_queued=759 forward_other_shard=0 Queue_total_len=1958

第13个块结束relay

[Propose wait] S1 N0 spin=50 epoch=14 now=1780066549 InitTime=1780066520 lastpropose=1780066548 wallGap=29 need>=26 ok1=true lastGap=1 need>=2 ok2=false
[Propose] S1 N0 时间条件满足: epoch=14->15 now=1780066550 InitTime=1780066520 lastpropose=1780066548 wallGap=30>=26 lastGap=2>=2 → propose1
[Propose] S1 N0 等待 sequenceLock…
[Propose] S1 N0 已持有 sequenceLock，seqID=14 即将 propose1
[propose1] S1 N0 seq=14 Tx_pool.Queue_len=2142
left_count: 500
更新树花时间为: 84
写数据库IO花时间为: 102
编号为 14 的区块已加入本地区块链！curBlock: 
blockHeader: 
[a25d6878fe139bd6d06355965b4f4c9f8e3ab29f46311b112afd1df78dd4b7c5 473fd48f4c70d68172d29764dc5a15cc9d93686be3052b2632468f3ba0f3352c 9032acbdf0f748bfb7a20b568aa3422221cc1440347f186d03fcc8e0c13180d0 14 1780066550]
# of transactions: 500
# of TXmig1s: 0
# of In1s: 0
# of Anns: 0
# of NSs: 0
blockHash: 
ba186c8d9005a8da1e98fe76595a7ea349dcd16a4091bc73cc1e9110cacef830

第14个块开始准备relay

[Propose wait] S1 N0 spin=1 epoch=15 now=1780066550 InitTime=1780066520 lastpropose=1780066550 wallGap=30 need>=28 ok1=true lastGap=0 need>=2 ok2=false
[handleTxFromClient] S1 N0 recv client batch, tx_count=778
[handleTxFromClient] S1 N0 append to Tx_pool.Queue: local_queued=778 forward_other_shard=0 Queue_total_len=2420

第14个块结束relay

[Propose wait] S1 N0 spin=50 epoch=15 now=1780066551 InitTime=1780066520 lastpropose=1780066550 wallGap=31 need>=28 ok1=true lastGap=1 need>=2 ok2=false
[Propose] S1 N0 时间条件满足: epoch=15->16 now=1780066552 InitTime=1780066520 lastpropose=1780066550 wallGap=32>=28 lastGap=2>=2 → propose1
[Propose] S1 N0 等待 sequenceLock…
[Propose] S1 N0 已持有 sequenceLock，seqID=15 即将 propose1
[propose1] S1 N0 seq=15 Tx_pool.Queue_len=2462
left_count: 500
更新树花时间为: 96
写数据库IO花时间为: 106
编号为 15 的区块已加入本地区块链！curBlock: 
blockHeader: 
[ba186c8d9005a8da1e98fe76595a7ea349dcd16a4091bc73cc1e9110cacef830 ef9a24721304b83a31d3e8d60491b49b94d1a47d2df5567d4c9ac259a28845d8 ee66175f54df94e3bc58b3a2a283a5f91efda762e1aa8643ca4448d7d0da86e9 15 1780066552]
# of transactions: 500
# of TXmig1s: 0
# of In1s: 0
# of Anns: 0
# of NSs: 0
blockHash: 
863744860295c64e43cea9ebb46947e8c5cb3c899b7b9ae1aa7e54b250059f69

第15个块开始准备relay

[Propose wait] S1 N0 spin=1 epoch=16 now=1780066552 InitTime=1780066520 lastpropose=1780066552 wallGap=32 need>=30 ok1=true lastGap=0 need>=2 ok2=false
[handleTxFromClient] S1 N0 recv client batch, tx_count=728
[handleTxFromClient] S1 N0 append to Tx_pool.Queue: local_queued=728 forward_other_shard=0 Queue_total_len=2700

第15个块结束relay

[Propose wait] S1 N0 spin=50 epoch=16 now=1780066553 InitTime=1780066520 lastpropose=1780066552 wallGap=33 need>=30 ok1=true lastGap=1 need>=2 ok2=false
[Propose] S1 N0 时间条件满足: epoch=16->17 now=1780066554 InitTime=1780066520 lastpropose=1780066552 wallGap=34>=30 lastGap=2>=2 → propose1
[Propose] S1 N0 等待 sequenceLock…
[Propose] S1 N0 已持有 sequenceLock，seqID=16 即将 propose1
[propose1] S1 N0 seq=16 Tx_pool.Queue_len=2700
left_count: 500
更新树花时间为: 71
写数据库IO花时间为: 87
编号为 16 的区块已加入本地区块链！curBlock: 
blockHeader: 
[863744860295c64e43cea9ebb46947e8c5cb3c899b7b9ae1aa7e54b250059f69 65622259e207209b3aa11874132934bd3898c77a9f9b50f0618a13176620b7a5 7cb5c5b53e7ad0dda35be0d2d043bd858ead48418d403de03a07bcfffa1a2e16 16 1780066554]
# of transactions: 500
# of TXmig1s: 0
# of In1s: 0
# of Anns: 0
# of NSs: 0
blockHash: 
d40c4a35f519e909da0c953815b10d732a3406d5294ea9876adb85b76941b68e

第16个块开始准备relay

[Propose wait] S1 N0 spin=1 epoch=17 now=1780066554 InitTime=1780066520 lastpropose=1780066554 wallGap=34 need>=32 ok1=true lastGap=0 need>=2 ok2=false
[handleTxFromClient] S1 N0 recv client batch, tx_count=790
[handleTxFromClient] S1 N0 append to Tx_pool.Queue: local_queued=790 forward_other_shard=0 Queue_total_len=3045

第16个块结束relay

[Propose wait] S1 N0 spin=50 epoch=17 now=1780066555 InitTime=1780066520 lastpropose=1780066554 wallGap=35 need>=32 ok1=true lastGap=1 need>=2 ok2=false
[Propose] S1 N0 时间条件满足: epoch=17->18 now=1780066556 InitTime=1780066520 lastpropose=1780066554 wallGap=36>=32 lastGap=2>=2 → propose1
[Propose] S1 N0 等待 sequenceLock…
[Propose] S1 N0 已持有 sequenceLock，seqID=17 即将 propose1
[propose1] S1 N0 seq=17 Tx_pool.Queue_len=3045
left_count: 500
更新树花时间为: 87
写数据库IO花时间为: 92
编号为 17 的区块已加入本地区块链！curBlock: 
blockHeader: 
[d40c4a35f519e909da0c953815b10d732a3406d5294ea9876adb85b76941b68e a12b203c30644999e1a21e38cba5ef7616326f959fb802ab3f613268678ef6fa a4d1b90862d47496b44621fc147d86e0444c5b28c3510d370138b8d995e78925 17 1780066556]
# of transactions: 500
# of TXmig1s: 0
# of In1s: 0
# of Anns: 0
# of NSs: 0
blockHash: 
14789790dc7f8b34f4634338308e2d9b64646f40f1adaad927f00bddbf3f8bd8

第17个块开始准备relay

[Propose wait] S1 N0 spin=1 epoch=18 now=1780066556 InitTime=1780066520 lastpropose=1780066556 wallGap=36 need>=34 ok1=true lastGap=0 need>=2 ok2=false
[handleTxFromClient] S1 N0 recv client batch, tx_count=786
[handleTxFromClient] S1 N0 append to Tx_pool.Queue: local_queued=786 forward_other_shard=0 Queue_total_len=3338

第17个块结束relay

[Propose wait] S1 N0 spin=50 epoch=18 now=1780066557 InitTime=1780066520 lastpropose=1780066556 wallGap=37 need>=34 ok1=true lastGap=1 need>=2 ok2=false
[Propose] S1 N0 时间条件满足: epoch=18->19 now=1780066558 InitTime=1780066520 lastpropose=1780066556 wallGap=38>=34 lastGap=2>=2 → propose1
[Propose] S1 N0 等待 sequenceLock…
[Propose] S1 N0 已持有 sequenceLock，seqID=18 即将 propose1
[propose1] S1 N0 seq=18 Tx_pool.Queue_len=3338
left_count: 500
更新树花时间为: 90
写数据库IO花时间为: 100
编号为 18 的区块已加入本地区块链！curBlock: 
blockHeader: 
[14789790dc7f8b34f4634338308e2d9b64646f40f1adaad927f00bddbf3f8bd8 1001cd86b3988c791c59a2b6bc2be912db939aaeadc6cbb51ccd88ee4e17b5ce 33fb78081a2d7476fc832a9d8d7063eb1c7add69bcf08a57c3949d78535f16b9 18 1780066558]
# of transactions: 500
# of TXmig1s: 0
# of In1s: 0
# of Anns: 0
# of NSs: 0
blockHash: 
160c367e01399ac5beff0b6b385f0a92ea6ee1b9427b3e4b26c26f3107cac33a

第18个块开始准备relay

[Propose wait] S1 N0 spin=1 epoch=19 now=1780066558 InitTime=1780066520 lastpropose=1780066558 wallGap=38 need>=36 ok1=true lastGap=0 need>=2 ok2=false
[handleTxFromClient] S1 N0 recv client batch, tx_count=769
[handleTxFromClient] S1 N0 append to Tx_pool.Queue: local_queued=769 forward_other_shard=0 Queue_total_len=3617

第18个块结束relay

[Propose wait] S1 N0 spin=50 epoch=19 now=1780066559 InitTime=1780066520 lastpropose=1780066558 wallGap=39 need>=36 ok1=true lastGap=1 need>=2 ok2=false
[Propose] S1 N0 时间条件满足: epoch=19->20 now=1780066560 InitTime=1780066520 lastpropose=1780066558 wallGap=40>=36 lastGap=2>=2 → propose1
[Propose] S1 N0 等待 sequenceLock…
[Propose] S1 N0 已持有 sequenceLock，seqID=19 即将 propose1
[propose1] S1 N0 seq=19 Tx_pool.Queue_len=3617
left_count: 500
更新树花时间为: 81
写数据库IO花时间为: 86
编号为 19 的区块已加入本地区块链！curBlock: 
blockHeader: 
[160c367e01399ac5beff0b6b385f0a92ea6ee1b9427b3e4b26c26f3107cac33a 579f16120eceb84c4176bb81e4b4e043534281081a322e501dad309b40cb31ad db99850bbfdfd5bf4f9d1589b119448de4de231b9d0bdb857db26e573499518f 19 1780066560]
# of transactions: 500
# of TXmig1s: 0
# of In1s: 0
# of Anns: 0
# of NSs: 0
blockHash: 
33de46dffc5b029c78d42bb22d0ab7d1e5fc453c159cbeda935ca7f6f7202c2c

第19个块开始准备relay

[Propose wait] S1 N0 spin=1 epoch=20 now=1780066560 InitTime=1780066520 lastpropose=1780066560 wallGap=40 need>=38 ok1=true lastGap=0 need>=2 ok2=false
[handleTxFromClient] S1 N0 recv client batch, tx_count=467
[handleTxFromClient] S1 N0 append to Tx_pool.Queue: local_queued=467 forward_other_shard=0 Queue_total_len=3601

第19个块结束relay

[Propose wait] S1 N0 spin=50 epoch=20 now=1780066561 InitTime=1780066520 lastpropose=1780066560 wallGap=41 need>=38 ok1=true lastGap=1 need>=2 ok2=false
[Propose] S1 N0 时间条件满足: epoch=20->21 now=1780066562 InitTime=1780066520 lastpropose=1780066560 wallGap=42>=38 lastGap=2>=2 → propose1
[Propose] S1 N0 等待 sequenceLock…
[Propose] S1 N0 已持有 sequenceLock，seqID=20 即将 propose1
[propose1] S1 N0 seq=20 Tx_pool.Queue_len=3601
left_count: 500
更新树花时间为: 88
写数据库IO花时间为: 98
编号为 20 的区块已加入本地区块链！curBlock: 
blockHeader: 
[33de46dffc5b029c78d42bb22d0ab7d1e5fc453c159cbeda935ca7f6f7202c2c ee0e4f2542270ea00374da02502bab6e8773541182fb165ba9498893eddc6053 3b4d4b6fca51725e1062376e6ac0a8732a3ca48f260d12afeb5d06bb60abb5b6 20 1780066562]
# of transactions: 500
# of TXmig1s: 0
# of In1s: 0
# of Anns: 0
# of NSs: 0
blockHash: 
4557c0dc9c347c3e2817464ce10206116fe247d4ec6fbbbd2cdd3a3be11bee2c

第20个块开始准备relay

[Propose wait] S1 N0 spin=1 epoch=21 now=1780066562 InitTime=1780066520 lastpropose=1780066562 wallGap=42 need>=40 ok1=true lastGap=0 need>=2 ok2=false
[handleTxFromClient] S1 N0 recv client batch, tx_count=219
[handleTxFromClient] S1 N0 append to Tx_pool.Queue: local_queued=219 forward_other_shard=0 Queue_total_len=3320

第20个块结束relay

[Propose wait] S1 N0 spin=50 epoch=21 now=1780066563 InitTime=1780066520 lastpropose=1780066562 wallGap=43 need>=40 ok1=true lastGap=1 need>=2 ok2=false
[Propose] S1 N0 时间条件满足: epoch=21->22 now=1780066564 InitTime=1780066520 lastpropose=1780066562 wallGap=44>=40 lastGap=2>=2 → propose1
[Propose] S1 N0 等待 sequenceLock…
[Propose] S1 N0 已持有 sequenceLock，seqID=21 即将 propose1
[propose1] S1 N0 seq=21 Tx_pool.Queue_len=3494
left_count: 500
更新树花时间为: 78
写数据库IO花时间为: 94
编号为 21 的区块已加入本地区块链！curBlock: 
blockHeader: 
[4557c0dc9c347c3e2817464ce10206116fe247d4ec6fbbbd2cdd3a3be11bee2c 5c7f5ff2476ae186b55ade09e25e8d57f3b2eb77007317a5bf03f82160d5bb47 d38a0d375e143a598c452ff1dd477356fa6018a0adbc9ece957ee3b5859837ef 21 1780066564]
# of transactions: 500
# of TXmig1s: 0
# of In1s: 0
# of Anns: 0
# of NSs: 0
blockHash: 
97dcef0fa92714f0ff34b9a5167357ef89eaf70ad1020168408881fd762bf6ed

第21个块开始准备relay

[Propose wait] S1 N0 spin=1 epoch=22 now=1780066564 InitTime=1780066520 lastpropose=1780066564 wallGap=44 need>=42 ok1=true lastGap=0 need>=2 ok2=false
本节点已接收到client发来准备迁移通知
本节点已将 pending 发送到 client（2994 笔）
本节点已接收到客户端发送的新映射
[handleTxFromClient] S1 N0 recv client batch, tx_count=164
[handleTxFromClient] S1 N0 append to Tx_pool.Queue: local_queued=164 forward_other_shard=0 Queue_total_len=3158

第21个块结束relay

[Propose wait] S1 N0 spin=50 epoch=22 now=1780066565 InitTime=1780066520 lastpropose=1780066564 wallGap=45 need>=42 ok1=true lastGap=1 need>=2 ok2=false
[Propose] S1 N0 时间条件满足: epoch=22->23 now=1780066566 InitTime=1780066520 lastpropose=1780066564 wallGap=46>=42 lastGap=2>=2 → propose1
[Propose] S1 N0 等待 sequenceLock…
[Propose] S1 N0 已持有 sequenceLock，seqID=22 即将 propose1
[propose1] S1 N0 seq=22 Tx_pool.Queue_len=3355
left_count: 440
更新树花时间为: 86
写数据库IO花时间为: 94
编号为 22 的区块已加入本地区块链！curBlock: 
blockHeader: 
[97dcef0fa92714f0ff34b9a5167357ef89eaf70ad1020168408881fd762bf6ed 4955489839c539bbd32a4d33376a15918b658e38f07f183132bbee18a0a8cb09 683241c06873fe2bac2140925409797bef26685d2e1d2ae8d962a6c99a6b638a 22 1780066566]
# of transactions: 440
# of TXmig1s: 60
# of In1s: 0
# of Anns: 0
# of NSs: 0
blockHash: 
76de6d76c4bd667b3405b06716e14fbd779988d91d2a35de172098981ade8169

第22个块开始准备relay

[Propose wait] S1 N0 spin=1 epoch=23 now=1780066566 InitTime=1780066520 lastpropose=1780066566 wallGap=46 need>=44 ok1=true lastGap=0 need>=2 ok2=false
[handleTxFromClient] S1 N0 recv client batch, tx_count=112
[handleTxFromClient] S1 N0 append to Tx_pool.Queue: local_queued=112 forward_other_shard=0 Queue_total_len=3089

本节点已接收到分片S0发来的迁移请求 
10000000000000000000000000419992623783200


第22个块结束relay

[Propose wait] S1 N0 spin=50 epoch=23 now=1780066567 InitTime=1780066520 lastpropose=1780066566 wallGap=47 need>=44 ok1=true lastGap=1 need>=2 ok2=false
[Propose] S1 N0 时间条件满足: epoch=23->24 now=1780066568 InitTime=1780066520 lastpropose=1780066566 wallGap=48>=44 lastGap=2>=2 → propose1
[Propose] S1 N0 等待 sequenceLock…
[Propose] S1 N0 已持有 sequenceLock，seqID=23 即将 propose1
[propose1] S1 N0 seq=23 Tx_pool.Queue_len=3089
left_count: 200
更新树花时间为: 83
写数据库IO花时间为: 99
编号为 23 的区块已加入本地区块链！curBlock: 
blockHeader: 
[76de6d76c4bd667b3405b06716e14fbd779988d91d2a35de172098981ade8169 81a71730f480f1c054efc679c0d0340272a40d2960bbbf8268472272f07babe9 655302760e8a27c5b6849340a5408673681379dbf747ad454f39dcb9404324df 23 1780066568]
# of transactions: 200
# of TXmig1s: 0
# of In1s: 300
# of Anns: 0
# of NSs: 0
blockHash: 
12beb78efa5bdb6a1b7e4d91f6bc7d03c79a46f239fec5b304402340cce0f6ee

第23个块开始准备relay

[Propose wait] S1 N0 spin=1 epoch=24 now=1780066568 InitTime=1780066520 lastpropose=1780066568 wallGap=48 need>=46 ok1=true lastGap=0 need>=2 ok2=false
本节点已接收到分片S0发来通知 
1
2
3

第23个块结束relay

[handleTxFromClient] S1 N0 recv client batch, tx_count=174
[handleTxFromClient] S1 N0 append to Tx_pool.Queue: local_queued=174 forward_other_shard=0 Queue_total_len=3112

本节点已接收到分片S0发来的迁移请求 
9999999999999999999999986461820000000000

[Propose wait] S1 N0 spin=50 epoch=24 now=1780066569 InitTime=1780066520 lastpropose=1780066568 wallGap=49 need>=46 ok1=true lastGap=1 need>=2 ok2=false
[Propose] S1 N0 时间条件满足: epoch=24->25 now=1780066570 InitTime=1780066520 lastpropose=1780066568 wallGap=50>=46 lastGap=2>=2 → propose1
[Propose] S1 N0 等待 sequenceLock…
[Propose] S1 N0 已持有 sequenceLock，seqID=24 即将 propose1
[propose1] S1 N0 seq=24 Tx_pool.Queue_len=3112
left_count: 288
更新树花时间为: 59
写数据库IO花时间为: 78
编号为 24 的区块已加入本地区块链！curBlock: 
blockHeader: 
[12beb78efa5bdb6a1b7e4d91f6bc7d03c79a46f239fec5b304402340cce0f6ee a1183f9125e92e0d2077669287b1e46ea1e0d791866d76ad0af292ce486901f9 de7af641d3f019f4e97e96650f32414250836b009ce139d1cc59039b1b98964b 24 1780066570]
# of transactions: 288
# of TXmig1s: 0
# of In1s: 152
# of Anns: 60
# of NSs: 0
blockHash: 
753198a51e8881d406ac49ca6f7cea27c9a7a7544eaa5d74d2bfec7e581a74c4
handleAnns时是第24个块

handleannounce交易池操作时差为：0
handleannounce两锁时差为：0


第24个块开始准备relay

[Propose wait] S1 N0 spin=1 epoch=25 now=1780066570 InitTime=1780066520 lastpropose=1780066570 wallGap=50 need>=48 ok1=true lastGap=0 need>=2 ok2=false
时间：50203  正在向分片S0的主节点发送新
本节点已将不变的账户数量发送到client


第24个块结束relay

[handleTxFromClient] S1 N0 recv client batch, tx_count=135
[handleTxFromClient] S1 N0 append to Tx_pool.Queue: local_queued=135 forward_other_shard=0 Queue_total_len=2891
[Propose wait] S1 N0 spin=50 epoch=25 now=1780066571 InitTime=1780066520 lastpropose=1780066570 wallGap=51 need>=48 ok1=true lastGap=1 need>=2 ok2=false
[Propose] S1 N0 时间条件满足: epoch=25->26 now=1780066572 InitTime=1780066520 lastpropose=1780066570 wallGap=52>=48 lastGap=2>=2 → propose1
[Propose] S1 N0 等待 sequenceLock…
[Propose] S1 N0 已持有 sequenceLock，seqID=25 即将 propose1
[propose1] S1 N0 seq=25 Tx_pool.Queue_len=3140
left_count: 500
更新树花时间为: 84
写数据库IO花时间为: 96
编号为 25 的区块已加入本地区块链！curBlock: 
blockHeader: 
[753198a51e8881d406ac49ca6f7cea27c9a7a7544eaa5d74d2bfec7e581a74c4 6a2515987a53a01e90f77479c82a0f1e6c9f9874e39c8a518ec3b2810f324da0 55414a56e03d90dd372e48a422c448470e829a64183d80a3c71393d74ab14f4a 25 1780066572]
# of transactions: 500
# of TXmig1s: 0
# of In1s: 0
# of Anns: 0
# of NSs: 0
blockHash: 
484f9aa73bb774424b409fec54e1da65d97c901d527840025dc598237dcbc130

第25个块开始准备relay

[Propose wait] S1 N0 spin=1 epoch=26 now=1780066572 InitTime=1780066520 lastpropose=1780066572 wallGap=52 need>=50 ok1=true lastGap=0 need>=2 ok2=false
[handleTxFromClient] S1 N0 recv client batch, tx_count=133
[handleTxFromClient] S1 N0 append to Tx_pool.Queue: local_queued=133 forward_other_shard=0 Queue_total_len=2779

第25个块结束relay

[Propose wait] S1 N0 spin=50 epoch=26 now=1780066573 InitTime=1780066520 lastpropose=1780066572 wallGap=53 need>=50 ok1=true lastGap=1 need>=2 ok2=false
[Propose] S1 N0 时间条件满足: epoch=26->27 now=1780066574 InitTime=1780066520 lastpropose=1780066572 wallGap=54>=50 lastGap=2>=2 → propose1
[Propose] S1 N0 等待 sequenceLock…
[Propose] S1 N0 已持有 sequenceLock，seqID=26 即将 propose1
[propose1] S1 N0 seq=26 Tx_pool.Queue_len=2779
left_count: 500
更新树花时间为: 67
写数据库IO花时间为: 77
编号为 26 的区块已加入本地区块链！curBlock: 
blockHeader: 
[484f9aa73bb774424b409fec54e1da65d97c901d527840025dc598237dcbc130 4b29b4ad8e11d2a7efd06317fa39f140a2d3cf3c09cff6493244f99d17eef619 51c63bf0383b0d4d55ef01bdac4c602188c1aa2726fab4782e757ffdbb967295 26 1780066574]
# of transactions: 500
# of TXmig1s: 0
# of In1s: 0
# of Anns: 0
# of NSs: 0
blockHash: 
184b3b316f41cc4d629f6557e16e548253fde1eaee242e5d031aa79883850017

第26个块开始准备relay

[Propose wait] S1 N0 spin=1 epoch=27 now=1780066574 InitTime=1780066520 lastpropose=1780066574 wallGap=54 need>=52 ok1=true lastGap=0 need>=2 ok2=false
时间：1780066574350  本节点已接收到新
本节点已将迁移过来的pending交易的账户数量发送到client


第26个块结束relay

[Propose wait] S1 N0 spin=50 epoch=27 now=1780066575 InitTime=1780066520 lastpropose=1780066574 wallGap=55 need>=52 ok1=true lastGap=1 need>=2 ok2=false
时间：1780066575655  本节点已接收到新
本节点已将迁移过来的pending交易的账户数量发送到client

[Propose] S1 N0 时间条件满足: epoch=27->28 now=1780066576 InitTime=1780066520 lastpropose=1780066574 wallGap=56>=52 lastGap=2>=2 → propose1
[Propose] S1 N0 等待 sequenceLock…
[Propose] S1 N0 已持有 sequenceLock，seqID=27 即将 propose1
[propose1] S1 N0 seq=27 Tx_pool.Queue_len=2495
left_count: 313
更新树花时间为: 58
写数据库IO花时间为: 94
编号为 27 的区块已加入本地区块链！curBlock: 
blockHeader: 
[184b3b316f41cc4d629f6557e16e548253fde1eaee242e5d031aa79883850017 0aac0f49bd8e61004cd6ddb622c2afe9075f3b81eb0d38df6571da8ccc681311 d3d90baa41a74d802bc8e77cdc3dbcf2342d2d12235b772dfe035dc689a9dc9c 27 1780066576]
# of transactions: 313
# of TXmig1s: 0
# of In1s: 0
# of Anns: 0
# of NSs: 187
blockHash: 
07c4adf6456e7730cc314c8130c93881245bc6bb58ec6edfb032dc5d07f3a20f

第27个块开始准备relay

[Propose wait] S1 N0 spin=1 epoch=28 now=1780066576 InitTime=1780066520 lastpropose=1780066576 wallGap=56 need>=54 ok1=true lastGap=0 need>=2 ok2=false

第27个块结束relay

[Propose wait] S1 N0 spin=50 epoch=28 now=1780066577 InitTime=1780066520 lastpropose=1780066576 wallGap=57 need>=54 ok1=true lastGap=1 need>=2 ok2=false
[Propose] S1 N0 时间条件满足: epoch=28->29 now=1780066578 InitTime=1780066520 lastpropose=1780066576 wallGap=58>=54 lastGap=2>=2 → propose1
[Propose] S1 N0 等待 sequenceLock…
[Propose] S1 N0 已持有 sequenceLock，seqID=28 即将 propose1
[propose1] S1 N0 seq=28 Tx_pool.Queue_len=2368
left_count: 500
更新树花时间为: 110
写数据库IO花时间为: 120
编号为 28 的区块已加入本地区块链！curBlock: 
blockHeader: 
[07c4adf6456e7730cc314c8130c93881245bc6bb58ec6edfb032dc5d07f3a20f c1ec0081c469fc76b444ebec4ced44f67463f795fce317c1f1731a6fe59e0765 b88684f479d8b488375aa2201672876f72c005f1c12241c3c9fc9459f003d30e 28 1780066578]
# of transactions: 500
# of TXmig1s: 0
# of In1s: 0
# of Anns: 0
# of NSs: 0
blockHash: 
5e8710f969287ea031fef090ea3c06fb3f649380ff3f9bda3a42cc888e5e2e7c

第28个块开始准备relay

[Propose wait] S1 N0 spin=1 epoch=29 now=1780066578 InitTime=1780066520 lastpropose=1780066578 wallGap=58 need>=56 ok1=true lastGap=0 need>=2 ok2=false

第28个块结束relay

[Propose wait] S1 N0 spin=50 epoch=29 now=1780066579 InitTime=1780066520 lastpropose=1780066578 wallGap=59 need>=56 ok1=true lastGap=1 need>=2 ok2=false
[Propose] S1 N0 时间条件满足: epoch=29->30 now=1780066580 InitTime=1780066520 lastpropose=1780066578 wallGap=60>=56 lastGap=2>=2 → propose1
[Propose] S1 N0 等待 sequenceLock…
[Propose] S1 N0 已持有 sequenceLock，seqID=29 即将 propose1
[propose1] S1 N0 seq=29 Tx_pool.Queue_len=2076
left_count: 500
更新树花时间为: 81
写数据库IO花时间为: 111
编号为 29 的区块已加入本地区块链！curBlock: 
blockHeader: 
[5e8710f969287ea031fef090ea3c06fb3f649380ff3f9bda3a42cc888e5e2e7c f193dcac6cfc85a318da97126ca8e5d2d8ec34d1211f7e2c0556e912c0e29d6b fc8a8bed057d3e7532e301ba3594be5108eedd2c72b778cfa7845c4ba238091b 29 1780066580]
# of transactions: 500
# of TXmig1s: 0
# of In1s: 0
# of Anns: 0
# of NSs: 0
blockHash: 
fd96ee16167f5bea2dd649354dccbb50418b9977f7b2db7cd3f12f6e7465a697

第29个块开始准备relay

[Propose wait] S1 N0 spin=1 epoch=30 now=1780066580 InitTime=1780066520 lastpropose=1780066580 wallGap=60 need>=58 ok1=true lastGap=0 need>=2 ok2=false

第29个块结束relay

[Propose wait] S1 N0 spin=50 epoch=30 now=1780066581 InitTime=1780066520 lastpropose=1780066580 wallGap=61 need>=58 ok1=true lastGap=1 need>=2 ok2=false
[Propose] S1 N0 时间条件满足: epoch=30->31 now=1780066582 InitTime=1780066520 lastpropose=1780066580 wallGap=62>=58 lastGap=2>=2 → propose1
[Propose] S1 N0 等待 sequenceLock…
[Propose] S1 N0 已持有 sequenceLock，seqID=30 即将 propose1
[propose1] S1 N0 seq=30 Tx_pool.Queue_len=1734
left_count: 500
更新树花时间为: 86
写数据库IO花时间为: 114
编号为 30 的区块已加入本地区块链！curBlock: 
blockHeader: 
[fd96ee16167f5bea2dd649354dccbb50418b9977f7b2db7cd3f12f6e7465a697 6a73de457c4f529e16b9365032838637f35af81888c44cdcb297e83f06340ddf 569b10152543e72a4de3b1757a5a0814ae055de07c2a835429d69d2d3eeb9de6 30 1780066582]
# of transactions: 500
# of TXmig1s: 0
# of In1s: 0
# of Anns: 0
# of NSs: 0
blockHash: 
af6d311c94473dc98bd712b00e4d4b3ad2e0909c9e90f7e95ca72418f9a42236

第30个块开始准备relay

[Propose wait] S1 N0 spin=1 epoch=31 now=1780066582 InitTime=1780066520 lastpropose=1780066582 wallGap=62 need>=60 ok1=true lastGap=0 need>=2 ok2=false

第30个块结束relay

[Propose wait] S1 N0 spin=50 epoch=31 now=1780066583 InitTime=1780066520 lastpropose=1780066582 wallGap=63 need>=60 ok1=true lastGap=1 need>=2 ok2=false
[Propose] S1 N0 时间条件满足: epoch=31->32 now=1780066584 InitTime=1780066520 lastpropose=1780066582 wallGap=64>=60 lastGap=2>=2 → propose1
[Propose] S1 N0 等待 sequenceLock…
[Propose] S1 N0 已持有 sequenceLock，seqID=31 即将 propose1
[propose1] S1 N0 seq=31 Tx_pool.Queue_len=1488
left_count: 500
更新树花时间为: 78
写数据库IO花时间为: 85
编号为 31 的区块已加入本地区块链！curBlock: 
blockHeader: 
[af6d311c94473dc98bd712b00e4d4b3ad2e0909c9e90f7e95ca72418f9a42236 889cd8ec07701cceec26843aef839b6c5480923e278d2922ff7e2ffc074b7c69 635ae4b61fc4e19dc2ba63843ebd6d5ce3d62c29a7db0c4f8e60bccb89062ff2 31 1780066584]
# of transactions: 500
# of TXmig1s: 0
# of In1s: 0
# of Anns: 0
# of NSs: 0
blockHash: 
679dcc77b4b0198d98f1307f5bf6788096296692b43c5c761569c545406133c8

第31个块开始准备relay

[Propose wait] S1 N0 spin=1 epoch=32 now=1780066584 InitTime=1780066520 lastpropose=1780066584 wallGap=64 need>=62 ok1=true lastGap=0 need>=2 ok2=false

第31个块结束relay

[Propose wait] S1 N0 spin=50 epoch=32 now=1780066585 InitTime=1780066520 lastpropose=1780066584 wallGap=65 need>=62 ok1=true lastGap=1 need>=2 ok2=false
[Propose] S1 N0 时间条件满足: epoch=32->33 now=1780066586 InitTime=1780066520 lastpropose=1780066584 wallGap=66>=62 lastGap=2>=2 → propose1
[Propose] S1 N0 等待 sequenceLock…
[Propose] S1 N0 已持有 sequenceLock，seqID=32 即将 propose1
[propose1] S1 N0 seq=32 Tx_pool.Queue_len=1254
left_count: 500
更新树花时间为: 65
写数据库IO花时间为: 76
编号为 32 的区块已加入本地区块链！curBlock: 
blockHeader: 
[679dcc77b4b0198d98f1307f5bf6788096296692b43c5c761569c545406133c8 a345f0e2a276ef0eae5503669315d33e460180ea418a8cd878d7b8c0ed9c6e77 2a953f62f32955a0e9cf97e2007669f65acd8ec940e7245b41fc6268b11df807 32 1780066586]
# of transactions: 500
# of TXmig1s: 0
# of In1s: 0
# of Anns: 0
# of NSs: 0
blockHash: 
9b850526856b4933cb028ffb113ec54371a66edf0cc22fae0c6efe821f3a8e75

第32个块开始准备relay

[Propose wait] S1 N0 spin=1 epoch=33 now=1780066586 InitTime=1780066520 lastpropose=1780066586 wallGap=66 need>=64 ok1=true lastGap=0 need>=2 ok2=false

第32个块结束relay

[Propose wait] S1 N0 spin=50 epoch=33 now=1780066587 InitTime=1780066520 lastpropose=1780066586 wallGap=67 need>=64 ok1=true lastGap=1 need>=2 ok2=false
[Propose] S1 N0 时间条件满足: epoch=33->34 now=1780066588 InitTime=1780066520 lastpropose=1780066586 wallGap=68>=64 lastGap=2>=2 → propose1
[Propose] S1 N0 等待 sequenceLock…
[Propose] S1 N0 已持有 sequenceLock，seqID=33 即将 propose1
[propose1] S1 N0 seq=33 Tx_pool.Queue_len=898
left_count: 500
更新树花时间为: 48
写数据库IO花时间为: 61
编号为 33 的区块已加入本地区块链！curBlock: 
blockHeader: 
[9b850526856b4933cb028ffb113ec54371a66edf0cc22fae0c6efe821f3a8e75 7b2eed963c373c21d2aa5eb53c714ca81cc988cf59717e141f258299ec2f119e dc1d3f11b92ca12424244efc06113cd5de030ac70ba18ff0dc91be44234aabd9 33 1780066588]
# of transactions: 500
# of TXmig1s: 0
# of In1s: 0
# of Anns: 0
# of NSs: 0
blockHash: 
90416cefe5e8499af9a5ef7cd3347b56f63adb933a9443b22605f3d30a8f0cde
[Propose wait] S1 N0 spin=1 epoch=34 now=1780066588 InitTime=1780066520 lastpropose=1780066588 wallGap=68 need>=66 ok1=true lastGap=0 need>=2 ok2=false
[Propose wait] S1 N0 spin=50 epoch=34 now=1780066589 InitTime=1780066520 lastpropose=1780066588 wallGap=69 need>=66 ok1=true lastGap=1 need>=2 ok2=false
[Propose] S1 N0 时间条件满足: epoch=34->35 now=1780066590 InitTime=1780066520 lastpropose=1780066588 wallGap=70>=66 lastGap=2>=2 → propose1
[Propose] S1 N0 等待 sequenceLock…
[Propose] S1 N0 已持有 sequenceLock，seqID=34 即将 propose1
[propose1] S1 N0 seq=34 Tx_pool.Queue_len=398
left_count: 500
更新树花时间为: 41
写数据库IO花时间为: 54
编号为 34 的区块已加入本地区块链！curBlock: 
blockHeader: 
[90416cefe5e8499af9a5ef7cd3347b56f63adb933a9443b22605f3d30a8f0cde 13e6acc7f57b7edf4f44d1f673564401f4c4481ea4f0e20c96b2eae0c0a5f4f4 d97009953f3d26e75fec8762f51244a3d998a24e49a863d311337e77163b4890 34 1780066590]
# of transactions: 398
# of TXmig1s: 0
# of In1s: 0
# of Anns: 0
# of NSs: 0
blockHash: 
7afe64d2abaaeecf589217a15584b920c39e0537e38eef3d59cb4fcae07aca85
[Propose wait] S1 N0 spin=1 epoch=35 now=1780066590 InitTime=1780066520 lastpropose=1780066590 wallGap=70 need>=68 ok1=true lastGap=0 need>=2 ok2=false
[Propose wait] S1 N0 spin=50 epoch=35 now=1780066591 InitTime=1780066520 lastpropose=1780066590 wallGap=71 need>=68 ok1=true lastGap=1 need>=2 ok2=false
[Propose] S1 N0 时间条件满足: epoch=35->36 now=1780066592 InitTime=1780066520 lastpropose=1780066590 wallGap=72>=68 lastGap=2>=2 → propose1
[Propose] S1 N0 等待 sequenceLock…
[Propose] S1 N0 已持有 sequenceLock，seqID=35 即将 propose1
[propose1] S1 N0 seq=35 Tx_pool.Queue_len=0
left_count: 500
更新树花时间为: 0
写数据库IO花时间为: 8
编号为 35 的区块已加入本地区块链！curBlock: 
blockHeader: 
[7afe64d2abaaeecf589217a15584b920c39e0537e38eef3d59cb4fcae07aca85 13e6acc7f57b7edf4f44d1f673564401f4c4481ea4f0e20c96b2eae0c0a5f4f4 56e81f171bcc55a6ff8345e692c0f86e5b48e01b996cadc001622fb5e363b421 35 1780066592]
# of transactions: 0
# of TXmig1s: 0
# of In1s: 0
# of Anns: 0
# of NSs: 0
blockHash: 
2da3b2ede2fb743fecbdaab638cf625e93aca8702c60c6712d58903310f1df78
[Propose wait] S1 N0 spin=1 epoch=36 now=1780066592 InitTime=1780066520 lastpropose=1780066592 wallGap=72 need>=70 ok1=true lastGap=0 need>=2 ok2=false
[Propose wait] S1 N0 spin=50 epoch=36 now=1780066593 InitTime=1780066520 lastpropose=1780066592 wallGap=73 need>=70 ok1=true lastGap=1 need>=2 ok2=false
[Propose] S1 N0 时间条件满足: epoch=36->37 now=1780066594 InitTime=1780066520 lastpropose=1780066592 wallGap=74>=70 lastGap=2>=2 → propose1
[Propose] S1 N0 等待 sequenceLock…
[Propose] S1 N0 已持有 sequenceLock，seqID=36 即将 propose1
[propose1] S1 N0 seq=36 Tx_pool.Queue_len=0
left_count: 500
更新树花时间为: 0
写数据库IO花时间为: 8
编号为 36 的区块已加入本地区块链！curBlock: 
blockHeader: 
[2da3b2ede2fb743fecbdaab638cf625e93aca8702c60c6712d58903310f1df78 13e6acc7f57b7edf4f44d1f673564401f4c4481ea4f0e20c96b2eae0c0a5f4f4 56e81f171bcc55a6ff8345e692c0f86e5b48e01b996cadc001622fb5e363b421 36 1780066594]
# of transactions: 0
# of TXmig1s: 0
# of In1s: 0
# of Anns: 0
# of NSs: 0
blockHash: 
2d0857ceaffd2385bc59b3671d93a5102b434af2650c06765327d301ac8e9397
[Propose wait] S1 N0 spin=1 epoch=37 now=1780066594 InitTime=1780066520 lastpropose=1780066594 wallGap=74 need>=72 ok1=true lastGap=0 need>=2 ok2=false
[Propose wait] S1 N0 spin=50 epoch=37 now=1780066595 InitTime=1780066520 lastpropose=1780066594 wallGap=75 need>=72 ok1=true lastGap=1 need>=2 ok2=false
[Propose] S1 N0 时间条件满足: epoch=37->38 now=1780066596 InitTime=1780066520 lastpropose=1780066594 wallGap=76>=72 lastGap=2>=2 → propose1
[Propose] S1 N0 等待 sequenceLock…
[Propose] S1 N0 已持有 sequenceLock，seqID=37 即将 propose1
[propose1] S1 N0 seq=37 Tx_pool.Queue_len=0
left_count: 500
更新树花时间为: 0
写数据库IO花时间为: 18
编号为 37 的区块已加入本地区块链！curBlock: 
blockHeader: 
[2d0857ceaffd2385bc59b3671d93a5102b434af2650c06765327d301ac8e9397 13e6acc7f57b7edf4f44d1f673564401f4c4481ea4f0e20c96b2eae0c0a5f4f4 56e81f171bcc55a6ff8345e692c0f86e5b48e01b996cadc001622fb5e363b421 37 1780066596]
# of transactions: 0
# of TXmig1s: 0
# of In1s: 0
# of Anns: 0
# of NSs: 0
blockHash: 
e988f3239f0843664504a2c7ad5da4b31e003701da20759b281d0191f2bffeb7
[Propose wait] S1 N0 spin=1 epoch=38 now=1780066596 InitTime=1780066520 lastpropose=1780066596 wallGap=76 need>=74 ok1=true lastGap=0 need>=2 ok2=false
[Propose wait] S1 N0 spin=50 epoch=38 now=1780066597 InitTime=1780066520 lastpropose=1780066596 wallGap=77 need>=74 ok1=true lastGap=1 need>=2 ok2=false
[Propose] S1 N0 时间条件满足: epoch=38->39 now=1780066598 InitTime=1780066520 lastpropose=1780066596 wallGap=78>=74 lastGap=2>=2 → propose1
[Propose] S1 N0 等待 sequenceLock…
[Propose] S1 N0 已持有 sequenceLock，seqID=38 即将 propose1
[propose1] S1 N0 seq=38 Tx_pool.Queue_len=0
left_count: 500
更新树花时间为: 0
写数据库IO花时间为: 17
编号为 38 的区块已加入本地区块链！curBlock: 
blockHeader: 
[e988f3239f0843664504a2c7ad5da4b31e003701da20759b281d0191f2bffeb7 13e6acc7f57b7edf4f44d1f673564401f4c4481ea4f0e20c96b2eae0c0a5f4f4 56e81f171bcc55a6ff8345e692c0f86e5b48e01b996cadc001622fb5e363b421 38 1780066598]
# of transactions: 0
# of TXmig1s: 0
# of In1s: 0
# of Anns: 0
# of NSs: 0
blockHash: 
76373e50384cf7bf6fb25eb16f17c7f26b10b8b82fa403d6867a29c06cfc439a
[Propose wait] S1 N0 spin=1 epoch=39 now=1780066598 InitTime=1780066520 lastpropose=1780066598 wallGap=78 need>=76 ok1=true lastGap=0 need>=2 ok2=false
[Propose wait] S1 N0 spin=50 epoch=39 now=1780066599 InitTime=1780066520 lastpropose=1780066598 wallGap=79 need>=76 ok1=true lastGap=1 need>=2 ok2=false
[Propose] S1 N0 时间条件满足: epoch=39->40 now=1780066600 InitTime=1780066520 lastpropose=1780066598 wallGap=80>=76 lastGap=2>=2 → propose1
[Propose] S1 N0 等待 sequenceLock…
[Propose] S1 N0 已持有 sequenceLock，seqID=39 即将 propose1
[propose1] S1 N0 seq=39 Tx_pool.Queue_len=0
left_count: 500
更新树花时间为: 0
写数据库IO花时间为: 29
编号为 39 的区块已加入本地区块链！curBlock: 
blockHeader: 
[76373e50384cf7bf6fb25eb16f17c7f26b10b8b82fa403d6867a29c06cfc439a 13e6acc7f57b7edf4f44d1f673564401f4c4481ea4f0e20c96b2eae0c0a5f4f4 56e81f171bcc55a6ff8345e692c0f86e5b48e01b996cadc001622fb5e363b421 39 1780066600]
# of transactions: 0
# of TXmig1s: 0
# of In1s: 0
# of Anns: 0
# of NSs: 0
blockHash: 
0ce4281af7c57a585784194cf9a5fa98a63744563d2aa76f12784d2eb181f91d
[Propose wait] S1 N0 spin=1 epoch=40 now=1780066600 InitTime=1780066520 lastpropose=1780066600 wallGap=80 need>=78 ok1=true lastGap=0 need>=2 ok2=false
节点收到终止节点消息，停止运行
