MigrationStrategy=SOTA-Lock (Stop=false Lock=true NotLock=false)
&{77 N0 S1 2 0 D:\Desktop\实验室\MVSS+\MVSS-main\selectedTxs_300K.csv 2 500 300 150 150 150 150 1000 10 1 400 20000 0 50000 20 true SOTA-Lock false true false false true false 3 false 8 false false false PageRank false 100 true false}
&{77 N0 S1 2 0 D:\Desktop\实验室\MVSS+\MVSS-main\selectedTxs_300K.csv 2 500 300 150 150 150 150 1000 10 1 400 20000 0 50000 20 true SOTA-Lock false true false false true false 3 false 8 false false false PageRank false 100 true false}
交易将由外部客户端发送
节点 N0 已启动，所属分片: S1
[Propose wait-first-tx] S1 N0 seq=1 Queue_len=0，首块等待交易注入后再出块
节点开启监听，地址：127.0.0.1:8020
[Propose wait-first-tx] S1 N0 seq=1 Queue_len=0，首块等待交易注入后再出块
[Propose wait-first-tx] S1 N0 seq=1 Queue_len=0，首块等待交易注入后再出块
[Propose wait-first-tx] S1 N0 seq=1 Queue_len=0，首块等待交易注入后再出块
[Propose wait-first-tx] S1 N0 seq=1 Queue_len=0，首块等待交易注入后再出块
[Propose wait-first-tx] S1 N0 seq=1 Queue_len=0，首块等待交易注入后再出块
[Propose wait-first-tx] S1 N0 seq=1 Queue_len=0，首块等待交易注入后再出块
[Propose wait-first-tx] S1 N0 seq=1 Queue_len=0，首块等待交易注入后再出块
[Propose wait-first-tx] S1 N0 seq=1 Queue_len=0，首块等待交易注入后再出块
[Propose wait-first-tx] S1 N0 seq=1 Queue_len=0，首块等待交易注入后再出块
[Propose wait-first-tx] S1 N0 seq=1 Queue_len=0，首块等待交易注入后再出块
[Propose wait-first-tx] S1 N0 seq=1 Queue_len=0，首块等待交易注入后再出块
[Propose wait-first-tx] S1 N0 seq=1 Queue_len=0，首块等待交易注入后再出块
[Propose wait-first-tx] S1 N0 seq=1 Queue_len=0，首块等待交易注入后再出块
[Propose wait-first-tx] S1 N0 seq=1 Queue_len=0，首块等待交易注入后再出块
[Propose wait-first-tx] S1 N0 seq=1 Queue_len=0，首块等待交易注入后再出块
[Propose wait-first-tx] S1 N0 seq=1 Queue_len=0，首块等待交易注入后再出块
[Propose wait-first-tx] S1 N0 seq=1 Queue_len=0，首块等待交易注入后再出块
本节点已接收到客户端发送的初始时间：1780066090（锚定 InitTime=1780066090，已重置 epoch=1）
[Propose wait-first-tx] S1 N0 seq=1 Queue_len=0，首块等待交易注入后再出块
[Propose wait-first-tx] S1 N0 seq=1 Queue_len=0，首块等待交易注入后再出块
[Propose wait-first-tx] S1 N0 seq=1 Queue_len=0，首块等待交易注入后再出块
[handleTxFromClient] S1 N0 recv client batch, tx_count=192
[handleTxFromClient] S1 N0 append to Tx_pool.Queue: local_queued=192 forward_other_shard=0 Queue_total_len=192
[Propose wait-first-tx] S1 N0 首块已检测到交易，结束等待，Queue_len=192
[Propose] S1 N0 时间条件满足: epoch=1->2 now=1780066094 InitTime=1780066090 lastpropose=1780066090 wallGap=4>=0 lastGap=4>=2 → propose1
[Propose] S1 N0 等待 sequenceLock…
[Propose] S1 N0 已持有 sequenceLock，seqID=1 即将 propose1
[propose1] S1 N0 seq=1 Tx_pool.Queue_len=192
left_count: 500
更新树花时间为: 33
写数据库IO花时间为: 57
编号为 1 的区块已加入本地区块链！curBlock: 
blockHeader: 
[1add38160db0458a48072f3ade543ffb4af4e9cfdf8f76549b9568e046a6a3ff b4e60825fb47de1bfce918ea98c3f76e8b8f94ab9990802d70a2fe18d3ccd310 bfa075c2fa2c9a3e9feb98a25b778ef29ec5fd62d59fb81e6c3ae4e7faf2b1c4 1 1780066094]
# of transactions: 192
# of TXmig1s: 0
# of In1s: 0
# of Anns: 0
# of NSs: 0
blockHash: 
26999cd560804bd10901a3c8be79581d052e2f1671173b6f166e86459e6af70e

第1个块开始准备relay

[Propose wait] S1 N0 spin=1 epoch=2 now=1780066094 InitTime=1780066090 lastpropose=1780066094 wallGap=4 need>=2 ok1=true lastGap=0 need>=2 ok2=false

第1个块结束relay

[Propose wait] S1 N0 spin=50 epoch=2 now=1780066095 InitTime=1780066090 lastpropose=1780066094 wallGap=5 need>=2 ok1=true lastGap=1 need>=2 ok2=false
[Propose] S1 N0 时间条件满足: epoch=2->3 now=1780066096 InitTime=1780066090 lastpropose=1780066094 wallGap=6>=2 lastGap=2>=2 → propose1
[Propose] S1 N0 等待 sequenceLock…
[Propose] S1 N0 已持有 sequenceLock，seqID=2 即将 propose1
[propose1] S1 N0 seq=2 Tx_pool.Queue_len=289
left_count: 500
[handleTxFromClient] S1 N0 recv client batch, tx_count=153
[handleTxFromClient] S1 N0 append to Tx_pool.Queue: local_queued=153 forward_other_shard=0 Queue_total_len=153
更新树花时间为: 30
写数据库IO花时间为: 49
编号为 2 的区块已加入本地区块链！curBlock: 
blockHeader: 
[26999cd560804bd10901a3c8be79581d052e2f1671173b6f166e86459e6af70e 11139dfb4eac1e8079dd2058858edf8025f74c3bd7c034721d0c018463a5ed54 f988b30b6177dd3f9e81bc2ed6efdae489a565df6ccb950f816caf863a08fc86 2 1780066096]
# of transactions: 289
# of TXmig1s: 0
# of In1s: 0
# of Anns: 0
# of NSs: 0
blockHash: 
fe5d250127c32639b6b856b643e1799831fdf98b5744aac0f227930591910dad
[Propose wait] S1 N0 spin=1 epoch=3 now=1780066096 InitTime=1780066090 lastpropose=1780066096 wallGap=6 need>=4 ok1=true lastGap=0 need>=2 ok2=false
[Propose wait] S1 N0 spin=50 epoch=3 now=1780066097 InitTime=1780066090 lastpropose=1780066096 wallGap=7 need>=4 ok1=true lastGap=1 need>=2 ok2=false
[Propose] S1 N0 时间条件满足: epoch=3->4 now=1780066098 InitTime=1780066090 lastpropose=1780066096 wallGap=8>=4 lastGap=2>=2 → propose1
[Propose] S1 N0 等待 sequenceLock…
[Propose] S1 N0 已持有 sequenceLock，seqID=3 即将 propose1
[propose1] S1 N0 seq=3 Tx_pool.Queue_len=210
left_count: 500
[handleTxFromClient] S1 N0 recv client batch, tx_count=145
[handleTxFromClient] S1 N0 append to Tx_pool.Queue: local_queued=145 forward_other_shard=0 Queue_total_len=145
更新树花时间为: 35
写数据库IO花时间为: 42
编号为 3 的区块已加入本地区块链！curBlock: 
blockHeader: 
[fe5d250127c32639b6b856b643e1799831fdf98b5744aac0f227930591910dad 1e70d8b2687243799b1e3adf9f13aedf0874c390e22b13f186579c1b31ccab01 248ea1bda9f0a537e698350f4cabe996cf8da13e18a6fe16084814fe07f1206b 3 1780066098]
# of transactions: 210
# of TXmig1s: 0
# of In1s: 0
# of Anns: 0
# of NSs: 0
blockHash: 
ede2a18aad5e23d5d74792fe6b61af1fe9977b3e72f73a706a9a8bf09b2b68fb

第3个块开始准备relay

[Propose wait] S1 N0 spin=1 epoch=4 now=1780066098 InitTime=1780066090 lastpropose=1780066098 wallGap=8 need>=6 ok1=true lastGap=0 need>=2 ok2=false

第3个块结束relay

[Propose wait] S1 N0 spin=50 epoch=4 now=1780066099 InitTime=1780066090 lastpropose=1780066098 wallGap=9 need>=6 ok1=true lastGap=1 need>=2 ok2=false
[Propose] S1 N0 时间条件满足: epoch=4->5 now=1780066100 InitTime=1780066090 lastpropose=1780066098 wallGap=10>=6 lastGap=2>=2 → propose1
[Propose] S1 N0 等待 sequenceLock…
[Propose] S1 N0 已持有 sequenceLock，seqID=4 即将 propose1
[propose1] S1 N0 seq=4 Tx_pool.Queue_len=405
left_count: 500
[handleTxFromClient] S1 N0 recv client batch, tx_count=240
[handleTxFromClient] S1 N0 append to Tx_pool.Queue: local_queued=240 forward_other_shard=0 Queue_total_len=240
更新树花时间为: 58
写数据库IO花时间为: 80
编号为 4 的区块已加入本地区块链！curBlock: 
blockHeader: 
[ede2a18aad5e23d5d74792fe6b61af1fe9977b3e72f73a706a9a8bf09b2b68fb af5f613613f68fdffcd1a261ed5c51b962529358e739d15ab9036775a5089a87 fd3c4de0bd6bc0ad524712ef503b0a26ee85c2e6c33abcfc569ad6c6b9d32f56 4 1780066100]
# of transactions: 405
# of TXmig1s: 0
# of In1s: 0
# of Anns: 0
# of NSs: 0
blockHash: 
476723107f6d94090831b52ca1fb3b2fed817fb6904a598e9c5415cf485f31b6

第4个块开始准备relay

[Propose wait] S1 N0 spin=1 epoch=5 now=1780066100 InitTime=1780066090 lastpropose=1780066100 wallGap=10 need>=8 ok1=true lastGap=0 need>=2 ok2=false

第4个块结束relay

[Propose wait] S1 N0 spin=50 epoch=5 now=1780066101 InitTime=1780066090 lastpropose=1780066100 wallGap=11 need>=8 ok1=true lastGap=1 need>=2 ok2=false
[Propose] S1 N0 时间条件满足: epoch=5->6 now=1780066102 InitTime=1780066090 lastpropose=1780066100 wallGap=12>=8 lastGap=2>=2 → propose1
[Propose] S1 N0 等待 sequenceLock…
[Propose] S1 N0 已持有 sequenceLock，seqID=5 即将 propose1
[propose1] S1 N0 seq=5 Tx_pool.Queue_len=480
left_count: 500
[handleTxFromClient] S1 N0 recv client batch, tx_count=142
[handleTxFromClient] S1 N0 append to Tx_pool.Queue: local_queued=142 forward_other_shard=0 Queue_total_len=142
更新树花时间为: 61
写数据库IO花时间为: 67
编号为 5 的区块已加入本地区块链！curBlock: 
blockHeader: 
[476723107f6d94090831b52ca1fb3b2fed817fb6904a598e9c5415cf485f31b6 736c43e63426eba24ba7efcef5148ea755fa3407e2445b18c0f5b2e0f1ab1b0b 1aae264836c52435a0f1a0575f24cdb9aa768bdd4f748a6ab571e2166a1aa9f2 5 1780066102]
# of transactions: 480
# of TXmig1s: 0
# of In1s: 0
# of Anns: 0
# of NSs: 0
blockHash: 
ac097280b0893fea9216a1e15a1d6a42faf8a53f164c5513e4c06cc61a3c8fda

第5个块开始准备relay

[Propose wait] S1 N0 spin=1 epoch=6 now=1780066102 InitTime=1780066090 lastpropose=1780066102 wallGap=12 need>=10 ok1=true lastGap=0 need>=2 ok2=false

第5个块结束relay

[Propose wait] S1 N0 spin=50 epoch=6 now=1780066103 InitTime=1780066090 lastpropose=1780066102 wallGap=13 need>=10 ok1=true lastGap=1 need>=2 ok2=false
[Propose] S1 N0 时间条件满足: epoch=6->7 now=1780066104 InitTime=1780066090 lastpropose=1780066102 wallGap=14>=10 lastGap=2>=2 → propose1
[Propose] S1 N0 等待 sequenceLock…
[Propose] S1 N0 已持有 sequenceLock，seqID=6 即将 propose1
[propose1] S1 N0 seq=6 Tx_pool.Queue_len=384
left_count: 500
[handleTxFromClient] S1 N0 recv client batch, tx_count=165
[handleTxFromClient] S1 N0 append to Tx_pool.Queue: local_queued=165 forward_other_shard=0 Queue_total_len=165
更新树花时间为: 45
写数据库IO花时间为: 50
编号为 6 的区块已加入本地区块链！curBlock: 
blockHeader: 
[ac097280b0893fea9216a1e15a1d6a42faf8a53f164c5513e4c06cc61a3c8fda a1b07ccf90b988e4d1f7e2f8e5f3059068c61f23596eef6dc5575775bfd8fbde e3f6d90993bc4b85257d9c813433053039bff7c4c731171bd42186c08cac336d 6 1780066104]
# of transactions: 384
# of TXmig1s: 0
# of In1s: 0
# of Anns: 0
# of NSs: 0
blockHash: 
2466aae5c0cd93f716352561ed53829d83c947f9f843c6edfd797a2763059485

第6个块开始准备relay

[Propose wait] S1 N0 spin=1 epoch=7 now=1780066104 InitTime=1780066090 lastpropose=1780066104 wallGap=14 need>=12 ok1=true lastGap=0 need>=2 ok2=false

第6个块结束relay

[Propose wait] S1 N0 spin=50 epoch=7 now=1780066105 InitTime=1780066090 lastpropose=1780066104 wallGap=15 need>=12 ok1=true lastGap=1 need>=2 ok2=false
[Propose] S1 N0 时间条件满足: epoch=7->8 now=1780066106 InitTime=1780066090 lastpropose=1780066104 wallGap=16>=12 lastGap=2>=2 → propose1
[Propose] S1 N0 等待 sequenceLock…
[Propose] S1 N0 已持有 sequenceLock，seqID=7 即将 propose1
[propose1] S1 N0 seq=7 Tx_pool.Queue_len=406
left_count: 500
[handleTxFromClient] S1 N0 recv client batch, tx_count=363
[handleTxFromClient] S1 N0 append to Tx_pool.Queue: local_queued=363 forward_other_shard=0 Queue_total_len=363
更新树花时间为: 65
写数据库IO花时间为: 73
编号为 7 的区块已加入本地区块链！curBlock: 
blockHeader: 
[2466aae5c0cd93f716352561ed53829d83c947f9f843c6edfd797a2763059485 c218c91cfe5593d819c665107bd2a0126b1147784e1ba4d40a566702fae47735 5ee0c6d8e0b9dcd9ed664decbc56158ab5fd2b6e41189696764f8b6409124ebc 7 1780066106]
# of transactions: 406
# of TXmig1s: 0
# of In1s: 0
# of Anns: 0
# of NSs: 0
blockHash: 
13060f6cedcc0786d27cf9806bf07fe0c507c7477c4e7d9c0efc638c001f1a05

第7个块开始准备relay

[Propose wait] S1 N0 spin=1 epoch=8 now=1780066106 InitTime=1780066090 lastpropose=1780066106 wallGap=16 need>=14 ok1=true lastGap=0 need>=2 ok2=false

第7个块结束relay

[Propose wait] S1 N0 spin=50 epoch=8 now=1780066107 InitTime=1780066090 lastpropose=1780066106 wallGap=17 need>=14 ok1=true lastGap=1 need>=2 ok2=false
[Propose] S1 N0 时间条件满足: epoch=8->9 now=1780066108 InitTime=1780066090 lastpropose=1780066106 wallGap=18>=14 lastGap=2>=2 → propose1
[Propose] S1 N0 等待 sequenceLock…
[Propose] S1 N0 已持有 sequenceLock，seqID=8 即将 propose1
[propose1] S1 N0 seq=8 Tx_pool.Queue_len=625
left_count: 500
[handleTxFromClient] S1 N0 recv client batch, tx_count=220
[handleTxFromClient] S1 N0 append to Tx_pool.Queue: local_queued=220 forward_other_shard=0 Queue_total_len=345
更新树花时间为: 65
写数据库IO花时间为: 71
编号为 8 的区块已加入本地区块链！curBlock: 
blockHeader: 
[13060f6cedcc0786d27cf9806bf07fe0c507c7477c4e7d9c0efc638c001f1a05 bbc32970de0440c4d58c29f5b6e3b2745ef394fe092618313f70fe4eb4c959c5 881ebdd7034ba706f8a3e22151fbfbda3dac9e53a242fccdd3051cac43445183 8 1780066108]
# of transactions: 500
# of TXmig1s: 0
# of In1s: 0
# of Anns: 0
# of NSs: 0
blockHash: 
38e3ae2a029cadd4db4d4e00f11f3de3d55da43d86422734f75b544d7b800b4c

第8个块开始准备relay

[Propose wait] S1 N0 spin=1 epoch=9 now=1780066108 InitTime=1780066090 lastpropose=1780066108 wallGap=18 need>=16 ok1=true lastGap=0 need>=2 ok2=false

第8个块结束relay

[Propose wait] S1 N0 spin=50 epoch=9 now=1780066109 InitTime=1780066090 lastpropose=1780066108 wallGap=19 need>=16 ok1=true lastGap=1 need>=2 ok2=false
[Propose] S1 N0 时间条件满足: epoch=9->10 now=1780066110 InitTime=1780066090 lastpropose=1780066108 wallGap=20>=16 lastGap=2>=2 → propose1
[Propose] S1 N0 等待 sequenceLock…
[Propose] S1 N0 已持有 sequenceLock，seqID=9 即将 propose1
[propose1] S1 N0 seq=9 Tx_pool.Queue_len=536
left_count: 500
更新树花时间为: 62
写数据库IO花时间为: 69
编号为 9 的区块已加入本地区块链！curBlock: 
blockHeader: 
[38e3ae2a029cadd4db4d4e00f11f3de3d55da43d86422734f75b544d7b800b4c 30ce97f5ad2cc25ba517d5dd29eb338aca59f21e75c317f8d1dba41ce0b86cac e691d4bd1b3d0f33c9cdf2c79fa03abd863c05b24f32b7716f50f6bd09f2f442 9 1780066110]
# of transactions: 500
# of TXmig1s: 0
# of In1s: 0
# of Anns: 0
# of NSs: 0
blockHash: 
710464f162a5252e4a60b139345ab21b3b988c7a657372dfa3df4665a8b55c88

第9个块开始准备relay

[Propose wait] S1 N0 spin=1 epoch=10 now=1780066110 InitTime=1780066090 lastpropose=1780066110 wallGap=20 need>=18 ok1=true lastGap=0 need>=2 ok2=false
[handleTxFromClient] S1 N0 recv client batch, tx_count=545
[handleTxFromClient] S1 N0 append to Tx_pool.Queue: local_queued=545 forward_other_shard=0 Queue_total_len=581

第9个块结束relay

[Propose wait] S1 N0 spin=50 epoch=10 now=1780066111 InitTime=1780066090 lastpropose=1780066110 wallGap=21 need>=18 ok1=true lastGap=1 need>=2 ok2=false
[Propose] S1 N0 时间条件满足: epoch=10->11 now=1780066112 InitTime=1780066090 lastpropose=1780066110 wallGap=22>=18 lastGap=2>=2 → propose1
[Propose] S1 N0 等待 sequenceLock…
[Propose] S1 N0 已持有 sequenceLock，seqID=10 即将 propose1
[propose1] S1 N0 seq=10 Tx_pool.Queue_len=795
left_count: 500
[handleTxFromClient] S1 N0 recv client batch, tx_count=561
[handleTxFromClient] S1 N0 append to Tx_pool.Queue: local_queued=561 forward_other_shard=0 Queue_total_len=856
更新树花时间为: 79
写数据库IO花时间为: 98
编号为 10 的区块已加入本地区块链！curBlock: 
blockHeader: 
[710464f162a5252e4a60b139345ab21b3b988c7a657372dfa3df4665a8b55c88 ef5cd9522ec568e3dca6c816dd82755447722a8738c9d2d893f86621e0d2ced5 86f4e7393fd5687336ab2b47abf6b516bb84cdab9d1d0255cabb90b53aca8484 10 1780066112]
# of transactions: 500
# of TXmig1s: 0
# of In1s: 0
# of Anns: 0
# of NSs: 0
blockHash: 
5681930a07f9a8c6d3c96c4a1017dcec7028a68220649ad37f0dd058264e0068

第10个块开始准备relay

[Propose wait] S1 N0 spin=1 epoch=11 now=1780066112 InitTime=1780066090 lastpropose=1780066112 wallGap=22 need>=20 ok1=true lastGap=0 need>=2 ok2=false

第10个块结束relay

[Propose wait] S1 N0 spin=50 epoch=11 now=1780066113 InitTime=1780066090 lastpropose=1780066112 wallGap=23 need>=20 ok1=true lastGap=1 need>=2 ok2=false
[Propose] S1 N0 时间条件满足: epoch=11->12 now=1780066114 InitTime=1780066090 lastpropose=1780066112 wallGap=24>=20 lastGap=2>=2 → propose1
[Propose] S1 N0 等待 sequenceLock…
[Propose] S1 N0 已持有 sequenceLock，seqID=11 即将 propose1
[propose1] S1 N0 seq=11 Tx_pool.Queue_len=1080
left_count: 500
更新树花时间为: 65
写数据库IO花时间为: 72
编号为 11 的区块已加入本地区块链！curBlock: 
blockHeader: 
[5681930a07f9a8c6d3c96c4a1017dcec7028a68220649ad37f0dd058264e0068 a997904da2b85d8ffcc001f59fef3deae2f0e1551e9d03616580a27f159af502 728dd390d5306331219cea867da5845f4d0b8a97e8556ef88fc99c0a1a8e747a 11 1780066114]
# of transactions: 500
# of TXmig1s: 0
# of In1s: 0
# of Anns: 0
# of NSs: 0
blockHash: 
c77df1c3d5ea5dc082734ea57a3377620a3dc343aac68a8816608b36e61b4b37

第11个块开始准备relay

[Propose wait] S1 N0 spin=1 epoch=12 now=1780066114 InitTime=1780066090 lastpropose=1780066114 wallGap=24 need>=22 ok1=true lastGap=0 need>=2 ok2=false
[handleTxFromClient] S1 N0 recv client batch, tx_count=267
[handleTxFromClient] S1 N0 append to Tx_pool.Queue: local_queued=267 forward_other_shard=0 Queue_total_len=847

第11个块结束relay

[Propose wait] S1 N0 spin=50 epoch=12 now=1780066115 InitTime=1780066090 lastpropose=1780066114 wallGap=25 need>=22 ok1=true lastGap=1 need>=2 ok2=false
[Propose] S1 N0 时间条件满足: epoch=12->13 now=1780066116 InitTime=1780066090 lastpropose=1780066114 wallGap=26>=22 lastGap=2>=2 → propose1
[Propose] S1 N0 等待 sequenceLock…
[Propose] S1 N0 已持有 sequenceLock，seqID=12 即将 propose1
[propose1] S1 N0 seq=12 Tx_pool.Queue_len=1112
left_count: 500
更新树花时间为: 63
写数据库IO花时间为: 70
编号为 12 的区块已加入本地区块链！curBlock: 
blockHeader: 
[c77df1c3d5ea5dc082734ea57a3377620a3dc343aac68a8816608b36e61b4b37 96cc26d459dcb15861ed6edc421d6ab07e301e338e1207e1a5936d2e835f9d60 94fd80ae6d63bbde6a397e5b8a92d09ee9c42080b6d3dcd324ec17b76df89b64 12 1780066116]
# of transactions: 500
# of TXmig1s: 0
# of In1s: 0
# of Anns: 0
# of NSs: 0
blockHash: 
6dccba0b4232c3f275425133674c4541bffbc079d949daf400546ae73d70bf79

第12个块开始准备relay

[Propose wait] S1 N0 spin=1 epoch=13 now=1780066116 InitTime=1780066090 lastpropose=1780066116 wallGap=26 need>=24 ok1=true lastGap=0 need>=2 ok2=false
[handleTxFromClient] S1 N0 recv client batch, tx_count=177
[handleTxFromClient] S1 N0 append to Tx_pool.Queue: local_queued=177 forward_other_shard=0 Queue_total_len=789

第12个块结束relay

[Propose wait] S1 N0 spin=50 epoch=13 now=1780066117 InitTime=1780066090 lastpropose=1780066116 wallGap=27 need>=24 ok1=true lastGap=1 need>=2 ok2=false
[Propose] S1 N0 时间条件满足: epoch=13->14 now=1780066118 InitTime=1780066090 lastpropose=1780066116 wallGap=28>=24 lastGap=2>=2 → propose1
[Propose] S1 N0 等待 sequenceLock…
[Propose] S1 N0 已持有 sequenceLock，seqID=13 即将 propose1
[propose1] S1 N0 seq=13 Tx_pool.Queue_len=944
left_count: 500
更新树花时间为: 69
写数据库IO花时间为: 78
编号为 13 的区块已加入本地区块链！curBlock: 
blockHeader: 
[6dccba0b4232c3f275425133674c4541bffbc079d949daf400546ae73d70bf79 b86959d94b92d1c4376b29fe1fe6d48d18aff1c007d794aaa6117c785b4ce36b 6a7d1e111e241e20ea0007aa00d56610ca13c0a0a291c4aa9311402dd8afa371 13 1780066118]
# of transactions: 500
# of TXmig1s: 0
# of In1s: 0
# of Anns: 0
# of NSs: 0
blockHash: 
71ac37e605a1fc1d8f2fc43acb98e45ee27720354c8051cde65864c9aaa0761c

第13个块开始准备relay

[Propose wait] S1 N0 spin=1 epoch=14 now=1780066118 InitTime=1780066090 lastpropose=1780066118 wallGap=28 need>=26 ok1=true lastGap=0 need>=2 ok2=false
[handleTxFromClient] S1 N0 recv client batch, tx_count=200
[handleTxFromClient] S1 N0 append to Tx_pool.Queue: local_queued=200 forward_other_shard=0 Queue_total_len=644

第13个块结束relay

[Propose wait] S1 N0 spin=50 epoch=14 now=1780066119 InitTime=1780066090 lastpropose=1780066118 wallGap=29 need>=26 ok1=true lastGap=1 need>=2 ok2=false
[Propose] S1 N0 时间条件满足: epoch=14->15 now=1780066120 InitTime=1780066090 lastpropose=1780066118 wallGap=30>=26 lastGap=2>=2 → propose1
[Propose] S1 N0 等待 sequenceLock…
[Propose] S1 N0 已持有 sequenceLock，seqID=14 即将 propose1
[propose1] S1 N0 seq=14 Tx_pool.Queue_len=778
left_count: 500
更新树花时间为: 72
写数据库IO花时间为: 79
编号为 14 的区块已加入本地区块链！curBlock: 
blockHeader: 
[71ac37e605a1fc1d8f2fc43acb98e45ee27720354c8051cde65864c9aaa0761c cf000d5e8d65cfa5c5527a15fd3cf8c898b4b5b194216e7ddbb27ee820e6d4d7 bcf92b407ec0a592bff6393283d69071a1d6006d4f383a6e7fc1c0cc7a713300 14 1780066120]
# of transactions: 500
# of TXmig1s: 0
# of In1s: 0
# of Anns: 0
# of NSs: 0
blockHash: 
95ffa884b8e7ec176c60a9d6436c8d34b69f7ddd2a561fdf90e9e1bb1ecf740d

第14个块开始准备relay

[Propose wait] S1 N0 spin=1 epoch=15 now=1780066120 InitTime=1780066090 lastpropose=1780066120 wallGap=30 need>=28 ok1=true lastGap=0 need>=2 ok2=false
[handleTxFromClient] S1 N0 recv client batch, tx_count=120
[handleTxFromClient] S1 N0 append to Tx_pool.Queue: local_queued=120 forward_other_shard=0 Queue_total_len=398

第14个块结束relay

[Propose wait] S1 N0 spin=50 epoch=15 now=1780066121 InitTime=1780066090 lastpropose=1780066120 wallGap=31 need>=28 ok1=true lastGap=1 need>=2 ok2=false
[Propose] S1 N0 时间条件满足: epoch=15->16 now=1780066122 InitTime=1780066090 lastpropose=1780066120 wallGap=32>=28 lastGap=2>=2 → propose1
[Propose] S1 N0 等待 sequenceLock…
[Propose] S1 N0 已持有 sequenceLock，seqID=15 即将 propose1
[propose1] S1 N0 seq=15 Tx_pool.Queue_len=638
left_count: 500
更新树花时间为: 79
写数据库IO花时间为: 86
编号为 15 的区块已加入本地区块链！curBlock: 
blockHeader: 
[95ffa884b8e7ec176c60a9d6436c8d34b69f7ddd2a561fdf90e9e1bb1ecf740d 9cff2a132e14d813a2649a1a5d505b13a53bf67a9766e40ede77dd99650605f2 c2ef4d00e2ee12c7dfa097a92849435eba7f60c99e008b466c03f9f382db55fb 15 1780066122]
# of transactions: 500
# of TXmig1s: 0
# of In1s: 0
# of Anns: 0
# of NSs: 0
blockHash: 
668fa46bcee0d73e45787c659bba4d7df9735973f591e5f13aac3d73eac2d491

第15个块开始准备relay

[Propose wait] S1 N0 spin=1 epoch=16 now=1780066122 InitTime=1780066090 lastpropose=1780066122 wallGap=32 need>=30 ok1=true lastGap=0 need>=2 ok2=false
[handleTxFromClient] S1 N0 recv client batch, tx_count=192
[handleTxFromClient] S1 N0 append to Tx_pool.Queue: local_queued=192 forward_other_shard=0 Queue_total_len=330

第15个块结束relay

[Propose wait] S1 N0 spin=50 epoch=16 now=1780066123 InitTime=1780066090 lastpropose=1780066122 wallGap=33 need>=30 ok1=true lastGap=1 need>=2 ok2=false
[Propose] S1 N0 时间条件满足: epoch=16->17 now=1780066124 InitTime=1780066090 lastpropose=1780066122 wallGap=34>=30 lastGap=2>=2 → propose1
[Propose] S1 N0 等待 sequenceLock…
[Propose] S1 N0 已持有 sequenceLock，seqID=16 即将 propose1
[propose1] S1 N0 seq=16 Tx_pool.Queue_len=511
left_count: 500
更新树花时间为: 70
写数据库IO花时间为: 77
编号为 16 的区块已加入本地区块链！curBlock: 
blockHeader: 
[668fa46bcee0d73e45787c659bba4d7df9735973f591e5f13aac3d73eac2d491 7dbaa41c55f0adac684daf2e51fa94ee2cc96904ac95d20ad24ee2c4fca091e9 19b42b3f032ff43f47ac68f98ebbf2d76ef6cdbb8a1edc9248370dbfb61c9bbf 16 1780066124]
# of transactions: 500
# of TXmig1s: 0
# of In1s: 0
# of Anns: 0
# of NSs: 0
blockHash: 
a2e34b9b3f063640773967ad1aeabfde722062fb55b07e6dc46594c5d3add3dc

第16个块开始准备relay

[Propose wait] S1 N0 spin=1 epoch=17 now=1780066124 InitTime=1780066090 lastpropose=1780066124 wallGap=34 need>=32 ok1=true lastGap=0 need>=2 ok2=false
[handleTxFromClient] S1 N0 recv client batch, tx_count=530
[handleTxFromClient] S1 N0 append to Tx_pool.Queue: local_queued=530 forward_other_shard=0 Queue_total_len=541

第16个块结束relay

[Propose wait] S1 N0 spin=50 epoch=17 now=1780066125 InitTime=1780066090 lastpropose=1780066124 wallGap=35 need>=32 ok1=true lastGap=1 need>=2 ok2=false
[Propose] S1 N0 时间条件满足: epoch=17->18 now=1780066126 InitTime=1780066090 lastpropose=1780066124 wallGap=36>=32 lastGap=2>=2 → propose1
[Propose] S1 N0 等待 sequenceLock…
[Propose] S1 N0 已持有 sequenceLock，seqID=17 即将 propose1
[propose1] S1 N0 seq=17 Tx_pool.Queue_len=717
left_count: 500
更新树花时间为: 99
写数据库IO花时间为: 118
编号为 17 的区块已加入本地区块链！curBlock: 
blockHeader: 
[a2e34b9b3f063640773967ad1aeabfde722062fb55b07e6dc46594c5d3add3dc 633da645f3a1e39e633e6d36c6846317e32a9d58c25ab33add1867d991ab6281 2d8b85700031d94030423c2e53a8a1b11a31da0b0691e9c4985b76da0dabb410 17 1780066126]
# of transactions: 500
# of TXmig1s: 0
# of In1s: 0
# of Anns: 0
# of NSs: 0
blockHash: 
70ec896cd4ecba91c49dc56f039429d637174aba417de8ae86a0b6adcd1331ca

第17个块开始准备relay

[Propose wait] S1 N0 spin=1 epoch=18 now=1780066126 InitTime=1780066090 lastpropose=1780066126 wallGap=36 need>=34 ok1=true lastGap=0 need>=2 ok2=false
[handleTxFromClient] S1 N0 recv client batch, tx_count=474
[handleTxFromClient] S1 N0 append to Tx_pool.Queue: local_queued=474 forward_other_shard=0 Queue_total_len=691

第17个块结束relay

[Propose wait] S1 N0 spin=50 epoch=18 now=1780066127 InitTime=1780066090 lastpropose=1780066126 wallGap=37 need>=34 ok1=true lastGap=1 need>=2 ok2=false
[Propose] S1 N0 时间条件满足: epoch=18->19 now=1780066128 InitTime=1780066090 lastpropose=1780066126 wallGap=38>=34 lastGap=2>=2 → propose1
[Propose] S1 N0 等待 sequenceLock…
[Propose] S1 N0 已持有 sequenceLock，seqID=18 即将 propose1
[propose1] S1 N0 seq=18 Tx_pool.Queue_len=965
left_count: 500
更新树花时间为: 99
写数据库IO花时间为: 112
编号为 18 的区块已加入本地区块链！curBlock: 
blockHeader: 
[70ec896cd4ecba91c49dc56f039429d637174aba417de8ae86a0b6adcd1331ca e0e2490f1702fc2f3b2e56f41561512f35c680e863667ecbea148dc59f33d647 fd33b1d7a5c5892b800343173ccf646516fff88f444d6f6068e1186390ac1369 18 1780066128]
# of transactions: 500
# of TXmig1s: 0
# of In1s: 0
# of Anns: 0
# of NSs: 0
blockHash: 
576d992b7c8f3780e4e4a18633f3bd17751c1e74940212b01ce7f2714a15ae17

第18个块开始准备relay

[Propose wait] S1 N0 spin=1 epoch=19 now=1780066128 InitTime=1780066090 lastpropose=1780066128 wallGap=38 need>=36 ok1=true lastGap=0 need>=2 ok2=false
[handleTxFromClient] S1 N0 recv client batch, tx_count=718
[handleTxFromClient] S1 N0 append to Tx_pool.Queue: local_queued=718 forward_other_shard=0 Queue_total_len=1183

第18个块结束relay

[Propose wait] S1 N0 spin=50 epoch=19 now=1780066129 InitTime=1780066090 lastpropose=1780066128 wallGap=39 need>=36 ok1=true lastGap=1 need>=2 ok2=false
[Propose] S1 N0 时间条件满足: epoch=19->20 now=1780066130 InitTime=1780066090 lastpropose=1780066128 wallGap=40>=36 lastGap=2>=2 → propose1
[Propose] S1 N0 等待 sequenceLock…
[Propose] S1 N0 已持有 sequenceLock，seqID=19 即将 propose1
[propose1] S1 N0 seq=19 Tx_pool.Queue_len=1358
left_count: 500
更新树花时间为: 74
写数据库IO花时间为: 81
编号为 19 的区块已加入本地区块链！curBlock: 
blockHeader: 
[576d992b7c8f3780e4e4a18633f3bd17751c1e74940212b01ce7f2714a15ae17 8ccfaacc870542512ef338f2fd8ad20ce926f4bed657f1da6ad0aaf0f967aad3 490d28fdd9268af0a05ec72da816b8824d9615c5c7e7fd1b91d6f98afbcb4c4f 19 1780066130]
# of transactions: 500
# of TXmig1s: 0
# of In1s: 0
# of Anns: 0
# of NSs: 0
blockHash: 
dc4845b07eda76d4102f33a18653f21bfe20f8b71095f0f803d4c924019952c0

第19个块开始准备relay

[Propose wait] S1 N0 spin=1 epoch=20 now=1780066130 InitTime=1780066090 lastpropose=1780066130 wallGap=40 need>=38 ok1=true lastGap=0 need>=2 ok2=false
[handleTxFromClient] S1 N0 recv client batch, tx_count=658
[handleTxFromClient] S1 N0 append to Tx_pool.Queue: local_queued=658 forward_other_shard=0 Queue_total_len=1516

第19个块结束relay

[Propose wait] S1 N0 spin=50 epoch=20 now=1780066131 InitTime=1780066090 lastpropose=1780066130 wallGap=41 need>=38 ok1=true lastGap=1 need>=2 ok2=false
[Propose] S1 N0 时间条件满足: epoch=20->21 now=1780066132 InitTime=1780066090 lastpropose=1780066130 wallGap=42>=38 lastGap=2>=2 → propose1
[Propose] S1 N0 等待 sequenceLock…
[Propose] S1 N0 已持有 sequenceLock，seqID=20 即将 propose1
[propose1] S1 N0 seq=20 Tx_pool.Queue_len=1731
left_count: 500
更新树花时间为: 74
写数据库IO花时间为: 103
编号为 20 的区块已加入本地区块链！curBlock: 
blockHeader: 
[dc4845b07eda76d4102f33a18653f21bfe20f8b71095f0f803d4c924019952c0 9d47caa2e27a9fb492256344eecc3148096658fb519bed13f3b9bfad8d5e6e89 30a0f6da2084758bf81d9d08c9f1b92e9bb039ffbbe60593eda26715e863a163 20 1780066132]
# of transactions: 500
# of TXmig1s: 0
# of In1s: 0
# of Anns: 0
# of NSs: 0
blockHash: 
5b16c23d22b2157ad7c7e867e6c1c6e81a60945e6303d7354d341db6fbda89ad

第20个块开始准备relay

[Propose wait] S1 N0 spin=1 epoch=21 now=1780066132 InitTime=1780066090 lastpropose=1780066132 wallGap=42 need>=40 ok1=true lastGap=0 need>=2 ok2=false
[handleTxFromClient] S1 N0 recv client batch, tx_count=169
[handleTxFromClient] S1 N0 append to Tx_pool.Queue: local_queued=169 forward_other_shard=0 Queue_total_len=1400

第20个块结束relay

[Propose wait] S1 N0 spin=50 epoch=21 now=1780066133 InitTime=1780066090 lastpropose=1780066132 wallGap=43 need>=40 ok1=true lastGap=1 need>=2 ok2=false
[Propose] S1 N0 时间条件满足: epoch=21->22 now=1780066134 InitTime=1780066090 lastpropose=1780066132 wallGap=44>=40 lastGap=2>=2 → propose1
[Propose] S1 N0 等待 sequenceLock…
[Propose] S1 N0 已持有 sequenceLock，seqID=21 即将 propose1
[propose1] S1 N0 seq=21 Tx_pool.Queue_len=1673
left_count: 500
更新树花时间为: 88
写数据库IO花时间为: 100
编号为 21 的区块已加入本地区块链！curBlock: 
blockHeader: 
[5b16c23d22b2157ad7c7e867e6c1c6e81a60945e6303d7354d341db6fbda89ad 41693399fd9e0d42196416b730204cdfa9b54a239d29dd238284d8ded6fe91bb 941554a84b81f4b37cca1a059df4e15584b464e53b069b1b57970c564dbb2e65 21 1780066134]
# of transactions: 500
# of TXmig1s: 0
# of In1s: 0
# of Anns: 0
# of NSs: 0
blockHash: 
4806c6edae0abbbc25969c9635845d3c73ac981ae20c30386bea1c100b666cf8

第21个块开始准备relay

[Propose wait] S1 N0 spin=1 epoch=22 now=1780066134 InitTime=1780066090 lastpropose=1780066134 wallGap=44 need>=42 ok1=true lastGap=0 need>=2 ok2=false
本节点已接收到client发来准备迁移通知
本节点已将 pending 发送到 client（1173 笔）
本节点已接收到客户端发送的新映射
[handleTxFromClient] S1 N0 recv client batch, tx_count=249
[handleTxFromClient] S1 N0 append to Tx_pool.Queue: local_queued=249 forward_other_shard=0 Queue_total_len=1422

第21个块结束relay

[Propose wait] S1 N0 spin=50 epoch=22 now=1780066135 InitTime=1780066090 lastpropose=1780066134 wallGap=45 need>=42 ok1=true lastGap=1 need>=2 ok2=false
[Propose] S1 N0 时间条件满足: epoch=22->23 now=1780066136 InitTime=1780066090 lastpropose=1780066134 wallGap=46>=42 lastGap=2>=2 → propose1
[Propose] S1 N0 等待 sequenceLock…
[Propose] S1 N0 已持有 sequenceLock，seqID=22 即将 propose1
[propose1] S1 N0 seq=22 Tx_pool.Queue_len=1627
left_count: 200
更新树花时间为: 52
写数据库IO花时间为: 60
编号为 22 的区块已加入本地区块链！curBlock: 
blockHeader: 
[4806c6edae0abbbc25969c9635845d3c73ac981ae20c30386bea1c100b666cf8 1b31fc589236dfc104cb4f67de1c89e0b40c8e63009a09fcd91b7482853bf7fc c56cb22e201fd0eb2ed48eed2bd8d29ad98f62b89226e8e941a2a92104df9709 22 1780066136]
# of transactions: 200
# of TXmig1s: 300
# of In1s: 0
# of Anns: 0
# of NSs: 0
blockHash: 
08cc099c68a2418d80e9eee5daffc01d2891e259b3680382eed5e5964e122820

第22个块开始准备relay

[Propose wait] S1 N0 spin=1 epoch=23 now=1780066136 InitTime=1780066090 lastpropose=1780066136 wallGap=46 need>=44 ok1=true lastGap=0 need>=2 ok2=false

第22个块结束relay

[handleTxFromClient] S1 N0 recv client batch, tx_count=166
[handleTxFromClient] S1 N0 append to Tx_pool.Queue: local_queued=166 forward_other_shard=0 Queue_total_len=1645

本节点已接收到分片S0发来的迁移请求 
10000000000000000000000114020193439296448

[Propose wait] S1 N0 spin=50 epoch=23 now=1780066137 InitTime=1780066090 lastpropose=1780066136 wallGap=47 need>=44 ok1=true lastGap=1 need>=2 ok2=false
[Propose] S1 N0 时间条件满足: epoch=23->24 now=1780066138 InitTime=1780066090 lastpropose=1780066136 wallGap=48>=44 lastGap=2>=2 → propose1
[Propose] S1 N0 等待 sequenceLock…
[Propose] S1 N0 已持有 sequenceLock，seqID=23 即将 propose1
[propose1] S1 N0 seq=23 Tx_pool.Queue_len=1645
left_count: 200
更新树花时间为: 63
写数据库IO花时间为: 70
编号为 23 的区块已加入本地区块链！curBlock: 
blockHeader: 
[08cc099c68a2418d80e9eee5daffc01d2891e259b3680382eed5e5964e122820 7e28229dce11f8bc7bf795d801b10ed371c49b9ab9b6c797f2dd590fdf62afc2 2bc974c667b70eae07a8a2051484e5840db48e36331277fcb32e1b7e82734195 23 1780066138]
# of transactions: 200
# of TXmig1s: 300
# of In1s: 0
# of Anns: 0
# of NSs: 0
blockHash: 
458a5af51cb23934d4045b19d013de9c22ebcec6deb2a3a83782cb434c0ff6e6

第23个块开始准备relay

[Propose wait] S1 N0 spin=1 epoch=24 now=1780066138 InitTime=1780066090 lastpropose=1780066138 wallGap=48 need>=46 ok1=true lastGap=0 need>=2 ok2=false

第23个块结束relay

[handleTxFromClient] S1 N0 recv client batch, tx_count=152
[handleTxFromClient] S1 N0 append to Tx_pool.Queue: local_queued=152 forward_other_shard=0 Queue_total_len=1692

本节点已接收到分片S0发来的迁移请求 
10000000000000000000000154265488088848000

本节点已接收到分片S0发来通知 
1
2
3
[Propose wait] S1 N0 spin=50 epoch=24 now=1780066139 InitTime=1780066090 lastpropose=1780066138 wallGap=49 need>=46 ok1=true lastGap=1 need>=2 ok2=false
[Propose] S1 N0 时间条件满足: epoch=24->25 now=1780066140 InitTime=1780066090 lastpropose=1780066138 wallGap=50>=46 lastGap=2>=2 → propose1
[Propose] S1 N0 等待 sequenceLock…
[Propose] S1 N0 已持有 sequenceLock，seqID=24 即将 propose1
[propose1] S1 N0 seq=24 Tx_pool.Queue_len=1692
left_count: 200
更新树花时间为: 74
写数据库IO花时间为: 97
编号为 24 的区块已加入本地区块链！curBlock: 
blockHeader: 
[458a5af51cb23934d4045b19d013de9c22ebcec6deb2a3a83782cb434c0ff6e6 a71af8e6c0468b28b2d6664f4cf4fa222c6f2e644a0273bcf15d730a2decd21b a80e2d2511bd8453a8dc7e8461e94e50ab0b0ca8ba3edfa3bdf030dce4c51367 24 1780066140]
# of transactions: 200
# of TXmig1s: 48
# of In1s: 252
# of Anns: 0
# of NSs: 0
blockHash: 
56cec46cb42b7c97d8ba42a6cd19be475530c40bc849402c3e9b0ed99eca2832

第24个块开始准备relay

[Propose wait] S1 N0 spin=1 epoch=25 now=1780066140 InitTime=1780066090 lastpropose=1780066140 wallGap=50 need>=48 ok1=true lastGap=0 need>=2 ok2=false

第24个块结束relay

[handleTxFromClient] S1 N0 recv client batch, tx_count=299
[handleTxFromClient] S1 N0 append to Tx_pool.Queue: local_queued=299 forward_other_shard=0 Queue_total_len=1613
[Propose wait] S1 N0 spin=50 epoch=25 now=1780066141 InitTime=1780066090 lastpropose=1780066140 wallGap=51 need>=48 ok1=true lastGap=1 need>=2 ok2=false
[Propose] S1 N0 时间条件满足: epoch=25->26 now=1780066142 InitTime=1780066090 lastpropose=1780066140 wallGap=52>=48 lastGap=2>=2 → propose1
[Propose] S1 N0 等待 sequenceLock…
[Propose] S1 N0 已持有 sequenceLock，seqID=25 即将 propose1
[propose1] S1 N0 seq=25 Tx_pool.Queue_len=1613
left_count: 200
更新树花时间为: 49
写数据库IO花时间为: 65
编号为 25 的区块已加入本地区块链！curBlock: 
blockHeader: 
[56cec46cb42b7c97d8ba42a6cd19be475530c40bc849402c3e9b0ed99eca2832 208d91ee5e2823645f54575a77dd4bf9a9ef6ccf9465991742fd5e95fecab75b f9a1954e868bd06f1090a4a168d187a76cf8da3396eb09af2535b068a9484fa0 25 1780066142]
# of transactions: 200
# of TXmig1s: 0
# of In1s: 176
# of Anns: 124
# of NSs: 0
blockHash: 
29419485a8bbd54c3eb67acffa0cfb7b626e1da84c243192f5ab84a759e2ecdf
handleAnns时是第25个块

handleannounce交易池操作时差为：525
handleannounce两锁时差为：525


第25个块开始准备relay

[Propose wait] S1 N0 spin=1 epoch=26 now=1780066142 InitTime=1780066090 lastpropose=1780066142 wallGap=52 need>=50 ok1=true lastGap=0 need>=2 ok2=false
时间：52236  正在向分片S0的主节点发送新
本节点已将不变的账户数量发送到client


第25个块结束relay

[handleTxFromClient] S1 N0 recv client batch, tx_count=206
[handleTxFromClient] S1 N0 append to Tx_pool.Queue: local_queued=206 forward_other_shard=0 Queue_total_len=1391
本节点已接收到分片S0发来通知 
1
2
3
本节点已接收到分片S0发来通知 
1
2
3
[Propose wait] S1 N0 spin=50 epoch=26 now=1780066143 InitTime=1780066090 lastpropose=1780066142 wallGap=53 need>=50 ok1=true lastGap=1 need>=2 ok2=false
[Propose] S1 N0 时间条件满足: epoch=26->27 now=1780066144 InitTime=1780066090 lastpropose=1780066142 wallGap=54>=50 lastGap=2>=2 → propose1
[Propose] S1 N0 等待 sequenceLock…
[Propose] S1 N0 已持有 sequenceLock，seqID=26 即将 propose1
[propose1] S1 N0 seq=26 Tx_pool.Queue_len=1391
left_count: 200
时间：1780066144219  本节点已接收到新
本节点已将迁移过来的pending交易的账户数量发送到client

更新树花时间为: 74
写数据库IO花时间为: 99
编号为 26 的区块已加入本地区块链！curBlock: 
blockHeader: 
[29419485a8bbd54c3eb67acffa0cfb7b626e1da84c243192f5ab84a759e2ecdf 676e430b14f6e231776f2f10d46aa5e42e053a8adfc1ce87c1240f07ff55d99f af69c470330e6b43b8db6d65af12fed03b9bc82b8c2640a1e5c204364cefe534 26 1780066144]
# of transactions: 200
# of TXmig1s: 0
# of In1s: 0
# of Anns: 300
# of NSs: 0
blockHash: 
03e44f14aa1d8a1f4c008f43538a3c54c949213bcad47c700edbfb76be50ab2b
handleAnns时是第26个块

handleannounce交易池操作时差为：528
handleannounce两锁时差为：1058


第26个块开始准备relay

[Propose wait] S1 N0 spin=1 epoch=27 now=1780066144 InitTime=1780066090 lastpropose=1780066144 wallGap=54 need>=52 ok1=true lastGap=0 need>=2 ok2=false
时间：54287  正在向分片S0的主节点发送新
本节点已将不变的账户数量发送到client


第26个块结束relay

[Propose wait] S1 N0 spin=50 epoch=27 now=1780066145 InitTime=1780066090 lastpropose=1780066144 wallGap=55 need>=52 ok1=true lastGap=1 need>=2 ok2=false
[Propose] S1 N0 时间条件满足: epoch=27->28 now=1780066146 InitTime=1780066090 lastpropose=1780066144 wallGap=56>=52 lastGap=2>=2 → propose1
[Propose] S1 N0 等待 sequenceLock…
[Propose] S1 N0 已持有 sequenceLock，seqID=27 即将 propose1
[propose1] S1 N0 seq=27 Tx_pool.Queue_len=1325
left_count: 276
更新树花时间为: 70
写数据库IO花时间为: 94
编号为 27 的区块已加入本地区块链！curBlock: 
blockHeader: 
[03e44f14aa1d8a1f4c008f43538a3c54c949213bcad47c700edbfb76be50ab2b 41ebda4554bcde0aa8d5e14c8b8646ed533882fe9530d955591240018d3513df 310f5b141eb5cf0fd1767386915a21df09be69b6748674f3d3dbed6e697a22b4 27 1780066146]
# of transactions: 276
# of TXmig1s: 0
# of In1s: 0
# of Anns: 224
# of NSs: 0
blockHash: 
10350e462cca439f2eeefa12e0bec1ac4ea20fbc5079bded33dd713ada55aae0
handleAnns时是第27个块

handleannounce交易池操作时差为：959
handleannounce两锁时差为：959


第27个块开始准备relay

[Propose wait] S1 N0 spin=1 epoch=28 now=1780066146 InitTime=1780066090 lastpropose=1780066146 wallGap=56 need>=54 ok1=true lastGap=0 need>=2 ok2=false
时间：56239  正在向分片S0的主节点发送新
本节点已将不变的账户数量发送到client

时间：1780066146252  本节点已接收到新
本节点已将迁移过来的pending交易的账户数量发送到client


第27个块结束relay

[Propose wait] S1 N0 spin=50 epoch=28 now=1780066147 InitTime=1780066090 lastpropose=1780066146 wallGap=57 need>=54 ok1=true lastGap=1 need>=2 ok2=false
[Propose] S1 N0 时间条件满足: epoch=28->29 now=1780066148 InitTime=1780066090 lastpropose=1780066146 wallGap=58>=54 lastGap=2>=2 → propose1
[Propose] S1 N0 等待 sequenceLock…
[Propose] S1 N0 已持有 sequenceLock，seqID=28 即将 propose1
[propose1] S1 N0 seq=28 Tx_pool.Queue_len=1266
left_count: 500
更新树花时间为: 82
写数据库IO花时间为: 90
编号为 28 的区块已加入本地区块链！curBlock: 
blockHeader: 
[10350e462cca439f2eeefa12e0bec1ac4ea20fbc5079bded33dd713ada55aae0 1d95991c982d56942268d6a647d1b38b4c790bb3609d91c81790890068d7c53f 37eecd4a427f4496ad2692dbf51738a1f1672ed81f460baca062afdb7edb9970 28 1780066148]
# of transactions: 500
# of TXmig1s: 0
# of In1s: 0
# of Anns: 0
# of NSs: 0
blockHash: 
70ceb12e1b8cda2eb94d1d9817d975a6bfef2228f61f52db34f1d4ab851b51ab

第28个块开始准备relay

[Propose wait] S1 N0 spin=1 epoch=29 now=1780066148 InitTime=1780066090 lastpropose=1780066148 wallGap=58 need>=56 ok1=true lastGap=0 need>=2 ok2=false

第28个块结束relay

[Propose wait] S1 N0 spin=50 epoch=29 now=1780066149 InitTime=1780066090 lastpropose=1780066148 wallGap=59 need>=56 ok1=true lastGap=1 need>=2 ok2=false
[Propose] S1 N0 时间条件满足: epoch=29->30 now=1780066150 InitTime=1780066090 lastpropose=1780066148 wallGap=60>=56 lastGap=2>=2 → propose1
[Propose] S1 N0 等待 sequenceLock…
[Propose] S1 N0 已持有 sequenceLock，seqID=29 即将 propose1
[propose1] S1 N0 seq=29 Tx_pool.Queue_len=896
left_count: 500
更新树花时间为: 90
写数据库IO花时间为: 105
编号为 29 的区块已加入本地区块链！curBlock: 
blockHeader: 
[70ceb12e1b8cda2eb94d1d9817d975a6bfef2228f61f52db34f1d4ab851b51ab ef4757c13b71016be0acf4a36fab820e5df58b212834130d765ef0611f1d80ae fdbbbb7a04ff12e66ac6a4a47663e4501c6effa871c6650ae709aa1a72b4567c 29 1780066150]
# of transactions: 500
# of TXmig1s: 0
# of In1s: 0
# of Anns: 0
# of NSs: 0
blockHash: 
215dc39f4c77c7e2af0d13927aab57d884ca2f902208e92501fba29a3052e9de

第29个块开始准备relay

[Propose wait] S1 N0 spin=1 epoch=30 now=1780066150 InitTime=1780066090 lastpropose=1780066150 wallGap=60 need>=58 ok1=true lastGap=0 need>=2 ok2=false

第29个块结束relay

[Propose wait] S1 N0 spin=50 epoch=30 now=1780066151 InitTime=1780066090 lastpropose=1780066150 wallGap=61 need>=58 ok1=true lastGap=1 need>=2 ok2=false
[Propose] S1 N0 时间条件满足: epoch=30->31 now=1780066152 InitTime=1780066090 lastpropose=1780066150 wallGap=62>=58 lastGap=2>=2 → propose1
[Propose] S1 N0 等待 sequenceLock…
[Propose] S1 N0 已持有 sequenceLock，seqID=30 即将 propose1
[propose1] S1 N0 seq=30 Tx_pool.Queue_len=583
left_count: 500
更新树花时间为: 67
写数据库IO花时间为: 96
编号为 30 的区块已加入本地区块链！curBlock: 
blockHeader: 
[215dc39f4c77c7e2af0d13927aab57d884ca2f902208e92501fba29a3052e9de a4cb44efef3e76310290672951d3b65f0958d8f649cde6c08364be0a8052a3ce 36c285eda404f74fed8cf489d44b6059a711116dbbd32e24428e517e6113320e 30 1780066152]
# of transactions: 500
# of TXmig1s: 0
# of In1s: 0
# of Anns: 0
# of NSs: 0
blockHash: 
92908cb48d136e3d1f92861a9610d14ab670339c7dceeb149e312fc073956de7

第30个块开始准备relay

[Propose wait] S1 N0 spin=1 epoch=31 now=1780066152 InitTime=1780066090 lastpropose=1780066152 wallGap=62 need>=60 ok1=true lastGap=0 need>=2 ok2=false

第30个块结束relay

[Propose wait] S1 N0 spin=50 epoch=31 now=1780066153 InitTime=1780066090 lastpropose=1780066152 wallGap=63 need>=60 ok1=true lastGap=1 need>=2 ok2=false
[Propose] S1 N0 时间条件满足: epoch=31->32 now=1780066154 InitTime=1780066090 lastpropose=1780066152 wallGap=64>=60 lastGap=2>=2 → propose1
[Propose] S1 N0 等待 sequenceLock…
[Propose] S1 N0 已持有 sequenceLock，seqID=31 即将 propose1
[propose1] S1 N0 seq=31 Tx_pool.Queue_len=285
left_count: 500
更新树花时间为: 32
写数据库IO花时间为: 38
编号为 31 的区块已加入本地区块链！curBlock: 
blockHeader: 
[92908cb48d136e3d1f92861a9610d14ab670339c7dceeb149e312fc073956de7 c56493075e097eabb1c10aa722d85011998ce85d79c996c89f1431098e7ac120 ffa2ec5bb8f9a80a9aa2238f8336d08e843bb51ad87e934d1aba0fa25db7dab0 31 1780066154]
# of transactions: 285
# of TXmig1s: 0
# of In1s: 0
# of Anns: 0
# of NSs: 0
blockHash: 
e980c390e051b201744502cba15d077692d2c7416a299e13ddeb548bdf263382
[Propose wait] S1 N0 spin=1 epoch=32 now=1780066154 InitTime=1780066090 lastpropose=1780066154 wallGap=64 need>=62 ok1=true lastGap=0 need>=2 ok2=false
[Propose wait] S1 N0 spin=50 epoch=32 now=1780066155 InitTime=1780066090 lastpropose=1780066154 wallGap=65 need>=62 ok1=true lastGap=1 need>=2 ok2=false
[Propose] S1 N0 时间条件满足: epoch=32->33 now=1780066156 InitTime=1780066090 lastpropose=1780066154 wallGap=66>=62 lastGap=2>=2 → propose1
[Propose] S1 N0 等待 sequenceLock…
[Propose] S1 N0 已持有 sequenceLock，seqID=32 即将 propose1
[propose1] S1 N0 seq=32 Tx_pool.Queue_len=186
left_count: 500
更新树花时间为: 11
写数据库IO花时间为: 16
编号为 32 的区块已加入本地区块链！curBlock: 
blockHeader: 
[e980c390e051b201744502cba15d077692d2c7416a299e13ddeb548bdf263382 09dd3b7265e6ec83f9be7a1661910e131a8de911912fffb1ab341ea2e1d557eb 8c962b9470e289d693459f19085dae664eeaf63cca0a27d141fe3e2423db89bc 32 1780066156]
# of transactions: 186
# of TXmig1s: 0
# of In1s: 0
# of Anns: 0
# of NSs: 0
blockHash: 
8072bda1292442789fe8c5c5254ea2e13177a1328ac7c6de620c64a77a049a94
[Propose wait] S1 N0 spin=1 epoch=33 now=1780066156 InitTime=1780066090 lastpropose=1780066156 wallGap=66 need>=64 ok1=true lastGap=0 need>=2 ok2=false
[Propose wait] S1 N0 spin=50 epoch=33 now=1780066157 InitTime=1780066090 lastpropose=1780066156 wallGap=67 need>=64 ok1=true lastGap=1 need>=2 ok2=false
[Propose] S1 N0 时间条件满足: epoch=33->34 now=1780066158 InitTime=1780066090 lastpropose=1780066156 wallGap=68>=64 lastGap=2>=2 → propose1
[Propose] S1 N0 等待 sequenceLock…
[Propose] S1 N0 已持有 sequenceLock，seqID=33 即将 propose1
[propose1] S1 N0 seq=33 Tx_pool.Queue_len=168
left_count: 500
更新树花时间为: 14
写数据库IO花时间为: 20
编号为 33 的区块已加入本地区块链！curBlock: 
blockHeader: 
[8072bda1292442789fe8c5c5254ea2e13177a1328ac7c6de620c64a77a049a94 a85a9d0583859916195eb8d299e16eaaaaf8989b5743794591170554e760ecf9 a1e555e355fe6d1d2c68ba8a2bf0c56595d6ebe91909e705244cd12db5aed925 33 1780066158]
# of transactions: 168
# of TXmig1s: 0
# of In1s: 0
# of Anns: 0
# of NSs: 0
blockHash: 
fbb2116abd8b552bacde4fb2b349ca564143fb242a2afcd13b1c6758be614056
[Propose wait] S1 N0 spin=1 epoch=34 now=1780066158 InitTime=1780066090 lastpropose=1780066158 wallGap=68 need>=66 ok1=true lastGap=0 need>=2 ok2=false
[Propose wait] S1 N0 spin=50 epoch=34 now=1780066159 InitTime=1780066090 lastpropose=1780066158 wallGap=69 need>=66 ok1=true lastGap=1 need>=2 ok2=false
[Propose] S1 N0 时间条件满足: epoch=34->35 now=1780066160 InitTime=1780066090 lastpropose=1780066158 wallGap=70>=66 lastGap=2>=2 → propose1
[Propose] S1 N0 等待 sequenceLock…
[Propose] S1 N0 已持有 sequenceLock，seqID=34 即将 propose1
[propose1] S1 N0 seq=34 Tx_pool.Queue_len=133
left_count: 500
更新树花时间为: 12
写数据库IO花时间为: 40
编号为 34 的区块已加入本地区块链！curBlock: 
blockHeader: 
[fbb2116abd8b552bacde4fb2b349ca564143fb242a2afcd13b1c6758be614056 e9a90ed62fb7c30cc909286d8728b643836a814023e78bc7bd356788bfef50fc ff202b47680b6366ad5faef79df0cfe0cfe180dfc8400f71ea641c8e658874e1 34 1780066160]
# of transactions: 133
# of TXmig1s: 0
# of In1s: 0
# of Anns: 0
# of NSs: 0
blockHash: 
2ab224f01a951c4d77f35241abb60f0bdaa69b6b90b9c4707bf0dbd11b8fb3a5
[Propose wait] S1 N0 spin=1 epoch=35 now=1780066160 InitTime=1780066090 lastpropose=1780066160 wallGap=70 need>=68 ok1=true lastGap=0 need>=2 ok2=false
[Propose wait] S1 N0 spin=50 epoch=35 now=1780066161 InitTime=1780066090 lastpropose=1780066160 wallGap=71 need>=68 ok1=true lastGap=1 need>=2 ok2=false
[Propose] S1 N0 时间条件满足: epoch=35->36 now=1780066162 InitTime=1780066090 lastpropose=1780066160 wallGap=72>=68 lastGap=2>=2 → propose1
[Propose] S1 N0 等待 sequenceLock…
[Propose] S1 N0 已持有 sequenceLock，seqID=35 即将 propose1
[propose1] S1 N0 seq=35 Tx_pool.Queue_len=144
left_count: 500
更新树花时间为: 18
写数据库IO花时间为: 25
编号为 35 的区块已加入本地区块链！curBlock: 
blockHeader: 
[2ab224f01a951c4d77f35241abb60f0bdaa69b6b90b9c4707bf0dbd11b8fb3a5 904addb4c2946b15d52342f96133042de14a48f2ae66b9fb41af18bb16968935 c0911fc2dc653bda65ec150b395487e4813c8f7282974a8222a04279c92c8a48 35 1780066162]
# of transactions: 144
# of TXmig1s: 0
# of In1s: 0
# of Anns: 0
# of NSs: 0
blockHash: 
9b32499e8956138e7d5d8633f0bd3d66d12a54e66ddfcbb0b22a4267921bace4
[Propose wait] S1 N0 spin=1 epoch=36 now=1780066162 InitTime=1780066090 lastpropose=1780066162 wallGap=72 need>=70 ok1=true lastGap=0 need>=2 ok2=false
[Propose wait] S1 N0 spin=50 epoch=36 now=1780066163 InitTime=1780066090 lastpropose=1780066162 wallGap=73 need>=70 ok1=true lastGap=1 need>=2 ok2=false
[Propose] S1 N0 时间条件满足: epoch=36->37 now=1780066164 InitTime=1780066090 lastpropose=1780066162 wallGap=74>=70 lastGap=2>=2 → propose1
[Propose] S1 N0 等待 sequenceLock…
[Propose] S1 N0 已持有 sequenceLock，seqID=36 即将 propose1
[propose1] S1 N0 seq=36 Tx_pool.Queue_len=79
left_count: 500
更新树花时间为: 8
写数据库IO花时间为: 18
编号为 36 的区块已加入本地区块链！curBlock: 
blockHeader: 
[9b32499e8956138e7d5d8633f0bd3d66d12a54e66ddfcbb0b22a4267921bace4 aafcb3dfc20cb7a83cfc7eb6a4e523f38a8f713f5bd22293e06f127aba9cfd44 af1acd999c522025f0e6a3b1692bc360a0fefc1a60e5d8b07237c9a79effe4a1 36 1780066164]
# of transactions: 79
# of TXmig1s: 0
# of In1s: 0
# of Anns: 0
# of NSs: 0
blockHash: 
3682a389824339687ba80c414b42fc51fbc9d7a4675e70d0cd13343a217d42f0
[Propose wait] S1 N0 spin=1 epoch=37 now=1780066164 InitTime=1780066090 lastpropose=1780066164 wallGap=74 need>=72 ok1=true lastGap=0 need>=2 ok2=false
[Propose wait] S1 N0 spin=50 epoch=37 now=1780066165 InitTime=1780066090 lastpropose=1780066164 wallGap=75 need>=72 ok1=true lastGap=1 need>=2 ok2=false
[Propose] S1 N0 时间条件满足: epoch=37->38 now=1780066166 InitTime=1780066090 lastpropose=1780066164 wallGap=76>=72 lastGap=2>=2 → propose1
[Propose] S1 N0 等待 sequenceLock…
[Propose] S1 N0 已持有 sequenceLock，seqID=37 即将 propose1
[propose1] S1 N0 seq=37 Tx_pool.Queue_len=11
left_count: 500
更新树花时间为: 2
写数据库IO花时间为: 9
编号为 37 的区块已加入本地区块链！curBlock: 
blockHeader: 
[3682a389824339687ba80c414b42fc51fbc9d7a4675e70d0cd13343a217d42f0 ce4791e419aec7bdd73f1f15a9613b7d6f3822d1d2371e62f6bdbe8199bdaf66 856c0909446d16b7f009b64bdf3b0d265d596b410e2138d1daa19756de6a6c07 37 1780066166]
# of transactions: 11
# of TXmig1s: 0
# of In1s: 0
# of Anns: 0
# of NSs: 0
blockHash: 
ef81256163c460f788eea6715e4911c20a37a599dfc70275b6d0eb79ec63656d
[Propose wait] S1 N0 spin=1 epoch=38 now=1780066166 InitTime=1780066090 lastpropose=1780066166 wallGap=76 need>=74 ok1=true lastGap=0 need>=2 ok2=false
[Propose wait] S1 N0 spin=50 epoch=38 now=1780066167 InitTime=1780066090 lastpropose=1780066166 wallGap=77 need>=74 ok1=true lastGap=1 need>=2 ok2=false
[Propose] S1 N0 时间条件满足: epoch=38->39 now=1780066168 InitTime=1780066090 lastpropose=1780066166 wallGap=78>=74 lastGap=2>=2 → propose1
[Propose] S1 N0 等待 sequenceLock…
[Propose] S1 N0 已持有 sequenceLock，seqID=38 即将 propose1
[propose1] S1 N0 seq=38 Tx_pool.Queue_len=0
left_count: 500
更新树花时间为: 0
写数据库IO花时间为: 20
编号为 38 的区块已加入本地区块链！curBlock: 
blockHeader: 
[ef81256163c460f788eea6715e4911c20a37a599dfc70275b6d0eb79ec63656d ce4791e419aec7bdd73f1f15a9613b7d6f3822d1d2371e62f6bdbe8199bdaf66 56e81f171bcc55a6ff8345e692c0f86e5b48e01b996cadc001622fb5e363b421 38 1780066168]
# of transactions: 0
# of TXmig1s: 0
# of In1s: 0
# of Anns: 0
# of NSs: 0
blockHash: 
66d286e6f62fd057ba58e77dd697c646307266073d9cd3b54ce4df213aa69204
[Propose wait] S1 N0 spin=1 epoch=39 now=1780066168 InitTime=1780066090 lastpropose=1780066168 wallGap=78 need>=76 ok1=true lastGap=0 need>=2 ok2=false
[Propose wait] S1 N0 spin=50 epoch=39 now=1780066169 InitTime=1780066090 lastpropose=1780066168 wallGap=79 need>=76 ok1=true lastGap=1 need>=2 ok2=false
[Propose] S1 N0 时间条件满足: epoch=39->40 now=1780066170 InitTime=1780066090 lastpropose=1780066168 wallGap=80>=76 lastGap=2>=2 → propose1
[Propose] S1 N0 等待 sequenceLock…
[Propose] S1 N0 已持有 sequenceLock，seqID=39 即将 propose1
[propose1] S1 N0 seq=39 Tx_pool.Queue_len=0
left_count: 500
更新树花时间为: 0
写数据库IO花时间为: 12
编号为 39 的区块已加入本地区块链！curBlock: 
blockHeader: 
[66d286e6f62fd057ba58e77dd697c646307266073d9cd3b54ce4df213aa69204 ce4791e419aec7bdd73f1f15a9613b7d6f3822d1d2371e62f6bdbe8199bdaf66 56e81f171bcc55a6ff8345e692c0f86e5b48e01b996cadc001622fb5e363b421 39 1780066170]
# of transactions: 0
# of TXmig1s: 0
# of In1s: 0
# of Anns: 0
# of NSs: 0
blockHash: 
118e072b6b7d50d7c2e16efac71dd74b8250b934de36704ef22899158e609ad3
[Propose wait] S1 N0 spin=1 epoch=40 now=1780066170 InitTime=1780066090 lastpropose=1780066170 wallGap=80 need>=78 ok1=true lastGap=0 need>=2 ok2=false
[Propose wait] S1 N0 spin=50 epoch=40 now=1780066171 InitTime=1780066090 lastpropose=1780066170 wallGap=81 need>=78 ok1=true lastGap=1 need>=2 ok2=false
[Propose] S1 N0 时间条件满足: epoch=40->41 now=1780066172 InitTime=1780066090 lastpropose=1780066170 wallGap=82>=78 lastGap=2>=2 → propose1
[Propose] S1 N0 等待 sequenceLock…
[Propose] S1 N0 已持有 sequenceLock，seqID=40 即将 propose1
[propose1] S1 N0 seq=40 Tx_pool.Queue_len=0
left_count: 500
更新树花时间为: 0
写数据库IO花时间为: 17
编号为 40 的区块已加入本地区块链！curBlock: 
blockHeader: 
[118e072b6b7d50d7c2e16efac71dd74b8250b934de36704ef22899158e609ad3 ce4791e419aec7bdd73f1f15a9613b7d6f3822d1d2371e62f6bdbe8199bdaf66 56e81f171bcc55a6ff8345e692c0f86e5b48e01b996cadc001622fb5e363b421 40 1780066172]
# of transactions: 0
# of TXmig1s: 0
# of In1s: 0
# of Anns: 0
# of NSs: 0
blockHash: 
753d5bfa99d6f8ea6046006e0673a0be3b33268027398d68158e9c8f357d20a4
[Propose wait] S1 N0 spin=1 epoch=41 now=1780066172 InitTime=1780066090 lastpropose=1780066172 wallGap=82 need>=80 ok1=true lastGap=0 need>=2 ok2=false
[Propose wait] S1 N0 spin=50 epoch=41 now=1780066173 InitTime=1780066090 lastpropose=1780066172 wallGap=83 need>=80 ok1=true lastGap=1 need>=2 ok2=false
[Propose] S1 N0 时间条件满足: epoch=41->42 now=1780066174 InitTime=1780066090 lastpropose=1780066172 wallGap=84>=80 lastGap=2>=2 → propose1
[Propose] S1 N0 等待 sequenceLock…
[Propose] S1 N0 已持有 sequenceLock，seqID=41 即将 propose1
[propose1] S1 N0 seq=41 Tx_pool.Queue_len=0
left_count: 500
更新树花时间为: 0
写数据库IO花时间为: 14
编号为 41 的区块已加入本地区块链！curBlock: 
blockHeader: 
[753d5bfa99d6f8ea6046006e0673a0be3b33268027398d68158e9c8f357d20a4 ce4791e419aec7bdd73f1f15a9613b7d6f3822d1d2371e62f6bdbe8199bdaf66 56e81f171bcc55a6ff8345e692c0f86e5b48e01b996cadc001622fb5e363b421 41 1780066174]
# of transactions: 0
# of TXmig1s: 0
# of In1s: 0
# of Anns: 0
# of NSs: 0
blockHash: 
2cc0b11db6305048515ded912c441143dd1f3f8721d8326cdb0097f1d6cbd6f9
[Propose wait] S1 N0 spin=1 epoch=42 now=1780066174 InitTime=1780066090 lastpropose=1780066174 wallGap=84 need>=82 ok1=true lastGap=0 need>=2 ok2=false
[Propose wait] S1 N0 spin=50 epoch=42 now=1780066175 InitTime=1780066090 lastpropose=1780066174 wallGap=85 need>=82 ok1=true lastGap=1 need>=2 ok2=false
[Propose] S1 N0 时间条件满足: epoch=42->43 now=1780066176 InitTime=1780066090 lastpropose=1780066174 wallGap=86>=82 lastGap=2>=2 → propose1
[Propose] S1 N0 等待 sequenceLock…
[Propose] S1 N0 已持有 sequenceLock，seqID=42 即将 propose1
[propose1] S1 N0 seq=42 Tx_pool.Queue_len=0
left_count: 500
更新树花时间为: 1
写数据库IO花时间为: 14
编号为 42 的区块已加入本地区块链！curBlock: 
blockHeader: 
[2cc0b11db6305048515ded912c441143dd1f3f8721d8326cdb0097f1d6cbd6f9 ce4791e419aec7bdd73f1f15a9613b7d6f3822d1d2371e62f6bdbe8199bdaf66 56e81f171bcc55a6ff8345e692c0f86e5b48e01b996cadc001622fb5e363b421 42 1780066176]
# of transactions: 0
# of TXmig1s: 0
# of In1s: 0
# of Anns: 0
# of NSs: 0
blockHash: 
b13d43737a56121c20ec52e68f89c3debfaea36f9f55ce1c67e2d632bb9f106b
[Propose wait] S1 N0 spin=1 epoch=43 now=1780066176 InitTime=1780066090 lastpropose=1780066176 wallGap=86 need>=84 ok1=true lastGap=0 need>=2 ok2=false
节点收到终止节点消息，停止运行
