MigrationStrategy=SOTA-Lock (Stop=false Lock=true NotLock=false)
&{77 N0 S0 2 0 D:\Desktop\实验室\MVSS+\MVSS-main\selectedTxs_300K.csv 2 500 300 150 150 150 150 1000 10 1 400 20000 0 50000 20 true SOTA-Lock false true false false true false 3 false 8 false false false PageRank false 100 true false}
&{77 N0 S0 2 0 D:\Desktop\实验室\MVSS+\MVSS-main\selectedTxs_300K.csv 2 500 300 150 150 150 150 1000 10 1 400 20000 0 50000 20 true SOTA-Lock false true false false true false 3 false 8 false false false PageRank false 100 true false}
交易将由外部客户端发送
节点 N0 已启动，所属分片: S0
[Propose wait-first-tx] S0 N0 seq=1 Queue_len=0，首块等待交易注入后再出块
节点开启监听，地址：127.0.0.1:8010
[Propose wait-first-tx] S0 N0 seq=1 Queue_len=0，首块等待交易注入后再出块
[Propose wait-first-tx] S0 N0 seq=1 Queue_len=0，首块等待交易注入后再出块
[Propose wait-first-tx] S0 N0 seq=1 Queue_len=0，首块等待交易注入后再出块
[Propose wait-first-tx] S0 N0 seq=1 Queue_len=0，首块等待交易注入后再出块
[Propose wait-first-tx] S0 N0 seq=1 Queue_len=0，首块等待交易注入后再出块
[Propose wait-first-tx] S0 N0 seq=1 Queue_len=0，首块等待交易注入后再出块
[Propose wait-first-tx] S0 N0 seq=1 Queue_len=0，首块等待交易注入后再出块
[Propose wait-first-tx] S0 N0 seq=1 Queue_len=0，首块等待交易注入后再出块
[Propose wait-first-tx] S0 N0 seq=1 Queue_len=0，首块等待交易注入后再出块
[Propose wait-first-tx] S0 N0 seq=1 Queue_len=0，首块等待交易注入后再出块
[Propose wait-first-tx] S0 N0 seq=1 Queue_len=0，首块等待交易注入后再出块
[Propose wait-first-tx] S0 N0 seq=1 Queue_len=0，首块等待交易注入后再出块
[Propose wait-first-tx] S0 N0 seq=1 Queue_len=0，首块等待交易注入后再出块
[Propose wait-first-tx] S0 N0 seq=1 Queue_len=0，首块等待交易注入后再出块
[Propose wait-first-tx] S0 N0 seq=1 Queue_len=0，首块等待交易注入后再出块
[Propose wait-first-tx] S0 N0 seq=1 Queue_len=0，首块等待交易注入后再出块
[Propose wait-first-tx] S0 N0 seq=1 Queue_len=0，首块等待交易注入后再出块
本节点已接收到客户端发送的初始时间：1780066090（锚定 InitTime=1780066090，已重置 epoch=1）
[Propose wait-first-tx] S0 N0 seq=1 Queue_len=0，首块等待交易注入后再出块
[Propose wait-first-tx] S0 N0 seq=1 Queue_len=0，首块等待交易注入后再出块
[Propose wait-first-tx] S0 N0 seq=1 Queue_len=0，首块等待交易注入后再出块
[handleTxFromClient] S0 N0 recv client batch, tx_count=608
[handleTxFromClient] S0 N0 append to Tx_pool.Queue: local_queued=608 forward_other_shard=0 Queue_total_len=608
[Propose wait-first-tx] S0 N0 首块已检测到交易，结束等待，Queue_len=608
[Propose] S0 N0 时间条件满足: epoch=1->2 now=1780066094 InitTime=1780066090 lastpropose=1780066090 wallGap=4>=0 lastGap=4>=2 → propose1
[Propose] S0 N0 等待 sequenceLock…
[Propose] S0 N0 已持有 sequenceLock，seqID=1 即将 propose1
[propose1] S0 N0 seq=1 Tx_pool.Queue_len=608
left_count: 500
更新树花时间为: 78
写数据库IO花时间为: 85
编号为 1 的区块已加入本地区块链！curBlock: 
blockHeader: 
[1add38160db0458a48072f3ade543ffb4af4e9cfdf8f76549b9568e046a6a3ff 4d30c976a31b53ba6544c7502ea7bbabf46d7d262d3c778164c9cb8b6a24dcb5 2b3e0efe43b467ba224d52e4a26440dcae7226742c730dba8159688438d375f2 1 1780066094]
# of transactions: 500
# of TXmig1s: 0
# of In1s: 0
# of Anns: 0
# of NSs: 0
blockHash: 
14d9725fb10f94b9083743c2aa7aae7f0062929071fa13134f56f345fe7d87be

第1个块开始准备relay

[Propose wait] S0 N0 spin=1 epoch=2 now=1780066094 InitTime=1780066090 lastpropose=1780066094 wallGap=4 need>=2 ok1=true lastGap=0 need>=2 ok2=false

第1个块结束relay

[Propose wait] S0 N0 spin=50 epoch=2 now=1780066095 InitTime=1780066090 lastpropose=1780066094 wallGap=5 need>=2 ok1=true lastGap=1 need>=2 ok2=false
[Propose] S0 N0 时间条件满足: epoch=2->3 now=1780066096 InitTime=1780066090 lastpropose=1780066094 wallGap=6>=2 lastGap=2>=2 → propose1
[Propose] S0 N0 等待 sequenceLock…
[Propose] S0 N0 已持有 sequenceLock，seqID=2 即将 propose1
[propose1] S0 N0 seq=2 Tx_pool.Queue_len=185
left_count: 500
[handleTxFromClient] S0 N0 recv client batch, tx_count=647
[handleTxFromClient] S0 N0 append to Tx_pool.Queue: local_queued=647 forward_other_shard=0 Queue_total_len=647
更新树花时间为: 26
写数据库IO花时间为: 52
编号为 2 的区块已加入本地区块链！curBlock: 
blockHeader: 
[14d9725fb10f94b9083743c2aa7aae7f0062929071fa13134f56f345fe7d87be 25c69d89b204ca6a78ac919cc9c26e6f5148147d07a4ec10fd3acfe0061f450b 2f52564ad30cd11f57d664d86d27d8030d8d9f115d039887afc5fa7df322886a 2 1780066096]
# of transactions: 185
# of TXmig1s: 0
# of In1s: 0
# of Anns: 0
# of NSs: 0
blockHash: 
7b9e362b724be6bb85975f1cb0575dbd93a1fbb236bfa309c098f36f6be4632b

第2个块开始准备relay

[Propose wait] S0 N0 spin=1 epoch=3 now=1780066096 InitTime=1780066090 lastpropose=1780066096 wallGap=6 need>=4 ok1=true lastGap=0 need>=2 ok2=false

第2个块结束relay

[Propose wait] S0 N0 spin=50 epoch=3 now=1780066097 InitTime=1780066090 lastpropose=1780066096 wallGap=7 need>=4 ok1=true lastGap=1 need>=2 ok2=false
[Propose] S0 N0 时间条件满足: epoch=3->4 now=1780066098 InitTime=1780066090 lastpropose=1780066096 wallGap=8>=4 lastGap=2>=2 → propose1
[Propose] S0 N0 等待 sequenceLock…
[Propose] S0 N0 已持有 sequenceLock，seqID=3 即将 propose1
[propose1] S0 N0 seq=3 Tx_pool.Queue_len=647
left_count: 500
[handleTxFromClient] S0 N0 recv client batch, tx_count=655
[handleTxFromClient] S0 N0 append to Tx_pool.Queue: local_queued=655 forward_other_shard=0 Queue_total_len=802
更新树花时间为: 74
写数据库IO花时间为: 81
编号为 3 的区块已加入本地区块链！curBlock: 
blockHeader: 
[7b9e362b724be6bb85975f1cb0575dbd93a1fbb236bfa309c098f36f6be4632b 342a7b67c8bf7bbcdea2176e0627c7e87c26e6cf048a24716842ddcdd520271d bf4ce56ae2230a8fd9fb3d8c223e12f009715230c6bc0079706650d6068e86e3 3 1780066098]
# of transactions: 500
# of TXmig1s: 0
# of In1s: 0
# of Anns: 0
# of NSs: 0
blockHash: 
cc5bbb9aed431b3d356b28bfb716e210768385a044ed15a9ddbb338c459e5cf7

第3个块开始准备relay

[Propose wait] S0 N0 spin=1 epoch=4 now=1780066098 InitTime=1780066090 lastpropose=1780066098 wallGap=8 need>=6 ok1=true lastGap=0 need>=2 ok2=false

第3个块结束relay

[Propose wait] S0 N0 spin=50 epoch=4 now=1780066099 InitTime=1780066090 lastpropose=1780066098 wallGap=9 need>=6 ok1=true lastGap=1 need>=2 ok2=false
[Propose] S0 N0 时间条件满足: epoch=4->5 now=1780066100 InitTime=1780066090 lastpropose=1780066098 wallGap=10>=6 lastGap=2>=2 → propose1
[Propose] S0 N0 等待 sequenceLock…
[Propose] S0 N0 已持有 sequenceLock，seqID=4 即将 propose1
[propose1] S0 N0 seq=4 Tx_pool.Queue_len=876
left_count: 500
[handleTxFromClient] S0 N0 recv client batch, tx_count=560
[handleTxFromClient] S0 N0 append to Tx_pool.Queue: local_queued=560 forward_other_shard=0 Queue_total_len=936
更新树花时间为: 78
写数据库IO花时间为: 85
编号为 4 的区块已加入本地区块链！curBlock: 
blockHeader: 
[cc5bbb9aed431b3d356b28bfb716e210768385a044ed15a9ddbb338c459e5cf7 71854c5ec60d848fbd29043d9978b865dd74e39f4410a5d49d378c8ee21d0ec2 f439b64b5531f9b09e4dc4b03b0b9e7f4bfc5f7675e99727ace40b7bc7ae820c 4 1780066100]
# of transactions: 500
# of TXmig1s: 0
# of In1s: 0
# of Anns: 0
# of NSs: 0
blockHash: 
6b554736a803dcd21e6e087901df9f8c3b80808d2b3efb947f5851f41cc445a2

第4个块开始准备relay

[Propose wait] S0 N0 spin=1 epoch=5 now=1780066100 InitTime=1780066090 lastpropose=1780066100 wallGap=10 need>=8 ok1=true lastGap=0 need>=2 ok2=false

第4个块结束relay

[Propose wait] S0 N0 spin=50 epoch=5 now=1780066101 InitTime=1780066090 lastpropose=1780066100 wallGap=11 need>=8 ok1=true lastGap=1 need>=2 ok2=false
[Propose] S0 N0 时间条件满足: epoch=5->6 now=1780066102 InitTime=1780066090 lastpropose=1780066100 wallGap=12>=8 lastGap=2>=2 → propose1
[Propose] S0 N0 等待 sequenceLock…
[Propose] S0 N0 已持有 sequenceLock，seqID=5 即将 propose1
[propose1] S0 N0 seq=5 Tx_pool.Queue_len=995
left_count: 500
[handleTxFromClient] S0 N0 recv client batch, tx_count=658
[handleTxFromClient] S0 N0 append to Tx_pool.Queue: local_queued=658 forward_other_shard=0 Queue_total_len=1153
更新树花时间为: 65
写数据库IO花时间为: 72
编号为 5 的区块已加入本地区块链！curBlock: 
blockHeader: 
[6b554736a803dcd21e6e087901df9f8c3b80808d2b3efb947f5851f41cc445a2 753a1c91aa49a0fa3def86de111919ba4fae1ffdfeee30a0ec6b39bc654a08b1 81746d90712bfcf489f71ebbbee653c80549dd9cf1a34cc293701c6810bbd539 5 1780066102]
# of transactions: 500
# of TXmig1s: 0
# of In1s: 0
# of Anns: 0
# of NSs: 0
blockHash: 
16c5274edaa0b4feda1bfad3b5d90e0c580855c590160e4ec6fe82c2fee6b068

第5个块开始准备relay

[Propose wait] S0 N0 spin=1 epoch=6 now=1780066102 InitTime=1780066090 lastpropose=1780066102 wallGap=12 need>=10 ok1=true lastGap=0 need>=2 ok2=false

第5个块结束relay

[Propose wait] S0 N0 spin=50 epoch=6 now=1780066103 InitTime=1780066090 lastpropose=1780066102 wallGap=13 need>=10 ok1=true lastGap=1 need>=2 ok2=false
[Propose] S0 N0 时间条件满足: epoch=6->7 now=1780066104 InitTime=1780066090 lastpropose=1780066102 wallGap=14>=10 lastGap=2>=2 → propose1
[Propose] S0 N0 等待 sequenceLock…
[Propose] S0 N0 已持有 sequenceLock，seqID=6 即将 propose1
[propose1] S0 N0 seq=6 Tx_pool.Queue_len=1280
left_count: 500
[handleTxFromClient] S0 N0 recv client batch, tx_count=635
[handleTxFromClient] S0 N0 append to Tx_pool.Queue: local_queued=635 forward_other_shard=0 Queue_total_len=1415
更新树花时间为: 74
写数据库IO花时间为: 82
编号为 6 的区块已加入本地区块链！curBlock: 
blockHeader: 
[16c5274edaa0b4feda1bfad3b5d90e0c580855c590160e4ec6fe82c2fee6b068 745acf6dc4afd5614e11ce3efacee348bf821effb836308bf06692b2cd341c43 d5ef217a6926c44b2b22c126943ab467d5e76790485e65f5de5cc25f00dc31e0 6 1780066104]
# of transactions: 500
# of TXmig1s: 0
# of In1s: 0
# of Anns: 0
# of NSs: 0
blockHash: 
6febda5264b2eeed65cb999d02b75d27e56a1ea73fd0f4593694f7cd7035e265

第6个块开始准备relay

[Propose wait] S0 N0 spin=1 epoch=7 now=1780066104 InitTime=1780066090 lastpropose=1780066104 wallGap=14 need>=12 ok1=true lastGap=0 need>=2 ok2=false

第6个块结束relay

[Propose wait] S0 N0 spin=50 epoch=7 now=1780066105 InitTime=1780066090 lastpropose=1780066104 wallGap=15 need>=12 ok1=true lastGap=1 need>=2 ok2=false
[Propose] S0 N0 时间条件满足: epoch=7->8 now=1780066106 InitTime=1780066090 lastpropose=1780066104 wallGap=16>=12 lastGap=2>=2 → propose1
[Propose] S0 N0 等待 sequenceLock…
[Propose] S0 N0 已持有 sequenceLock，seqID=7 即将 propose1
[propose1] S0 N0 seq=7 Tx_pool.Queue_len=1479
left_count: 500
[handleTxFromClient] S0 N0 recv client batch, tx_count=437
[handleTxFromClient] S0 N0 append to Tx_pool.Queue: local_queued=437 forward_other_shard=0 Queue_total_len=1416
更新树花时间为: 83
写数据库IO花时间为: 91
编号为 7 的区块已加入本地区块链！curBlock: 
blockHeader: 
[6febda5264b2eeed65cb999d02b75d27e56a1ea73fd0f4593694f7cd7035e265 3de5fbbcd93677b118b3fd6abd08401ea912400493f9d7a294cc81a857b7c967 a9546acc88b77e19b812139b3fca580f1c35eb3c9fdd68be00614636e6934354 7 1780066106]
# of transactions: 500
# of TXmig1s: 0
# of In1s: 0
# of Anns: 0
# of NSs: 0
blockHash: 
d8721301643c379443484128b42f01db3e192f6995a5b6789ae1fa0e639b61b5

第7个块开始准备relay

[Propose wait] S0 N0 spin=1 epoch=8 now=1780066106 InitTime=1780066090 lastpropose=1780066106 wallGap=16 need>=14 ok1=true lastGap=0 need>=2 ok2=false

第7个块结束relay

[Propose wait] S0 N0 spin=50 epoch=8 now=1780066107 InitTime=1780066090 lastpropose=1780066106 wallGap=17 need>=14 ok1=true lastGap=1 need>=2 ok2=false
[Propose] S0 N0 时间条件满足: epoch=8->9 now=1780066108 InitTime=1780066090 lastpropose=1780066106 wallGap=18>=14 lastGap=2>=2 → propose1
[Propose] S0 N0 等待 sequenceLock…
[Propose] S0 N0 已持有 sequenceLock，seqID=8 即将 propose1
[propose1] S0 N0 seq=8 Tx_pool.Queue_len=1479
left_count: 500
[handleTxFromClient] S0 N0 recv client batch, tx_count=580
[handleTxFromClient] S0 N0 append to Tx_pool.Queue: local_queued=580 forward_other_shard=0 Queue_total_len=1559
更新树花时间为: 73
写数据库IO花时间为: 80
编号为 8 的区块已加入本地区块链！curBlock: 
blockHeader: 
[d8721301643c379443484128b42f01db3e192f6995a5b6789ae1fa0e639b61b5 fa4251d4cefec52ec2c584f9c321707cc19d6cda1c17b2e17cb4c99e46520cc6 3abcbac3ef050b0873cf05cb932baa4b970a9fde725cded4f0e46ef3101009fc 8 1780066108]
# of transactions: 500
# of TXmig1s: 0
# of In1s: 0
# of Anns: 0
# of NSs: 0
blockHash: 
ace4fd6106966beee1111b7801a5fb10cd348df4297675966a9625b19ce21b80

第8个块开始准备relay

[Propose wait] S0 N0 spin=1 epoch=9 now=1780066108 InitTime=1780066090 lastpropose=1780066108 wallGap=18 need>=16 ok1=true lastGap=0 need>=2 ok2=false

第8个块结束relay

[Propose wait] S0 N0 spin=50 epoch=9 now=1780066109 InitTime=1780066090 lastpropose=1780066108 wallGap=19 need>=16 ok1=true lastGap=1 need>=2 ok2=false
[Propose] S0 N0 时间条件满足: epoch=9->10 now=1780066110 InitTime=1780066090 lastpropose=1780066108 wallGap=20>=16 lastGap=2>=2 → propose1
[Propose] S0 N0 等待 sequenceLock…
[Propose] S0 N0 已持有 sequenceLock，seqID=9 即将 propose1
[propose1] S0 N0 seq=9 Tx_pool.Queue_len=1735
left_count: 500
[handleTxFromClient] S0 N0 recv client batch, tx_count=255
[handleTxFromClient] S0 N0 append to Tx_pool.Queue: local_queued=255 forward_other_shard=0 Queue_total_len=1490
更新树花时间为: 70
写数据库IO花时间为: 77
编号为 9 的区块已加入本地区块链！curBlock: 
blockHeader: 
[ace4fd6106966beee1111b7801a5fb10cd348df4297675966a9625b19ce21b80 d90864dd5754a624858f2b4d29a6791f6db0afefa68ed95b3b8b2b160a1c600d d3e8f6cc143459711c8c3d01ef0ef5ca1899d24ed51371f90d7ebad61248bc46 9 1780066110]
# of transactions: 500
# of TXmig1s: 0
# of In1s: 0
# of Anns: 0
# of NSs: 0
blockHash: 
a18b0264d2c799fcfb4dfc318bef4513716b5ed7c4151a19d848172cd5a08ad6

第9个块开始准备relay

[Propose wait] S0 N0 spin=1 epoch=10 now=1780066110 InitTime=1780066090 lastpropose=1780066110 wallGap=20 need>=18 ok1=true lastGap=0 need>=2 ok2=false

第9个块结束relay

[Propose wait] S0 N0 spin=50 epoch=10 now=1780066111 InitTime=1780066090 lastpropose=1780066110 wallGap=21 need>=18 ok1=true lastGap=1 need>=2 ok2=false
[Propose] S0 N0 时间条件满足: epoch=10->11 now=1780066112 InitTime=1780066090 lastpropose=1780066110 wallGap=22>=18 lastGap=2>=2 → propose1
[Propose] S0 N0 等待 sequenceLock…
[Propose] S0 N0 已持有 sequenceLock，seqID=10 即将 propose1
[propose1] S0 N0 seq=10 Tx_pool.Queue_len=1583
left_count: 500
[handleTxFromClient] S0 N0 recv client batch, tx_count=239
[handleTxFromClient] S0 N0 append to Tx_pool.Queue: local_queued=239 forward_other_shard=0 Queue_total_len=1322
更新树花时间为: 70
写数据库IO花时间为: 99
编号为 10 的区块已加入本地区块链！curBlock: 
blockHeader: 
[a18b0264d2c799fcfb4dfc318bef4513716b5ed7c4151a19d848172cd5a08ad6 fb4953af892d61f8cc2af7dff338346d4b07c984dab5f0287b4742f80f2cb634 7f3950d466b0e2038e41516166318a1688fd6da03da9d5a0aa7be7e777f92f26 10 1780066112]
# of transactions: 500
# of TXmig1s: 0
# of In1s: 0
# of Anns: 0
# of NSs: 0
blockHash: 
d751b8014fa1c09ca0650505b42ccf20fa58a5d2a0ced2a5c90692f89a75fe5b

第10个块开始准备relay

[Propose wait] S0 N0 spin=1 epoch=11 now=1780066112 InitTime=1780066090 lastpropose=1780066112 wallGap=22 need>=20 ok1=true lastGap=0 need>=2 ok2=false

第10个块结束relay

[Propose wait] S0 N0 spin=50 epoch=11 now=1780066113 InitTime=1780066090 lastpropose=1780066112 wallGap=23 need>=20 ok1=true lastGap=1 need>=2 ok2=false
[Propose] S0 N0 时间条件满足: epoch=11->12 now=1780066114 InitTime=1780066090 lastpropose=1780066112 wallGap=24>=20 lastGap=2>=2 → propose1
[Propose] S0 N0 等待 sequenceLock…
[Propose] S0 N0 已持有 sequenceLock，seqID=11 即将 propose1
[propose1] S0 N0 seq=11 Tx_pool.Queue_len=1548
left_count: 500
更新树花时间为: 68
写数据库IO花时间为: 75
编号为 11 的区块已加入本地区块链！curBlock: 
blockHeader: 
[d751b8014fa1c09ca0650505b42ccf20fa58a5d2a0ced2a5c90692f89a75fe5b 355db3cf3fa544912f0fb4d949660dcb01fb6016c4777e6f44940e9cba913192 8066d6fbf11d8634ee67a9033b7becd74b1ed385f2b0d47921b59fa448fd20f2 11 1780066114]
# of transactions: 500
# of TXmig1s: 0
# of In1s: 0
# of Anns: 0
# of NSs: 0
blockHash: 
b13f19b3ac965a092cd8f421e9b8469325f99fda5dc0731477b0a5771342c4e4

第11个块开始准备relay

[Propose wait] S0 N0 spin=1 epoch=12 now=1780066114 InitTime=1780066090 lastpropose=1780066114 wallGap=24 need>=22 ok1=true lastGap=0 need>=2 ok2=false
[handleTxFromClient] S0 N0 recv client batch, tx_count=533
[handleTxFromClient] S0 N0 append to Tx_pool.Queue: local_queued=533 forward_other_shard=0 Queue_total_len=1581

第11个块结束relay

[Propose wait] S0 N0 spin=50 epoch=12 now=1780066115 InitTime=1780066090 lastpropose=1780066114 wallGap=25 need>=22 ok1=true lastGap=1 need>=2 ok2=false
[Propose] S0 N0 时间条件满足: epoch=12->13 now=1780066116 InitTime=1780066090 lastpropose=1780066114 wallGap=26>=22 lastGap=2>=2 → propose1
[Propose] S0 N0 等待 sequenceLock…
[Propose] S0 N0 已持有 sequenceLock，seqID=12 即将 propose1
[propose1] S0 N0 seq=12 Tx_pool.Queue_len=1724
left_count: 500
更新树花时间为: 70
写数据库IO花时间为: 81
编号为 12 的区块已加入本地区块链！curBlock: 
blockHeader: 
[b13f19b3ac965a092cd8f421e9b8469325f99fda5dc0731477b0a5771342c4e4 43d7d2f2647742c12a7d024af4248a20f321df2449b7aa0f0f792c13b4cce5a7 a08d905992ce802d21b2eba6b1cfa99c7fee0b9e29a453b7de4aeeecd47cc2cd 12 1780066116]
# of transactions: 500
# of TXmig1s: 0
# of In1s: 0
# of Anns: 0
# of NSs: 0
blockHash: 
a86a5a2982a9abff7780e17fe3f85c4279b3dcd5c6a574da09a96d51381c2381

第12个块开始准备relay

[Propose wait] S0 N0 spin=1 epoch=13 now=1780066116 InitTime=1780066090 lastpropose=1780066116 wallGap=26 need>=24 ok1=true lastGap=0 need>=2 ok2=false
[handleTxFromClient] S0 N0 recv client batch, tx_count=623
[handleTxFromClient] S0 N0 append to Tx_pool.Queue: local_queued=623 forward_other_shard=0 Queue_total_len=1847

第12个块结束relay

[Propose wait] S0 N0 spin=50 epoch=13 now=1780066117 InitTime=1780066090 lastpropose=1780066116 wallGap=27 need>=24 ok1=true lastGap=1 need>=2 ok2=false
[Propose] S0 N0 时间条件满足: epoch=13->14 now=1780066118 InitTime=1780066090 lastpropose=1780066116 wallGap=28>=24 lastGap=2>=2 → propose1
[Propose] S0 N0 等待 sequenceLock…
[Propose] S0 N0 已持有 sequenceLock，seqID=13 即将 propose1
[propose1] S0 N0 seq=13 Tx_pool.Queue_len=2006
left_count: 500
更新树花时间为: 66
写数据库IO花时间为: 73
编号为 13 的区块已加入本地区块链！curBlock: 
blockHeader: 
[a86a5a2982a9abff7780e17fe3f85c4279b3dcd5c6a574da09a96d51381c2381 2e4b181fbaf62b5e43948d393c9e29626d2e23faacabee6520ac49be40c1d16c 918e3b9407911f52c8d88012130590a8ba66fedc809a5a7cde8da0690af9fcdd 13 1780066118]
# of transactions: 500
# of TXmig1s: 0
# of In1s: 0
# of Anns: 0
# of NSs: 0
blockHash: 
b6cf429bd48de601f944ec2593ce2af10e6bf64da89e8c8490ac3f84157773ad

第13个块开始准备relay

[Propose wait] S0 N0 spin=1 epoch=14 now=1780066118 InitTime=1780066090 lastpropose=1780066118 wallGap=28 need>=26 ok1=true lastGap=0 need>=2 ok2=false
[handleTxFromClient] S0 N0 recv client batch, tx_count=600
[handleTxFromClient] S0 N0 append to Tx_pool.Queue: local_queued=600 forward_other_shard=0 Queue_total_len=2106

第13个块结束relay

[Propose wait] S0 N0 spin=50 epoch=14 now=1780066119 InitTime=1780066090 lastpropose=1780066118 wallGap=29 need>=26 ok1=true lastGap=1 need>=2 ok2=false
[Propose] S0 N0 时间条件满足: epoch=14->15 now=1780066120 InitTime=1780066090 lastpropose=1780066118 wallGap=30>=26 lastGap=2>=2 → propose1
[Propose] S0 N0 等待 sequenceLock…
[Propose] S0 N0 已持有 sequenceLock，seqID=14 即将 propose1
[propose1] S0 N0 seq=14 Tx_pool.Queue_len=2243
left_count: 500
更新树花时间为: 77
写数据库IO花时间为: 84
编号为 14 的区块已加入本地区块链！curBlock: 
blockHeader: 
[b6cf429bd48de601f944ec2593ce2af10e6bf64da89e8c8490ac3f84157773ad 0f1af72e2dc0bc3ba7d044ebfbafbd3299dc7da047529c9f30da980bda888c1b 68756e4fe4f5ea095eb9e6fa97f8cc9d99d4e6e998953814528f8867df14058a 14 1780066120]
# of transactions: 500
# of TXmig1s: 0
# of In1s: 0
# of Anns: 0
# of NSs: 0
blockHash: 
4b467ac1e2ba2d7d541f57813e38030b5a30b0e42f96ad8978d472c4a91c98ee

第14个块开始准备relay

[Propose wait] S0 N0 spin=1 epoch=15 now=1780066120 InitTime=1780066090 lastpropose=1780066120 wallGap=30 need>=28 ok1=true lastGap=0 need>=2 ok2=false
[handleTxFromClient] S0 N0 recv client batch, tx_count=680
[handleTxFromClient] S0 N0 append to Tx_pool.Queue: local_queued=680 forward_other_shard=0 Queue_total_len=2423

第14个块结束relay

[Propose wait] S0 N0 spin=50 epoch=15 now=1780066121 InitTime=1780066090 lastpropose=1780066120 wallGap=31 need>=28 ok1=true lastGap=1 need>=2 ok2=false
[Propose] S0 N0 时间条件满足: epoch=15->16 now=1780066122 InitTime=1780066090 lastpropose=1780066120 wallGap=32>=28 lastGap=2>=2 → propose1
[Propose] S0 N0 等待 sequenceLock…
[Propose] S0 N0 已持有 sequenceLock，seqID=15 即将 propose1
[propose1] S0 N0 seq=15 Tx_pool.Queue_len=2529
left_count: 500
更新树花时间为: 105
写数据库IO花时间为: 111
编号为 15 的区块已加入本地区块链！curBlock: 
blockHeader: 
[4b467ac1e2ba2d7d541f57813e38030b5a30b0e42f96ad8978d472c4a91c98ee 2c2200f47cec7d039e11d71b9d51a726f619730a79427f69420b574ca47d64e2 a58f9a32cbe0314f34fcc1404b34240a0a03b3cbe1b56d9a9ec00b333c25b4aa 15 1780066122]
# of transactions: 500
# of TXmig1s: 0
# of In1s: 0
# of Anns: 0
# of NSs: 0
blockHash: 
912ae6328644570f9d594d00391b79f322244a70b047f7af5902204dc653512e

第15个块开始准备relay

[Propose wait] S0 N0 spin=1 epoch=16 now=1780066122 InitTime=1780066090 lastpropose=1780066122 wallGap=32 need>=30 ok1=true lastGap=0 need>=2 ok2=false
[handleTxFromClient] S0 N0 recv client batch, tx_count=608
[handleTxFromClient] S0 N0 append to Tx_pool.Queue: local_queued=608 forward_other_shard=0 Queue_total_len=2637

第15个块结束relay

[Propose wait] S0 N0 spin=50 epoch=16 now=1780066123 InitTime=1780066090 lastpropose=1780066122 wallGap=33 need>=30 ok1=true lastGap=1 need>=2 ok2=false
[Propose] S0 N0 时间条件满足: epoch=16->17 now=1780066124 InitTime=1780066090 lastpropose=1780066122 wallGap=34>=30 lastGap=2>=2 → propose1
[Propose] S0 N0 等待 sequenceLock…
[Propose] S0 N0 已持有 sequenceLock，seqID=16 即将 propose1
[propose1] S0 N0 seq=16 Tx_pool.Queue_len=2748
left_count: 500
更新树花时间为: 75
写数据库IO花时间为: 82
编号为 16 的区块已加入本地区块链！curBlock: 
blockHeader: 
[912ae6328644570f9d594d00391b79f322244a70b047f7af5902204dc653512e 302e0b38349a2d13b1b927f0b58fca81fdba227f592de5f45c97fca195cfbbcd b6b0e47c786fbebea0b9ae4d443798469fb87c233901a6b2cc221e5259e0b26a 16 1780066124]
# of transactions: 500
# of TXmig1s: 0
# of In1s: 0
# of Anns: 0
# of NSs: 0
blockHash: 
5eda8398d80ecfcf49a6dfead3423b54d57bfd8378a5eba5e0b19d4c4ca149a8

第16个块开始准备relay

[Propose wait] S0 N0 spin=1 epoch=17 now=1780066124 InitTime=1780066090 lastpropose=1780066124 wallGap=34 need>=32 ok1=true lastGap=0 need>=2 ok2=false
[handleTxFromClient] S0 N0 recv client batch, tx_count=270
[handleTxFromClient] S0 N0 append to Tx_pool.Queue: local_queued=270 forward_other_shard=0 Queue_total_len=2518

第16个块结束relay

[Propose wait] S0 N0 spin=50 epoch=17 now=1780066125 InitTime=1780066090 lastpropose=1780066124 wallGap=35 need>=32 ok1=true lastGap=1 need>=2 ok2=false
[Propose] S0 N0 时间条件满足: epoch=17->18 now=1780066126 InitTime=1780066090 lastpropose=1780066124 wallGap=36>=32 lastGap=2>=2 → propose1
[Propose] S0 N0 等待 sequenceLock…
[Propose] S0 N0 已持有 sequenceLock，seqID=17 即将 propose1
[propose1] S0 N0 seq=17 Tx_pool.Queue_len=2605
left_count: 500
更新树花时间为: 74
写数据库IO花时间为: 96
编号为 17 的区块已加入本地区块链！curBlock: 
blockHeader: 
[5eda8398d80ecfcf49a6dfead3423b54d57bfd8378a5eba5e0b19d4c4ca149a8 dccf1bb52a637d0ab9457956226e91b97f294b9b5adf9287dee0535e2d5a24df 62e0fb093475e668387381323dfb16487a105ba41de5cf4eb0a0dd90e80f6044 17 1780066126]
# of transactions: 500
# of TXmig1s: 0
# of In1s: 0
# of Anns: 0
# of NSs: 0
blockHash: 
fa8bc4d81ea0f74e5ddca30621785f745cc7284a291222980798f022fbbeca86

第17个块开始准备relay

[Propose wait] S0 N0 spin=1 epoch=18 now=1780066126 InitTime=1780066090 lastpropose=1780066126 wallGap=36 need>=34 ok1=true lastGap=0 need>=2 ok2=false
[handleTxFromClient] S0 N0 recv client batch, tx_count=326
[handleTxFromClient] S0 N0 append to Tx_pool.Queue: local_queued=326 forward_other_shard=0 Queue_total_len=2431

第17个块结束relay

[Propose wait] S0 N0 spin=50 epoch=18 now=1780066127 InitTime=1780066090 lastpropose=1780066126 wallGap=37 need>=34 ok1=true lastGap=1 need>=2 ok2=false
[Propose] S0 N0 时间条件满足: epoch=18->19 now=1780066128 InitTime=1780066090 lastpropose=1780066126 wallGap=38>=34 lastGap=2>=2 → propose1
[Propose] S0 N0 等待 sequenceLock…
[Propose] S0 N0 已持有 sequenceLock，seqID=18 即将 propose1
[propose1] S0 N0 seq=18 Tx_pool.Queue_len=2672
left_count: 500
更新树花时间为: 74
写数据库IO花时间为: 81
编号为 18 的区块已加入本地区块链！curBlock: 
blockHeader: 
[fa8bc4d81ea0f74e5ddca30621785f745cc7284a291222980798f022fbbeca86 d3520be905dc46a6e416f9ae133b0335da2479cf64446b08da18b377e5b7e47d c26391a93888f1cb215d1f5b49819d6dd9f5a43c30bdb099be913a1fe0f761be 18 1780066128]
# of transactions: 500
# of TXmig1s: 0
# of In1s: 0
# of Anns: 0
# of NSs: 0
blockHash: 
3ed35e4dd78a80af7511b82b1fe4b7859c78aa14a2800433cefc5edccbe7e34c

第18个块开始准备relay

[Propose wait] S0 N0 spin=1 epoch=19 now=1780066128 InitTime=1780066090 lastpropose=1780066128 wallGap=38 need>=36 ok1=true lastGap=0 need>=2 ok2=false
[handleTxFromClient] S0 N0 recv client batch, tx_count=82
[handleTxFromClient] S0 N0 append to Tx_pool.Queue: local_queued=82 forward_other_shard=0 Queue_total_len=2254

第18个块结束relay

[Propose wait] S0 N0 spin=50 epoch=19 now=1780066129 InitTime=1780066090 lastpropose=1780066128 wallGap=39 need>=36 ok1=true lastGap=1 need>=2 ok2=false
[Propose] S0 N0 时间条件满足: epoch=19->20 now=1780066130 InitTime=1780066090 lastpropose=1780066128 wallGap=40>=36 lastGap=2>=2 → propose1
[Propose] S0 N0 等待 sequenceLock…
[Propose] S0 N0 已持有 sequenceLock，seqID=19 即将 propose1
[propose1] S0 N0 seq=19 Tx_pool.Queue_len=2417
left_count: 500
更新树花时间为: 79
写数据库IO花时间为: 88
编号为 19 的区块已加入本地区块链！curBlock: 
blockHeader: 
[3ed35e4dd78a80af7511b82b1fe4b7859c78aa14a2800433cefc5edccbe7e34c 1ed62dfe09b4c0c0af836fd4dd05f58c65d912964b17cd7db4b02aa22341ec01 271a81b4b06b576dc99dee6110675b26407a3343be082474076fbf69288eefd3 19 1780066130]
# of transactions: 500
# of TXmig1s: 0
# of In1s: 0
# of Anns: 0
# of NSs: 0
blockHash: 
50d438c1e5cc0c0b466a215adeed67f441ff763bd3eae92dea5163c7b65dc0a4

第19个块开始准备relay

[Propose wait] S0 N0 spin=1 epoch=20 now=1780066130 InitTime=1780066090 lastpropose=1780066130 wallGap=40 need>=38 ok1=true lastGap=0 need>=2 ok2=false
[handleTxFromClient] S0 N0 recv client batch, tx_count=142
[handleTxFromClient] S0 N0 append to Tx_pool.Queue: local_queued=142 forward_other_shard=0 Queue_total_len=2059

第19个块结束relay

[Propose wait] S0 N0 spin=50 epoch=20 now=1780066131 InitTime=1780066090 lastpropose=1780066130 wallGap=41 need>=38 ok1=true lastGap=1 need>=2 ok2=false
[Propose] S0 N0 时间条件满足: epoch=20->21 now=1780066132 InitTime=1780066090 lastpropose=1780066130 wallGap=42>=38 lastGap=2>=2 → propose1
[Propose] S0 N0 等待 sequenceLock…
[Propose] S0 N0 已持有 sequenceLock，seqID=20 即将 propose1
[propose1] S0 N0 seq=20 Tx_pool.Queue_len=2162
left_count: 500
更新树花时间为: 76
写数据库IO花时间为: 104
编号为 20 的区块已加入本地区块链！curBlock: 
blockHeader: 
[50d438c1e5cc0c0b466a215adeed67f441ff763bd3eae92dea5163c7b65dc0a4 4abc567af2726c45416e4bb282e5213928a59ab9de48f9d922557827a70e00ab c35c21a6dc23b210591452b4af09d563cb181dd6b44469a6263d8740449bdd55 20 1780066132]
# of transactions: 500
# of TXmig1s: 0
# of In1s: 0
# of Anns: 0
# of NSs: 0
blockHash: 
d223dcfedd4572465659f606c778290f1e49a5f3bba7103fe89e5576784deb0b

第20个块开始准备relay

[Propose wait] S0 N0 spin=1 epoch=21 now=1780066132 InitTime=1780066090 lastpropose=1780066132 wallGap=42 need>=40 ok1=true lastGap=0 need>=2 ok2=false
[handleTxFromClient] S0 N0 recv client batch, tx_count=631
[handleTxFromClient] S0 N0 append to Tx_pool.Queue: local_queued=631 forward_other_shard=0 Queue_total_len=2293

第20个块结束relay

[Propose wait] S0 N0 spin=50 epoch=21 now=1780066133 InitTime=1780066090 lastpropose=1780066132 wallGap=43 need>=40 ok1=true lastGap=1 need>=2 ok2=false
[Propose] S0 N0 时间条件满足: epoch=21->22 now=1780066134 InitTime=1780066090 lastpropose=1780066132 wallGap=44>=40 lastGap=2>=2 → propose1
[Propose] S0 N0 等待 sequenceLock…
[Propose] S0 N0 已持有 sequenceLock，seqID=21 即将 propose1
[propose1] S0 N0 seq=21 Tx_pool.Queue_len=2540
left_count: 500
更新树花时间为: 85
写数据库IO花时间为: 97
编号为 21 的区块已加入本地区块链！curBlock: 
blockHeader: 
[d223dcfedd4572465659f606c778290f1e49a5f3bba7103fe89e5576784deb0b 3ebf521da4ea92ba121febd8a7e83abddb3ee5a9ce20759f346b0bc1e0f81339 d9903ed04abab3c36ddf6ddee51f10a39ac024fc3d273d2aea71a049b462702a 21 1780066134]
# of transactions: 500
# of TXmig1s: 0
# of In1s: 0
# of Anns: 0
# of NSs: 0
blockHash: 
462ea3a61860623ede52a23eb7d753dc2d1ce0b9faa699262cc3db02f0e167fc

第21个块开始准备relay

[Propose wait] S0 N0 spin=1 epoch=22 now=1780066134 InitTime=1780066090 lastpropose=1780066134 wallGap=44 need>=42 ok1=true lastGap=0 need>=2 ok2=false
本节点已接收到client发来准备迁移通知
本节点已将 pending 发送到 client（2040 笔）
本节点已接收到客户端发送的新映射
[handleTxFromClient] S0 N0 recv client batch, tx_count=551
[handleTxFromClient] S0 N0 append to Tx_pool.Queue: local_queued=551 forward_other_shard=0 Queue_total_len=2591

第21个块结束relay

[Propose wait] S0 N0 spin=50 epoch=22 now=1780066135 InitTime=1780066090 lastpropose=1780066134 wallGap=45 need>=42 ok1=true lastGap=1 need>=2 ok2=false
[Propose] S0 N0 时间条件满足: epoch=22->23 now=1780066136 InitTime=1780066090 lastpropose=1780066134 wallGap=46>=42 lastGap=2>=2 → propose1
[Propose] S0 N0 等待 sequenceLock…
[Propose] S0 N0 已持有 sequenceLock，seqID=22 即将 propose1
[propose1] S0 N0 seq=22 Tx_pool.Queue_len=2762
left_count: 200
更新树花时间为: 50
写数据库IO花时间为: 57
编号为 22 的区块已加入本地区块链！curBlock: 
blockHeader: 
[462ea3a61860623ede52a23eb7d753dc2d1ce0b9faa699262cc3db02f0e167fc aa7b35b88e4f7d1b9d3bc22aa94e0e875bd8f4da1fee6aef6b5b57b89225a917 e05774a808bde64f1dc11a58518c27127934bc6eda1a1542c8a963b522986de8 22 1780066136]
# of transactions: 200
# of TXmig1s: 300
# of In1s: 0
# of Anns: 0
# of NSs: 0
blockHash: 
27627e378d9424c5f82a12597f90da1cb6968415bfd94291f6fb1413b83d65d4

第22个块开始准备relay

[Propose wait] S0 N0 spin=1 epoch=23 now=1780066136 InitTime=1780066090 lastpropose=1780066136 wallGap=46 need>=44 ok1=true lastGap=0 need>=2 ok2=false

第22个块结束relay

[handleTxFromClient] S0 N0 recv client batch, tx_count=634
[handleTxFromClient] S0 N0 append to Tx_pool.Queue: local_queued=634 forward_other_shard=0 Queue_total_len=3283

本节点已接收到分片S1发来的迁移请求 
10000000000000000000000000945002628179728

[Propose wait] S0 N0 spin=50 epoch=23 now=1780066137 InitTime=1780066090 lastpropose=1780066136 wallGap=47 need>=44 ok1=true lastGap=1 need>=2 ok2=false
[Propose] S0 N0 时间条件满足: epoch=23->24 now=1780066138 InitTime=1780066090 lastpropose=1780066136 wallGap=48>=44 lastGap=2>=2 → propose1
[Propose] S0 N0 等待 sequenceLock…
[Propose] S0 N0 已持有 sequenceLock，seqID=23 即将 propose1
[propose1] S0 N0 seq=23 Tx_pool.Queue_len=3283
left_count: 200
更新树花时间为: 79
写数据库IO花时间为: 93
编号为 23 的区块已加入本地区块链！curBlock: 
blockHeader: 
[27627e378d9424c5f82a12597f90da1cb6968415bfd94291f6fb1413b83d65d4 e06349ff73873cddf1403fe5bf8023ea5ac7de77a212ab5eaac8a017c9b0aa09 e55c6c52b6fcd97c5c0f3489aba8f34cee8cd523d0e957a4a28a9c9c7ac62c39 23 1780066138]
# of transactions: 200
# of TXmig1s: 128
# of In1s: 172
# of Anns: 0
# of NSs: 0
blockHash: 
406f6b6b6e584fd7e732477bc2fd18c376051f9ad526489065fd403b2a1c88c6

第23个块开始准备relay

[Propose wait] S0 N0 spin=1 epoch=24 now=1780066138 InitTime=1780066090 lastpropose=1780066138 wallGap=48 need>=46 ok1=true lastGap=0 need>=2 ok2=false

第23个块结束relay

[handleTxFromClient] S0 N0 recv client batch, tx_count=648
[handleTxFromClient] S0 N0 append to Tx_pool.Queue: local_queued=648 forward_other_shard=0 Queue_total_len=3835

本节点已接收到分片S1发来的迁移请求 
10000000000000000000000136403428768805872

[Propose wait] S0 N0 spin=50 epoch=24 now=1780066139 InitTime=1780066090 lastpropose=1780066138 wallGap=49 need>=46 ok1=true lastGap=1 need>=2 ok2=false
[Propose] S0 N0 时间条件满足: epoch=24->25 now=1780066140 InitTime=1780066090 lastpropose=1780066138 wallGap=50>=46 lastGap=2>=2 → propose1
[Propose] S0 N0 等待 sequenceLock…
[Propose] S0 N0 已持有 sequenceLock，seqID=24 即将 propose1
[propose1] S0 N0 seq=24 Tx_pool.Queue_len=3835
left_count: 200
更新树花时间为: 89
写数据库IO花时间为: 114
编号为 24 的区块已加入本地区块链！curBlock: 
blockHeader: 
[406f6b6b6e584fd7e732477bc2fd18c376051f9ad526489065fd403b2a1c88c6 a86e9250968c2ca2dc27701634d552ddb861022022ec8eea47c77bcb4b981de3 c16095988a83e6d951c697afe16f9b4afb3315e206de723262be71c66fd1a690 24 1780066140]
# of transactions: 200
# of TXmig1s: 0
# of In1s: 300
# of Anns: 0
# of NSs: 0
blockHash: 
622361d6878e2d97f40717080aecc9cc17d36add8575aa8ca707e2d205dffe6b

第24个块开始准备relay

[Propose wait] S0 N0 spin=1 epoch=25 now=1780066140 InitTime=1780066090 lastpropose=1780066140 wallGap=50 need>=48 ok1=true lastGap=0 need>=2 ok2=false

第24个块结束relay

[handleTxFromClient] S0 N0 recv client batch, tx_count=501
[handleTxFromClient] S0 N0 append to Tx_pool.Queue: local_queued=501 forward_other_shard=0 Queue_total_len=4154

本节点已接收到分片S1发来的迁移请求 
10000000000000000000001001276038599367400

[Propose wait] S0 N0 spin=50 epoch=25 now=1780066141 InitTime=1780066090 lastpropose=1780066140 wallGap=51 need>=48 ok1=true lastGap=1 need>=2 ok2=false
[Propose] S0 N0 时间条件满足: epoch=25->26 now=1780066142 InitTime=1780066090 lastpropose=1780066140 wallGap=52>=48 lastGap=2>=2 → propose1
[Propose] S0 N0 等待 sequenceLock…
[Propose] S0 N0 已持有 sequenceLock，seqID=25 即将 propose1
[propose1] S0 N0 seq=25 Tx_pool.Queue_len=4154
left_count: 324
本节点已接收到分片S1发来通知 
更新树花时间为: 66
写数据库IO花时间为: 82
编号为 25 的区块已加入本地区块链！curBlock: 
blockHeader: 
[622361d6878e2d97f40717080aecc9cc17d36add8575aa8ca707e2d205dffe6b 7f197383d5cf7306cd7c1cb60137895c7aaf67148ad6129aa4c34df32ef9f48f 5f93f8f0abcdd410623d58a726664f64c08f704446bf9a3ebfe08c935f75e567 25 1780066142]
# of transactions: 324
# of TXmig1s: 0
# of In1s: 176
# of Anns: 0
# of NSs: 0
blockHash: 
86043fbed25a2672899fdc5ab465506b6e04bd42f37eca1120829962da6ffe97

第25个块开始准备relay

[Propose wait] S0 N0 spin=1 epoch=26 now=1780066142 InitTime=1780066090 lastpropose=1780066142 wallGap=52 need>=50 ok1=true lastGap=0 need>=2 ok2=false
1
2
3
时间：1780066142237  本节点已接收到新
本节点已将迁移过来的pending交易的账户数量发送到client


第25个块结束relay

[handleTxFromClient] S0 N0 recv client batch, tx_count=594
[handleTxFromClient] S0 N0 append to Tx_pool.Queue: local_queued=594 forward_other_shard=0 Queue_total_len=4617
[Propose wait] S0 N0 spin=50 epoch=26 now=1780066143 InitTime=1780066090 lastpropose=1780066142 wallGap=53 need>=50 ok1=true lastGap=1 need>=2 ok2=false
[Propose] S0 N0 时间条件满足: epoch=26->27 now=1780066144 InitTime=1780066090 lastpropose=1780066142 wallGap=54>=50 lastGap=2>=2 → propose1
[Propose] S0 N0 等待 sequenceLock…
[Propose] S0 N0 已持有 sequenceLock，seqID=26 即将 propose1
[propose1] S0 N0 seq=26 Tx_pool.Queue_len=4617
left_count: 248
更新树花时间为: 48
写数据库IO花时间为: 64
编号为 26 的区块已加入本地区块链！curBlock: 
blockHeader: 
[86043fbed25a2672899fdc5ab465506b6e04bd42f37eca1120829962da6ffe97 9682da32a4598f890a66bce5b57531e58c5262fec321f32b3942968a0577eef1 68f6a3fa7ba04676a3c952166bfd9a8fcf5c2a4c25907efd281ebae2cde6f781 26 1780066144]
# of transactions: 248
# of TXmig1s: 0
# of In1s: 0
# of Anns: 252
# of NSs: 0
blockHash: 
119501e0a08aa6e09a7aebb804edd852311538edf56f88777fb2ea4196353b18
handleAnns时是第26个块

handleannounce交易池操作时差为：2101
handleannounce两锁时差为：2629


第26个块开始准备relay

[Propose wait] S0 N0 spin=1 epoch=27 now=1780066144 InitTime=1780066090 lastpropose=1780066144 wallGap=54 need>=52 ok1=true lastGap=0 need>=2 ok2=false
时间：54219  正在向分片S1的主节点发送新
本节点已将不变的账户数量发送到client


第26个块结束relay

时间：1780066144289  本节点已接收到新
本节点已将迁移过来的pending交易的账户数量发送到client

本节点已接收到分片S1发来通知 
1
2
3
[Propose wait] S0 N0 spin=50 epoch=27 now=1780066145 InitTime=1780066090 lastpropose=1780066144 wallGap=55 need>=52 ok1=true lastGap=1 need>=2 ok2=false
[Propose] S0 N0 时间条件满足: epoch=27->28 now=1780066146 InitTime=1780066090 lastpropose=1780066144 wallGap=56>=52 lastGap=2>=2 → propose1
[Propose] S0 N0 等待 sequenceLock…
[Propose] S0 N0 已持有 sequenceLock，seqID=27 即将 propose1
[propose1] S0 N0 seq=27 Tx_pool.Queue_len=4580
left_count: 324
更新树花时间为: 85
写数据库IO花时间为: 100
编号为 27 的区块已加入本地区块链！curBlock: 
blockHeader: 
[119501e0a08aa6e09a7aebb804edd852311538edf56f88777fb2ea4196353b18 e01745f592347fd5c645823f4c69bd763b28eb719f4108c5551fa084c47e42c8 c699dac4e1359ba4f69507594f8a06b74207994804aab298e55cd0e1feb5b341 27 1780066146]
# of transactions: 324
# of TXmig1s: 0
# of In1s: 0
# of Anns: 176
# of NSs: 0
blockHash: 
b2b4ba769ea955464508028c249f4b309dffda43b6b008fe837654b7d2763829
时间：1780066146239  本节点已接收到新
handleAnns时是第27个块

handleannounce交易池操作时差为：1981
handleannounce两锁时差为：1981


第27个块开始准备relay

本节点已将迁移过来的pending交易的账户数量发送到client

[Propose wait] S0 N0 spin=1 epoch=28 now=1780066146 InitTime=1780066090 lastpropose=1780066146 wallGap=56 need>=54 ok1=true lastGap=0 need>=2 ok2=false
时间：56251  正在向分片S1的主节点发送新
本节点已将不变的账户数量发送到client


第27个块结束relay

[Propose wait] S0 N0 spin=50 epoch=28 now=1780066147 InitTime=1780066090 lastpropose=1780066146 wallGap=57 need>=54 ok1=true lastGap=1 need>=2 ok2=false
[Propose] S0 N0 时间条件满足: epoch=28->29 now=1780066148 InitTime=1780066090 lastpropose=1780066146 wallGap=58>=54 lastGap=2>=2 → propose1
[Propose] S0 N0 等待 sequenceLock…
[Propose] S0 N0 已持有 sequenceLock，seqID=28 即将 propose1
[propose1] S0 N0 seq=28 Tx_pool.Queue_len=4158
left_count: 500
更新树花时间为: 73
写数据库IO花时间为: 86
编号为 28 的区块已加入本地区块链！curBlock: 
blockHeader: 
[b2b4ba769ea955464508028c249f4b309dffda43b6b008fe837654b7d2763829 fcda1b2625435a89f6b8a597261de68dff4df6be498a099c1fb3bb5e61e939ca 755801d46825224b66dbfdd8d94c7c3b2fa4f5758d076fd827742c09ef473899 28 1780066148]
# of transactions: 500
# of TXmig1s: 0
# of In1s: 0
# of Anns: 0
# of NSs: 0
blockHash: 
c6687cc9b1f36154a293cfd14f9bc25c84fdea7b006aa0d81e22c0dadecb95fa

第28个块开始准备relay

[Propose wait] S0 N0 spin=1 epoch=29 now=1780066148 InitTime=1780066090 lastpropose=1780066148 wallGap=58 need>=56 ok1=true lastGap=0 need>=2 ok2=false

第28个块结束relay

[Propose wait] S0 N0 spin=50 epoch=29 now=1780066149 InitTime=1780066090 lastpropose=1780066148 wallGap=59 need>=56 ok1=true lastGap=1 need>=2 ok2=false
[Propose] S0 N0 时间条件满足: epoch=29->30 now=1780066150 InitTime=1780066090 lastpropose=1780066148 wallGap=60>=56 lastGap=2>=2 → propose1
[Propose] S0 N0 等待 sequenceLock…
[Propose] S0 N0 已持有 sequenceLock，seqID=29 即将 propose1
[propose1] S0 N0 seq=29 Tx_pool.Queue_len=3864
left_count: 500
更新树花时间为: 94
写数据库IO花时间为: 102
编号为 29 的区块已加入本地区块链！curBlock: 
blockHeader: 
[c6687cc9b1f36154a293cfd14f9bc25c84fdea7b006aa0d81e22c0dadecb95fa a75ffba3cb79e8ac9597bc7c486fedd4eeb20997d14776c2d0ed92106872a3f7 aefd94b28f97d58c1949d068f57c0460877ee3834ff77b141bbde0746c9d1419 29 1780066150]
# of transactions: 500
# of TXmig1s: 0
# of In1s: 0
# of Anns: 0
# of NSs: 0
blockHash: 
e81e9e53fbc171644f36bf6903821a8668d3f4a189d6c7f77b3d5c7503a9261e

第29个块开始准备relay

[Propose wait] S0 N0 spin=1 epoch=30 now=1780066150 InitTime=1780066090 lastpropose=1780066150 wallGap=60 need>=58 ok1=true lastGap=0 need>=2 ok2=false

第29个块结束relay

[Propose wait] S0 N0 spin=50 epoch=30 now=1780066151 InitTime=1780066090 lastpropose=1780066150 wallGap=61 need>=58 ok1=true lastGap=1 need>=2 ok2=false
[Propose] S0 N0 时间条件满足: epoch=30->31 now=1780066152 InitTime=1780066090 lastpropose=1780066150 wallGap=62>=58 lastGap=2>=2 → propose1
[Propose] S0 N0 等待 sequenceLock…
[Propose] S0 N0 已持有 sequenceLock，seqID=30 即将 propose1
[propose1] S0 N0 seq=30 Tx_pool.Queue_len=3477
left_count: 500
更新树花时间为: 107
写数据库IO花时间为: 132
编号为 30 的区块已加入本地区块链！curBlock: 
blockHeader: 
[e81e9e53fbc171644f36bf6903821a8668d3f4a189d6c7f77b3d5c7503a9261e 188b6ecfd38a91e50a786b926866f2a7439a8167305a4b2c256a939494c050b8 c872be738091b0ae1ada9c7e515761104d8b718dc3bb3e3689006afe7b05f199 30 1780066152]
# of transactions: 500
# of TXmig1s: 0
# of In1s: 0
# of Anns: 0
# of NSs: 0
blockHash: 
a212c2a1c3c16ff02ced32fe170f10d9afe324d91cc8a63fe38b5d0a4c04e0cc

第30个块开始准备relay

[Propose wait] S0 N0 spin=1 epoch=31 now=1780066152 InitTime=1780066090 lastpropose=1780066152 wallGap=62 need>=60 ok1=true lastGap=0 need>=2 ok2=false

第30个块结束relay

[Propose wait] S0 N0 spin=50 epoch=31 now=1780066153 InitTime=1780066090 lastpropose=1780066152 wallGap=63 need>=60 ok1=true lastGap=1 need>=2 ok2=false
[Propose] S0 N0 时间条件满足: epoch=31->32 now=1780066154 InitTime=1780066090 lastpropose=1780066152 wallGap=64>=60 lastGap=2>=2 → propose1
[Propose] S0 N0 等待 sequenceLock…
[Propose] S0 N0 已持有 sequenceLock，seqID=31 即将 propose1
[propose1] S0 N0 seq=31 Tx_pool.Queue_len=2978
left_count: 500
更新树花时间为: 86
写数据库IO花时间为: 95
编号为 31 的区块已加入本地区块链！curBlock: 
blockHeader: 
[a212c2a1c3c16ff02ced32fe170f10d9afe324d91cc8a63fe38b5d0a4c04e0cc 8f8a01870da6058b322fa0ca484fb4377f7a338cc4e03d93839b304823f84c80 2d6cae61e060b914bcdcbe3faa243224ed65f3da204eb4206666e01d64f3ac13 31 1780066154]
# of transactions: 500
# of TXmig1s: 0
# of In1s: 0
# of Anns: 0
# of NSs: 0
blockHash: 
5b03b14b357a0363eb8cb67dab79502d02c9e55631f47fbfd2a5c768a80e9cc4

第31个块开始准备relay

[Propose wait] S0 N0 spin=1 epoch=32 now=1780066154 InitTime=1780066090 lastpropose=1780066154 wallGap=64 need>=62 ok1=true lastGap=0 need>=2 ok2=false

第31个块结束relay

[Propose wait] S0 N0 spin=50 epoch=32 now=1780066155 InitTime=1780066090 lastpropose=1780066154 wallGap=65 need>=62 ok1=true lastGap=1 need>=2 ok2=false
[Propose] S0 N0 时间条件满足: epoch=32->33 now=1780066156 InitTime=1780066090 lastpropose=1780066154 wallGap=66>=62 lastGap=2>=2 → propose1
[Propose] S0 N0 等待 sequenceLock…
[Propose] S0 N0 已持有 sequenceLock，seqID=32 即将 propose1
[propose1] S0 N0 seq=32 Tx_pool.Queue_len=2478
left_count: 500
更新树花时间为: 38
写数据库IO花时间为: 44
编号为 32 的区块已加入本地区块链！curBlock: 
blockHeader: 
[5b03b14b357a0363eb8cb67dab79502d02c9e55631f47fbfd2a5c768a80e9cc4 58b3e98fe64dd72efee051d37816bc3760c443f4851344e81ad2a44f2f075933 78997458428b5add6b07794f974836ce78994ccf1793515c9f15e9243cf666c9 32 1780066156]
# of transactions: 500
# of TXmig1s: 0
# of In1s: 0
# of Anns: 0
# of NSs: 0
blockHash: 
51ef5967d359e8c6eb89efc455f3490362fd1c90194286b341d88f69c2b33a49

第32个块开始准备relay

[Propose wait] S0 N0 spin=1 epoch=33 now=1780066156 InitTime=1780066090 lastpropose=1780066156 wallGap=66 need>=64 ok1=true lastGap=0 need>=2 ok2=false

第32个块结束relay

[Propose wait] S0 N0 spin=50 epoch=33 now=1780066157 InitTime=1780066090 lastpropose=1780066156 wallGap=67 need>=64 ok1=true lastGap=1 need>=2 ok2=false
[Propose] S0 N0 时间条件满足: epoch=33->34 now=1780066158 InitTime=1780066090 lastpropose=1780066156 wallGap=68>=64 lastGap=2>=2 → propose1
[Propose] S0 N0 等待 sequenceLock…
[Propose] S0 N0 已持有 sequenceLock，seqID=33 即将 propose1
[propose1] S0 N0 seq=33 Tx_pool.Queue_len=1978
left_count: 500
更新树花时间为: 50
写数据库IO花时间为: 57
编号为 33 的区块已加入本地区块链！curBlock: 
blockHeader: 
[51ef5967d359e8c6eb89efc455f3490362fd1c90194286b341d88f69c2b33a49 7dc73a8317ddd2733816d143d17d449377a2c88c5bc0c41641369b471e27ee51 865d13d1baac01d77f1cf34aa8ae07a75334b530365c1a67f8dfe337e0b2f7aa 33 1780066158]
# of transactions: 500
# of TXmig1s: 0
# of In1s: 0
# of Anns: 0
# of NSs: 0
blockHash: 
6f0dc0e82267c60e0e7826fd3cd9ffe4af9e71c3e0e4672a91ee105fb9385d36

第33个块开始准备relay

[Propose wait] S0 N0 spin=1 epoch=34 now=1780066158 InitTime=1780066090 lastpropose=1780066158 wallGap=68 need>=66 ok1=true lastGap=0 need>=2 ok2=false

第33个块结束relay

[Propose wait] S0 N0 spin=50 epoch=34 now=1780066159 InitTime=1780066090 lastpropose=1780066158 wallGap=69 need>=66 ok1=true lastGap=1 need>=2 ok2=false
[Propose] S0 N0 时间条件满足: epoch=34->35 now=1780066160 InitTime=1780066090 lastpropose=1780066158 wallGap=70>=66 lastGap=2>=2 → propose1
[Propose] S0 N0 等待 sequenceLock…
[Propose] S0 N0 已持有 sequenceLock，seqID=34 即将 propose1
[propose1] S0 N0 seq=34 Tx_pool.Queue_len=1478
left_count: 500
更新树花时间为: 58
写数据库IO花时间为: 64
编号为 34 的区块已加入本地区块链！curBlock: 
blockHeader: 
[6f0dc0e82267c60e0e7826fd3cd9ffe4af9e71c3e0e4672a91ee105fb9385d36 790247651e6659b3d0428256966e5d929b411fdc7fcc80dfc89aa0ff9574dd83 33b4f8e1c1ad5f09ff9f07f419798e3525720320205125317e678318fe426c93 34 1780066160]
# of transactions: 500
# of TXmig1s: 0
# of In1s: 0
# of Anns: 0
# of NSs: 0
blockHash: 
a8300f3e8b1ad1ed54084404d52ff81af1993db89c3c39759c19919ba4b3ea13

第34个块开始准备relay

[Propose wait] S0 N0 spin=1 epoch=35 now=1780066160 InitTime=1780066090 lastpropose=1780066160 wallGap=70 need>=68 ok1=true lastGap=0 need>=2 ok2=false

第34个块结束relay

[Propose wait] S0 N0 spin=50 epoch=35 now=1780066161 InitTime=1780066090 lastpropose=1780066160 wallGap=71 need>=68 ok1=true lastGap=1 need>=2 ok2=false
[Propose] S0 N0 时间条件满足: epoch=35->36 now=1780066162 InitTime=1780066090 lastpropose=1780066160 wallGap=72>=68 lastGap=2>=2 → propose1
[Propose] S0 N0 等待 sequenceLock…
[Propose] S0 N0 已持有 sequenceLock，seqID=35 即将 propose1
[propose1] S0 N0 seq=35 Tx_pool.Queue_len=978
left_count: 500
更新树花时间为: 72
写数据库IO花时间为: 81
编号为 35 的区块已加入本地区块链！curBlock: 
blockHeader: 
[a8300f3e8b1ad1ed54084404d52ff81af1993db89c3c39759c19919ba4b3ea13 25690a3737948bff459a27ba8124517a80cb0151e3116ccf284a093c1cbb4665 0f53476d4e0b43254aa2643e140bc9834b74d74e647b03c3a91cc6261c0e27f6 35 1780066162]
# of transactions: 500
# of TXmig1s: 0
# of In1s: 0
# of Anns: 0
# of NSs: 0
blockHash: 
4a6a8b70c9e9ae91e29511c1504816329945c40a7ea75c541ae56f233025d866

第35个块开始准备relay

[Propose wait] S0 N0 spin=1 epoch=36 now=1780066162 InitTime=1780066090 lastpropose=1780066162 wallGap=72 need>=70 ok1=true lastGap=0 need>=2 ok2=false

第35个块结束relay

[Propose wait] S0 N0 spin=50 epoch=36 now=1780066163 InitTime=1780066090 lastpropose=1780066162 wallGap=73 need>=70 ok1=true lastGap=1 need>=2 ok2=false
[Propose] S0 N0 时间条件满足: epoch=36->37 now=1780066164 InitTime=1780066090 lastpropose=1780066162 wallGap=74>=70 lastGap=2>=2 → propose1
[Propose] S0 N0 等待 sequenceLock…
[Propose] S0 N0 已持有 sequenceLock，seqID=36 即将 propose1
[propose1] S0 N0 seq=36 Tx_pool.Queue_len=478
left_count: 500
更新树花时间为: 41
写数据库IO花时间为: 48
编号为 36 的区块已加入本地区块链！curBlock: 
blockHeader: 
[4a6a8b70c9e9ae91e29511c1504816329945c40a7ea75c541ae56f233025d866 eea263af800c8a9a383dbca3ec4181921bc768e3e349d016acfd6c5378d2baec 37e407e3e296bea94e1e749787f315d66abb9b4fd70450e5b791ba577c2d3bba 36 1780066164]
# of transactions: 478
# of TXmig1s: 0
# of In1s: 0
# of Anns: 0
# of NSs: 0
blockHash: 
9b67a25eca162f7f59ff87eb39a3ca4e84057f187b2cd568373570669d895154

第36个块开始准备relay

[Propose wait] S0 N0 spin=1 epoch=37 now=1780066164 InitTime=1780066090 lastpropose=1780066164 wallGap=74 need>=72 ok1=true lastGap=0 need>=2 ok2=false

第36个块结束relay

[Propose wait] S0 N0 spin=50 epoch=37 now=1780066165 InitTime=1780066090 lastpropose=1780066164 wallGap=75 need>=72 ok1=true lastGap=1 need>=2 ok2=false
[Propose] S0 N0 时间条件满足: epoch=37->38 now=1780066166 InitTime=1780066090 lastpropose=1780066164 wallGap=76>=72 lastGap=2>=2 → propose1
[Propose] S0 N0 等待 sequenceLock…
[Propose] S0 N0 已持有 sequenceLock，seqID=37 即将 propose1
[propose1] S0 N0 seq=37 Tx_pool.Queue_len=0
left_count: 500
更新树花时间为: 0
写数据库IO花时间为: 14
编号为 37 的区块已加入本地区块链！curBlock: 
blockHeader: 
[9b67a25eca162f7f59ff87eb39a3ca4e84057f187b2cd568373570669d895154 eea263af800c8a9a383dbca3ec4181921bc768e3e349d016acfd6c5378d2baec 56e81f171bcc55a6ff8345e692c0f86e5b48e01b996cadc001622fb5e363b421 37 1780066166]
# of transactions: 0
# of TXmig1s: 0
# of In1s: 0
# of Anns: 0
# of NSs: 0
blockHash: 
0398e394a564ec4f537baa7d21123f20b9e2a04c2290db67eb458162772a0ee8
[Propose wait] S0 N0 spin=1 epoch=38 now=1780066166 InitTime=1780066090 lastpropose=1780066166 wallGap=76 need>=74 ok1=true lastGap=0 need>=2 ok2=false
[Propose wait] S0 N0 spin=50 epoch=38 now=1780066167 InitTime=1780066090 lastpropose=1780066166 wallGap=77 need>=74 ok1=true lastGap=1 need>=2 ok2=false
[Propose] S0 N0 时间条件满足: epoch=38->39 now=1780066168 InitTime=1780066090 lastpropose=1780066166 wallGap=78>=74 lastGap=2>=2 → propose1
[Propose] S0 N0 等待 sequenceLock…
[Propose] S0 N0 已持有 sequenceLock，seqID=38 即将 propose1
[propose1] S0 N0 seq=38 Tx_pool.Queue_len=0
left_count: 500
更新树花时间为: 0
写数据库IO花时间为: 20
编号为 38 的区块已加入本地区块链！curBlock: 
blockHeader: 
[0398e394a564ec4f537baa7d21123f20b9e2a04c2290db67eb458162772a0ee8 eea263af800c8a9a383dbca3ec4181921bc768e3e349d016acfd6c5378d2baec 56e81f171bcc55a6ff8345e692c0f86e5b48e01b996cadc001622fb5e363b421 38 1780066168]
# of transactions: 0
# of TXmig1s: 0
# of In1s: 0
# of Anns: 0
# of NSs: 0
blockHash: 
a46d3618cb922dcc3ce1cfc6ff63c9d9872d94fa0660aee575846d6d8eea83d0
[Propose wait] S0 N0 spin=1 epoch=39 now=1780066168 InitTime=1780066090 lastpropose=1780066168 wallGap=78 need>=76 ok1=true lastGap=0 need>=2 ok2=false
[Propose wait] S0 N0 spin=50 epoch=39 now=1780066169 InitTime=1780066090 lastpropose=1780066168 wallGap=79 need>=76 ok1=true lastGap=1 need>=2 ok2=false
[Propose] S0 N0 时间条件满足: epoch=39->40 now=1780066170 InitTime=1780066090 lastpropose=1780066168 wallGap=80>=76 lastGap=2>=2 → propose1
[Propose] S0 N0 等待 sequenceLock…
[Propose] S0 N0 已持有 sequenceLock，seqID=39 即将 propose1
[propose1] S0 N0 seq=39 Tx_pool.Queue_len=0
left_count: 500
更新树花时间为: 0
写数据库IO花时间为: 7
编号为 39 的区块已加入本地区块链！curBlock: 
blockHeader: 
[a46d3618cb922dcc3ce1cfc6ff63c9d9872d94fa0660aee575846d6d8eea83d0 eea263af800c8a9a383dbca3ec4181921bc768e3e349d016acfd6c5378d2baec 56e81f171bcc55a6ff8345e692c0f86e5b48e01b996cadc001622fb5e363b421 39 1780066170]
# of transactions: 0
# of TXmig1s: 0
# of In1s: 0
# of Anns: 0
# of NSs: 0
blockHash: 
295985bf4885995e780bf2e907c731637e11820504845dd946b4aded1bb0df47
[Propose wait] S0 N0 spin=1 epoch=40 now=1780066170 InitTime=1780066090 lastpropose=1780066170 wallGap=80 need>=78 ok1=true lastGap=0 need>=2 ok2=false
[Propose wait] S0 N0 spin=50 epoch=40 now=1780066171 InitTime=1780066090 lastpropose=1780066170 wallGap=81 need>=78 ok1=true lastGap=1 need>=2 ok2=false
[Propose] S0 N0 时间条件满足: epoch=40->41 now=1780066172 InitTime=1780066090 lastpropose=1780066170 wallGap=82>=78 lastGap=2>=2 → propose1
[Propose] S0 N0 等待 sequenceLock…
[Propose] S0 N0 已持有 sequenceLock，seqID=40 即将 propose1
[propose1] S0 N0 seq=40 Tx_pool.Queue_len=0
left_count: 500
更新树花时间为: 0
写数据库IO花时间为: 20
编号为 40 的区块已加入本地区块链！curBlock: 
blockHeader: 
[295985bf4885995e780bf2e907c731637e11820504845dd946b4aded1bb0df47 eea263af800c8a9a383dbca3ec4181921bc768e3e349d016acfd6c5378d2baec 56e81f171bcc55a6ff8345e692c0f86e5b48e01b996cadc001622fb5e363b421 40 1780066172]
# of transactions: 0
# of TXmig1s: 0
# of In1s: 0
# of Anns: 0
# of NSs: 0
blockHash: 
17fea2d0be4e0c78601f220567ab1451533af8e2b907b9102d1a8cc19f8d31bc
[Propose wait] S0 N0 spin=1 epoch=41 now=1780066172 InitTime=1780066090 lastpropose=1780066172 wallGap=82 need>=80 ok1=true lastGap=0 need>=2 ok2=false
[Propose wait] S0 N0 spin=50 epoch=41 now=1780066173 InitTime=1780066090 lastpropose=1780066172 wallGap=83 need>=80 ok1=true lastGap=1 need>=2 ok2=false
[Propose] S0 N0 时间条件满足: epoch=41->42 now=1780066174 InitTime=1780066090 lastpropose=1780066172 wallGap=84>=80 lastGap=2>=2 → propose1
[Propose] S0 N0 等待 sequenceLock…
[Propose] S0 N0 已持有 sequenceLock，seqID=41 即将 propose1
[propose1] S0 N0 seq=41 Tx_pool.Queue_len=0
left_count: 500
更新树花时间为: 0
写数据库IO花时间为: 15
编号为 41 的区块已加入本地区块链！curBlock: 
blockHeader: 
[17fea2d0be4e0c78601f220567ab1451533af8e2b907b9102d1a8cc19f8d31bc eea263af800c8a9a383dbca3ec4181921bc768e3e349d016acfd6c5378d2baec 56e81f171bcc55a6ff8345e692c0f86e5b48e01b996cadc001622fb5e363b421 41 1780066174]
# of transactions: 0
# of TXmig1s: 0
# of In1s: 0
# of Anns: 0
# of NSs: 0
blockHash: 
b38e2ea0b61be4ca3da10ce507ade622dcc6d89a6a9e4d19f66d8db5b7a2d656
[Propose wait] S0 N0 spin=1 epoch=42 now=1780066174 InitTime=1780066090 lastpropose=1780066174 wallGap=84 need>=82 ok1=true lastGap=0 need>=2 ok2=false
[Propose wait] S0 N0 spin=50 epoch=42 now=1780066175 InitTime=1780066090 lastpropose=1780066174 wallGap=85 need>=82 ok1=true lastGap=1 need>=2 ok2=false
[Propose] S0 N0 时间条件满足: epoch=42->43 now=1780066176 InitTime=1780066090 lastpropose=1780066174 wallGap=86>=82 lastGap=2>=2 → propose1
[Propose] S0 N0 等待 sequenceLock…
[Propose] S0 N0 已持有 sequenceLock，seqID=42 即将 propose1
[propose1] S0 N0 seq=42 Tx_pool.Queue_len=0
left_count: 500
更新树花时间为: 0
写数据库IO花时间为: 16
编号为 42 的区块已加入本地区块链！curBlock: 
blockHeader: 
[b38e2ea0b61be4ca3da10ce507ade622dcc6d89a6a9e4d19f66d8db5b7a2d656 eea263af800c8a9a383dbca3ec4181921bc768e3e349d016acfd6c5378d2baec 56e81f171bcc55a6ff8345e692c0f86e5b48e01b996cadc001622fb5e363b421 42 1780066176]
# of transactions: 0
# of TXmig1s: 0
# of In1s: 0
# of Anns: 0
# of NSs: 0
blockHash: 
e0c86586117bcce99576675dc771ce4214abeb849ade197625311d0cb48e68eb
[Propose wait] S0 N0 spin=1 epoch=43 now=1780066176 InitTime=1780066090 lastpropose=1780066176 wallGap=86 need>=84 ok1=true lastGap=0 need>=2 ok2=false
节点收到终止节点消息，停止运行
