MigrationStrategy=SOTA-Lock (Stop=false Lock=true NotLock=false)
&{77 N0 S0 2 0 D:\Desktop\实验室\MVSS+\MVSS-main\selectedTxs_300K.csv 2 500 300 150 150 150 150 1000 10 1 400 20000 0 50000 20 true SOTA-Lock false true false false true false 3 false 8 false false false PageRank false 100 true false}
&{77 N0 S0 2 0 D:\Desktop\实验室\MVSS+\MVSS-main\selectedTxs_300K.csv 2 500 300 150 150 150 150 1000 10 1 400 20000 0 50000 20 true SOTA-Lock false true false false true false 3 false 8 false false false PageRank false 100 true false}
交易将由外部客户端发送
节点 N0 已启动，所属分片: S0
[Propose wait-first-tx] S0 N0 seq=1 Queue_len=0，首块等待交易注入后再出块
节点开启监听，地址：127.0.0.1:8010
[Propose wait-first-tx] S0 N0 seq=1 Queue_len=0，首块等待交易注入后再出块
[Propose wait-first-tx] S0 N0 seq=1 Queue_len=0，首块等待交易注入后再出块
[Propose wait-first-tx] S0 N0 seq=1 Queue_len=0，首块等待交易注入后再出块
[Propose wait-first-tx] S0 N0 seq=1 Queue_len=0，首块等待交易注入后再出块
[Propose wait-first-tx] S0 N0 seq=1 Queue_len=0，首块等待交易注入后再出块
[Propose wait-first-tx] S0 N0 seq=1 Queue_len=0，首块等待交易注入后再出块
[Propose wait-first-tx] S0 N0 seq=1 Queue_len=0，首块等待交易注入后再出块
[Propose wait-first-tx] S0 N0 seq=1 Queue_len=0，首块等待交易注入后再出块
[Propose wait-first-tx] S0 N0 seq=1 Queue_len=0，首块等待交易注入后再出块
[Propose wait-first-tx] S0 N0 seq=1 Queue_len=0，首块等待交易注入后再出块
[Propose wait-first-tx] S0 N0 seq=1 Queue_len=0，首块等待交易注入后再出块
[Propose wait-first-tx] S0 N0 seq=1 Queue_len=0，首块等待交易注入后再出块
[Propose wait-first-tx] S0 N0 seq=1 Queue_len=0，首块等待交易注入后再出块
[Propose wait-first-tx] S0 N0 seq=1 Queue_len=0，首块等待交易注入后再出块
[Propose wait-first-tx] S0 N0 seq=1 Queue_len=0，首块等待交易注入后再出块
[Propose wait-first-tx] S0 N0 seq=1 Queue_len=0，首块等待交易注入后再出块
本节点已接收到客户端发送的初始时间：1780065872（锚定 InitTime=1780065872，已重置 epoch=1）
[Propose wait-first-tx] S0 N0 seq=1 Queue_len=0，首块等待交易注入后再出块
[Propose wait-first-tx] S0 N0 seq=1 Queue_len=0，首块等待交易注入后再出块
[Propose wait-first-tx] S0 N0 seq=1 Queue_len=0，首块等待交易注入后再出块
[handleTxFromClient] S0 N0 recv client batch, tx_count=501
[handleTxFromClient] S0 N0 append to Tx_pool.Queue: local_queued=501 forward_other_shard=0 Queue_total_len=501
[Propose wait-first-tx] S0 N0 首块已检测到交易，结束等待，Queue_len=501
[Propose] S0 N0 时间条件满足: epoch=1->2 now=1780065876 InitTime=1780065872 lastpropose=1780065872 wallGap=4>=0 lastGap=4>=2 → propose1
[Propose] S0 N0 等待 sequenceLock…
[Propose] S0 N0 已持有 sequenceLock，seqID=1 即将 propose1
[propose1] S0 N0 seq=1 Tx_pool.Queue_len=501
left_count: 500
更新树花时间为: 80
写数据库IO花时间为: 87
编号为 1 的区块已加入本地区块链！curBlock: 
blockHeader: 
[1add38160db0458a48072f3ade543ffb4af4e9cfdf8f76549b9568e046a6a3ff 7b3e88fa0b5e1e4338b9737d5a0e564bf0bcc9b86578f5c7afd64da08aa444d3 912d47f4ca1fc420e7508408b9fbba797a6d6ce662889be663b3fb3dab73407f 1 1780065876]
# of transactions: 500
# of TXmig1s: 0
# of In1s: 0
# of Anns: 0
# of NSs: 0
blockHash: 
7957d4a61922ffb6dc5ee104ddc9b00e14ae012e3dcd76781427805190c56d07

第1个块开始准备relay

[Propose wait] S0 N0 spin=1 epoch=2 now=1780065876 InitTime=1780065872 lastpropose=1780065876 wallGap=4 need>=2 ok1=true lastGap=0 need>=2 ok2=false

第1个块结束relay

[Propose wait] S0 N0 spin=50 epoch=2 now=1780065877 InitTime=1780065872 lastpropose=1780065876 wallGap=5 need>=2 ok1=true lastGap=1 need>=2 ok2=false
[Propose] S0 N0 时间条件满足: epoch=2->3 now=1780065878 InitTime=1780065872 lastpropose=1780065876 wallGap=6>=2 lastGap=2>=2 → propose1
[Propose] S0 N0 等待 sequenceLock…
[Propose] S0 N0 已持有 sequenceLock，seqID=2 即将 propose1
[propose1] S0 N0 seq=2 Tx_pool.Queue_len=197
left_count: 500
[handleTxFromClient] S0 N0 recv client batch, tx_count=472
[handleTxFromClient] S0 N0 append to Tx_pool.Queue: local_queued=472 forward_other_shard=0 Queue_total_len=472
更新树花时间为: 10
写数据库IO花时间为: 16
编号为 2 的区块已加入本地区块链！curBlock: 
blockHeader: 
[7957d4a61922ffb6dc5ee104ddc9b00e14ae012e3dcd76781427805190c56d07 2d8145dcd3756a6f0737e162608e0d19ec8650e7dba92ade69155a660750c2b5 e2cf1f7267e7a57f85d69942802a94869c47b8937c4507d652aa47cba1b4987f 2 1780065878]
# of transactions: 197
# of TXmig1s: 0
# of In1s: 0
# of Anns: 0
# of NSs: 0
blockHash: 
c13022110265d01a2d3757513e87c11ad8359a04d647a3371e0afd3dd0c1965f

第2个块开始准备relay

[Propose wait] S0 N0 spin=1 epoch=3 now=1780065878 InitTime=1780065872 lastpropose=1780065878 wallGap=6 need>=4 ok1=true lastGap=0 need>=2 ok2=false

第2个块结束relay

[Propose wait] S0 N0 spin=50 epoch=3 now=1780065879 InitTime=1780065872 lastpropose=1780065878 wallGap=7 need>=4 ok1=true lastGap=1 need>=2 ok2=false
[Propose] S0 N0 时间条件满足: epoch=3->4 now=1780065880 InitTime=1780065872 lastpropose=1780065878 wallGap=8>=4 lastGap=2>=2 → propose1
[Propose] S0 N0 等待 sequenceLock…
[Propose] S0 N0 已持有 sequenceLock，seqID=3 即将 propose1
[propose1] S0 N0 seq=3 Tx_pool.Queue_len=472
left_count: 500
[handleTxFromClient] S0 N0 recv client batch, tx_count=513
[handleTxFromClient] S0 N0 append to Tx_pool.Queue: local_queued=513 forward_other_shard=0 Queue_total_len=513
更新树花时间为: 76
写数据库IO花时间为: 83
编号为 3 的区块已加入本地区块链！curBlock: 
blockHeader: 
[c13022110265d01a2d3757513e87c11ad8359a04d647a3371e0afd3dd0c1965f a0fc74b0bda76b3c737fa9fc5050f08df494368e453572ea547d2d45c66277aa 0071a236c76de64cba515e05c9f181af258146ddf47f56147d8880b3941f2df5 3 1780065880]
# of transactions: 472
# of TXmig1s: 0
# of In1s: 0
# of Anns: 0
# of NSs: 0
blockHash: 
9889ab5c5785fd444bd91ac1f2b9a220527180cce0bbc70a654ef64468dacb46

第3个块开始准备relay

[Propose wait] S0 N0 spin=1 epoch=4 now=1780065880 InitTime=1780065872 lastpropose=1780065880 wallGap=8 need>=6 ok1=true lastGap=0 need>=2 ok2=false

第3个块结束relay

[Propose wait] S0 N0 spin=50 epoch=4 now=1780065881 InitTime=1780065872 lastpropose=1780065880 wallGap=9 need>=6 ok1=true lastGap=1 need>=2 ok2=false
[Propose] S0 N0 时间条件满足: epoch=4->5 now=1780065882 InitTime=1780065872 lastpropose=1780065880 wallGap=10>=6 lastGap=2>=2 → propose1
[Propose] S0 N0 等待 sequenceLock…
[Propose] S0 N0 已持有 sequenceLock，seqID=4 即将 propose1
[propose1] S0 N0 seq=4 Tx_pool.Queue_len=744
left_count: 500
[handleTxFromClient] S0 N0 recv client batch, tx_count=164
[handleTxFromClient] S0 N0 append to Tx_pool.Queue: local_queued=164 forward_other_shard=0 Queue_total_len=408
更新树花时间为: 47
写数据库IO花时间为: 53
编号为 4 的区块已加入本地区块链！curBlock: 
blockHeader: 
[9889ab5c5785fd444bd91ac1f2b9a220527180cce0bbc70a654ef64468dacb46 a28f6290833b99a2c8933e091d48fe991df05edf4df82e46ac1e3c265bf11497 b5b68fbe052fa0bb79c453c468916a666c42b7bde9edd9bc9c36743da3846d43 4 1780065882]
# of transactions: 500
# of TXmig1s: 0
# of In1s: 0
# of Anns: 0
# of NSs: 0
blockHash: 
7cec9430e4c8e66eba40885ed498daf750f2fef2578500093468d316d0413aef

第4个块开始准备relay

[Propose wait] S0 N0 spin=1 epoch=5 now=1780065882 InitTime=1780065872 lastpropose=1780065882 wallGap=10 need>=8 ok1=true lastGap=0 need>=2 ok2=false

第4个块结束relay

[Propose wait] S0 N0 spin=50 epoch=5 now=1780065883 InitTime=1780065872 lastpropose=1780065882 wallGap=11 need>=8 ok1=true lastGap=1 need>=2 ok2=false
[Propose] S0 N0 时间条件满足: epoch=5->6 now=1780065884 InitTime=1780065872 lastpropose=1780065882 wallGap=12>=8 lastGap=2>=2 → propose1
[Propose] S0 N0 等待 sequenceLock…
[Propose] S0 N0 已持有 sequenceLock，seqID=5 即将 propose1
[propose1] S0 N0 seq=5 Tx_pool.Queue_len=574
left_count: 500
[handleTxFromClient] S0 N0 recv client batch, tx_count=273
[handleTxFromClient] S0 N0 append to Tx_pool.Queue: local_queued=273 forward_other_shard=0 Queue_total_len=347
更新树花时间为: 25
写数据库IO花时间为: 30
编号为 5 的区块已加入本地区块链！curBlock: 
blockHeader: 
[7cec9430e4c8e66eba40885ed498daf750f2fef2578500093468d316d0413aef f33f4b3e9506ea2f012dd9ae31732f078c7d9a3e7d191ac53e516438f791671f 737806f13ca23a8431b3afe4d0b641a6fa2201ee1327180033b16a8048a1c3a0 5 1780065884]
# of transactions: 500
# of TXmig1s: 0
# of In1s: 0
# of Anns: 0
# of NSs: 0
blockHash: 
d7401d7811cf56d8ca719d933357f11e372341034115e23ca91f2310c76104f7

第5个块开始准备relay

[Propose wait] S0 N0 spin=1 epoch=6 now=1780065884 InitTime=1780065872 lastpropose=1780065884 wallGap=12 need>=10 ok1=true lastGap=0 need>=2 ok2=false

第5个块结束relay

[Propose wait] S0 N0 spin=50 epoch=6 now=1780065885 InitTime=1780065872 lastpropose=1780065884 wallGap=13 need>=10 ok1=true lastGap=1 need>=2 ok2=false
[Propose] S0 N0 时间条件满足: epoch=6->7 now=1780065886 InitTime=1780065872 lastpropose=1780065884 wallGap=14>=10 lastGap=2>=2 → propose1
[Propose] S0 N0 等待 sequenceLock…
[Propose] S0 N0 已持有 sequenceLock，seqID=6 即将 propose1
[propose1] S0 N0 seq=6 Tx_pool.Queue_len=606
left_count: 500
[handleTxFromClient] S0 N0 recv client batch, tx_count=564
[handleTxFromClient] S0 N0 append to Tx_pool.Queue: local_queued=564 forward_other_shard=0 Queue_total_len=670
更新树花时间为: 41
写数据库IO花时间为: 55
编号为 6 的区块已加入本地区块链！curBlock: 
blockHeader: 
[d7401d7811cf56d8ca719d933357f11e372341034115e23ca91f2310c76104f7 b9ddd1427b9bdf1098a13823141b34af972ae9b5849f3b8b021e77f682c477ef ca2d5f6024746bc1e2169b3de1ea664fea8b8ed4c480a20915a31832e41f65fb 6 1780065886]
# of transactions: 500
# of TXmig1s: 0
# of In1s: 0
# of Anns: 0
# of NSs: 0
blockHash: 
de8c74a098b37ccc2d3d791b7551eb8a2b148076368419ab801c6ec9c740b2c1

第6个块开始准备relay

[Propose wait] S0 N0 spin=1 epoch=7 now=1780065886 InitTime=1780065872 lastpropose=1780065886 wallGap=14 need>=12 ok1=true lastGap=0 need>=2 ok2=false

第6个块结束relay

[Propose wait] S0 N0 spin=50 epoch=7 now=1780065887 InitTime=1780065872 lastpropose=1780065886 wallGap=15 need>=12 ok1=true lastGap=1 need>=2 ok2=false
[Propose] S0 N0 时间条件满足: epoch=7->8 now=1780065888 InitTime=1780065872 lastpropose=1780065886 wallGap=16>=12 lastGap=2>=2 → propose1
[Propose] S0 N0 等待 sequenceLock…
[Propose] S0 N0 已持有 sequenceLock，seqID=7 即将 propose1
[propose1] S0 N0 seq=7 Tx_pool.Queue_len=813
left_count: 500
[handleTxFromClient] S0 N0 recv client batch, tx_count=516
[handleTxFromClient] S0 N0 append to Tx_pool.Queue: local_queued=516 forward_other_shard=0 Queue_total_len=829
更新树花时间为: 45
写数据库IO花时间为: 53
编号为 7 的区块已加入本地区块链！curBlock: 
blockHeader: 
[de8c74a098b37ccc2d3d791b7551eb8a2b148076368419ab801c6ec9c740b2c1 9fbc87926f6c0845e4069d3105f615c8067c4dc991e4b4a3c1a6fd645ada47c3 a6066136b94e5156dfb020f33ca87b2bfcf03d6718fa0133bc0f89607c41c17d 7 1780065888]
# of transactions: 500
# of TXmig1s: 0
# of In1s: 0
# of Anns: 0
# of NSs: 0
blockHash: 
3743dcdbf8ffe85a28cc8612e0f576be9e1132fd0f22e5314ec298bdd23203a8

第7个块开始准备relay

[Propose wait] S0 N0 spin=1 epoch=8 now=1780065888 InitTime=1780065872 lastpropose=1780065888 wallGap=16 need>=14 ok1=true lastGap=0 need>=2 ok2=false

第7个块结束relay

[Propose wait] S0 N0 spin=50 epoch=8 now=1780065889 InitTime=1780065872 lastpropose=1780065888 wallGap=17 need>=14 ok1=true lastGap=1 need>=2 ok2=false
[Propose] S0 N0 时间条件满足: epoch=8->9 now=1780065890 InitTime=1780065872 lastpropose=1780065888 wallGap=18>=14 lastGap=2>=2 → propose1
[Propose] S0 N0 等待 sequenceLock…
[Propose] S0 N0 已持有 sequenceLock，seqID=8 即将 propose1
[propose1] S0 N0 seq=8 Tx_pool.Queue_len=1013
left_count: 500
[handleTxFromClient] S0 N0 recv client batch, tx_count=564
[handleTxFromClient] S0 N0 append to Tx_pool.Queue: local_queued=564 forward_other_shard=0 Queue_total_len=1077
更新树花时间为: 43
写数据库IO花时间为: 52
编号为 8 的区块已加入本地区块链！curBlock: 
blockHeader: 
[3743dcdbf8ffe85a28cc8612e0f576be9e1132fd0f22e5314ec298bdd23203a8 16662d4451de481bf92877d7358feb6e9f8d1321609f63536d4859d8ab30f093 dbcdedfc01f71d0c501050c349b71093a54a43bf077ca285aa543e6bdae086ba 8 1780065890]
# of transactions: 500
# of TXmig1s: 0
# of In1s: 0
# of Anns: 0
# of NSs: 0
blockHash: 
b35fae6ca1deb94aa6ab2396a11bf819233efed2eb21ebb688bd7cbf4b8a7577

第8个块开始准备relay

[Propose wait] S0 N0 spin=1 epoch=9 now=1780065890 InitTime=1780065872 lastpropose=1780065890 wallGap=18 need>=16 ok1=true lastGap=0 need>=2 ok2=false

第8个块结束relay

[Propose wait] S0 N0 spin=50 epoch=9 now=1780065891 InitTime=1780065872 lastpropose=1780065890 wallGap=19 need>=16 ok1=true lastGap=1 need>=2 ok2=false
[Propose] S0 N0 时间条件满足: epoch=9->10 now=1780065892 InitTime=1780065872 lastpropose=1780065890 wallGap=20>=16 lastGap=2>=2 → propose1
[Propose] S0 N0 等待 sequenceLock…
[Propose] S0 N0 已持有 sequenceLock，seqID=9 即将 propose1
[propose1] S0 N0 seq=9 Tx_pool.Queue_len=1274
left_count: 500
[handleTxFromClient] S0 N0 recv client batch, tx_count=365
[handleTxFromClient] S0 N0 append to Tx_pool.Queue: local_queued=365 forward_other_shard=0 Queue_total_len=1139
更新树花时间为: 44
写数据库IO花时间为: 49
编号为 9 的区块已加入本地区块链！curBlock: 
blockHeader: 
[b35fae6ca1deb94aa6ab2396a11bf819233efed2eb21ebb688bd7cbf4b8a7577 05c5df46c2b53dfffb2762bbe2f1a992074c51c645364b2b159fd2490bbb1b26 671907b1676c31b19480ce0e7ba4151c8e8d462990b70edfea8a0539832509e5 9 1780065892]
# of transactions: 500
# of TXmig1s: 0
# of In1s: 0
# of Anns: 0
# of NSs: 0
blockHash: 
f805fbab93640bf81f479c6b53124ea0144b0a0f4432199015fdb8525bf00b27

第9个块开始准备relay

[Propose wait] S0 N0 spin=1 epoch=10 now=1780065892 InitTime=1780065872 lastpropose=1780065892 wallGap=20 need>=18 ok1=true lastGap=0 need>=2 ok2=false

第9个块结束relay

[Propose wait] S0 N0 spin=50 epoch=10 now=1780065893 InitTime=1780065872 lastpropose=1780065892 wallGap=21 need>=18 ok1=true lastGap=1 need>=2 ok2=false
[Propose] S0 N0 时间条件满足: epoch=10->11 now=1780065894 InitTime=1780065872 lastpropose=1780065892 wallGap=22>=18 lastGap=2>=2 → propose1
[Propose] S0 N0 等待 sequenceLock…
[Propose] S0 N0 已持有 sequenceLock，seqID=10 即将 propose1
[propose1] S0 N0 seq=10 Tx_pool.Queue_len=1300
left_count: 500
[handleTxFromClient] S0 N0 recv client batch, tx_count=524
更新树花时间为: 47
写数据库IO花时间为: 51
编号为 10 的区块已加入本地区块链！curBlock: 
blockHeader: 
[f805fbab93640bf81f479c6b53124ea0144b0a0f4432199015fdb8525bf00b27 ae5b608b9c25b44de85ebc4f50cff556f8a917857214c33b5c3684b41c92c572 e4fdd555b2e1a1bb2ae3c68b46a9136ce5487d746d64eb983c8b14d105f1463a 10 1780065894]
# of transactions: 500
# of TXmig1s: 0
# of In1s: 0
# of Anns: 0
# of NSs: 0
blockHash: 
00f52e9a2d13e94bca8a140cf4fa49ed8aa5529f335e2859502bea1e9f2b2556
[handleTxFromClient] S0 N0 append to Tx_pool.Queue: local_queued=524 forward_other_shard=0 Queue_total_len=1324

第10个块开始准备relay

[Propose wait] S0 N0 spin=1 epoch=11 now=1780065894 InitTime=1780065872 lastpropose=1780065894 wallGap=22 need>=20 ok1=true lastGap=0 need>=2 ok2=false

第10个块结束relay

[Propose wait] S0 N0 spin=50 epoch=11 now=1780065895 InitTime=1780065872 lastpropose=1780065894 wallGap=23 need>=20 ok1=true lastGap=1 need>=2 ok2=false
[Propose] S0 N0 时间条件满足: epoch=11->12 now=1780065896 InitTime=1780065872 lastpropose=1780065894 wallGap=24>=20 lastGap=2>=2 → propose1
[Propose] S0 N0 等待 sequenceLock…
[Propose] S0 N0 已持有 sequenceLock，seqID=11 即将 propose1
[propose1] S0 N0 seq=11 Tx_pool.Queue_len=1476
left_count: 500
更新树花时间为: 45
写数据库IO花时间为: 51
编号为 11 的区块已加入本地区块链！curBlock: 
blockHeader: 
[00f52e9a2d13e94bca8a140cf4fa49ed8aa5529f335e2859502bea1e9f2b2556 016cb6916140f2e150d3f9cc73afca68b7645de1c01a7a90900e5db8e0116d75 6dc138c4dd7c8d0a8624a74f952a9dc91348982e9bd0ac2fe6324e0aba5cf8d2 11 1780065896]
# of transactions: 500
# of TXmig1s: 0
# of In1s: 0
# of Anns: 0
# of NSs: 0
blockHash: 
b089dd0fb0440604b451b50bad46f5ede556bd8ba45e70910750f0f65a943637

第11个块开始准备relay

[Propose wait] S0 N0 spin=1 epoch=12 now=1780065896 InitTime=1780065872 lastpropose=1780065896 wallGap=24 need>=22 ok1=true lastGap=0 need>=2 ok2=false
[handleTxFromClient] S0 N0 recv client batch, tx_count=38
[handleTxFromClient] S0 N0 append to Tx_pool.Queue: local_queued=38 forward_other_shard=0 Queue_total_len=1014

第11个块结束relay

[Propose wait] S0 N0 spin=50 epoch=12 now=1780065897 InitTime=1780065872 lastpropose=1780065896 wallGap=25 need>=22 ok1=true lastGap=1 need>=2 ok2=false
[Propose] S0 N0 时间条件满足: epoch=12->13 now=1780065898 InitTime=1780065872 lastpropose=1780065896 wallGap=26>=22 lastGap=2>=2 → propose1
[Propose] S0 N0 等待 sequenceLock…
[Propose] S0 N0 已持有 sequenceLock，seqID=12 即将 propose1
[propose1] S0 N0 seq=12 Tx_pool.Queue_len=1177
left_count: 500
更新树花时间为: 39
写数据库IO花时间为: 46
编号为 12 的区块已加入本地区块链！curBlock: 
blockHeader: 
[b089dd0fb0440604b451b50bad46f5ede556bd8ba45e70910750f0f65a943637 25d964d9223c50e52e0408a10ea57cad1e5b39f6723028b41300175447582b97 2ce9b3c1021f36abf6f1d365d17c7e4d9344c75eed898c221671226688ddd77c 12 1780065898]
# of transactions: 500
# of TXmig1s: 0
# of In1s: 0
# of Anns: 0
# of NSs: 0
blockHash: 
dc6444f9bd103f1f4e6d1870c6b85d37e6283a506acfdf062e1320d845a4a2e8

第12个块开始准备relay

[Propose wait] S0 N0 spin=1 epoch=13 now=1780065898 InitTime=1780065872 lastpropose=1780065898 wallGap=26 need>=24 ok1=true lastGap=0 need>=2 ok2=false
[handleTxFromClient] S0 N0 recv client batch, tx_count=20
[handleTxFromClient] S0 N0 append to Tx_pool.Queue: local_queued=20 forward_other_shard=0 Queue_total_len=697

第12个块结束relay

[Propose wait] S0 N0 spin=50 epoch=13 now=1780065899 InitTime=1780065872 lastpropose=1780065898 wallGap=27 need>=24 ok1=true lastGap=1 need>=2 ok2=false
[Propose] S0 N0 时间条件满足: epoch=13->14 now=1780065900 InitTime=1780065872 lastpropose=1780065898 wallGap=28>=24 lastGap=2>=2 → propose1
[Propose] S0 N0 等待 sequenceLock…
[Propose] S0 N0 已持有 sequenceLock，seqID=13 即将 propose1
[propose1] S0 N0 seq=13 Tx_pool.Queue_len=821
left_count: 500
更新树花时间为: 46
写数据库IO花时间为: 53
编号为 13 的区块已加入本地区块链！curBlock: 
blockHeader: 
[dc6444f9bd103f1f4e6d1870c6b85d37e6283a506acfdf062e1320d845a4a2e8 d1b15db6b96f4737ce8bbe512767c0e94324a0b41bdb4f0f87ee8694e743774a 209fccacf884f05cadc9cf5f3664ffda954ff3fe4da07167299e6652634aa89b 13 1780065900]
# of transactions: 500
# of TXmig1s: 0
# of In1s: 0
# of Anns: 0
# of NSs: 0
blockHash: 
29d2e1e7f7176c43ea4e4bbaa43fd297d688c6eb9af1846cc9e30f9379ba2987

第13个块开始准备relay

[Propose wait] S0 N0 spin=1 epoch=14 now=1780065900 InitTime=1780065872 lastpropose=1780065900 wallGap=28 need>=26 ok1=true lastGap=0 need>=2 ok2=false
[handleTxFromClient] S0 N0 recv client batch, tx_count=41
[handleTxFromClient] S0 N0 append to Tx_pool.Queue: local_queued=41 forward_other_shard=0 Queue_total_len=362

第13个块结束relay

[Propose wait] S0 N0 spin=50 epoch=14 now=1780065901 InitTime=1780065872 lastpropose=1780065900 wallGap=29 need>=26 ok1=true lastGap=1 need>=2 ok2=false
[Propose] S0 N0 时间条件满足: epoch=14->15 now=1780065902 InitTime=1780065872 lastpropose=1780065900 wallGap=30>=26 lastGap=2>=2 → propose1
[Propose] S0 N0 等待 sequenceLock…
[Propose] S0 N0 已持有 sequenceLock，seqID=14 即将 propose1
[propose1] S0 N0 seq=14 Tx_pool.Queue_len=591
left_count: 500
更新树花时间为: 51
写数据库IO花时间为: 58
编号为 14 的区块已加入本地区块链！curBlock: 
blockHeader: 
[29d2e1e7f7176c43ea4e4bbaa43fd297d688c6eb9af1846cc9e30f9379ba2987 c766780f749b091e0838f2f21fe8873e517edf8900c07fc3e060c70418f1b10b 5400892a595bfa72b4e696370ea731cb1ef004ce82b3dcadac6e5b269d5b81f0 14 1780065902]
# of transactions: 500
# of TXmig1s: 0
# of In1s: 0
# of Anns: 0
# of NSs: 0
blockHash: 
2a4a80bf82f936d93015edcb0eba9f65529319e541f8fa8b821fc361eb146db7

第14个块开始准备relay

[Propose wait] S0 N0 spin=1 epoch=15 now=1780065902 InitTime=1780065872 lastpropose=1780065902 wallGap=30 need>=28 ok1=true lastGap=0 need>=2 ok2=false
[handleTxFromClient] S0 N0 recv client batch, tx_count=22
[handleTxFromClient] S0 N0 append to Tx_pool.Queue: local_queued=22 forward_other_shard=0 Queue_total_len=113

第14个块结束relay

[Propose wait] S0 N0 spin=50 epoch=15 now=1780065903 InitTime=1780065872 lastpropose=1780065902 wallGap=31 need>=28 ok1=true lastGap=1 need>=2 ok2=false
[Propose] S0 N0 时间条件满足: epoch=15->16 now=1780065904 InitTime=1780065872 lastpropose=1780065902 wallGap=32>=28 lastGap=2>=2 → propose1
[Propose] S0 N0 等待 sequenceLock…
[Propose] S0 N0 已持有 sequenceLock，seqID=15 即将 propose1
[propose1] S0 N0 seq=15 Tx_pool.Queue_len=279
left_count: 500
更新树花时间为: 19
写数据库IO花时间为: 24
编号为 15 的区块已加入本地区块链！curBlock: 
blockHeader: 
[2a4a80bf82f936d93015edcb0eba9f65529319e541f8fa8b821fc361eb146db7 f1bcc840a34d0e1a1a6de01882da1f244668775e079556e6d96101d988cf5136 1fb2c2608e6aa54c9c89b4ac9c0e127f6f3792a939373011af26612b56532c09 15 1780065904]
# of transactions: 279
# of TXmig1s: 0
# of In1s: 0
# of Anns: 0
# of NSs: 0
blockHash: 
bde37ddc73f3f0b5ca615f0c3ae1008f255a79c54be642d32b7ab096e30ac66a

第15个块开始准备relay

[Propose wait] S0 N0 spin=1 epoch=16 now=1780065904 InitTime=1780065872 lastpropose=1780065904 wallGap=32 need>=30 ok1=true lastGap=0 need>=2 ok2=false

第15个块结束relay

[handleTxFromClient] S0 N0 recv client batch, tx_count=72
[handleTxFromClient] S0 N0 append to Tx_pool.Queue: local_queued=72 forward_other_shard=0 Queue_total_len=72
[Propose wait] S0 N0 spin=50 epoch=16 now=1780065905 InitTime=1780065872 lastpropose=1780065904 wallGap=33 need>=30 ok1=true lastGap=1 need>=2 ok2=false
[Propose] S0 N0 时间条件满足: epoch=16->17 now=1780065906 InitTime=1780065872 lastpropose=1780065904 wallGap=34>=30 lastGap=2>=2 → propose1
[Propose] S0 N0 等待 sequenceLock…
[Propose] S0 N0 已持有 sequenceLock，seqID=16 即将 propose1
[propose1] S0 N0 seq=16 Tx_pool.Queue_len=330
left_count: 500
更新树花时间为: 24
写数据库IO花时间为: 30
编号为 16 的区块已加入本地区块链！curBlock: 
blockHeader: 
[bde37ddc73f3f0b5ca615f0c3ae1008f255a79c54be642d32b7ab096e30ac66a 1ee73b9aec5985e1e4ad643be3459901a09ef1e5e44031d37b65e14eb438c48d 80d629f13d24a834d59c45177f15d6377f4a839d040ed389e8feb0e894048379 16 1780065906]
# of transactions: 330
# of TXmig1s: 0
# of In1s: 0
# of Anns: 0
# of NSs: 0
blockHash: 
75b2ed8734448abb19d8b2b23022047c4cc5df6207aa2e05ccf4765814d8abcf

第16个块开始准备relay

[Propose wait] S0 N0 spin=1 epoch=17 now=1780065906 InitTime=1780065872 lastpropose=1780065906 wallGap=34 need>=32 ok1=true lastGap=0 need>=2 ok2=false

第16个块结束relay

[handleTxFromClient] S0 N0 recv client batch, tx_count=10
[handleTxFromClient] S0 N0 append to Tx_pool.Queue: local_queued=10 forward_other_shard=0 Queue_total_len=10
[Propose wait] S0 N0 spin=50 epoch=17 now=1780065907 InitTime=1780065872 lastpropose=1780065906 wallGap=35 need>=32 ok1=true lastGap=1 need>=2 ok2=false
[Propose] S0 N0 时间条件满足: epoch=17->18 now=1780065908 InitTime=1780065872 lastpropose=1780065906 wallGap=36>=32 lastGap=2>=2 → propose1
[Propose] S0 N0 等待 sequenceLock…
[Propose] S0 N0 已持有 sequenceLock，seqID=17 即将 propose1
[propose1] S0 N0 seq=17 Tx_pool.Queue_len=178
left_count: 500
更新树花时间为: 29
写数据库IO花时间为: 38
编号为 17 的区块已加入本地区块链！curBlock: 
blockHeader: 
[75b2ed8734448abb19d8b2b23022047c4cc5df6207aa2e05ccf4765814d8abcf 044affc0ebf244fba617a78fb6ce64967bab5f3fb3707f3d9708b2fdd4989cc3 b75309b698b783ca187cf4f53440c2247eef447f96d9a066808743f39699de93 17 1780065908]
# of transactions: 178
# of TXmig1s: 0
# of In1s: 0
# of Anns: 0
# of NSs: 0
blockHash: 
9db77726669d3843e21b865fdb538a886ba28ef4190f08467b032b38788c5c97

第17个块开始准备relay

[Propose wait] S0 N0 spin=1 epoch=18 now=1780065908 InitTime=1780065872 lastpropose=1780065908 wallGap=36 need>=34 ok1=true lastGap=0 need>=2 ok2=false

第17个块结束relay

[handleTxFromClient] S0 N0 recv client batch, tx_count=14
[handleTxFromClient] S0 N0 append to Tx_pool.Queue: local_queued=14 forward_other_shard=0 Queue_total_len=14
[Propose wait] S0 N0 spin=50 epoch=18 now=1780065909 InitTime=1780065872 lastpropose=1780065908 wallGap=37 need>=34 ok1=true lastGap=1 need>=2 ok2=false
[Propose] S0 N0 时间条件满足: epoch=18->19 now=1780065910 InitTime=1780065872 lastpropose=1780065908 wallGap=38>=34 lastGap=2>=2 → propose1
[Propose] S0 N0 等待 sequenceLock…
[Propose] S0 N0 已持有 sequenceLock，seqID=18 即将 propose1
[propose1] S0 N0 seq=18 Tx_pool.Queue_len=264
left_count: 500
更新树花时间为: 28
写数据库IO花时间为: 36
编号为 18 的区块已加入本地区块链！curBlock: 
blockHeader: 
[9db77726669d3843e21b865fdb538a886ba28ef4190f08467b032b38788c5c97 4a10471d2b27602142aa6b9549e7708b9fd798048379f02d166580902729c25b 5fb3280ee176e44404d2231885ff1885bafd5c66355bcd95b16fb9cfd379b3a8 18 1780065910]
# of transactions: 264
# of TXmig1s: 0
# of In1s: 0
# of Anns: 0
# of NSs: 0
blockHash: 
38bf9bcc53cb786347446947b272e636832146ce73d3401027c274811a0a2a42

第18个块开始准备relay

[Propose wait] S0 N0 spin=1 epoch=19 now=1780065910 InitTime=1780065872 lastpropose=1780065910 wallGap=38 need>=36 ok1=true lastGap=0 need>=2 ok2=false

第18个块结束relay

[handleTxFromClient] S0 N0 recv client batch, tx_count=31
[handleTxFromClient] S0 N0 append to Tx_pool.Queue: local_queued=31 forward_other_shard=0 Queue_total_len=31
[Propose wait] S0 N0 spin=50 epoch=19 now=1780065911 InitTime=1780065872 lastpropose=1780065910 wallGap=39 need>=36 ok1=true lastGap=1 need>=2 ok2=false
[Propose] S0 N0 时间条件满足: epoch=19->20 now=1780065912 InitTime=1780065872 lastpropose=1780065910 wallGap=40>=36 lastGap=2>=2 → propose1
[Propose] S0 N0 等待 sequenceLock…
[Propose] S0 N0 已持有 sequenceLock，seqID=19 即将 propose1
[propose1] S0 N0 seq=19 Tx_pool.Queue_len=210
left_count: 500
更新树花时间为: 22
写数据库IO花时间为: 27
编号为 19 的区块已加入本地区块链！curBlock: 
blockHeader: 
[38bf9bcc53cb786347446947b272e636832146ce73d3401027c274811a0a2a42 c9f0bae887fcebee00003792cd075f6b9f1141b3be82d78498566c3d085a873d 5c4b7b6336ca4974b3bbba1ffe430b6bc033874c2c87813ac2c1ca007687f005 19 1780065912]
# of transactions: 210
# of TXmig1s: 0
# of In1s: 0
# of Anns: 0
# of NSs: 0
blockHash: 
3158f7d57143981a0f84d52b73b4234179fd0780e1e94f66c5b41994959a8870

第19个块开始准备relay

[Propose wait] S0 N0 spin=1 epoch=20 now=1780065912 InitTime=1780065872 lastpropose=1780065912 wallGap=40 need>=38 ok1=true lastGap=0 need>=2 ok2=false

第19个块结束relay

[handleTxFromClient] S0 N0 recv client batch, tx_count=333
[handleTxFromClient] S0 N0 append to Tx_pool.Queue: local_queued=333 forward_other_shard=0 Queue_total_len=333
[Propose wait] S0 N0 spin=50 epoch=20 now=1780065913 InitTime=1780065872 lastpropose=1780065912 wallGap=41 need>=38 ok1=true lastGap=1 need>=2 ok2=false
[Propose] S0 N0 时间条件满足: epoch=20->21 now=1780065914 InitTime=1780065872 lastpropose=1780065912 wallGap=42>=38 lastGap=2>=2 → propose1
[Propose] S0 N0 等待 sequenceLock…
[Propose] S0 N0 已持有 sequenceLock，seqID=20 即将 propose1
[propose1] S0 N0 seq=20 Tx_pool.Queue_len=561
left_count: 500
更新树花时间为: 66
写数据库IO花时间为: 72
编号为 20 的区块已加入本地区块链！curBlock: 
blockHeader: 
[3158f7d57143981a0f84d52b73b4234179fd0780e1e94f66c5b41994959a8870 576374816d9638cb85c480bdd2c528511fe74de4f0e2bebae1c18f4483867cfc 472eccf0ac71117fe5c8b8e32a97e39aa1c0ec5b313cbb94f1583f32f684ed5c 20 1780065914]
# of transactions: 500
# of TXmig1s: 0
# of In1s: 0
# of Anns: 0
# of NSs: 0
blockHash: 
e8191f269e6ce8a2c707c6752860844c08cc6adf2e6ad633574baa4a566031e8

第20个块开始准备relay

[Propose wait] S0 N0 spin=1 epoch=21 now=1780065914 InitTime=1780065872 lastpropose=1780065914 wallGap=42 need>=40 ok1=true lastGap=0 need>=2 ok2=false
[handleTxFromClient] S0 N0 recv client batch, tx_count=581
[handleTxFromClient] S0 N0 append to Tx_pool.Queue: local_queued=581 forward_other_shard=0 Queue_total_len=642

第20个块结束relay

[Propose wait] S0 N0 spin=50 epoch=21 now=1780065915 InitTime=1780065872 lastpropose=1780065914 wallGap=43 need>=40 ok1=true lastGap=1 need>=2 ok2=false
[Propose] S0 N0 时间条件满足: epoch=21->22 now=1780065916 InitTime=1780065872 lastpropose=1780065914 wallGap=44>=40 lastGap=2>=2 → propose1
[Propose] S0 N0 等待 sequenceLock…
[Propose] S0 N0 已持有 sequenceLock，seqID=21 即将 propose1
[propose1] S0 N0 seq=21 Tx_pool.Queue_len=872
left_count: 500
更新树花时间为: 62
写数据库IO花时间为: 68
编号为 21 的区块已加入本地区块链！curBlock: 
blockHeader: 
[e8191f269e6ce8a2c707c6752860844c08cc6adf2e6ad633574baa4a566031e8 2324c6c33c8367ea21200794176e8ec64f9b233b49604b6f97ec994a44c86897 b42d39d7b70d16120ca76eae6da28eb052161ac81f4435620a7e2716299a4a77 21 1780065916]
# of transactions: 500
# of TXmig1s: 0
# of In1s: 0
# of Anns: 0
# of NSs: 0
blockHash: 
bb54eacfe74a017004486911d962c4af72acbaa48a106f88ff6c587240877929

第21个块开始准备relay

本节点已接收到client发来准备迁移通知
[Propose wait] S0 N0 spin=1 epoch=22 now=1780065916 InitTime=1780065872 lastpropose=1780065916 wallGap=44 need>=42 ok1=true lastGap=0 need>=2 ok2=false
本节点已将 pending 发送到 client（372 笔）
本节点已接收到客户端发送的新映射
[handleTxFromClient] S0 N0 recv client batch, tx_count=636
[handleTxFromClient] S0 N0 append to Tx_pool.Queue: local_queued=636 forward_other_shard=0 Queue_total_len=1008

第21个块结束relay

[Propose wait] S0 N0 spin=50 epoch=22 now=1780065917 InitTime=1780065872 lastpropose=1780065916 wallGap=45 need>=42 ok1=true lastGap=1 need>=2 ok2=false
[Propose] S0 N0 时间条件满足: epoch=22->23 now=1780065918 InitTime=1780065872 lastpropose=1780065916 wallGap=46>=42 lastGap=2>=2 → propose1
[Propose] S0 N0 等待 sequenceLock…
[Propose] S0 N0 已持有 sequenceLock，seqID=22 即将 propose1
[propose1] S0 N0 seq=22 Tx_pool.Queue_len=1204
left_count: 200
更新树花时间为: 45
写数据库IO花时间为: 52
编号为 22 的区块已加入本地区块链！curBlock: 
blockHeader: 
[bb54eacfe74a017004486911d962c4af72acbaa48a106f88ff6c587240877929 59be0ecb5a6b38644de0523b4789d405cb2e4aefc559ebbfd3875bb1c608aca3 2cc83567a75845b2b44037ccdf335fe92cdd62fa5e80fe02f24f9314643aeb19 22 1780065918]
# of transactions: 200
# of TXmig1s: 300
# of In1s: 0
# of Anns: 0
# of NSs: 0
blockHash: 
8a2497a0513fa507b5ff98e8d7c4ee33809c9658b2b42e973cbbc8b2da0d41c4

第22个块开始准备relay

[Propose wait] S0 N0 spin=1 epoch=23 now=1780065918 InitTime=1780065872 lastpropose=1780065918 wallGap=46 need>=44 ok1=true lastGap=0 need>=2 ok2=false

本节点已接收到分片S1发来的迁移请求 
9999999999999999999999399469560000000000


第22个块结束relay

[handleTxFromClient] S0 N0 recv client batch, tx_count=688
[handleTxFromClient] S0 N0 append to Tx_pool.Queue: local_queued=688 forward_other_shard=0 Queue_total_len=1692
[Propose wait] S0 N0 spin=50 epoch=23 now=1780065919 InitTime=1780065872 lastpropose=1780065918 wallGap=47 need>=44 ok1=true lastGap=1 need>=2 ok2=false
[Propose] S0 N0 时间条件满足: epoch=23->24 now=1780065920 InitTime=1780065872 lastpropose=1780065918 wallGap=48>=44 lastGap=2>=2 → propose1
[Propose] S0 N0 等待 sequenceLock…
[Propose] S0 N0 已持有 sequenceLock，seqID=23 即将 propose1
[propose1] S0 N0 seq=23 Tx_pool.Queue_len=1917
left_count: 288
更新树花时间为: 62
写数据库IO花时间为: 70
编号为 23 的区块已加入本地区块链！curBlock: 
blockHeader: 
[8a2497a0513fa507b5ff98e8d7c4ee33809c9658b2b42e973cbbc8b2da0d41c4 d4a8565b5aed7baa3caa9e728790d8ed0d9b426282f41d5ad1b9c262be732409 340351858b864e63c7c247c9be05e848a660f386a7b36244539639056a6ddd1d 23 1780065920]
# of transactions: 288
# of TXmig1s: 152
# of In1s: 60
# of Anns: 0
# of NSs: 0
blockHash: 
ec1a430dcbd7bf881520902485534febc7024b7eb930e9f809a784ea18f3b26e

第23个块开始准备relay

[Propose wait] S0 N0 spin=1 epoch=24 now=1780065920 InitTime=1780065872 lastpropose=1780065920 wallGap=48 need>=46 ok1=true lastGap=0 need>=2 ok2=false
[handleTxFromClient] S0 N0 recv client batch, tx_count=626
[handleTxFromClient] S0 N0 append to Tx_pool.Queue: local_queued=626 forward_other_shard=0 Queue_total_len=2153

第23个块结束relay

[Propose wait] S0 N0 spin=50 epoch=24 now=1780065921 InitTime=1780065872 lastpropose=1780065920 wallGap=49 need>=46 ok1=true lastGap=1 need>=2 ok2=false
[Propose] S0 N0 时间条件满足: epoch=24->25 now=1780065922 InitTime=1780065872 lastpropose=1780065920 wallGap=50>=46 lastGap=2>=2 → propose1
[Propose] S0 N0 等待 sequenceLock…
[Propose] S0 N0 已持有 sequenceLock，seqID=24 即将 propose1
[propose1] S0 N0 seq=24 Tx_pool.Queue_len=2153
left_count: 500
更新树花时间为: 75
写数据库IO花时间为: 85
编号为 24 的区块已加入本地区块链！curBlock: 
blockHeader: 
[ec1a430dcbd7bf881520902485534febc7024b7eb930e9f809a784ea18f3b26e c57cbfb3fe22c57a71535c72b82379627c61570b8476c6bcd9a4481d2df6f238 e3548a6c1eba512a75d77c81db33721962467140c9f9684e7e3c6963cb2a4632 24 1780065922]
# of transactions: 500
# of TXmig1s: 0
# of In1s: 0
# of Anns: 0
# of NSs: 0
blockHash: 
0c091689568938c1e674f688259153483aeb9a8ac017c0f3fef4c20742c76578

第24个块开始准备relay

[Propose wait] S0 N0 spin=1 epoch=25 now=1780065922 InitTime=1780065872 lastpropose=1780065922 wallGap=50 need>=48 ok1=true lastGap=0 need>=2 ok2=false
时间：1780065922215  本节点已接收到新
本节点已将迁移过来的pending交易的账户数量发送到client

[handleTxFromClient] S0 N0 recv client batch, tx_count=665
[handleTxFromClient] S0 N0 append to Tx_pool.Queue: local_queued=665 forward_other_shard=0 Queue_total_len=2373
本节点已接收到分片S1发来通知 
1
2
3

第24个块结束relay

[Propose wait] S0 N0 spin=50 epoch=25 now=1780065923 InitTime=1780065872 lastpropose=1780065922 wallGap=51 need>=48 ok1=true lastGap=1 need>=2 ok2=false
本节点已接收到分片S1发来通知 
1
2
3
[Propose] S0 N0 时间条件满足: epoch=25->26 now=1780065924 InitTime=1780065872 lastpropose=1780065922 wallGap=52>=48 lastGap=2>=2 → propose1
[Propose] S0 N0 等待 sequenceLock…
[Propose] S0 N0 已持有 sequenceLock，seqID=25 即将 propose1
[propose1] S0 N0 seq=25 Tx_pool.Queue_len=2507
left_count: 200
更新树花时间为: 56
写数据库IO花时间为: 74
编号为 25 的区块已加入本地区块链！curBlock: 
blockHeader: 
[0c091689568938c1e674f688259153483aeb9a8ac017c0f3fef4c20742c76578 c32712f4d5770e941708f5029395f5234b1e2455fd65d6dd0bd3452c1fcd12c2 098729bd0ba85b962cc663ce7a122b71e9afc0523544405ab7e4d04808584c72 25 1780065924]
# of transactions: 200
# of TXmig1s: 0
# of In1s: 0
# of Anns: 300
# of NSs: 0
blockHash: 
98d3c3451941ded6df4ac8a5b03946c3c13e2c1da2bb5072d04a3bc80e1cef4c
handleAnns时是第25个块

handleannounce交易池操作时差为：1000
handleannounce两锁时差为：1000


第25个块开始准备relay

[Propose wait] S0 N0 spin=1 epoch=26 now=1780065924 InitTime=1780065872 lastpropose=1780065924 wallGap=52 need>=50 ok1=true lastGap=0 need>=2 ok2=false
时间：52248  正在向分片S1的主节点发送新
本节点已将不变的账户数量发送到client


第25个块结束relay

[handleTxFromClient] S0 N0 recv client batch, tx_count=667
[handleTxFromClient] S0 N0 append to Tx_pool.Queue: local_queued=667 forward_other_shard=0 Queue_total_len=2950
[Propose wait] S0 N0 spin=50 epoch=26 now=1780065925 InitTime=1780065872 lastpropose=1780065924 wallGap=53 need>=50 ok1=true lastGap=1 need>=2 ok2=false
[Propose] S0 N0 时间条件满足: epoch=26->27 now=1780065926 InitTime=1780065872 lastpropose=1780065924 wallGap=54>=50 lastGap=2>=2 → propose1
[Propose] S0 N0 等待 sequenceLock…
[Propose] S0 N0 已持有 sequenceLock，seqID=26 即将 propose1
[propose1] S0 N0 seq=26 Tx_pool.Queue_len=3168
left_count: 348
更新树花时间为: 63
写数据库IO花时间为: 77
编号为 26 的区块已加入本地区块链！curBlock: 
blockHeader: 
[98d3c3451941ded6df4ac8a5b03946c3c13e2c1da2bb5072d04a3bc80e1cef4c e697264f3764ac5e488a7cbd6d740503beba0bd45f93bc480f739ab61129a10f 25a41da157f2d4b200184efcc2e9e7911d215f08376d2ecfac7cd6e4fb18cdae 26 1780065926]
# of transactions: 348
# of TXmig1s: 0
# of In1s: 0
# of Anns: 152
# of NSs: 0
blockHash: 
1b246a41e25c265d43f7cadbcc67c2205abcfd9765368d921c7bd672338ae8cc
handleAnns时是第26个块

handleannounce交易池操作时差为：1085
handleannounce两锁时差为：1610


第26个块开始准备relay

[Propose wait] S0 N0 spin=1 epoch=27 now=1780065926 InitTime=1780065872 lastpropose=1780065926 wallGap=54 need>=52 ok1=true lastGap=0 need>=2 ok2=false
时间：54206  正在向分片S1的主节点发送新
本节点已将不变的账户数量发送到client


第26个块结束relay

[Propose wait] S0 N0 spin=50 epoch=27 now=1780065927 InitTime=1780065872 lastpropose=1780065926 wallGap=55 need>=52 ok1=true lastGap=1 need>=2 ok2=false
[Propose] S0 N0 时间条件满足: epoch=27->28 now=1780065928 InitTime=1780065872 lastpropose=1780065926 wallGap=56>=52 lastGap=2>=2 → propose1
[Propose] S0 N0 等待 sequenceLock…
[Propose] S0 N0 已持有 sequenceLock，seqID=27 即将 propose1
[propose1] S0 N0 seq=27 Tx_pool.Queue_len=2990
left_count: 500
更新树花时间为: 82
写数据库IO花时间为: 98
编号为 27 的区块已加入本地区块链！curBlock: 
blockHeader: 
[1b246a41e25c265d43f7cadbcc67c2205abcfd9765368d921c7bd672338ae8cc 25b35e2dcde25056f0199725d69cfd07f7b0ea9c4f00b82e882e49e9d9d91ba5 aa5617d25ef4c8bc013da830cd07729b3bacab5f628e69690ce36d6d629e3f14 27 1780065928]
# of transactions: 500
# of TXmig1s: 0
# of In1s: 0
# of Anns: 0
# of NSs: 0
blockHash: 
ab4d22c3169f20f60c64e955bffc71d9db207d495131cc8a48ff08f439ebec33

第27个块开始准备relay

[Propose wait] S0 N0 spin=1 epoch=28 now=1780065928 InitTime=1780065872 lastpropose=1780065928 wallGap=56 need>=54 ok1=true lastGap=0 need>=2 ok2=false

第27个块结束relay

[Propose wait] S0 N0 spin=50 epoch=28 now=1780065929 InitTime=1780065872 lastpropose=1780065928 wallGap=57 need>=54 ok1=true lastGap=1 need>=2 ok2=false
[Propose] S0 N0 时间条件满足: epoch=28->29 now=1780065930 InitTime=1780065872 lastpropose=1780065928 wallGap=58>=54 lastGap=2>=2 → propose1
[Propose] S0 N0 等待 sequenceLock…
[Propose] S0 N0 已持有 sequenceLock，seqID=28 即将 propose1
[propose1] S0 N0 seq=28 Tx_pool.Queue_len=2682
left_count: 500
更新树花时间为: 81
写数据库IO花时间为: 91
编号为 28 的区块已加入本地区块链！curBlock: 
blockHeader: 
[ab4d22c3169f20f60c64e955bffc71d9db207d495131cc8a48ff08f439ebec33 5ecbe10146b821d07a6dc8c322f1d7dd695c9b656184cb4e0a949fe3ebc67890 a18e5d3e858a70a7f08f1d51f7bf664b3c0370fb29a9d56690f1a1850318b556 28 1780065930]
# of transactions: 500
# of TXmig1s: 0
# of In1s: 0
# of Anns: 0
# of NSs: 0
blockHash: 
243e1ae03622626f7004fd2bb4caf90d7907595007dc7768b01f4d5730df0af0

第28个块开始准备relay

[Propose wait] S0 N0 spin=1 epoch=29 now=1780065930 InitTime=1780065872 lastpropose=1780065930 wallGap=58 need>=56 ok1=true lastGap=0 need>=2 ok2=false

第28个块结束relay

[Propose wait] S0 N0 spin=50 epoch=29 now=1780065931 InitTime=1780065872 lastpropose=1780065930 wallGap=59 need>=56 ok1=true lastGap=1 need>=2 ok2=false
[Propose] S0 N0 时间条件满足: epoch=29->30 now=1780065932 InitTime=1780065872 lastpropose=1780065930 wallGap=60>=56 lastGap=2>=2 → propose1
[Propose] S0 N0 等待 sequenceLock…
[Propose] S0 N0 已持有 sequenceLock，seqID=29 即将 propose1
[propose1] S0 N0 seq=29 Tx_pool.Queue_len=2294
left_count: 500
更新树花时间为: 70
写数据库IO花时间为: 80
编号为 29 的区块已加入本地区块链！curBlock: 
blockHeader: 
[243e1ae03622626f7004fd2bb4caf90d7907595007dc7768b01f4d5730df0af0 048365375b8191de1f9ba9df55200287ea280efd564fd19dc86bb36ba51d2003 8444a170df4c156dbd7670adecccb7034e0b80d97a2d62f25a90410be2ee6f7b 29 1780065932]
# of transactions: 500
# of TXmig1s: 0
# of In1s: 0
# of Anns: 0
# of NSs: 0
blockHash: 
110149e817e8aaaf757e8fb7cab9db3b186841a21fa9ee971b6f075da3b16788

第29个块开始准备relay

[Propose wait] S0 N0 spin=1 epoch=30 now=1780065932 InitTime=1780065872 lastpropose=1780065932 wallGap=60 need>=58 ok1=true lastGap=0 need>=2 ok2=false

第29个块结束relay

[Propose wait] S0 N0 spin=50 epoch=30 now=1780065933 InitTime=1780065872 lastpropose=1780065932 wallGap=61 need>=58 ok1=true lastGap=1 need>=2 ok2=false
[Propose] S0 N0 时间条件满足: epoch=30->31 now=1780065934 InitTime=1780065872 lastpropose=1780065932 wallGap=62>=58 lastGap=2>=2 → propose1
[Propose] S0 N0 等待 sequenceLock…
[Propose] S0 N0 已持有 sequenceLock，seqID=30 即将 propose1
[propose1] S0 N0 seq=30 Tx_pool.Queue_len=1895
left_count: 500
更新树花时间为: 124
写数据库IO花时间为: 134
编号为 30 的区块已加入本地区块链！curBlock: 
blockHeader: 
[110149e817e8aaaf757e8fb7cab9db3b186841a21fa9ee971b6f075da3b16788 06548662eaf9aea0f6279a382418ad6ea11756ef3689938b932af1bf179023c3 ca52e1e0dda70ab9910e690b5ee4bf7819921deb4c680e67eab99a3096a88d84 30 1780065934]
# of transactions: 500
# of TXmig1s: 0
# of In1s: 0
# of Anns: 0
# of NSs: 0
blockHash: 
db740405b75609e59ac07532ac471fa27b22bbe19c8f2c82571de235991c225b

第30个块开始准备relay

[Propose wait] S0 N0 spin=1 epoch=31 now=1780065934 InitTime=1780065872 lastpropose=1780065934 wallGap=62 need>=60 ok1=true lastGap=0 need>=2 ok2=false

第30个块结束relay

[Propose wait] S0 N0 spin=50 epoch=31 now=1780065935 InitTime=1780065872 lastpropose=1780065934 wallGap=63 need>=60 ok1=true lastGap=1 need>=2 ok2=false
[Propose] S0 N0 时间条件满足: epoch=31->32 now=1780065936 InitTime=1780065872 lastpropose=1780065934 wallGap=64>=60 lastGap=2>=2 → propose1
[Propose] S0 N0 等待 sequenceLock…
[Propose] S0 N0 已持有 sequenceLock，seqID=31 即将 propose1
[propose1] S0 N0 seq=31 Tx_pool.Queue_len=1496
left_count: 500
更新树花时间为: 60
写数据库IO花时间为: 69
编号为 31 的区块已加入本地区块链！curBlock: 
blockHeader: 
[db740405b75609e59ac07532ac471fa27b22bbe19c8f2c82571de235991c225b e5935590afc34bba922fe78c32d1c6d1230c2545404b1ffb179b6f948cee5e24 d326d071ad7da8c6e54c2e3f12ed6cbd1dc88796b311c2afbd1ee1f61b3414d3 31 1780065936]
# of transactions: 500
# of TXmig1s: 0
# of In1s: 0
# of Anns: 0
# of NSs: 0
blockHash: 
1f1c2401b32bd7d4f76825a3ed8d65a3bd0d5942764ba542576642e47548e42f

第31个块开始准备relay

[Propose wait] S0 N0 spin=1 epoch=32 now=1780065936 InitTime=1780065872 lastpropose=1780065936 wallGap=64 need>=62 ok1=true lastGap=0 need>=2 ok2=false

第31个块结束relay

[Propose wait] S0 N0 spin=50 epoch=32 now=1780065937 InitTime=1780065872 lastpropose=1780065936 wallGap=65 need>=62 ok1=true lastGap=1 need>=2 ok2=false
[Propose] S0 N0 时间条件满足: epoch=32->33 now=1780065938 InitTime=1780065872 lastpropose=1780065936 wallGap=66>=62 lastGap=2>=2 → propose1
[Propose] S0 N0 等待 sequenceLock…
[Propose] S0 N0 已持有 sequenceLock，seqID=32 即将 propose1
[propose1] S0 N0 seq=32 Tx_pool.Queue_len=1018
left_count: 500
更新树花时间为: 51
写数据库IO花时间为: 65
编号为 32 的区块已加入本地区块链！curBlock: 
blockHeader: 
[1f1c2401b32bd7d4f76825a3ed8d65a3bd0d5942764ba542576642e47548e42f 371846c14bb37d1046fa6c9f00385a4d71b7e76a44f4a540c4ba6d2b68f95e68 9c4c4a84f1503cb16a03e40fc5bad18d79cebc96338d9114b86451ee08d8a080 32 1780065938]
# of transactions: 500
# of TXmig1s: 0
# of In1s: 0
# of Anns: 0
# of NSs: 0
blockHash: 
a35b81d8d41cd34774fc14de8a0b9f363a09de5353424a59e52ecd7bbaa4d272

第32个块开始准备relay

[Propose wait] S0 N0 spin=1 epoch=33 now=1780065938 InitTime=1780065872 lastpropose=1780065938 wallGap=66 need>=64 ok1=true lastGap=0 need>=2 ok2=false

第32个块结束relay

[Propose wait] S0 N0 spin=50 epoch=33 now=1780065939 InitTime=1780065872 lastpropose=1780065938 wallGap=67 need>=64 ok1=true lastGap=1 need>=2 ok2=false
[Propose] S0 N0 时间条件满足: epoch=33->34 now=1780065940 InitTime=1780065872 lastpropose=1780065938 wallGap=68>=64 lastGap=2>=2 → propose1
[Propose] S0 N0 等待 sequenceLock…
[Propose] S0 N0 已持有 sequenceLock，seqID=33 即将 propose1
[propose1] S0 N0 seq=33 Tx_pool.Queue_len=546
left_count: 500
更新树花时间为: 35
写数据库IO花时间为: 61
编号为 33 的区块已加入本地区块链！curBlock: 
blockHeader: 
[a35b81d8d41cd34774fc14de8a0b9f363a09de5353424a59e52ecd7bbaa4d272 c7054b5fd2267ee2104ea95e6829d240bf08d512fee92da766bb432e0a387f67 e260c530ccb1187eaa2799feb03fe354f8b7679352a6b00b82e2ed24b3fbae0e 33 1780065940]
# of transactions: 500
# of TXmig1s: 0
# of In1s: 0
# of Anns: 0
# of NSs: 0
blockHash: 
5be7c07fd693540fdd3b8e77270de5a71bcef046a0fd8bb14bf24dffea231acd
[Propose wait] S0 N0 spin=1 epoch=34 now=1780065940 InitTime=1780065872 lastpropose=1780065940 wallGap=68 need>=66 ok1=true lastGap=0 need>=2 ok2=false
[Propose wait] S0 N0 spin=50 epoch=34 now=1780065941 InitTime=1780065872 lastpropose=1780065940 wallGap=69 need>=66 ok1=true lastGap=1 need>=2 ok2=false
[Propose] S0 N0 时间条件满足: epoch=34->35 now=1780065942 InitTime=1780065872 lastpropose=1780065940 wallGap=70>=66 lastGap=2>=2 → propose1
[Propose] S0 N0 等待 sequenceLock…
[Propose] S0 N0 已持有 sequenceLock，seqID=34 即将 propose1
[propose1] S0 N0 seq=34 Tx_pool.Queue_len=46
left_count: 500
更新树花时间为: 6
写数据库IO花时间为: 24
编号为 34 的区块已加入本地区块链！curBlock: 
blockHeader: 
[5be7c07fd693540fdd3b8e77270de5a71bcef046a0fd8bb14bf24dffea231acd ef41f510fd7a53b821f59084c8095bf63f754efa94bfb7ffb33c1bcff6edafc9 1b92b23c7281ec348f8771bf43acdacb57ac50759fe38278c3521048d1df8dee 34 1780065942]
# of transactions: 46
# of TXmig1s: 0
# of In1s: 0
# of Anns: 0
# of NSs: 0
blockHash: 
5016eb9c49d3ee09e2fdf92ac45707904fd4d4154f5273bfc11d47a37336f2b5
[Propose wait] S0 N0 spin=1 epoch=35 now=1780065942 InitTime=1780065872 lastpropose=1780065942 wallGap=70 need>=68 ok1=true lastGap=0 need>=2 ok2=false
[Propose wait] S0 N0 spin=50 epoch=35 now=1780065943 InitTime=1780065872 lastpropose=1780065942 wallGap=71 need>=68 ok1=true lastGap=1 need>=2 ok2=false
[Propose] S0 N0 时间条件满足: epoch=35->36 now=1780065944 InitTime=1780065872 lastpropose=1780065942 wallGap=72>=68 lastGap=2>=2 → propose1
[Propose] S0 N0 等待 sequenceLock…
[Propose] S0 N0 已持有 sequenceLock，seqID=35 即将 propose1
[propose1] S0 N0 seq=35 Tx_pool.Queue_len=0
left_count: 500
更新树花时间为: 0
写数据库IO花时间为: 6
编号为 35 的区块已加入本地区块链！curBlock: 
blockHeader: 
[5016eb9c49d3ee09e2fdf92ac45707904fd4d4154f5273bfc11d47a37336f2b5 ef41f510fd7a53b821f59084c8095bf63f754efa94bfb7ffb33c1bcff6edafc9 56e81f171bcc55a6ff8345e692c0f86e5b48e01b996cadc001622fb5e363b421 35 1780065944]
# of transactions: 0
# of TXmig1s: 0
# of In1s: 0
# of Anns: 0
# of NSs: 0
blockHash: 
709946672ae2cd80657d83435deb43ceaaa124903c010d2f658ae0db58330c0f
[Propose wait] S0 N0 spin=1 epoch=36 now=1780065944 InitTime=1780065872 lastpropose=1780065944 wallGap=72 need>=70 ok1=true lastGap=0 need>=2 ok2=false
[Propose wait] S0 N0 spin=50 epoch=36 now=1780065945 InitTime=1780065872 lastpropose=1780065944 wallGap=73 need>=70 ok1=true lastGap=1 need>=2 ok2=false
[Propose] S0 N0 时间条件满足: epoch=36->37 now=1780065946 InitTime=1780065872 lastpropose=1780065944 wallGap=74>=70 lastGap=2>=2 → propose1
[Propose] S0 N0 等待 sequenceLock…
[Propose] S0 N0 已持有 sequenceLock，seqID=36 即将 propose1
[propose1] S0 N0 seq=36 Tx_pool.Queue_len=0
left_count: 500
更新树花时间为: 0
写数据库IO花时间为: 13
编号为 36 的区块已加入本地区块链！curBlock: 
blockHeader: 
[709946672ae2cd80657d83435deb43ceaaa124903c010d2f658ae0db58330c0f ef41f510fd7a53b821f59084c8095bf63f754efa94bfb7ffb33c1bcff6edafc9 56e81f171bcc55a6ff8345e692c0f86e5b48e01b996cadc001622fb5e363b421 36 1780065946]
# of transactions: 0
# of TXmig1s: 0
# of In1s: 0
# of Anns: 0
# of NSs: 0
blockHash: 
9c11dc1150ba42b1bd5994116986b328ee8866a976a2c3c4f63a64494cee3190
[Propose wait] S0 N0 spin=1 epoch=37 now=1780065946 InitTime=1780065872 lastpropose=1780065946 wallGap=74 need>=72 ok1=true lastGap=0 need>=2 ok2=false
[Propose wait] S0 N0 spin=50 epoch=37 now=1780065947 InitTime=1780065872 lastpropose=1780065946 wallGap=75 need>=72 ok1=true lastGap=1 need>=2 ok2=false
[Propose] S0 N0 时间条件满足: epoch=37->38 now=1780065948 InitTime=1780065872 lastpropose=1780065946 wallGap=76>=72 lastGap=2>=2 → propose1
[Propose] S0 N0 等待 sequenceLock…
[Propose] S0 N0 已持有 sequenceLock，seqID=37 即将 propose1
[propose1] S0 N0 seq=37 Tx_pool.Queue_len=0
left_count: 500
更新树花时间为: 1
写数据库IO花时间为: 8
编号为 37 的区块已加入本地区块链！curBlock: 
blockHeader: 
[9c11dc1150ba42b1bd5994116986b328ee8866a976a2c3c4f63a64494cee3190 ef41f510fd7a53b821f59084c8095bf63f754efa94bfb7ffb33c1bcff6edafc9 56e81f171bcc55a6ff8345e692c0f86e5b48e01b996cadc001622fb5e363b421 37 1780065948]
# of transactions: 0
# of TXmig1s: 0
# of In1s: 0
# of Anns: 0
# of NSs: 0
blockHash: 
bd5e0fee8319adf04e7b046fa148b07e98ae573fe11450f60e2e0cdb28ec4bf3
[Propose wait] S0 N0 spin=1 epoch=38 now=1780065948 InitTime=1780065872 lastpropose=1780065948 wallGap=76 need>=74 ok1=true lastGap=0 need>=2 ok2=false
[Propose wait] S0 N0 spin=50 epoch=38 now=1780065949 InitTime=1780065872 lastpropose=1780065948 wallGap=77 need>=74 ok1=true lastGap=1 need>=2 ok2=false
[Propose] S0 N0 时间条件满足: epoch=38->39 now=1780065950 InitTime=1780065872 lastpropose=1780065948 wallGap=78>=74 lastGap=2>=2 → propose1
[Propose] S0 N0 等待 sequenceLock…
[Propose] S0 N0 已持有 sequenceLock，seqID=38 即将 propose1
[propose1] S0 N0 seq=38 Tx_pool.Queue_len=0
left_count: 500
更新树花时间为: 0
写数据库IO花时间为: 8
编号为 38 的区块已加入本地区块链！curBlock: 
blockHeader: 
[bd5e0fee8319adf04e7b046fa148b07e98ae573fe11450f60e2e0cdb28ec4bf3 ef41f510fd7a53b821f59084c8095bf63f754efa94bfb7ffb33c1bcff6edafc9 56e81f171bcc55a6ff8345e692c0f86e5b48e01b996cadc001622fb5e363b421 38 1780065950]
# of transactions: 0
# of TXmig1s: 0
# of In1s: 0
# of Anns: 0
# of NSs: 0
blockHash: 
5e9f4b8a0edcf3e6363e352c70c9ffac7d528c64137b21db6c75d8b2c88b42ea
[Propose wait] S0 N0 spin=1 epoch=39 now=1780065950 InitTime=1780065872 lastpropose=1780065950 wallGap=78 need>=76 ok1=true lastGap=0 need>=2 ok2=false
[Propose wait] S0 N0 spin=50 epoch=39 now=1780065951 InitTime=1780065872 lastpropose=1780065950 wallGap=79 need>=76 ok1=true lastGap=1 need>=2 ok2=false
[Propose] S0 N0 时间条件满足: epoch=39->40 now=1780065952 InitTime=1780065872 lastpropose=1780065950 wallGap=80>=76 lastGap=2>=2 → propose1
[Propose] S0 N0 等待 sequenceLock…
[Propose] S0 N0 已持有 sequenceLock，seqID=39 即将 propose1
[propose1] S0 N0 seq=39 Tx_pool.Queue_len=0
left_count: 500
更新树花时间为: 0
写数据库IO花时间为: 9
编号为 39 的区块已加入本地区块链！curBlock: 
blockHeader: 
[5e9f4b8a0edcf3e6363e352c70c9ffac7d528c64137b21db6c75d8b2c88b42ea ef41f510fd7a53b821f59084c8095bf63f754efa94bfb7ffb33c1bcff6edafc9 56e81f171bcc55a6ff8345e692c0f86e5b48e01b996cadc001622fb5e363b421 39 1780065952]
# of transactions: 0
# of TXmig1s: 0
# of In1s: 0
# of Anns: 0
# of NSs: 0
blockHash: 
bff7b1759941d34fd7854cd86aee42caf17e433f9596aaf705b72c41bc4003c5
[Propose wait] S0 N0 spin=1 epoch=40 now=1780065952 InitTime=1780065872 lastpropose=1780065952 wallGap=80 need>=78 ok1=true lastGap=0 need>=2 ok2=false
节点收到终止节点消息，停止运行
