MigrationStrategy=SOTA-Lock (Stop=false Lock=true NotLock=false)
&{77 N0 S1 2 0 D:\Desktop\实验室\MVSS+\MVSS-main\selectedTxs_300K.csv 2 500 300 150 150 150 150 1000 10 1 400 20000 0 50000 20 true SOTA-Lock false true false false true false 3 false 8 false false false PageRank false 100 true false}
&{77 N0 S1 2 0 D:\Desktop\实验室\MVSS+\MVSS-main\selectedTxs_300K.csv 2 500 300 150 150 150 150 1000 10 1 400 20000 0 50000 20 true SOTA-Lock false true false false true false 3 false 8 false false false PageRank false 100 true false}
交易将由外部客户端发送
[Propose wait-first-tx] S1 N0 seq=1 Queue_len=0，首块等待交易注入后再出块
节点 N0 已启动，所属分片: S1
节点开启监听，地址：127.0.0.1:8020
[Propose wait-first-tx] S1 N0 seq=1 Queue_len=0，首块等待交易注入后再出块
[Propose wait-first-tx] S1 N0 seq=1 Queue_len=0，首块等待交易注入后再出块
[Propose wait-first-tx] S1 N0 seq=1 Queue_len=0，首块等待交易注入后再出块
[Propose wait-first-tx] S1 N0 seq=1 Queue_len=0，首块等待交易注入后再出块
[Propose wait-first-tx] S1 N0 seq=1 Queue_len=0，首块等待交易注入后再出块
[Propose wait-first-tx] S1 N0 seq=1 Queue_len=0，首块等待交易注入后再出块
[Propose wait-first-tx] S1 N0 seq=1 Queue_len=0，首块等待交易注入后再出块
[Propose wait-first-tx] S1 N0 seq=1 Queue_len=0，首块等待交易注入后再出块
[Propose wait-first-tx] S1 N0 seq=1 Queue_len=0，首块等待交易注入后再出块
[Propose wait-first-tx] S1 N0 seq=1 Queue_len=0，首块等待交易注入后再出块
[Propose wait-first-tx] S1 N0 seq=1 Queue_len=0，首块等待交易注入后再出块
[Propose wait-first-tx] S1 N0 seq=1 Queue_len=0，首块等待交易注入后再出块
[Propose wait-first-tx] S1 N0 seq=1 Queue_len=0，首块等待交易注入后再出块
[Propose wait-first-tx] S1 N0 seq=1 Queue_len=0，首块等待交易注入后再出块
[Propose wait-first-tx] S1 N0 seq=1 Queue_len=0，首块等待交易注入后再出块
[Propose wait-first-tx] S1 N0 seq=1 Queue_len=0，首块等待交易注入后再出块
本节点已接收到客户端发送的初始时间：1780065872（锚定 InitTime=1780065872，已重置 epoch=1）
[Propose wait-first-tx] S1 N0 seq=1 Queue_len=0，首块等待交易注入后再出块
[Propose wait-first-tx] S1 N0 seq=1 Queue_len=0，首块等待交易注入后再出块
[Propose wait-first-tx] S1 N0 seq=1 Queue_len=0，首块等待交易注入后再出块
[handleTxFromClient] S1 N0 recv client batch, tx_count=299
[handleTxFromClient] S1 N0 append to Tx_pool.Queue: local_queued=299 forward_other_shard=0 Queue_total_len=299
[Propose wait-first-tx] S1 N0 首块已检测到交易，结束等待，Queue_len=299
[Propose] S1 N0 时间条件满足: epoch=1->2 now=1780065876 InitTime=1780065872 lastpropose=1780065872 wallGap=4>=0 lastGap=4>=2 → propose1
[Propose] S1 N0 等待 sequenceLock…
[Propose] S1 N0 已持有 sequenceLock，seqID=1 即将 propose1
[propose1] S1 N0 seq=1 Tx_pool.Queue_len=299
left_count: 500
更新树花时间为: 41
写数据库IO花时间为: 47
编号为 1 的区块已加入本地区块链！curBlock: 
blockHeader: 
[1add38160db0458a48072f3ade543ffb4af4e9cfdf8f76549b9568e046a6a3ff dba33cc8cdd570619fbad69316e04db2366108231fd138011bf7408e151738b6 c9288e0e088d1b8ddc02c74333e6e97b7ec1ddd519fc0acb40c3da88780abd64 1 1780065876]
# of transactions: 299
# of TXmig1s: 0
# of In1s: 0
# of Anns: 0
# of NSs: 0
blockHash: 
a98cb28a8db9b75d6a25685eac33426a98e919039bee2784b2a4aaef974731c9

第1个块开始准备relay

[Propose wait] S1 N0 spin=1 epoch=2 now=1780065876 InitTime=1780065872 lastpropose=1780065876 wallGap=4 need>=2 ok1=true lastGap=0 need>=2 ok2=false

第1个块结束relay

[Propose wait] S1 N0 spin=50 epoch=2 now=1780065877 InitTime=1780065872 lastpropose=1780065876 wallGap=5 need>=2 ok1=true lastGap=1 need>=2 ok2=false
[Propose] S1 N0 时间条件满足: epoch=2->3 now=1780065878 InitTime=1780065872 lastpropose=1780065876 wallGap=6>=2 lastGap=2>=2 → propose1
[Propose] S1 N0 等待 sequenceLock…
[Propose] S1 N0 已持有 sequenceLock，seqID=2 即将 propose1
[propose1] S1 N0 seq=2 Tx_pool.Queue_len=185
left_count: 500
[handleTxFromClient] S1 N0 recv client batch, tx_count=328
[handleTxFromClient] S1 N0 append to Tx_pool.Queue: local_queued=328 forward_other_shard=0 Queue_total_len=328
更新树花时间为: 13
写数据库IO花时间为: 19
编号为 2 的区块已加入本地区块链！curBlock: 
blockHeader: 
[a98cb28a8db9b75d6a25685eac33426a98e919039bee2784b2a4aaef974731c9 a7503b225023f931d2a679345b921d4b9cec6915e542071a1ec98679f45cefd2 82bc9a45312fcc839c1272a1af06e56a69491530e04fc967891324189368ed70 2 1780065878]
# of transactions: 185
# of TXmig1s: 0
# of In1s: 0
# of Anns: 0
# of NSs: 0
blockHash: 
ce1053fa3c04f38ef51fa8028bb013ba7def10d912f05f1cbeac513b7bcacc4a
[Propose wait] S1 N0 spin=1 epoch=3 now=1780065878 InitTime=1780065872 lastpropose=1780065878 wallGap=6 need>=4 ok1=true lastGap=0 need>=2 ok2=false
[Propose wait] S1 N0 spin=50 epoch=3 now=1780065879 InitTime=1780065872 lastpropose=1780065878 wallGap=7 need>=4 ok1=true lastGap=1 need>=2 ok2=false
[Propose] S1 N0 时间条件满足: epoch=3->4 now=1780065880 InitTime=1780065872 lastpropose=1780065878 wallGap=8>=4 lastGap=2>=2 → propose1
[Propose] S1 N0 等待 sequenceLock…
[Propose] S1 N0 已持有 sequenceLock，seqID=3 即将 propose1
[propose1] S1 N0 seq=3 Tx_pool.Queue_len=329
left_count: 500
[handleTxFromClient] S1 N0 recv client batch, tx_count=287
[handleTxFromClient] S1 N0 append to Tx_pool.Queue: local_queued=287 forward_other_shard=0 Queue_total_len=287
更新树花时间为: 58
写数据库IO花时间为: 65
编号为 3 的区块已加入本地区块链！curBlock: 
blockHeader: 
[ce1053fa3c04f38ef51fa8028bb013ba7def10d912f05f1cbeac513b7bcacc4a 6a3504c60a4c0a43b46a40fde94d4754128a2e53c885d52af6615b141fcb9a82 d376429add82753831faf37ab7b40de6d4c40863a05d98bb5e58842ca0be8e5b 3 1780065880]
# of transactions: 329
# of TXmig1s: 0
# of In1s: 0
# of Anns: 0
# of NSs: 0
blockHash: 
20c39a628884c7e9a07a403b4f854c5919c3f7117ba2c2589b777ed957f9fabf

第3个块开始准备relay

[Propose wait] S1 N0 spin=1 epoch=4 now=1780065880 InitTime=1780065872 lastpropose=1780065880 wallGap=8 need>=6 ok1=true lastGap=0 need>=2 ok2=false

第3个块结束relay

[Propose wait] S1 N0 spin=50 epoch=4 now=1780065881 InitTime=1780065872 lastpropose=1780065880 wallGap=9 need>=6 ok1=true lastGap=1 need>=2 ok2=false
[Propose] S1 N0 时间条件满足: epoch=4->5 now=1780065882 InitTime=1780065872 lastpropose=1780065880 wallGap=10>=6 lastGap=2>=2 → propose1
[Propose] S1 N0 等待 sequenceLock…
[Propose] S1 N0 已持有 sequenceLock，seqID=4 即将 propose1
[propose1] S1 N0 seq=4 Tx_pool.Queue_len=436
left_count: 500
[handleTxFromClient] S1 N0 recv client batch, tx_count=636
[handleTxFromClient] S1 N0 append to Tx_pool.Queue: local_queued=636 forward_other_shard=0 Queue_total_len=636
更新树花时间为: 42
写数据库IO花时间为: 47
编号为 4 的区块已加入本地区块链！curBlock: 
blockHeader: 
[20c39a628884c7e9a07a403b4f854c5919c3f7117ba2c2589b777ed957f9fabf 5eaebae2f36a57a39d0ea00d5511c3e3373be7e60f93b8eba5be0171c9267fc4 1e19bd57a157e5a3ee955520b2b655fc5c60f1efc2d0935d2c848cec9a00778a 4 1780065882]
# of transactions: 436
# of TXmig1s: 0
# of In1s: 0
# of Anns: 0
# of NSs: 0
blockHash: 
215c9c25d39372522f1ea6f54477abadbcb3920060bbd1a64a2c16d34d6dc3e1

第4个块开始准备relay

[Propose wait] S1 N0 spin=1 epoch=5 now=1780065882 InitTime=1780065872 lastpropose=1780065882 wallGap=10 need>=8 ok1=true lastGap=0 need>=2 ok2=false

第4个块结束relay

[Propose wait] S1 N0 spin=50 epoch=5 now=1780065883 InitTime=1780065872 lastpropose=1780065882 wallGap=11 need>=8 ok1=true lastGap=1 need>=2 ok2=false
[Propose] S1 N0 时间条件满足: epoch=5->6 now=1780065884 InitTime=1780065872 lastpropose=1780065882 wallGap=12>=8 lastGap=2>=2 → propose1
[Propose] S1 N0 等待 sequenceLock…
[Propose] S1 N0 已持有 sequenceLock，seqID=5 即将 propose1
[propose1] S1 N0 seq=5 Tx_pool.Queue_len=845
left_count: 500
[handleTxFromClient] S1 N0 recv client batch, tx_count=527
[handleTxFromClient] S1 N0 append to Tx_pool.Queue: local_queued=527 forward_other_shard=0 Queue_total_len=872
更新树花时间为: 47
写数据库IO花时间为: 54
编号为 5 的区块已加入本地区块链！curBlock: 
blockHeader: 
[215c9c25d39372522f1ea6f54477abadbcb3920060bbd1a64a2c16d34d6dc3e1 969afe19ce1f049635d427b5a9647df83ba273d674f46dbdfb61dff4a3c782a2 0208e673c0bef66e69f39ee5097e9f89c3d9648e67b540d00fb44b57495ac83a 5 1780065884]
# of transactions: 500
# of TXmig1s: 0
# of In1s: 0
# of Anns: 0
# of NSs: 0
blockHash: 
4c00d78c60a936e00dc2b829d49f6adb7e11c75b203c43312d1136b5cbe7f3f5

第5个块开始准备relay

[Propose wait] S1 N0 spin=1 epoch=6 now=1780065884 InitTime=1780065872 lastpropose=1780065884 wallGap=12 need>=10 ok1=true lastGap=0 need>=2 ok2=false

第5个块结束relay

[Propose wait] S1 N0 spin=50 epoch=6 now=1780065885 InitTime=1780065872 lastpropose=1780065884 wallGap=13 need>=10 ok1=true lastGap=1 need>=2 ok2=false
[Propose] S1 N0 时间条件满足: epoch=6->7 now=1780065886 InitTime=1780065872 lastpropose=1780065884 wallGap=14>=10 lastGap=2>=2 → propose1
[Propose] S1 N0 等待 sequenceLock…
[Propose] S1 N0 已持有 sequenceLock，seqID=6 即将 propose1
[propose1] S1 N0 seq=6 Tx_pool.Queue_len=949
left_count: 500
[handleTxFromClient] S1 N0 recv client batch, tx_count=236
[handleTxFromClient] S1 N0 append to Tx_pool.Queue: local_queued=236 forward_other_shard=0 Queue_total_len=685
更新树花时间为: 40
写数据库IO花时间为: 58
编号为 6 的区块已加入本地区块链！curBlock: 
blockHeader: 
[4c00d78c60a936e00dc2b829d49f6adb7e11c75b203c43312d1136b5cbe7f3f5 5f9af60af7455e70fb56033bb9c9417c449c3151a8b4340c66ca9ce01f13fb8c 1476a42e02f1c70fafa9965214e089e9ef43997ac5aa00022590ba0316f0a863 6 1780065886]
# of transactions: 500
# of TXmig1s: 0
# of In1s: 0
# of Anns: 0
# of NSs: 0
blockHash: 
68cf2c978a2119f819751bf6f6cb2bdbea2a02134adcd8c72221394dfff206fb

第6个块开始准备relay

[Propose wait] S1 N0 spin=1 epoch=7 now=1780065886 InitTime=1780065872 lastpropose=1780065886 wallGap=14 need>=12 ok1=true lastGap=0 need>=2 ok2=false

第6个块结束relay

[Propose wait] S1 N0 spin=50 epoch=7 now=1780065887 InitTime=1780065872 lastpropose=1780065886 wallGap=15 need>=12 ok1=true lastGap=1 need>=2 ok2=false
[Propose] S1 N0 时间条件满足: epoch=7->8 now=1780065888 InitTime=1780065872 lastpropose=1780065886 wallGap=16>=12 lastGap=2>=2 → propose1
[Propose] S1 N0 等待 sequenceLock…
[Propose] S1 N0 已持有 sequenceLock，seqID=7 即将 propose1
[propose1] S1 N0 seq=7 Tx_pool.Queue_len=827
left_count: 500
[handleTxFromClient] S1 N0 recv client batch, tx_count=284
[handleTxFromClient] S1 N0 append to Tx_pool.Queue: local_queued=284 forward_other_shard=0 Queue_total_len=611
更新树花时间为: 43
写数据库IO花时间为: 50
编号为 7 的区块已加入本地区块链！curBlock: 
blockHeader: 
[68cf2c978a2119f819751bf6f6cb2bdbea2a02134adcd8c72221394dfff206fb 97e1d6c525678cc6e8df3f86511026f23918c7dbac7b5f0f753166064bbfaa6f 48d3e09a1565a364daef8beab3e0df82dd6e5191f2c86c9c60ac0f3679ae6741 7 1780065888]
# of transactions: 500
# of TXmig1s: 0
# of In1s: 0
# of Anns: 0
# of NSs: 0
blockHash: 
86c54f0d42e6d78012e323d86679ce66d7e0c83df463e94a39a8880ea5affc79

第7个块开始准备relay

[Propose wait] S1 N0 spin=1 epoch=8 now=1780065888 InitTime=1780065872 lastpropose=1780065888 wallGap=16 need>=14 ok1=true lastGap=0 need>=2 ok2=false

第7个块结束relay

[Propose wait] S1 N0 spin=50 epoch=8 now=1780065889 InitTime=1780065872 lastpropose=1780065888 wallGap=17 need>=14 ok1=true lastGap=1 need>=2 ok2=false
[Propose] S1 N0 时间条件满足: epoch=8->9 now=1780065890 InitTime=1780065872 lastpropose=1780065888 wallGap=18>=14 lastGap=2>=2 → propose1
[Propose] S1 N0 等待 sequenceLock…
[Propose] S1 N0 已持有 sequenceLock，seqID=8 即将 propose1
[propose1] S1 N0 seq=8 Tx_pool.Queue_len=793
left_count: 500
[handleTxFromClient] S1 N0 recv client batch, tx_count=236
[handleTxFromClient] S1 N0 append to Tx_pool.Queue: local_queued=236 forward_other_shard=0 Queue_total_len=529
更新树花时间为: 42
写数据库IO花时间为: 51
编号为 8 的区块已加入本地区块链！curBlock: 
blockHeader: 
[86c54f0d42e6d78012e323d86679ce66d7e0c83df463e94a39a8880ea5affc79 bb0ed7af40bef421a0e3531cce58bce09341c2d2ebf03e7ff0593bb938bb5873 42f73eddf9efb9572723cee6974684a935a3084cf589b51c918a72bf85ad0045 8 1780065890]
# of transactions: 500
# of TXmig1s: 0
# of In1s: 0
# of Anns: 0
# of NSs: 0
blockHash: 
aaf0f04b857bef597375d73e9149d45d1d3842f70ccd9010a64555a9758e75fb

第8个块开始准备relay

[Propose wait] S1 N0 spin=1 epoch=9 now=1780065890 InitTime=1780065872 lastpropose=1780065890 wallGap=18 need>=16 ok1=true lastGap=0 need>=2 ok2=false

第8个块结束relay

[Propose wait] S1 N0 spin=50 epoch=9 now=1780065891 InitTime=1780065872 lastpropose=1780065890 wallGap=19 need>=16 ok1=true lastGap=1 need>=2 ok2=false
[Propose] S1 N0 时间条件满足: epoch=9->10 now=1780065892 InitTime=1780065872 lastpropose=1780065890 wallGap=20>=16 lastGap=2>=2 → propose1
[Propose] S1 N0 等待 sequenceLock…
[Propose] S1 N0 已持有 sequenceLock，seqID=9 即将 propose1
[propose1] S1 N0 seq=9 Tx_pool.Queue_len=718
left_count: 500
[handleTxFromClient] S1 N0 recv client batch, tx_count=435
[handleTxFromClient] S1 N0 append to Tx_pool.Queue: local_queued=435 forward_other_shard=0 Queue_total_len=653
更新树花时间为: 46
写数据库IO花时间为: 52
编号为 9 的区块已加入本地区块链！curBlock: 
blockHeader: 
[aaf0f04b857bef597375d73e9149d45d1d3842f70ccd9010a64555a9758e75fb e5d8c114c0080617074cde2e58a12197249d1a6c6e5ad17325ac6962e9c3a211 74f0395652b2da5f8fbf6da677f1c3660e49af70e063ba964f717eb5367096f9 9 1780065892]
# of transactions: 500
# of TXmig1s: 0
# of In1s: 0
# of Anns: 0
# of NSs: 0
blockHash: 
83b5c32ddb182d5ac12b67ce8cc558068b6810b1f05281d377341ecbc159b725

第9个块开始准备relay

[Propose wait] S1 N0 spin=1 epoch=10 now=1780065892 InitTime=1780065872 lastpropose=1780065892 wallGap=20 need>=18 ok1=true lastGap=0 need>=2 ok2=false

第9个块结束relay

[Propose wait] S1 N0 spin=50 epoch=10 now=1780065893 InitTime=1780065872 lastpropose=1780065892 wallGap=21 need>=18 ok1=true lastGap=1 need>=2 ok2=false
[Propose] S1 N0 时间条件满足: epoch=10->11 now=1780065894 InitTime=1780065872 lastpropose=1780065892 wallGap=22>=18 lastGap=2>=2 → propose1
[Propose] S1 N0 等待 sequenceLock…
[Propose] S1 N0 已持有 sequenceLock，seqID=10 即将 propose1
[propose1] S1 N0 seq=10 Tx_pool.Queue_len=833
left_count: 500
更新树花时间为: 44
写数据库IO花时间为: 48
编号为 10 的区块已加入本地区块链！curBlock: 
blockHeader: 
[83b5c32ddb182d5ac12b67ce8cc558068b6810b1f05281d377341ecbc159b725 3e2555cf52d169fe5fafd774dd6729adb287e0e119db1208dabf5942eee9b4bf c1a172fdd7cfce3e40449cfc270084c54407fc2d43d248e473a412fe177f8ca1 10 1780065894]
# of transactions: 500
# of TXmig1s: 0
# of In1s: 0
# of Anns: 0
# of NSs: 0
blockHash: 
53ea3fc3ab0f0b9c6d811a5d244f42027f1691888ccd955947afe00a5aecb034

第10个块开始准备relay

[Propose wait] S1 N0 spin=1 epoch=11 now=1780065894 InitTime=1780065872 lastpropose=1780065894 wallGap=22 need>=20 ok1=true lastGap=0 need>=2 ok2=false
[handleTxFromClient] S1 N0 recv client batch, tx_count=276
[handleTxFromClient] S1 N0 append to Tx_pool.Queue: local_queued=276 forward_other_shard=0 Queue_total_len=609

第10个块结束relay

[Propose wait] S1 N0 spin=50 epoch=11 now=1780065895 InitTime=1780065872 lastpropose=1780065894 wallGap=23 need>=20 ok1=true lastGap=1 need>=2 ok2=false
[Propose] S1 N0 时间条件满足: epoch=11->12 now=1780065896 InitTime=1780065872 lastpropose=1780065894 wallGap=24>=20 lastGap=2>=2 → propose1
[Propose] S1 N0 等待 sequenceLock…
[Propose] S1 N0 已持有 sequenceLock，seqID=11 即将 propose1
[propose1] S1 N0 seq=11 Tx_pool.Queue_len=850
left_count: 500
更新树花时间为: 43
写数据库IO花时间为: 48
编号为 11 的区块已加入本地区块链！curBlock: 
blockHeader: 
[53ea3fc3ab0f0b9c6d811a5d244f42027f1691888ccd955947afe00a5aecb034 2dfb2f97df9933c8697cad38a0f3b9771fd4d962f212026b3479536c29908ef5 c1e51618b9e6be3bfa4797a23919113c4fcfc956c9009705e0be72e66a5f62b9 11 1780065896]
# of transactions: 500
# of TXmig1s: 0
# of In1s: 0
# of Anns: 0
# of NSs: 0
blockHash: 
f3973e572be0b44b12df682c44fc8e7a56ba47835f952b161caf09818df7fe92

第11个块开始准备relay

[Propose wait] S1 N0 spin=1 epoch=12 now=1780065896 InitTime=1780065872 lastpropose=1780065896 wallGap=24 need>=22 ok1=true lastGap=0 need>=2 ok2=false
[handleTxFromClient] S1 N0 recv client batch, tx_count=762
[handleTxFromClient] S1 N0 append to Tx_pool.Queue: local_queued=762 forward_other_shard=0 Queue_total_len=1112

第11个块结束relay

[Propose wait] S1 N0 spin=50 epoch=12 now=1780065897 InitTime=1780065872 lastpropose=1780065896 wallGap=25 need>=22 ok1=true lastGap=1 need>=2 ok2=false
[Propose] S1 N0 时间条件满足: epoch=12->13 now=1780065898 InitTime=1780065872 lastpropose=1780065896 wallGap=26>=22 lastGap=2>=2 → propose1
[Propose] S1 N0 等待 sequenceLock…
[Propose] S1 N0 已持有 sequenceLock，seqID=12 即将 propose1
[propose1] S1 N0 seq=12 Tx_pool.Queue_len=1260
left_count: 500
更新树花时间为: 37
写数据库IO花时间为: 43
编号为 12 的区块已加入本地区块链！curBlock: 
blockHeader: 
[f3973e572be0b44b12df682c44fc8e7a56ba47835f952b161caf09818df7fe92 a8b55fafb1721b187e6ab368b6cd4323ba25b9602022236903e2fde662ab9968 067b188d976779730183e8c8bb414a6587d21617e7c98212f79373a611aca587 12 1780065898]
# of transactions: 500
# of TXmig1s: 0
# of In1s: 0
# of Anns: 0
# of NSs: 0
blockHash: 
5f7a51268016918224a12d259764232c585a2164702a043abc7a516257a1c3a4

第12个块开始准备relay

[Propose wait] S1 N0 spin=1 epoch=13 now=1780065898 InitTime=1780065872 lastpropose=1780065898 wallGap=26 need>=24 ok1=true lastGap=0 need>=2 ok2=false
[handleTxFromClient] S1 N0 recv client batch, tx_count=780
[handleTxFromClient] S1 N0 append to Tx_pool.Queue: local_queued=780 forward_other_shard=0 Queue_total_len=1540

第12个块结束relay

[Propose wait] S1 N0 spin=50 epoch=13 now=1780065899 InitTime=1780065872 lastpropose=1780065898 wallGap=27 need>=24 ok1=true lastGap=1 need>=2 ok2=false
[Propose] S1 N0 时间条件满足: epoch=13->14 now=1780065900 InitTime=1780065872 lastpropose=1780065898 wallGap=28>=24 lastGap=2>=2 → propose1
[Propose] S1 N0 等待 sequenceLock…
[Propose] S1 N0 已持有 sequenceLock，seqID=13 即将 propose1
[propose1] S1 N0 seq=13 Tx_pool.Queue_len=1699
left_count: 500
更新树花时间为: 54
写数据库IO花时间为: 60
编号为 13 的区块已加入本地区块链！curBlock: 
blockHeader: 
[5f7a51268016918224a12d259764232c585a2164702a043abc7a516257a1c3a4 29350bd3593760411c1de1e22c40bdf7766e09c0b6695abff267fa66a26a0834 b0ddc824e21449c9dde98cacf6c07ebd22434c6cb703d36de10e986b9470992e 13 1780065900]
# of transactions: 500
# of TXmig1s: 0
# of In1s: 0
# of Anns: 0
# of NSs: 0
blockHash: 
ac53fe0a069937311164d89e7797bbc116e60bc8bc6ae999b2c05bddb23cd11d

第13个块开始准备relay

[Propose wait] S1 N0 spin=1 epoch=14 now=1780065900 InitTime=1780065872 lastpropose=1780065900 wallGap=28 need>=26 ok1=true lastGap=0 need>=2 ok2=false
[handleTxFromClient] S1 N0 recv client batch, tx_count=759
[handleTxFromClient] S1 N0 append to Tx_pool.Queue: local_queued=759 forward_other_shard=0 Queue_total_len=1958

第13个块结束relay

[Propose wait] S1 N0 spin=50 epoch=14 now=1780065901 InitTime=1780065872 lastpropose=1780065900 wallGap=29 need>=26 ok1=true lastGap=1 need>=2 ok2=false
[Propose] S1 N0 时间条件满足: epoch=14->15 now=1780065902 InitTime=1780065872 lastpropose=1780065900 wallGap=30>=26 lastGap=2>=2 → propose1
[Propose] S1 N0 等待 sequenceLock…
[Propose] S1 N0 已持有 sequenceLock，seqID=14 即将 propose1
[propose1] S1 N0 seq=14 Tx_pool.Queue_len=2142
left_count: 500
更新树花时间为: 80
写数据库IO花时间为: 86
编号为 14 的区块已加入本地区块链！curBlock: 
blockHeader: 
[ac53fe0a069937311164d89e7797bbc116e60bc8bc6ae999b2c05bddb23cd11d 473fd48f4c70d68172d29764dc5a15cc9d93686be3052b2632468f3ba0f3352c 8893121172585bbae89434c509209dc2256d63d5b4efa87826cdf4cac3917ad4 14 1780065902]
# of transactions: 500
# of TXmig1s: 0
# of In1s: 0
# of Anns: 0
# of NSs: 0
blockHash: 
228d7aa00c27eb246da369f698b282f6e77c5ebbed34059f6a03ebd2f741fdef

第14个块开始准备relay

[Propose wait] S1 N0 spin=1 epoch=15 now=1780065902 InitTime=1780065872 lastpropose=1780065902 wallGap=30 need>=28 ok1=true lastGap=0 need>=2 ok2=false
[handleTxFromClient] S1 N0 recv client batch, tx_count=778
[handleTxFromClient] S1 N0 append to Tx_pool.Queue: local_queued=778 forward_other_shard=0 Queue_total_len=2420

第14个块结束relay

[Propose wait] S1 N0 spin=50 epoch=15 now=1780065903 InitTime=1780065872 lastpropose=1780065902 wallGap=31 need>=28 ok1=true lastGap=1 need>=2 ok2=false
[Propose] S1 N0 时间条件满足: epoch=15->16 now=1780065904 InitTime=1780065872 lastpropose=1780065902 wallGap=32>=28 lastGap=2>=2 → propose1
[Propose] S1 N0 等待 sequenceLock…
[Propose] S1 N0 已持有 sequenceLock，seqID=15 即将 propose1
[propose1] S1 N0 seq=15 Tx_pool.Queue_len=2462
left_count: 500
更新树花时间为: 55
写数据库IO花时间为: 60
编号为 15 的区块已加入本地区块链！curBlock: 
blockHeader: 
[228d7aa00c27eb246da369f698b282f6e77c5ebbed34059f6a03ebd2f741fdef ef9a24721304b83a31d3e8d60491b49b94d1a47d2df5567d4c9ac259a28845d8 47ce47fbf18675884970c4a6a7b96740e5b1f0e152f18700e3260c7fe0312f73 15 1780065904]
# of transactions: 500
# of TXmig1s: 0
# of In1s: 0
# of Anns: 0
# of NSs: 0
blockHash: 
3da2d3868a264c07e04be3efecff54a66be5ba8ffe2a8baef0795fc934bcdc84

第15个块开始准备relay

[Propose wait] S1 N0 spin=1 epoch=16 now=1780065904 InitTime=1780065872 lastpropose=1780065904 wallGap=32 need>=30 ok1=true lastGap=0 need>=2 ok2=false
[handleTxFromClient] S1 N0 recv client batch, tx_count=728
[handleTxFromClient] S1 N0 append to Tx_pool.Queue: local_queued=728 forward_other_shard=0 Queue_total_len=2700

第15个块结束relay

[Propose wait] S1 N0 spin=50 epoch=16 now=1780065905 InitTime=1780065872 lastpropose=1780065904 wallGap=33 need>=30 ok1=true lastGap=1 need>=2 ok2=false
[Propose] S1 N0 时间条件满足: epoch=16->17 now=1780065906 InitTime=1780065872 lastpropose=1780065904 wallGap=34>=30 lastGap=2>=2 → propose1
[Propose] S1 N0 等待 sequenceLock…
[Propose] S1 N0 已持有 sequenceLock，seqID=16 即将 propose1
[propose1] S1 N0 seq=16 Tx_pool.Queue_len=2700
left_count: 500
更新树花时间为: 48
写数据库IO花时间为: 54
编号为 16 的区块已加入本地区块链！curBlock: 
blockHeader: 
[3da2d3868a264c07e04be3efecff54a66be5ba8ffe2a8baef0795fc934bcdc84 65622259e207209b3aa11874132934bd3898c77a9f9b50f0618a13176620b7a5 de869446c8802835fb44fb0b1095be7ac746302f8a5221749ff0cd1ddbfa29e7 16 1780065906]
# of transactions: 500
# of TXmig1s: 0
# of In1s: 0
# of Anns: 0
# of NSs: 0
blockHash: 
69c7307c8aa5aebf8e4242990a86442242a5c09703ba568027b6ea63a217555f

第16个块开始准备relay

[Propose wait] S1 N0 spin=1 epoch=17 now=1780065906 InitTime=1780065872 lastpropose=1780065906 wallGap=34 need>=32 ok1=true lastGap=0 need>=2 ok2=false
[handleTxFromClient] S1 N0 recv client batch, tx_count=790
[handleTxFromClient] S1 N0 append to Tx_pool.Queue: local_queued=790 forward_other_shard=0 Queue_total_len=3045

第16个块结束relay

[Propose wait] S1 N0 spin=50 epoch=17 now=1780065907 InitTime=1780065872 lastpropose=1780065906 wallGap=35 need>=32 ok1=true lastGap=1 need>=2 ok2=false
[Propose] S1 N0 时间条件满足: epoch=17->18 now=1780065908 InitTime=1780065872 lastpropose=1780065906 wallGap=36>=32 lastGap=2>=2 → propose1
[Propose] S1 N0 等待 sequenceLock…
[Propose] S1 N0 已持有 sequenceLock，seqID=17 即将 propose1
[propose1] S1 N0 seq=17 Tx_pool.Queue_len=3045
left_count: 500
更新树花时间为: 65
写数据库IO花时间为: 72
编号为 17 的区块已加入本地区块链！curBlock: 
blockHeader: 
[69c7307c8aa5aebf8e4242990a86442242a5c09703ba568027b6ea63a217555f a12b203c30644999e1a21e38cba5ef7616326f959fb802ab3f613268678ef6fa 3232eba0818e36d1e0ef8187c187fb7c9978ce241dfe24985e05ac712e671045 17 1780065908]
# of transactions: 500
# of TXmig1s: 0
# of In1s: 0
# of Anns: 0
# of NSs: 0
blockHash: 
15129b968381b2621dd7132bcc0ea16215989489a1f4d408352e49e2c1b0f199

第17个块开始准备relay

[Propose wait] S1 N0 spin=1 epoch=18 now=1780065908 InitTime=1780065872 lastpropose=1780065908 wallGap=36 need>=34 ok1=true lastGap=0 need>=2 ok2=false
[handleTxFromClient] S1 N0 recv client batch, tx_count=786
[handleTxFromClient] S1 N0 append to Tx_pool.Queue: local_queued=786 forward_other_shard=0 Queue_total_len=3338

第17个块结束relay

[Propose wait] S1 N0 spin=50 epoch=18 now=1780065909 InitTime=1780065872 lastpropose=1780065908 wallGap=37 need>=34 ok1=true lastGap=1 need>=2 ok2=false
[Propose] S1 N0 时间条件满足: epoch=18->19 now=1780065910 InitTime=1780065872 lastpropose=1780065908 wallGap=38>=34 lastGap=2>=2 → propose1
[Propose] S1 N0 等待 sequenceLock…
[Propose] S1 N0 已持有 sequenceLock，seqID=18 即将 propose1
[propose1] S1 N0 seq=18 Tx_pool.Queue_len=3338
left_count: 500
更新树花时间为: 51
写数据库IO花时间为: 57
编号为 18 的区块已加入本地区块链！curBlock: 
blockHeader: 
[15129b968381b2621dd7132bcc0ea16215989489a1f4d408352e49e2c1b0f199 1001cd86b3988c791c59a2b6bc2be912db939aaeadc6cbb51ccd88ee4e17b5ce bc19b7171067a9cbf5a08cd2783c1e0dc83ebff7748b62517c52f40eae8468c3 18 1780065910]
# of transactions: 500
# of TXmig1s: 0
# of In1s: 0
# of Anns: 0
# of NSs: 0
blockHash: 
305250b732baf9ab781f04b330a87cd87edc4f52f45d0af565603951cb5b27fa

第18个块开始准备relay

[Propose wait] S1 N0 spin=1 epoch=19 now=1780065910 InitTime=1780065872 lastpropose=1780065910 wallGap=38 need>=36 ok1=true lastGap=0 need>=2 ok2=false
[handleTxFromClient] S1 N0 recv client batch, tx_count=769
[handleTxFromClient] S1 N0 append to Tx_pool.Queue: local_queued=769 forward_other_shard=0 Queue_total_len=3617

第18个块结束relay

[Propose wait] S1 N0 spin=50 epoch=19 now=1780065911 InitTime=1780065872 lastpropose=1780065910 wallGap=39 need>=36 ok1=true lastGap=1 need>=2 ok2=false
[Propose] S1 N0 时间条件满足: epoch=19->20 now=1780065912 InitTime=1780065872 lastpropose=1780065910 wallGap=40>=36 lastGap=2>=2 → propose1
[Propose] S1 N0 等待 sequenceLock…
[Propose] S1 N0 已持有 sequenceLock，seqID=19 即将 propose1
[propose1] S1 N0 seq=19 Tx_pool.Queue_len=3617
left_count: 500
更新树花时间为: 58
写数据库IO花时间为: 65
编号为 19 的区块已加入本地区块链！curBlock: 
blockHeader: 
[305250b732baf9ab781f04b330a87cd87edc4f52f45d0af565603951cb5b27fa 579f16120eceb84c4176bb81e4b4e043534281081a322e501dad309b40cb31ad 1f0678710cb9eb990e66a0f927d3d98e9115c3630960db9bb98e6f7eb78fcfe2 19 1780065912]
# of transactions: 500
# of TXmig1s: 0
# of In1s: 0
# of Anns: 0
# of NSs: 0
blockHash: 
f3e6c4dcc6c6409dadeea567b38f53cef38122f1a52169cf769156864858d3e5

第19个块开始准备relay

[Propose wait] S1 N0 spin=1 epoch=20 now=1780065912 InitTime=1780065872 lastpropose=1780065912 wallGap=40 need>=38 ok1=true lastGap=0 need>=2 ok2=false
[handleTxFromClient] S1 N0 recv client batch, tx_count=467
[handleTxFromClient] S1 N0 append to Tx_pool.Queue: local_queued=467 forward_other_shard=0 Queue_total_len=3601

第19个块结束relay

[Propose wait] S1 N0 spin=50 epoch=20 now=1780065913 InitTime=1780065872 lastpropose=1780065912 wallGap=41 need>=38 ok1=true lastGap=1 need>=2 ok2=false
[Propose] S1 N0 时间条件满足: epoch=20->21 now=1780065914 InitTime=1780065872 lastpropose=1780065912 wallGap=42>=38 lastGap=2>=2 → propose1
[Propose] S1 N0 等待 sequenceLock…
[Propose] S1 N0 已持有 sequenceLock，seqID=20 即将 propose1
[propose1] S1 N0 seq=20 Tx_pool.Queue_len=3601
left_count: 500
更新树花时间为: 68
写数据库IO花时间为: 75
编号为 20 的区块已加入本地区块链！curBlock: 
blockHeader: 
[f3e6c4dcc6c6409dadeea567b38f53cef38122f1a52169cf769156864858d3e5 ee0e4f2542270ea00374da02502bab6e8773541182fb165ba9498893eddc6053 3a5efcee3b55908211145411a6386558120d1b16a8ca21f81e6829aa2feb8dd3 20 1780065914]
# of transactions: 500
# of TXmig1s: 0
# of In1s: 0
# of Anns: 0
# of NSs: 0
blockHash: 
9e39e13520eba052ea59ed06f50c94b2e85495ff02c5fa6127847db9b6e8a96c

第20个块开始准备relay

[Propose wait] S1 N0 spin=1 epoch=21 now=1780065914 InitTime=1780065872 lastpropose=1780065914 wallGap=42 need>=40 ok1=true lastGap=0 need>=2 ok2=false
[handleTxFromClient] S1 N0 recv client batch, tx_count=219
[handleTxFromClient] S1 N0 append to Tx_pool.Queue: local_queued=219 forward_other_shard=0 Queue_total_len=3320

第20个块结束relay

[Propose wait] S1 N0 spin=50 epoch=21 now=1780065915 InitTime=1780065872 lastpropose=1780065914 wallGap=43 need>=40 ok1=true lastGap=1 need>=2 ok2=false
[Propose] S1 N0 时间条件满足: epoch=21->22 now=1780065916 InitTime=1780065872 lastpropose=1780065914 wallGap=44>=40 lastGap=2>=2 → propose1
[Propose] S1 N0 等待 sequenceLock…
[Propose] S1 N0 已持有 sequenceLock，seqID=21 即将 propose1
[propose1] S1 N0 seq=21 Tx_pool.Queue_len=3494
left_count: 500
更新树花时间为: 61
写数据库IO花时间为: 69
编号为 21 的区块已加入本地区块链！curBlock: 
blockHeader: 
[9e39e13520eba052ea59ed06f50c94b2e85495ff02c5fa6127847db9b6e8a96c 5c7f5ff2476ae186b55ade09e25e8d57f3b2eb77007317a5bf03f82160d5bb47 14962e9c9d770f52052ac96463781bc46ddc20be477aa38622ba19c3843c9f39 21 1780065916]
# of transactions: 500
# of TXmig1s: 0
# of In1s: 0
# of Anns: 0
# of NSs: 0
blockHash: 
eb3d33ddf253af03f1c3fb87b152ed3041651377f38d5c8ce26d2e5ac3f0d427

第21个块开始准备relay

[Propose wait] S1 N0 spin=1 epoch=22 now=1780065916 InitTime=1780065872 lastpropose=1780065916 wallGap=44 need>=42 ok1=true lastGap=0 need>=2 ok2=false
本节点已接收到client发来准备迁移通知
本节点已将 pending 发送到 client（2994 笔）
本节点已接收到客户端发送的新映射
[handleTxFromClient] S1 N0 recv client batch, tx_count=164
[handleTxFromClient] S1 N0 append to Tx_pool.Queue: local_queued=164 forward_other_shard=0 Queue_total_len=3158

第21个块结束relay

[Propose wait] S1 N0 spin=50 epoch=22 now=1780065917 InitTime=1780065872 lastpropose=1780065916 wallGap=45 need>=42 ok1=true lastGap=1 need>=2 ok2=false
[Propose] S1 N0 时间条件满足: epoch=22->23 now=1780065918 InitTime=1780065872 lastpropose=1780065916 wallGap=46>=42 lastGap=2>=2 → propose1
[Propose] S1 N0 等待 sequenceLock…
[Propose] S1 N0 已持有 sequenceLock，seqID=22 即将 propose1
[propose1] S1 N0 seq=22 Tx_pool.Queue_len=3355
left_count: 440
更新树花时间为: 81
写数据库IO花时间为: 87
编号为 22 的区块已加入本地区块链！curBlock: 
blockHeader: 
[eb3d33ddf253af03f1c3fb87b152ed3041651377f38d5c8ce26d2e5ac3f0d427 4955489839c539bbd32a4d33376a15918b658e38f07f183132bbee18a0a8cb09 3e6459ad79ccaf49cffe39b8b3ae40eb23c69af05ce45e13fd116dde790e32bb 22 1780065918]
# of transactions: 440
# of TXmig1s: 60
# of In1s: 0
# of Anns: 0
# of NSs: 0
blockHash: 
55372c320177dc9e1a70bf138f89d59c44c3d3b63e7862bebea618fac6fd4e1c

第22个块开始准备relay

[Propose wait] S1 N0 spin=1 epoch=23 now=1780065918 InitTime=1780065872 lastpropose=1780065918 wallGap=46 need>=44 ok1=true lastGap=0 need>=2 ok2=false
[handleTxFromClient] S1 N0 recv client batch, tx_count=112
[handleTxFromClient] S1 N0 append to Tx_pool.Queue: local_queued=112 forward_other_shard=0 Queue_total_len=3089

本节点已接收到分片S0发来的迁移请求 
10000000000000000000000000419992623783200


第22个块结束relay

[Propose wait] S1 N0 spin=50 epoch=23 now=1780065919 InitTime=1780065872 lastpropose=1780065918 wallGap=47 need>=44 ok1=true lastGap=1 need>=2 ok2=false
[Propose] S1 N0 时间条件满足: epoch=23->24 now=1780065920 InitTime=1780065872 lastpropose=1780065918 wallGap=48>=44 lastGap=2>=2 → propose1
[Propose] S1 N0 等待 sequenceLock…
[Propose] S1 N0 已持有 sequenceLock，seqID=23 即将 propose1
[propose1] S1 N0 seq=23 Tx_pool.Queue_len=3089
left_count: 200
更新树花时间为: 58
写数据库IO花时间为: 73
编号为 23 的区块已加入本地区块链！curBlock: 
blockHeader: 
[55372c320177dc9e1a70bf138f89d59c44c3d3b63e7862bebea618fac6fd4e1c 81a71730f480f1c054efc679c0d0340272a40d2960bbbf8268472272f07babe9 971dc8d250bf2d55ebb1930364f77d64da519aa3ce11b692d9cbed0db053d92d 23 1780065920]
# of transactions: 200
# of TXmig1s: 0
# of In1s: 300
# of Anns: 0
# of NSs: 0
blockHash: 
40ac4f394e801bc5ca8dc1c206e88bc4634b97a3fba655080d509f8359836920

第23个块开始准备relay

[Propose wait] S1 N0 spin=1 epoch=24 now=1780065920 InitTime=1780065872 lastpropose=1780065920 wallGap=48 need>=46 ok1=true lastGap=0 need>=2 ok2=false
本节点已接收到分片S0发来通知 
1
2
3

第23个块结束relay

[handleTxFromClient] S1 N0 recv client batch, tx_count=174
[handleTxFromClient] S1 N0 append to Tx_pool.Queue: local_queued=174 forward_other_shard=0 Queue_total_len=3063

本节点已接收到分片S0发来的迁移请求 
9999999999999999999999986461820000000000

[Propose wait] S1 N0 spin=50 epoch=24 now=1780065921 InitTime=1780065872 lastpropose=1780065920 wallGap=49 need>=46 ok1=true lastGap=1 need>=2 ok2=false
[Propose] S1 N0 时间条件满足: epoch=24->25 now=1780065922 InitTime=1780065872 lastpropose=1780065920 wallGap=50>=46 lastGap=2>=2 → propose1
[Propose] S1 N0 等待 sequenceLock…
[Propose] S1 N0 已持有 sequenceLock，seqID=24 即将 propose1
[propose1] S1 N0 seq=24 Tx_pool.Queue_len=3195
left_count: 288
更新树花时间为: 63
写数据库IO花时间为: 84
编号为 24 的区块已加入本地区块链！curBlock: 
blockHeader: 
[40ac4f394e801bc5ca8dc1c206e88bc4634b97a3fba655080d509f8359836920 a1183f9125e92e0d2077669287b1e46ea1e0d791866d76ad0af292ce486901f9 47a96ee3e9ce5c9836fc3c1e7935026f2f315d752a14e043b5a71492b00afda2 24 1780065922]
# of transactions: 288
# of TXmig1s: 0
# of In1s: 152
# of Anns: 60
# of NSs: 0
blockHash: 
8f360052a8b5a496be0e6e486bb647b8e2f21fa8e93221012cba94582de17e6d
handleAnns时是第24个块

handleannounce交易池操作时差为：1000
handleannounce两锁时差为：2000


第24个块开始准备relay

[Propose wait] S1 N0 spin=1 epoch=25 now=1780065922 InitTime=1780065872 lastpropose=1780065922 wallGap=50 need>=48 ok1=true lastGap=0 need>=2 ok2=false
时间：50213  正在向分片S0的主节点发送新
本节点已将不变的账户数量发送到client

[handleTxFromClient] S1 N0 recv client batch, tx_count=135
[handleTxFromClient] S1 N0 append to Tx_pool.Queue: local_queued=135 forward_other_shard=0 Queue_total_len=2974

第24个块结束relay

[Propose wait] S1 N0 spin=50 epoch=25 now=1780065923 InitTime=1780065872 lastpropose=1780065922 wallGap=51 need>=48 ok1=true lastGap=1 need>=2 ok2=false
[Propose] S1 N0 时间条件满足: epoch=25->26 now=1780065924 InitTime=1780065872 lastpropose=1780065922 wallGap=52>=48 lastGap=2>=2 → propose1
[Propose] S1 N0 等待 sequenceLock…
[Propose] S1 N0 已持有 sequenceLock，seqID=25 即将 propose1
[propose1] S1 N0 seq=25 Tx_pool.Queue_len=3146
left_count: 500
更新树花时间为: 67
写数据库IO花时间为: 73
编号为 25 的区块已加入本地区块链！curBlock: 
blockHeader: 
[8f360052a8b5a496be0e6e486bb647b8e2f21fa8e93221012cba94582de17e6d 6a2515987a53a01e90f77479c82a0f1e6c9f9874e39c8a518ec3b2810f324da0 dc49044cb1ca0ca4261df504d60ac0034ce43baf1c0bf197dea4582f6fe1d52b 25 1780065924]
# of transactions: 500
# of TXmig1s: 0
# of In1s: 0
# of Anns: 0
# of NSs: 0
blockHash: 
6eee0c19aac7d970df705b36069afe7604b36b7bb7a9b9dc3c4e901975832de8

第25个块开始准备relay

[Propose wait] S1 N0 spin=1 epoch=26 now=1780065924 InitTime=1780065872 lastpropose=1780065924 wallGap=52 need>=50 ok1=true lastGap=0 need>=2 ok2=false
时间：1780065924250  本节点已接收到新
本节点已将迁移过来的pending交易的账户数量发送到client

[handleTxFromClient] S1 N0 recv client batch, tx_count=133
[handleTxFromClient] S1 N0 append to Tx_pool.Queue: local_queued=133 forward_other_shard=0 Queue_total_len=3071

第25个块结束relay

[Propose wait] S1 N0 spin=50 epoch=26 now=1780065925 InitTime=1780065872 lastpropose=1780065924 wallGap=53 need>=50 ok1=true lastGap=1 need>=2 ok2=false
[Propose] S1 N0 时间条件满足: epoch=26->27 now=1780065926 InitTime=1780065872 lastpropose=1780065924 wallGap=54>=50 lastGap=2>=2 → propose1
[Propose] S1 N0 等待 sequenceLock…
[Propose] S1 N0 已持有 sequenceLock，seqID=26 即将 propose1
[propose1] S1 N0 seq=26 Tx_pool.Queue_len=3071
left_count: 500
更新树花时间为: 66
写数据库IO花时间为: 74
编号为 26 的区块已加入本地区块链！curBlock: 
blockHeader: 
[6eee0c19aac7d970df705b36069afe7604b36b7bb7a9b9dc3c4e901975832de8 4b29b4ad8e11d2a7efd06317fa39f140a2d3cf3c09cff6493244f99d17eef619 c01cc2bc7555f041a0381a0283c1973d5f55a8ef3281e4496cc524b12e492d85 26 1780065926]
# of transactions: 500
# of TXmig1s: 0
# of In1s: 0
# of Anns: 0
# of NSs: 0
blockHash: 
b69e27e26bd623194808a7e65110aac52c36ce5e5f5cb95587889707d238e4ae

第26个块开始准备relay

[Propose wait] S1 N0 spin=1 epoch=27 now=1780065926 InitTime=1780065872 lastpropose=1780065926 wallGap=54 need>=52 ok1=true lastGap=0 need>=2 ok2=false
时间：1780065926207  本节点已接收到新
本节点已将迁移过来的pending交易的账户数量发送到client


第26个块结束relay

[Propose wait] S1 N0 spin=50 epoch=27 now=1780065927 InitTime=1780065872 lastpropose=1780065926 wallGap=55 need>=52 ok1=true lastGap=1 need>=2 ok2=false
[Propose] S1 N0 时间条件满足: epoch=27->28 now=1780065928 InitTime=1780065872 lastpropose=1780065926 wallGap=56>=52 lastGap=2>=2 → propose1
[Propose] S1 N0 等待 sequenceLock…
[Propose] S1 N0 已持有 sequenceLock，seqID=27 即将 propose1
[propose1] S1 N0 seq=27 Tx_pool.Queue_len=2791
left_count: 500
更新树花时间为: 67
写数据库IO花时间为: 76
编号为 27 的区块已加入本地区块链！curBlock: 
blockHeader: 
[b69e27e26bd623194808a7e65110aac52c36ce5e5f5cb95587889707d238e4ae ad5f36860b89b1895ee7e51e2f7864f1bfa6d44c91051c5c7644f70f5bf08684 4944aa1f10e286335e8c8ad2c76f671311443bfeca122a3f3fbf16e68918e096 27 1780065928]
# of transactions: 500
# of TXmig1s: 0
# of In1s: 0
# of Anns: 0
# of NSs: 0
blockHash: 
39c4cdbf1a8fe6c4f37142da4140246873f6a2fb147ec6d2198e4d1433379127

第27个块开始准备relay

[Propose wait] S1 N0 spin=1 epoch=28 now=1780065928 InitTime=1780065872 lastpropose=1780065928 wallGap=56 need>=54 ok1=true lastGap=0 need>=2 ok2=false

第27个块结束relay

[Propose wait] S1 N0 spin=50 epoch=28 now=1780065929 InitTime=1780065872 lastpropose=1780065928 wallGap=57 need>=54 ok1=true lastGap=1 need>=2 ok2=false
[Propose] S1 N0 时间条件满足: epoch=28->29 now=1780065930 InitTime=1780065872 lastpropose=1780065928 wallGap=58>=54 lastGap=2>=2 → propose1
[Propose] S1 N0 等待 sequenceLock…
[Propose] S1 N0 已持有 sequenceLock，seqID=28 即将 propose1
[propose1] S1 N0 seq=28 Tx_pool.Queue_len=2398
left_count: 500
更新树花时间为: 75
写数据库IO花时间为: 82
编号为 28 的区块已加入本地区块链！curBlock: 
blockHeader: 
[39c4cdbf1a8fe6c4f37142da4140246873f6a2fb147ec6d2198e4d1433379127 721c4d5d05a5743b44107f50086ac7c058b3d32a3ce0aeb7f348a47c3edab2c2 202e6516390bff952bc5465391c4756b5ed9a1a22e7727aa7db2483658b0ea28 28 1780065930]
# of transactions: 500
# of TXmig1s: 0
# of In1s: 0
# of Anns: 0
# of NSs: 0
blockHash: 
e3550eec7a66b437a6bcdc4318eda1c6dfff34be5d869ec8814552521847027f

第28个块开始准备relay

[Propose wait] S1 N0 spin=1 epoch=29 now=1780065930 InitTime=1780065872 lastpropose=1780065930 wallGap=58 need>=56 ok1=true lastGap=0 need>=2 ok2=false

第28个块结束relay

[Propose wait] S1 N0 spin=50 epoch=29 now=1780065931 InitTime=1780065872 lastpropose=1780065930 wallGap=59 need>=56 ok1=true lastGap=1 need>=2 ok2=false
[Propose] S1 N0 时间条件满足: epoch=29->30 now=1780065932 InitTime=1780065872 lastpropose=1780065930 wallGap=60>=56 lastGap=2>=2 → propose1
[Propose] S1 N0 等待 sequenceLock…
[Propose] S1 N0 已持有 sequenceLock，seqID=29 即将 propose1
[propose1] S1 N0 seq=29 Tx_pool.Queue_len=2176
left_count: 500
更新树花时间为: 63
写数据库IO花时间为: 69
编号为 29 的区块已加入本地区块链！curBlock: 
blockHeader: 
[e3550eec7a66b437a6bcdc4318eda1c6dfff34be5d869ec8814552521847027f cddc52373b9efc3edcba46772a0edbd27e4b0b206670e9f64010d272b0938b0f 5f2d02549bce2876fa46dd929dc42aa152f1ff943c93f647704005f628ea39fa 29 1780065932]
# of transactions: 500
# of TXmig1s: 0
# of In1s: 0
# of Anns: 0
# of NSs: 0
blockHash: 
7e61e2bb3ffddfef929e6f65dadcc422590b1eaaa4eb5bdaa3e3c850dc9423f5

第29个块开始准备relay

[Propose wait] S1 N0 spin=1 epoch=30 now=1780065932 InitTime=1780065872 lastpropose=1780065932 wallGap=60 need>=58 ok1=true lastGap=0 need>=2 ok2=false

第29个块结束relay

[Propose wait] S1 N0 spin=50 epoch=30 now=1780065933 InitTime=1780065872 lastpropose=1780065932 wallGap=61 need>=58 ok1=true lastGap=1 need>=2 ok2=false
[Propose] S1 N0 时间条件满足: epoch=30->31 now=1780065934 InitTime=1780065872 lastpropose=1780065932 wallGap=62>=58 lastGap=2>=2 → propose1
[Propose] S1 N0 等待 sequenceLock…
[Propose] S1 N0 已持有 sequenceLock，seqID=30 即将 propose1
[propose1] S1 N0 seq=30 Tx_pool.Queue_len=1903
left_count: 500
更新树花时间为: 97
写数据库IO花时间为: 116
编号为 30 的区块已加入本地区块链！curBlock: 
blockHeader: 
[7e61e2bb3ffddfef929e6f65dadcc422590b1eaaa4eb5bdaa3e3c850dc9423f5 fcaa8d0be042b6932263a9794651bfa6c75dd7421870fae4197690fc4e9a69bb d8194d1f774b805c3e0fa6f2879f3ef327a76affcc9a4a4ab99264488c5a670c 30 1780065934]
# of transactions: 500
# of TXmig1s: 0
# of In1s: 0
# of Anns: 0
# of NSs: 0
blockHash: 
0da9426a4844822e87f14ac3cc3efa2789b8d82d9dda6837ade189ffe983a68f

第30个块开始准备relay

[Propose wait] S1 N0 spin=1 epoch=31 now=1780065934 InitTime=1780065872 lastpropose=1780065934 wallGap=62 need>=60 ok1=true lastGap=0 need>=2 ok2=false

第30个块结束relay

[Propose wait] S1 N0 spin=50 epoch=31 now=1780065935 InitTime=1780065872 lastpropose=1780065934 wallGap=63 need>=60 ok1=true lastGap=1 need>=2 ok2=false
[Propose] S1 N0 时间条件满足: epoch=31->32 now=1780065936 InitTime=1780065872 lastpropose=1780065934 wallGap=64>=60 lastGap=2>=2 → propose1
[Propose] S1 N0 等待 sequenceLock…
[Propose] S1 N0 已持有 sequenceLock，seqID=31 即将 propose1
[propose1] S1 N0 seq=31 Tx_pool.Queue_len=1586
left_count: 500
更新树花时间为: 52
写数据库IO花时间为: 60
编号为 31 的区块已加入本地区块链！curBlock: 
blockHeader: 
[0da9426a4844822e87f14ac3cc3efa2789b8d82d9dda6837ade189ffe983a68f 15f8b0bdf03d4702a4a805a532a84ecdfc0c68eda0d168e9061a6709008e473b dad24861df45a5e744335274f4bc77cedf0b89ce0ffbdff969a048197e6f2bb7 31 1780065936]
# of transactions: 500
# of TXmig1s: 0
# of In1s: 0
# of Anns: 0
# of NSs: 0
blockHash: 
1b12a3c048bcb03985eee2437414a820f8150a5a81df0a88c1da29057ae9e8c3

第31个块开始准备relay

[Propose wait] S1 N0 spin=1 epoch=32 now=1780065936 InitTime=1780065872 lastpropose=1780065936 wallGap=64 need>=62 ok1=true lastGap=0 need>=2 ok2=false

第31个块结束relay

[Propose wait] S1 N0 spin=50 epoch=32 now=1780065937 InitTime=1780065872 lastpropose=1780065936 wallGap=65 need>=62 ok1=true lastGap=1 need>=2 ok2=false
[Propose] S1 N0 时间条件满足: epoch=32->33 now=1780065938 InitTime=1780065872 lastpropose=1780065936 wallGap=66>=62 lastGap=2>=2 → propose1
[Propose] S1 N0 等待 sequenceLock…
[Propose] S1 N0 已持有 sequenceLock，seqID=32 即将 propose1
[propose1] S1 N0 seq=32 Tx_pool.Queue_len=1357
left_count: 500
更新树花时间为: 55
写数据库IO花时间为: 61
编号为 32 的区块已加入本地区块链！curBlock: 
blockHeader: 
[1b12a3c048bcb03985eee2437414a820f8150a5a81df0a88c1da29057ae9e8c3 6951f5cc2dd95916f6bd1acd8841e69848a4162765a6d36a774b806db796ffe1 eaa3e61526acd42760e9609d169773b6f3138f16867789a5a050cea9f08185a8 32 1780065938]
# of transactions: 500
# of TXmig1s: 0
# of In1s: 0
# of Anns: 0
# of NSs: 0
blockHash: 
db0b16bb11d4062254a4f102a7ff6f2f0f4186f7cc88b2143bbfe65f96ba5d55

第32个块开始准备relay

[Propose wait] S1 N0 spin=1 epoch=33 now=1780065938 InitTime=1780065872 lastpropose=1780065938 wallGap=66 need>=64 ok1=true lastGap=0 need>=2 ok2=false

第32个块结束relay

[Propose wait] S1 N0 spin=50 epoch=33 now=1780065939 InitTime=1780065872 lastpropose=1780065938 wallGap=67 need>=64 ok1=true lastGap=1 need>=2 ok2=false
[Propose] S1 N0 时间条件满足: epoch=33->34 now=1780065940 InitTime=1780065872 lastpropose=1780065938 wallGap=68>=64 lastGap=2>=2 → propose1
[Propose] S1 N0 等待 sequenceLock…
[Propose] S1 N0 已持有 sequenceLock，seqID=33 即将 propose1
[propose1] S1 N0 seq=33 Tx_pool.Queue_len=904
left_count: 500
更新树花时间为: 30
写数据库IO花时间为: 57
编号为 33 的区块已加入本地区块链！curBlock: 
blockHeader: 
[db0b16bb11d4062254a4f102a7ff6f2f0f4186f7cc88b2143bbfe65f96ba5d55 da93e4c93fe3e5583e0cf66640555c9c9ac641852d23b5f2e2a583777e953491 4ce5a6f2ff592aa05b98d007aad4a8d6dda54fa2988642ee409f8a89789323e1 33 1780065940]
# of transactions: 500
# of TXmig1s: 0
# of In1s: 0
# of Anns: 0
# of NSs: 0
blockHash: 
3a25fcb3026e674eccdce508888257b25ba85a1e3d7a05d36fb762fb253b0be1
[Propose wait] S1 N0 spin=1 epoch=34 now=1780065940 InitTime=1780065872 lastpropose=1780065940 wallGap=68 need>=66 ok1=true lastGap=0 need>=2 ok2=false
[Propose wait] S1 N0 spin=50 epoch=34 now=1780065941 InitTime=1780065872 lastpropose=1780065940 wallGap=69 need>=66 ok1=true lastGap=1 need>=2 ok2=false
[Propose] S1 N0 时间条件满足: epoch=34->35 now=1780065942 InitTime=1780065872 lastpropose=1780065940 wallGap=70>=66 lastGap=2>=2 → propose1
[Propose] S1 N0 等待 sequenceLock…
[Propose] S1 N0 已持有 sequenceLock，seqID=34 即将 propose1
[propose1] S1 N0 seq=34 Tx_pool.Queue_len=404
left_count: 500
更新树花时间为: 38
写数据库IO花时间为: 44
编号为 34 的区块已加入本地区块链！curBlock: 
blockHeader: 
[3a25fcb3026e674eccdce508888257b25ba85a1e3d7a05d36fb762fb253b0be1 13e6acc7f57b7edf4f44d1f673564401f4c4481ea4f0e20c96b2eae0c0a5f4f4 5a5c1cf6e32ad8c61032f845d49b8cea4e2bdce644b7f91e3680d1266236bb67 34 1780065942]
# of transactions: 404
# of TXmig1s: 0
# of In1s: 0
# of Anns: 0
# of NSs: 0
blockHash: 
b9baae1f95e8f2e8df801f6e996d5d4111a15bed33b5c397b93fb64945c95d6f
[Propose wait] S1 N0 spin=1 epoch=35 now=1780065942 InitTime=1780065872 lastpropose=1780065942 wallGap=70 need>=68 ok1=true lastGap=0 need>=2 ok2=false
[Propose wait] S1 N0 spin=50 epoch=35 now=1780065943 InitTime=1780065872 lastpropose=1780065942 wallGap=71 need>=68 ok1=true lastGap=1 need>=2 ok2=false
[Propose] S1 N0 时间条件满足: epoch=35->36 now=1780065944 InitTime=1780065872 lastpropose=1780065942 wallGap=72>=68 lastGap=2>=2 → propose1
[Propose] S1 N0 等待 sequenceLock…
[Propose] S1 N0 已持有 sequenceLock，seqID=35 即将 propose1
[propose1] S1 N0 seq=35 Tx_pool.Queue_len=0
left_count: 500
更新树花时间为: 0
写数据库IO花时间为: 7
编号为 35 的区块已加入本地区块链！curBlock: 
blockHeader: 
[b9baae1f95e8f2e8df801f6e996d5d4111a15bed33b5c397b93fb64945c95d6f 13e6acc7f57b7edf4f44d1f673564401f4c4481ea4f0e20c96b2eae0c0a5f4f4 56e81f171bcc55a6ff8345e692c0f86e5b48e01b996cadc001622fb5e363b421 35 1780065944]
# of transactions: 0
# of TXmig1s: 0
# of In1s: 0
# of Anns: 0
# of NSs: 0
blockHash: 
f04c67105a273f09a237cc846e561d5d8f81a504d62b24740c58fd99a7265891
[Propose wait] S1 N0 spin=1 epoch=36 now=1780065944 InitTime=1780065872 lastpropose=1780065944 wallGap=72 need>=70 ok1=true lastGap=0 need>=2 ok2=false
[Propose wait] S1 N0 spin=50 epoch=36 now=1780065945 InitTime=1780065872 lastpropose=1780065944 wallGap=73 need>=70 ok1=true lastGap=1 need>=2 ok2=false
[Propose] S1 N0 时间条件满足: epoch=36->37 now=1780065946 InitTime=1780065872 lastpropose=1780065944 wallGap=74>=70 lastGap=2>=2 → propose1
[Propose] S1 N0 等待 sequenceLock…
[Propose] S1 N0 已持有 sequenceLock，seqID=36 即将 propose1
[propose1] S1 N0 seq=36 Tx_pool.Queue_len=0
left_count: 500
更新树花时间为: 0
写数据库IO花时间为: 8
编号为 36 的区块已加入本地区块链！curBlock: 
blockHeader: 
[f04c67105a273f09a237cc846e561d5d8f81a504d62b24740c58fd99a7265891 13e6acc7f57b7edf4f44d1f673564401f4c4481ea4f0e20c96b2eae0c0a5f4f4 56e81f171bcc55a6ff8345e692c0f86e5b48e01b996cadc001622fb5e363b421 36 1780065946]
# of transactions: 0
# of TXmig1s: 0
# of In1s: 0
# of Anns: 0
# of NSs: 0
blockHash: 
9274b729f0a969d3d3e6bed97265da2ad4a5d173974406b20b43c006949e5d92
[Propose wait] S1 N0 spin=1 epoch=37 now=1780065946 InitTime=1780065872 lastpropose=1780065946 wallGap=74 need>=72 ok1=true lastGap=0 need>=2 ok2=false
[Propose wait] S1 N0 spin=50 epoch=37 now=1780065947 InitTime=1780065872 lastpropose=1780065946 wallGap=75 need>=72 ok1=true lastGap=1 need>=2 ok2=false
[Propose] S1 N0 时间条件满足: epoch=37->38 now=1780065948 InitTime=1780065872 lastpropose=1780065946 wallGap=76>=72 lastGap=2>=2 → propose1
[Propose] S1 N0 等待 sequenceLock…
[Propose] S1 N0 已持有 sequenceLock，seqID=37 即将 propose1
[propose1] S1 N0 seq=37 Tx_pool.Queue_len=0
left_count: 500
更新树花时间为: 0
写数据库IO花时间为: 8
编号为 37 的区块已加入本地区块链！curBlock: 
blockHeader: 
[9274b729f0a969d3d3e6bed97265da2ad4a5d173974406b20b43c006949e5d92 13e6acc7f57b7edf4f44d1f673564401f4c4481ea4f0e20c96b2eae0c0a5f4f4 56e81f171bcc55a6ff8345e692c0f86e5b48e01b996cadc001622fb5e363b421 37 1780065948]
# of transactions: 0
# of TXmig1s: 0
# of In1s: 0
# of Anns: 0
# of NSs: 0
blockHash: 
dcc9763da5591c433e4da0392b2781934aa6b3e11cc1b1d9afeafa6512a339c9
[Propose wait] S1 N0 spin=1 epoch=38 now=1780065948 InitTime=1780065872 lastpropose=1780065948 wallGap=76 need>=74 ok1=true lastGap=0 need>=2 ok2=false
[Propose wait] S1 N0 spin=50 epoch=38 now=1780065949 InitTime=1780065872 lastpropose=1780065948 wallGap=77 need>=74 ok1=true lastGap=1 need>=2 ok2=false
[Propose] S1 N0 时间条件满足: epoch=38->39 now=1780065950 InitTime=1780065872 lastpropose=1780065948 wallGap=78>=74 lastGap=2>=2 → propose1
[Propose] S1 N0 等待 sequenceLock…
[Propose] S1 N0 已持有 sequenceLock，seqID=38 即将 propose1
[propose1] S1 N0 seq=38 Tx_pool.Queue_len=0
left_count: 500
更新树花时间为: 0
写数据库IO花时间为: 9
编号为 38 的区块已加入本地区块链！curBlock: 
blockHeader: 
[dcc9763da5591c433e4da0392b2781934aa6b3e11cc1b1d9afeafa6512a339c9 13e6acc7f57b7edf4f44d1f673564401f4c4481ea4f0e20c96b2eae0c0a5f4f4 56e81f171bcc55a6ff8345e692c0f86e5b48e01b996cadc001622fb5e363b421 38 1780065950]
# of transactions: 0
# of TXmig1s: 0
# of In1s: 0
# of Anns: 0
# of NSs: 0
blockHash: 
9baa5b682579ad594bd9703dd4e1733d18ddee07c893edb2fb4400712533df1c
[Propose wait] S1 N0 spin=1 epoch=39 now=1780065950 InitTime=1780065872 lastpropose=1780065950 wallGap=78 need>=76 ok1=true lastGap=0 need>=2 ok2=false
[Propose wait] S1 N0 spin=50 epoch=39 now=1780065951 InitTime=1780065872 lastpropose=1780065950 wallGap=79 need>=76 ok1=true lastGap=1 need>=2 ok2=false
[Propose] S1 N0 时间条件满足: epoch=39->40 now=1780065952 InitTime=1780065872 lastpropose=1780065950 wallGap=80>=76 lastGap=2>=2 → propose1
[Propose] S1 N0 等待 sequenceLock…
[Propose] S1 N0 已持有 sequenceLock，seqID=39 即将 propose1
[propose1] S1 N0 seq=39 Tx_pool.Queue_len=0
left_count: 500
更新树花时间为: 0
写数据库IO花时间为: 7
编号为 39 的区块已加入本地区块链！curBlock: 
blockHeader: 
[9baa5b682579ad594bd9703dd4e1733d18ddee07c893edb2fb4400712533df1c 13e6acc7f57b7edf4f44d1f673564401f4c4481ea4f0e20c96b2eae0c0a5f4f4 56e81f171bcc55a6ff8345e692c0f86e5b48e01b996cadc001622fb5e363b421 39 1780065952]
# of transactions: 0
# of TXmig1s: 0
# of In1s: 0
# of Anns: 0
# of NSs: 0
blockHash: 
d9a9baa01bd2b381338d58b58244a5f15a6b9606b1522cddf239f7b753df9a9c
[Propose wait] S1 N0 spin=1 epoch=40 now=1780065952 InitTime=1780065872 lastpropose=1780065952 wallGap=80 need>=78 ok1=true lastGap=0 need>=2 ok2=false
节点收到终止节点消息，停止运行
