MigrationStrategy=MVSS-Delta (Stop=false Lock=false NotLock=true)
&{77 N0 S0 2 0 selectedTxs_300K.csv 2 500 300 150 150 150 150 1000 10 1 400 20000 0 50000 20 true MVSS-Delta false false true false true false 3 false 8 false false false PageRank false 100 true false false 3 0 0 0 }
The status trie can be built
[SyncLog] init ok shard=S0 node=N0 file=./log/S0_sync.csv
交易将由外部客户端发送
节点 N0 已启动，所属分片: S0
[Propose wait-first-tx] S0 N0 seq=43 Queue_len=0，首块等待交易注入后再出块
节点开启监听，地址：127.0.0.1:8010
[Propose wait-first-tx] S0 N0 seq=43 Queue_len=0，首块等待交易注入后再出块
[Propose wait-first-tx] S0 N0 seq=43 Queue_len=0，首块等待交易注入后再出块
[Propose wait-first-tx] S0 N0 seq=43 Queue_len=0，首块等待交易注入后再出块
[Propose wait-first-tx] S0 N0 seq=43 Queue_len=0，首块等待交易注入后再出块
[Propose wait-first-tx] S0 N0 seq=43 Queue_len=0，首块等待交易注入后再出块
[Propose wait-first-tx] S0 N0 seq=43 Queue_len=0，首块等待交易注入后再出块
[Propose wait-first-tx] S0 N0 seq=43 Queue_len=0，首块等待交易注入后再出块
[Propose wait-first-tx] S0 N0 seq=43 Queue_len=0，首块等待交易注入后再出块
[Propose wait-first-tx] S0 N0 seq=43 Queue_len=0，首块等待交易注入后再出块
[Propose wait-first-tx] S0 N0 seq=43 Queue_len=0，首块等待交易注入后再出块
[Propose wait-first-tx] S0 N0 seq=43 Queue_len=0，首块等待交易注入后再出块
[Propose wait-first-tx] S0 N0 seq=43 Queue_len=0，首块等待交易注入后再出块
[Propose wait-first-tx] S0 N0 seq=43 Queue_len=0，首块等待交易注入后再出块
[Propose wait-first-tx] S0 N0 seq=43 Queue_len=0，首块等待交易注入后再出块
[Propose wait-first-tx] S0 N0 seq=43 Queue_len=0，首块等待交易注入后再出块
本节点已接收到客户端发送的初始时间：1780541947（锚定 InitTime=1780541947，已重置 epoch=1）
[Propose wait-first-tx] S0 N0 seq=43 Queue_len=0，首块等待交易注入后再出块
[Propose wait-first-tx] S0 N0 seq=43 Queue_len=0，首块等待交易注入后再出块
[Propose wait-first-tx] S0 N0 seq=43 Queue_len=0，首块等待交易注入后再出块
[Propose wait-first-tx] S0 N0 seq=43 Queue_len=0，首块等待交易注入后再出块
[handleTxFromClient] S0 N0 recv client batch, tx_count=531
[handleTxFromClient] S0 N0 append to Tx_pool.Queue: local_queued=531 forward_other_shard=0 Queue_total_len=531
[Propose wait-first-tx] S0 N0 首块已检测到交易，结束等待，Queue_len=531
[Propose] S0 N0 时间条件满足: epoch=1->2 now=1780541951 InitTime=1780541947 lastpropose=1780541947 wallGap=4>=0 lastGap=4>=2 → propose1
[Propose] S0 N0 等待 sequenceLock…
[Propose] S0 N0 已持有 sequenceLock，seqID=43 即将 propose1
[propose1] S0 N0 seq=43 Tx_pool.Queue_len=531
left_count: 500
更新树花时间为: 35
写数据库IO花时间为: 58
编号为 43 的区块已加入本地区块链！curBlock: 
blockHeader: 
[78678f944b5adabe9796a95293b96be97877b874157fade602e5704ce932b6c6 1185a1fbdb8fdeead008b8c02b6d75362cbe5cca81083fa728648593ab110cb0 9504a80f6beb9365548b9c56988b5e758a0b62065df8266cd52baecfce0ab4a7 43 1780541951]
# of transactions: 500
# of TXmig1s: 0
# of In1s: 0
# of Anns: 0
# of NSs: 0
blockHash: 
559e460cc4ad2149be469dbaa890f8c86f6096d28d302e7269e31d78485c71b2

第43个块开始准备relay

[Propose wait] S0 N0 spin=1 epoch=2 now=1780541951 InitTime=1780541947 lastpropose=1780541951 wallGap=4 need>=2 ok1=true lastGap=0 need>=2 ok2=false

第43个块结束relay

[Propose wait] S0 N0 spin=50 epoch=2 now=1780541952 InitTime=1780541947 lastpropose=1780541951 wallGap=5 need>=2 ok1=true lastGap=1 need>=2 ok2=false
[Propose] S0 N0 时间条件满足: epoch=2->3 now=1780541953 InitTime=1780541947 lastpropose=1780541951 wallGap=6>=2 lastGap=2>=2 → propose1
[Propose] S0 N0 等待 sequenceLock…
[Propose] S0 N0 已持有 sequenceLock，seqID=44 即将 propose1
[propose1] S0 N0 seq=44 Tx_pool.Queue_len=175
left_count: 500
[handleTxFromClient] S0 N0 recv client batch, tx_count=528
[handleTxFromClient] S0 N0 append to Tx_pool.Queue: local_queued=528 forward_other_shard=0 Queue_total_len=528
更新树花时间为: 18
写数据库IO花时间为: 43
编号为 44 的区块已加入本地区块链！curBlock: 
blockHeader: 
[559e460cc4ad2149be469dbaa890f8c86f6096d28d302e7269e31d78485c71b2 023d6ec5e8f83a525bddfe4ff994a50308a2fd34905bed36a8894bde4a85c71d c8147b2b247824c4d48cd9a7363e56721e42299390e08ace1e80c5a3a1cbd624 44 1780541953]
# of transactions: 175
# of TXmig1s: 0
# of In1s: 0
# of Anns: 0
# of NSs: 0
blockHash: 
9d3ddb8f7ce8b92466637d7733f76060c4e6a32460cf4f426ec80e0ac44c104b

第44个块开始准备relay

[Propose wait] S0 N0 spin=1 epoch=3 now=1780541953 InitTime=1780541947 lastpropose=1780541953 wallGap=6 need>=4 ok1=true lastGap=0 need>=2 ok2=false

第44个块结束relay

[Propose wait] S0 N0 spin=50 epoch=3 now=1780541954 InitTime=1780541947 lastpropose=1780541953 wallGap=7 need>=4 ok1=true lastGap=1 need>=2 ok2=false
[Propose] S0 N0 时间条件满足: epoch=3->4 now=1780541955 InitTime=1780541947 lastpropose=1780541953 wallGap=8>=4 lastGap=2>=2 → propose1
[Propose] S0 N0 等待 sequenceLock…
[Propose] S0 N0 已持有 sequenceLock，seqID=45 即将 propose1
[propose1] S0 N0 seq=45 Tx_pool.Queue_len=528
left_count: 500
[handleTxFromClient] S0 N0 recv client batch, tx_count=623
[handleTxFromClient] S0 N0 append to Tx_pool.Queue: local_queued=623 forward_other_shard=0 Queue_total_len=651
更新树花时间为: 29
写数据库IO花时间为: 45
编号为 45 的区块已加入本地区块链！curBlock: 
blockHeader: 
[9d3ddb8f7ce8b92466637d7733f76060c4e6a32460cf4f426ec80e0ac44c104b 023d6ec5e8f83a525bddfe4ff994a50308a2fd34905bed36a8894bde4a85c71d 39b7178a4a81947f0f9b6ef44a48ea93e732fa4277064f5b0e610754aaa92f77 45 1780541955]
# of transactions: 500
# of TXmig1s: 0
# of In1s: 0
# of Anns: 0
# of NSs: 0
blockHash: 
60b3281cc71ed663060a11958c5d1208682adedfb91b5db80b133018a64bc211

第45个块开始准备relay

[Propose wait] S0 N0 spin=1 epoch=4 now=1780541955 InitTime=1780541947 lastpropose=1780541955 wallGap=8 need>=6 ok1=true lastGap=0 need>=2 ok2=false

第45个块结束relay

[Propose wait] S0 N0 spin=50 epoch=4 now=1780541956 InitTime=1780541947 lastpropose=1780541955 wallGap=9 need>=6 ok1=true lastGap=1 need>=2 ok2=false
[Propose] S0 N0 时间条件满足: epoch=4->5 now=1780541957 InitTime=1780541947 lastpropose=1780541955 wallGap=10>=6 lastGap=2>=2 → propose1
[Propose] S0 N0 等待 sequenceLock…
[Propose] S0 N0 已持有 sequenceLock，seqID=46 即将 propose1
[propose1] S0 N0 seq=46 Tx_pool.Queue_len=844
left_count: 500
更新树花时间为: 19
写数据库IO花时间为: 34
编号为 46 的区块已加入本地区块链！curBlock: 
blockHeader: 
[60b3281cc71ed663060a11958c5d1208682adedfb91b5db80b133018a64bc211 023d6ec5e8f83a525bddfe4ff994a50308a2fd34905bed36a8894bde4a85c71d 677c7419284c10b3f34a112cc047bb5c6edb64714bf8269c3f911a6b9baebd97 46 1780541957]
# of transactions: 500
# of TXmig1s: 0
# of In1s: 0
# of Anns: 0
# of NSs: 0
blockHash: 
55bedb999b6a697808601201a1a1488735ca362fe45e41251535e2d57477342a

第46个块开始准备relay

[Propose wait] S0 N0 spin=1 epoch=5 now=1780541957 InitTime=1780541947 lastpropose=1780541957 wallGap=10 need>=8 ok1=true lastGap=0 need>=2 ok2=false
[handleTxFromClient] S0 N0 recv client batch, tx_count=637
[handleTxFromClient] S0 N0 append to Tx_pool.Queue: local_queued=637 forward_other_shard=0 Queue_total_len=981

第46个块结束relay

[Propose wait] S0 N0 spin=50 epoch=5 now=1780541958 InitTime=1780541947 lastpropose=1780541957 wallGap=11 need>=8 ok1=true lastGap=1 need>=2 ok2=false
[Propose] S0 N0 时间条件满足: epoch=5->6 now=1780541959 InitTime=1780541947 lastpropose=1780541957 wallGap=12>=8 lastGap=2>=2 → propose1
[Propose] S0 N0 等待 sequenceLock…
[Propose] S0 N0 已持有 sequenceLock，seqID=47 即将 propose1
[propose1] S0 N0 seq=47 Tx_pool.Queue_len=1072
left_count: 500
更新树花时间为: 30
写数据库IO花时间为: 40
编号为 47 的区块已加入本地区块链！curBlock: 
blockHeader: 
[55bedb999b6a697808601201a1a1488735ca362fe45e41251535e2d57477342a 5638c91df0e7ac28c1c8fc42a1de4d1856e8e7e4c85dece03142811174247a22 3689fa1b4ca112e56523b21c368ed194de95908a05c805cbe539adfd6dc40069 47 1780541959]
# of transactions: 500
# of TXmig1s: 0
# of In1s: 0
# of Anns: 0
# of NSs: 0
blockHash: 
b85661bcf52052a06341fa3c92d85df8682963769655349b94cc8678cb6cbb32

第47个块开始准备relay

[Propose wait] S0 N0 spin=1 epoch=6 now=1780541959 InitTime=1780541947 lastpropose=1780541959 wallGap=12 need>=10 ok1=true lastGap=0 need>=2 ok2=false
[handleTxFromClient] S0 N0 recv client batch, tx_count=641
[handleTxFromClient] S0 N0 append to Tx_pool.Queue: local_queued=641 forward_other_shard=0 Queue_total_len=1213

第47个块结束relay

[Propose wait] S0 N0 spin=50 epoch=6 now=1780541960 InitTime=1780541947 lastpropose=1780541959 wallGap=13 need>=10 ok1=true lastGap=1 need>=2 ok2=false
[Propose] S0 N0 时间条件满足: epoch=6->7 now=1780541961 InitTime=1780541947 lastpropose=1780541959 wallGap=14>=10 lastGap=2>=2 → propose1
[Propose] S0 N0 等待 sequenceLock…
[Propose] S0 N0 已持有 sequenceLock，seqID=48 即将 propose1
[propose1] S0 N0 seq=48 Tx_pool.Queue_len=1285
left_count: 500
更新树花时间为: 22
写数据库IO花时间为: 32
编号为 48 的区块已加入本地区块链！curBlock: 
blockHeader: 
[b85661bcf52052a06341fa3c92d85df8682963769655349b94cc8678cb6cbb32 f51c950d15713bf2f74a479bcbf2694fd2b7d64ce6573e1a733316111586e2ee 8c37fa064523f49a0a455c5eb6d6f509ce1991dd0d9e0524abefe558e888132b 48 1780541961]
# of transactions: 500
# of TXmig1s: 0
# of In1s: 0
# of Anns: 0
# of NSs: 0
blockHash: 
e7b8421674d5ba5b661560657560bc77668899dc67bd87fa23751a70ba1c7bba

第48个块开始准备relay

[Propose wait] S0 N0 spin=1 epoch=7 now=1780541961 InitTime=1780541947 lastpropose=1780541961 wallGap=14 need>=12 ok1=true lastGap=0 need>=2 ok2=false
[handleTxFromClient] S0 N0 recv client batch, tx_count=409
[handleTxFromClient] S0 N0 append to Tx_pool.Queue: local_queued=409 forward_other_shard=0 Queue_total_len=1194

第48个块结束relay

[Propose wait] S0 N0 spin=50 epoch=7 now=1780541962 InitTime=1780541947 lastpropose=1780541961 wallGap=15 need>=12 ok1=true lastGap=1 need>=2 ok2=false
[Propose] S0 N0 时间条件满足: epoch=7->8 now=1780541963 InitTime=1780541947 lastpropose=1780541961 wallGap=16>=12 lastGap=2>=2 → propose1
[Propose] S0 N0 等待 sequenceLock…
[Propose] S0 N0 已持有 sequenceLock，seqID=49 即将 propose1
[propose1] S0 N0 seq=49 Tx_pool.Queue_len=1269
left_count: 500
更新树花时间为: 26
写数据库IO花时间为: 35
编号为 49 的区块已加入本地区块链！curBlock: 
blockHeader: 
[e7b8421674d5ba5b661560657560bc77668899dc67bd87fa23751a70ba1c7bba fc4324316d4ac82a82d846c34cf3aa4cf668c35083da03256eeb842ea8bb7b9e 462f14de97af1aa0968c92ee7c006aac40c0a6636874a74326356e5214040c92 49 1780541963]
# of transactions: 500
# of TXmig1s: 0
# of In1s: 0
# of Anns: 0
# of NSs: 0
blockHash: 
a33bca2424ed16adc1db594a195639810d4b3e6feaa9d455a31dec059ec91c8f

第49个块开始准备relay

[Propose wait] S0 N0 spin=1 epoch=8 now=1780541963 InitTime=1780541947 lastpropose=1780541963 wallGap=16 need>=14 ok1=true lastGap=0 need>=2 ok2=false
[handleTxFromClient] S0 N0 recv client batch, tx_count=55
[handleTxFromClient] S0 N0 append to Tx_pool.Queue: local_queued=55 forward_other_shard=0 Queue_total_len=824

第49个块结束relay

[Propose wait] S0 N0 spin=50 epoch=8 now=1780541964 InitTime=1780541947 lastpropose=1780541963 wallGap=17 need>=14 ok1=true lastGap=1 need>=2 ok2=false
[Propose] S0 N0 时间条件满足: epoch=8->9 now=1780541965 InitTime=1780541947 lastpropose=1780541963 wallGap=18>=14 lastGap=2>=2 → propose1
[Propose] S0 N0 等待 sequenceLock…
[Propose] S0 N0 已持有 sequenceLock，seqID=50 即将 propose1
[propose1] S0 N0 seq=50 Tx_pool.Queue_len=1039
left_count: 500
更新树花时间为: 30
写数据库IO花时间为: 66
编号为 50 的区块已加入本地区块链！curBlock: 
blockHeader: 
[a33bca2424ed16adc1db594a195639810d4b3e6feaa9d455a31dec059ec91c8f 94743669637476e8b55b850ee044560e27569fa5cb2b3adb6a3f467a4993912f ed48b116a36e605971d764ec62067932425a8ab9bed19b4339f3559603e02ad8 50 1780541965]
# of transactions: 500
# of TXmig1s: 0
# of In1s: 0
# of Anns: 0
# of NSs: 0
blockHash: 
186aa20b3141dd1cbf82d060239c32bd6deb2a7eda05eae7242e339379d8f3b8

第50个块开始准备relay

[Propose wait] S0 N0 spin=1 epoch=9 now=1780541965 InitTime=1780541947 lastpropose=1780541965 wallGap=18 need>=16 ok1=true lastGap=0 need>=2 ok2=false
[handleTxFromClient] S0 N0 recv client batch, tx_count=278
[handleTxFromClient] S0 N0 append to Tx_pool.Queue: local_queued=278 forward_other_shard=0 Queue_total_len=817

第50个块结束relay

[Propose wait] S0 N0 spin=50 epoch=9 now=1780541966 InitTime=1780541947 lastpropose=1780541965 wallGap=19 need>=16 ok1=true lastGap=1 need>=2 ok2=false
[Propose] S0 N0 时间条件满足: epoch=9->10 now=1780541967 InitTime=1780541947 lastpropose=1780541965 wallGap=20>=16 lastGap=2>=2 → propose1
[Propose] S0 N0 等待 sequenceLock…
[Propose] S0 N0 已持有 sequenceLock，seqID=51 即将 propose1
[propose1] S0 N0 seq=51 Tx_pool.Queue_len=983
left_count: 500
更新树花时间为: 37
写数据库IO花时间为: 77
编号为 51 的区块已加入本地区块链！curBlock: 
blockHeader: 
[186aa20b3141dd1cbf82d060239c32bd6deb2a7eda05eae7242e339379d8f3b8 f7d410027a548d9da8d823d6a745c1ddf9e2bb8b0e7009fa7adb1c34fa9796a7 49cf4a572dcfcb15510a4273c52ce8131276136a5c7f1733d4c3217e6b465c7f 51 1780541967]
# of transactions: 500
# of TXmig1s: 0
# of In1s: 0
# of Anns: 0
# of NSs: 0
blockHash: 
bc238ca7a52343d86ed4639403fdd295f7f98f9ada02d064b4929b1b2b5ce365

第51个块开始准备relay

[Propose wait] S0 N0 spin=1 epoch=10 now=1780541967 InitTime=1780541947 lastpropose=1780541967 wallGap=20 need>=18 ok1=true lastGap=0 need>=2 ok2=false
[handleTxFromClient] S0 N0 recv client batch, tx_count=407
[handleTxFromClient] S0 N0 append to Tx_pool.Queue: local_queued=407 forward_other_shard=0 Queue_total_len=890

第51个块结束relay

[Propose wait] S0 N0 spin=50 epoch=10 now=1780541968 InitTime=1780541947 lastpropose=1780541967 wallGap=21 need>=18 ok1=true lastGap=1 need>=2 ok2=false
[Propose] S0 N0 时间条件满足: epoch=10->11 now=1780541969 InitTime=1780541947 lastpropose=1780541967 wallGap=22>=18 lastGap=2>=2 → propose1
[Propose] S0 N0 等待 sequenceLock…
[Propose] S0 N0 已持有 sequenceLock，seqID=52 即将 propose1
[propose1] S0 N0 seq=52 Tx_pool.Queue_len=1076
left_count: 500
更新树花时间为: 41
写数据库IO花时间为: 46
编号为 52 的区块已加入本地区块链！curBlock: 
blockHeader: 
[bc238ca7a52343d86ed4639403fdd295f7f98f9ada02d064b4929b1b2b5ce365 ff5d2082abd7c0fd3e7eabd23c1ce4257f4f8dac54cbc0e4c64a00c77bcd5c27 3eff51594a7c686c1c361d0820a30c1c9f173febde15f09a34207d07d7ce0acf 52 1780541969]
# of transactions: 500
# of TXmig1s: 0
# of In1s: 0
# of Anns: 0
# of NSs: 0
blockHash: 
ce243a4b9ef001bb11e173c1be027c5e3a0b461ef5978e45a544738e26238970

第52个块开始准备relay

[Propose wait] S0 N0 spin=1 epoch=11 now=1780541969 InitTime=1780541947 lastpropose=1780541969 wallGap=22 need>=20 ok1=true lastGap=0 need>=2 ok2=false
[handleTxFromClient] S0 N0 recv client batch, tx_count=277
[handleTxFromClient] S0 N0 append to Tx_pool.Queue: local_queued=277 forward_other_shard=0 Queue_total_len=853

第52个块结束relay

[Propose wait] S0 N0 spin=50 epoch=11 now=1780541970 InitTime=1780541947 lastpropose=1780541969 wallGap=23 need>=20 ok1=true lastGap=1 need>=2 ok2=false
[Propose] S0 N0 时间条件满足: epoch=11->12 now=1780541971 InitTime=1780541947 lastpropose=1780541969 wallGap=24>=20 lastGap=2>=2 → propose1
[Propose] S0 N0 等待 sequenceLock…
[Propose] S0 N0 已持有 sequenceLock，seqID=53 即将 propose1
[propose1] S0 N0 seq=53 Tx_pool.Queue_len=1054
left_count: 500
更新树花时间为: 29
写数据库IO花时间为: 49
编号为 53 的区块已加入本地区块链！curBlock: 
blockHeader: 
[ce243a4b9ef001bb11e173c1be027c5e3a0b461ef5978e45a544738e26238970 5664de8c66aa02e027489bf93461ae91bdaf435b91468e7284df48f2213d8498 03561c3ec0d67e0a5644fef54fafa3d38ccbaec093c43cad69e1b7289e5fafc7 53 1780541971]
# of transactions: 500
# of TXmig1s: 0
# of In1s: 0
# of Anns: 0
# of NSs: 0
blockHash: 
b12969f15b5937db59be269249522d6dd0c9703d4adfda9c9959b57319ac7a4b

第53个块开始准备relay

[Propose wait] S0 N0 spin=1 epoch=12 now=1780541971 InitTime=1780541947 lastpropose=1780541971 wallGap=24 need>=22 ok1=true lastGap=0 need>=2 ok2=false
[handleTxFromClient] S0 N0 recv client batch, tx_count=551
[handleTxFromClient] S0 N0 append to Tx_pool.Queue: local_queued=551 forward_other_shard=0 Queue_total_len=1105

第53个块结束relay

[Propose wait] S0 N0 spin=50 epoch=12 now=1780541972 InitTime=1780541947 lastpropose=1780541971 wallGap=25 need>=22 ok1=true lastGap=1 need>=2 ok2=false
[Propose] S0 N0 时间条件满足: epoch=12->13 now=1780541973 InitTime=1780541947 lastpropose=1780541971 wallGap=26>=22 lastGap=2>=2 → propose1
[Propose] S0 N0 等待 sequenceLock…
[Propose] S0 N0 已持有 sequenceLock，seqID=54 即将 propose1
[propose1] S0 N0 seq=54 Tx_pool.Queue_len=1212
left_count: 500
更新树花时间为: 35
写数据库IO花时间为: 49
编号为 54 的区块已加入本地区块链！curBlock: 
blockHeader: 
[b12969f15b5937db59be269249522d6dd0c9703d4adfda9c9959b57319ac7a4b 224fbc4da27779c3aa7497bdfbbc3ced91f415b98c4948599d2e8d6ca365497b 5aa3ac8e95e61bff7620aa6c445e36719984354dab8a69820e4bae1a28b0d474 54 1780541973]
# of transactions: 500
# of TXmig1s: 0
# of In1s: 0
# of Anns: 0
# of NSs: 0
blockHash: 
b624ffe2d230d262ca3bb05c43e2ed995cb4cea7c95cd8dd20cf110e87f5f544

第54个块开始准备relay

[Propose wait] S0 N0 spin=1 epoch=13 now=1780541973 InitTime=1780541947 lastpropose=1780541973 wallGap=26 need>=24 ok1=true lastGap=0 need>=2 ok2=false
[handleTxFromClient] S0 N0 recv client batch, tx_count=633
[handleTxFromClient] S0 N0 append to Tx_pool.Queue: local_queued=633 forward_other_shard=0 Queue_total_len=1345

第54个块结束relay

[Propose wait] S0 N0 spin=50 epoch=13 now=1780541974 InitTime=1780541947 lastpropose=1780541973 wallGap=27 need>=24 ok1=true lastGap=1 need>=2 ok2=false
[Propose] S0 N0 时间条件满足: epoch=13->14 now=1780541975 InitTime=1780541947 lastpropose=1780541973 wallGap=28>=24 lastGap=2>=2 → propose1
[Propose] S0 N0 等待 sequenceLock…
[Propose] S0 N0 已持有 sequenceLock，seqID=55 即将 propose1
[propose1] S0 N0 seq=55 Tx_pool.Queue_len=1540
left_count: 500
更新树花时间为: 26
写数据库IO花时间为: 60
编号为 55 的区块已加入本地区块链！curBlock: 
blockHeader: 
[b624ffe2d230d262ca3bb05c43e2ed995cb4cea7c95cd8dd20cf110e87f5f544 01c9e78bde87b45f74c8193bebe29c718643fec17953da1d7b220d8b6b890299 f5a3175127d222faefa14ea5031c033b5cc504632dc6c786673920d4c8c3e6b2 55 1780541975]
# of transactions: 500
# of TXmig1s: 0
# of In1s: 0
# of Anns: 0
# of NSs: 0
blockHash: 
17a6863fc3502248bd3e4861b92d54888e60f1bb0ea988435269e41610103f80

第55个块开始准备relay

[Propose wait] S0 N0 spin=1 epoch=14 now=1780541975 InitTime=1780541947 lastpropose=1780541975 wallGap=28 need>=26 ok1=true lastGap=0 need>=2 ok2=false
[handleTxFromClient] S0 N0 recv client batch, tx_count=489
[handleTxFromClient] S0 N0 append to Tx_pool.Queue: local_queued=489 forward_other_shard=0 Queue_total_len=1529

第55个块结束relay

[Propose wait] S0 N0 spin=50 epoch=14 now=1780541976 InitTime=1780541947 lastpropose=1780541975 wallGap=29 need>=26 ok1=true lastGap=1 need>=2 ok2=false
[Propose] S0 N0 时间条件满足: epoch=14->15 now=1780541977 InitTime=1780541947 lastpropose=1780541975 wallGap=30>=26 lastGap=2>=2 → propose1
[Propose] S0 N0 等待 sequenceLock…
[Propose] S0 N0 已持有 sequenceLock，seqID=56 即将 propose1
[propose1] S0 N0 seq=56 Tx_pool.Queue_len=1704
left_count: 500
更新树花时间为: 30
写数据库IO花时间为: 40
编号为 56 的区块已加入本地区块链！curBlock: 
blockHeader: 
[17a6863fc3502248bd3e4861b92d54888e60f1bb0ea988435269e41610103f80 4fc750bf9582b430c09aa8afe7d8535bf0032d8a70e420fc057d5e687fd5a127 a18bed988f3fbd8ea0340a8206918c7e7e25143450bee881b6f8d1a633da7450 56 1780541977]
# of transactions: 500
# of TXmig1s: 0
# of In1s: 0
# of Anns: 0
# of NSs: 0
blockHash: 
ac33094c1f57a5a1f1b39240e491af900d8d51635fb488437d403060961e1369

第56个块开始准备relay

[Propose wait] S0 N0 spin=1 epoch=15 now=1780541977 InitTime=1780541947 lastpropose=1780541977 wallGap=30 need>=28 ok1=true lastGap=0 need>=2 ok2=false
[handleTxFromClient] S0 N0 recv client batch, tx_count=496
[handleTxFromClient] S0 N0 append to Tx_pool.Queue: local_queued=496 forward_other_shard=0 Queue_total_len=1700

第56个块结束relay

[Propose wait] S0 N0 spin=50 epoch=15 now=1780541978 InitTime=1780541947 lastpropose=1780541977 wallGap=31 need>=28 ok1=true lastGap=1 need>=2 ok2=false
[Propose] S0 N0 时间条件满足: epoch=15->16 now=1780541979 InitTime=1780541947 lastpropose=1780541977 wallGap=32>=28 lastGap=2>=2 → propose1
[Propose] S0 N0 等待 sequenceLock…
[Propose] S0 N0 已持有 sequenceLock，seqID=57 即将 propose1
[propose1] S0 N0 seq=57 Tx_pool.Queue_len=1861
left_count: 500
更新树花时间为: 30
写数据库IO花时间为: 41
编号为 57 的区块已加入本地区块链！curBlock: 
blockHeader: 
[ac33094c1f57a5a1f1b39240e491af900d8d51635fb488437d403060961e1369 68a9f982a96487afe4f7bdcddc4b094d7b46f3f7fa497fc4259a9c416bd6c530 7c836bba5d0bc8931e4e08fa2ef795a7d2b4edff948106adcae00d831b98df67 57 1780541979]
# of transactions: 500
# of TXmig1s: 0
# of In1s: 0
# of Anns: 0
# of NSs: 0
blockHash: 
940a5a3c99d5099493c23d82a0754c7e320fdcd60aa4ef31eb723bd6811daa1e

第57个块开始准备relay

[Propose wait] S0 N0 spin=1 epoch=16 now=1780541979 InitTime=1780541947 lastpropose=1780541979 wallGap=32 need>=30 ok1=true lastGap=0 need>=2 ok2=false
[handleTxFromClient] S0 N0 recv client batch, tx_count=468
[handleTxFromClient] S0 N0 append to Tx_pool.Queue: local_queued=468 forward_other_shard=0 Queue_total_len=1829

第57个块结束relay

[Propose wait] S0 N0 spin=50 epoch=16 now=1780541980 InitTime=1780541947 lastpropose=1780541979 wallGap=33 need>=30 ok1=true lastGap=1 need>=2 ok2=false
[Propose] S0 N0 时间条件满足: epoch=16->17 now=1780541981 InitTime=1780541947 lastpropose=1780541979 wallGap=34>=30 lastGap=2>=2 → propose1
[Propose] S0 N0 等待 sequenceLock…
[Propose] S0 N0 已持有 sequenceLock，seqID=58 即将 propose1
[propose1] S0 N0 seq=58 Tx_pool.Queue_len=1988
left_count: 500
更新树花时间为: 32
写数据库IO花时间为: 47
编号为 58 的区块已加入本地区块链！curBlock: 
blockHeader: 
[940a5a3c99d5099493c23d82a0754c7e320fdcd60aa4ef31eb723bd6811daa1e 4b1ba38bd68871ae5ead41b590d70efb95ec71f61013e5f156683de7b09c7071 bdfceb0b3d6e2c276c6316f485444b486c632271c5c29711e6ceaca2369087ab 58 1780541981]
# of transactions: 500
# of TXmig1s: 0
# of In1s: 0
# of Anns: 0
# of NSs: 0
blockHash: 
748420e47d1b0da88ae1765e830c4cf6eb97baad4e857d184d916612cdcf88a2

第58个块开始准备relay

[Propose wait] S0 N0 spin=1 epoch=17 now=1780541981 InitTime=1780541947 lastpropose=1780541981 wallGap=34 need>=32 ok1=true lastGap=0 need>=2 ok2=false
[handleTxFromClient] S0 N0 recv client batch, tx_count=489
[handleTxFromClient] S0 N0 append to Tx_pool.Queue: local_queued=489 forward_other_shard=0 Queue_total_len=1977

第58个块结束relay

[Propose wait] S0 N0 spin=50 epoch=17 now=1780541982 InitTime=1780541947 lastpropose=1780541981 wallGap=35 need>=32 ok1=true lastGap=1 need>=2 ok2=false
[Propose] S0 N0 时间条件满足: epoch=17->18 now=1780541983 InitTime=1780541947 lastpropose=1780541981 wallGap=36>=32 lastGap=2>=2 → propose1
[Propose] S0 N0 等待 sequenceLock…
[Propose] S0 N0 已持有 sequenceLock，seqID=59 即将 propose1
[propose1] S0 N0 seq=59 Tx_pool.Queue_len=2128
left_count: 500
更新树花时间为: 36
写数据库IO花时间为: 51
编号为 59 的区块已加入本地区块链！curBlock: 
blockHeader: 
[748420e47d1b0da88ae1765e830c4cf6eb97baad4e857d184d916612cdcf88a2 cc2b897b1d03fb897d0f8f865b4f43a6d272c8fd6c3ef9ee880e8a3df1dccde7 1cb2a1b1e29976f8dd4e5dd4d4735b3fe635e72b13d3d68f8729541395bb6274 59 1780541983]
# of transactions: 500
# of TXmig1s: 0
# of In1s: 0
# of Anns: 0
# of NSs: 0
blockHash: 
9dd1bb5b810f4f8149db950877a413d454a4ab82c267a11faf45b7b14b6cab02

第59个块开始准备relay

[Propose wait] S0 N0 spin=1 epoch=18 now=1780541983 InitTime=1780541947 lastpropose=1780541983 wallGap=36 need>=34 ok1=true lastGap=0 need>=2 ok2=false
[handleTxFromClient] S0 N0 recv client batch, tx_count=166
[handleTxFromClient] S0 N0 append to Tx_pool.Queue: local_queued=166 forward_other_shard=0 Queue_total_len=1794

第59个块结束relay

[Propose wait] S0 N0 spin=50 epoch=18 now=1780541984 InitTime=1780541947 lastpropose=1780541983 wallGap=37 need>=34 ok1=true lastGap=1 need>=2 ok2=false
[Propose] S0 N0 时间条件满足: epoch=18->19 now=1780541985 InitTime=1780541947 lastpropose=1780541983 wallGap=38>=34 lastGap=2>=2 → propose1
[Propose] S0 N0 等待 sequenceLock…
[Propose] S0 N0 已持有 sequenceLock，seqID=60 即将 propose1
[propose1] S0 N0 seq=60 Tx_pool.Queue_len=1932
left_count: 500
更新树花时间为: 30
写数据库IO花时间为: 45
编号为 60 的区块已加入本地区块链！curBlock: 
blockHeader: 
[9dd1bb5b810f4f8149db950877a413d454a4ab82c267a11faf45b7b14b6cab02 a07deb01d6e91bef5de5e685da25ce4fd42a895b616a4c5c95e52f479ad50c81 aabca7920955cd5d37310ca243e055631a8027a3c46ecbb52f040a11ec49fbd8 60 1780541985]
# of transactions: 500
# of TXmig1s: 0
# of In1s: 0
# of Anns: 0
# of NSs: 0
blockHash: 
1a8975b571f8de2bab4ee0dc7c90f8101726ca487a35628e61c6fa9e61a5dc4e

第60个块开始准备relay

[Propose wait] S0 N0 spin=1 epoch=19 now=1780541985 InitTime=1780541947 lastpropose=1780541985 wallGap=38 need>=36 ok1=true lastGap=0 need>=2 ok2=false
[handleTxFromClient] S0 N0 recv client batch, tx_count=167
[handleTxFromClient] S0 N0 append to Tx_pool.Queue: local_queued=167 forward_other_shard=0 Queue_total_len=1599

第60个块结束relay

[Propose wait] S0 N0 spin=50 epoch=19 now=1780541986 InitTime=1780541947 lastpropose=1780541985 wallGap=39 need>=36 ok1=true lastGap=1 need>=2 ok2=false
[Propose] S0 N0 时间条件满足: epoch=19->20 now=1780541987 InitTime=1780541947 lastpropose=1780541985 wallGap=40>=36 lastGap=2>=2 → propose1
[Propose] S0 N0 等待 sequenceLock…
[Propose] S0 N0 已持有 sequenceLock，seqID=61 即将 propose1
[propose1] S0 N0 seq=61 Tx_pool.Queue_len=1757
left_count: 500
更新树花时间为: 27
写数据库IO花时间为: 34
编号为 61 的区块已加入本地区块链！curBlock: 
blockHeader: 
[1a8975b571f8de2bab4ee0dc7c90f8101726ca487a35628e61c6fa9e61a5dc4e 79f640167950b5c82c0fbd3946564bbc945512cb8b0ff7fdbf2a8c337b1df694 816237da949a09cde004c9b16a5672a3468e1b0b0a386e8370f657de5fec399e 61 1780541987]
# of transactions: 500
# of TXmig1s: 0
# of In1s: 0
# of Anns: 0
# of NSs: 0
blockHash: 
2751205f93c48d2ff738e96a73ac8e4fca5f8e457ae4b81fd06510900f32d5a8

第61个块开始准备relay

[Propose wait] S0 N0 spin=1 epoch=20 now=1780541987 InitTime=1780541947 lastpropose=1780541987 wallGap=40 need>=38 ok1=true lastGap=0 need>=2 ok2=false
[handleTxFromClient] S0 N0 recv client batch, tx_count=555
[handleTxFromClient] S0 N0 append to Tx_pool.Queue: local_queued=555 forward_other_shard=0 Queue_total_len=1812

第61个块结束relay

[Propose wait] S0 N0 spin=50 epoch=20 now=1780541988 InitTime=1780541947 lastpropose=1780541987 wallGap=41 need>=38 ok1=true lastGap=1 need>=2 ok2=false
[Propose] S0 N0 时间条件满足: epoch=20->21 now=1780541989 InitTime=1780541947 lastpropose=1780541987 wallGap=42>=38 lastGap=2>=2 → propose1
[Propose] S0 N0 等待 sequenceLock…
[Propose] S0 N0 已持有 sequenceLock，seqID=62 即将 propose1
[propose1] S0 N0 seq=62 Tx_pool.Queue_len=1918
left_count: 500
更新树花时间为: 17
写数据库IO花时间为: 25
编号为 62 的区块已加入本地区块链！curBlock: 
blockHeader: 
[2751205f93c48d2ff738e96a73ac8e4fca5f8e457ae4b81fd06510900f32d5a8 b2756634d948329ff6d7bb08330f9cd03213723d07e8f1767bab5923c86b6251 5cd4cf33e4147d1dedf9870055bd1c274171afd357f18547f3466aa79f8b6f17 62 1780541989]
# of transactions: 500
# of TXmig1s: 0
# of In1s: 0
# of Anns: 0
# of NSs: 0
blockHash: 
5ecbfc0cb2b9d2336b368b884fcd1d6a9a30cbcd50b200ef0dfe0f532aa19485

第62个块开始准备relay

[Propose wait] S0 N0 spin=1 epoch=21 now=1780541989 InitTime=1780541947 lastpropose=1780541989 wallGap=42 need>=40 ok1=true lastGap=0 need>=2 ok2=false
[handleTxFromClient] S0 N0 recv client batch, tx_count=47
[handleTxFromClient] S0 N0 append to Tx_pool.Queue: local_queued=47 forward_other_shard=0 Queue_total_len=1465

第62个块结束relay

[Propose wait] S0 N0 spin=50 epoch=21 now=1780541990 InitTime=1780541947 lastpropose=1780541989 wallGap=43 need>=40 ok1=true lastGap=1 need>=2 ok2=false
[Propose] S0 N0 时间条件满足: epoch=21->22 now=1780541991 InitTime=1780541947 lastpropose=1780541989 wallGap=44>=40 lastGap=2>=2 → propose1
[Propose] S0 N0 等待 sequenceLock…
[Propose] S0 N0 已持有 sequenceLock，seqID=63 即将 propose1
[propose1] S0 N0 seq=63 Tx_pool.Queue_len=1715
left_count: 500
本节点已接收到client发来准备迁移通知
更新树花时间为: 42
写数据库IO花时间为: 47
编号为 63 的区块已加入本地区块链！curBlock: 
blockHeader: 
[5ecbfc0cb2b9d2336b368b884fcd1d6a9a30cbcd50b200ef0dfe0f532aa19485 080dc493db0c0d8420b9e832ebdaf24b0347ba1ee13c1312b95f6e468d86656d 6de16ac82f679a0a844bc30e3fa8e7ec2b5d3095056eb76885b50a17c7c27cc4 63 1780541991]
# of transactions: 500
# of TXmig1s: 0
# of In1s: 0
# of Anns: 0
# of NSs: 0
blockHash: 
9bd7ea8d2347fdb7e7a454056cf22865b7a0d73e74eb8350ee142a396cc9094a

第63个块开始准备relay

[Propose wait] S0 N0 spin=1 epoch=22 now=1780541991 InitTime=1780541947 lastpropose=1780541991 wallGap=44 need>=42 ok1=true lastGap=0 need>=2 ok2=false
本节点已将 pending 发送到 client（1215 笔）
[handleTxFromClient] S0 N0 recv client batch, tx_count=6
[SyncProbe][Ingress] shard=S0 node=N0 tx=9000000001 senderSID=0 recSID=0 local=true tag=0 isRelay=false
[SyncProbe][Redirect] tx=9000000001 跳过重定向: 无MigCtx或非new(txRT=1)
[SyncProbe][Ingress] shard=S0 node=N0 tx=9000000003 senderSID=0 recSID=0 local=true tag=0 isRelay=false
[SyncProbe][Redirect] tx=9000000003 跳过重定向: 无MigCtx或非new(txRT=1)
[SyncProbe][Ingress] shard=S0 node=N0 tx=9000000011 senderSID=0 recSID=0 local=true tag=0 isRelay=false
[SyncProbe][Redirect] tx=9000000011 跳过重定向: 无MigCtx或非new(txRT=1)
[SyncProbe][Ingress] shard=S0 node=N0 tx=9000000013 senderSID=0 recSID=0 local=true tag=0 isRelay=false
[SyncProbe][Redirect] tx=9000000013 跳过重定向: 无MigCtx或非new(txRT=1)
[SyncProbe][Ingress] shard=S0 node=N0 tx=9000000021 senderSID=0 recSID=0 local=true tag=0 isRelay=false
[SyncProbe][Redirect] tx=9000000021 跳过重定向: 无MigCtx或非new(txRT=1)
[SyncProbe][Ingress] shard=S0 node=N0 tx=9000000023 senderSID=0 recSID=0 local=true tag=0 isRelay=false
[SyncProbe][Redirect] tx=9000000023 跳过重定向: 无MigCtx或非new(txRT=1)
[SyncProbe][Ingress] shard=S0 tx=9000000001 本片入池(立即入池路径)
[SyncProbe][Ingress] shard=S0 tx=9000000003 本片入池(立即入池路径)
[SyncProbe][Ingress] shard=S0 tx=9000000011 本片入池(立即入池路径)
[SyncProbe][Ingress] shard=S0 tx=9000000013 本片入池(立即入池路径)
[SyncProbe][Ingress] shard=S0 tx=9000000021 本片入池(立即入池路径)
[SyncProbe][Ingress] shard=S0 tx=9000000023 本片入池(立即入池路径)
[handleTxFromClient] S0 N0 append to Tx_pool.Queue: local_queued=6 forward_other_shard=0 Queue_total_len=1221
[handleTxFromClient] S0 N0 recv client batch, tx_count=25
[handleTxFromClient] S0 N0 append to Tx_pool.Queue: local_queued=25 forward_other_shard=0 Queue_total_len=1246

第63个块结束relay

本节点已接收到客户端发送的新映射
[SyncProbe] S0 账户 f341cafc9ba3d91ef98c9ef811170c1c5f1ef28e NewMap 后提前 Pause suffix-old（逻辑 tx2=9000000002），等待 PhaseB 真实 tx2
[SyncProbe]   Paused txId=9000000003
[SyncProbe] S0 账户 96904d8c1f1c88dfb6cfba916396bf4beabcf454 NewMap 后提前 Pause suffix-old（逻辑 tx2=9000000012），等待 PhaseB 真实 tx2
[SyncProbe]   Paused txId=9000000013
[SyncProbe] S0 账户 9e9ff119553d7ad5d40d1cd4c39aba4901955470 NewMap 后提前 Pause suffix-old（逻辑 tx2=9000000022），等待 PhaseB 真实 tx2
[SyncProbe]   Paused txId=9000000023
[Propose wait] S0 N0 spin=50 epoch=22 now=1780541992 InitTime=1780541947 lastpropose=1780541991 wallGap=45 need>=42 ok1=true lastGap=1 need>=2 ok2=false
[Propose] S0 N0 时间条件满足: epoch=22->23 now=1780541993 InitTime=1780541947 lastpropose=1780541991 wallGap=46>=42 lastGap=2>=2 → propose1
[Propose] S0 N0 等待 sequenceLock…
[Propose] S0 N0 已持有 sequenceLock，seqID=64 即将 propose1
[propose1] S0 N0 seq=64 Tx_pool.Queue_len=1423
left_count: 200
更新树花时间为: 41
写数据库IO花时间为: 51
编号为 64 的区块已加入本地区块链！curBlock: 
blockHeader: 
[9bd7ea8d2347fdb7e7a454056cf22865b7a0d73e74eb8350ee142a396cc9094a a535f08472872883d9e6dbd2b37d8016a617bdeb0ea659ed874d14a2c3ec8e69 74b8df04b8daf0e84cce0e109f173c2124614bf45296a091e92ab8cfeaf2e7ee 64 1780541993]
# of transactions: 200
# of TXmig1s: 300
# of In1s: 0
# of Anns: 0
# of NSs: 0
blockHash: 
ac91c6369db0b5f2a58a4beb7717a364ff0119909baa66b123c8b38dc27298d7

第64个块开始准备relay

[MVSS+] 源片 S0 账户 f341cafc9ba3d91ef98c9ef811170c1c5f1ef28e prefix old 就绪，发送 State_ini sync
[SyncLog] write ok shard=S0 node=N0 event=send mode=delta count=1
[MVSS+] 源片 S0 账户 96904d8c1f1c88dfb6cfba916396bf4beabcf454 prefix old 就绪，发送 State_ini sync
[SyncLog] write ok shard=S0 node=N0 event=send mode=delta count=2
[MVSS+] 源片 S0 账户 9e9ff119553d7ad5d40d1cd4c39aba4901955470 prefix old 就绪，发送 State_ini sync
[SyncLog] write ok shard=S0 node=N0 event=send mode=delta count=3
[Propose wait] S0 N0 spin=1 epoch=23 now=1780541993 InitTime=1780541947 lastpropose=1780541993 wallGap=46 need>=44 ok1=true lastGap=0 need>=2 ok2=false

第64个块结束relay

[handleTxFromClient] S0 N0 recv client batch, tx_count=30
[handleTxFromClient] S0 N0 append to Tx_pool.Queue: local_queued=30 forward_other_shard=0 Queue_total_len=1285
[handleTxFromClient] S0 N0 recv client batch, tx_count=1
[handleTxFromClient] S0 N0 append to Tx_pool.Queue: local_queued=0 forward_other_shard=1 Queue_total_len=1285
[handleTxFromClient] S0 N0 recv client batch, tx_count=1
[handleTxFromClient] S0 N0 append to Tx_pool.Queue: local_queued=0 forward_other_shard=1 Queue_total_len=1285
[handleTxFromClient] S0 N0 recv client batch, tx_count=1
[handleTxFromClient] S0 N0 append to Tx_pool.Queue: local_queued=0 forward_other_shard=1 Queue_total_len=1285
[handleTxFromClient] S0 N0 recv client batch, tx_count=1
[handleTxFromClient] S0 N0 append to Tx_pool.Queue: local_queued=0 forward_other_shard=1 Queue_total_len=1285
[handleTxFromClient] S0 N0 recv client batch, tx_count=1
[handleTxFromClient] S0 N0 append to Tx_pool.Queue: local_queued=0 forward_other_shard=1 Queue_total_len=1285
[handleTxFromClient] S0 N0 recv client batch, tx_count=1
[handleTxFromClient] S0 N0 append to Tx_pool.Queue: local_queued=0 forward_other_shard=1 Queue_total_len=1285
[handleTxFromClient] S0 N0 recv client batch, tx_count=1
[handleTxFromClient] S0 N0 append to Tx_pool.Queue: local_queued=0 forward_other_shard=1 Queue_total_len=1285
[handleTxFromClient] S0 N0 recv client batch, tx_count=1
[handleTxFromClient] S0 N0 append to Tx_pool.Queue: local_queued=0 forward_other_shard=1 Queue_total_len=1285
[handleTxFromClient] S0 N0 recv client batch, tx_count=1
[handleTxFromClient] S0 N0 append to Tx_pool.Queue: local_queued=0 forward_other_shard=1 Queue_total_len=1285
[handleTxFromClient] S0 N0 recv client batch, tx_count=1
[handleTxFromClient] S0 N0 append to Tx_pool.Queue: local_queued=0 forward_other_shard=1 Queue_total_len=1285
[handleTxFromClient] S0 N0 recv client batch, tx_count=1
[handleTxFromClient] S0 N0 append to Tx_pool.Queue: local_queued=0 forward_other_shard=1 Queue_total_len=1285
[handleTxFromClient] S0 N0 recv client batch, tx_count=1
[handleTxFromClient] S0 N0 append to Tx_pool.Queue: local_queued=0 forward_other_shard=1 Queue_total_len=1285
[handleTxFromClient] S0 N0 recv client batch, tx_count=1
[handleTxFromClient] S0 N0 append to Tx_pool.Queue: local_queued=0 forward_other_shard=1 Queue_total_len=1285
[handleTxFromClient] S0 N0 recv client batch, tx_count=1
[handleTxFromClient] S0 N0 append to Tx_pool.Queue: local_queued=0 forward_other_shard=1 Queue_total_len=1285
[handleTxFromClient] S0 N0 recv client batch, tx_count=1
[handleTxFromClient] S0 N0 append to Tx_pool.Queue: local_queued=0 forward_other_shard=1 Queue_total_len=1285
[handleTxFromClient] S0 N0 recv client batch, tx_count=1
[handleTxFromClient] S0 N0 append to Tx_pool.Queue: local_queued=0 forward_other_shard=1 Queue_total_len=1285
[handleTxFromClient] S0 N0 recv client batch, tx_count=1
[handleTxFromClient] S0 N0 append to Tx_pool.Queue: local_queued=0 forward_other_shard=1 Queue_total_len=1285
[handleTxFromClient] S0 N0 recv client batch, tx_count=1
[handleTxFromClient] S0 N0 append to Tx_pool.Queue: local_queued=0 forward_other_shard=1 Queue_total_len=1285
[handleTxFromClient] S0 N0 recv client batch, tx_count=1
[handleTxFromClient] S0 N0 append to Tx_pool.Queue: local_queued=0 forward_other_shard=1 Queue_total_len=1285
[handleTxFromClient] S0 N0 recv client batch, tx_count=1
[handleTxFromClient] S0 N0 append to Tx_pool.Queue: local_queued=0 forward_other_shard=1 Queue_total_len=1285
[handleTxFromClient] S0 N0 recv client batch, tx_count=1
[handleTxFromClient] S0 N0 append to Tx_pool.Queue: local_queued=0 forward_other_shard=1 Queue_total_len=1285
[handleTxFromClient] S0 N0 recv client batch, tx_count=1
[handleTxFromClient] S0 N0 append to Tx_pool.Queue: local_queued=0 forward_other_shard=1 Queue_total_len=1285
[handleTxFromClient] S0 N0 recv client batch, tx_count=1
[handleTxFromClient] S0 N0 append to Tx_pool.Queue: local_queued=0 forward_other_shard=1 Queue_total_len=1285
[handleTxFromClient] S0 N0 recv client batch, tx_count=1
[handleTxFromClient] S0 N0 append to Tx_pool.Queue: local_queued=0 forward_other_shard=1 Queue_total_len=1285
[handleTxFromClient] S0 N0 recv client batch, tx_count=1
[handleTxFromClient] S0 N0 append to Tx_pool.Queue: local_queued=0 forward_other_shard=1 Queue_total_len=1285
[handleTxFromClient] S0 N0 recv client batch, tx_count=1
[handleTxFromClient] S0 N0 append to Tx_pool.Queue: local_queued=0 forward_other_shard=1 Queue_total_len=1285
[handleTxFromClient] S0 N0 recv client batch, tx_count=1
[handleTxFromClient] S0 N0 append to Tx_pool.Queue: local_queued=0 forward_other_shard=1 Queue_total_len=1285
[handleTxFromClient] S0 N0 recv client batch, tx_count=1
[handleTxFromClient] S0 N0 append to Tx_pool.Queue: local_queued=0 forward_other_shard=1 Queue_total_len=1285
[handleTxFromClient] S0 N0 recv client batch, tx_count=1
[handleTxFromClient] S0 N0 append to Tx_pool.Queue: local_queued=0 forward_other_shard=1 Queue_total_len=1285
[handleTxFromClient] S0 N0 recv client batch, tx_count=1
[handleTxFromClient] S0 N0 append to Tx_pool.Queue: local_queued=0 forward_other_shard=1 Queue_total_len=1285
[handleTxFromClient] S0 N0 recv client batch, tx_count=1
[handleTxFromClient] S0 N0 append to Tx_pool.Queue: local_queued=0 forward_other_shard=1 Queue_total_len=1285
[handleTxFromClient] S0 N0 recv client batch, tx_count=1
[handleTxFromClient] S0 N0 append to Tx_pool.Queue: local_queued=0 forward_other_shard=1 Queue_total_len=1285
[handleTxFromClient] S0 N0 recv client batch, tx_count=1
[handleTxFromClient] S0 N0 append to Tx_pool.Queue: local_queued=0 forward_other_shard=1 Queue_total_len=1285
[handleTxFromClient] S0 N0 recv client batch, tx_count=1
[handleTxFromClient] S0 N0 append to Tx_pool.Queue: local_queued=0 forward_other_shard=1 Queue_total_len=1285
[handleTxFromClient] S0 N0 recv client batch, tx_count=1
[handleTxFromClient] S0 N0 append to Tx_pool.Queue: local_queued=0 forward_other_shard=1 Queue_total_len=1285
[handleTxFromClient] S0 N0 recv client batch, tx_count=1
[handleTxFromClient] S0 N0 append to Tx_pool.Queue: local_queued=0 forward_other_shard=1 Queue_total_len=1285
[handleTxFromClient] S0 N0 recv client batch, tx_count=1
[handleTxFromClient] S0 N0 append to Tx_pool.Queue: local_queued=0 forward_other_shard=1 Queue_total_len=1285
[handleTxFromClient] S0 N0 recv client batch, tx_count=1
[handleTxFromClient] S0 N0 append to Tx_pool.Queue: local_queued=0 forward_other_shard=1 Queue_total_len=1285
[handleTxFromClient] S0 N0 recv client batch, tx_count=1
[handleTxFromClient] S0 N0 append to Tx_pool.Queue: local_queued=0 forward_other_shard=1 Queue_total_len=1285
[handleTxFromClient] S0 N0 recv client batch, tx_count=1
[handleTxFromClient] S0 N0 append to Tx_pool.Queue: local_queued=0 forward_other_shard=1 Queue_total_len=1285
[handleTxFromClient] S0 N0 recv client batch, tx_count=1
[handleTxFromClient] S0 N0 append to Tx_pool.Queue: local_queued=0 forward_other_shard=1 Queue_total_len=1285
[handleTxFromClient] S0 N0 recv client batch, tx_count=1
[handleTxFromClient] S0 N0 append to Tx_pool.Queue: local_queued=0 forward_other_shard=1 Queue_total_len=1285
[handleTxFromClient] S0 N0 recv client batch, tx_count=1
[handleTxFromClient] S0 N0 append to Tx_pool.Queue: local_queued=0 forward_other_shard=1 Queue_total_len=1285
[handleTxFromClient] S0 N0 recv client batch, tx_count=1
[handleTxFromClient] S0 N0 append to Tx_pool.Queue: local_queued=0 forward_other_shard=1 Queue_total_len=1285
[handleTxFromClient] S0 N0 recv client batch, tx_count=1
[handleTxFromClient] S0 N0 append to Tx_pool.Queue: local_queued=0 forward_other_shard=1 Queue_total_len=1285
[handleTxFromClient] S0 N0 recv client batch, tx_count=1
[handleTxFromClient] S0 N0 append to Tx_pool.Queue: local_queued=0 forward_other_shard=1 Queue_total_len=1285
[handleTxFromClient] S0 N0 recv client batch, tx_count=1
[handleTxFromClient] S0 N0 append to Tx_pool.Queue: local_queued=0 forward_other_shard=1 Queue_total_len=1285
[handleTxFromClient] S0 N0 recv client batch, tx_count=1
[handleTxFromClient] S0 N0 append to Tx_pool.Queue: local_queued=0 forward_other_shard=1 Queue_total_len=1285
[handleTxFromClient] S0 N0 recv client batch, tx_count=1
[handleTxFromClient] S0 N0 append to Tx_pool.Queue: local_queued=0 forward_other_shard=1 Queue_total_len=1285
[handleTxFromClient] S0 N0 recv client batch, tx_count=1
[handleTxFromClient] S0 N0 append to Tx_pool.Queue: local_queued=0 forward_other_shard=1 Queue_total_len=1285
[handleTxFromClient] S0 N0 recv client batch, tx_count=1
[handleTxFromClient] S0 N0 append to Tx_pool.Queue: local_queued=0 forward_other_shard=1 Queue_total_len=1285
[handleTxFromClient] S0 N0 recv client batch, tx_count=1
[handleTxFromClient] S0 N0 append to Tx_pool.Queue: local_queued=0 forward_other_shard=1 Queue_total_len=1285
[handleTxFromClient] S0 N0 recv client batch, tx_count=1
[handleTxFromClient] S0 N0 append to Tx_pool.Queue: local_queued=0 forward_other_shard=1 Queue_total_len=1285
[handleTxFromClient] S0 N0 recv client batch, tx_count=1
[handleTxFromClient] S0 N0 append to Tx_pool.Queue: local_queued=0 forward_other_shard=1 Queue_total_len=1285
[handleTxFromClient] S0 N0 recv client batch, tx_count=1
[handleTxFromClient] S0 N0 append to Tx_pool.Queue: local_queued=0 forward_other_shard=1 Queue_total_len=1285
[handleTxFromClient] S0 N0 recv client batch, tx_count=1
[handleTxFromClient] S0 N0 append to Tx_pool.Queue: local_queued=0 forward_other_shard=1 Queue_total_len=1285
[handleTxFromClient] S0 N0 recv client batch, tx_count=1
[handleTxFromClient] S0 N0 append to Tx_pool.Queue: local_queued=0 forward_other_shard=1 Queue_total_len=1285
[handleTxFromClient] S0 N0 recv client batch, tx_count=1
[handleTxFromClient] S0 N0 append to Tx_pool.Queue: local_queued=0 forward_other_shard=1 Queue_total_len=1285
[handleTxFromClient] S0 N0 recv client batch, tx_count=1
[handleTxFromClient] S0 N0 append to Tx_pool.Queue: local_queued=0 forward_other_shard=1 Queue_total_len=1285
[handleTxFromClient] S0 N0 recv client batch, tx_count=1
[handleTxFromClient] S0 N0 append to Tx_pool.Queue: local_queued=0 forward_other_shard=1 Queue_total_len=1285
[handleTxFromClient] S0 N0 recv client batch, tx_count=1
[handleTxFromClient] S0 N0 append to Tx_pool.Queue: local_queued=0 forward_other_shard=1 Queue_total_len=1285
[handleTxFromClient] S0 N0 recv client batch, tx_count=1
[handleTxFromClient] S0 N0 append to Tx_pool.Queue: local_queued=0 forward_other_shard=1 Queue_total_len=1285
[handleTxFromClient] S0 N0 recv client batch, tx_count=1
[handleTxFromClient] S0 N0 append to Tx_pool.Queue: local_queued=0 forward_other_shard=1 Queue_total_len=1285
[handleTxFromClient] S0 N0 recv client batch, tx_count=1
[handleTxFromClient] S0 N0 append to Tx_pool.Queue: local_queued=0 forward_other_shard=1 Queue_total_len=1285
[handleTxFromClient] S0 N0 recv client batch, tx_count=1
[handleTxFromClient] S0 N0 append to Tx_pool.Queue: local_queued=0 forward_other_shard=1 Queue_total_len=1285
[handleTxFromClient] S0 N0 recv client batch, tx_count=1
[handleTxFromClient] S0 N0 append to Tx_pool.Queue: local_queued=0 forward_other_shard=1 Queue_total_len=1285
[handleTxFromClient] S0 N0 recv client batch, tx_count=1
[handleTxFromClient] S0 N0 append to Tx_pool.Queue: local_queued=0 forward_other_shard=1 Queue_total_len=1285
[handleTxFromClient] S0 N0 recv client batch, tx_count=1
[handleTxFromClient] S0 N0 append to Tx_pool.Queue: local_queued=0 forward_other_shard=1 Queue_total_len=1285
[handleTxFromClient] S0 N0 recv client batch, tx_count=1
[handleTxFromClient] S0 N0 append to Tx_pool.Queue: local_queued=0 forward_other_shard=1 Queue_total_len=1285
[handleTxFromClient] S0 N0 recv client batch, tx_count=1
[handleTxFromClient] S0 N0 append to Tx_pool.Queue: local_queued=0 forward_other_shard=1 Queue_total_len=1285
[handleTxFromClient] S0 N0 recv client batch, tx_count=1
[handleTxFromClient] S0 N0 append to Tx_pool.Queue: local_queued=0 forward_other_shard=1 Queue_total_len=1285
[handleTxFromClient] S0 N0 recv client batch, tx_count=1
[handleTxFromClient] S0 N0 append to Tx_pool.Queue: local_queued=0 forward_other_shard=1 Queue_total_len=1285
[handleTxFromClient] S0 N0 recv client batch, tx_count=1
[handleTxFromClient] S0 N0 append to Tx_pool.Queue: local_queued=0 forward_other_shard=1 Queue_total_len=1285
[handleTxFromClient] S0 N0 recv client batch, tx_count=1
[handleTxFromClient] S0 N0 append to Tx_pool.Queue: local_queued=0 forward_other_shard=1 Queue_total_len=1285
[handleTxFromClient] S0 N0 recv client batch, tx_count=1
[handleTxFromClient] S0 N0 append to Tx_pool.Queue: local_queued=0 forward_other_shard=1 Queue_total_len=1285
[handleTxFromClient] S0 N0 recv client batch, tx_count=1
[handleTxFromClient] S0 N0 append to Tx_pool.Queue: local_queued=0 forward_other_shard=1 Queue_total_len=1285
[handleTxFromClient] S0 N0 recv client batch, tx_count=1
[handleTxFromClient] S0 N0 append to Tx_pool.Queue: local_queued=0 forward_other_shard=1 Queue_total_len=1285
[handleTxFromClient] S0 N0 recv client batch, tx_count=1
[handleTxFromClient] S0 N0 append to Tx_pool.Queue: local_queued=0 forward_other_shard=1 Queue_total_len=1285
[handleTxFromClient] S0 N0 recv client batch, tx_count=1
[handleTxFromClient] S0 N0 append to Tx_pool.Queue: local_queued=0 forward_other_shard=1 Queue_total_len=1285
[handleTxFromClient] S0 N0 recv client batch, tx_count=1
[handleTxFromClient] S0 N0 append to Tx_pool.Queue: local_queued=0 forward_other_shard=1 Queue_total_len=1285
[handleTxFromClient] S0 N0 recv client batch, tx_count=1
[handleTxFromClient] S0 N0 append to Tx_pool.Queue: local_queued=0 forward_other_shard=1 Queue_total_len=1285
[handleTxFromClient] S0 N0 recv client batch, tx_count=1
[handleTxFromClient] S0 N0 append to Tx_pool.Queue: local_queued=0 forward_other_shard=1 Queue_total_len=1285
[handleTxFromClient] S0 N0 recv client batch, tx_count=1
[handleTxFromClient] S0 N0 append to Tx_pool.Queue: local_queued=0 forward_other_shard=1 Queue_total_len=1285
[handleTxFromClient] S0 N0 recv client batch, tx_count=1
[handleTxFromClient] S0 N0 append to Tx_pool.Queue: local_queued=0 forward_other_shard=1 Queue_total_len=1285
[handleTxFromClient] S0 N0 recv client batch, tx_count=1
[handleTxFromClient] S0 N0 append to Tx_pool.Queue: local_queued=0 forward_other_shard=1 Queue_total_len=1285
[handleTxFromClient] S0 N0 recv client batch, tx_count=1
[handleTxFromClient] S0 N0 append to Tx_pool.Queue: local_queued=0 forward_other_shard=1 Queue_total_len=1285
[handleTxFromClient] S0 N0 recv client batch, tx_count=1
[handleTxFromClient] S0 N0 append to Tx_pool.Queue: local_queued=0 forward_other_shard=1 Queue_total_len=1285
[handleTxFromClient] S0 N0 recv client batch, tx_count=1
[handleTxFromClient] S0 N0 append to Tx_pool.Queue: local_queued=0 forward_other_shard=1 Queue_total_len=1285
[handleTxFromClient] S0 N0 recv client batch, tx_count=1
[handleTxFromClient] S0 N0 append to Tx_pool.Queue: local_queued=0 forward_other_shard=1 Queue_total_len=1285
[handleTxFromClient] S0 N0 recv client batch, tx_count=1
[handleTxFromClient] S0 N0 append to Tx_pool.Queue: local_queued=0 forward_other_shard=1 Queue_total_len=1285
[handleTxFromClient] S0 N0 recv client batch, tx_count=1
[handleTxFromClient] S0 N0 append to Tx_pool.Queue: local_queued=0 forward_other_shard=1 Queue_total_len=1285
[handleTxFromClient] S0 N0 recv client batch, tx_count=1
[handleTxFromClient] S0 N0 append to Tx_pool.Queue: local_queued=0 forward_other_shard=1 Queue_total_len=1285
[handleTxFromClient] S0 N0 recv client batch, tx_count=1
[handleTxFromClient] S0 N0 append to Tx_pool.Queue: local_queued=0 forward_other_shard=1 Queue_total_len=1285
[handleTxFromClient] S0 N0 recv client batch, tx_count=1
[handleTxFromClient] S0 N0 append to Tx_pool.Queue: local_queued=0 forward_other_shard=1 Queue_total_len=1285
[handleTxFromClient] S0 N0 recv client batch, tx_count=1
[handleTxFromClient] S0 N0 append to Tx_pool.Queue: local_queued=0 forward_other_shard=1 Queue_total_len=1285
[handleTxFromClient] S0 N0 recv client batch, tx_count=1
[handleTxFromClient] S0 N0 append to Tx_pool.Queue: local_queued=0 forward_other_shard=1 Queue_total_len=1285
[handleTxFromClient] S0 N0 recv client batch, tx_count=1
[handleTxFromClient] S0 N0 append to Tx_pool.Queue: local_queued=0 forward_other_shard=1 Queue_total_len=1285
[handleTxFromClient] S0 N0 recv client batch, tx_count=1
[handleTxFromClient] S0 N0 append to Tx_pool.Queue: local_queued=0 forward_other_shard=1 Queue_total_len=1285
[handleTxFromClient] S0 N0 recv client batch, tx_count=1
[handleTxFromClient] S0 N0 append to Tx_pool.Queue: local_queued=0 forward_other_shard=1 Queue_total_len=1285
[handleTxFromClient] S0 N0 recv client batch, tx_count=1
[handleTxFromClient] S0 N0 append to Tx_pool.Queue: local_queued=0 forward_other_shard=1 Queue_total_len=1285
[handleTxFromClient] S0 N0 recv client batch, tx_count=1
[handleTxFromClient] S0 N0 append to Tx_pool.Queue: local_queued=0 forward_other_shard=1 Queue_total_len=1285
[handleTxFromClient] S0 N0 recv client batch, tx_count=1
[handleTxFromClient] S0 N0 append to Tx_pool.Queue: local_queued=0 forward_other_shard=1 Queue_total_len=1285
[handleTxFromClient] S0 N0 recv client batch, tx_count=1
[handleTxFromClient] S0 N0 append to Tx_pool.Queue: local_queued=0 forward_other_shard=1 Queue_total_len=1285
[handleTxFromClient] S0 N0 recv client batch, tx_count=1
[handleTxFromClient] S0 N0 append to Tx_pool.Queue: local_queued=0 forward_other_shard=1 Queue_total_len=1285
[handleTxFromClient] S0 N0 recv client batch, tx_count=1
[handleTxFromClient] S0 N0 append to Tx_pool.Queue: local_queued=0 forward_other_shard=1 Queue_total_len=1285
[handleTxFromClient] S0 N0 recv client batch, tx_count=1
[handleTxFromClient] S0 N0 append to Tx_pool.Queue: local_queued=0 forward_other_shard=1 Queue_total_len=1285
[handleTxFromClient] S0 N0 recv client batch, tx_count=1
[handleTxFromClient] S0 N0 append to Tx_pool.Queue: local_queued=0 forward_other_shard=1 Queue_total_len=1285
[handleTxFromClient] S0 N0 recv client batch, tx_count=1
[handleTxFromClient] S0 N0 append to Tx_pool.Queue: local_queued=0 forward_other_shard=1 Queue_total_len=1285
[handleTxFromClient] S0 N0 recv client batch, tx_count=1
[handleTxFromClient] S0 N0 append to Tx_pool.Queue: local_queued=0 forward_other_shard=1 Queue_total_len=1285
[handleTxFromClient] S0 N0 recv client batch, tx_count=1
[handleTxFromClient] S0 N0 append to Tx_pool.Queue: local_queued=0 forward_other_shard=1 Queue_total_len=1285
[handleTxFromClient] S0 N0 recv client batch, tx_count=1
[handleTxFromClient] S0 N0 append to Tx_pool.Queue: local_queued=0 forward_other_shard=1 Queue_total_len=1285
[handleTxFromClient] S0 N0 recv client batch, tx_count=1
[handleTxFromClient] S0 N0 append to Tx_pool.Queue: local_queued=0 forward_other_shard=1 Queue_total_len=1285
[handleTxFromClient] S0 N0 recv client batch, tx_count=1

本节点已接收到分片S1发来的迁移请求 
[handleTxFromClient] S0 N0 append to Tx_pool.Queue: local_queued=0 forward_other_shard=1 Queue_total_len=1285
9999999999999999999998861298280000000000

[handleTxFromClient] S0 N0 recv client batch, tx_count=1
[handleTxFromClient] S0 N0 append to Tx_pool.Queue: local_queued=1 forward_other_shard=0 Queue_total_len=1286
[Propose wait] S0 N0 spin=50 epoch=23 now=1780541994 InitTime=1780541947 lastpropose=1780541993 wallGap=47 need>=44 ok1=true lastGap=1 need>=2 ok2=false
[Propose] S0 N0 时间条件满足: epoch=23->24 now=1780541995 InitTime=1780541947 lastpropose=1780541993 wallGap=48>=44 lastGap=2>=2 → propose1
[Propose] S0 N0 等待 sequenceLock…
[Propose] S0 N0 已持有 sequenceLock，seqID=65 即将 propose1
[propose1] S0 N0 seq=65 Tx_pool.Queue_len=1286
left_count: 200
更新树花时间为: 47
写数据库IO花时间为: 62
编号为 65 的区块已加入本地区块链！curBlock: 
blockHeader: 
[ac91c6369db0b5f2a58a4beb7717a364ff0119909baa66b123c8b38dc27298d7 02e9c3000ba49a84d7c2306c8f280cf9e1213e3647691d376b6e8a97388cda41 32f3522895cb580fd06712f6fa2615a8c329b4204666871a5016f8468ef69bf8 65 1780541995]
# of transactions: 200
# of TXmig1s: 228
# of In1s: 72
# of Anns: 0
# of NSs: 0
blockHash: 
453eaecb5310c667736bb2c1bcaab8644b21c4ccc5dcb24e2f8119f7f17cce23

第65个块开始准备relay

[Propose wait] S0 N0 spin=1 epoch=24 now=1780541995 InitTime=1780541947 lastpropose=1780541995 wallGap=48 need>=46 ok1=true lastGap=0 need>=2 ok2=false

第65个块结束relay

[handleTxFromClient] S0 N0 recv client batch, tx_count=19
[handleTxFromClient] S0 N0 append to Tx_pool.Queue: local_queued=18 forward_other_shard=0 Queue_total_len=1113

本节点已接收到分片S1发来的迁移请求 
10000000000000000000000000000000000000000

[Propose wait] S0 N0 spin=50 epoch=24 now=1780541996 InitTime=1780541947 lastpropose=1780541995 wallGap=49 need>=46 ok1=true lastGap=1 need>=2 ok2=false
本节点已接收到分片S1发来通知 
1
2
3
[Propose] S0 N0 时间条件满足: epoch=24->25 now=1780541997 InitTime=1780541947 lastpropose=1780541995 wallGap=50>=46 lastGap=2>=2 → propose1
[Propose] S0 N0 等待 sequenceLock…
[Propose] S0 N0 已持有 sequenceLock，seqID=66 即将 propose1
[propose1] S0 N0 seq=66 Tx_pool.Queue_len=1113
left_count: 200
更新树花时间为: 44
写数据库IO花时间为: 89
编号为 66 的区块已加入本地区块链！curBlock: 
blockHeader: 
[453eaecb5310c667736bb2c1bcaab8644b21c4ccc5dcb24e2f8119f7f17cce23 e42f04b2bafe417fd7860268d2ec69549cab9a3ced21263143c7898bc66d00b0 ea21dc7f215b5c815f9725af3242ae47406040ee985030f252d401ba82d6f1f9 66 1780541997]
# of transactions: 200
# of TXmig1s: 0
# of In1s: 300
# of Anns: 0
# of NSs: 0
blockHash: 
015dcc4cb9e9b0f82b7aedaf02704fb3ed1edf4b6386cb354b7fa7a22cba5c59

第66个块开始准备relay

[Propose wait] S0 N0 spin=1 epoch=25 now=1780541997 InitTime=1780541947 lastpropose=1780541997 wallGap=50 need>=48 ok1=true lastGap=0 need>=2 ok2=false

第66个块结束relay

[handleTxFromClient] S0 N0 recv client batch, tx_count=26
[handleTxFromClient] S0 N0 append to Tx_pool.Queue: local_queued=26 forward_other_shard=0 Queue_total_len=981
[handleTxFromClient] S0 N0 recv client batch, tx_count=3
[SyncProbe][Ingress] shard=S0 node=N0 tx=9000000002 senderSID=0 recSID=1 local=true tag=0 isRelay=false
[SyncProbe][Redirect] tx=9000000002 源片=S0 -> 目标片=S1 leader=127.0.0.1:8020 nonce=3
[SyncProbe][Ingress] shard=S0 tx=9000000002 已重定向，源片不入池
[SyncProbe][Ingress] shard=S0 node=N0 tx=9000000012 senderSID=0 recSID=1 local=true tag=0 isRelay=false
[SyncProbe][Redirect] tx=9000000012 源片=S0 -> 目标片=S1 leader=127.0.0.1:8020 nonce=3
[SyncProbe][Ingress] shard=S0 tx=9000000012 已重定向，源片不入池
[SyncProbe][Ingress] shard=S0 node=N0 tx=9000000022 senderSID=0 recSID=1 local=true tag=0 isRelay=false
[SyncProbe][Redirect] tx=9000000022 源片=S0 -> 目标片=S1 leader=127.0.0.1:8020 nonce=4
[SyncProbe][Ingress] shard=S0 tx=9000000022 已重定向，源片不入池
[handleTxFromClient] S0 N0 append to Tx_pool.Queue: local_queued=0 forward_other_shard=0 Queue_total_len=981
[Propose wait] S0 N0 spin=50 epoch=25 now=1780541998 InitTime=1780541947 lastpropose=1780541997 wallGap=51 need>=48 ok1=true lastGap=1 need>=2 ok2=false
[Propose] S0 N0 时间条件满足: epoch=25->26 now=1780541999 InitTime=1780541947 lastpropose=1780541997 wallGap=52>=48 lastGap=2>=2 → propose1
[Propose] S0 N0 等待 sequenceLock…
[Propose] S0 N0 已持有 sequenceLock，seqID=67 即将 propose1
[propose1] S0 N0 seq=67 Tx_pool.Queue_len=981
left_count: 272
更新树花时间为: 37
写数据库IO花时间为: 62
编号为 67 的区块已加入本地区块链！curBlock: 
blockHeader: 
[015dcc4cb9e9b0f82b7aedaf02704fb3ed1edf4b6386cb354b7fa7a22cba5c59 09f87cbbfbb922f7a5a6e19c4a501556cc3727fdea44617bd112cd87f574439e 9a524f91fee2cd335bb3413bdf284f4df1f3cca431ed98f04e603ab0685273f3 67 1780541999]
# of transactions: 272
# of TXmig1s: 0
# of In1s: 13
# of Anns: 215
# of NSs: 0
blockHash: 
69a980de879a446b49294758649d6aa2eb25e5b595bf9a2e51203aae8712527f
时间：1780541999161  本节点已接收到新
本节点已将迁移过来的pending交易的账户数量发送到client

handleAnns时是第25个块
[MVSS+] 账户 f341cafc9ba3d91ef98c9ef811170c1c5f1ef28e Stage3 进行中(FSM=2)，Announce 后暂缓清理 MigCtx
[MVSS+] 账户 96904d8c1f1c88dfb6cfba916396bf4beabcf454 Stage3 进行中(FSM=2)，Announce 后暂缓清理 MigCtx
[MVSS+] 账户 9e9ff119553d7ad5d40d1cd4c39aba4901955470 Stage3 进行中(FSM=2)，Announce 后暂缓清理 MigCtx

handleannounce交易池操作时差为：0
handleannounce两锁时差为：0


第67个块开始准备relay

[Propose wait] S0 N0 spin=1 epoch=26 now=1780541999 InitTime=1780541947 lastpropose=1780541999 wallGap=52 need>=50 ok1=true lastGap=0 need>=2 ok2=false
本节点已接收到分片S1发来通知 
1
2
3
时间：52264  正在向分片S1的主节点发送新
本节点已将不变的账户数量发送到client


第67个块结束relay

[handleTxFromClient] S0 N0 recv client batch, tx_count=29
[handleTxFromClient] S0 N0 append to Tx_pool.Queue: local_queued=27 forward_other_shard=0 Queue_total_len=810
本节点已接收到分片S1发来通知 
1
2
3
[Propose wait] S0 N0 spin=50 epoch=26 now=1780542000 InitTime=1780541947 lastpropose=1780541999 wallGap=53 need>=50 ok1=true lastGap=1 need>=2 ok2=false
[Propose] S0 N0 时间条件满足: epoch=26->27 now=1780542001 InitTime=1780541947 lastpropose=1780541999 wallGap=54>=50 lastGap=2>=2 → propose1
[Propose] S0 N0 等待 sequenceLock…
[Propose] S0 N0 已持有 sequenceLock，seqID=68 即将 propose1
[propose1] S0 N0 seq=68 Tx_pool.Queue_len=810
left_count: 200
更新树花时间为: 35
写数据库IO花时间为: 74
编号为 68 的区块已加入本地区块链！curBlock: 
blockHeader: 
[69a980de879a446b49294758649d6aa2eb25e5b595bf9a2e51203aae8712527f 855b9930e6cb6e15257442c4e523335d9dee6842c674f02b24462482e25a53cc 1bc4eb2a71b35a1f6fa0aba57fbc100ff1be259a2dba8b88075c947ac83a4056 68 1780542001]
# of transactions: 200
# of TXmig1s: 0
# of In1s: 0
# of Anns: 300
# of NSs: 0
blockHash: 
3700462ea8de9a6062f0c197cde51791741427582a33beb4baa3dff55334fb90
handleAnns时是第26个块

handleannounce交易池操作时差为：0
handleannounce两锁时差为：0


第68个块开始准备relay

[Propose wait] S0 N0 spin=1 epoch=27 now=1780542001 InitTime=1780541947 lastpropose=1780542001 wallGap=54 need>=52 ok1=true lastGap=0 need>=2 ok2=false

第68个块结束relay

时间：54292  正在向分片S1的主节点发送新
本节点已将不变的账户数量发送到client

时间：1780542001442  本节点已接收到新
本节点已将迁移过来的pending交易的账户数量发送到client

[Propose wait] S0 N0 spin=50 epoch=27 now=1780542002 InitTime=1780541947 lastpropose=1780542001 wallGap=55 need>=52 ok1=true lastGap=1 need>=2 ok2=false
[Propose] S0 N0 时间条件满足: epoch=27->28 now=1780542003 InitTime=1780541947 lastpropose=1780542001 wallGap=56>=52 lastGap=2>=2 → propose1
[Propose] S0 N0 等待 sequenceLock…
[Propose] S0 N0 已持有 sequenceLock，seqID=69 即将 propose1
[propose1] S0 N0 seq=69 Tx_pool.Queue_len=754
left_count: 472
时间：1780542003132  本节点已接收到新
本节点已将迁移过来的pending交易的账户数量发送到client

更新树花时间为: 52
写数据库IO花时间为: 77
编号为 69 的区块已加入本地区块链！curBlock: 
blockHeader: 
[3700462ea8de9a6062f0c197cde51791741427582a33beb4baa3dff55334fb90 594e53bf95b8b1287222f1208d82604e4c82729d515561cdbe49b1a37862016f cdce966f79f6bee7d15bff7476a48ec683a6129b1f0875e5a6b3691a271aa825 69 1780542003]
# of transactions: 472
# of TXmig1s: 0
# of In1s: 0
# of Anns: 13
# of NSs: 15
blockHash: 
13c0469a4aaa8acf04824a8d704b2dc93e703a214840e4a184c504659d260b6b
handleAnns时是第27个块

handleannounce交易池操作时差为：0
handleannounce两锁时差为：0


第69个块开始准备relay

[Propose wait] S0 N0 spin=1 epoch=28 now=1780542003 InitTime=1780541947 lastpropose=1780542003 wallGap=56 need>=54 ok1=true lastGap=0 need>=2 ok2=false
时间：56163  正在向分片S1的主节点发送新
本节点已将不变的账户数量发送到client


第69个块结束relay

[Propose wait] S0 N0 spin=50 epoch=28 now=1780542004 InitTime=1780541947 lastpropose=1780542003 wallGap=57 need>=54 ok1=true lastGap=1 need>=2 ok2=false
[Propose] S0 N0 时间条件满足: epoch=28->29 now=1780542005 InitTime=1780541947 lastpropose=1780542003 wallGap=58>=54 lastGap=2>=2 → propose1
[Propose] S0 N0 等待 sequenceLock…
[Propose] S0 N0 已持有 sequenceLock，seqID=70 即将 propose1
[propose1] S0 N0 seq=70 Tx_pool.Queue_len=446
left_count: 500
更新树花时间为: 51
写数据库IO花时间为: 70
编号为 70 的区块已加入本地区块链！curBlock: 
blockHeader: 
[13c0469a4aaa8acf04824a8d704b2dc93e703a214840e4a184c504659d260b6b 835c9bcc641016d6dcba0eb19142f0abb70d124ddbc98657576a1c3e745964cb 353c13a3abc44cd83e7d47b6a206d7fae9632385ca1760615713502945480439 70 1780542005]
# of transactions: 442
# of TXmig1s: 0
# of In1s: 0
# of Anns: 0
# of NSs: 0
blockHash: 
0d8cd18e71973d5c7b38016d320b3050fba0703a63abc5e2b07f306a8fa6e98c

第70个块开始准备relay

[Propose wait] S0 N0 spin=1 epoch=29 now=1780542005 InitTime=1780541947 lastpropose=1780542005 wallGap=58 need>=56 ok1=true lastGap=0 need>=2 ok2=false

第70个块结束relay

[Propose wait] S0 N0 spin=50 epoch=29 now=1780542006 InitTime=1780541947 lastpropose=1780542005 wallGap=59 need>=56 ok1=true lastGap=1 need>=2 ok2=false
[Propose] S0 N0 时间条件满足: epoch=29->30 now=1780542007 InitTime=1780541947 lastpropose=1780542005 wallGap=60>=56 lastGap=2>=2 → propose1
[Propose] S0 N0 等待 sequenceLock…
[Propose] S0 N0 已持有 sequenceLock，seqID=71 即将 propose1
[propose1] S0 N0 seq=71 Tx_pool.Queue_len=264
left_count: 500
更新树花时间为: 35
写数据库IO花时间为: 62
编号为 71 的区块已加入本地区块链！curBlock: 
blockHeader: 
[0d8cd18e71973d5c7b38016d320b3050fba0703a63abc5e2b07f306a8fa6e98c b922746668c4713731a423fe488b1d154404ecda73fe6ac886ea0fc66bd17760 9a60248b4d9f788a431de22b27c62314d151b616f5b2a530303c4cfa18dc107e 71 1780542007]
# of transactions: 260
# of TXmig1s: 0
# of In1s: 0
# of Anns: 0
# of NSs: 0
blockHash: 
3e6983387cf48e1ecd2ca9286a1626afddd0d3df716f255dac800766d63dad6a
[Propose wait] S0 N0 spin=1 epoch=30 now=1780542007 InitTime=1780541947 lastpropose=1780542007 wallGap=60 need>=58 ok1=true lastGap=0 need>=2 ok2=false
[Propose wait] S0 N0 spin=50 epoch=30 now=1780542008 InitTime=1780541947 lastpropose=1780542007 wallGap=61 need>=58 ok1=true lastGap=1 need>=2 ok2=false
[Propose] S0 N0 时间条件满足: epoch=30->31 now=1780542009 InitTime=1780541947 lastpropose=1780542007 wallGap=62>=58 lastGap=2>=2 → propose1
[Propose] S0 N0 等待 sequenceLock…
[Propose] S0 N0 已持有 sequenceLock，seqID=72 即将 propose1
[propose1] S0 N0 seq=72 Tx_pool.Queue_len=165
left_count: 500
更新树花时间为: 19
写数据库IO花时间为: 31
编号为 72 的区块已加入本地区块链！curBlock: 
blockHeader: 
[3e6983387cf48e1ecd2ca9286a1626afddd0d3df716f255dac800766d63dad6a 3eb5ef7e3e763890befe102f96b981395c940316da8aae52c0734cb61d0459bc ebd7f693ee4f251013dec1302c00d75d62f747013ff1ee9d7529342460736d8f 72 1780542009]
# of transactions: 161
# of TXmig1s: 0
# of In1s: 0
# of Anns: 0
# of NSs: 0
blockHash: 
33c3245994ef3c993226d056131fee41054db989ef3f71f9ef2b6a79ae9c0c61
[Propose wait] S0 N0 spin=1 epoch=31 now=1780542009 InitTime=1780541947 lastpropose=1780542009 wallGap=62 need>=60 ok1=true lastGap=0 need>=2 ok2=false
[Propose wait] S0 N0 spin=50 epoch=31 now=1780542010 InitTime=1780541947 lastpropose=1780542009 wallGap=63 need>=60 ok1=true lastGap=1 need>=2 ok2=false
[Propose] S0 N0 时间条件满足: epoch=31->32 now=1780542011 InitTime=1780541947 lastpropose=1780542009 wallGap=64>=60 lastGap=2>=2 → propose1
[Propose] S0 N0 等待 sequenceLock…
[Propose] S0 N0 已持有 sequenceLock，seqID=73 即将 propose1
[propose1] S0 N0 seq=73 Tx_pool.Queue_len=243
left_count: 500
更新树花时间为: 30
写数据库IO花时间为: 43
编号为 73 的区块已加入本地区块链！curBlock: 
blockHeader: 
[33c3245994ef3c993226d056131fee41054db989ef3f71f9ef2b6a79ae9c0c61 ad717c721cb46a003eb5aa463ee086cdcd5d3f2ba38b7f969559a77790986ac1 7b79d2c0ab6e634614b3840a6f495f91d2587853d6bfee2941fc932212747913 73 1780542011]
# of transactions: 239
# of TXmig1s: 0
# of In1s: 0
# of Anns: 0
# of NSs: 0
blockHash: 
7d0097a56444e3626d27fc6fd60d311f708173936e69b08f6956a1120c8bb3ab
[Propose wait] S0 N0 spin=1 epoch=32 now=1780542011 InitTime=1780541947 lastpropose=1780542011 wallGap=64 need>=62 ok1=true lastGap=0 need>=2 ok2=false
[Propose wait] S0 N0 spin=50 epoch=32 now=1780542012 InitTime=1780541947 lastpropose=1780542011 wallGap=65 need>=62 ok1=true lastGap=1 need>=2 ok2=false
[Propose] S0 N0 时间条件满足: epoch=32->33 now=1780542013 InitTime=1780541947 lastpropose=1780542011 wallGap=66>=62 lastGap=2>=2 → propose1
[Propose] S0 N0 等待 sequenceLock…
[Propose] S0 N0 已持有 sequenceLock，seqID=74 即将 propose1
[propose1] S0 N0 seq=74 Tx_pool.Queue_len=210
left_count: 500
更新树花时间为: 33
写数据库IO花时间为: 43
编号为 74 的区块已加入本地区块链！curBlock: 
blockHeader: 
[7d0097a56444e3626d27fc6fd60d311f708173936e69b08f6956a1120c8bb3ab 811688cde349dbde290d7b1b750c1d02a52e56dcda036fcdb54301c8a0c3b5e2 befd104c2b68f5b1dd6fd63392672641341f5663a2c433a68ba8ea0065b65f72 74 1780542013]
# of transactions: 206
# of TXmig1s: 0
# of In1s: 0
# of Anns: 0
# of NSs: 0
blockHash: 
dd78a3cedd6dc7a90e06829222a2cf10429bcf25fd0b5a88b3d261b271b46a66
[Propose wait] S0 N0 spin=1 epoch=33 now=1780542013 InitTime=1780541947 lastpropose=1780542013 wallGap=66 need>=64 ok1=true lastGap=0 need>=2 ok2=false
[Propose wait] S0 N0 spin=50 epoch=33 now=1780542014 InitTime=1780541947 lastpropose=1780542013 wallGap=67 need>=64 ok1=true lastGap=1 need>=2 ok2=false
[Propose] S0 N0 时间条件满足: epoch=33->34 now=1780542015 InitTime=1780541947 lastpropose=1780542013 wallGap=68>=64 lastGap=2>=2 → propose1
[Propose] S0 N0 等待 sequenceLock…
[Propose] S0 N0 已持有 sequenceLock，seqID=75 即将 propose1
[propose1] S0 N0 seq=75 Tx_pool.Queue_len=244
left_count: 500
更新树花时间为: 27
写数据库IO花时间为: 38
编号为 75 的区块已加入本地区块链！curBlock: 
blockHeader: 
[dd78a3cedd6dc7a90e06829222a2cf10429bcf25fd0b5a88b3d261b271b46a66 ea965e156a1008538c23e25f73bc94c6fb033f26ece80164e86b44847b59bceb c10131a98004c01857abab7f3e61646238d7cf4ed9346e0566ae9a1952d21bc2 75 1780542015]
# of transactions: 240
# of TXmig1s: 0
# of In1s: 0
# of Anns: 0
# of NSs: 0
blockHash: 
9f044e716db59f74ba2286403a183a01538241c0eb1f98386adfefdbdaf278ad
[Propose wait] S0 N0 spin=1 epoch=34 now=1780542015 InitTime=1780541947 lastpropose=1780542015 wallGap=68 need>=66 ok1=true lastGap=0 need>=2 ok2=false
[Propose wait] S0 N0 spin=50 epoch=34 now=1780542016 InitTime=1780541947 lastpropose=1780542015 wallGap=69 need>=66 ok1=true lastGap=1 need>=2 ok2=false
[Propose] S0 N0 时间条件满足: epoch=34->35 now=1780542017 InitTime=1780541947 lastpropose=1780542015 wallGap=70>=66 lastGap=2>=2 → propose1
[Propose] S0 N0 等待 sequenceLock…
[Propose] S0 N0 已持有 sequenceLock，seqID=76 即将 propose1
[propose1] S0 N0 seq=76 Tx_pool.Queue_len=251
left_count: 500
更新树花时间为: 27
写数据库IO花时间为: 41
编号为 76 的区块已加入本地区块链！curBlock: 
blockHeader: 
[9f044e716db59f74ba2286403a183a01538241c0eb1f98386adfefdbdaf278ad 511532122e13f67fe71564fe3236e6c017a578c6471b1a4e3245c291e8a3b0db 3b39de128582ce13b34a5a1c12a64e8a65666d44c1c07681543dc90604956ada 76 1780542017]
# of transactions: 247
# of TXmig1s: 0
# of In1s: 0
# of Anns: 0
# of NSs: 0
blockHash: 
2723d5440f38b65e8294f9fb842951ea9fe0384f19db9b1a21905c66ce2cd17c
[Propose wait] S0 N0 spin=1 epoch=35 now=1780542017 InitTime=1780541947 lastpropose=1780542017 wallGap=70 need>=68 ok1=true lastGap=0 need>=2 ok2=false
[Propose wait] S0 N0 spin=50 epoch=35 now=1780542018 InitTime=1780541947 lastpropose=1780542017 wallGap=71 need>=68 ok1=true lastGap=1 need>=2 ok2=false
[Propose] S0 N0 时间条件满足: epoch=35->36 now=1780542019 InitTime=1780541947 lastpropose=1780542017 wallGap=72>=68 lastGap=2>=2 → propose1
[Propose] S0 N0 等待 sequenceLock…
[Propose] S0 N0 已持有 sequenceLock，seqID=77 即将 propose1
[propose1] S0 N0 seq=77 Tx_pool.Queue_len=191
left_count: 500
更新树花时间为: 22
写数据库IO花时间为: 32
编号为 77 的区块已加入本地区块链！curBlock: 
blockHeader: 
[2723d5440f38b65e8294f9fb842951ea9fe0384f19db9b1a21905c66ce2cd17c 3b97d7c442dd1cf2d50fb0ba0942862300285b6115f0c5b3e379f69b703a2228 1b47a032ddd354df4ba72fbabb9f084fd0fb692f7388439f39c06c5cf30c7069 77 1780542019]
# of transactions: 187
# of TXmig1s: 0
# of In1s: 0
# of Anns: 0
# of NSs: 0
blockHash: 
419e30010a4fc4dbbf211c97cdce76cbf3863619d6310de148a3481a7f971443
[Propose wait] S0 N0 spin=1 epoch=36 now=1780542019 InitTime=1780541947 lastpropose=1780542019 wallGap=72 need>=70 ok1=true lastGap=0 need>=2 ok2=false
[Propose wait] S0 N0 spin=50 epoch=36 now=1780542020 InitTime=1780541947 lastpropose=1780542019 wallGap=73 need>=70 ok1=true lastGap=1 need>=2 ok2=false
[Propose] S0 N0 时间条件满足: epoch=36->37 now=1780542021 InitTime=1780541947 lastpropose=1780542019 wallGap=74>=70 lastGap=2>=2 → propose1
[Propose] S0 N0 等待 sequenceLock…
[Propose] S0 N0 已持有 sequenceLock，seqID=78 即将 propose1
[propose1] S0 N0 seq=78 Tx_pool.Queue_len=247
left_count: 500
更新树花时间为: 25
写数据库IO花时间为: 32
编号为 78 的区块已加入本地区块链！curBlock: 
blockHeader: 
[419e30010a4fc4dbbf211c97cdce76cbf3863619d6310de148a3481a7f971443 509f4eb8211b2fe4d752b73579426ba7d99187f13dd997d5ab257437423a3118 764512f1bc72650891e825ce55e0dd4f339ff5f7da0defe2798bcf13747c6e99 78 1780542021]
# of transactions: 243
# of TXmig1s: 0
# of In1s: 0
# of Anns: 0
# of NSs: 0
blockHash: 
a7024d529cbff54a8a2e6fe5874c5b5faa72745394e8bcdaa4ea6595e2c000a8
[Propose wait] S0 N0 spin=1 epoch=37 now=1780542021 InitTime=1780541947 lastpropose=1780542021 wallGap=74 need>=72 ok1=true lastGap=0 need>=2 ok2=false
[Propose wait] S0 N0 spin=50 epoch=37 now=1780542022 InitTime=1780541947 lastpropose=1780542021 wallGap=75 need>=72 ok1=true lastGap=1 need>=2 ok2=false
[Propose] S0 N0 时间条件满足: epoch=37->38 now=1780542023 InitTime=1780541947 lastpropose=1780542021 wallGap=76>=72 lastGap=2>=2 → propose1
[Propose] S0 N0 等待 sequenceLock…
[Propose] S0 N0 已持有 sequenceLock，seqID=79 即将 propose1
[propose1] S0 N0 seq=79 Tx_pool.Queue_len=94
left_count: 500
更新树花时间为: 12
写数据库IO花时间为: 29
编号为 79 的区块已加入本地区块链！curBlock: 
blockHeader: 
[a7024d529cbff54a8a2e6fe5874c5b5faa72745394e8bcdaa4ea6595e2c000a8 411ddaebcb4ab894d9e9e316535ada66a165139f0a19c91bb06724649806cbb6 706de342418c3302dca01b5764233e2d761deec2be5123100290eb192fbd9199 79 1780542023]
# of transactions: 90
# of TXmig1s: 0
# of In1s: 0
# of Anns: 0
# of NSs: 0
blockHash: 
0cc3e45f6b9feef4b8ec210f5344d57eda0a4d2e88b621254b6add69e11c83db
[Propose wait] S0 N0 spin=1 epoch=38 now=1780542023 InitTime=1780541947 lastpropose=1780542023 wallGap=76 need>=74 ok1=true lastGap=0 need>=2 ok2=false
[Propose wait] S0 N0 spin=50 epoch=38 now=1780542024 InitTime=1780541947 lastpropose=1780542023 wallGap=77 need>=74 ok1=true lastGap=1 need>=2 ok2=false
[Propose] S0 N0 时间条件满足: epoch=38->39 now=1780542025 InitTime=1780541947 lastpropose=1780542023 wallGap=78>=74 lastGap=2>=2 → propose1
[Propose] S0 N0 等待 sequenceLock…
[Propose] S0 N0 已持有 sequenceLock，seqID=80 即将 propose1
[propose1] S0 N0 seq=80 Tx_pool.Queue_len=4
left_count: 500
更新树花时间为: 0
写数据库IO花时间为: 20
编号为 80 的区块已加入本地区块链！curBlock: 
blockHeader: 
[0cc3e45f6b9feef4b8ec210f5344d57eda0a4d2e88b621254b6add69e11c83db 411ddaebcb4ab894d9e9e316535ada66a165139f0a19c91bb06724649806cbb6 56e81f171bcc55a6ff8345e692c0f86e5b48e01b996cadc001622fb5e363b421 80 1780542025]
# of transactions: 0
# of TXmig1s: 0
# of In1s: 0
# of Anns: 0
# of NSs: 0
blockHash: 
656a4310d9d63fa798ee159164fa9f4b050a1d5973b12ac6befd5cf3b6b05281
[Propose wait] S0 N0 spin=1 epoch=39 now=1780542025 InitTime=1780541947 lastpropose=1780542025 wallGap=78 need>=76 ok1=true lastGap=0 need>=2 ok2=false
[Propose wait] S0 N0 spin=50 epoch=39 now=1780542026 InitTime=1780541947 lastpropose=1780542025 wallGap=79 need>=76 ok1=true lastGap=1 need>=2 ok2=false
[Propose] S0 N0 时间条件满足: epoch=39->40 now=1780542027 InitTime=1780541947 lastpropose=1780542025 wallGap=80>=76 lastGap=2>=2 → propose1
[Propose] S0 N0 等待 sequenceLock…
[Propose] S0 N0 已持有 sequenceLock，seqID=81 即将 propose1
[propose1] S0 N0 seq=81 Tx_pool.Queue_len=4
left_count: 500
更新树花时间为: 0
写数据库IO花时间为: 26
编号为 81 的区块已加入本地区块链！curBlock: 
blockHeader: 
[656a4310d9d63fa798ee159164fa9f4b050a1d5973b12ac6befd5cf3b6b05281 411ddaebcb4ab894d9e9e316535ada66a165139f0a19c91bb06724649806cbb6 56e81f171bcc55a6ff8345e692c0f86e5b48e01b996cadc001622fb5e363b421 81 1780542027]
# of transactions: 0
# of TXmig1s: 0
# of In1s: 0
# of Anns: 0
# of NSs: 0
blockHash: 
e4a8f8d74aa80a7b909e70c829f2846029fb24ef4be5f3907a657cabaea9e0d7
[Propose wait] S0 N0 spin=1 epoch=40 now=1780542027 InitTime=1780541947 lastpropose=1780542027 wallGap=80 need>=78 ok1=true lastGap=0 need>=2 ok2=false
[Propose wait] S0 N0 spin=50 epoch=40 now=1780542028 InitTime=1780541947 lastpropose=1780542027 wallGap=81 need>=78 ok1=true lastGap=1 need>=2 ok2=false
[Propose] S0 N0 时间条件满足: epoch=40->41 now=1780542029 InitTime=1780541947 lastpropose=1780542027 wallGap=82>=78 lastGap=2>=2 → propose1
[Propose] S0 N0 等待 sequenceLock…
[Propose] S0 N0 已持有 sequenceLock，seqID=82 即将 propose1
[propose1] S0 N0 seq=82 Tx_pool.Queue_len=4
left_count: 500
更新树花时间为: 0
写数据库IO花时间为: 29
编号为 82 的区块已加入本地区块链！curBlock: 
blockHeader: 
[e4a8f8d74aa80a7b909e70c829f2846029fb24ef4be5f3907a657cabaea9e0d7 411ddaebcb4ab894d9e9e316535ada66a165139f0a19c91bb06724649806cbb6 56e81f171bcc55a6ff8345e692c0f86e5b48e01b996cadc001622fb5e363b421 82 1780542029]
# of transactions: 0
# of TXmig1s: 0
# of In1s: 0
# of Anns: 0
# of NSs: 0
blockHash: 
474dd9514b1c9bbf4eb6745a46d3905e4a79593ef5dc834c23a6ab316f82f744
[Propose wait] S0 N0 spin=1 epoch=41 now=1780542029 InitTime=1780541947 lastpropose=1780542029 wallGap=82 need>=80 ok1=true lastGap=0 need>=2 ok2=false
[Propose wait] S0 N0 spin=50 epoch=41 now=1780542030 InitTime=1780541947 lastpropose=1780542029 wallGap=83 need>=80 ok1=true lastGap=1 need>=2 ok2=false
[Propose] S0 N0 时间条件满足: epoch=41->42 now=1780542031 InitTime=1780541947 lastpropose=1780542029 wallGap=84>=80 lastGap=2>=2 → propose1
[Propose] S0 N0 等待 sequenceLock…
[Propose] S0 N0 已持有 sequenceLock，seqID=83 即将 propose1
[propose1] S0 N0 seq=83 Tx_pool.Queue_len=4
left_count: 500
更新树花时间为: 0
写数据库IO花时间为: 32
编号为 83 的区块已加入本地区块链！curBlock: 
blockHeader: 
[474dd9514b1c9bbf4eb6745a46d3905e4a79593ef5dc834c23a6ab316f82f744 411ddaebcb4ab894d9e9e316535ada66a165139f0a19c91bb06724649806cbb6 56e81f171bcc55a6ff8345e692c0f86e5b48e01b996cadc001622fb5e363b421 83 1780542031]
# of transactions: 0
# of TXmig1s: 0
# of In1s: 0
# of Anns: 0
# of NSs: 0
blockHash: 
12eda11c3cde0bedbc4985022337b4c6a81b8b805b36ab4cd3de1402a02f572f
[Propose wait] S0 N0 spin=1 epoch=42 now=1780542031 InitTime=1780541947 lastpropose=1780542031 wallGap=84 need>=82 ok1=true lastGap=0 need>=2 ok2=false
[Propose wait] S0 N0 spin=50 epoch=42 now=1780542032 InitTime=1780541947 lastpropose=1780542031 wallGap=85 need>=82 ok1=true lastGap=1 need>=2 ok2=false
[Propose] S0 N0 时间条件满足: epoch=42->43 now=1780542033 InitTime=1780541947 lastpropose=1780542031 wallGap=86>=82 lastGap=2>=2 → propose1
[Propose] S0 N0 等待 sequenceLock…
[Propose] S0 N0 已持有 sequenceLock，seqID=84 即将 propose1
[propose1] S0 N0 seq=84 Tx_pool.Queue_len=4
left_count: 500
更新树花时间为: 0
写数据库IO花时间为: 33
编号为 84 的区块已加入本地区块链！curBlock: 
blockHeader: 
[12eda11c3cde0bedbc4985022337b4c6a81b8b805b36ab4cd3de1402a02f572f 411ddaebcb4ab894d9e9e316535ada66a165139f0a19c91bb06724649806cbb6 56e81f171bcc55a6ff8345e692c0f86e5b48e01b996cadc001622fb5e363b421 84 1780542033]
# of transactions: 0
# of TXmig1s: 0
# of In1s: 0
# of Anns: 0
# of NSs: 0
blockHash: 
5598ef756ff6c5f6611b3d4366dcb90d4be21316da92577a795f6970cba2f188
[Propose wait] S0 N0 spin=1 epoch=43 now=1780542033 InitTime=1780541947 lastpropose=1780542033 wallGap=86 need>=84 ok1=true lastGap=0 need>=2 ok2=false
节点收到终止节点消息，停止运行
