MigrationStrategy=MVSS-Delta (Stop=false Lock=false NotLock=true)
&{77 N0 S1 2 0 selectedTxs_300K.csv 2 500 300 150 150 150 150 1000 10 1 400 20000 0 50000 20 true MVSS-Delta false false true false true false 3 false 8 false false false PageRank false 100 true false false 3 0 0 0 }
The status trie can be built
[SyncLog] init ok shard=S1 node=N0 file=./log/S1_sync.csv
交易将由外部客户端发送
节点 N0 已启动，所属分片: S1
[Propose wait-first-tx] S1 N0 seq=43 Queue_len=0，首块等待交易注入后再出块
节点开启监听，地址：127.0.0.1:8020
[Propose wait-first-tx] S1 N0 seq=43 Queue_len=0，首块等待交易注入后再出块
[Propose wait-first-tx] S1 N0 seq=43 Queue_len=0，首块等待交易注入后再出块
[Propose wait-first-tx] S1 N0 seq=43 Queue_len=0，首块等待交易注入后再出块
[Propose wait-first-tx] S1 N0 seq=43 Queue_len=0，首块等待交易注入后再出块
[Propose wait-first-tx] S1 N0 seq=43 Queue_len=0，首块等待交易注入后再出块
[Propose wait-first-tx] S1 N0 seq=43 Queue_len=0，首块等待交易注入后再出块
[Propose wait-first-tx] S1 N0 seq=43 Queue_len=0，首块等待交易注入后再出块
[Propose wait-first-tx] S1 N0 seq=43 Queue_len=0，首块等待交易注入后再出块
[Propose wait-first-tx] S1 N0 seq=43 Queue_len=0，首块等待交易注入后再出块
[Propose wait-first-tx] S1 N0 seq=43 Queue_len=0，首块等待交易注入后再出块
[Propose wait-first-tx] S1 N0 seq=43 Queue_len=0，首块等待交易注入后再出块
[Propose wait-first-tx] S1 N0 seq=43 Queue_len=0，首块等待交易注入后再出块
[Propose wait-first-tx] S1 N0 seq=43 Queue_len=0，首块等待交易注入后再出块
[Propose wait-first-tx] S1 N0 seq=43 Queue_len=0，首块等待交易注入后再出块
[Propose wait-first-tx] S1 N0 seq=43 Queue_len=0，首块等待交易注入后再出块
本节点已接收到客户端发送的初始时间：1780541947（锚定 InitTime=1780541947，已重置 epoch=1）
[Propose wait-first-tx] S1 N0 seq=43 Queue_len=0，首块等待交易注入后再出块
[Propose wait-first-tx] S1 N0 seq=43 Queue_len=0，首块等待交易注入后再出块
[Propose wait-first-tx] S1 N0 seq=43 Queue_len=0，首块等待交易注入后再出块
[Propose wait-first-tx] S1 N0 seq=43 Queue_len=0，首块等待交易注入后再出块
[handleTxFromClient] S1 N0 recv client batch, tx_count=269
[handleTxFromClient] S1 N0 append to Tx_pool.Queue: local_queued=269 forward_other_shard=0 Queue_total_len=269
[Propose wait-first-tx] S1 N0 首块已检测到交易，结束等待，Queue_len=269
[Propose] S1 N0 时间条件满足: epoch=1->2 now=1780541951 InitTime=1780541947 lastpropose=1780541947 wallGap=4>=0 lastGap=4>=2 → propose1
[Propose] S1 N0 等待 sequenceLock…
[Propose] S1 N0 已持有 sequenceLock，seqID=43 即将 propose1
[propose1] S1 N0 seq=43 Tx_pool.Queue_len=269
left_count: 500
更新树花时间为: 15
写数据库IO花时间为: 42
编号为 43 的区块已加入本地区块链！curBlock: 
blockHeader: 
[1b824c79f2c16ed5483c2fae7a9ff265d9dd0b0cf49b61940752dadfb1a2e3fb cd190a54d7c87bf2c8f855b0f0d21513f42725b6299f994a54747970f53010ab fc1308baaa2ab10735b53a7a6a6cbd2f4828e5ae07d39a8bb88094052c9b289f 43 1780541951]
# of transactions: 269
# of TXmig1s: 0
# of In1s: 0
# of Anns: 0
# of NSs: 0
blockHash: 
97e3a73b003522a433646d758fcfc38a56b6c061a8fb45441610c0f8804c8ccc

第43个块开始准备relay

[Propose wait] S1 N0 spin=1 epoch=2 now=1780541951 InitTime=1780541947 lastpropose=1780541951 wallGap=4 need>=2 ok1=true lastGap=0 need>=2 ok2=false

第43个块结束relay

[Propose wait] S1 N0 spin=50 epoch=2 now=1780541952 InitTime=1780541947 lastpropose=1780541951 wallGap=5 need>=2 ok1=true lastGap=1 need>=2 ok2=false
[Propose] S1 N0 时间条件满足: epoch=2->3 now=1780541953 InitTime=1780541947 lastpropose=1780541951 wallGap=6>=2 lastGap=2>=2 → propose1
[Propose] S1 N0 等待 sequenceLock…
[Propose] S1 N0 已持有 sequenceLock，seqID=44 即将 propose1
[propose1] S1 N0 seq=44 Tx_pool.Queue_len=226
left_count: 500
[handleTxFromClient] S1 N0 recv client batch, tx_count=272
[handleTxFromClient] S1 N0 append to Tx_pool.Queue: local_queued=272 forward_other_shard=0 Queue_total_len=272
更新树花时间为: 24
写数据库IO花时间为: 42
编号为 44 的区块已加入本地区块链！curBlock: 
blockHeader: 
[97e3a73b003522a433646d758fcfc38a56b6c061a8fb45441610c0f8804c8ccc 03722233f684dd0a681bcb63891ebd52778d4d842906c53d6a3af2fa56e23a0a 1b7c96ad7c923c31922466effef2fa19ad5296133875b320b060784543d9649b 44 1780541953]
# of transactions: 226
# of TXmig1s: 0
# of In1s: 0
# of Anns: 0
# of NSs: 0
blockHash: 
48f94b613dfb8bd2c6f7ba3b6e378d4e46a10fecd6f546728d8c5cf626b31e52
[Propose wait] S1 N0 spin=1 epoch=3 now=1780541953 InitTime=1780541947 lastpropose=1780541953 wallGap=6 need>=4 ok1=true lastGap=0 need>=2 ok2=false
[Propose wait] S1 N0 spin=50 epoch=3 now=1780541954 InitTime=1780541947 lastpropose=1780541953 wallGap=7 need>=4 ok1=true lastGap=1 need>=2 ok2=false
[Propose] S1 N0 时间条件满足: epoch=3->4 now=1780541955 InitTime=1780541947 lastpropose=1780541953 wallGap=8>=4 lastGap=2>=2 → propose1
[Propose] S1 N0 等待 sequenceLock…
[Propose] S1 N0 已持有 sequenceLock，seqID=45 即将 propose1
[propose1] S1 N0 seq=45 Tx_pool.Queue_len=285
left_count: 500
[handleTxFromClient] S1 N0 recv client batch, tx_count=177
[handleTxFromClient] S1 N0 append to Tx_pool.Queue: local_queued=177 forward_other_shard=0 Queue_total_len=177
更新树花时间为: 18
写数据库IO花时间为: 32
编号为 45 的区块已加入本地区块链！curBlock: 
blockHeader: 
[48f94b613dfb8bd2c6f7ba3b6e378d4e46a10fecd6f546728d8c5cf626b31e52 eaa2b4db6946d0562625f4459bd7815f699af5947537631b75dc09492f3b428a 7f592e2baae2c8fce06a571ae01410d2353ea07d6027a9b00e9b667debdac7dc 45 1780541955]
# of transactions: 285
# of TXmig1s: 0
# of In1s: 0
# of Anns: 0
# of NSs: 0
blockHash: 
4acd1497c6dfd205f1a168231bc03720a6f4e9bd5983873ac0b085c538612228

第45个块开始准备relay

[Propose wait] S1 N0 spin=1 epoch=4 now=1780541955 InitTime=1780541947 lastpropose=1780541955 wallGap=8 need>=6 ok1=true lastGap=0 need>=2 ok2=false

第45个块结束relay

[Propose wait] S1 N0 spin=50 epoch=4 now=1780541956 InitTime=1780541947 lastpropose=1780541955 wallGap=9 need>=6 ok1=true lastGap=1 need>=2 ok2=false
[Propose] S1 N0 时间条件满足: epoch=4->5 now=1780541957 InitTime=1780541947 lastpropose=1780541955 wallGap=10>=6 lastGap=2>=2 → propose1
[Propose] S1 N0 等待 sequenceLock…
[Propose] S1 N0 已持有 sequenceLock，seqID=46 即将 propose1
[propose1] S1 N0 seq=46 Tx_pool.Queue_len=393
left_count: 500
更新树花时间为: 30
写数据库IO花时间为: 37
编号为 46 的区块已加入本地区块链！curBlock: 
blockHeader: 
[4acd1497c6dfd205f1a168231bc03720a6f4e9bd5983873ac0b085c538612228 f3ad75c83c9574b5ff05ca14953040274aa515d3efebd35d9d738dc7924858d6 1b6317f09cda1f8012fdef52452a93efdfd9687d34b7dba29a24cc2e3a88c627 46 1780541957]
# of transactions: 393
# of TXmig1s: 0
# of In1s: 0
# of Anns: 0
# of NSs: 0
blockHash: 
e147ba372025d1574c7c5d4687d4206c3369d308053802ed2c074145f54725ca

第46个块开始准备relay

[Propose wait] S1 N0 spin=1 epoch=5 now=1780541957 InitTime=1780541947 lastpropose=1780541957 wallGap=10 need>=8 ok1=true lastGap=0 need>=2 ok2=false
[handleTxFromClient] S1 N0 recv client batch, tx_count=163
[handleTxFromClient] S1 N0 append to Tx_pool.Queue: local_queued=163 forward_other_shard=0 Queue_total_len=163

第46个块结束relay

[Propose wait] S1 N0 spin=50 epoch=5 now=1780541958 InitTime=1780541947 lastpropose=1780541957 wallGap=11 need>=8 ok1=true lastGap=1 need>=2 ok2=false
[Propose] S1 N0 时间条件满足: epoch=5->6 now=1780541959 InitTime=1780541947 lastpropose=1780541957 wallGap=12>=8 lastGap=2>=2 → propose1
[Propose] S1 N0 等待 sequenceLock…
[Propose] S1 N0 已持有 sequenceLock，seqID=47 即将 propose1
[propose1] S1 N0 seq=47 Tx_pool.Queue_len=396
left_count: 500
更新树花时间为: 34
写数据库IO花时间为: 44
编号为 47 的区块已加入本地区块链！curBlock: 
blockHeader: 
[e147ba372025d1574c7c5d4687d4206c3369d308053802ed2c074145f54725ca ea2ac5989ce4f12264e8c2bacee0de35a22fcd3055dc6f155cfb62e557c4394a 94d63265581c94b338bc795a460d3ae0c91b4360359305af0b43c818ac18ebed 47 1780541959]
# of transactions: 396
# of TXmig1s: 0
# of In1s: 0
# of Anns: 0
# of NSs: 0
blockHash: 
41b7b0b9af2093244111ff77e8132fed2083f36ce1342f3bcf45e3e37f4cb0ff

第47个块开始准备relay

[Propose wait] S1 N0 spin=1 epoch=6 now=1780541959 InitTime=1780541947 lastpropose=1780541959 wallGap=12 need>=10 ok1=true lastGap=0 need>=2 ok2=false
[handleTxFromClient] S1 N0 recv client batch, tx_count=159
[handleTxFromClient] S1 N0 append to Tx_pool.Queue: local_queued=159 forward_other_shard=0 Queue_total_len=159

第47个块结束relay

[Propose wait] S1 N0 spin=50 epoch=6 now=1780541960 InitTime=1780541947 lastpropose=1780541959 wallGap=13 need>=10 ok1=true lastGap=1 need>=2 ok2=false
[Propose] S1 N0 时间条件满足: epoch=6->7 now=1780541961 InitTime=1780541947 lastpropose=1780541959 wallGap=14>=10 lastGap=2>=2 → propose1
[Propose] S1 N0 等待 sequenceLock…
[Propose] S1 N0 已持有 sequenceLock，seqID=48 即将 propose1
[propose1] S1 N0 seq=48 Tx_pool.Queue_len=310
left_count: 500
更新树花时间为: 29
写数据库IO花时间为: 41
编号为 48 的区块已加入本地区块链！curBlock: 
blockHeader: 
[41b7b0b9af2093244111ff77e8132fed2083f36ce1342f3bcf45e3e37f4cb0ff a91f243add11424e066eaa442925e9ce1d025e96db8e8edba75713eb0036bd80 8344e5417158e2b0b7e780fe10fce79122d761f5e44d95bfe2c7c1a4596287d1 48 1780541961]
# of transactions: 310
# of TXmig1s: 0
# of In1s: 0
# of Anns: 0
# of NSs: 0
blockHash: 
2166c01b49e2bb3e857339d4aadf5f0fe7024c24e5e933f488069038a3e6e1ab

第48个块开始准备relay

[Propose wait] S1 N0 spin=1 epoch=7 now=1780541961 InitTime=1780541947 lastpropose=1780541961 wallGap=14 need>=12 ok1=true lastGap=0 need>=2 ok2=false
[handleTxFromClient] S1 N0 recv client batch, tx_count=391
[handleTxFromClient] S1 N0 append to Tx_pool.Queue: local_queued=391 forward_other_shard=0 Queue_total_len=391

第48个块结束relay

[Propose wait] S1 N0 spin=50 epoch=7 now=1780541962 InitTime=1780541947 lastpropose=1780541961 wallGap=15 need>=12 ok1=true lastGap=1 need>=2 ok2=false
[Propose] S1 N0 时间条件满足: epoch=7->8 now=1780541963 InitTime=1780541947 lastpropose=1780541961 wallGap=16>=12 lastGap=2>=2 → propose1
[Propose] S1 N0 等待 sequenceLock…
[Propose] S1 N0 已持有 sequenceLock，seqID=49 即将 propose1
[propose1] S1 N0 seq=49 Tx_pool.Queue_len=630
left_count: 500
更新树花时间为: 36
写数据库IO花时间为: 45
编号为 49 的区块已加入本地区块链！curBlock: 
blockHeader: 
[2166c01b49e2bb3e857339d4aadf5f0fe7024c24e5e933f488069038a3e6e1ab a7291dbd11cb2acb1a17f765c9b08f22f052e759842e2c62ae6fd46debda30f8 feb1399907008766cb0faed3eb2db48aa759f4549c714835707e7849ee038ac5 49 1780541963]
# of transactions: 500
# of TXmig1s: 0
# of In1s: 0
# of Anns: 0
# of NSs: 0
blockHash: 
bc7ca17b461217349a9039cf57a5c5a3ebfee424e6aa93f4db4b9a8708e62abb

第49个块开始准备relay

[Propose wait] S1 N0 spin=1 epoch=8 now=1780541963 InitTime=1780541947 lastpropose=1780541963 wallGap=16 need>=14 ok1=true lastGap=0 need>=2 ok2=false
[handleTxFromClient] S1 N0 recv client batch, tx_count=745
[handleTxFromClient] S1 N0 append to Tx_pool.Queue: local_queued=745 forward_other_shard=0 Queue_total_len=875

第49个块结束relay

[Propose wait] S1 N0 spin=50 epoch=8 now=1780541964 InitTime=1780541947 lastpropose=1780541963 wallGap=17 need>=14 ok1=true lastGap=1 need>=2 ok2=false
[Propose] S1 N0 时间条件满足: epoch=8->9 now=1780541965 InitTime=1780541947 lastpropose=1780541963 wallGap=18>=14 lastGap=2>=2 → propose1
[Propose] S1 N0 等待 sequenceLock…
[Propose] S1 N0 已持有 sequenceLock，seqID=50 即将 propose1
[propose1] S1 N0 seq=50 Tx_pool.Queue_len=1101
left_count: 500
更新树花时间为: 33
写数据库IO花时间为: 71
编号为 50 的区块已加入本地区块链！curBlock: 
blockHeader: 
[bc7ca17b461217349a9039cf57a5c5a3ebfee424e6aa93f4db4b9a8708e62abb 80f8d7e7893bcfcf71cd13808d180301ef33b76f8296f855aefdd842a5561c5c fa269d6e04cf2aa0fa1803ff5c346c8d4288d6d3052707a772fdd37b3b4f68f6 50 1780541965]
# of transactions: 500
# of TXmig1s: 0
# of In1s: 0
# of Anns: 0
# of NSs: 0
blockHash: 
9d1629986df91c848e52c1635f859c9737421478ca1e2d88e7f1085f9e7f8a57

第50个块开始准备relay

[Propose wait] S1 N0 spin=1 epoch=9 now=1780541965 InitTime=1780541947 lastpropose=1780541965 wallGap=18 need>=16 ok1=true lastGap=0 need>=2 ok2=false
[handleTxFromClient] S1 N0 recv client batch, tx_count=522
[handleTxFromClient] S1 N0 append to Tx_pool.Queue: local_queued=522 forward_other_shard=0 Queue_total_len=1123

第50个块结束relay

[Propose wait] S1 N0 spin=50 epoch=9 now=1780541966 InitTime=1780541947 lastpropose=1780541965 wallGap=19 need>=16 ok1=true lastGap=1 need>=2 ok2=false
[Propose] S1 N0 时间条件满足: epoch=9->10 now=1780541967 InitTime=1780541947 lastpropose=1780541965 wallGap=20>=16 lastGap=2>=2 → propose1
[Propose] S1 N0 等待 sequenceLock…
[Propose] S1 N0 已持有 sequenceLock，seqID=51 即将 propose1
[propose1] S1 N0 seq=51 Tx_pool.Queue_len=1337
left_count: 500
更新树花时间为: 26
写数据库IO花时间为: 79
编号为 51 的区块已加入本地区块链！curBlock: 
blockHeader: 
[9d1629986df91c848e52c1635f859c9737421478ca1e2d88e7f1085f9e7f8a57 27d816f2bad3d8e1554eb04b30ea22f9ba49c759db530ede173da9708212fc2d a00db0a2b5625d973f9fa56cacfba416a00e44c414d07308d60e8fc125c29570 51 1780541967]
# of transactions: 500
# of TXmig1s: 0
# of In1s: 0
# of Anns: 0
# of NSs: 0
blockHash: 
b02b5d5af208553fd03ab3ac98edaa1ea4c4cf27633f4baf3e8501bd30f2efad

第51个块开始准备relay

[Propose wait] S1 N0 spin=1 epoch=10 now=1780541967 InitTime=1780541947 lastpropose=1780541967 wallGap=20 need>=18 ok1=true lastGap=0 need>=2 ok2=false
[handleTxFromClient] S1 N0 recv client batch, tx_count=393
[handleTxFromClient] S1 N0 append to Tx_pool.Queue: local_queued=393 forward_other_shard=0 Queue_total_len=1230

第51个块结束relay

[Propose wait] S1 N0 spin=50 epoch=10 now=1780541968 InitTime=1780541947 lastpropose=1780541967 wallGap=21 need>=18 ok1=true lastGap=1 need>=2 ok2=false
[Propose] S1 N0 时间条件满足: epoch=10->11 now=1780541969 InitTime=1780541947 lastpropose=1780541967 wallGap=22>=18 lastGap=2>=2 → propose1
[Propose] S1 N0 等待 sequenceLock…
[Propose] S1 N0 已持有 sequenceLock，seqID=52 即将 propose1
[propose1] S1 N0 seq=52 Tx_pool.Queue_len=1335
left_count: 500
更新树花时间为: 27
写数据库IO花时间为: 37
编号为 52 的区块已加入本地区块链！curBlock: 
blockHeader: 
[b02b5d5af208553fd03ab3ac98edaa1ea4c4cf27633f4baf3e8501bd30f2efad f60cf0f45e037cd15d9657cf7a362eb5df3aad41ed643e5056c1e9358a30d526 ca44405dca02fc6b1bf7e3ac5cf6716c8617c608ca34134d54bcd765382afabb 52 1780541969]
# of transactions: 500
# of TXmig1s: 0
# of In1s: 0
# of Anns: 0
# of NSs: 0
blockHash: 
8cde95fb13e837e67166776b46b3855d62cb4b5a9443415f82850b4d270a62dd

第52个块开始准备relay

[Propose wait] S1 N0 spin=1 epoch=11 now=1780541969 InitTime=1780541947 lastpropose=1780541969 wallGap=22 need>=20 ok1=true lastGap=0 need>=2 ok2=false
[handleTxFromClient] S1 N0 recv client batch, tx_count=523
[handleTxFromClient] S1 N0 append to Tx_pool.Queue: local_queued=523 forward_other_shard=0 Queue_total_len=1358

第52个块结束relay

[Propose wait] S1 N0 spin=50 epoch=11 now=1780541970 InitTime=1780541947 lastpropose=1780541969 wallGap=23 need>=20 ok1=true lastGap=1 need>=2 ok2=false
[Propose] S1 N0 时间条件满足: epoch=11->12 now=1780541971 InitTime=1780541947 lastpropose=1780541969 wallGap=24>=20 lastGap=2>=2 → propose1
[Propose] S1 N0 等待 sequenceLock…
[Propose] S1 N0 已持有 sequenceLock，seqID=53 即将 propose1
[propose1] S1 N0 seq=53 Tx_pool.Queue_len=1524
left_count: 500
更新树花时间为: 41
写数据库IO花时间为: 59
编号为 53 的区块已加入本地区块链！curBlock: 
blockHeader: 
[8cde95fb13e837e67166776b46b3855d62cb4b5a9443415f82850b4d270a62dd ff1e6dd1385620170881c954e741ab74dfb2bb90a50d96e4578caa091110e3d1 679aafe0c6fc2571591cebb1f316ffbe9295a0cb3b5372b6017b511c1a7b0096 53 1780541971]
# of transactions: 500
# of TXmig1s: 0
# of In1s: 0
# of Anns: 0
# of NSs: 0
blockHash: 
7e5dc667b4adf1853cbaf4da20d14f4279676d2f95da77db8242d39f60e86fdc

第53个块开始准备relay

[Propose wait] S1 N0 spin=1 epoch=12 now=1780541971 InitTime=1780541947 lastpropose=1780541971 wallGap=24 need>=22 ok1=true lastGap=0 need>=2 ok2=false
[handleTxFromClient] S1 N0 recv client batch, tx_count=249
[handleTxFromClient] S1 N0 append to Tx_pool.Queue: local_queued=249 forward_other_shard=0 Queue_total_len=1273

第53个块结束relay

[Propose wait] S1 N0 spin=50 epoch=12 now=1780541972 InitTime=1780541947 lastpropose=1780541971 wallGap=25 need>=22 ok1=true lastGap=1 need>=2 ok2=false
[Propose] S1 N0 时间条件满足: epoch=12->13 now=1780541973 InitTime=1780541947 lastpropose=1780541971 wallGap=26>=22 lastGap=2>=2 → propose1
[Propose] S1 N0 等待 sequenceLock…
[Propose] S1 N0 已持有 sequenceLock，seqID=54 即将 propose1
[propose1] S1 N0 seq=54 Tx_pool.Queue_len=1450
left_count: 500
更新树花时间为: 25
写数据库IO花时间为: 54
编号为 54 的区块已加入本地区块链！curBlock: 
blockHeader: 
[7e5dc667b4adf1853cbaf4da20d14f4279676d2f95da77db8242d39f60e86fdc b743e26b60bc578c2d90d372a7fbd8cab993ba4c3f4ccc3d1f9154e7cbdbc0e9 352815d24dd4cee1656bb56895f6c4e888c43c163e54af7517b3512c0afc2819 54 1780541973]
# of transactions: 500
# of TXmig1s: 0
# of In1s: 0
# of Anns: 0
# of NSs: 0
blockHash: 
df717ad9a4cc5debb4efda12078c5727afd7efcc1deb8fc21559a7645f4be3c7

第54个块开始准备relay

[Propose wait] S1 N0 spin=1 epoch=13 now=1780541973 InitTime=1780541947 lastpropose=1780541973 wallGap=26 need>=24 ok1=true lastGap=0 need>=2 ok2=false
[handleTxFromClient] S1 N0 recv client batch, tx_count=167
[handleTxFromClient] S1 N0 append to Tx_pool.Queue: local_queued=167 forward_other_shard=0 Queue_total_len=1117

第54个块结束relay

[Propose wait] S1 N0 spin=50 epoch=13 now=1780541974 InitTime=1780541947 lastpropose=1780541973 wallGap=27 need>=24 ok1=true lastGap=1 need>=2 ok2=false
[Propose] S1 N0 时间条件满足: epoch=13->14 now=1780541975 InitTime=1780541947 lastpropose=1780541973 wallGap=28>=24 lastGap=2>=2 → propose1
[Propose] S1 N0 等待 sequenceLock…
[Propose] S1 N0 已持有 sequenceLock，seqID=55 即将 propose1
[propose1] S1 N0 seq=55 Tx_pool.Queue_len=1257
left_count: 500
更新树花时间为: 32
写数据库IO花时间为: 58
编号为 55 的区块已加入本地区块链！curBlock: 
blockHeader: 
[df717ad9a4cc5debb4efda12078c5727afd7efcc1deb8fc21559a7645f4be3c7 b710c75e0fe021bb062964894a6733629a5525d385cbc6abc4d70d2f183d474f 9b35fe5e8568bcd0d11fdad8eb73ec617a81ddd2a9a07812b74922cb0ed7d092 55 1780541975]
# of transactions: 500
# of TXmig1s: 0
# of In1s: 0
# of Anns: 0
# of NSs: 0
blockHash: 
6d7bb937cd84f526e79271b8bf362b9d6611d4fe23a90ec4823743aeff1c4587

第55个块开始准备relay

[Propose wait] S1 N0 spin=1 epoch=14 now=1780541975 InitTime=1780541947 lastpropose=1780541975 wallGap=28 need>=26 ok1=true lastGap=0 need>=2 ok2=false
[handleTxFromClient] S1 N0 recv client batch, tx_count=311
[handleTxFromClient] S1 N0 append to Tx_pool.Queue: local_queued=311 forward_other_shard=0 Queue_total_len=1068

第55个块结束relay

[Propose wait] S1 N0 spin=50 epoch=14 now=1780541976 InitTime=1780541947 lastpropose=1780541975 wallGap=29 need>=26 ok1=true lastGap=1 need>=2 ok2=false
[Propose] S1 N0 时间条件满足: epoch=14->15 now=1780541977 InitTime=1780541947 lastpropose=1780541975 wallGap=30>=26 lastGap=2>=2 → propose1
[Propose] S1 N0 等待 sequenceLock…
[Propose] S1 N0 已持有 sequenceLock，seqID=56 即将 propose1
[propose1] S1 N0 seq=56 Tx_pool.Queue_len=1275
left_count: 500
更新树花时间为: 42
写数据库IO花时间为: 52
编号为 56 的区块已加入本地区块链！curBlock: 
blockHeader: 
[6d7bb937cd84f526e79271b8bf362b9d6611d4fe23a90ec4823743aeff1c4587 6203f3c5c4f120c47dfb5a12972f9105fe9a1be5506f6d2f8363a86aeb5c2b04 972b86c1241eed1ace61daa71bc2565363cf109285d1b652c4511ef777248020 56 1780541977]
# of transactions: 500
# of TXmig1s: 0
# of In1s: 0
# of Anns: 0
# of NSs: 0
blockHash: 
fee341b49c561f854487832349c794f7dea76ac68b6c4371f1e6d56f12b20b82

第56个块开始准备relay

[Propose wait] S1 N0 spin=1 epoch=15 now=1780541977 InitTime=1780541947 lastpropose=1780541977 wallGap=30 need>=28 ok1=true lastGap=0 need>=2 ok2=false
[handleTxFromClient] S1 N0 recv client batch, tx_count=304
[handleTxFromClient] S1 N0 append to Tx_pool.Queue: local_queued=304 forward_other_shard=0 Queue_total_len=1079

第56个块结束relay

[Propose wait] S1 N0 spin=50 epoch=15 now=1780541978 InitTime=1780541947 lastpropose=1780541977 wallGap=31 need>=28 ok1=true lastGap=1 need>=2 ok2=false
[Propose] S1 N0 时间条件满足: epoch=15->16 now=1780541979 InitTime=1780541947 lastpropose=1780541977 wallGap=32>=28 lastGap=2>=2 → propose1
[Propose] S1 N0 等待 sequenceLock…
[Propose] S1 N0 已持有 sequenceLock，seqID=57 即将 propose1
[propose1] S1 N0 seq=57 Tx_pool.Queue_len=1281
left_count: 500
更新树花时间为: 42
写数据库IO花时间为: 49
编号为 57 的区块已加入本地区块链！curBlock: 
blockHeader: 
[fee341b49c561f854487832349c794f7dea76ac68b6c4371f1e6d56f12b20b82 a67d866eb97ff874ea2768651bdacba7c5762b0378d8569beb173b6d4117ca7c 16f8e5ad9b0474a15317c1aaf5e4b10fc5c7b395b1478134cf00077c3797b069 57 1780541979]
# of transactions: 500
# of TXmig1s: 0
# of In1s: 0
# of Anns: 0
# of NSs: 0
blockHash: 
e980cf4d1f0fb0b4b34e0426665c3998d1099437a5189c6a7a399922c57328e6

第57个块开始准备relay

[Propose wait] S1 N0 spin=1 epoch=16 now=1780541979 InitTime=1780541947 lastpropose=1780541979 wallGap=32 need>=30 ok1=true lastGap=0 need>=2 ok2=false
[handleTxFromClient] S1 N0 recv client batch, tx_count=332
[handleTxFromClient] S1 N0 append to Tx_pool.Queue: local_queued=332 forward_other_shard=0 Queue_total_len=1113

第57个块结束relay

[Propose wait] S1 N0 spin=50 epoch=16 now=1780541980 InitTime=1780541947 lastpropose=1780541979 wallGap=33 need>=30 ok1=true lastGap=1 need>=2 ok2=false
[Propose] S1 N0 时间条件满足: epoch=16->17 now=1780541981 InitTime=1780541947 lastpropose=1780541979 wallGap=34>=30 lastGap=2>=2 → propose1
[Propose] S1 N0 等待 sequenceLock…
[Propose] S1 N0 已持有 sequenceLock，seqID=58 即将 propose1
[propose1] S1 N0 seq=58 Tx_pool.Queue_len=1285
left_count: 500
更新树花时间为: 39
写数据库IO花时间为: 71
编号为 58 的区块已加入本地区块链！curBlock: 
blockHeader: 
[e980cf4d1f0fb0b4b34e0426665c3998d1099437a5189c6a7a399922c57328e6 8e952680abf7e7af29b1c6eedaef2d8b61c7c8d2d81e9bcb5c5a466714e79e47 263f6206368eaf194e8fe25720ac4dd6f2ad0fef4b0a5149035f988c5ce322a4 58 1780541981]
# of transactions: 500
# of TXmig1s: 0
# of In1s: 0
# of Anns: 0
# of NSs: 0
blockHash: 
a8c5e23ce48fd0da394eee61eac3dbd628ee2fbbc474c0ef0f98ebf48b0f978c

第58个块开始准备relay

[Propose wait] S1 N0 spin=1 epoch=17 now=1780541981 InitTime=1780541947 lastpropose=1780541981 wallGap=34 need>=32 ok1=true lastGap=0 need>=2 ok2=false
[handleTxFromClient] S1 N0 recv client batch, tx_count=311
[handleTxFromClient] S1 N0 append to Tx_pool.Queue: local_queued=311 forward_other_shard=0 Queue_total_len=1096

第58个块结束relay

[Propose wait] S1 N0 spin=50 epoch=17 now=1780541982 InitTime=1780541947 lastpropose=1780541981 wallGap=35 need>=32 ok1=true lastGap=1 need>=2 ok2=false
[Propose] S1 N0 时间条件满足: epoch=17->18 now=1780541983 InitTime=1780541947 lastpropose=1780541981 wallGap=36>=32 lastGap=2>=2 → propose1
[Propose] S1 N0 等待 sequenceLock…
[Propose] S1 N0 已持有 sequenceLock，seqID=59 即将 propose1
[propose1] S1 N0 seq=59 Tx_pool.Queue_len=1337
left_count: 500
更新树花时间为: 36
写数据库IO花时间为: 51
编号为 59 的区块已加入本地区块链！curBlock: 
blockHeader: 
[a8c5e23ce48fd0da394eee61eac3dbd628ee2fbbc474c0ef0f98ebf48b0f978c 92f47dbb6c5109ab3d5ac60427b7530ffac2edec5c0bcb53831e399a9b366a04 3aafda34e57fdb7a3bb59f61f3fcf6368b5ac6d82883c1d724b18bc62fa029dd 59 1780541983]
# of transactions: 500
# of TXmig1s: 0
# of In1s: 0
# of Anns: 0
# of NSs: 0
blockHash: 
4cada88db9149ca46639a0ab1355744a659c1c63edfa9b51530dab729c5d35c6

第59个块开始准备relay

[Propose wait] S1 N0 spin=1 epoch=18 now=1780541983 InitTime=1780541947 lastpropose=1780541983 wallGap=36 need>=34 ok1=true lastGap=0 need>=2 ok2=false
[handleTxFromClient] S1 N0 recv client batch, tx_count=634
[handleTxFromClient] S1 N0 append to Tx_pool.Queue: local_queued=634 forward_other_shard=0 Queue_total_len=1471

第59个块结束relay

[Propose wait] S1 N0 spin=50 epoch=18 now=1780541984 InitTime=1780541947 lastpropose=1780541983 wallGap=37 need>=34 ok1=true lastGap=1 need>=2 ok2=false
[Propose] S1 N0 时间条件满足: epoch=18->19 now=1780541985 InitTime=1780541947 lastpropose=1780541983 wallGap=38>=34 lastGap=2>=2 → propose1
[Propose] S1 N0 等待 sequenceLock…
[Propose] S1 N0 已持有 sequenceLock，seqID=60 即将 propose1
[propose1] S1 N0 seq=60 Tx_pool.Queue_len=1627
left_count: 500
更新树花时间为: 36
写数据库IO花时间为: 51
编号为 60 的区块已加入本地区块链！curBlock: 
blockHeader: 
[4cada88db9149ca46639a0ab1355744a659c1c63edfa9b51530dab729c5d35c6 e63aabea0d1875e10e1c9abf9f7b64b608a66e90945825518c96a1bcb30c78ec a33731918bf4eb3ca717079b169de8d5440f6bdcc4df2ce53970c5ddd13eb933 60 1780541985]
# of transactions: 500
# of TXmig1s: 0
# of In1s: 0
# of Anns: 0
# of NSs: 0
blockHash: 
9412466df1e8ff5579bb2f90ef014e0468aada87b0dd17be480da6861428e1a9

第60个块开始准备relay

[Propose wait] S1 N0 spin=1 epoch=19 now=1780541985 InitTime=1780541947 lastpropose=1780541985 wallGap=38 need>=36 ok1=true lastGap=0 need>=2 ok2=false
[handleTxFromClient] S1 N0 recv client batch, tx_count=633
[handleTxFromClient] S1 N0 append to Tx_pool.Queue: local_queued=633 forward_other_shard=0 Queue_total_len=1760

第60个块结束relay

[Propose wait] S1 N0 spin=50 epoch=19 now=1780541986 InitTime=1780541947 lastpropose=1780541985 wallGap=39 need>=36 ok1=true lastGap=1 need>=2 ok2=false
[Propose] S1 N0 时间条件满足: epoch=19->20 now=1780541987 InitTime=1780541947 lastpropose=1780541985 wallGap=40>=36 lastGap=2>=2 → propose1
[Propose] S1 N0 等待 sequenceLock…
[Propose] S1 N0 已持有 sequenceLock，seqID=61 即将 propose1
[propose1] S1 N0 seq=61 Tx_pool.Queue_len=1935
left_count: 500
更新树花时间为: 28
写数据库IO花时间为: 37
编号为 61 的区块已加入本地区块链！curBlock: 
blockHeader: 
[9412466df1e8ff5579bb2f90ef014e0468aada87b0dd17be480da6861428e1a9 a4b3e95f7309ba64c49a4acc38d618a93d7c4700784c7b6e25f5080ce81272a6 627040fd1440acdf59327a4d52f68ae12c0ec8e6349992580b401838ab821f87 61 1780541987]
# of transactions: 500
# of TXmig1s: 0
# of In1s: 0
# of Anns: 0
# of NSs: 0
blockHash: 
e40738f482777aa7b045fb10b3fa060f17a33a7068ad00fef4c3601e4e203d90

第61个块开始准备relay

[Propose wait] S1 N0 spin=1 epoch=20 now=1780541987 InitTime=1780541947 lastpropose=1780541987 wallGap=40 need>=38 ok1=true lastGap=0 need>=2 ok2=false
[handleTxFromClient] S1 N0 recv client batch, tx_count=245
[handleTxFromClient] S1 N0 append to Tx_pool.Queue: local_queued=245 forward_other_shard=0 Queue_total_len=1680

第61个块结束relay

[Propose wait] S1 N0 spin=50 epoch=20 now=1780541988 InitTime=1780541947 lastpropose=1780541987 wallGap=41 need>=38 ok1=true lastGap=1 need>=2 ok2=false
[Propose] S1 N0 时间条件满足: epoch=20->21 now=1780541989 InitTime=1780541947 lastpropose=1780541987 wallGap=42>=38 lastGap=2>=2 → propose1
[Propose] S1 N0 等待 sequenceLock…
[Propose] S1 N0 已持有 sequenceLock，seqID=62 即将 propose1
[propose1] S1 N0 seq=62 Tx_pool.Queue_len=1843
left_count: 500
更新树花时间为: 18
写数据库IO花时间为: 31
编号为 62 的区块已加入本地区块链！curBlock: 
blockHeader: 
[e40738f482777aa7b045fb10b3fa060f17a33a7068ad00fef4c3601e4e203d90 0459350d34b6881ca54a13e561b63499dc2b177b96df1e96b0293a875e2f40ad 67b9c554547c30d73df5b1845539202cb982f37dedba8b3e14181bed8b3c99b2 62 1780541989]
# of transactions: 500
# of TXmig1s: 0
# of In1s: 0
# of Anns: 0
# of NSs: 0
blockHash: 
6b86650b79b2d90e68a6db3802eaefa4d6fb177024e894b949b97dfe989eaa50

第62个块开始准备relay

[Propose wait] S1 N0 spin=1 epoch=21 now=1780541989 InitTime=1780541947 lastpropose=1780541989 wallGap=42 need>=40 ok1=true lastGap=0 need>=2 ok2=false
[handleTxFromClient] S1 N0 recv client batch, tx_count=753
[handleTxFromClient] S1 N0 append to Tx_pool.Queue: local_queued=753 forward_other_shard=0 Queue_total_len=2096

第62个块结束relay

[Propose wait] S1 N0 spin=50 epoch=21 now=1780541990 InitTime=1780541947 lastpropose=1780541989 wallGap=43 need>=40 ok1=true lastGap=1 need>=2 ok2=false
[Propose] S1 N0 时间条件满足: epoch=21->22 now=1780541991 InitTime=1780541947 lastpropose=1780541989 wallGap=44>=40 lastGap=2>=2 → propose1
[Propose] S1 N0 等待 sequenceLock…
[Propose] S1 N0 已持有 sequenceLock，seqID=63 即将 propose1
[propose1] S1 N0 seq=63 Tx_pool.Queue_len=2356
left_count: 500
更新树花时间为: 25
写数据库IO花时间为: 35
编号为 63 的区块已加入本地区块链！curBlock: 
blockHeader: 
[6b86650b79b2d90e68a6db3802eaefa4d6fb177024e894b949b97dfe989eaa50 07a9bee25ab16eb04829693366772c1e7edad131322e991852d25311d52ee138 746cafe8fe086f6325dd1e1c3c69347ba63600d2a391f25e6aac4c17d0cfa1b5 63 1780541991]
# of transactions: 500
# of TXmig1s: 0
# of In1s: 0
# of Anns: 0
# of NSs: 0
blockHash: 
cce6f6fc21b5901893c4fda785424b0bae4fee97c5689ac5eb8faff49ef75502

第63个块开始准备relay

[Propose wait] S1 N0 spin=1 epoch=22 now=1780541991 InitTime=1780541947 lastpropose=1780541991 wallGap=44 need>=42 ok1=true lastGap=0 need>=2 ok2=false
本节点已接收到client发来准备迁移通知
本节点已将 pending 发送到 client（1856 笔）
[handleTxFromClient] S1 N0 recv client batch, tx_count=775
[handleTxFromClient] S1 N0 append to Tx_pool.Queue: local_queued=775 forward_other_shard=0 Queue_total_len=2631

第63个块结束relay

本节点已接收到客户端发送的新映射
[Propose wait] S1 N0 spin=50 epoch=22 now=1780541992 InitTime=1780541947 lastpropose=1780541991 wallGap=45 need>=42 ok1=true lastGap=1 need>=2 ok2=false
[Propose] S1 N0 时间条件满足: epoch=22->23 now=1780541993 InitTime=1780541947 lastpropose=1780541991 wallGap=46>=42 lastGap=2>=2 → propose1
[Propose] S1 N0 等待 sequenceLock…
[Propose] S1 N0 已持有 sequenceLock，seqID=64 即将 propose1
[propose1] S1 N0 seq=64 Tx_pool.Queue_len=2757
left_count: 200
更新树花时间为: 46
写数据库IO花时间为: 56
编号为 64 的区块已加入本地区块链！curBlock: 
blockHeader: 
[cce6f6fc21b5901893c4fda785424b0bae4fee97c5689ac5eb8faff49ef75502 057870a6420ebd35b2ced62084dbae90709c73b32f8f800f7e7ae1066336f370 500a2c5b585d407525938f3e553c9cdc22ddec2988b110cd3b0fcec94047ceb5 64 1780541993]
# of transactions: 200
# of TXmig1s: 300
# of In1s: 0
# of Anns: 0
# of NSs: 0
blockHash: 
423b6550887da104bc18b0a4876b9f5401e52eaabd73c5c794aa218caef3d0d0

第64个块开始准备relay

[Propose wait] S1 N0 spin=1 epoch=23 now=1780541993 InitTime=1780541947 lastpropose=1780541993 wallGap=46 need>=44 ok1=true lastGap=0 need>=2 ok2=false
[SyncLog] flush failed shard=S1 node=N0 event=recv mode=delta err=short write
[MVSS-Delta] S1 收到分片 S0 的 TXsyncDelta，条数=1
[MVSS-Delta] S1 已获取 sequenceLock，开始处理 delta
[MVSS-Delta] 目标片 S1 暂存 delta 账户 f341cafc9ba3d91ef98c9ef811170c1c5f1ef28e [1,2)（MigCtx 未就绪）
[MVSS-Delta] S1 暂存 delta 账户 f341cafc9ba3d91ef98c9ef811170c1c5f1ef28e（尚无 MigCtx）
[SyncLog] flush failed shard=S1 node=N0 event=recv mode=delta err=short write
[MVSS-Delta] S1 收到分片 S0 的 TXsyncDelta，条数=1
[MVSS-Delta] S1 已获取 sequenceLock，开始处理 delta
[MVSS-Delta] 目标片 S1 暂存 delta 账户 96904d8c1f1c88dfb6cfba916396bf4beabcf454 [1,2)（MigCtx 未就绪）
[MVSS-Delta] S1 暂存 delta 账户 96904d8c1f1c88dfb6cfba916396bf4beabcf454（尚无 MigCtx）
[SyncLog] write failed shard=S1 node=N0 event=recv mode=delta err=short write
[MVSS-Delta] S1 收到分片 S0 的 TXsyncDelta，条数=1
[MVSS-Delta] S1 已获取 sequenceLock，开始处理 delta
[MVSS-Delta] 目标片 S1 暂存 delta 账户 9e9ff119553d7ad5d40d1cd4c39aba4901955470 [2,3)（MigCtx 未就绪）
[MVSS-Delta] S1 暂存 delta 账户 9e9ff119553d7ad5d40d1cd4c39aba4901955470（尚无 MigCtx）

第64个块结束relay

[handleTxFromClient] S1 N0 recv client batch, tx_count=770
[handleTxFromClient] S1 N0 recv client batch, tx_count=1
[handleTxFromClient] S1 N0 append to Tx_pool.Queue: local_queued=0 forward_other_shard=0 Queue_total_len=2596
[handleTxFromClient] S1 N0 append to Tx_pool.Queue: local_queued=769 forward_other_shard=0 Queue_total_len=3365
[handleTxFromClient] S1 N0 recv client batch, tx_count=1
[handleTxFromClient] S1 N0 append to Tx_pool.Queue: local_queued=0 forward_other_shard=0 Queue_total_len=3365
[handleTxFromClient] S1 N0 recv client batch, tx_count=1
[handleTxFromClient] S1 N0 append to Tx_pool.Queue: local_queued=0 forward_other_shard=0 Queue_total_len=3365
[handleTxFromClient] S1 N0 recv client batch, tx_count=1
[handleTxFromClient] S1 N0 append to Tx_pool.Queue: local_queued=0 forward_other_shard=0 Queue_total_len=3365
[handleTxFromClient] S1 N0 recv client batch, tx_count=1
[handleTxFromClient] S1 N0 append to Tx_pool.Queue: local_queued=0 forward_other_shard=0 Queue_total_len=3365
[handleTxFromClient] S1 N0 recv client batch, tx_count=1
[handleTxFromClient] S1 N0 append to Tx_pool.Queue: local_queued=0 forward_other_shard=0 Queue_total_len=3365
[handleTxFromClient] S1 N0 recv client batch, tx_count=1
[handleTxFromClient] S1 N0 append to Tx_pool.Queue: local_queued=0 forward_other_shard=0 Queue_total_len=3365
[handleTxFromClient] S1 N0 recv client batch, tx_count=1
[handleTxFromClient] S1 N0 append to Tx_pool.Queue: local_queued=0 forward_other_shard=0 Queue_total_len=3365
[handleTxFromClient] S1 N0 recv client batch, tx_count=1
[handleTxFromClient] S1 N0 append to Tx_pool.Queue: local_queued=0 forward_other_shard=0 Queue_total_len=3365
[handleTxFromClient] S1 N0 recv client batch, tx_count=1
[handleTxFromClient] S1 N0 append to Tx_pool.Queue: local_queued=0 forward_other_shard=0 Queue_total_len=3365
[handleTxFromClient] S1 N0 recv client batch, tx_count=1
[handleTxFromClient] S1 N0 append to Tx_pool.Queue: local_queued=0 forward_other_shard=0 Queue_total_len=3365
[handleTxFromClient] S1 N0 recv client batch, tx_count=1
[handleTxFromClient] S1 N0 append to Tx_pool.Queue: local_queued=0 forward_other_shard=0 Queue_total_len=3365
[handleTxFromClient] S1 N0 recv client batch, tx_count=1
[handleTxFromClient] S1 N0 append to Tx_pool.Queue: local_queued=0 forward_other_shard=0 Queue_total_len=3365
[handleTxFromClient] S1 N0 recv client batch, tx_count=1
[handleTxFromClient] S1 N0 append to Tx_pool.Queue: local_queued=0 forward_other_shard=0 Queue_total_len=3365
[handleTxFromClient] S1 N0 recv client batch, tx_count=1
[handleTxFromClient] S1 N0 append to Tx_pool.Queue: local_queued=0 forward_other_shard=0 Queue_total_len=3365
[handleTxFromClient] S1 N0 recv client batch, tx_count=1
[handleTxFromClient] S1 N0 append to Tx_pool.Queue: local_queued=0 forward_other_shard=0 Queue_total_len=3365
[handleTxFromClient] S1 N0 recv client batch, tx_count=1
[handleTxFromClient] S1 N0 append to Tx_pool.Queue: local_queued=0 forward_other_shard=0 Queue_total_len=3365
[handleTxFromClient] S1 N0 recv client batch, tx_count=1
[handleTxFromClient] S1 N0 append to Tx_pool.Queue: local_queued=0 forward_other_shard=0 Queue_total_len=3365
[handleTxFromClient] S1 N0 recv client batch, tx_count=1
[handleTxFromClient] S1 N0 append to Tx_pool.Queue: local_queued=0 forward_other_shard=0 Queue_total_len=3365
[handleTxFromClient] S1 N0 recv client batch, tx_count=1
[handleTxFromClient] S1 N0 append to Tx_pool.Queue: local_queued=0 forward_other_shard=0 Queue_total_len=3365
[handleTxFromClient] S1 N0 recv client batch, tx_count=1
[handleTxFromClient] S1 N0 append to Tx_pool.Queue: local_queued=0 forward_other_shard=0 Queue_total_len=3365
[handleTxFromClient] S1 N0 recv client batch, tx_count=1
[handleTxFromClient] S1 N0 append to Tx_pool.Queue: local_queued=0 forward_other_shard=0 Queue_total_len=3365
[handleTxFromClient] S1 N0 recv client batch, tx_count=1
[handleTxFromClient] S1 N0 append to Tx_pool.Queue: local_queued=0 forward_other_shard=0 Queue_total_len=3365
[handleTxFromClient] S1 N0 recv client batch, tx_count=1
[handleTxFromClient] S1 N0 append to Tx_pool.Queue: local_queued=0 forward_other_shard=0 Queue_total_len=3365
[handleTxFromClient] S1 N0 recv client batch, tx_count=1
[handleTxFromClient] S1 N0 append to Tx_pool.Queue: local_queued=0 forward_other_shard=0 Queue_total_len=3365
[handleTxFromClient] S1 N0 recv client batch, tx_count=1
[handleTxFromClient] S1 N0 append to Tx_pool.Queue: local_queued=0 forward_other_shard=0 Queue_total_len=3365
[handleTxFromClient] S1 N0 recv client batch, tx_count=1
[handleTxFromClient] S1 N0 append to Tx_pool.Queue: local_queued=0 forward_other_shard=0 Queue_total_len=3365
[handleTxFromClient] S1 N0 recv client batch, tx_count=1
[handleTxFromClient] S1 N0 append to Tx_pool.Queue: local_queued=0 forward_other_shard=0 Queue_total_len=3365
[handleTxFromClient] S1 N0 recv client batch, tx_count=1
[handleTxFromClient] S1 N0 append to Tx_pool.Queue: local_queued=0 forward_other_shard=0 Queue_total_len=3365
[handleTxFromClient] S1 N0 recv client batch, tx_count=1
[handleTxFromClient] S1 N0 append to Tx_pool.Queue: local_queued=0 forward_other_shard=0 Queue_total_len=3365
[handleTxFromClient] S1 N0 recv client batch, tx_count=1
[handleTxFromClient] S1 N0 append to Tx_pool.Queue: local_queued=0 forward_other_shard=0 Queue_total_len=3365
[handleTxFromClient] S1 N0 recv client batch, tx_count=1
[handleTxFromClient] S1 N0 append to Tx_pool.Queue: local_queued=0 forward_other_shard=0 Queue_total_len=3365
[handleTxFromClient] S1 N0 recv client batch, tx_count=1
[handleTxFromClient] S1 N0 append to Tx_pool.Queue: local_queued=0 forward_other_shard=0 Queue_total_len=3365
[handleTxFromClient] S1 N0 recv client batch, tx_count=1
[handleTxFromClient] S1 N0 append to Tx_pool.Queue: local_queued=0 forward_other_shard=0 Queue_total_len=3365
[handleTxFromClient] S1 N0 recv client batch, tx_count=1
[handleTxFromClient] S1 N0 append to Tx_pool.Queue: local_queued=0 forward_other_shard=0 Queue_total_len=3365
[handleTxFromClient] S1 N0 recv client batch, tx_count=1
[handleTxFromClient] S1 N0 append to Tx_pool.Queue: local_queued=0 forward_other_shard=0 Queue_total_len=3365
[handleTxFromClient] S1 N0 recv client batch, tx_count=1
[handleTxFromClient] S1 N0 append to Tx_pool.Queue: local_queued=0 forward_other_shard=0 Queue_total_len=3365
[handleTxFromClient] S1 N0 recv client batch, tx_count=1
[handleTxFromClient] S1 N0 append to Tx_pool.Queue: local_queued=0 forward_other_shard=0 Queue_total_len=3365
[handleTxFromClient] S1 N0 recv client batch, tx_count=1
[handleTxFromClient] S1 N0 append to Tx_pool.Queue: local_queued=0 forward_other_shard=0 Queue_total_len=3365
[handleTxFromClient] S1 N0 recv client batch, tx_count=1
[handleTxFromClient] S1 N0 append to Tx_pool.Queue: local_queued=0 forward_other_shard=0 Queue_total_len=3365
[handleTxFromClient] S1 N0 recv client batch, tx_count=1
[handleTxFromClient] S1 N0 append to Tx_pool.Queue: local_queued=0 forward_other_shard=0 Queue_total_len=3365
[handleTxFromClient] S1 N0 recv client batch, tx_count=1
[handleTxFromClient] S1 N0 append to Tx_pool.Queue: local_queued=0 forward_other_shard=0 Queue_total_len=3365
[handleTxFromClient] S1 N0 recv client batch, tx_count=1
[handleTxFromClient] S1 N0 append to Tx_pool.Queue: local_queued=0 forward_other_shard=0 Queue_total_len=3365
[handleTxFromClient] S1 N0 recv client batch, tx_count=1
[handleTxFromClient] S1 N0 append to Tx_pool.Queue: local_queued=0 forward_other_shard=0 Queue_total_len=3365
[handleTxFromClient] S1 N0 recv client batch, tx_count=1
[handleTxFromClient] S1 N0 append to Tx_pool.Queue: local_queued=0 forward_other_shard=0 Queue_total_len=3365
[handleTxFromClient] S1 N0 recv client batch, tx_count=1
[handleTxFromClient] S1 N0 append to Tx_pool.Queue: local_queued=0 forward_other_shard=0 Queue_total_len=3365
[handleTxFromClient] S1 N0 recv client batch, tx_count=1
[handleTxFromClient] S1 N0 append to Tx_pool.Queue: local_queued=0 forward_other_shard=0 Queue_total_len=3365
[handleTxFromClient] S1 N0 recv client batch, tx_count=1
[handleTxFromClient] S1 N0 append to Tx_pool.Queue: local_queued=0 forward_other_shard=0 Queue_total_len=3365
[handleTxFromClient] S1 N0 recv client batch, tx_count=1
[handleTxFromClient] S1 N0 append to Tx_pool.Queue: local_queued=0 forward_other_shard=0 Queue_total_len=3365
[handleTxFromClient] S1 N0 recv client batch, tx_count=1
[handleTxFromClient] S1 N0 append to Tx_pool.Queue: local_queued=0 forward_other_shard=0 Queue_total_len=3365
[handleTxFromClient] S1 N0 recv client batch, tx_count=1
[handleTxFromClient] S1 N0 append to Tx_pool.Queue: local_queued=0 forward_other_shard=0 Queue_total_len=3365
[handleTxFromClient] S1 N0 recv client batch, tx_count=1
[handleTxFromClient] S1 N0 append to Tx_pool.Queue: local_queued=0 forward_other_shard=0 Queue_total_len=3365
[handleTxFromClient] S1 N0 recv client batch, tx_count=1
[handleTxFromClient] S1 N0 append to Tx_pool.Queue: local_queued=0 forward_other_shard=0 Queue_total_len=3365
[handleTxFromClient] S1 N0 recv client batch, tx_count=1
[handleTxFromClient] S1 N0 append to Tx_pool.Queue: local_queued=0 forward_other_shard=0 Queue_total_len=3365
[handleTxFromClient] S1 N0 recv client batch, tx_count=1
[handleTxFromClient] S1 N0 append to Tx_pool.Queue: local_queued=0 forward_other_shard=0 Queue_total_len=3365
[handleTxFromClient] S1 N0 recv client batch, tx_count=1
[handleTxFromClient] S1 N0 append to Tx_pool.Queue: local_queued=0 forward_other_shard=0 Queue_total_len=3365
[handleTxFromClient] S1 N0 recv client batch, tx_count=1
[handleTxFromClient] S1 N0 append to Tx_pool.Queue: local_queued=0 forward_other_shard=0 Queue_total_len=3365
[handleTxFromClient] S1 N0 recv client batch, tx_count=1
[handleTxFromClient] S1 N0 append to Tx_pool.Queue: local_queued=0 forward_other_shard=0 Queue_total_len=3365
[handleTxFromClient] S1 N0 recv client batch, tx_count=1
[handleTxFromClient] S1 N0 append to Tx_pool.Queue: local_queued=0 forward_other_shard=0 Queue_total_len=3365
[handleTxFromClient] S1 N0 recv client batch, tx_count=1
[handleTxFromClient] S1 N0 append to Tx_pool.Queue: local_queued=0 forward_other_shard=0 Queue_total_len=3365
[handleTxFromClient] S1 N0 recv client batch, tx_count=1
[handleTxFromClient] S1 N0 append to Tx_pool.Queue: local_queued=0 forward_other_shard=0 Queue_total_len=3365
[handleTxFromClient] S1 N0 recv client batch, tx_count=1
[handleTxFromClient] S1 N0 append to Tx_pool.Queue: local_queued=0 forward_other_shard=0 Queue_total_len=3365
[handleTxFromClient] S1 N0 recv client batch, tx_count=1
[handleTxFromClient] S1 N0 append to Tx_pool.Queue: local_queued=0 forward_other_shard=0 Queue_total_len=3365
[handleTxFromClient] S1 N0 recv client batch, tx_count=1
[handleTxFromClient] S1 N0 append to Tx_pool.Queue: local_queued=0 forward_other_shard=0 Queue_total_len=3365
[handleTxFromClient] S1 N0 recv client batch, tx_count=1
[handleTxFromClient] S1 N0 append to Tx_pool.Queue: local_queued=0 forward_other_shard=0 Queue_total_len=3365
[handleTxFromClient] S1 N0 recv client batch, tx_count=1
[handleTxFromClient] S1 N0 append to Tx_pool.Queue: local_queued=0 forward_other_shard=0 Queue_total_len=3365
[handleTxFromClient] S1 N0 recv client batch, tx_count=1
[handleTxFromClient] S1 N0 append to Tx_pool.Queue: local_queued=0 forward_other_shard=0 Queue_total_len=3365
[handleTxFromClient] S1 N0 recv client batch, tx_count=1
[handleTxFromClient] S1 N0 append to Tx_pool.Queue: local_queued=0 forward_other_shard=0 Queue_total_len=3365
[handleTxFromClient] S1 N0 recv client batch, tx_count=1
[handleTxFromClient] S1 N0 append to Tx_pool.Queue: local_queued=0 forward_other_shard=0 Queue_total_len=3365
[handleTxFromClient] S1 N0 recv client batch, tx_count=1
[handleTxFromClient] S1 N0 append to Tx_pool.Queue: local_queued=0 forward_other_shard=0 Queue_total_len=3365
[handleTxFromClient] S1 N0 recv client batch, tx_count=1
[handleTxFromClient] S1 N0 append to Tx_pool.Queue: local_queued=0 forward_other_shard=0 Queue_total_len=3365
[handleTxFromClient] S1 N0 recv client batch, tx_count=1
[handleTxFromClient] S1 N0 append to Tx_pool.Queue: local_queued=0 forward_other_shard=0 Queue_total_len=3365
[handleTxFromClient] S1 N0 recv client batch, tx_count=1
[handleTxFromClient] S1 N0 append to Tx_pool.Queue: local_queued=0 forward_other_shard=0 Queue_total_len=3365
[handleTxFromClient] S1 N0 recv client batch, tx_count=1
[handleTxFromClient] S1 N0 append to Tx_pool.Queue: local_queued=0 forward_other_shard=0 Queue_total_len=3365
[handleTxFromClient] S1 N0 recv client batch, tx_count=1
[handleTxFromClient] S1 N0 append to Tx_pool.Queue: local_queued=0 forward_other_shard=0 Queue_total_len=3365
[handleTxFromClient] S1 N0 recv client batch, tx_count=1
[handleTxFromClient] S1 N0 append to Tx_pool.Queue: local_queued=0 forward_other_shard=0 Queue_total_len=3365
[handleTxFromClient] S1 N0 recv client batch, tx_count=1
[handleTxFromClient] S1 N0 append to Tx_pool.Queue: local_queued=0 forward_other_shard=0 Queue_total_len=3365
[handleTxFromClient] S1 N0 recv client batch, tx_count=1
[handleTxFromClient] S1 N0 append to Tx_pool.Queue: local_queued=0 forward_other_shard=0 Queue_total_len=3365
[handleTxFromClient] S1 N0 recv client batch, tx_count=1
[handleTxFromClient] S1 N0 append to Tx_pool.Queue: local_queued=0 forward_other_shard=0 Queue_total_len=3365
[handleTxFromClient] S1 N0 recv client batch, tx_count=1
[handleTxFromClient] S1 N0 append to Tx_pool.Queue: local_queued=0 forward_other_shard=0 Queue_total_len=3365
[handleTxFromClient] S1 N0 recv client batch, tx_count=1
[handleTxFromClient] S1 N0 append to Tx_pool.Queue: local_queued=0 forward_other_shard=0 Queue_total_len=3365
[handleTxFromClient] S1 N0 recv client batch, tx_count=1
[handleTxFromClient] S1 N0 append to Tx_pool.Queue: local_queued=0 forward_other_shard=0 Queue_total_len=3365
[handleTxFromClient] S1 N0 recv client batch, tx_count=1
[handleTxFromClient] S1 N0 append to Tx_pool.Queue: local_queued=0 forward_other_shard=0 Queue_total_len=3365
[handleTxFromClient] S1 N0 recv client batch, tx_count=1
[handleTxFromClient] S1 N0 append to Tx_pool.Queue: local_queued=0 forward_other_shard=0 Queue_total_len=3365
[handleTxFromClient] S1 N0 recv client batch, tx_count=1
[handleTxFromClient] S1 N0 append to Tx_pool.Queue: local_queued=0 forward_other_shard=0 Queue_total_len=3365
[handleTxFromClient] S1 N0 recv client batch, tx_count=1
[handleTxFromClient] S1 N0 append to Tx_pool.Queue: local_queued=0 forward_other_shard=0 Queue_total_len=3365
[handleTxFromClient] S1 N0 recv client batch, tx_count=1
[handleTxFromClient] S1 N0 append to Tx_pool.Queue: local_queued=0 forward_other_shard=0 Queue_total_len=3365
[handleTxFromClient] S1 N0 recv client batch, tx_count=1
[handleTxFromClient] S1 N0 append to Tx_pool.Queue: local_queued=0 forward_other_shard=0 Queue_total_len=3365
[handleTxFromClient] S1 N0 recv client batch, tx_count=1
[handleTxFromClient] S1 N0 append to Tx_pool.Queue: local_queued=0 forward_other_shard=0 Queue_total_len=3365
[handleTxFromClient] S1 N0 recv client batch, tx_count=1
[handleTxFromClient] S1 N0 append to Tx_pool.Queue: local_queued=0 forward_other_shard=0 Queue_total_len=3365
[handleTxFromClient] S1 N0 recv client batch, tx_count=1
[handleTxFromClient] S1 N0 append to Tx_pool.Queue: local_queued=0 forward_other_shard=0 Queue_total_len=3365
[handleTxFromClient] S1 N0 recv client batch, tx_count=1
[handleTxFromClient] S1 N0 append to Tx_pool.Queue: local_queued=0 forward_other_shard=0 Queue_total_len=3365
[handleTxFromClient] S1 N0 recv client batch, tx_count=1
[handleTxFromClient] S1 N0 append to Tx_pool.Queue: local_queued=0 forward_other_shard=0 Queue_total_len=3365
[handleTxFromClient] S1 N0 recv client batch, tx_count=1
[handleTxFromClient] S1 N0 append to Tx_pool.Queue: local_queued=0 forward_other_shard=0 Queue_total_len=3365
[handleTxFromClient] S1 N0 recv client batch, tx_count=1
[handleTxFromClient] S1 N0 append to Tx_pool.Queue: local_queued=0 forward_other_shard=0 Queue_total_len=3365
[handleTxFromClient] S1 N0 recv client batch, tx_count=1
[handleTxFromClient] S1 N0 append to Tx_pool.Queue: local_queued=0 forward_other_shard=0 Queue_total_len=3365
[handleTxFromClient] S1 N0 recv client batch, tx_count=1
[handleTxFromClient] S1 N0 append to Tx_pool.Queue: local_queued=0 forward_other_shard=0 Queue_total_len=3365
[handleTxFromClient] S1 N0 recv client batch, tx_count=1
[handleTxFromClient] S1 N0 append to Tx_pool.Queue: local_queued=0 forward_other_shard=0 Queue_total_len=3365
[handleTxFromClient] S1 N0 recv client batch, tx_count=1
[handleTxFromClient] S1 N0 append to Tx_pool.Queue: local_queued=0 forward_other_shard=0 Queue_total_len=3365
[handleTxFromClient] S1 N0 recv client batch, tx_count=1
[handleTxFromClient] S1 N0 append to Tx_pool.Queue: local_queued=0 forward_other_shard=0 Queue_total_len=3365
[handleTxFromClient] S1 N0 recv client batch, tx_count=1
[handleTxFromClient] S1 N0 append to Tx_pool.Queue: local_queued=0 forward_other_shard=0 Queue_total_len=3365
[handleTxFromClient] S1 N0 recv client batch, tx_count=1
[handleTxFromClient] S1 N0 append to Tx_pool.Queue: local_queued=0 forward_other_shard=0 Queue_total_len=3365
[handleTxFromClient] S1 N0 recv client batch, tx_count=1
[handleTxFromClient] S1 N0 append to Tx_pool.Queue: local_queued=0 forward_other_shard=0 Queue_total_len=3365
[handleTxFromClient] S1 N0 recv client batch, tx_count=1
[handleTxFromClient] S1 N0 append to Tx_pool.Queue: local_queued=0 forward_other_shard=0 Queue_total_len=3365
[handleTxFromClient] S1 N0 recv client batch, tx_count=1
[handleTxFromClient] S1 N0 append to Tx_pool.Queue: local_queued=0 forward_other_shard=0 Queue_total_len=3365
[handleTxFromClient] S1 N0 recv client batch, tx_count=1
[handleTxFromClient] S1 N0 append to Tx_pool.Queue: local_queued=0 forward_other_shard=0 Queue_total_len=3365
[handleTxFromClient] S1 N0 recv client batch, tx_count=1
[handleTxFromClient] S1 N0 append to Tx_pool.Queue: local_queued=0 forward_other_shard=0 Queue_total_len=3365
[handleTxFromClient] S1 N0 recv client batch, tx_count=1
[handleTxFromClient] S1 N0 append to Tx_pool.Queue: local_queued=0 forward_other_shard=0 Queue_total_len=3365
[handleTxFromClient] S1 N0 recv client batch, tx_count=1
[handleTxFromClient] S1 N0 append to Tx_pool.Queue: local_queued=0 forward_other_shard=0 Queue_total_len=3365
[handleTxFromClient] S1 N0 recv client batch, tx_count=1
[handleTxFromClient] S1 N0 append to Tx_pool.Queue: local_queued=0 forward_other_shard=0 Queue_total_len=3365
[handleTxFromClient] S1 N0 recv client batch, tx_count=1
[handleTxFromClient] S1 N0 append to Tx_pool.Queue: local_queued=0 forward_other_shard=0 Queue_total_len=3365
[handleTxFromClient] S1 N0 recv client batch, tx_count=1
[handleTxFromClient] S1 N0 append to Tx_pool.Queue: local_queued=0 forward_other_shard=0 Queue_total_len=3365

[handleTxFromClient] S1 N0 recv client batch, tx_count=1
本节点已接收到分片S0发来的迁移请求 
9999999999999999999999999999999999999998

[handleTxFromClient] S1 N0 append to Tx_pool.Queue: local_queued=0 forward_other_shard=0 Queue_total_len=3365
[Propose wait] S1 N0 spin=50 epoch=23 now=1780541994 InitTime=1780541947 lastpropose=1780541993 wallGap=47 need>=44 ok1=true lastGap=1 need>=2 ok2=false
[Propose] S1 N0 时间条件满足: epoch=23->24 now=1780541995 InitTime=1780541947 lastpropose=1780541993 wallGap=48>=44 lastGap=2>=2 → propose1
[Propose] S1 N0 等待 sequenceLock…
[Propose] S1 N0 已持有 sequenceLock，seqID=65 即将 propose1
[propose1] S1 N0 seq=65 Tx_pool.Queue_len=3365
left_count: 200
更新树花时间为: 51
写数据库IO花时间为: 62
编号为 65 的区块已加入本地区块链！curBlock: 
blockHeader: 
[423b6550887da104bc18b0a4876b9f5401e52eaabd73c5c794aa218caef3d0d0 4d7caed956194b265a7bcea18bc93ea06d90a9be2e9c174824ff29721bcc72fe d36a07fdcb56e9d7738cad0b14dc9572eb7e58b8c455b6cf8efdee23fcc17d8f 65 1780541995]
# of transactions: 200
# of TXmig1s: 85
# of In1s: 215
# of Anns: 0
# of NSs: 0
blockHash: 
8c44ba5ada8319f0f866e843be0dfb99641afc4a66ee9a2e888bb9308a5eb54d

第65个块开始准备relay

[SyncLog] write failed shard=S1 node=N0 event=apply mode=delta err=short write
[MVSS-Delta] 目标片 S1 账户 f341cafc9ba3d91ef98c9ef811170c1c5f1ef28e apply delta [1,2)
[SyncLog] write failed shard=S1 node=N0 event=apply mode=delta err=short write
[MVSS-Delta] 目标片 S1 账户 96904d8c1f1c88dfb6cfba916396bf4beabcf454 apply delta [1,2)
[SyncLog] write failed shard=S1 node=N0 event=apply mode=delta err=short write
[MVSS-Delta] 目标片 S1 账户 9e9ff119553d7ad5d40d1cd4c39aba4901955470 apply delta [2,3)
[MVSS+] 目标片 S1 账户 f341cafc9ba3d91ef98c9ef811170c1c5f1ef28e 块 65 SyncApplied 但尚无 new 上链，等待打包
[MVSS+] 目标片 S1 账户 96904d8c1f1c88dfb6cfba916396bf4beabcf454 块 65 SyncApplied 但尚无 new 上链，等待打包
[MVSS+] 目标片 S1 账户 9e9ff119553d7ad5d40d1cd4c39aba4901955470 块 65 SyncApplied 但尚无 new 上链，等待打包
[Propose wait] S1 N0 spin=1 epoch=24 now=1780541995 InitTime=1780541947 lastpropose=1780541995 wallGap=48 need>=46 ok1=true lastGap=0 need>=2 ok2=false

第65个块结束relay

本节点已接收到分片S0发来通知 
1
2
3
[handleTxFromClient] S1 N0 recv client batch, tx_count=1
[handleTxFromClient] S1 N0 append to Tx_pool.Queue: local_queued=0 forward_other_shard=0 Queue_total_len=3197
[handleTxFromClient] S1 N0 recv client batch, tx_count=781
[handleTxFromClient] S1 N0 append to Tx_pool.Queue: local_queued=778 forward_other_shard=0 Queue_total_len=3975

本节点已接收到分片S0发来的迁移请求 
10000000000000000000001114606943778506496

[Propose wait] S1 N0 spin=50 epoch=24 now=1780541996 InitTime=1780541947 lastpropose=1780541995 wallGap=49 need>=46 ok1=true lastGap=1 need>=2 ok2=false
[Propose] S1 N0 时间条件满足: epoch=24->25 now=1780541997 InitTime=1780541947 lastpropose=1780541995 wallGap=50>=46 lastGap=2>=2 → propose1
[Propose] S1 N0 等待 sequenceLock…
[Propose] S1 N0 已持有 sequenceLock，seqID=66 即将 propose1
[propose1] S1 N0 seq=66 Tx_pool.Queue_len=3975
left_count: 200
更新树花时间为: 46
写数据库IO花时间为: 95
编号为 66 的区块已加入本地区块链！curBlock: 
blockHeader: 
[8c44ba5ada8319f0f866e843be0dfb99641afc4a66ee9a2e888bb9308a5eb54d 73defe0911cd7790f7b96a06f0d771461974f47b6cfa13fe42d4217e84594439 72e2154313dc83894c8ef1e2a19dba530e18e1039921fc916d9545e4467db30e 66 1780541997]
# of transactions: 200
# of TXmig1s: 0
# of In1s: 300
# of Anns: 0
# of NSs: 0
blockHash: 
762ab2c0eca6fc5b75485ee814fc7e5fc77f035bec5432e85a7434d6076c2aac

第66个块开始准备relay

[MVSS+] 目标片 S1 账户 96904d8c1f1c88dfb6cfba916396bf4beabcf454 块 66 SyncApplied 但尚无 new 上链，等待打包
[MVSS+] 目标片 S1 账户 f341cafc9ba3d91ef98c9ef811170c1c5f1ef28e 块 66 SyncApplied 但尚无 new 上链，等待打包
[MVSS+] 目标片 S1 账户 9e9ff119553d7ad5d40d1cd4c39aba4901955470 块 66 SyncApplied 但尚无 new 上链，等待打包
[Propose wait] S1 N0 spin=1 epoch=25 now=1780541997 InitTime=1780541947 lastpropose=1780541997 wallGap=50 need>=48 ok1=true lastGap=0 need>=2 ok2=false

第66个块结束relay

[handleTxFromClient] S1 N0 recv client batch, tx_count=774
[handleTxFromClient] S1 N0 append to Tx_pool.Queue: local_queued=772 forward_other_shard=0 Queue_total_len=4603
[handleTxFromClient] S1 N0 recv client batch, tx_count=1
[SyncProbe][Ingress] shard=S1 node=N0 tx=9000000012 senderSID=1 recSID=1 local=true tag=32 isRelay=true
[handleTxFromClient] S1 N0 recv client batch, tx_count=1
[SyncProbe][Normalize] shard=S1 tx=9000000012 目标片清除 IsRelay，按本地 new 执行
[handleTxFromClient] S1 N0 recv client batch, tx_count=1
[SyncProbe][Ingress] shard=S1 node=N0 tx=9000000022 senderSID=1 recSID=1 local=true tag=32 isRelay=true
[SyncProbe][Redirect] tx=9000000012 目标片本地接收，不在源片重定向
[SyncProbe][Ingress] shard=S1 tx=9000000012 本片入池(立即入池路径)
[SyncProbe][Normalize] shard=S1 tx=9000000022 目标片清除 IsRelay，按本地 new 执行
[SyncProbe][Redirect] tx=9000000022 目标片本地接收，不在源片重定向
[handleTxFromClient] S1 N0 append to Tx_pool.Queue: local_queued=1 forward_other_shard=0 Queue_total_len=4604
[SyncProbe][Ingress] shard=S1 tx=9000000022 本片入池(立即入池路径)
[SyncProbe][Ingress] shard=S1 node=N0 tx=9000000002 senderSID=1 recSID=1 local=true tag=32 isRelay=true
[SyncProbe][Normalize] shard=S1 tx=9000000002 目标片清除 IsRelay，按本地 new 执行
[SyncProbe][Redirect] tx=9000000002 目标片本地接收，不在源片重定向
[handleTxFromClient] S1 N0 append to Tx_pool.Queue: local_queued=1 forward_other_shard=0 Queue_total_len=4605
[SyncProbe][Ingress] shard=S1 tx=9000000002 本片入池(立即入池路径)
[handleTxFromClient] S1 N0 append to Tx_pool.Queue: local_queued=1 forward_other_shard=0 Queue_total_len=4606
[Propose wait] S1 N0 spin=50 epoch=25 now=1780541998 InitTime=1780541947 lastpropose=1780541997 wallGap=51 need>=48 ok1=true lastGap=1 need>=2 ok2=false
[Propose] S1 N0 时间条件满足: epoch=25->26 now=1780541999 InitTime=1780541947 lastpropose=1780541997 wallGap=52>=48 lastGap=2>=2 → propose1
[Propose] S1 N0 等待 sequenceLock…
[Propose] S1 N0 已持有 sequenceLock，seqID=67 即将 propose1
[propose1] S1 N0 seq=67 Tx_pool.Queue_len=4606
left_count: 415
[SyncProbe][Exec] shard=%!s(int=1) tx=9000000002 nonce 不匹配 expect=2 got=3，跳过执行
[SyncProbe][Exec] shard=%!s(int=1) tx=9000000022 nonce 不匹配 expect=3 got=4，跳过执行
[SyncProbe][Exec] shard=%!s(int=1) tx=9000000012 nonce 不匹配 expect=2 got=3，跳过执行
[SyncProbe][Exec] shard=%!s(int=1) tx=9000000002 nonce 不匹配 expect=2 got=3，跳过执行
[SyncProbe][Exec] shard=%!s(int=1) tx=9000000022 nonce 不匹配 expect=3 got=4，跳过执行
[SyncProbe][Exec] shard=%!s(int=1) tx=9000000012 nonce 不匹配 expect=2 got=3，跳过执行
更新树花时间为: 25
写数据库IO花时间为: 40
编号为 67 的区块已加入本地区块链！curBlock: 
blockHeader: 
[762ab2c0eca6fc5b75485ee814fc7e5fc77f035bec5432e85a7434d6076c2aac 110cc4c1d05f55745db5fbba3730332e4e24bafc28efd17ae597607f3048ddaf 44a46d1c957ca88a97a7b465ceb0df2105b17b402b3582dfbdc32dffa9eda3f5 67 1780541999]
# of transactions: 415
# of TXmig1s: 0
# of In1s: 13
# of Anns: 72
# of NSs: 0
blockHash: 
0fa4008c78c9f324829e53d3bc2c22f55ae91d371d455ddd9ccaef97f7ce94be
handleAnns时是第25个块

handleannounce交易池操作时差为：0
handleannounce两锁时差为：0


第67个块开始准备relay

[MVSS+] 目标片 S1 账户 9e9ff119553d7ad5d40d1cd4c39aba4901955470 块 67 SyncApplied 但尚无 new 上链，等待打包
[MVSS+] 目标片 S1 账户 96904d8c1f1c88dfb6cfba916396bf4beabcf454 块 67 SyncApplied 但尚无 new 上链，等待打包
[MVSS+] 目标片 S1 账户 f341cafc9ba3d91ef98c9ef811170c1c5f1ef28e 块 67 SyncApplied 但尚无 new 上链，等待打包
[Propose wait] S1 N0 spin=1 epoch=26 now=1780541999 InitTime=1780541947 lastpropose=1780541999 wallGap=52 need>=50 ok1=true lastGap=0 need>=2 ok2=false
时间：52161  正在向分片S0的主节点发送新
本节点已将不变的账户数量发送到client

时间：1780541999269  本节点已接收到新
本节点已将迁移过来的pending交易的账户数量发送到client


第67个块结束relay

本节点已接收到分片S0发来通知 
1
2
3
[handleTxFromClient] S1 N0 recv client batch, tx_count=771
[handleTxFromClient] S1 N0 append to Tx_pool.Queue: local_queued=770 forward_other_shard=0 Queue_total_len=5051
本节点已接收到分片S0发来通知 
1
2
3
[Propose wait] S1 N0 spin=50 epoch=26 now=1780542000 InitTime=1780541947 lastpropose=1780541999 wallGap=53 need>=50 ok1=true lastGap=1 need>=2 ok2=false
[Propose] S1 N0 时间条件满足: epoch=26->27 now=1780542001 InitTime=1780541947 lastpropose=1780541999 wallGap=54>=50 lastGap=2>=2 → propose1
[Propose] S1 N0 等待 sequenceLock…
[Propose] S1 N0 已持有 sequenceLock，seqID=68 即将 propose1
[propose1] S1 N0 seq=68 Tx_pool.Queue_len=5051
left_count: 200
更新树花时间为: 35
写数据库IO花时间为: 69
编号为 68 的区块已加入本地区块链！curBlock: 
blockHeader: 
[0fa4008c78c9f324829e53d3bc2c22f55ae91d371d455ddd9ccaef97f7ce94be ee65aa0805c3965ef3ffdea429f9e3b62a4ee83e1855e3238fab8f0dbabe6c0b 6dc9e6996096cf63fd623aa3566f95a88f4da5db2639263aa104da555ca5c194 68 1780542001]
# of transactions: 200
# of TXmig1s: 0
# of In1s: 0
# of Anns: 300
# of NSs: 0
blockHash: 
93ca3e279a9cc24cda89842732675566ab19d05cecd064e822e0d202244f62af
handleAnns时是第26个块

handleannounce交易池操作时差为：5715
handleannounce两锁时差为：5715


第68个块开始准备relay

[MVSS+] 目标片 S1 账户 f341cafc9ba3d91ef98c9ef811170c1c5f1ef28e 块 68 SyncApplied 但尚无 new 上链，等待打包
[MVSS+] 目标片 S1 账户 96904d8c1f1c88dfb6cfba916396bf4beabcf454 块 68 SyncApplied 但尚无 new 上链，等待打包
[MVSS+] 目标片 S1 账户 9e9ff119553d7ad5d40d1cd4c39aba4901955470 块 68 SyncApplied 但尚无 new 上链，等待打包
[Propose wait] S1 N0 spin=1 epoch=27 now=1780542001 InitTime=1780541947 lastpropose=1780542001 wallGap=54 need>=52 ok1=true lastGap=0 need>=2 ok2=false
时间：1780542001292  本节点已接收到新
本节点已将迁移过来的pending交易的账户数量发送到client


第68个块结束relay

时间：54436  正在向分片S0的主节点发送新
本节点已将不变的账户数量发送到client

[Propose wait] S1 N0 spin=50 epoch=27 now=1780542002 InitTime=1780541947 lastpropose=1780542001 wallGap=55 need>=52 ok1=true lastGap=1 need>=2 ok2=false
[Propose] S1 N0 时间条件满足: epoch=27->28 now=1780542003 InitTime=1780541947 lastpropose=1780542001 wallGap=56>=52 lastGap=2>=2 → propose1
[Propose] S1 N0 等待 sequenceLock…
[Propose] S1 N0 已持有 sequenceLock，seqID=69 即将 propose1
[propose1] S1 N0 seq=69 Tx_pool.Queue_len=4795
left_count: 480
更新树花时间为: 27
写数据库IO花时间为: 73
编号为 69 的区块已加入本地区块链！curBlock: 
blockHeader: 
[93ca3e279a9cc24cda89842732675566ab19d05cecd064e822e0d202244f62af ef2ded77382e82af024715cefd8a46a073da5ddd54d21c94994fd69273b5d067 61cccbe64a6a0ef8f413d3d5054734ea7c7f1e07075efc00451e34b0de111730 69 1780542003]
# of transactions: 480
# of TXmig1s: 0
# of In1s: 0
# of Anns: 13
# of NSs: 7
blockHash: 
aca94befcd8a71bc853032e9c83d6c506e7c3c6c168fc9d07e2beef888798afe
handleAnns时是第27个块

handleannounce交易池操作时差为：1711
handleannounce两锁时差为：1711


第69个块开始准备relay

[MVSS+] 目标片 S1 账户 f341cafc9ba3d91ef98c9ef811170c1c5f1ef28e 块 69 SyncApplied 但尚无 new 上链，等待打包
[MVSS+] 目标片 S1 账户 96904d8c1f1c88dfb6cfba916396bf4beabcf454 块 69 SyncApplied 但尚无 new 上链，等待打包
[MVSS+] 目标片 S1 账户 9e9ff119553d7ad5d40d1cd4c39aba4901955470 块 69 SyncApplied 但尚无 new 上链，等待打包
时间：56132  正在向分片S0的主节点发送新
本节点已将不变的账户数量发送到client

[Propose wait] S1 N0 spin=1 epoch=28 now=1780542003 InitTime=1780541947 lastpropose=1780542003 wallGap=56 need>=54 ok1=true lastGap=0 need>=2 ok2=false
时间：1780542003163  本节点已接收到新
本节点已将迁移过来的pending交易的账户数量发送到client


第69个块结束relay

[Propose wait] S1 N0 spin=50 epoch=28 now=1780542004 InitTime=1780541947 lastpropose=1780542003 wallGap=57 need>=54 ok1=true lastGap=1 need>=2 ok2=false
[Propose] S1 N0 时间条件满足: epoch=28->29 now=1780542005 InitTime=1780541947 lastpropose=1780542003 wallGap=58>=54 lastGap=2>=2 → propose1
[Propose] S1 N0 等待 sequenceLock…
[Propose] S1 N0 已持有 sequenceLock，seqID=70 即将 propose1
[propose1] S1 N0 seq=70 Tx_pool.Queue_len=4379
left_count: 500
更新树花时间为: 21
写数据库IO花时间为: 32
编号为 70 的区块已加入本地区块链！curBlock: 
blockHeader: 
[aca94befcd8a71bc853032e9c83d6c506e7c3c6c168fc9d07e2beef888798afe ef2ded77382e82af024715cefd8a46a073da5ddd54d21c94994fd69273b5d067 aecabecac242d30dc90dcf98936f722b364e3594820d3cfc1885029f3be1b55f 70 1780542005]
# of transactions: 500
# of TXmig1s: 0
# of In1s: 0
# of Anns: 0
# of NSs: 0
blockHash: 
9be890ae1b04806125de19e4b081db516a5cb6fdb60bb820436443a9a6bcb5eb

第70个块开始准备relay

[MVSS+] 目标片 S1 账户 96904d8c1f1c88dfb6cfba916396bf4beabcf454 块 70 SyncApplied 但尚无 new 上链，等待打包
[MVSS+] 目标片 S1 账户 9e9ff119553d7ad5d40d1cd4c39aba4901955470 块 70 SyncApplied 但尚无 new 上链，等待打包
[MVSS+] 目标片 S1 账户 f341cafc9ba3d91ef98c9ef811170c1c5f1ef28e 块 70 SyncApplied 但尚无 new 上链，等待打包
[Propose wait] S1 N0 spin=1 epoch=29 now=1780542005 InitTime=1780541947 lastpropose=1780542005 wallGap=58 need>=56 ok1=true lastGap=0 need>=2 ok2=false

第70个块结束relay

[Propose wait] S1 N0 spin=50 epoch=29 now=1780542006 InitTime=1780541947 lastpropose=1780542005 wallGap=59 need>=56 ok1=true lastGap=1 need>=2 ok2=false
[Propose] S1 N0 时间条件满足: epoch=29->30 now=1780542007 InitTime=1780541947 lastpropose=1780542005 wallGap=60>=56 lastGap=2>=2 → propose1
[Propose] S1 N0 等待 sequenceLock…
[Propose] S1 N0 已持有 sequenceLock，seqID=71 即将 propose1
[propose1] S1 N0 seq=71 Tx_pool.Queue_len=3900
left_count: 500
更新树花时间为: 26
写数据库IO花时间为: 43
编号为 71 的区块已加入本地区块链！curBlock: 
blockHeader: 
[9be890ae1b04806125de19e4b081db516a5cb6fdb60bb820436443a9a6bcb5eb ec8a4c7253cb27720d2e977a4d1d02108287b4bc13580e8043259f0d50191a1c 585cb311e217e52732d79b6f80fc6f5e4429ee1f625b3585f87049fc5e36b3d9 71 1780542007]
# of transactions: 500
# of TXmig1s: 0
# of In1s: 0
# of Anns: 0
# of NSs: 0
blockHash: 
45c51e4a89b14273e8007bfcb2da5d7fda4feb70e7d673fb7aebf90c4d78ebb6

第71个块开始准备relay

[MVSS+] 目标片 S1 账户 9e9ff119553d7ad5d40d1cd4c39aba4901955470 块 71 SyncApplied 但尚无 new 上链，等待打包
[MVSS+] 目标片 S1 账户 96904d8c1f1c88dfb6cfba916396bf4beabcf454 块 71 SyncApplied 但尚无 new 上链，等待打包
[MVSS+] 目标片 S1 账户 f341cafc9ba3d91ef98c9ef811170c1c5f1ef28e 块 71 SyncApplied 但尚无 new 上链，等待打包
[Propose wait] S1 N0 spin=1 epoch=30 now=1780542007 InitTime=1780541947 lastpropose=1780542007 wallGap=60 need>=58 ok1=true lastGap=0 need>=2 ok2=false

第71个块结束relay

[Propose wait] S1 N0 spin=50 epoch=30 now=1780542008 InitTime=1780541947 lastpropose=1780542007 wallGap=61 need>=58 ok1=true lastGap=1 need>=2 ok2=false
[Propose] S1 N0 时间条件满足: epoch=30->31 now=1780542009 InitTime=1780541947 lastpropose=1780542007 wallGap=62>=58 lastGap=2>=2 → propose1
[Propose] S1 N0 等待 sequenceLock…
[Propose] S1 N0 已持有 sequenceLock，seqID=72 即将 propose1
[propose1] S1 N0 seq=72 Tx_pool.Queue_len=3400
left_count: 500
更新树花时间为: 17
写数据库IO花时间为: 29
编号为 72 的区块已加入本地区块链！curBlock: 
blockHeader: 
[45c51e4a89b14273e8007bfcb2da5d7fda4feb70e7d673fb7aebf90c4d78ebb6 ec8a4c7253cb27720d2e977a4d1d02108287b4bc13580e8043259f0d50191a1c 0bd7d09fb1a7db771e4b148a894a4bf73768ceb500bf65ab078b9924f66bf582 72 1780542009]
# of transactions: 500
# of TXmig1s: 0
# of In1s: 0
# of Anns: 0
# of NSs: 0
blockHash: 
ee48f30c9c93a8376ee62a6db6d67333e3629674455e0df8d10e4967a13ea717

第72个块开始准备relay

[MVSS+] 目标片 S1 账户 9e9ff119553d7ad5d40d1cd4c39aba4901955470 块 72 SyncApplied 但尚无 new 上链，等待打包
[MVSS+] 目标片 S1 账户 96904d8c1f1c88dfb6cfba916396bf4beabcf454 块 72 SyncApplied 但尚无 new 上链，等待打包
[MVSS+] 目标片 S1 账户 f341cafc9ba3d91ef98c9ef811170c1c5f1ef28e 块 72 SyncApplied 但尚无 new 上链，等待打包
[Propose wait] S1 N0 spin=1 epoch=31 now=1780542009 InitTime=1780541947 lastpropose=1780542009 wallGap=62 need>=60 ok1=true lastGap=0 need>=2 ok2=false

第72个块结束relay

[Propose wait] S1 N0 spin=50 epoch=31 now=1780542010 InitTime=1780541947 lastpropose=1780542009 wallGap=63 need>=60 ok1=true lastGap=1 need>=2 ok2=false
[Propose] S1 N0 时间条件满足: epoch=31->32 now=1780542011 InitTime=1780541947 lastpropose=1780542009 wallGap=64>=60 lastGap=2>=2 → propose1
[Propose] S1 N0 等待 sequenceLock…
[Propose] S1 N0 已持有 sequenceLock，seqID=73 即将 propose1
[propose1] S1 N0 seq=73 Tx_pool.Queue_len=2900
left_count: 500
更新树花时间为: 18
写数据库IO花时间为: 29
编号为 73 的区块已加入本地区块链！curBlock: 
blockHeader: 
[ee48f30c9c93a8376ee62a6db6d67333e3629674455e0df8d10e4967a13ea717 abcfe5985d9525f75daf14d6b08734c5951e81866f8dd59f2c3eaa68e8479ff3 e5c18806670435be5a51b5daa0e0d9d56be570f7b4be09324cecfb69ba21ae61 73 1780542011]
# of transactions: 500
# of TXmig1s: 0
# of In1s: 0
# of Anns: 0
# of NSs: 0
blockHash: 
e7276f3a5360a585bb8545b2e2f33f06bbbba660f70f3139ce99ca64ba2194c2

第73个块开始准备relay

[MVSS+] 目标片 S1 账户 9e9ff119553d7ad5d40d1cd4c39aba4901955470 块 73 SyncApplied 但尚无 new 上链，等待打包
[MVSS+] 目标片 S1 账户 96904d8c1f1c88dfb6cfba916396bf4beabcf454 块 73 SyncApplied 但尚无 new 上链，等待打包
[MVSS+] 目标片 S1 账户 f341cafc9ba3d91ef98c9ef811170c1c5f1ef28e 块 73 SyncApplied 但尚无 new 上链，等待打包
[Propose wait] S1 N0 spin=1 epoch=32 now=1780542011 InitTime=1780541947 lastpropose=1780542011 wallGap=64 need>=62 ok1=true lastGap=0 need>=2 ok2=false

第73个块结束relay

[Propose wait] S1 N0 spin=50 epoch=32 now=1780542012 InitTime=1780541947 lastpropose=1780542011 wallGap=65 need>=62 ok1=true lastGap=1 need>=2 ok2=false
[Propose] S1 N0 时间条件满足: epoch=32->33 now=1780542013 InitTime=1780541947 lastpropose=1780542011 wallGap=66>=62 lastGap=2>=2 → propose1
[Propose] S1 N0 等待 sequenceLock…
[Propose] S1 N0 已持有 sequenceLock，seqID=74 即将 propose1
[propose1] S1 N0 seq=74 Tx_pool.Queue_len=2400
left_count: 500
更新树花时间为: 25
写数据库IO花时间为: 35
编号为 74 的区块已加入本地区块链！curBlock: 
blockHeader: 
[e7276f3a5360a585bb8545b2e2f33f06bbbba660f70f3139ce99ca64ba2194c2 1eaca0495e59c511d498c2b80b5d8f3e4ee7aa83ed12a0fe78da86698751c463 ebe4589b9d41e32a63f2c28801ea7c382b0337112338e7a83b1401490ff9ca21 74 1780542013]
# of transactions: 500
# of TXmig1s: 0
# of In1s: 0
# of Anns: 0
# of NSs: 0
blockHash: 
c98de6d71f2a1905052d134d25f3dee8de7e1e0d0fa6f7c242178032e4220f65

第74个块开始准备relay

[MVSS+] 目标片 S1 账户 96904d8c1f1c88dfb6cfba916396bf4beabcf454 块 74 SyncApplied 但尚无 new 上链，等待打包
[MVSS+] 目标片 S1 账户 9e9ff119553d7ad5d40d1cd4c39aba4901955470 块 74 SyncApplied 但尚无 new 上链，等待打包
[MVSS+] 目标片 S1 账户 f341cafc9ba3d91ef98c9ef811170c1c5f1ef28e 块 74 SyncApplied 但尚无 new 上链，等待打包
[Propose wait] S1 N0 spin=1 epoch=33 now=1780542013 InitTime=1780541947 lastpropose=1780542013 wallGap=66 need>=64 ok1=true lastGap=0 need>=2 ok2=false

第74个块结束relay

[Propose wait] S1 N0 spin=50 epoch=33 now=1780542014 InitTime=1780541947 lastpropose=1780542013 wallGap=67 need>=64 ok1=true lastGap=1 need>=2 ok2=false
[Propose] S1 N0 时间条件满足: epoch=33->34 now=1780542015 InitTime=1780541947 lastpropose=1780542013 wallGap=68>=64 lastGap=2>=2 → propose1
[Propose] S1 N0 等待 sequenceLock…
[Propose] S1 N0 已持有 sequenceLock，seqID=75 即将 propose1
[propose1] S1 N0 seq=75 Tx_pool.Queue_len=1900
left_count: 500
更新树花时间为: 26
写数据库IO花时间为: 43
编号为 75 的区块已加入本地区块链！curBlock: 
blockHeader: 
[c98de6d71f2a1905052d134d25f3dee8de7e1e0d0fa6f7c242178032e4220f65 70727c9e1a61f2313068c476f24c134459829d1aae697cc4172f6e09d36cfde6 34eacc83d57a94caa0dc92a2e0b1c669f5e2af95bfef52b1e1e39ef6eba2f2a8 75 1780542015]
# of transactions: 500
# of TXmig1s: 0
# of In1s: 0
# of Anns: 0
# of NSs: 0
blockHash: 
65d937d8a58844836cf11ceb50cb40f6bf0940e06b1258b0749dbb540aafdcb9

第75个块开始准备relay

[MVSS+] 目标片 S1 账户 96904d8c1f1c88dfb6cfba916396bf4beabcf454 块 75 SyncApplied 但尚无 new 上链，等待打包
[MVSS+] 目标片 S1 账户 9e9ff119553d7ad5d40d1cd4c39aba4901955470 块 75 SyncApplied 但尚无 new 上链，等待打包
[MVSS+] 目标片 S1 账户 f341cafc9ba3d91ef98c9ef811170c1c5f1ef28e 块 75 SyncApplied 但尚无 new 上链，等待打包
[Propose wait] S1 N0 spin=1 epoch=34 now=1780542015 InitTime=1780541947 lastpropose=1780542015 wallGap=68 need>=66 ok1=true lastGap=0 need>=2 ok2=false

第75个块结束relay

[Propose wait] S1 N0 spin=50 epoch=34 now=1780542016 InitTime=1780541947 lastpropose=1780542015 wallGap=69 need>=66 ok1=true lastGap=1 need>=2 ok2=false
[Propose] S1 N0 时间条件满足: epoch=34->35 now=1780542017 InitTime=1780541947 lastpropose=1780542015 wallGap=70>=66 lastGap=2>=2 → propose1
[Propose] S1 N0 等待 sequenceLock…
[Propose] S1 N0 已持有 sequenceLock，seqID=76 即将 propose1
[propose1] S1 N0 seq=76 Tx_pool.Queue_len=1400
left_count: 500
更新树花时间为: 32
写数据库IO花时间为: 47
编号为 76 的区块已加入本地区块链！curBlock: 
blockHeader: 
[65d937d8a58844836cf11ceb50cb40f6bf0940e06b1258b0749dbb540aafdcb9 8d95ec4d241c5ba7b78be0825587ffac89a2e864b0cd2c32880ffa6afa259fc4 36134f2a1e4e9f8d3043544882668e21bc80632336104c005d5f6795bd20692b 76 1780542017]
# of transactions: 500
# of TXmig1s: 0
# of In1s: 0
# of Anns: 0
# of NSs: 0
blockHash: 
617f7e7effd11810bdb4be46feb89448d6c32cd957c8a6eefb625636e5b4f1ff

第76个块开始准备relay

[MVSS+] 目标片 S1 账户 96904d8c1f1c88dfb6cfba916396bf4beabcf454 块 76 SyncApplied 但尚无 new 上链，等待打包
[MVSS+] 目标片 S1 账户 f341cafc9ba3d91ef98c9ef811170c1c5f1ef28e 块 76 SyncApplied 但尚无 new 上链，等待打包
[MVSS+] 目标片 S1 账户 9e9ff119553d7ad5d40d1cd4c39aba4901955470 块 76 SyncApplied 但尚无 new 上链，等待打包
[Propose wait] S1 N0 spin=1 epoch=35 now=1780542017 InitTime=1780541947 lastpropose=1780542017 wallGap=70 need>=68 ok1=true lastGap=0 need>=2 ok2=false

第76个块结束relay

[Propose wait] S1 N0 spin=50 epoch=35 now=1780542018 InitTime=1780541947 lastpropose=1780542017 wallGap=71 need>=68 ok1=true lastGap=1 need>=2 ok2=false
[Propose] S1 N0 时间条件满足: epoch=35->36 now=1780542019 InitTime=1780541947 lastpropose=1780542017 wallGap=72>=68 lastGap=2>=2 → propose1
[Propose] S1 N0 等待 sequenceLock…
[Propose] S1 N0 已持有 sequenceLock，seqID=77 即将 propose1
[propose1] S1 N0 seq=77 Tx_pool.Queue_len=900
left_count: 500
更新树花时间为: 19
写数据库IO花时间为: 36
编号为 77 的区块已加入本地区块链！curBlock: 
blockHeader: 
[617f7e7effd11810bdb4be46feb89448d6c32cd957c8a6eefb625636e5b4f1ff 8d95ec4d241c5ba7b78be0825587ffac89a2e864b0cd2c32880ffa6afa259fc4 f067eeae1556480ce64e45fa678a0075e19d0f2b6e88668eedef153f788b009c 77 1780542019]
# of transactions: 500
# of TXmig1s: 0
# of In1s: 0
# of Anns: 0
# of NSs: 0
blockHash: 
7fbd3851aeb032f2ed9543dd66f26db1fa9f8917079b902d9bf4e4127ecb8887

第77个块开始准备relay

[MVSS+] 目标片 S1 账户 f341cafc9ba3d91ef98c9ef811170c1c5f1ef28e 块 77 SyncApplied 但尚无 new 上链，等待打包
[MVSS+] 目标片 S1 账户 9e9ff119553d7ad5d40d1cd4c39aba4901955470 块 77 SyncApplied 但尚无 new 上链，等待打包
[MVSS+] 目标片 S1 账户 96904d8c1f1c88dfb6cfba916396bf4beabcf454 块 77 SyncApplied 但尚无 new 上链，等待打包
[Propose wait] S1 N0 spin=1 epoch=36 now=1780542019 InitTime=1780541947 lastpropose=1780542019 wallGap=72 need>=70 ok1=true lastGap=0 need>=2 ok2=false

第77个块结束relay

[Propose wait] S1 N0 spin=50 epoch=36 now=1780542020 InitTime=1780541947 lastpropose=1780542019 wallGap=73 need>=70 ok1=true lastGap=1 need>=2 ok2=false
[Propose] S1 N0 时间条件满足: epoch=36->37 now=1780542021 InitTime=1780541947 lastpropose=1780542019 wallGap=74>=70 lastGap=2>=2 → propose1
[Propose] S1 N0 等待 sequenceLock…
[Propose] S1 N0 已持有 sequenceLock，seqID=78 即将 propose1
[propose1] S1 N0 seq=78 Tx_pool.Queue_len=400
left_count: 500
更新树花时间为: 24
写数据库IO花时间为: 31
编号为 78 的区块已加入本地区块链！curBlock: 
blockHeader: 
[7fbd3851aeb032f2ed9543dd66f26db1fa9f8917079b902d9bf4e4127ecb8887 10096d3d01c6c23a0b4200aeb42d08cf5baf9658d7315730cb71be95958826ec dcf3c5ad8dde3ac1e9ed189260a9b4c567b143ec7fae5e5bf96a8cbe00286850 78 1780542021]
# of transactions: 400
# of TXmig1s: 0
# of In1s: 0
# of Anns: 0
# of NSs: 0
blockHash: 
f96d2102eeb9377977aac1ab638dbe3683c323372787587bf23ddb0425bf29de

第78个块开始准备relay

[MVSS+] 目标片 S1 账户 f341cafc9ba3d91ef98c9ef811170c1c5f1ef28e 块 78 SyncApplied 但尚无 new 上链，等待打包
[MVSS+] 目标片 S1 账户 9e9ff119553d7ad5d40d1cd4c39aba4901955470 块 78 SyncApplied 但尚无 new 上链，等待打包
[MVSS+] 目标片 S1 账户 96904d8c1f1c88dfb6cfba916396bf4beabcf454 块 78 SyncApplied 但尚无 new 上链，等待打包
[Propose wait] S1 N0 spin=1 epoch=37 now=1780542021 InitTime=1780541947 lastpropose=1780542021 wallGap=74 need>=72 ok1=true lastGap=0 need>=2 ok2=false

第78个块结束relay

[Propose wait] S1 N0 spin=50 epoch=37 now=1780542022 InitTime=1780541947 lastpropose=1780542021 wallGap=75 need>=72 ok1=true lastGap=1 need>=2 ok2=false
[Propose] S1 N0 时间条件满足: epoch=37->38 now=1780542023 InitTime=1780541947 lastpropose=1780542021 wallGap=76>=72 lastGap=2>=2 → propose1
[Propose] S1 N0 等待 sequenceLock…
[Propose] S1 N0 已持有 sequenceLock，seqID=79 即将 propose1
[propose1] S1 N0 seq=79 Tx_pool.Queue_len=0
left_count: 500
更新树花时间为: 0
写数据库IO花时间为: 18
编号为 79 的区块已加入本地区块链！curBlock: 
blockHeader: 
[f96d2102eeb9377977aac1ab638dbe3683c323372787587bf23ddb0425bf29de 10096d3d01c6c23a0b4200aeb42d08cf5baf9658d7315730cb71be95958826ec 56e81f171bcc55a6ff8345e692c0f86e5b48e01b996cadc001622fb5e363b421 79 1780542023]
# of transactions: 0
# of TXmig1s: 0
# of In1s: 0
# of Anns: 0
# of NSs: 0
blockHash: 
7e3b40a1e0650cec6f8cb52324aa75517e75e97d4c33ac17b3b8dead1608459c
[MVSS+] 目标片 S1 账户 f341cafc9ba3d91ef98c9ef811170c1c5f1ef28e 块 79 SyncApplied 但尚无 new 上链，等待打包
[MVSS+] 目标片 S1 账户 9e9ff119553d7ad5d40d1cd4c39aba4901955470 块 79 SyncApplied 但尚无 new 上链，等待打包
[MVSS+] 目标片 S1 账户 96904d8c1f1c88dfb6cfba916396bf4beabcf454 块 79 SyncApplied 但尚无 new 上链，等待打包
[Propose wait] S1 N0 spin=1 epoch=38 now=1780542023 InitTime=1780541947 lastpropose=1780542023 wallGap=76 need>=74 ok1=true lastGap=0 need>=2 ok2=false
[Propose wait] S1 N0 spin=50 epoch=38 now=1780542024 InitTime=1780541947 lastpropose=1780542023 wallGap=77 need>=74 ok1=true lastGap=1 need>=2 ok2=false
[Propose] S1 N0 时间条件满足: epoch=38->39 now=1780542025 InitTime=1780541947 lastpropose=1780542023 wallGap=78>=74 lastGap=2>=2 → propose1
[Propose] S1 N0 等待 sequenceLock…
[Propose] S1 N0 已持有 sequenceLock，seqID=80 即将 propose1
[propose1] S1 N0 seq=80 Tx_pool.Queue_len=0
left_count: 500
更新树花时间为: 0
写数据库IO花时间为: 10
编号为 80 的区块已加入本地区块链！curBlock: 
blockHeader: 
[7e3b40a1e0650cec6f8cb52324aa75517e75e97d4c33ac17b3b8dead1608459c 10096d3d01c6c23a0b4200aeb42d08cf5baf9658d7315730cb71be95958826ec 56e81f171bcc55a6ff8345e692c0f86e5b48e01b996cadc001622fb5e363b421 80 1780542025]
# of transactions: 0
# of TXmig1s: 0
# of In1s: 0
# of Anns: 0
# of NSs: 0
blockHash: 
467b8bfe4ee5b4b5c78b52f345fdda2ee8471fe9f141afbea6d352b9852ef945
[MVSS+] 目标片 S1 账户 96904d8c1f1c88dfb6cfba916396bf4beabcf454 块 80 SyncApplied 但尚无 new 上链，等待打包
[MVSS+] 目标片 S1 账户 f341cafc9ba3d91ef98c9ef811170c1c5f1ef28e 块 80 SyncApplied 但尚无 new 上链，等待打包
[MVSS+] 目标片 S1 账户 9e9ff119553d7ad5d40d1cd4c39aba4901955470 块 80 SyncApplied 但尚无 new 上链，等待打包
[Propose wait] S1 N0 spin=1 epoch=39 now=1780542025 InitTime=1780541947 lastpropose=1780542025 wallGap=78 need>=76 ok1=true lastGap=0 need>=2 ok2=false
[Propose wait] S1 N0 spin=50 epoch=39 now=1780542026 InitTime=1780541947 lastpropose=1780542025 wallGap=79 need>=76 ok1=true lastGap=1 need>=2 ok2=false
[Propose] S1 N0 时间条件满足: epoch=39->40 now=1780542027 InitTime=1780541947 lastpropose=1780542025 wallGap=80>=76 lastGap=2>=2 → propose1
[Propose] S1 N0 等待 sequenceLock…
[Propose] S1 N0 已持有 sequenceLock，seqID=81 即将 propose1
[propose1] S1 N0 seq=81 Tx_pool.Queue_len=0
left_count: 500
更新树花时间为: 1
写数据库IO花时间为: 26
编号为 81 的区块已加入本地区块链！curBlock: 
blockHeader: 
[467b8bfe4ee5b4b5c78b52f345fdda2ee8471fe9f141afbea6d352b9852ef945 10096d3d01c6c23a0b4200aeb42d08cf5baf9658d7315730cb71be95958826ec 56e81f171bcc55a6ff8345e692c0f86e5b48e01b996cadc001622fb5e363b421 81 1780542027]
# of transactions: 0
# of TXmig1s: 0
# of In1s: 0
# of Anns: 0
# of NSs: 0
blockHash: 
c42ad326e787f37a3bc32a564bb4f507f2c73f30e9c1698fa2994373e1ac5ac9
[MVSS+] 目标片 S1 账户 9e9ff119553d7ad5d40d1cd4c39aba4901955470 块 81 SyncApplied 但尚无 new 上链，等待打包
[MVSS+] 目标片 S1 账户 f341cafc9ba3d91ef98c9ef811170c1c5f1ef28e 块 81 SyncApplied 但尚无 new 上链，等待打包
[MVSS+] 目标片 S1 账户 96904d8c1f1c88dfb6cfba916396bf4beabcf454 块 81 SyncApplied 但尚无 new 上链，等待打包
[Propose wait] S1 N0 spin=1 epoch=40 now=1780542027 InitTime=1780541947 lastpropose=1780542027 wallGap=80 need>=78 ok1=true lastGap=0 need>=2 ok2=false
[Propose wait] S1 N0 spin=50 epoch=40 now=1780542028 InitTime=1780541947 lastpropose=1780542027 wallGap=81 need>=78 ok1=true lastGap=1 need>=2 ok2=false
[Propose] S1 N0 时间条件满足: epoch=40->41 now=1780542029 InitTime=1780541947 lastpropose=1780542027 wallGap=82>=78 lastGap=2>=2 → propose1
[Propose] S1 N0 等待 sequenceLock…
[Propose] S1 N0 已持有 sequenceLock，seqID=82 即将 propose1
[propose1] S1 N0 seq=82 Tx_pool.Queue_len=0
left_count: 500
更新树花时间为: 0
写数据库IO花时间为: 29
编号为 82 的区块已加入本地区块链！curBlock: 
blockHeader: 
[c42ad326e787f37a3bc32a564bb4f507f2c73f30e9c1698fa2994373e1ac5ac9 10096d3d01c6c23a0b4200aeb42d08cf5baf9658d7315730cb71be95958826ec 56e81f171bcc55a6ff8345e692c0f86e5b48e01b996cadc001622fb5e363b421 82 1780542029]
# of transactions: 0
# of TXmig1s: 0
# of In1s: 0
# of Anns: 0
# of NSs: 0
blockHash: 
810c64d64146a4d3e840e8a4ae7b4dc68e3cf552f4be5b5b61334c00e82b3a36
[MVSS+] 目标片 S1 账户 9e9ff119553d7ad5d40d1cd4c39aba4901955470 块 82 SyncApplied 但尚无 new 上链，等待打包
[MVSS+] 目标片 S1 账户 f341cafc9ba3d91ef98c9ef811170c1c5f1ef28e 块 82 SyncApplied 但尚无 new 上链，等待打包
[MVSS+] 目标片 S1 账户 96904d8c1f1c88dfb6cfba916396bf4beabcf454 块 82 SyncApplied 但尚无 new 上链，等待打包
[Propose wait] S1 N0 spin=1 epoch=41 now=1780542029 InitTime=1780541947 lastpropose=1780542029 wallGap=82 need>=80 ok1=true lastGap=0 need>=2 ok2=false
[Propose wait] S1 N0 spin=50 epoch=41 now=1780542030 InitTime=1780541947 lastpropose=1780542029 wallGap=83 need>=80 ok1=true lastGap=1 need>=2 ok2=false
[Propose] S1 N0 时间条件满足: epoch=41->42 now=1780542031 InitTime=1780541947 lastpropose=1780542029 wallGap=84>=80 lastGap=2>=2 → propose1
[Propose] S1 N0 等待 sequenceLock…
[Propose] S1 N0 已持有 sequenceLock，seqID=83 即将 propose1
[propose1] S1 N0 seq=83 Tx_pool.Queue_len=0
left_count: 500
更新树花时间为: 0
写数据库IO花时间为: 32
编号为 83 的区块已加入本地区块链！curBlock: 
blockHeader: 
[810c64d64146a4d3e840e8a4ae7b4dc68e3cf552f4be5b5b61334c00e82b3a36 10096d3d01c6c23a0b4200aeb42d08cf5baf9658d7315730cb71be95958826ec 56e81f171bcc55a6ff8345e692c0f86e5b48e01b996cadc001622fb5e363b421 83 1780542031]
# of transactions: 0
# of TXmig1s: 0
# of In1s: 0
# of Anns: 0
# of NSs: 0
blockHash: 
b7057e7a999005d91e4754c02863d582f16d3a8f22ba732f0e271ee718832d9d
[MVSS+] 目标片 S1 账户 f341cafc9ba3d91ef98c9ef811170c1c5f1ef28e 块 83 SyncApplied 但尚无 new 上链，等待打包
[MVSS+] 目标片 S1 账户 96904d8c1f1c88dfb6cfba916396bf4beabcf454 块 83 SyncApplied 但尚无 new 上链，等待打包
[MVSS+] 目标片 S1 账户 9e9ff119553d7ad5d40d1cd4c39aba4901955470 块 83 SyncApplied 但尚无 new 上链，等待打包
[Propose wait] S1 N0 spin=1 epoch=42 now=1780542031 InitTime=1780541947 lastpropose=1780542031 wallGap=84 need>=82 ok1=true lastGap=0 need>=2 ok2=false
[Propose wait] S1 N0 spin=50 epoch=42 now=1780542032 InitTime=1780541947 lastpropose=1780542031 wallGap=85 need>=82 ok1=true lastGap=1 need>=2 ok2=false
[Propose] S1 N0 时间条件满足: epoch=42->43 now=1780542033 InitTime=1780541947 lastpropose=1780542031 wallGap=86>=82 lastGap=2>=2 → propose1
[Propose] S1 N0 等待 sequenceLock…
[Propose] S1 N0 已持有 sequenceLock，seqID=84 即将 propose1
[propose1] S1 N0 seq=84 Tx_pool.Queue_len=0
left_count: 500
更新树花时间为: 0
写数据库IO花时间为: 29
编号为 84 的区块已加入本地区块链！curBlock: 
blockHeader: 
[b7057e7a999005d91e4754c02863d582f16d3a8f22ba732f0e271ee718832d9d 10096d3d01c6c23a0b4200aeb42d08cf5baf9658d7315730cb71be95958826ec 56e81f171bcc55a6ff8345e692c0f86e5b48e01b996cadc001622fb5e363b421 84 1780542033]
# of transactions: 0
# of TXmig1s: 0
# of In1s: 0
# of Anns: 0
# of NSs: 0
blockHash: 
2a099e4bf09c046ab0d629de74ec2ff07fda9f45acc8b348963b989ed91bfe1c
[MVSS+] 目标片 S1 账户 96904d8c1f1c88dfb6cfba916396bf4beabcf454 块 84 SyncApplied 但尚无 new 上链，等待打包
[MVSS+] 目标片 S1 账户 f341cafc9ba3d91ef98c9ef811170c1c5f1ef28e 块 84 SyncApplied 但尚无 new 上链，等待打包
[MVSS+] 目标片 S1 账户 9e9ff119553d7ad5d40d1cd4c39aba4901955470 块 84 SyncApplied 但尚无 new 上链，等待打包
[Propose wait] S1 N0 spin=1 epoch=43 now=1780542033 InitTime=1780541947 lastpropose=1780542033 wallGap=86 need>=84 ok1=true lastGap=0 need>=2 ok2=false
节点收到终止节点消息，停止运行
